12.7510 	EXP 	Created window1 = Window(allowGUI=False, allowStencil=False, args=UNKNOWN, autoLog=True, bitsMode=UNKNOWN, blendMode='avg', color=array([-1., -1., -1.]), colorSpace='rgb', fullscr=UNKNOWN, gamma=None, kwargs=UNKNOWN, lms=UNKNOWN, monitor=<psychopy.monitors.calibTools.Monitor object at 0x1143b1790>, multiSample=False, name='window1', numSamples=2, pos=[0, 0], screen=0, size=array([1024,  768]), stereo=False, units=u'norm', useFBO=True, useRetina=False, viewOri=0.0, viewPos=None, viewScale=None, waitBlanking=True, winType=u'pyglet')
12.7510 	EXP 	window1: recordFrameIntervals = False
12.9172 	EXP 	window1: recordFrameIntervals = True
13.1008 	EXP 	window1: recordFrameIntervals = False
13.1059 	EXP 	<method-wrapper '__getattribute__' of attributeSetter object at 0x104b27750>: vertices = array([[-0.25,  0.25],
       [ 0.25,  0.25],
       [ 0.25, -0.25],
       [-0.25, -0.25]])
13.1070 	EXP 	Created whitesquare = Rect(autoDraw=False, autoLog=True, closeShape=True, contrast=1.0, depth=0.0, fillColor=array([1., 1., 1.]), fillColorSpace='rgb', fillRGB=array([1., 1., 1.]), interpolate=True, lineColor=array([1., 1., 1.]), lineColorSpace='rgb', lineRGB=array([1., 1., 1.]), lineWidth=1, name='whitesquare', opacity=0.9, ori=array(0.), pos=array([14.9, 11.2]), size=array([1., 1.]), units='cm', vertices=ndarray(...), win=Window(...))
13.2406 	EXP 	Created intro_text = TextStim(alignHoriz='center', alignVert='center', antialias=True, autoLog=True, bold=False, color='white', colorSpace='named', contrast=1.0, depth=0.0, flipHoriz=False, flipVert=False, font='Arial', fontFiles=[], height=0.1, italic=False, name='intro_text', opacity=1.0, ori=0, pos=array([0., 0.]), rgb=array([255., 255., 255.]), text=newstr(...), units=u'norm', win=Window(...), wrapWidth=1)
13.3508 	EXP 	Created intro_text = TextStim(alignHoriz='center', alignVert='center', antialias=True, autoLog=True, bold=False, color='white', colorSpace='named', contrast=1.0, depth=0.0, flipHoriz=False, flipVert=False, font='Arial', fontFiles=[], height=0.1, italic=False, name='intro_text', opacity=1.0, ori=0, pos=array([0., 0.]), rgb=array([255., 255., 255.]), text=newstr(...), units=u'norm', win=Window(...), wrapWidth=1)
13.3522 	EXP 	Created center = ShapeStim(autoDraw=False, autoLog=True, closeShape=True, contrast=1.0, depth=0.0, fillColor=array([1., 1., 1.]), fillColorSpace='rgb', interpolate=True, lineColor=array([1., 1., 1.]), lineColorSpace='rgb', lineWidth=1, name='center', opacity=1.0, ori=array(0.), pos=array([0., 0.]), size=array([0.5, 0.5]), units='cm', vertices=ndarray(...), win=Window(...), windingRule=None)
13.3536 	EXP 	Created left = ShapeStim(autoDraw=False, autoLog=True, closeShape=True, contrast=1.0, depth=0.0, fillColor=array([1., 1., 1.]), fillColorSpace='rgb', interpolate=True, lineColor=array([1., 1., 1.]), lineColorSpace='rgb', lineWidth=1, name='left', opacity=1.0, ori=array(0.), pos=array([-13.,   0.]), size=array([0.5, 0.5]), units='cm', vertices=ndarray(...), win=Window(...), windingRule=None)
13.3549 	EXP 	Created right = ShapeStim(autoDraw=False, autoLog=True, closeShape=True, contrast=1.0, depth=0.0, fillColor=array([1., 1., 1.]), fillColorSpace='rgb', interpolate=True, lineColor=array([1., 1., 1.]), lineColorSpace='rgb', lineWidth=1, name='right', opacity=1.0, ori=array(0.), pos=array([13.,  0.]), size=array([0.5, 0.5]), units='cm', vertices=ndarray(...), win=Window(...), windingRule=None)
13.3562 	EXP 	Created up = ShapeStim(autoDraw=False, autoLog=True, closeShape=True, contrast=1.0, depth=0.0, fillColor=array([1., 1., 1.]), fillColorSpace='rgb', interpolate=True, lineColor=array([1., 1., 1.]), lineColorSpace='rgb', lineWidth=1, name='up', opacity=1.0, ori=array(0.), pos=array([ 0., 10.]), size=array([0.5, 0.5]), units='cm', vertices=ndarray(...), win=Window(...), windingRule=None)
13.3575 	EXP 	Created down = ShapeStim(autoDraw=False, autoLog=True, closeShape=True, contrast=1.0, depth=0.0, fillColor=array([1., 1., 1.]), fillColorSpace='rgb', interpolate=True, lineColor=array([1., 1., 1.]), lineColorSpace='rgb', lineWidth=1, name='down', opacity=1.0, ori=array(0.), pos=array([  0., -10.]), size=array([0.5, 0.5]), units='cm', vertices=ndarray(...), win=Window(...), windingRule=None)
13.3602 	EXP 	Created blank = TextStim(alignHoriz='center', alignVert='center', antialias=True, autoLog=True, bold=False, color='white', colorSpace='named', contrast=1.0, depth=-1.0, flipHoriz=False, flipVert=False, font='Arial', fontFiles=[], height=0.1, italic=False, name='blank', opacity=1.0, ori=0, pos=array([0., 0.]), rgb=array([255., 255., 255.]), text=' ', units=u'norm', win=Window(...), wrapWidth=1)
13.3785 	EXP 	Set  sound=./sound/close_speak.wav
13.3785 	EXP 	Set Sound  volume=1.000
13.3787 	EXP 	Set  sound=./sound/open_speak.wav
13.3787 	EXP 	Set Sound  volume=1.000
13.3790 	EXP 	Set  sound=./sound/blink_speak.wav
13.3790 	EXP 	Set Sound  volume=1.000
13.3791 	EXP 	Set  sound=./sound/left_speak.wav
13.3791 	EXP 	Set Sound  volume=1.000
13.3792 	EXP 	Set  sound=./sound/right_speak.wav
13.3793 	EXP 	Set Sound  volume=1.000
13.3795 	EXP 	Set  sound=./sound/up_speak.wav
13.3795 	EXP 	Set Sound  volume=1.000
13.3797 	EXP 	Set  sound=./sound/down_speak.wav
13.3797 	EXP 	Set Sound  volume=1.000
13.3965 	EXP 	Created esc = TextStim(alignHoriz='center', alignVert='center', antialias=True, autoLog=True, bold=False, color='white', colorSpace='named', contrast=1.0, depth=0.0, flipHoriz=False, flipVert=False, font='Arial', fontFiles=[], height=0.1, italic=False, name='esc', opacity=1.0, ori=0, pos=array([0., 0.]), rgb=array([255., 255., 255.]), text="End of test\n\nPress 'esc'", units=u'norm', win=Window(...), wrapWidth=1)
13.4057 	EXP 	intro_text: autoDraw = True
13.4057 	EXP 	whitesquare: autoDraw = True
16.5367 	DATA 	Keypress: space
16.5792 	DATA 	intS | frame count: -1
16.5896 	EXP 	intro_text: autoDraw = False
16.5896 	EXP 	whitesquare: autoDraw = False
16.5896 	EXP 	intro_text: autoDraw = True
21.3184 	DATA 	Keypress: space
21.3290 	DATA 	intE | frame count: 285
21.3331 	EXP 	Set  sound=./sound/blink_speak.wav
21.3372 	DATA 	bliS | frame count: -1
21.3495 	EXP 	intro_text: autoDraw = False
21.3667 	EXP 	center: autoDraw = True
21.3667 	EXP 	left: autoDraw = True
21.3667 	EXP 	right: autoDraw = True
21.3667 	EXP 	up: autoDraw = True
21.3667 	EXP 	down: autoDraw = True
21.3836 	EXP 	center: autoDraw = True
21.3836 	EXP 	left: autoDraw = True
21.3836 	EXP 	right: autoDraw = True
21.3836 	EXP 	up: autoDraw = True
21.3836 	EXP 	down: autoDraw = True
21.3996 	EXP 	center: autoDraw = True
21.3996 	EXP 	left: autoDraw = True
21.3996 	EXP 	right: autoDraw = True
21.3996 	EXP 	up: autoDraw = True
21.3996 	EXP 	down: autoDraw = True
21.4165 	EXP 	center: autoDraw = True
21.4165 	EXP 	left: autoDraw = True
21.4165 	EXP 	right: autoDraw = True
21.4165 	EXP 	up: autoDraw = True
21.4165 	EXP 	down: autoDraw = True
21.4334 	EXP 	center: autoDraw = True
21.4334 	EXP 	left: autoDraw = True
21.4334 	EXP 	right: autoDraw = True
21.4334 	EXP 	up: autoDraw = True
21.4334 	EXP 	down: autoDraw = True
21.4502 	EXP 	center: autoDraw = True
21.4502 	EXP 	left: autoDraw = True
21.4502 	EXP 	right: autoDraw = True
21.4502 	EXP 	up: autoDraw = True
21.4502 	EXP 	down: autoDraw = True
21.4666 	EXP 	center: autoDraw = True
21.4666 	EXP 	left: autoDraw = True
21.4666 	EXP 	right: autoDraw = True
21.4666 	EXP 	up: autoDraw = True
21.4666 	EXP 	down: autoDraw = True
21.4833 	EXP 	center: autoDraw = True
21.4833 	EXP 	left: autoDraw = True
21.4833 	EXP 	right: autoDraw = True
21.4833 	EXP 	up: autoDraw = True
21.4833 	EXP 	down: autoDraw = True
21.5001 	EXP 	center: autoDraw = True
21.5001 	EXP 	left: autoDraw = True
21.5001 	EXP 	right: autoDraw = True
21.5001 	EXP 	up: autoDraw = True
21.5001 	EXP 	down: autoDraw = True
21.5168 	EXP 	center: autoDraw = True
21.5168 	EXP 	left: autoDraw = True
21.5168 	EXP 	right: autoDraw = True
21.5168 	EXP 	up: autoDraw = True
21.5168 	EXP 	down: autoDraw = True
21.5335 	EXP 	center: autoDraw = True
21.5335 	EXP 	left: autoDraw = True
21.5335 	EXP 	right: autoDraw = True
21.5335 	EXP 	up: autoDraw = True
21.5335 	EXP 	down: autoDraw = True
21.5500 	EXP 	center: autoDraw = True
21.5500 	EXP 	left: autoDraw = True
21.5500 	EXP 	right: autoDraw = True
21.5500 	EXP 	up: autoDraw = True
21.5500 	EXP 	down: autoDraw = True
21.5667 	EXP 	center: autoDraw = True
21.5667 	EXP 	left: autoDraw = True
21.5667 	EXP 	right: autoDraw = True
21.5667 	EXP 	up: autoDraw = True
21.5667 	EXP 	down: autoDraw = True
21.5836 	EXP 	center: autoDraw = True
21.5836 	EXP 	left: autoDraw = True
21.5836 	EXP 	right: autoDraw = True
21.5836 	EXP 	up: autoDraw = True
21.5836 	EXP 	down: autoDraw = True
21.5999 	EXP 	center: autoDraw = True
21.5999 	EXP 	left: autoDraw = True
21.5999 	EXP 	right: autoDraw = True
21.5999 	EXP 	up: autoDraw = True
21.5999 	EXP 	down: autoDraw = True
21.6169 	EXP 	center: autoDraw = True
21.6169 	EXP 	left: autoDraw = True
21.6169 	EXP 	right: autoDraw = True
21.6169 	EXP 	up: autoDraw = True
21.6169 	EXP 	down: autoDraw = True
21.6334 	EXP 	center: autoDraw = True
21.6334 	EXP 	left: autoDraw = True
21.6334 	EXP 	right: autoDraw = True
21.6334 	EXP 	up: autoDraw = True
21.6334 	EXP 	down: autoDraw = True
21.6500 	EXP 	center: autoDraw = True
21.6500 	EXP 	left: autoDraw = True
21.6500 	EXP 	right: autoDraw = True
21.6500 	EXP 	up: autoDraw = True
21.6500 	EXP 	down: autoDraw = True
21.6665 	EXP 	center: autoDraw = True
21.6665 	EXP 	left: autoDraw = True
21.6665 	EXP 	right: autoDraw = True
21.6665 	EXP 	up: autoDraw = True
21.6665 	EXP 	down: autoDraw = True
21.6830 	EXP 	center: autoDraw = True
21.6830 	EXP 	left: autoDraw = True
21.6830 	EXP 	right: autoDraw = True
21.6830 	EXP 	up: autoDraw = True
21.6830 	EXP 	down: autoDraw = True
21.7000 	EXP 	center: autoDraw = True
21.7000 	EXP 	left: autoDraw = True
21.7000 	EXP 	right: autoDraw = True
21.7000 	EXP 	up: autoDraw = True
21.7000 	EXP 	down: autoDraw = True
21.7169 	EXP 	center: autoDraw = True
21.7169 	EXP 	left: autoDraw = True
21.7169 	EXP 	right: autoDraw = True
21.7169 	EXP 	up: autoDraw = True
21.7169 	EXP 	down: autoDraw = True
21.7332 	EXP 	center: autoDraw = True
21.7332 	EXP 	left: autoDraw = True
21.7332 	EXP 	right: autoDraw = True
21.7332 	EXP 	up: autoDraw = True
21.7332 	EXP 	down: autoDraw = True
21.7502 	EXP 	center: autoDraw = True
21.7502 	EXP 	left: autoDraw = True
21.7502 	EXP 	right: autoDraw = True
21.7502 	EXP 	up: autoDraw = True
21.7502 	EXP 	down: autoDraw = True
21.7666 	EXP 	center: autoDraw = True
21.7666 	EXP 	left: autoDraw = True
21.7666 	EXP 	right: autoDraw = True
21.7666 	EXP 	up: autoDraw = True
21.7666 	EXP 	down: autoDraw = True
21.7833 	EXP 	center: autoDraw = True
21.7833 	EXP 	left: autoDraw = True
21.7833 	EXP 	right: autoDraw = True
21.7833 	EXP 	up: autoDraw = True
21.7833 	EXP 	down: autoDraw = True
21.8002 	EXP 	center: autoDraw = True
21.8002 	EXP 	left: autoDraw = True
21.8002 	EXP 	right: autoDraw = True
21.8002 	EXP 	up: autoDraw = True
21.8002 	EXP 	down: autoDraw = True
21.8166 	EXP 	center: autoDraw = True
21.8166 	EXP 	left: autoDraw = True
21.8166 	EXP 	right: autoDraw = True
21.8166 	EXP 	up: autoDraw = True
21.8166 	EXP 	down: autoDraw = True
21.8334 	EXP 	center: autoDraw = True
21.8334 	EXP 	left: autoDraw = True
21.8334 	EXP 	right: autoDraw = True
21.8334 	EXP 	up: autoDraw = True
21.8334 	EXP 	down: autoDraw = True
21.8501 	EXP 	center: autoDraw = True
21.8501 	EXP 	left: autoDraw = True
21.8501 	EXP 	right: autoDraw = True
21.8501 	EXP 	up: autoDraw = True
21.8501 	EXP 	down: autoDraw = True
21.8663 	EXP 	center: autoDraw = True
21.8663 	EXP 	left: autoDraw = True
21.8663 	EXP 	right: autoDraw = True
21.8663 	EXP 	up: autoDraw = True
21.8663 	EXP 	down: autoDraw = True
21.8832 	EXP 	center: autoDraw = True
21.8832 	EXP 	left: autoDraw = True
21.8832 	EXP 	right: autoDraw = True
21.8832 	EXP 	up: autoDraw = True
21.8832 	EXP 	down: autoDraw = True
21.8999 	EXP 	center: autoDraw = True
21.8999 	EXP 	left: autoDraw = True
21.8999 	EXP 	right: autoDraw = True
21.8999 	EXP 	up: autoDraw = True
21.8999 	EXP 	down: autoDraw = True
21.9166 	EXP 	center: autoDraw = True
21.9166 	EXP 	left: autoDraw = True
21.9166 	EXP 	right: autoDraw = True
21.9166 	EXP 	up: autoDraw = True
21.9166 	EXP 	down: autoDraw = True
21.9335 	EXP 	center: autoDraw = True
21.9335 	EXP 	left: autoDraw = True
21.9335 	EXP 	right: autoDraw = True
21.9335 	EXP 	up: autoDraw = True
21.9335 	EXP 	down: autoDraw = True
21.9498 	EXP 	center: autoDraw = True
21.9498 	EXP 	left: autoDraw = True
21.9498 	EXP 	right: autoDraw = True
21.9498 	EXP 	up: autoDraw = True
21.9498 	EXP 	down: autoDraw = True
21.9667 	EXP 	center: autoDraw = True
21.9667 	EXP 	left: autoDraw = True
21.9667 	EXP 	right: autoDraw = True
21.9667 	EXP 	up: autoDraw = True
21.9667 	EXP 	down: autoDraw = True
21.9833 	EXP 	center: autoDraw = True
21.9833 	EXP 	left: autoDraw = True
21.9833 	EXP 	right: autoDraw = True
21.9833 	EXP 	up: autoDraw = True
21.9833 	EXP 	down: autoDraw = True
22.0001 	EXP 	center: autoDraw = True
22.0001 	EXP 	left: autoDraw = True
22.0001 	EXP 	right: autoDraw = True
22.0001 	EXP 	up: autoDraw = True
22.0001 	EXP 	down: autoDraw = True
22.0160 	EXP 	center: autoDraw = True
22.0160 	EXP 	left: autoDraw = True
22.0160 	EXP 	right: autoDraw = True
22.0160 	EXP 	up: autoDraw = True
22.0160 	EXP 	down: autoDraw = True
22.0332 	EXP 	center: autoDraw = True
22.0332 	EXP 	left: autoDraw = True
22.0332 	EXP 	right: autoDraw = True
22.0332 	EXP 	up: autoDraw = True
22.0332 	EXP 	down: autoDraw = True
22.0502 	EXP 	center: autoDraw = True
22.0502 	EXP 	left: autoDraw = True
22.0502 	EXP 	right: autoDraw = True
22.0502 	EXP 	up: autoDraw = True
22.0502 	EXP 	down: autoDraw = True
22.0665 	EXP 	center: autoDraw = True
22.0665 	EXP 	left: autoDraw = True
22.0665 	EXP 	right: autoDraw = True
22.0665 	EXP 	up: autoDraw = True
22.0665 	EXP 	down: autoDraw = True
22.0833 	EXP 	center: autoDraw = True
22.0833 	EXP 	left: autoDraw = True
22.0833 	EXP 	right: autoDraw = True
22.0833 	EXP 	up: autoDraw = True
22.0833 	EXP 	down: autoDraw = True
22.1000 	EXP 	center: autoDraw = True
22.1000 	EXP 	left: autoDraw = True
22.1000 	EXP 	right: autoDraw = True
22.1000 	EXP 	up: autoDraw = True
22.1000 	EXP 	down: autoDraw = True
22.1168 	EXP 	center: autoDraw = True
22.1168 	EXP 	left: autoDraw = True
22.1168 	EXP 	right: autoDraw = True
22.1168 	EXP 	up: autoDraw = True
22.1168 	EXP 	down: autoDraw = True
22.1330 	EXP 	center: autoDraw = True
22.1330 	EXP 	left: autoDraw = True
22.1330 	EXP 	right: autoDraw = True
22.1330 	EXP 	up: autoDraw = True
22.1330 	EXP 	down: autoDraw = True
22.1499 	EXP 	center: autoDraw = True
22.1499 	EXP 	left: autoDraw = True
22.1499 	EXP 	right: autoDraw = True
22.1499 	EXP 	up: autoDraw = True
22.1499 	EXP 	down: autoDraw = True
22.1667 	EXP 	center: autoDraw = True
22.1667 	EXP 	left: autoDraw = True
22.1667 	EXP 	right: autoDraw = True
22.1667 	EXP 	up: autoDraw = True
22.1667 	EXP 	down: autoDraw = True
22.1835 	EXP 	center: autoDraw = True
22.1835 	EXP 	left: autoDraw = True
22.1835 	EXP 	right: autoDraw = True
22.1835 	EXP 	up: autoDraw = True
22.1835 	EXP 	down: autoDraw = True
22.1996 	EXP 	center: autoDraw = True
22.1996 	EXP 	left: autoDraw = True
22.1996 	EXP 	right: autoDraw = True
22.1996 	EXP 	up: autoDraw = True
22.1996 	EXP 	down: autoDraw = True
22.2165 	EXP 	center: autoDraw = True
22.2165 	EXP 	left: autoDraw = True
22.2165 	EXP 	right: autoDraw = True
22.2165 	EXP 	up: autoDraw = True
22.2165 	EXP 	down: autoDraw = True
22.2333 	EXP 	center: autoDraw = True
22.2333 	EXP 	left: autoDraw = True
22.2333 	EXP 	right: autoDraw = True
22.2333 	EXP 	up: autoDraw = True
22.2333 	EXP 	down: autoDraw = True
22.2495 	EXP 	center: autoDraw = True
22.2495 	EXP 	left: autoDraw = True
22.2495 	EXP 	right: autoDraw = True
22.2495 	EXP 	up: autoDraw = True
22.2495 	EXP 	down: autoDraw = True
22.2665 	EXP 	center: autoDraw = True
22.2665 	EXP 	left: autoDraw = True
22.2665 	EXP 	right: autoDraw = True
22.2665 	EXP 	up: autoDraw = True
22.2665 	EXP 	down: autoDraw = True
22.2829 	EXP 	center: autoDraw = True
22.2829 	EXP 	left: autoDraw = True
22.2829 	EXP 	right: autoDraw = True
22.2829 	EXP 	up: autoDraw = True
22.2829 	EXP 	down: autoDraw = True
22.2999 	EXP 	center: autoDraw = True
22.2999 	EXP 	left: autoDraw = True
22.2999 	EXP 	right: autoDraw = True
22.2999 	EXP 	up: autoDraw = True
22.2999 	EXP 	down: autoDraw = True
22.3167 	EXP 	center: autoDraw = True
22.3167 	EXP 	left: autoDraw = True
22.3167 	EXP 	right: autoDraw = True
22.3167 	EXP 	up: autoDraw = True
22.3167 	EXP 	down: autoDraw = True
22.3332 	EXP 	center: autoDraw = True
22.3332 	EXP 	left: autoDraw = True
22.3332 	EXP 	right: autoDraw = True
22.3332 	EXP 	up: autoDraw = True
22.3332 	EXP 	down: autoDraw = True
22.3499 	EXP 	center: autoDraw = True
22.3499 	EXP 	left: autoDraw = True
22.3499 	EXP 	right: autoDraw = True
22.3499 	EXP 	up: autoDraw = True
22.3499 	EXP 	down: autoDraw = True
22.3668 	EXP 	center: autoDraw = True
22.3668 	EXP 	left: autoDraw = True
22.3668 	EXP 	right: autoDraw = True
22.3668 	EXP 	up: autoDraw = True
22.3668 	EXP 	down: autoDraw = True
22.3832 	EXP 	center: autoDraw = True
22.3832 	EXP 	left: autoDraw = True
22.3832 	EXP 	right: autoDraw = True
22.3832 	EXP 	up: autoDraw = True
22.3832 	EXP 	down: autoDraw = True
22.3991 	EXP 	center: autoDraw = True
22.3991 	EXP 	left: autoDraw = True
22.3991 	EXP 	right: autoDraw = True
22.3991 	EXP 	up: autoDraw = True
22.3991 	EXP 	down: autoDraw = True
22.4164 	EXP 	center: autoDraw = True
22.4164 	EXP 	left: autoDraw = True
22.4164 	EXP 	right: autoDraw = True
22.4164 	EXP 	up: autoDraw = True
22.4164 	EXP 	down: autoDraw = True
22.4333 	EXP 	center: autoDraw = True
22.4333 	EXP 	left: autoDraw = True
22.4333 	EXP 	right: autoDraw = True
22.4333 	EXP 	up: autoDraw = True
22.4333 	EXP 	down: autoDraw = True
22.4501 	EXP 	center: autoDraw = True
22.4501 	EXP 	left: autoDraw = True
22.4501 	EXP 	right: autoDraw = True
22.4501 	EXP 	up: autoDraw = True
22.4501 	EXP 	down: autoDraw = True
22.4665 	EXP 	center: autoDraw = True
22.4665 	EXP 	left: autoDraw = True
22.4665 	EXP 	right: autoDraw = True
22.4665 	EXP 	up: autoDraw = True
22.4665 	EXP 	down: autoDraw = True
22.4833 	EXP 	center: autoDraw = True
22.4833 	EXP 	left: autoDraw = True
22.4833 	EXP 	right: autoDraw = True
22.4833 	EXP 	up: autoDraw = True
22.4833 	EXP 	down: autoDraw = True
22.5001 	EXP 	center: autoDraw = True
22.5001 	EXP 	left: autoDraw = True
22.5001 	EXP 	right: autoDraw = True
22.5001 	EXP 	up: autoDraw = True
22.5001 	EXP 	down: autoDraw = True
22.5166 	EXP 	center: autoDraw = True
22.5166 	EXP 	left: autoDraw = True
22.5166 	EXP 	right: autoDraw = True
22.5166 	EXP 	up: autoDraw = True
22.5166 	EXP 	down: autoDraw = True
22.5333 	EXP 	center: autoDraw = True
22.5333 	EXP 	left: autoDraw = True
22.5333 	EXP 	right: autoDraw = True
22.5333 	EXP 	up: autoDraw = True
22.5333 	EXP 	down: autoDraw = True
22.5500 	EXP 	center: autoDraw = True
22.5500 	EXP 	left: autoDraw = True
22.5500 	EXP 	right: autoDraw = True
22.5500 	EXP 	up: autoDraw = True
22.5500 	EXP 	down: autoDraw = True
22.5669 	EXP 	center: autoDraw = True
22.5669 	EXP 	left: autoDraw = True
22.5669 	EXP 	right: autoDraw = True
22.5669 	EXP 	up: autoDraw = True
22.5669 	EXP 	down: autoDraw = True
22.5832 	EXP 	center: autoDraw = True
22.5832 	EXP 	left: autoDraw = True
22.5832 	EXP 	right: autoDraw = True
22.5832 	EXP 	up: autoDraw = True
22.5832 	EXP 	down: autoDraw = True
22.6000 	EXP 	center: autoDraw = True
22.6000 	EXP 	left: autoDraw = True
22.6000 	EXP 	right: autoDraw = True
22.6000 	EXP 	up: autoDraw = True
22.6000 	EXP 	down: autoDraw = True
22.6167 	EXP 	center: autoDraw = True
22.6167 	EXP 	left: autoDraw = True
22.6167 	EXP 	right: autoDraw = True
22.6167 	EXP 	up: autoDraw = True
22.6167 	EXP 	down: autoDraw = True
22.6331 	EXP 	center: autoDraw = True
22.6331 	EXP 	left: autoDraw = True
22.6331 	EXP 	right: autoDraw = True
22.6331 	EXP 	up: autoDraw = True
22.6331 	EXP 	down: autoDraw = True
22.6498 	EXP 	center: autoDraw = True
22.6498 	EXP 	left: autoDraw = True
22.6498 	EXP 	right: autoDraw = True
22.6498 	EXP 	up: autoDraw = True
22.6498 	EXP 	down: autoDraw = True
22.6661 	EXP 	center: autoDraw = True
22.6661 	EXP 	left: autoDraw = True
22.6661 	EXP 	right: autoDraw = True
22.6661 	EXP 	up: autoDraw = True
22.6661 	EXP 	down: autoDraw = True
22.6833 	EXP 	center: autoDraw = True
22.6833 	EXP 	left: autoDraw = True
22.6833 	EXP 	right: autoDraw = True
22.6833 	EXP 	up: autoDraw = True
22.6833 	EXP 	down: autoDraw = True
22.7002 	EXP 	center: autoDraw = True
22.7002 	EXP 	left: autoDraw = True
22.7002 	EXP 	right: autoDraw = True
22.7002 	EXP 	up: autoDraw = True
22.7002 	EXP 	down: autoDraw = True
22.7164 	EXP 	center: autoDraw = True
22.7164 	EXP 	left: autoDraw = True
22.7164 	EXP 	right: autoDraw = True
22.7164 	EXP 	up: autoDraw = True
22.7164 	EXP 	down: autoDraw = True
22.7332 	EXP 	center: autoDraw = True
22.7332 	EXP 	left: autoDraw = True
22.7332 	EXP 	right: autoDraw = True
22.7332 	EXP 	up: autoDraw = True
22.7332 	EXP 	down: autoDraw = True
22.7501 	EXP 	center: autoDraw = True
22.7501 	EXP 	left: autoDraw = True
22.7501 	EXP 	right: autoDraw = True
22.7501 	EXP 	up: autoDraw = True
22.7501 	EXP 	down: autoDraw = True
22.7664 	EXP 	center: autoDraw = True
22.7664 	EXP 	left: autoDraw = True
22.7664 	EXP 	right: autoDraw = True
22.7664 	EXP 	up: autoDraw = True
22.7664 	EXP 	down: autoDraw = True
22.7836 	EXP 	center: autoDraw = True
22.7836 	EXP 	left: autoDraw = True
22.7836 	EXP 	right: autoDraw = True
22.7836 	EXP 	up: autoDraw = True
22.7836 	EXP 	down: autoDraw = True
22.7997 	EXP 	center: autoDraw = True
22.7997 	EXP 	left: autoDraw = True
22.7997 	EXP 	right: autoDraw = True
22.7997 	EXP 	up: autoDraw = True
22.7997 	EXP 	down: autoDraw = True
22.8164 	EXP 	center: autoDraw = True
22.8164 	EXP 	left: autoDraw = True
22.8164 	EXP 	right: autoDraw = True
22.8164 	EXP 	up: autoDraw = True
22.8164 	EXP 	down: autoDraw = True
22.8333 	EXP 	center: autoDraw = True
22.8333 	EXP 	left: autoDraw = True
22.8333 	EXP 	right: autoDraw = True
22.8333 	EXP 	up: autoDraw = True
22.8333 	EXP 	down: autoDraw = True
22.8501 	EXP 	center: autoDraw = True
22.8501 	EXP 	left: autoDraw = True
22.8501 	EXP 	right: autoDraw = True
22.8501 	EXP 	up: autoDraw = True
22.8501 	EXP 	down: autoDraw = True
22.8664 	EXP 	center: autoDraw = True
22.8664 	EXP 	left: autoDraw = True
22.8664 	EXP 	right: autoDraw = True
22.8664 	EXP 	up: autoDraw = True
22.8664 	EXP 	down: autoDraw = True
22.8833 	EXP 	center: autoDraw = True
22.8833 	EXP 	left: autoDraw = True
22.8833 	EXP 	right: autoDraw = True
22.8833 	EXP 	up: autoDraw = True
22.8833 	EXP 	down: autoDraw = True
22.8995 	EXP 	center: autoDraw = True
22.8995 	EXP 	left: autoDraw = True
22.8995 	EXP 	right: autoDraw = True
22.8995 	EXP 	up: autoDraw = True
22.8995 	EXP 	down: autoDraw = True
22.9164 	EXP 	center: autoDraw = True
22.9164 	EXP 	left: autoDraw = True
22.9164 	EXP 	right: autoDraw = True
22.9164 	EXP 	up: autoDraw = True
22.9164 	EXP 	down: autoDraw = True
22.9331 	EXP 	center: autoDraw = True
22.9331 	EXP 	left: autoDraw = True
22.9331 	EXP 	right: autoDraw = True
22.9331 	EXP 	up: autoDraw = True
22.9331 	EXP 	down: autoDraw = True
22.9499 	EXP 	center: autoDraw = True
22.9499 	EXP 	left: autoDraw = True
22.9499 	EXP 	right: autoDraw = True
22.9499 	EXP 	up: autoDraw = True
22.9499 	EXP 	down: autoDraw = True
22.9666 	EXP 	center: autoDraw = True
22.9666 	EXP 	left: autoDraw = True
22.9666 	EXP 	right: autoDraw = True
22.9666 	EXP 	up: autoDraw = True
22.9666 	EXP 	down: autoDraw = True
22.9835 	EXP 	center: autoDraw = True
22.9835 	EXP 	left: autoDraw = True
22.9835 	EXP 	right: autoDraw = True
22.9835 	EXP 	up: autoDraw = True
22.9835 	EXP 	down: autoDraw = True
22.9996 	EXP 	center: autoDraw = True
22.9996 	EXP 	left: autoDraw = True
22.9996 	EXP 	right: autoDraw = True
22.9996 	EXP 	up: autoDraw = True
22.9996 	EXP 	down: autoDraw = True
23.0166 	EXP 	center: autoDraw = True
23.0166 	EXP 	left: autoDraw = True
23.0166 	EXP 	right: autoDraw = True
23.0166 	EXP 	up: autoDraw = True
23.0166 	EXP 	down: autoDraw = True
23.0333 	EXP 	center: autoDraw = True
23.0333 	EXP 	left: autoDraw = True
23.0333 	EXP 	right: autoDraw = True
23.0333 	EXP 	up: autoDraw = True
23.0333 	EXP 	down: autoDraw = True
23.0498 	EXP 	center: autoDraw = True
23.0498 	EXP 	left: autoDraw = True
23.0498 	EXP 	right: autoDraw = True
23.0498 	EXP 	up: autoDraw = True
23.0498 	EXP 	down: autoDraw = True
23.0665 	EXP 	center: autoDraw = True
23.0665 	EXP 	left: autoDraw = True
23.0665 	EXP 	right: autoDraw = True
23.0665 	EXP 	up: autoDraw = True
23.0665 	EXP 	down: autoDraw = True
23.0834 	EXP 	center: autoDraw = True
23.0834 	EXP 	left: autoDraw = True
23.0834 	EXP 	right: autoDraw = True
23.0834 	EXP 	up: autoDraw = True
23.0834 	EXP 	down: autoDraw = True
23.0995 	EXP 	center: autoDraw = True
23.0995 	EXP 	left: autoDraw = True
23.0995 	EXP 	right: autoDraw = True
23.0995 	EXP 	up: autoDraw = True
23.0995 	EXP 	down: autoDraw = True
23.1164 	EXP 	center: autoDraw = True
23.1164 	EXP 	left: autoDraw = True
23.1164 	EXP 	right: autoDraw = True
23.1164 	EXP 	up: autoDraw = True
23.1164 	EXP 	down: autoDraw = True
23.1334 	EXP 	center: autoDraw = True
23.1334 	EXP 	left: autoDraw = True
23.1334 	EXP 	right: autoDraw = True
23.1334 	EXP 	up: autoDraw = True
23.1334 	EXP 	down: autoDraw = True
23.1497 	EXP 	center: autoDraw = True
23.1497 	EXP 	left: autoDraw = True
23.1497 	EXP 	right: autoDraw = True
23.1497 	EXP 	up: autoDraw = True
23.1497 	EXP 	down: autoDraw = True
23.1667 	EXP 	center: autoDraw = True
23.1667 	EXP 	left: autoDraw = True
23.1667 	EXP 	right: autoDraw = True
23.1667 	EXP 	up: autoDraw = True
23.1667 	EXP 	down: autoDraw = True
23.1831 	EXP 	center: autoDraw = True
23.1831 	EXP 	left: autoDraw = True
23.1831 	EXP 	right: autoDraw = True
23.1831 	EXP 	up: autoDraw = True
23.1831 	EXP 	down: autoDraw = True
23.2000 	EXP 	center: autoDraw = True
23.2000 	EXP 	left: autoDraw = True
23.2000 	EXP 	right: autoDraw = True
23.2000 	EXP 	up: autoDraw = True
23.2000 	EXP 	down: autoDraw = True
23.2163 	EXP 	center: autoDraw = True
23.2163 	EXP 	left: autoDraw = True
23.2163 	EXP 	right: autoDraw = True
23.2163 	EXP 	up: autoDraw = True
23.2163 	EXP 	down: autoDraw = True
23.2331 	EXP 	center: autoDraw = True
23.2331 	EXP 	left: autoDraw = True
23.2331 	EXP 	right: autoDraw = True
23.2331 	EXP 	up: autoDraw = True
23.2331 	EXP 	down: autoDraw = True
23.2500 	EXP 	center: autoDraw = True
23.2500 	EXP 	left: autoDraw = True
23.2500 	EXP 	right: autoDraw = True
23.2500 	EXP 	up: autoDraw = True
23.2500 	EXP 	down: autoDraw = True
23.2664 	EXP 	center: autoDraw = True
23.2664 	EXP 	left: autoDraw = True
23.2664 	EXP 	right: autoDraw = True
23.2664 	EXP 	up: autoDraw = True
23.2664 	EXP 	down: autoDraw = True
23.2832 	EXP 	center: autoDraw = True
23.2832 	EXP 	left: autoDraw = True
23.2832 	EXP 	right: autoDraw = True
23.2832 	EXP 	up: autoDraw = True
23.2832 	EXP 	down: autoDraw = True
23.3000 	EXP 	center: autoDraw = True
23.3000 	EXP 	left: autoDraw = True
23.3000 	EXP 	right: autoDraw = True
23.3000 	EXP 	up: autoDraw = True
23.3000 	EXP 	down: autoDraw = True
23.3163 	EXP 	center: autoDraw = True
23.3163 	EXP 	left: autoDraw = True
23.3163 	EXP 	right: autoDraw = True
23.3163 	EXP 	up: autoDraw = True
23.3163 	EXP 	down: autoDraw = True
23.3331 	EXP 	center: autoDraw = True
23.3331 	EXP 	left: autoDraw = True
23.3331 	EXP 	right: autoDraw = True
23.3331 	EXP 	up: autoDraw = True
23.3331 	EXP 	down: autoDraw = True
23.3332 	EXP 	Sound  started
23.3376 	DATA 	sbli | frame count: 120
23.3497 	EXP 	center: autoDraw = True
23.3497 	EXP 	left: autoDraw = True
23.3497 	EXP 	right: autoDraw = True
23.3497 	EXP 	up: autoDraw = True
23.3497 	EXP 	down: autoDraw = True
23.3665 	EXP 	center: autoDraw = True
23.3665 	EXP 	left: autoDraw = True
23.3665 	EXP 	right: autoDraw = True
23.3665 	EXP 	up: autoDraw = True
23.3665 	EXP 	down: autoDraw = True
23.3833 	EXP 	center: autoDraw = True
23.3833 	EXP 	left: autoDraw = True
23.3833 	EXP 	right: autoDraw = True
23.3833 	EXP 	up: autoDraw = True
23.3833 	EXP 	down: autoDraw = True
23.3997 	EXP 	center: autoDraw = True
23.3997 	EXP 	left: autoDraw = True
23.3997 	EXP 	right: autoDraw = True
23.3997 	EXP 	up: autoDraw = True
23.3997 	EXP 	down: autoDraw = True
23.4165 	EXP 	center: autoDraw = True
23.4165 	EXP 	left: autoDraw = True
23.4165 	EXP 	right: autoDraw = True
23.4165 	EXP 	up: autoDraw = True
23.4165 	EXP 	down: autoDraw = True
23.4324 	EXP 	center: autoDraw = True
23.4324 	EXP 	left: autoDraw = True
23.4324 	EXP 	right: autoDraw = True
23.4324 	EXP 	up: autoDraw = True
23.4324 	EXP 	down: autoDraw = True
23.4497 	EXP 	center: autoDraw = True
23.4497 	EXP 	left: autoDraw = True
23.4497 	EXP 	right: autoDraw = True
23.4497 	EXP 	up: autoDraw = True
23.4497 	EXP 	down: autoDraw = True
23.4665 	EXP 	center: autoDraw = True
23.4665 	EXP 	left: autoDraw = True
23.4665 	EXP 	right: autoDraw = True
23.4665 	EXP 	up: autoDraw = True
23.4665 	EXP 	down: autoDraw = True
23.4833 	EXP 	center: autoDraw = True
23.4833 	EXP 	left: autoDraw = True
23.4833 	EXP 	right: autoDraw = True
23.4833 	EXP 	up: autoDraw = True
23.4833 	EXP 	down: autoDraw = True
23.5000 	EXP 	center: autoDraw = True
23.5000 	EXP 	left: autoDraw = True
23.5000 	EXP 	right: autoDraw = True
23.5000 	EXP 	up: autoDraw = True
23.5000 	EXP 	down: autoDraw = True
23.5164 	EXP 	center: autoDraw = True
23.5164 	EXP 	left: autoDraw = True
23.5164 	EXP 	right: autoDraw = True
23.5164 	EXP 	up: autoDraw = True
23.5164 	EXP 	down: autoDraw = True
23.5332 	EXP 	center: autoDraw = True
23.5332 	EXP 	left: autoDraw = True
23.5332 	EXP 	right: autoDraw = True
23.5332 	EXP 	up: autoDraw = True
23.5332 	EXP 	down: autoDraw = True
23.5498 	EXP 	center: autoDraw = True
23.5498 	EXP 	left: autoDraw = True
23.5498 	EXP 	right: autoDraw = True
23.5498 	EXP 	up: autoDraw = True
23.5498 	EXP 	down: autoDraw = True
23.5665 	EXP 	center: autoDraw = True
23.5665 	EXP 	left: autoDraw = True
23.5665 	EXP 	right: autoDraw = True
23.5665 	EXP 	up: autoDraw = True
23.5665 	EXP 	down: autoDraw = True
23.5833 	EXP 	center: autoDraw = True
23.5833 	EXP 	left: autoDraw = True
23.5833 	EXP 	right: autoDraw = True
23.5833 	EXP 	up: autoDraw = True
23.5833 	EXP 	down: autoDraw = True
23.5997 	EXP 	center: autoDraw = True
23.5997 	EXP 	left: autoDraw = True
23.5997 	EXP 	right: autoDraw = True
23.5997 	EXP 	up: autoDraw = True
23.5997 	EXP 	down: autoDraw = True
23.6164 	EXP 	center: autoDraw = True
23.6164 	EXP 	left: autoDraw = True
23.6164 	EXP 	right: autoDraw = True
23.6164 	EXP 	up: autoDraw = True
23.6164 	EXP 	down: autoDraw = True
23.6330 	EXP 	center: autoDraw = True
23.6330 	EXP 	left: autoDraw = True
23.6330 	EXP 	right: autoDraw = True
23.6330 	EXP 	up: autoDraw = True
23.6330 	EXP 	down: autoDraw = True
23.6498 	EXP 	center: autoDraw = True
23.6498 	EXP 	left: autoDraw = True
23.6498 	EXP 	right: autoDraw = True
23.6498 	EXP 	up: autoDraw = True
23.6498 	EXP 	down: autoDraw = True
23.6661 	EXP 	center: autoDraw = True
23.6661 	EXP 	left: autoDraw = True
23.6661 	EXP 	right: autoDraw = True
23.6661 	EXP 	up: autoDraw = True
23.6661 	EXP 	down: autoDraw = True
23.6663 	DATA 	wsqS
23.6832 	EXP 	center: autoDraw = True
23.6832 	EXP 	left: autoDraw = True
23.6832 	EXP 	right: autoDraw = True
23.6832 	EXP 	up: autoDraw = True
23.6832 	EXP 	down: autoDraw = True
23.6832 	EXP 	whitesquare: autoDraw = True
23.6994 	EXP 	center: autoDraw = True
23.6994 	EXP 	left: autoDraw = True
23.6994 	EXP 	right: autoDraw = True
23.6994 	EXP 	up: autoDraw = True
23.6994 	EXP 	down: autoDraw = True
23.6994 	EXP 	whitesquare: autoDraw = False
23.7164 	EXP 	center: autoDraw = True
23.7164 	EXP 	left: autoDraw = True
23.7164 	EXP 	right: autoDraw = True
23.7164 	EXP 	up: autoDraw = True
23.7164 	EXP 	down: autoDraw = True
23.7331 	EXP 	center: autoDraw = True
23.7331 	EXP 	left: autoDraw = True
23.7331 	EXP 	right: autoDraw = True
23.7331 	EXP 	up: autoDraw = True
23.7331 	EXP 	down: autoDraw = True
23.7500 	EXP 	center: autoDraw = True
23.7500 	EXP 	left: autoDraw = True
23.7500 	EXP 	right: autoDraw = True
23.7500 	EXP 	up: autoDraw = True
23.7500 	EXP 	down: autoDraw = True
23.7664 	EXP 	center: autoDraw = True
23.7664 	EXP 	left: autoDraw = True
23.7664 	EXP 	right: autoDraw = True
23.7664 	EXP 	up: autoDraw = True
23.7664 	EXP 	down: autoDraw = True
23.7833 	EXP 	center: autoDraw = True
23.7833 	EXP 	left: autoDraw = True
23.7833 	EXP 	right: autoDraw = True
23.7833 	EXP 	up: autoDraw = True
23.7833 	EXP 	down: autoDraw = True
23.7996 	EXP 	center: autoDraw = True
23.7996 	EXP 	left: autoDraw = True
23.7996 	EXP 	right: autoDraw = True
23.7996 	EXP 	up: autoDraw = True
23.7996 	EXP 	down: autoDraw = True
23.8165 	EXP 	center: autoDraw = True
23.8165 	EXP 	left: autoDraw = True
23.8165 	EXP 	right: autoDraw = True
23.8165 	EXP 	up: autoDraw = True
23.8165 	EXP 	down: autoDraw = True
23.8329 	EXP 	center: autoDraw = True
23.8329 	EXP 	left: autoDraw = True
23.8329 	EXP 	right: autoDraw = True
23.8329 	EXP 	up: autoDraw = True
23.8329 	EXP 	down: autoDraw = True
23.8495 	EXP 	center: autoDraw = True
23.8495 	EXP 	left: autoDraw = True
23.8495 	EXP 	right: autoDraw = True
23.8495 	EXP 	up: autoDraw = True
23.8495 	EXP 	down: autoDraw = True
23.8664 	EXP 	center: autoDraw = True
23.8664 	EXP 	left: autoDraw = True
23.8664 	EXP 	right: autoDraw = True
23.8664 	EXP 	up: autoDraw = True
23.8664 	EXP 	down: autoDraw = True
23.8831 	EXP 	center: autoDraw = True
23.8831 	EXP 	left: autoDraw = True
23.8831 	EXP 	right: autoDraw = True
23.8831 	EXP 	up: autoDraw = True
23.8831 	EXP 	down: autoDraw = True
23.9001 	EXP 	center: autoDraw = True
23.9001 	EXP 	left: autoDraw = True
23.9001 	EXP 	right: autoDraw = True
23.9001 	EXP 	up: autoDraw = True
23.9001 	EXP 	down: autoDraw = True
23.9165 	EXP 	center: autoDraw = True
23.9165 	EXP 	left: autoDraw = True
23.9165 	EXP 	right: autoDraw = True
23.9165 	EXP 	up: autoDraw = True
23.9165 	EXP 	down: autoDraw = True
23.9329 	EXP 	center: autoDraw = True
23.9329 	EXP 	left: autoDraw = True
23.9329 	EXP 	right: autoDraw = True
23.9329 	EXP 	up: autoDraw = True
23.9329 	EXP 	down: autoDraw = True
23.9498 	EXP 	center: autoDraw = True
23.9498 	EXP 	left: autoDraw = True
23.9498 	EXP 	right: autoDraw = True
23.9498 	EXP 	up: autoDraw = True
23.9498 	EXP 	down: autoDraw = True
23.9665 	EXP 	center: autoDraw = True
23.9665 	EXP 	left: autoDraw = True
23.9665 	EXP 	right: autoDraw = True
23.9665 	EXP 	up: autoDraw = True
23.9665 	EXP 	down: autoDraw = True
23.9832 	EXP 	center: autoDraw = True
23.9832 	EXP 	left: autoDraw = True
23.9832 	EXP 	right: autoDraw = True
23.9832 	EXP 	up: autoDraw = True
23.9832 	EXP 	down: autoDraw = True
24.0000 	EXP 	center: autoDraw = True
24.0000 	EXP 	left: autoDraw = True
24.0000 	EXP 	right: autoDraw = True
24.0000 	EXP 	up: autoDraw = True
24.0000 	EXP 	down: autoDraw = True
24.0163 	EXP 	center: autoDraw = True
24.0163 	EXP 	left: autoDraw = True
24.0163 	EXP 	right: autoDraw = True
24.0163 	EXP 	up: autoDraw = True
24.0163 	EXP 	down: autoDraw = True
24.0331 	EXP 	center: autoDraw = True
24.0331 	EXP 	left: autoDraw = True
24.0331 	EXP 	right: autoDraw = True
24.0331 	EXP 	up: autoDraw = True
24.0331 	EXP 	down: autoDraw = True
24.0498 	EXP 	center: autoDraw = True
24.0498 	EXP 	left: autoDraw = True
24.0498 	EXP 	right: autoDraw = True
24.0498 	EXP 	up: autoDraw = True
24.0498 	EXP 	down: autoDraw = True
24.0665 	EXP 	center: autoDraw = True
24.0665 	EXP 	left: autoDraw = True
24.0665 	EXP 	right: autoDraw = True
24.0665 	EXP 	up: autoDraw = True
24.0665 	EXP 	down: autoDraw = True
24.0826 	EXP 	center: autoDraw = True
24.0826 	EXP 	left: autoDraw = True
24.0826 	EXP 	right: autoDraw = True
24.0826 	EXP 	up: autoDraw = True
24.0826 	EXP 	down: autoDraw = True
24.0996 	EXP 	center: autoDraw = True
24.0996 	EXP 	left: autoDraw = True
24.0996 	EXP 	right: autoDraw = True
24.0996 	EXP 	up: autoDraw = True
24.0996 	EXP 	down: autoDraw = True
24.1165 	EXP 	center: autoDraw = True
24.1165 	EXP 	left: autoDraw = True
24.1165 	EXP 	right: autoDraw = True
24.1165 	EXP 	up: autoDraw = True
24.1165 	EXP 	down: autoDraw = True
24.1331 	EXP 	center: autoDraw = True
24.1331 	EXP 	left: autoDraw = True
24.1331 	EXP 	right: autoDraw = True
24.1331 	EXP 	up: autoDraw = True
24.1331 	EXP 	down: autoDraw = True
24.1499 	EXP 	center: autoDraw = True
24.1499 	EXP 	left: autoDraw = True
24.1499 	EXP 	right: autoDraw = True
24.1499 	EXP 	up: autoDraw = True
24.1499 	EXP 	down: autoDraw = True
24.1664 	EXP 	center: autoDraw = True
24.1664 	EXP 	left: autoDraw = True
24.1664 	EXP 	right: autoDraw = True
24.1664 	EXP 	up: autoDraw = True
24.1664 	EXP 	down: autoDraw = True
24.1832 	EXP 	center: autoDraw = True
24.1832 	EXP 	left: autoDraw = True
24.1832 	EXP 	right: autoDraw = True
24.1832 	EXP 	up: autoDraw = True
24.1832 	EXP 	down: autoDraw = True
24.2000 	EXP 	center: autoDraw = True
24.2000 	EXP 	left: autoDraw = True
24.2000 	EXP 	right: autoDraw = True
24.2000 	EXP 	up: autoDraw = True
24.2000 	EXP 	down: autoDraw = True
24.2164 	EXP 	center: autoDraw = True
24.2164 	EXP 	left: autoDraw = True
24.2164 	EXP 	right: autoDraw = True
24.2164 	EXP 	up: autoDraw = True
24.2164 	EXP 	down: autoDraw = True
24.2333 	EXP 	center: autoDraw = True
24.2333 	EXP 	left: autoDraw = True
24.2333 	EXP 	right: autoDraw = True
24.2333 	EXP 	up: autoDraw = True
24.2333 	EXP 	down: autoDraw = True
24.2497 	EXP 	center: autoDraw = True
24.2497 	EXP 	left: autoDraw = True
24.2497 	EXP 	right: autoDraw = True
24.2497 	EXP 	up: autoDraw = True
24.2497 	EXP 	down: autoDraw = True
24.2666 	EXP 	center: autoDraw = True
24.2666 	EXP 	left: autoDraw = True
24.2666 	EXP 	right: autoDraw = True
24.2666 	EXP 	up: autoDraw = True
24.2666 	EXP 	down: autoDraw = True
24.2830 	EXP 	center: autoDraw = True
24.2830 	EXP 	left: autoDraw = True
24.2830 	EXP 	right: autoDraw = True
24.2830 	EXP 	up: autoDraw = True
24.2830 	EXP 	down: autoDraw = True
24.2998 	EXP 	center: autoDraw = True
24.2998 	EXP 	left: autoDraw = True
24.2998 	EXP 	right: autoDraw = True
24.2998 	EXP 	up: autoDraw = True
24.2998 	EXP 	down: autoDraw = True
24.3167 	EXP 	center: autoDraw = True
24.3167 	EXP 	left: autoDraw = True
24.3167 	EXP 	right: autoDraw = True
24.3167 	EXP 	up: autoDraw = True
24.3167 	EXP 	down: autoDraw = True
24.3331 	EXP 	center: autoDraw = True
24.3331 	EXP 	left: autoDraw = True
24.3331 	EXP 	right: autoDraw = True
24.3331 	EXP 	up: autoDraw = True
24.3331 	EXP 	down: autoDraw = True
24.3497 	EXP 	center: autoDraw = True
24.3497 	EXP 	left: autoDraw = True
24.3497 	EXP 	right: autoDraw = True
24.3497 	EXP 	up: autoDraw = True
24.3497 	EXP 	down: autoDraw = True
24.3664 	EXP 	center: autoDraw = True
24.3664 	EXP 	left: autoDraw = True
24.3664 	EXP 	right: autoDraw = True
24.3664 	EXP 	up: autoDraw = True
24.3664 	EXP 	down: autoDraw = True
24.3831 	EXP 	center: autoDraw = True
24.3831 	EXP 	left: autoDraw = True
24.3831 	EXP 	right: autoDraw = True
24.3831 	EXP 	up: autoDraw = True
24.3831 	EXP 	down: autoDraw = True
24.3999 	EXP 	center: autoDraw = True
24.3999 	EXP 	left: autoDraw = True
24.3999 	EXP 	right: autoDraw = True
24.3999 	EXP 	up: autoDraw = True
24.3999 	EXP 	down: autoDraw = True
24.4162 	EXP 	center: autoDraw = True
24.4162 	EXP 	left: autoDraw = True
24.4162 	EXP 	right: autoDraw = True
24.4162 	EXP 	up: autoDraw = True
24.4162 	EXP 	down: autoDraw = True
24.4332 	EXP 	center: autoDraw = True
24.4332 	EXP 	left: autoDraw = True
24.4332 	EXP 	right: autoDraw = True
24.4332 	EXP 	up: autoDraw = True
24.4332 	EXP 	down: autoDraw = True
24.4497 	EXP 	center: autoDraw = True
24.4497 	EXP 	left: autoDraw = True
24.4497 	EXP 	right: autoDraw = True
24.4497 	EXP 	up: autoDraw = True
24.4497 	EXP 	down: autoDraw = True
24.4657 	EXP 	center: autoDraw = True
24.4657 	EXP 	left: autoDraw = True
24.4657 	EXP 	right: autoDraw = True
24.4657 	EXP 	up: autoDraw = True
24.4657 	EXP 	down: autoDraw = True
24.4830 	EXP 	center: autoDraw = True
24.4830 	EXP 	left: autoDraw = True
24.4830 	EXP 	right: autoDraw = True
24.4830 	EXP 	up: autoDraw = True
24.4830 	EXP 	down: autoDraw = True
24.4998 	EXP 	center: autoDraw = True
24.4998 	EXP 	left: autoDraw = True
24.4998 	EXP 	right: autoDraw = True
24.4998 	EXP 	up: autoDraw = True
24.4998 	EXP 	down: autoDraw = True
24.5165 	EXP 	center: autoDraw = True
24.5165 	EXP 	left: autoDraw = True
24.5165 	EXP 	right: autoDraw = True
24.5165 	EXP 	up: autoDraw = True
24.5165 	EXP 	down: autoDraw = True
24.5334 	EXP 	center: autoDraw = True
24.5334 	EXP 	left: autoDraw = True
24.5334 	EXP 	right: autoDraw = True
24.5334 	EXP 	up: autoDraw = True
24.5334 	EXP 	down: autoDraw = True
24.5495 	EXP 	center: autoDraw = True
24.5495 	EXP 	left: autoDraw = True
24.5495 	EXP 	right: autoDraw = True
24.5495 	EXP 	up: autoDraw = True
24.5495 	EXP 	down: autoDraw = True
24.5663 	EXP 	center: autoDraw = True
24.5663 	EXP 	left: autoDraw = True
24.5663 	EXP 	right: autoDraw = True
24.5663 	EXP 	up: autoDraw = True
24.5663 	EXP 	down: autoDraw = True
24.5831 	EXP 	center: autoDraw = True
24.5831 	EXP 	left: autoDraw = True
24.5831 	EXP 	right: autoDraw = True
24.5831 	EXP 	up: autoDraw = True
24.5831 	EXP 	down: autoDraw = True
24.5999 	EXP 	center: autoDraw = True
24.5999 	EXP 	left: autoDraw = True
24.5999 	EXP 	right: autoDraw = True
24.5999 	EXP 	up: autoDraw = True
24.5999 	EXP 	down: autoDraw = True
24.6163 	EXP 	center: autoDraw = True
24.6163 	EXP 	left: autoDraw = True
24.6163 	EXP 	right: autoDraw = True
24.6163 	EXP 	up: autoDraw = True
24.6163 	EXP 	down: autoDraw = True
24.6331 	EXP 	center: autoDraw = True
24.6331 	EXP 	left: autoDraw = True
24.6331 	EXP 	right: autoDraw = True
24.6331 	EXP 	up: autoDraw = True
24.6331 	EXP 	down: autoDraw = True
24.6499 	EXP 	center: autoDraw = True
24.6499 	EXP 	left: autoDraw = True
24.6499 	EXP 	right: autoDraw = True
24.6499 	EXP 	up: autoDraw = True
24.6499 	EXP 	down: autoDraw = True
24.6663 	EXP 	center: autoDraw = True
24.6663 	EXP 	left: autoDraw = True
24.6663 	EXP 	right: autoDraw = True
24.6663 	EXP 	up: autoDraw = True
24.6663 	EXP 	down: autoDraw = True
24.6831 	EXP 	center: autoDraw = True
24.6831 	EXP 	left: autoDraw = True
24.6831 	EXP 	right: autoDraw = True
24.6831 	EXP 	up: autoDraw = True
24.6831 	EXP 	down: autoDraw = True
24.6996 	EXP 	center: autoDraw = True
24.6996 	EXP 	left: autoDraw = True
24.6996 	EXP 	right: autoDraw = True
24.6996 	EXP 	up: autoDraw = True
24.6996 	EXP 	down: autoDraw = True
24.7163 	EXP 	center: autoDraw = True
24.7163 	EXP 	left: autoDraw = True
24.7163 	EXP 	right: autoDraw = True
24.7163 	EXP 	up: autoDraw = True
24.7163 	EXP 	down: autoDraw = True
24.7327 	EXP 	center: autoDraw = True
24.7327 	EXP 	left: autoDraw = True
24.7327 	EXP 	right: autoDraw = True
24.7327 	EXP 	up: autoDraw = True
24.7327 	EXP 	down: autoDraw = True
24.7496 	EXP 	center: autoDraw = True
24.7496 	EXP 	left: autoDraw = True
24.7496 	EXP 	right: autoDraw = True
24.7496 	EXP 	up: autoDraw = True
24.7496 	EXP 	down: autoDraw = True
24.7664 	EXP 	center: autoDraw = True
24.7664 	EXP 	left: autoDraw = True
24.7664 	EXP 	right: autoDraw = True
24.7664 	EXP 	up: autoDraw = True
24.7664 	EXP 	down: autoDraw = True
24.7832 	EXP 	center: autoDraw = True
24.7832 	EXP 	left: autoDraw = True
24.7832 	EXP 	right: autoDraw = True
24.7832 	EXP 	up: autoDraw = True
24.7832 	EXP 	down: autoDraw = True
24.7994 	EXP 	center: autoDraw = True
24.7994 	EXP 	left: autoDraw = True
24.7994 	EXP 	right: autoDraw = True
24.7994 	EXP 	up: autoDraw = True
24.7994 	EXP 	down: autoDraw = True
24.8163 	EXP 	center: autoDraw = True
24.8163 	EXP 	left: autoDraw = True
24.8163 	EXP 	right: autoDraw = True
24.8163 	EXP 	up: autoDraw = True
24.8163 	EXP 	down: autoDraw = True
24.8331 	EXP 	center: autoDraw = True
24.8331 	EXP 	left: autoDraw = True
24.8331 	EXP 	right: autoDraw = True
24.8331 	EXP 	up: autoDraw = True
24.8331 	EXP 	down: autoDraw = True
24.8490 	EXP 	center: autoDraw = True
24.8490 	EXP 	left: autoDraw = True
24.8490 	EXP 	right: autoDraw = True
24.8490 	EXP 	up: autoDraw = True
24.8490 	EXP 	down: autoDraw = True
24.8663 	EXP 	center: autoDraw = True
24.8663 	EXP 	left: autoDraw = True
24.8663 	EXP 	right: autoDraw = True
24.8663 	EXP 	up: autoDraw = True
24.8663 	EXP 	down: autoDraw = True
24.8831 	EXP 	center: autoDraw = True
24.8831 	EXP 	left: autoDraw = True
24.8831 	EXP 	right: autoDraw = True
24.8831 	EXP 	up: autoDraw = True
24.8831 	EXP 	down: autoDraw = True
24.8999 	EXP 	center: autoDraw = True
24.8999 	EXP 	left: autoDraw = True
24.8999 	EXP 	right: autoDraw = True
24.8999 	EXP 	up: autoDraw = True
24.8999 	EXP 	down: autoDraw = True
24.9164 	EXP 	center: autoDraw = True
24.9164 	EXP 	left: autoDraw = True
24.9164 	EXP 	right: autoDraw = True
24.9164 	EXP 	up: autoDraw = True
24.9164 	EXP 	down: autoDraw = True
24.9334 	EXP 	center: autoDraw = True
24.9334 	EXP 	left: autoDraw = True
24.9334 	EXP 	right: autoDraw = True
24.9334 	EXP 	up: autoDraw = True
24.9334 	EXP 	down: autoDraw = True
24.9496 	EXP 	center: autoDraw = True
24.9496 	EXP 	left: autoDraw = True
24.9496 	EXP 	right: autoDraw = True
24.9496 	EXP 	up: autoDraw = True
24.9496 	EXP 	down: autoDraw = True
24.9666 	EXP 	center: autoDraw = True
24.9666 	EXP 	left: autoDraw = True
24.9666 	EXP 	right: autoDraw = True
24.9666 	EXP 	up: autoDraw = True
24.9666 	EXP 	down: autoDraw = True
24.9829 	EXP 	center: autoDraw = True
24.9829 	EXP 	left: autoDraw = True
24.9829 	EXP 	right: autoDraw = True
24.9829 	EXP 	up: autoDraw = True
24.9829 	EXP 	down: autoDraw = True
24.9998 	EXP 	center: autoDraw = True
24.9998 	EXP 	left: autoDraw = True
24.9998 	EXP 	right: autoDraw = True
24.9998 	EXP 	up: autoDraw = True
24.9998 	EXP 	down: autoDraw = True
25.0162 	EXP 	center: autoDraw = True
25.0162 	EXP 	left: autoDraw = True
25.0162 	EXP 	right: autoDraw = True
25.0162 	EXP 	up: autoDraw = True
25.0162 	EXP 	down: autoDraw = True
25.0331 	EXP 	center: autoDraw = True
25.0331 	EXP 	left: autoDraw = True
25.0331 	EXP 	right: autoDraw = True
25.0331 	EXP 	up: autoDraw = True
25.0331 	EXP 	down: autoDraw = True
25.0499 	EXP 	center: autoDraw = True
25.0499 	EXP 	left: autoDraw = True
25.0499 	EXP 	right: autoDraw = True
25.0499 	EXP 	up: autoDraw = True
25.0499 	EXP 	down: autoDraw = True
25.0662 	EXP 	center: autoDraw = True
25.0662 	EXP 	left: autoDraw = True
25.0662 	EXP 	right: autoDraw = True
25.0662 	EXP 	up: autoDraw = True
25.0662 	EXP 	down: autoDraw = True
25.0831 	EXP 	center: autoDraw = True
25.0831 	EXP 	left: autoDraw = True
25.0831 	EXP 	right: autoDraw = True
25.0831 	EXP 	up: autoDraw = True
25.0831 	EXP 	down: autoDraw = True
25.0999 	EXP 	center: autoDraw = True
25.0999 	EXP 	left: autoDraw = True
25.0999 	EXP 	right: autoDraw = True
25.0999 	EXP 	up: autoDraw = True
25.0999 	EXP 	down: autoDraw = True
25.1162 	EXP 	center: autoDraw = True
25.1162 	EXP 	left: autoDraw = True
25.1162 	EXP 	right: autoDraw = True
25.1162 	EXP 	up: autoDraw = True
25.1162 	EXP 	down: autoDraw = True
25.1331 	EXP 	center: autoDraw = True
25.1331 	EXP 	left: autoDraw = True
25.1331 	EXP 	right: autoDraw = True
25.1331 	EXP 	up: autoDraw = True
25.1331 	EXP 	down: autoDraw = True
25.1499 	EXP 	center: autoDraw = True
25.1499 	EXP 	left: autoDraw = True
25.1499 	EXP 	right: autoDraw = True
25.1499 	EXP 	up: autoDraw = True
25.1499 	EXP 	down: autoDraw = True
25.1662 	EXP 	center: autoDraw = True
25.1662 	EXP 	left: autoDraw = True
25.1662 	EXP 	right: autoDraw = True
25.1662 	EXP 	up: autoDraw = True
25.1662 	EXP 	down: autoDraw = True
25.1830 	EXP 	center: autoDraw = True
25.1830 	EXP 	left: autoDraw = True
25.1830 	EXP 	right: autoDraw = True
25.1830 	EXP 	up: autoDraw = True
25.1830 	EXP 	down: autoDraw = True
25.1999 	EXP 	center: autoDraw = True
25.1999 	EXP 	left: autoDraw = True
25.1999 	EXP 	right: autoDraw = True
25.1999 	EXP 	up: autoDraw = True
25.1999 	EXP 	down: autoDraw = True
25.2162 	EXP 	center: autoDraw = True
25.2162 	EXP 	left: autoDraw = True
25.2162 	EXP 	right: autoDraw = True
25.2162 	EXP 	up: autoDraw = True
25.2162 	EXP 	down: autoDraw = True
25.2330 	EXP 	center: autoDraw = True
25.2330 	EXP 	left: autoDraw = True
25.2330 	EXP 	right: autoDraw = True
25.2330 	EXP 	up: autoDraw = True
25.2330 	EXP 	down: autoDraw = True
25.2498 	EXP 	center: autoDraw = True
25.2498 	EXP 	left: autoDraw = True
25.2498 	EXP 	right: autoDraw = True
25.2498 	EXP 	up: autoDraw = True
25.2498 	EXP 	down: autoDraw = True
25.2662 	EXP 	center: autoDraw = True
25.2662 	EXP 	left: autoDraw = True
25.2662 	EXP 	right: autoDraw = True
25.2662 	EXP 	up: autoDraw = True
25.2662 	EXP 	down: autoDraw = True
25.2829 	EXP 	center: autoDraw = True
25.2829 	EXP 	left: autoDraw = True
25.2829 	EXP 	right: autoDraw = True
25.2829 	EXP 	up: autoDraw = True
25.2829 	EXP 	down: autoDraw = True
25.2998 	EXP 	center: autoDraw = True
25.2998 	EXP 	left: autoDraw = True
25.2998 	EXP 	right: autoDraw = True
25.2998 	EXP 	up: autoDraw = True
25.2998 	EXP 	down: autoDraw = True
25.3165 	EXP 	center: autoDraw = True
25.3165 	EXP 	left: autoDraw = True
25.3165 	EXP 	right: autoDraw = True
25.3165 	EXP 	up: autoDraw = True
25.3165 	EXP 	down: autoDraw = True
25.3329 	EXP 	center: autoDraw = True
25.3329 	EXP 	left: autoDraw = True
25.3329 	EXP 	right: autoDraw = True
25.3329 	EXP 	up: autoDraw = True
25.3329 	EXP 	down: autoDraw = True
25.3497 	EXP 	center: autoDraw = True
25.3497 	EXP 	left: autoDraw = True
25.3497 	EXP 	right: autoDraw = True
25.3497 	EXP 	up: autoDraw = True
25.3497 	EXP 	down: autoDraw = True
25.3664 	EXP 	center: autoDraw = True
25.3664 	EXP 	left: autoDraw = True
25.3664 	EXP 	right: autoDraw = True
25.3664 	EXP 	up: autoDraw = True
25.3664 	EXP 	down: autoDraw = True
25.3828 	EXP 	center: autoDraw = True
25.3828 	EXP 	left: autoDraw = True
25.3828 	EXP 	right: autoDraw = True
25.3828 	EXP 	up: autoDraw = True
25.3828 	EXP 	down: autoDraw = True
25.3996 	EXP 	center: autoDraw = True
25.3996 	EXP 	left: autoDraw = True
25.3996 	EXP 	right: autoDraw = True
25.3996 	EXP 	up: autoDraw = True
25.3996 	EXP 	down: autoDraw = True
25.4165 	EXP 	center: autoDraw = True
25.4165 	EXP 	left: autoDraw = True
25.4165 	EXP 	right: autoDraw = True
25.4165 	EXP 	up: autoDraw = True
25.4165 	EXP 	down: autoDraw = True
25.4331 	EXP 	center: autoDraw = True
25.4331 	EXP 	left: autoDraw = True
25.4331 	EXP 	right: autoDraw = True
25.4331 	EXP 	up: autoDraw = True
25.4331 	EXP 	down: autoDraw = True
25.4499 	EXP 	center: autoDraw = True
25.4499 	EXP 	left: autoDraw = True
25.4499 	EXP 	right: autoDraw = True
25.4499 	EXP 	up: autoDraw = True
25.4499 	EXP 	down: autoDraw = True
25.4662 	EXP 	center: autoDraw = True
25.4662 	EXP 	left: autoDraw = True
25.4662 	EXP 	right: autoDraw = True
25.4662 	EXP 	up: autoDraw = True
25.4662 	EXP 	down: autoDraw = True
25.4830 	EXP 	center: autoDraw = True
25.4830 	EXP 	left: autoDraw = True
25.4830 	EXP 	right: autoDraw = True
25.4830 	EXP 	up: autoDraw = True
25.4830 	EXP 	down: autoDraw = True
25.4989 	EXP 	center: autoDraw = True
25.4989 	EXP 	left: autoDraw = True
25.4989 	EXP 	right: autoDraw = True
25.4989 	EXP 	up: autoDraw = True
25.4989 	EXP 	down: autoDraw = True
25.5162 	EXP 	center: autoDraw = True
25.5162 	EXP 	left: autoDraw = True
25.5162 	EXP 	right: autoDraw = True
25.5162 	EXP 	up: autoDraw = True
25.5162 	EXP 	down: autoDraw = True
25.5331 	EXP 	center: autoDraw = True
25.5331 	EXP 	left: autoDraw = True
25.5331 	EXP 	right: autoDraw = True
25.5331 	EXP 	up: autoDraw = True
25.5331 	EXP 	down: autoDraw = True
25.5490 	EXP 	center: autoDraw = True
25.5490 	EXP 	left: autoDraw = True
25.5490 	EXP 	right: autoDraw = True
25.5490 	EXP 	up: autoDraw = True
25.5490 	EXP 	down: autoDraw = True
25.5662 	EXP 	center: autoDraw = True
25.5662 	EXP 	left: autoDraw = True
25.5662 	EXP 	right: autoDraw = True
25.5662 	EXP 	up: autoDraw = True
25.5662 	EXP 	down: autoDraw = True
25.5832 	EXP 	center: autoDraw = True
25.5832 	EXP 	left: autoDraw = True
25.5832 	EXP 	right: autoDraw = True
25.5832 	EXP 	up: autoDraw = True
25.5832 	EXP 	down: autoDraw = True
25.5995 	EXP 	center: autoDraw = True
25.5995 	EXP 	left: autoDraw = True
25.5995 	EXP 	right: autoDraw = True
25.5995 	EXP 	up: autoDraw = True
25.5995 	EXP 	down: autoDraw = True
25.6164 	EXP 	center: autoDraw = True
25.6164 	EXP 	left: autoDraw = True
25.6164 	EXP 	right: autoDraw = True
25.6164 	EXP 	up: autoDraw = True
25.6164 	EXP 	down: autoDraw = True
25.6332 	EXP 	center: autoDraw = True
25.6332 	EXP 	left: autoDraw = True
25.6332 	EXP 	right: autoDraw = True
25.6332 	EXP 	up: autoDraw = True
25.6332 	EXP 	down: autoDraw = True
25.6498 	EXP 	center: autoDraw = True
25.6498 	EXP 	left: autoDraw = True
25.6498 	EXP 	right: autoDraw = True
25.6498 	EXP 	up: autoDraw = True
25.6498 	EXP 	down: autoDraw = True
25.6665 	EXP 	center: autoDraw = True
25.6665 	EXP 	left: autoDraw = True
25.6665 	EXP 	right: autoDraw = True
25.6665 	EXP 	up: autoDraw = True
25.6665 	EXP 	down: autoDraw = True
25.6828 	EXP 	center: autoDraw = True
25.6828 	EXP 	left: autoDraw = True
25.6828 	EXP 	right: autoDraw = True
25.6828 	EXP 	up: autoDraw = True
25.6828 	EXP 	down: autoDraw = True
25.6997 	EXP 	center: autoDraw = True
25.6997 	EXP 	left: autoDraw = True
25.6997 	EXP 	right: autoDraw = True
25.6997 	EXP 	up: autoDraw = True
25.6997 	EXP 	down: autoDraw = True
25.7165 	EXP 	center: autoDraw = True
25.7165 	EXP 	left: autoDraw = True
25.7165 	EXP 	right: autoDraw = True
25.7165 	EXP 	up: autoDraw = True
25.7165 	EXP 	down: autoDraw = True
25.7328 	EXP 	center: autoDraw = True
25.7328 	EXP 	left: autoDraw = True
25.7328 	EXP 	right: autoDraw = True
25.7328 	EXP 	up: autoDraw = True
25.7328 	EXP 	down: autoDraw = True
25.7497 	EXP 	center: autoDraw = True
25.7497 	EXP 	left: autoDraw = True
25.7497 	EXP 	right: autoDraw = True
25.7497 	EXP 	up: autoDraw = True
25.7497 	EXP 	down: autoDraw = True
25.7659 	EXP 	center: autoDraw = True
25.7659 	EXP 	left: autoDraw = True
25.7659 	EXP 	right: autoDraw = True
25.7659 	EXP 	up: autoDraw = True
25.7659 	EXP 	down: autoDraw = True
25.7829 	EXP 	center: autoDraw = True
25.7829 	EXP 	left: autoDraw = True
25.7829 	EXP 	right: autoDraw = True
25.7829 	EXP 	up: autoDraw = True
25.7829 	EXP 	down: autoDraw = True
25.7996 	EXP 	center: autoDraw = True
25.7996 	EXP 	left: autoDraw = True
25.7996 	EXP 	right: autoDraw = True
25.7996 	EXP 	up: autoDraw = True
25.7996 	EXP 	down: autoDraw = True
25.8164 	EXP 	center: autoDraw = True
25.8164 	EXP 	left: autoDraw = True
25.8164 	EXP 	right: autoDraw = True
25.8164 	EXP 	up: autoDraw = True
25.8164 	EXP 	down: autoDraw = True
25.8334 	EXP 	center: autoDraw = True
25.8334 	EXP 	left: autoDraw = True
25.8334 	EXP 	right: autoDraw = True
25.8334 	EXP 	up: autoDraw = True
25.8334 	EXP 	down: autoDraw = True
25.8496 	EXP 	center: autoDraw = True
25.8496 	EXP 	left: autoDraw = True
25.8496 	EXP 	right: autoDraw = True
25.8496 	EXP 	up: autoDraw = True
25.8496 	EXP 	down: autoDraw = True
25.8664 	EXP 	center: autoDraw = True
25.8664 	EXP 	left: autoDraw = True
25.8664 	EXP 	right: autoDraw = True
25.8664 	EXP 	up: autoDraw = True
25.8664 	EXP 	down: autoDraw = True
25.8822 	EXP 	center: autoDraw = True
25.8822 	EXP 	left: autoDraw = True
25.8822 	EXP 	right: autoDraw = True
25.8822 	EXP 	up: autoDraw = True
25.8822 	EXP 	down: autoDraw = True
25.8995 	EXP 	center: autoDraw = True
25.8995 	EXP 	left: autoDraw = True
25.8995 	EXP 	right: autoDraw = True
25.8995 	EXP 	up: autoDraw = True
25.8995 	EXP 	down: autoDraw = True
25.9164 	EXP 	center: autoDraw = True
25.9164 	EXP 	left: autoDraw = True
25.9164 	EXP 	right: autoDraw = True
25.9164 	EXP 	up: autoDraw = True
25.9164 	EXP 	down: autoDraw = True
25.9331 	EXP 	center: autoDraw = True
25.9331 	EXP 	left: autoDraw = True
25.9331 	EXP 	right: autoDraw = True
25.9331 	EXP 	up: autoDraw = True
25.9331 	EXP 	down: autoDraw = True
25.9499 	EXP 	center: autoDraw = True
25.9499 	EXP 	left: autoDraw = True
25.9499 	EXP 	right: autoDraw = True
25.9499 	EXP 	up: autoDraw = True
25.9499 	EXP 	down: autoDraw = True
25.9662 	EXP 	center: autoDraw = True
25.9662 	EXP 	left: autoDraw = True
25.9662 	EXP 	right: autoDraw = True
25.9662 	EXP 	up: autoDraw = True
25.9662 	EXP 	down: autoDraw = True
25.9827 	EXP 	center: autoDraw = True
25.9827 	EXP 	left: autoDraw = True
25.9827 	EXP 	right: autoDraw = True
25.9827 	EXP 	up: autoDraw = True
25.9827 	EXP 	down: autoDraw = True
25.9996 	EXP 	center: autoDraw = True
25.9996 	EXP 	left: autoDraw = True
25.9996 	EXP 	right: autoDraw = True
25.9996 	EXP 	up: autoDraw = True
25.9996 	EXP 	down: autoDraw = True
26.0164 	EXP 	center: autoDraw = True
26.0164 	EXP 	left: autoDraw = True
26.0164 	EXP 	right: autoDraw = True
26.0164 	EXP 	up: autoDraw = True
26.0164 	EXP 	down: autoDraw = True
26.0331 	EXP 	center: autoDraw = True
26.0331 	EXP 	left: autoDraw = True
26.0331 	EXP 	right: autoDraw = True
26.0331 	EXP 	up: autoDraw = True
26.0331 	EXP 	down: autoDraw = True
26.0495 	EXP 	center: autoDraw = True
26.0495 	EXP 	left: autoDraw = True
26.0495 	EXP 	right: autoDraw = True
26.0495 	EXP 	up: autoDraw = True
26.0495 	EXP 	down: autoDraw = True
26.0664 	EXP 	center: autoDraw = True
26.0664 	EXP 	left: autoDraw = True
26.0664 	EXP 	right: autoDraw = True
26.0664 	EXP 	up: autoDraw = True
26.0664 	EXP 	down: autoDraw = True
26.0831 	EXP 	center: autoDraw = True
26.0831 	EXP 	left: autoDraw = True
26.0831 	EXP 	right: autoDraw = True
26.0831 	EXP 	up: autoDraw = True
26.0831 	EXP 	down: autoDraw = True
26.0999 	EXP 	center: autoDraw = True
26.0999 	EXP 	left: autoDraw = True
26.0999 	EXP 	right: autoDraw = True
26.0999 	EXP 	up: autoDraw = True
26.0999 	EXP 	down: autoDraw = True
26.1162 	EXP 	center: autoDraw = True
26.1162 	EXP 	left: autoDraw = True
26.1162 	EXP 	right: autoDraw = True
26.1162 	EXP 	up: autoDraw = True
26.1162 	EXP 	down: autoDraw = True
26.1330 	EXP 	center: autoDraw = True
26.1330 	EXP 	left: autoDraw = True
26.1330 	EXP 	right: autoDraw = True
26.1330 	EXP 	up: autoDraw = True
26.1330 	EXP 	down: autoDraw = True
26.1490 	EXP 	center: autoDraw = True
26.1490 	EXP 	left: autoDraw = True
26.1490 	EXP 	right: autoDraw = True
26.1490 	EXP 	up: autoDraw = True
26.1490 	EXP 	down: autoDraw = True
26.1661 	EXP 	center: autoDraw = True
26.1661 	EXP 	left: autoDraw = True
26.1661 	EXP 	right: autoDraw = True
26.1661 	EXP 	up: autoDraw = True
26.1661 	EXP 	down: autoDraw = True
26.1830 	EXP 	center: autoDraw = True
26.1830 	EXP 	left: autoDraw = True
26.1830 	EXP 	right: autoDraw = True
26.1830 	EXP 	up: autoDraw = True
26.1830 	EXP 	down: autoDraw = True
26.1997 	EXP 	center: autoDraw = True
26.1997 	EXP 	left: autoDraw = True
26.1997 	EXP 	right: autoDraw = True
26.1997 	EXP 	up: autoDraw = True
26.1997 	EXP 	down: autoDraw = True
26.2166 	EXP 	center: autoDraw = True
26.2166 	EXP 	left: autoDraw = True
26.2166 	EXP 	right: autoDraw = True
26.2166 	EXP 	up: autoDraw = True
26.2166 	EXP 	down: autoDraw = True
26.2328 	EXP 	center: autoDraw = True
26.2328 	EXP 	left: autoDraw = True
26.2328 	EXP 	right: autoDraw = True
26.2328 	EXP 	up: autoDraw = True
26.2328 	EXP 	down: autoDraw = True
26.2497 	EXP 	center: autoDraw = True
26.2497 	EXP 	left: autoDraw = True
26.2497 	EXP 	right: autoDraw = True
26.2497 	EXP 	up: autoDraw = True
26.2497 	EXP 	down: autoDraw = True
26.2656 	EXP 	center: autoDraw = True
26.2656 	EXP 	left: autoDraw = True
26.2656 	EXP 	right: autoDraw = True
26.2656 	EXP 	up: autoDraw = True
26.2656 	EXP 	down: autoDraw = True
26.2828 	EXP 	center: autoDraw = True
26.2828 	EXP 	left: autoDraw = True
26.2828 	EXP 	right: autoDraw = True
26.2828 	EXP 	up: autoDraw = True
26.2828 	EXP 	down: autoDraw = True
26.2996 	EXP 	center: autoDraw = True
26.2996 	EXP 	left: autoDraw = True
26.2996 	EXP 	right: autoDraw = True
26.2996 	EXP 	up: autoDraw = True
26.2996 	EXP 	down: autoDraw = True
26.3164 	EXP 	center: autoDraw = True
26.3164 	EXP 	left: autoDraw = True
26.3164 	EXP 	right: autoDraw = True
26.3164 	EXP 	up: autoDraw = True
26.3164 	EXP 	down: autoDraw = True
26.3329 	EXP 	center: autoDraw = True
26.3329 	EXP 	left: autoDraw = True
26.3329 	EXP 	right: autoDraw = True
26.3329 	EXP 	up: autoDraw = True
26.3329 	EXP 	down: autoDraw = True
26.3330 	EXP 	Sound  started
26.3368 	DATA 	sbli | frame count: 300
26.3494 	EXP 	center: autoDraw = True
26.3494 	EXP 	left: autoDraw = True
26.3494 	EXP 	right: autoDraw = True
26.3494 	EXP 	up: autoDraw = True
26.3494 	EXP 	down: autoDraw = True
26.3662 	EXP 	center: autoDraw = True
26.3662 	EXP 	left: autoDraw = True
26.3662 	EXP 	right: autoDraw = True
26.3662 	EXP 	up: autoDraw = True
26.3662 	EXP 	down: autoDraw = True
26.3831 	EXP 	center: autoDraw = True
26.3831 	EXP 	left: autoDraw = True
26.3831 	EXP 	right: autoDraw = True
26.3831 	EXP 	up: autoDraw = True
26.3831 	EXP 	down: autoDraw = True
26.3995 	EXP 	center: autoDraw = True
26.3995 	EXP 	left: autoDraw = True
26.3995 	EXP 	right: autoDraw = True
26.3995 	EXP 	up: autoDraw = True
26.3995 	EXP 	down: autoDraw = True
26.4161 	EXP 	center: autoDraw = True
26.4161 	EXP 	left: autoDraw = True
26.4161 	EXP 	right: autoDraw = True
26.4161 	EXP 	up: autoDraw = True
26.4161 	EXP 	down: autoDraw = True
26.4329 	EXP 	center: autoDraw = True
26.4329 	EXP 	left: autoDraw = True
26.4329 	EXP 	right: autoDraw = True
26.4329 	EXP 	up: autoDraw = True
26.4329 	EXP 	down: autoDraw = True
26.4496 	EXP 	center: autoDraw = True
26.4496 	EXP 	left: autoDraw = True
26.4496 	EXP 	right: autoDraw = True
26.4496 	EXP 	up: autoDraw = True
26.4496 	EXP 	down: autoDraw = True
26.4664 	EXP 	center: autoDraw = True
26.4664 	EXP 	left: autoDraw = True
26.4664 	EXP 	right: autoDraw = True
26.4664 	EXP 	up: autoDraw = True
26.4664 	EXP 	down: autoDraw = True
26.4831 	EXP 	center: autoDraw = True
26.4831 	EXP 	left: autoDraw = True
26.4831 	EXP 	right: autoDraw = True
26.4831 	EXP 	up: autoDraw = True
26.4831 	EXP 	down: autoDraw = True
26.4995 	EXP 	center: autoDraw = True
26.4995 	EXP 	left: autoDraw = True
26.4995 	EXP 	right: autoDraw = True
26.4995 	EXP 	up: autoDraw = True
26.4995 	EXP 	down: autoDraw = True
26.5163 	EXP 	center: autoDraw = True
26.5163 	EXP 	left: autoDraw = True
26.5163 	EXP 	right: autoDraw = True
26.5163 	EXP 	up: autoDraw = True
26.5163 	EXP 	down: autoDraw = True
26.5323 	EXP 	center: autoDraw = True
26.5323 	EXP 	left: autoDraw = True
26.5323 	EXP 	right: autoDraw = True
26.5323 	EXP 	up: autoDraw = True
26.5323 	EXP 	down: autoDraw = True
26.5494 	EXP 	center: autoDraw = True
26.5494 	EXP 	left: autoDraw = True
26.5494 	EXP 	right: autoDraw = True
26.5494 	EXP 	up: autoDraw = True
26.5494 	EXP 	down: autoDraw = True
26.5662 	EXP 	center: autoDraw = True
26.5662 	EXP 	left: autoDraw = True
26.5662 	EXP 	right: autoDraw = True
26.5662 	EXP 	up: autoDraw = True
26.5662 	EXP 	down: autoDraw = True
26.5830 	EXP 	center: autoDraw = True
26.5830 	EXP 	left: autoDraw = True
26.5830 	EXP 	right: autoDraw = True
26.5830 	EXP 	up: autoDraw = True
26.5830 	EXP 	down: autoDraw = True
26.5999 	EXP 	center: autoDraw = True
26.5999 	EXP 	left: autoDraw = True
26.5999 	EXP 	right: autoDraw = True
26.5999 	EXP 	up: autoDraw = True
26.5999 	EXP 	down: autoDraw = True
26.6162 	EXP 	center: autoDraw = True
26.6162 	EXP 	left: autoDraw = True
26.6162 	EXP 	right: autoDraw = True
26.6162 	EXP 	up: autoDraw = True
26.6162 	EXP 	down: autoDraw = True
26.6329 	EXP 	center: autoDraw = True
26.6329 	EXP 	left: autoDraw = True
26.6329 	EXP 	right: autoDraw = True
26.6329 	EXP 	up: autoDraw = True
26.6329 	EXP 	down: autoDraw = True
26.6500 	EXP 	center: autoDraw = True
26.6500 	EXP 	left: autoDraw = True
26.6500 	EXP 	right: autoDraw = True
26.6500 	EXP 	up: autoDraw = True
26.6500 	EXP 	down: autoDraw = True
26.6661 	EXP 	center: autoDraw = True
26.6661 	EXP 	left: autoDraw = True
26.6661 	EXP 	right: autoDraw = True
26.6661 	EXP 	up: autoDraw = True
26.6661 	EXP 	down: autoDraw = True
26.6663 	DATA 	wsqS
26.6829 	EXP 	center: autoDraw = True
26.6829 	EXP 	left: autoDraw = True
26.6829 	EXP 	right: autoDraw = True
26.6829 	EXP 	up: autoDraw = True
26.6829 	EXP 	down: autoDraw = True
26.6829 	EXP 	whitesquare: autoDraw = True
26.6993 	EXP 	center: autoDraw = True
26.6993 	EXP 	left: autoDraw = True
26.6993 	EXP 	right: autoDraw = True
26.6993 	EXP 	up: autoDraw = True
26.6993 	EXP 	down: autoDraw = True
26.6993 	EXP 	whitesquare: autoDraw = False
26.7164 	EXP 	center: autoDraw = True
26.7164 	EXP 	left: autoDraw = True
26.7164 	EXP 	right: autoDraw = True
26.7164 	EXP 	up: autoDraw = True
26.7164 	EXP 	down: autoDraw = True
26.7328 	EXP 	center: autoDraw = True
26.7328 	EXP 	left: autoDraw = True
26.7328 	EXP 	right: autoDraw = True
26.7328 	EXP 	up: autoDraw = True
26.7328 	EXP 	down: autoDraw = True
26.7495 	EXP 	center: autoDraw = True
26.7495 	EXP 	left: autoDraw = True
26.7495 	EXP 	right: autoDraw = True
26.7495 	EXP 	up: autoDraw = True
26.7495 	EXP 	down: autoDraw = True
26.7665 	EXP 	center: autoDraw = True
26.7665 	EXP 	left: autoDraw = True
26.7665 	EXP 	right: autoDraw = True
26.7665 	EXP 	up: autoDraw = True
26.7665 	EXP 	down: autoDraw = True
26.7828 	EXP 	center: autoDraw = True
26.7828 	EXP 	left: autoDraw = True
26.7828 	EXP 	right: autoDraw = True
26.7828 	EXP 	up: autoDraw = True
26.7828 	EXP 	down: autoDraw = True
26.7993 	EXP 	center: autoDraw = True
26.7993 	EXP 	left: autoDraw = True
26.7993 	EXP 	right: autoDraw = True
26.7993 	EXP 	up: autoDraw = True
26.7993 	EXP 	down: autoDraw = True
26.8162 	EXP 	center: autoDraw = True
26.8162 	EXP 	left: autoDraw = True
26.8162 	EXP 	right: autoDraw = True
26.8162 	EXP 	up: autoDraw = True
26.8162 	EXP 	down: autoDraw = True
26.8331 	EXP 	center: autoDraw = True
26.8331 	EXP 	left: autoDraw = True
26.8331 	EXP 	right: autoDraw = True
26.8331 	EXP 	up: autoDraw = True
26.8331 	EXP 	down: autoDraw = True
26.8495 	EXP 	center: autoDraw = True
26.8495 	EXP 	left: autoDraw = True
26.8495 	EXP 	right: autoDraw = True
26.8495 	EXP 	up: autoDraw = True
26.8495 	EXP 	down: autoDraw = True
26.8662 	EXP 	center: autoDraw = True
26.8662 	EXP 	left: autoDraw = True
26.8662 	EXP 	right: autoDraw = True
26.8662 	EXP 	up: autoDraw = True
26.8662 	EXP 	down: autoDraw = True
26.8831 	EXP 	center: autoDraw = True
26.8831 	EXP 	left: autoDraw = True
26.8831 	EXP 	right: autoDraw = True
26.8831 	EXP 	up: autoDraw = True
26.8831 	EXP 	down: autoDraw = True
26.8994 	EXP 	center: autoDraw = True
26.8994 	EXP 	left: autoDraw = True
26.8994 	EXP 	right: autoDraw = True
26.8994 	EXP 	up: autoDraw = True
26.8994 	EXP 	down: autoDraw = True
26.9165 	EXP 	center: autoDraw = True
26.9165 	EXP 	left: autoDraw = True
26.9165 	EXP 	right: autoDraw = True
26.9165 	EXP 	up: autoDraw = True
26.9165 	EXP 	down: autoDraw = True
26.9327 	EXP 	center: autoDraw = True
26.9327 	EXP 	left: autoDraw = True
26.9327 	EXP 	right: autoDraw = True
26.9327 	EXP 	up: autoDraw = True
26.9327 	EXP 	down: autoDraw = True
26.9495 	EXP 	center: autoDraw = True
26.9495 	EXP 	left: autoDraw = True
26.9495 	EXP 	right: autoDraw = True
26.9495 	EXP 	up: autoDraw = True
26.9495 	EXP 	down: autoDraw = True
26.9664 	EXP 	center: autoDraw = True
26.9664 	EXP 	left: autoDraw = True
26.9664 	EXP 	right: autoDraw = True
26.9664 	EXP 	up: autoDraw = True
26.9664 	EXP 	down: autoDraw = True
26.9832 	EXP 	center: autoDraw = True
26.9832 	EXP 	left: autoDraw = True
26.9832 	EXP 	right: autoDraw = True
26.9832 	EXP 	up: autoDraw = True
26.9832 	EXP 	down: autoDraw = True
26.9994 	EXP 	center: autoDraw = True
26.9994 	EXP 	left: autoDraw = True
26.9994 	EXP 	right: autoDraw = True
26.9994 	EXP 	up: autoDraw = True
26.9994 	EXP 	down: autoDraw = True
27.0163 	EXP 	center: autoDraw = True
27.0163 	EXP 	left: autoDraw = True
27.0163 	EXP 	right: autoDraw = True
27.0163 	EXP 	up: autoDraw = True
27.0163 	EXP 	down: autoDraw = True
27.0326 	EXP 	center: autoDraw = True
27.0326 	EXP 	left: autoDraw = True
27.0326 	EXP 	right: autoDraw = True
27.0326 	EXP 	up: autoDraw = True
27.0326 	EXP 	down: autoDraw = True
27.0495 	EXP 	center: autoDraw = True
27.0495 	EXP 	left: autoDraw = True
27.0495 	EXP 	right: autoDraw = True
27.0495 	EXP 	up: autoDraw = True
27.0495 	EXP 	down: autoDraw = True
27.0662 	EXP 	center: autoDraw = True
27.0662 	EXP 	left: autoDraw = True
27.0662 	EXP 	right: autoDraw = True
27.0662 	EXP 	up: autoDraw = True
27.0662 	EXP 	down: autoDraw = True
27.0830 	EXP 	center: autoDraw = True
27.0830 	EXP 	left: autoDraw = True
27.0830 	EXP 	right: autoDraw = True
27.0830 	EXP 	up: autoDraw = True
27.0830 	EXP 	down: autoDraw = True
27.0990 	EXP 	center: autoDraw = True
27.0990 	EXP 	left: autoDraw = True
27.0990 	EXP 	right: autoDraw = True
27.0990 	EXP 	up: autoDraw = True
27.0990 	EXP 	down: autoDraw = True
27.1161 	EXP 	center: autoDraw = True
27.1161 	EXP 	left: autoDraw = True
27.1161 	EXP 	right: autoDraw = True
27.1161 	EXP 	up: autoDraw = True
27.1161 	EXP 	down: autoDraw = True
27.1329 	EXP 	center: autoDraw = True
27.1329 	EXP 	left: autoDraw = True
27.1329 	EXP 	right: autoDraw = True
27.1329 	EXP 	up: autoDraw = True
27.1329 	EXP 	down: autoDraw = True
27.1494 	EXP 	center: autoDraw = True
27.1494 	EXP 	left: autoDraw = True
27.1494 	EXP 	right: autoDraw = True
27.1494 	EXP 	up: autoDraw = True
27.1494 	EXP 	down: autoDraw = True
27.1662 	EXP 	center: autoDraw = True
27.1662 	EXP 	left: autoDraw = True
27.1662 	EXP 	right: autoDraw = True
27.1662 	EXP 	up: autoDraw = True
27.1662 	EXP 	down: autoDraw = True
27.1823 	EXP 	center: autoDraw = True
27.1823 	EXP 	left: autoDraw = True
27.1823 	EXP 	right: autoDraw = True
27.1823 	EXP 	up: autoDraw = True
27.1823 	EXP 	down: autoDraw = True
27.1994 	EXP 	center: autoDraw = True
27.1994 	EXP 	left: autoDraw = True
27.1994 	EXP 	right: autoDraw = True
27.1994 	EXP 	up: autoDraw = True
27.1994 	EXP 	down: autoDraw = True
27.2162 	EXP 	center: autoDraw = True
27.2162 	EXP 	left: autoDraw = True
27.2162 	EXP 	right: autoDraw = True
27.2162 	EXP 	up: autoDraw = True
27.2162 	EXP 	down: autoDraw = True
27.2331 	EXP 	center: autoDraw = True
27.2331 	EXP 	left: autoDraw = True
27.2331 	EXP 	right: autoDraw = True
27.2331 	EXP 	up: autoDraw = True
27.2331 	EXP 	down: autoDraw = True
27.2496 	EXP 	center: autoDraw = True
27.2496 	EXP 	left: autoDraw = True
27.2496 	EXP 	right: autoDraw = True
27.2496 	EXP 	up: autoDraw = True
27.2496 	EXP 	down: autoDraw = True
27.2661 	EXP 	center: autoDraw = True
27.2661 	EXP 	left: autoDraw = True
27.2661 	EXP 	right: autoDraw = True
27.2661 	EXP 	up: autoDraw = True
27.2661 	EXP 	down: autoDraw = True
27.2829 	EXP 	center: autoDraw = True
27.2829 	EXP 	left: autoDraw = True
27.2829 	EXP 	right: autoDraw = True
27.2829 	EXP 	up: autoDraw = True
27.2829 	EXP 	down: autoDraw = True
27.2997 	EXP 	center: autoDraw = True
27.2997 	EXP 	left: autoDraw = True
27.2997 	EXP 	right: autoDraw = True
27.2997 	EXP 	up: autoDraw = True
27.2997 	EXP 	down: autoDraw = True
27.3161 	EXP 	center: autoDraw = True
27.3161 	EXP 	left: autoDraw = True
27.3161 	EXP 	right: autoDraw = True
27.3161 	EXP 	up: autoDraw = True
27.3161 	EXP 	down: autoDraw = True
27.3330 	EXP 	center: autoDraw = True
27.3330 	EXP 	left: autoDraw = True
27.3330 	EXP 	right: autoDraw = True
27.3330 	EXP 	up: autoDraw = True
27.3330 	EXP 	down: autoDraw = True
27.3494 	EXP 	center: autoDraw = True
27.3494 	EXP 	left: autoDraw = True
27.3494 	EXP 	right: autoDraw = True
27.3494 	EXP 	up: autoDraw = True
27.3494 	EXP 	down: autoDraw = True
27.3663 	EXP 	center: autoDraw = True
27.3663 	EXP 	left: autoDraw = True
27.3663 	EXP 	right: autoDraw = True
27.3663 	EXP 	up: autoDraw = True
27.3663 	EXP 	down: autoDraw = True
27.3827 	EXP 	center: autoDraw = True
27.3827 	EXP 	left: autoDraw = True
27.3827 	EXP 	right: autoDraw = True
27.3827 	EXP 	up: autoDraw = True
27.3827 	EXP 	down: autoDraw = True
27.3996 	EXP 	center: autoDraw = True
27.3996 	EXP 	left: autoDraw = True
27.3996 	EXP 	right: autoDraw = True
27.3996 	EXP 	up: autoDraw = True
27.3996 	EXP 	down: autoDraw = True
27.4161 	EXP 	center: autoDraw = True
27.4161 	EXP 	left: autoDraw = True
27.4161 	EXP 	right: autoDraw = True
27.4161 	EXP 	up: autoDraw = True
27.4161 	EXP 	down: autoDraw = True
27.4328 	EXP 	center: autoDraw = True
27.4328 	EXP 	left: autoDraw = True
27.4328 	EXP 	right: autoDraw = True
27.4328 	EXP 	up: autoDraw = True
27.4328 	EXP 	down: autoDraw = True
27.4493 	EXP 	center: autoDraw = True
27.4493 	EXP 	left: autoDraw = True
27.4493 	EXP 	right: autoDraw = True
27.4493 	EXP 	up: autoDraw = True
27.4493 	EXP 	down: autoDraw = True
27.4662 	EXP 	center: autoDraw = True
27.4662 	EXP 	left: autoDraw = True
27.4662 	EXP 	right: autoDraw = True
27.4662 	EXP 	up: autoDraw = True
27.4662 	EXP 	down: autoDraw = True
27.4830 	EXP 	center: autoDraw = True
27.4830 	EXP 	left: autoDraw = True
27.4830 	EXP 	right: autoDraw = True
27.4830 	EXP 	up: autoDraw = True
27.4830 	EXP 	down: autoDraw = True
27.4997 	EXP 	center: autoDraw = True
27.4997 	EXP 	left: autoDraw = True
27.4997 	EXP 	right: autoDraw = True
27.4997 	EXP 	up: autoDraw = True
27.4997 	EXP 	down: autoDraw = True
27.5160 	EXP 	center: autoDraw = True
27.5160 	EXP 	left: autoDraw = True
27.5160 	EXP 	right: autoDraw = True
27.5160 	EXP 	up: autoDraw = True
27.5160 	EXP 	down: autoDraw = True
27.5329 	EXP 	center: autoDraw = True
27.5329 	EXP 	left: autoDraw = True
27.5329 	EXP 	right: autoDraw = True
27.5329 	EXP 	up: autoDraw = True
27.5329 	EXP 	down: autoDraw = True
27.5497 	EXP 	center: autoDraw = True
27.5497 	EXP 	left: autoDraw = True
27.5497 	EXP 	right: autoDraw = True
27.5497 	EXP 	up: autoDraw = True
27.5497 	EXP 	down: autoDraw = True
27.5660 	EXP 	center: autoDraw = True
27.5660 	EXP 	left: autoDraw = True
27.5660 	EXP 	right: autoDraw = True
27.5660 	EXP 	up: autoDraw = True
27.5660 	EXP 	down: autoDraw = True
27.5829 	EXP 	center: autoDraw = True
27.5829 	EXP 	left: autoDraw = True
27.5829 	EXP 	right: autoDraw = True
27.5829 	EXP 	up: autoDraw = True
27.5829 	EXP 	down: autoDraw = True
27.5996 	EXP 	center: autoDraw = True
27.5996 	EXP 	left: autoDraw = True
27.5996 	EXP 	right: autoDraw = True
27.5996 	EXP 	up: autoDraw = True
27.5996 	EXP 	down: autoDraw = True
27.6165 	EXP 	center: autoDraw = True
27.6165 	EXP 	left: autoDraw = True
27.6165 	EXP 	right: autoDraw = True
27.6165 	EXP 	up: autoDraw = True
27.6165 	EXP 	down: autoDraw = True
27.6327 	EXP 	center: autoDraw = True
27.6327 	EXP 	left: autoDraw = True
27.6327 	EXP 	right: autoDraw = True
27.6327 	EXP 	up: autoDraw = True
27.6327 	EXP 	down: autoDraw = True
27.6496 	EXP 	center: autoDraw = True
27.6496 	EXP 	left: autoDraw = True
27.6496 	EXP 	right: autoDraw = True
27.6496 	EXP 	up: autoDraw = True
27.6496 	EXP 	down: autoDraw = True
27.6663 	EXP 	center: autoDraw = True
27.6663 	EXP 	left: autoDraw = True
27.6663 	EXP 	right: autoDraw = True
27.6663 	EXP 	up: autoDraw = True
27.6663 	EXP 	down: autoDraw = True
27.6828 	EXP 	center: autoDraw = True
27.6828 	EXP 	left: autoDraw = True
27.6828 	EXP 	right: autoDraw = True
27.6828 	EXP 	up: autoDraw = True
27.6828 	EXP 	down: autoDraw = True
27.6995 	EXP 	center: autoDraw = True
27.6995 	EXP 	left: autoDraw = True
27.6995 	EXP 	right: autoDraw = True
27.6995 	EXP 	up: autoDraw = True
27.6995 	EXP 	down: autoDraw = True
27.7162 	EXP 	center: autoDraw = True
27.7162 	EXP 	left: autoDraw = True
27.7162 	EXP 	right: autoDraw = True
27.7162 	EXP 	up: autoDraw = True
27.7162 	EXP 	down: autoDraw = True
27.7330 	EXP 	center: autoDraw = True
27.7330 	EXP 	left: autoDraw = True
27.7330 	EXP 	right: autoDraw = True
27.7330 	EXP 	up: autoDraw = True
27.7330 	EXP 	down: autoDraw = True
27.7494 	EXP 	center: autoDraw = True
27.7494 	EXP 	left: autoDraw = True
27.7494 	EXP 	right: autoDraw = True
27.7494 	EXP 	up: autoDraw = True
27.7494 	EXP 	down: autoDraw = True
27.7662 	EXP 	center: autoDraw = True
27.7662 	EXP 	left: autoDraw = True
27.7662 	EXP 	right: autoDraw = True
27.7662 	EXP 	up: autoDraw = True
27.7662 	EXP 	down: autoDraw = True
27.7830 	EXP 	center: autoDraw = True
27.7830 	EXP 	left: autoDraw = True
27.7830 	EXP 	right: autoDraw = True
27.7830 	EXP 	up: autoDraw = True
27.7830 	EXP 	down: autoDraw = True
27.7993 	EXP 	center: autoDraw = True
27.7993 	EXP 	left: autoDraw = True
27.7993 	EXP 	right: autoDraw = True
27.7993 	EXP 	up: autoDraw = True
27.7993 	EXP 	down: autoDraw = True
27.8161 	EXP 	center: autoDraw = True
27.8161 	EXP 	left: autoDraw = True
27.8161 	EXP 	right: autoDraw = True
27.8161 	EXP 	up: autoDraw = True
27.8161 	EXP 	down: autoDraw = True
27.8324 	EXP 	center: autoDraw = True
27.8324 	EXP 	left: autoDraw = True
27.8324 	EXP 	right: autoDraw = True
27.8324 	EXP 	up: autoDraw = True
27.8324 	EXP 	down: autoDraw = True
27.8494 	EXP 	center: autoDraw = True
27.8494 	EXP 	left: autoDraw = True
27.8494 	EXP 	right: autoDraw = True
27.8494 	EXP 	up: autoDraw = True
27.8494 	EXP 	down: autoDraw = True
27.8661 	EXP 	center: autoDraw = True
27.8661 	EXP 	left: autoDraw = True
27.8661 	EXP 	right: autoDraw = True
27.8661 	EXP 	up: autoDraw = True
27.8661 	EXP 	down: autoDraw = True
27.8830 	EXP 	center: autoDraw = True
27.8830 	EXP 	left: autoDraw = True
27.8830 	EXP 	right: autoDraw = True
27.8830 	EXP 	up: autoDraw = True
27.8830 	EXP 	down: autoDraw = True
27.8992 	EXP 	center: autoDraw = True
27.8992 	EXP 	left: autoDraw = True
27.8992 	EXP 	right: autoDraw = True
27.8992 	EXP 	up: autoDraw = True
27.8992 	EXP 	down: autoDraw = True
27.9162 	EXP 	center: autoDraw = True
27.9162 	EXP 	left: autoDraw = True
27.9162 	EXP 	right: autoDraw = True
27.9162 	EXP 	up: autoDraw = True
27.9162 	EXP 	down: autoDraw = True
27.9330 	EXP 	center: autoDraw = True
27.9330 	EXP 	left: autoDraw = True
27.9330 	EXP 	right: autoDraw = True
27.9330 	EXP 	up: autoDraw = True
27.9330 	EXP 	down: autoDraw = True
27.9497 	EXP 	center: autoDraw = True
27.9497 	EXP 	left: autoDraw = True
27.9497 	EXP 	right: autoDraw = True
27.9497 	EXP 	up: autoDraw = True
27.9497 	EXP 	down: autoDraw = True
27.9660 	EXP 	center: autoDraw = True
27.9660 	EXP 	left: autoDraw = True
27.9660 	EXP 	right: autoDraw = True
27.9660 	EXP 	up: autoDraw = True
27.9660 	EXP 	down: autoDraw = True
27.9828 	EXP 	center: autoDraw = True
27.9828 	EXP 	left: autoDraw = True
27.9828 	EXP 	right: autoDraw = True
27.9828 	EXP 	up: autoDraw = True
27.9828 	EXP 	down: autoDraw = True
27.9996 	EXP 	center: autoDraw = True
27.9996 	EXP 	left: autoDraw = True
27.9996 	EXP 	right: autoDraw = True
27.9996 	EXP 	up: autoDraw = True
27.9996 	EXP 	down: autoDraw = True
28.0164 	EXP 	center: autoDraw = True
28.0164 	EXP 	left: autoDraw = True
28.0164 	EXP 	right: autoDraw = True
28.0164 	EXP 	up: autoDraw = True
28.0164 	EXP 	down: autoDraw = True
28.0327 	EXP 	center: autoDraw = True
28.0327 	EXP 	left: autoDraw = True
28.0327 	EXP 	right: autoDraw = True
28.0327 	EXP 	up: autoDraw = True
28.0327 	EXP 	down: autoDraw = True
28.0494 	EXP 	center: autoDraw = True
28.0494 	EXP 	left: autoDraw = True
28.0494 	EXP 	right: autoDraw = True
28.0494 	EXP 	up: autoDraw = True
28.0494 	EXP 	down: autoDraw = True
28.0664 	EXP 	center: autoDraw = True
28.0664 	EXP 	left: autoDraw = True
28.0664 	EXP 	right: autoDraw = True
28.0664 	EXP 	up: autoDraw = True
28.0664 	EXP 	down: autoDraw = True
28.0827 	EXP 	center: autoDraw = True
28.0827 	EXP 	left: autoDraw = True
28.0827 	EXP 	right: autoDraw = True
28.0827 	EXP 	up: autoDraw = True
28.0827 	EXP 	down: autoDraw = True
28.0996 	EXP 	center: autoDraw = True
28.0996 	EXP 	left: autoDraw = True
28.0996 	EXP 	right: autoDraw = True
28.0996 	EXP 	up: autoDraw = True
28.0996 	EXP 	down: autoDraw = True
28.1162 	EXP 	center: autoDraw = True
28.1162 	EXP 	left: autoDraw = True
28.1162 	EXP 	right: autoDraw = True
28.1162 	EXP 	up: autoDraw = True
28.1162 	EXP 	down: autoDraw = True
28.1325 	EXP 	center: autoDraw = True
28.1325 	EXP 	left: autoDraw = True
28.1325 	EXP 	right: autoDraw = True
28.1325 	EXP 	up: autoDraw = True
28.1325 	EXP 	down: autoDraw = True
28.1495 	EXP 	center: autoDraw = True
28.1495 	EXP 	left: autoDraw = True
28.1495 	EXP 	right: autoDraw = True
28.1495 	EXP 	up: autoDraw = True
28.1495 	EXP 	down: autoDraw = True
28.1660 	EXP 	center: autoDraw = True
28.1660 	EXP 	left: autoDraw = True
28.1660 	EXP 	right: autoDraw = True
28.1660 	EXP 	up: autoDraw = True
28.1660 	EXP 	down: autoDraw = True
28.1830 	EXP 	center: autoDraw = True
28.1830 	EXP 	left: autoDraw = True
28.1830 	EXP 	right: autoDraw = True
28.1830 	EXP 	up: autoDraw = True
28.1830 	EXP 	down: autoDraw = True
28.1990 	EXP 	center: autoDraw = True
28.1990 	EXP 	left: autoDraw = True
28.1990 	EXP 	right: autoDraw = True
28.1990 	EXP 	up: autoDraw = True
28.1990 	EXP 	down: autoDraw = True
28.2157 	EXP 	center: autoDraw = True
28.2157 	EXP 	left: autoDraw = True
28.2157 	EXP 	right: autoDraw = True
28.2157 	EXP 	up: autoDraw = True
28.2157 	EXP 	down: autoDraw = True
28.2325 	EXP 	center: autoDraw = True
28.2325 	EXP 	left: autoDraw = True
28.2325 	EXP 	right: autoDraw = True
28.2325 	EXP 	up: autoDraw = True
28.2325 	EXP 	down: autoDraw = True
28.2496 	EXP 	center: autoDraw = True
28.2496 	EXP 	left: autoDraw = True
28.2496 	EXP 	right: autoDraw = True
28.2496 	EXP 	up: autoDraw = True
28.2496 	EXP 	down: autoDraw = True
28.2664 	EXP 	center: autoDraw = True
28.2664 	EXP 	left: autoDraw = True
28.2664 	EXP 	right: autoDraw = True
28.2664 	EXP 	up: autoDraw = True
28.2664 	EXP 	down: autoDraw = True
28.2827 	EXP 	center: autoDraw = True
28.2827 	EXP 	left: autoDraw = True
28.2827 	EXP 	right: autoDraw = True
28.2827 	EXP 	up: autoDraw = True
28.2827 	EXP 	down: autoDraw = True
28.2996 	EXP 	center: autoDraw = True
28.2996 	EXP 	left: autoDraw = True
28.2996 	EXP 	right: autoDraw = True
28.2996 	EXP 	up: autoDraw = True
28.2996 	EXP 	down: autoDraw = True
28.3160 	EXP 	center: autoDraw = True
28.3160 	EXP 	left: autoDraw = True
28.3160 	EXP 	right: autoDraw = True
28.3160 	EXP 	up: autoDraw = True
28.3160 	EXP 	down: autoDraw = True
28.3328 	EXP 	center: autoDraw = True
28.3328 	EXP 	left: autoDraw = True
28.3328 	EXP 	right: autoDraw = True
28.3328 	EXP 	up: autoDraw = True
28.3328 	EXP 	down: autoDraw = True
28.3497 	EXP 	center: autoDraw = True
28.3497 	EXP 	left: autoDraw = True
28.3497 	EXP 	right: autoDraw = True
28.3497 	EXP 	up: autoDraw = True
28.3497 	EXP 	down: autoDraw = True
28.3660 	EXP 	center: autoDraw = True
28.3660 	EXP 	left: autoDraw = True
28.3660 	EXP 	right: autoDraw = True
28.3660 	EXP 	up: autoDraw = True
28.3660 	EXP 	down: autoDraw = True
28.3828 	EXP 	center: autoDraw = True
28.3828 	EXP 	left: autoDraw = True
28.3828 	EXP 	right: autoDraw = True
28.3828 	EXP 	up: autoDraw = True
28.3828 	EXP 	down: autoDraw = True
28.3995 	EXP 	center: autoDraw = True
28.3995 	EXP 	left: autoDraw = True
28.3995 	EXP 	right: autoDraw = True
28.3995 	EXP 	up: autoDraw = True
28.3995 	EXP 	down: autoDraw = True
28.4164 	EXP 	center: autoDraw = True
28.4164 	EXP 	left: autoDraw = True
28.4164 	EXP 	right: autoDraw = True
28.4164 	EXP 	up: autoDraw = True
28.4164 	EXP 	down: autoDraw = True
28.4327 	EXP 	center: autoDraw = True
28.4327 	EXP 	left: autoDraw = True
28.4327 	EXP 	right: autoDraw = True
28.4327 	EXP 	up: autoDraw = True
28.4327 	EXP 	down: autoDraw = True
28.4495 	EXP 	center: autoDraw = True
28.4495 	EXP 	left: autoDraw = True
28.4495 	EXP 	right: autoDraw = True
28.4495 	EXP 	up: autoDraw = True
28.4495 	EXP 	down: autoDraw = True
28.4663 	EXP 	center: autoDraw = True
28.4663 	EXP 	left: autoDraw = True
28.4663 	EXP 	right: autoDraw = True
28.4663 	EXP 	up: autoDraw = True
28.4663 	EXP 	down: autoDraw = True
28.4826 	EXP 	center: autoDraw = True
28.4826 	EXP 	left: autoDraw = True
28.4826 	EXP 	right: autoDraw = True
28.4826 	EXP 	up: autoDraw = True
28.4826 	EXP 	down: autoDraw = True
28.4994 	EXP 	center: autoDraw = True
28.4994 	EXP 	left: autoDraw = True
28.4994 	EXP 	right: autoDraw = True
28.4994 	EXP 	up: autoDraw = True
28.4994 	EXP 	down: autoDraw = True
28.5162 	EXP 	center: autoDraw = True
28.5162 	EXP 	left: autoDraw = True
28.5162 	EXP 	right: autoDraw = True
28.5162 	EXP 	up: autoDraw = True
28.5162 	EXP 	down: autoDraw = True
28.5329 	EXP 	center: autoDraw = True
28.5329 	EXP 	left: autoDraw = True
28.5329 	EXP 	right: autoDraw = True
28.5329 	EXP 	up: autoDraw = True
28.5329 	EXP 	down: autoDraw = True
28.5493 	EXP 	center: autoDraw = True
28.5493 	EXP 	left: autoDraw = True
28.5493 	EXP 	right: autoDraw = True
28.5493 	EXP 	up: autoDraw = True
28.5493 	EXP 	down: autoDraw = True
28.5663 	EXP 	center: autoDraw = True
28.5663 	EXP 	left: autoDraw = True
28.5663 	EXP 	right: autoDraw = True
28.5663 	EXP 	up: autoDraw = True
28.5663 	EXP 	down: autoDraw = True
28.5826 	EXP 	center: autoDraw = True
28.5826 	EXP 	left: autoDraw = True
28.5826 	EXP 	right: autoDraw = True
28.5826 	EXP 	up: autoDraw = True
28.5826 	EXP 	down: autoDraw = True
28.5988 	EXP 	center: autoDraw = True
28.5988 	EXP 	left: autoDraw = True
28.5988 	EXP 	right: autoDraw = True
28.5988 	EXP 	up: autoDraw = True
28.5988 	EXP 	down: autoDraw = True
28.6161 	EXP 	center: autoDraw = True
28.6161 	EXP 	left: autoDraw = True
28.6161 	EXP 	right: autoDraw = True
28.6161 	EXP 	up: autoDraw = True
28.6161 	EXP 	down: autoDraw = True
28.6331 	EXP 	center: autoDraw = True
28.6331 	EXP 	left: autoDraw = True
28.6331 	EXP 	right: autoDraw = True
28.6331 	EXP 	up: autoDraw = True
28.6331 	EXP 	down: autoDraw = True
28.6494 	EXP 	center: autoDraw = True
28.6494 	EXP 	left: autoDraw = True
28.6494 	EXP 	right: autoDraw = True
28.6494 	EXP 	up: autoDraw = True
28.6494 	EXP 	down: autoDraw = True
28.6662 	EXP 	center: autoDraw = True
28.6662 	EXP 	left: autoDraw = True
28.6662 	EXP 	right: autoDraw = True
28.6662 	EXP 	up: autoDraw = True
28.6662 	EXP 	down: autoDraw = True
28.6826 	EXP 	center: autoDraw = True
28.6826 	EXP 	left: autoDraw = True
28.6826 	EXP 	right: autoDraw = True
28.6826 	EXP 	up: autoDraw = True
28.6826 	EXP 	down: autoDraw = True
28.6993 	EXP 	center: autoDraw = True
28.6993 	EXP 	left: autoDraw = True
28.6993 	EXP 	right: autoDraw = True
28.6993 	EXP 	up: autoDraw = True
28.6993 	EXP 	down: autoDraw = True
28.7162 	EXP 	center: autoDraw = True
28.7162 	EXP 	left: autoDraw = True
28.7162 	EXP 	right: autoDraw = True
28.7162 	EXP 	up: autoDraw = True
28.7162 	EXP 	down: autoDraw = True
28.7330 	EXP 	center: autoDraw = True
28.7330 	EXP 	left: autoDraw = True
28.7330 	EXP 	right: autoDraw = True
28.7330 	EXP 	up: autoDraw = True
28.7330 	EXP 	down: autoDraw = True
28.7494 	EXP 	center: autoDraw = True
28.7494 	EXP 	left: autoDraw = True
28.7494 	EXP 	right: autoDraw = True
28.7494 	EXP 	up: autoDraw = True
28.7494 	EXP 	down: autoDraw = True
28.7663 	EXP 	center: autoDraw = True
28.7663 	EXP 	left: autoDraw = True
28.7663 	EXP 	right: autoDraw = True
28.7663 	EXP 	up: autoDraw = True
28.7663 	EXP 	down: autoDraw = True
28.7826 	EXP 	center: autoDraw = True
28.7826 	EXP 	left: autoDraw = True
28.7826 	EXP 	right: autoDraw = True
28.7826 	EXP 	up: autoDraw = True
28.7826 	EXP 	down: autoDraw = True
28.7994 	EXP 	center: autoDraw = True
28.7994 	EXP 	left: autoDraw = True
28.7994 	EXP 	right: autoDraw = True
28.7994 	EXP 	up: autoDraw = True
28.7994 	EXP 	down: autoDraw = True
28.8162 	EXP 	center: autoDraw = True
28.8162 	EXP 	left: autoDraw = True
28.8162 	EXP 	right: autoDraw = True
28.8162 	EXP 	up: autoDraw = True
28.8162 	EXP 	down: autoDraw = True
28.8323 	EXP 	center: autoDraw = True
28.8323 	EXP 	left: autoDraw = True
28.8323 	EXP 	right: autoDraw = True
28.8323 	EXP 	up: autoDraw = True
28.8323 	EXP 	down: autoDraw = True
28.8492 	EXP 	center: autoDraw = True
28.8492 	EXP 	left: autoDraw = True
28.8492 	EXP 	right: autoDraw = True
28.8492 	EXP 	up: autoDraw = True
28.8492 	EXP 	down: autoDraw = True
28.8658 	EXP 	center: autoDraw = True
28.8658 	EXP 	left: autoDraw = True
28.8658 	EXP 	right: autoDraw = True
28.8658 	EXP 	up: autoDraw = True
28.8658 	EXP 	down: autoDraw = True
28.8828 	EXP 	center: autoDraw = True
28.8828 	EXP 	left: autoDraw = True
28.8828 	EXP 	right: autoDraw = True
28.8828 	EXP 	up: autoDraw = True
28.8828 	EXP 	down: autoDraw = True
28.8995 	EXP 	center: autoDraw = True
28.8995 	EXP 	left: autoDraw = True
28.8995 	EXP 	right: autoDraw = True
28.8995 	EXP 	up: autoDraw = True
28.8995 	EXP 	down: autoDraw = True
28.9163 	EXP 	center: autoDraw = True
28.9163 	EXP 	left: autoDraw = True
28.9163 	EXP 	right: autoDraw = True
28.9163 	EXP 	up: autoDraw = True
28.9163 	EXP 	down: autoDraw = True
28.9326 	EXP 	center: autoDraw = True
28.9326 	EXP 	left: autoDraw = True
28.9326 	EXP 	right: autoDraw = True
28.9326 	EXP 	up: autoDraw = True
28.9326 	EXP 	down: autoDraw = True
28.9495 	EXP 	center: autoDraw = True
28.9495 	EXP 	left: autoDraw = True
28.9495 	EXP 	right: autoDraw = True
28.9495 	EXP 	up: autoDraw = True
28.9495 	EXP 	down: autoDraw = True
28.9663 	EXP 	center: autoDraw = True
28.9663 	EXP 	left: autoDraw = True
28.9663 	EXP 	right: autoDraw = True
28.9663 	EXP 	up: autoDraw = True
28.9663 	EXP 	down: autoDraw = True
28.9830 	EXP 	center: autoDraw = True
28.9830 	EXP 	left: autoDraw = True
28.9830 	EXP 	right: autoDraw = True
28.9830 	EXP 	up: autoDraw = True
28.9830 	EXP 	down: autoDraw = True
28.9992 	EXP 	center: autoDraw = True
28.9992 	EXP 	left: autoDraw = True
28.9992 	EXP 	right: autoDraw = True
28.9992 	EXP 	up: autoDraw = True
28.9992 	EXP 	down: autoDraw = True
29.0161 	EXP 	center: autoDraw = True
29.0161 	EXP 	left: autoDraw = True
29.0161 	EXP 	right: autoDraw = True
29.0161 	EXP 	up: autoDraw = True
29.0161 	EXP 	down: autoDraw = True
29.0329 	EXP 	center: autoDraw = True
29.0329 	EXP 	left: autoDraw = True
29.0329 	EXP 	right: autoDraw = True
29.0329 	EXP 	up: autoDraw = True
29.0329 	EXP 	down: autoDraw = True
29.0493 	EXP 	center: autoDraw = True
29.0493 	EXP 	left: autoDraw = True
29.0493 	EXP 	right: autoDraw = True
29.0493 	EXP 	up: autoDraw = True
29.0493 	EXP 	down: autoDraw = True
29.0662 	EXP 	center: autoDraw = True
29.0662 	EXP 	left: autoDraw = True
29.0662 	EXP 	right: autoDraw = True
29.0662 	EXP 	up: autoDraw = True
29.0662 	EXP 	down: autoDraw = True
29.0827 	EXP 	center: autoDraw = True
29.0827 	EXP 	left: autoDraw = True
29.0827 	EXP 	right: autoDraw = True
29.0827 	EXP 	up: autoDraw = True
29.0827 	EXP 	down: autoDraw = True
29.0994 	EXP 	center: autoDraw = True
29.0994 	EXP 	left: autoDraw = True
29.0994 	EXP 	right: autoDraw = True
29.0994 	EXP 	up: autoDraw = True
29.0994 	EXP 	down: autoDraw = True
29.1162 	EXP 	center: autoDraw = True
29.1162 	EXP 	left: autoDraw = True
29.1162 	EXP 	right: autoDraw = True
29.1162 	EXP 	up: autoDraw = True
29.1162 	EXP 	down: autoDraw = True
29.1326 	EXP 	center: autoDraw = True
29.1326 	EXP 	left: autoDraw = True
29.1326 	EXP 	right: autoDraw = True
29.1326 	EXP 	up: autoDraw = True
29.1326 	EXP 	down: autoDraw = True
29.1494 	EXP 	center: autoDraw = True
29.1494 	EXP 	left: autoDraw = True
29.1494 	EXP 	right: autoDraw = True
29.1494 	EXP 	up: autoDraw = True
29.1494 	EXP 	down: autoDraw = True
29.1662 	EXP 	center: autoDraw = True
29.1662 	EXP 	left: autoDraw = True
29.1662 	EXP 	right: autoDraw = True
29.1662 	EXP 	up: autoDraw = True
29.1662 	EXP 	down: autoDraw = True
29.1826 	EXP 	center: autoDraw = True
29.1826 	EXP 	left: autoDraw = True
29.1826 	EXP 	right: autoDraw = True
29.1826 	EXP 	up: autoDraw = True
29.1826 	EXP 	down: autoDraw = True
29.1994 	EXP 	center: autoDraw = True
29.1994 	EXP 	left: autoDraw = True
29.1994 	EXP 	right: autoDraw = True
29.1994 	EXP 	up: autoDraw = True
29.1994 	EXP 	down: autoDraw = True
29.2159 	EXP 	center: autoDraw = True
29.2159 	EXP 	left: autoDraw = True
29.2159 	EXP 	right: autoDraw = True
29.2159 	EXP 	up: autoDraw = True
29.2159 	EXP 	down: autoDraw = True
29.2326 	EXP 	center: autoDraw = True
29.2326 	EXP 	left: autoDraw = True
29.2326 	EXP 	right: autoDraw = True
29.2326 	EXP 	up: autoDraw = True
29.2326 	EXP 	down: autoDraw = True
29.2489 	EXP 	center: autoDraw = True
29.2489 	EXP 	left: autoDraw = True
29.2489 	EXP 	right: autoDraw = True
29.2489 	EXP 	up: autoDraw = True
29.2489 	EXP 	down: autoDraw = True
29.2659 	EXP 	center: autoDraw = True
29.2659 	EXP 	left: autoDraw = True
29.2659 	EXP 	right: autoDraw = True
29.2659 	EXP 	up: autoDraw = True
29.2659 	EXP 	down: autoDraw = True
29.2828 	EXP 	center: autoDraw = True
29.2828 	EXP 	left: autoDraw = True
29.2828 	EXP 	right: autoDraw = True
29.2828 	EXP 	up: autoDraw = True
29.2828 	EXP 	down: autoDraw = True
29.2996 	EXP 	center: autoDraw = True
29.2996 	EXP 	left: autoDraw = True
29.2996 	EXP 	right: autoDraw = True
29.2996 	EXP 	up: autoDraw = True
29.2996 	EXP 	down: autoDraw = True
29.3159 	EXP 	center: autoDraw = True
29.3159 	EXP 	left: autoDraw = True
29.3159 	EXP 	right: autoDraw = True
29.3159 	EXP 	up: autoDraw = True
29.3159 	EXP 	down: autoDraw = True
29.3328 	EXP 	center: autoDraw = True
29.3328 	EXP 	left: autoDraw = True
29.3328 	EXP 	right: autoDraw = True
29.3328 	EXP 	up: autoDraw = True
29.3328 	EXP 	down: autoDraw = True
29.3329 	EXP 	Sound  started
29.3367 	DATA 	sbli | frame count: 480
29.3494 	EXP 	center: autoDraw = True
29.3494 	EXP 	left: autoDraw = True
29.3494 	EXP 	right: autoDraw = True
29.3494 	EXP 	up: autoDraw = True
29.3494 	EXP 	down: autoDraw = True
29.3662 	EXP 	center: autoDraw = True
29.3662 	EXP 	left: autoDraw = True
29.3662 	EXP 	right: autoDraw = True
29.3662 	EXP 	up: autoDraw = True
29.3662 	EXP 	down: autoDraw = True
29.3827 	EXP 	center: autoDraw = True
29.3827 	EXP 	left: autoDraw = True
29.3827 	EXP 	right: autoDraw = True
29.3827 	EXP 	up: autoDraw = True
29.3827 	EXP 	down: autoDraw = True
29.3987 	EXP 	center: autoDraw = True
29.3987 	EXP 	left: autoDraw = True
29.3987 	EXP 	right: autoDraw = True
29.3987 	EXP 	up: autoDraw = True
29.3987 	EXP 	down: autoDraw = True
29.4159 	EXP 	center: autoDraw = True
29.4159 	EXP 	left: autoDraw = True
29.4159 	EXP 	right: autoDraw = True
29.4159 	EXP 	up: autoDraw = True
29.4159 	EXP 	down: autoDraw = True
29.4327 	EXP 	center: autoDraw = True
29.4327 	EXP 	left: autoDraw = True
29.4327 	EXP 	right: autoDraw = True
29.4327 	EXP 	up: autoDraw = True
29.4327 	EXP 	down: autoDraw = True
29.4495 	EXP 	center: autoDraw = True
29.4495 	EXP 	left: autoDraw = True
29.4495 	EXP 	right: autoDraw = True
29.4495 	EXP 	up: autoDraw = True
29.4495 	EXP 	down: autoDraw = True
29.4660 	EXP 	center: autoDraw = True
29.4660 	EXP 	left: autoDraw = True
29.4660 	EXP 	right: autoDraw = True
29.4660 	EXP 	up: autoDraw = True
29.4660 	EXP 	down: autoDraw = True
29.4829 	EXP 	center: autoDraw = True
29.4829 	EXP 	left: autoDraw = True
29.4829 	EXP 	right: autoDraw = True
29.4829 	EXP 	up: autoDraw = True
29.4829 	EXP 	down: autoDraw = True
29.4992 	EXP 	center: autoDraw = True
29.4992 	EXP 	left: autoDraw = True
29.4992 	EXP 	right: autoDraw = True
29.4992 	EXP 	up: autoDraw = True
29.4992 	EXP 	down: autoDraw = True
29.5159 	EXP 	center: autoDraw = True
29.5159 	EXP 	left: autoDraw = True
29.5159 	EXP 	right: autoDraw = True
29.5159 	EXP 	up: autoDraw = True
29.5159 	EXP 	down: autoDraw = True
29.5327 	EXP 	center: autoDraw = True
29.5327 	EXP 	left: autoDraw = True
29.5327 	EXP 	right: autoDraw = True
29.5327 	EXP 	up: autoDraw = True
29.5327 	EXP 	down: autoDraw = True
29.5494 	EXP 	center: autoDraw = True
29.5494 	EXP 	left: autoDraw = True
29.5494 	EXP 	right: autoDraw = True
29.5494 	EXP 	up: autoDraw = True
29.5494 	EXP 	down: autoDraw = True
29.5657 	EXP 	center: autoDraw = True
29.5657 	EXP 	left: autoDraw = True
29.5657 	EXP 	right: autoDraw = True
29.5657 	EXP 	up: autoDraw = True
29.5657 	EXP 	down: autoDraw = True
29.5826 	EXP 	center: autoDraw = True
29.5826 	EXP 	left: autoDraw = True
29.5826 	EXP 	right: autoDraw = True
29.5826 	EXP 	up: autoDraw = True
29.5826 	EXP 	down: autoDraw = True
29.5994 	EXP 	center: autoDraw = True
29.5994 	EXP 	left: autoDraw = True
29.5994 	EXP 	right: autoDraw = True
29.5994 	EXP 	up: autoDraw = True
29.5994 	EXP 	down: autoDraw = True
29.6163 	EXP 	center: autoDraw = True
29.6163 	EXP 	left: autoDraw = True
29.6163 	EXP 	right: autoDraw = True
29.6163 	EXP 	up: autoDraw = True
29.6163 	EXP 	down: autoDraw = True
29.6320 	EXP 	center: autoDraw = True
29.6320 	EXP 	left: autoDraw = True
29.6320 	EXP 	right: autoDraw = True
29.6320 	EXP 	up: autoDraw = True
29.6320 	EXP 	down: autoDraw = True
29.6492 	EXP 	center: autoDraw = True
29.6492 	EXP 	left: autoDraw = True
29.6492 	EXP 	right: autoDraw = True
29.6492 	EXP 	up: autoDraw = True
29.6492 	EXP 	down: autoDraw = True
29.6660 	EXP 	center: autoDraw = True
29.6660 	EXP 	left: autoDraw = True
29.6660 	EXP 	right: autoDraw = True
29.6660 	EXP 	up: autoDraw = True
29.6660 	EXP 	down: autoDraw = True
29.6662 	DATA 	wsqS
29.6830 	EXP 	center: autoDraw = True
29.6830 	EXP 	left: autoDraw = True
29.6830 	EXP 	right: autoDraw = True
29.6830 	EXP 	up: autoDraw = True
29.6830 	EXP 	down: autoDraw = True
29.6830 	EXP 	whitesquare: autoDraw = True
29.6992 	EXP 	center: autoDraw = True
29.6992 	EXP 	left: autoDraw = True
29.6992 	EXP 	right: autoDraw = True
29.6992 	EXP 	up: autoDraw = True
29.6992 	EXP 	down: autoDraw = True
29.6992 	EXP 	whitesquare: autoDraw = False
29.7162 	EXP 	center: autoDraw = True
29.7162 	EXP 	left: autoDraw = True
29.7162 	EXP 	right: autoDraw = True
29.7162 	EXP 	up: autoDraw = True
29.7162 	EXP 	down: autoDraw = True
29.7325 	EXP 	center: autoDraw = True
29.7325 	EXP 	left: autoDraw = True
29.7325 	EXP 	right: autoDraw = True
29.7325 	EXP 	up: autoDraw = True
29.7325 	EXP 	down: autoDraw = True
29.7494 	EXP 	center: autoDraw = True
29.7494 	EXP 	left: autoDraw = True
29.7494 	EXP 	right: autoDraw = True
29.7494 	EXP 	up: autoDraw = True
29.7494 	EXP 	down: autoDraw = True
29.7662 	EXP 	center: autoDraw = True
29.7662 	EXP 	left: autoDraw = True
29.7662 	EXP 	right: autoDraw = True
29.7662 	EXP 	up: autoDraw = True
29.7662 	EXP 	down: autoDraw = True
29.7826 	EXP 	center: autoDraw = True
29.7826 	EXP 	left: autoDraw = True
29.7826 	EXP 	right: autoDraw = True
29.7826 	EXP 	up: autoDraw = True
29.7826 	EXP 	down: autoDraw = True
29.7993 	EXP 	center: autoDraw = True
29.7993 	EXP 	left: autoDraw = True
29.7993 	EXP 	right: autoDraw = True
29.7993 	EXP 	up: autoDraw = True
29.7993 	EXP 	down: autoDraw = True
29.8162 	EXP 	center: autoDraw = True
29.8162 	EXP 	left: autoDraw = True
29.8162 	EXP 	right: autoDraw = True
29.8162 	EXP 	up: autoDraw = True
29.8162 	EXP 	down: autoDraw = True
29.8325 	EXP 	center: autoDraw = True
29.8325 	EXP 	left: autoDraw = True
29.8325 	EXP 	right: autoDraw = True
29.8325 	EXP 	up: autoDraw = True
29.8325 	EXP 	down: autoDraw = True
29.8493 	EXP 	center: autoDraw = True
29.8493 	EXP 	left: autoDraw = True
29.8493 	EXP 	right: autoDraw = True
29.8493 	EXP 	up: autoDraw = True
29.8493 	EXP 	down: autoDraw = True
29.8663 	EXP 	center: autoDraw = True
29.8663 	EXP 	left: autoDraw = True
29.8663 	EXP 	right: autoDraw = True
29.8663 	EXP 	up: autoDraw = True
29.8663 	EXP 	down: autoDraw = True
29.8825 	EXP 	center: autoDraw = True
29.8825 	EXP 	left: autoDraw = True
29.8825 	EXP 	right: autoDraw = True
29.8825 	EXP 	up: autoDraw = True
29.8825 	EXP 	down: autoDraw = True
29.8990 	EXP 	center: autoDraw = True
29.8990 	EXP 	left: autoDraw = True
29.8990 	EXP 	right: autoDraw = True
29.8990 	EXP 	up: autoDraw = True
29.8990 	EXP 	down: autoDraw = True
29.9160 	EXP 	center: autoDraw = True
29.9160 	EXP 	left: autoDraw = True
29.9160 	EXP 	right: autoDraw = True
29.9160 	EXP 	up: autoDraw = True
29.9160 	EXP 	down: autoDraw = True
29.9329 	EXP 	center: autoDraw = True
29.9329 	EXP 	left: autoDraw = True
29.9329 	EXP 	right: autoDraw = True
29.9329 	EXP 	up: autoDraw = True
29.9329 	EXP 	down: autoDraw = True
29.9493 	EXP 	center: autoDraw = True
29.9493 	EXP 	left: autoDraw = True
29.9493 	EXP 	right: autoDraw = True
29.9493 	EXP 	up: autoDraw = True
29.9493 	EXP 	down: autoDraw = True
29.9661 	EXP 	center: autoDraw = True
29.9661 	EXP 	left: autoDraw = True
29.9661 	EXP 	right: autoDraw = True
29.9661 	EXP 	up: autoDraw = True
29.9661 	EXP 	down: autoDraw = True
29.9825 	EXP 	center: autoDraw = True
29.9825 	EXP 	left: autoDraw = True
29.9825 	EXP 	right: autoDraw = True
29.9825 	EXP 	up: autoDraw = True
29.9825 	EXP 	down: autoDraw = True
29.9993 	EXP 	center: autoDraw = True
29.9993 	EXP 	left: autoDraw = True
29.9993 	EXP 	right: autoDraw = True
29.9993 	EXP 	up: autoDraw = True
29.9993 	EXP 	down: autoDraw = True
30.0152 	EXP 	center: autoDraw = True
30.0152 	EXP 	left: autoDraw = True
30.0152 	EXP 	right: autoDraw = True
30.0152 	EXP 	up: autoDraw = True
30.0152 	EXP 	down: autoDraw = True
30.0325 	EXP 	center: autoDraw = True
30.0325 	EXP 	left: autoDraw = True
30.0325 	EXP 	right: autoDraw = True
30.0325 	EXP 	up: autoDraw = True
30.0325 	EXP 	down: autoDraw = True
30.0493 	EXP 	center: autoDraw = True
30.0493 	EXP 	left: autoDraw = True
30.0493 	EXP 	right: autoDraw = True
30.0493 	EXP 	up: autoDraw = True
30.0493 	EXP 	down: autoDraw = True
30.0660 	EXP 	center: autoDraw = True
30.0660 	EXP 	left: autoDraw = True
30.0660 	EXP 	right: autoDraw = True
30.0660 	EXP 	up: autoDraw = True
30.0660 	EXP 	down: autoDraw = True
30.0828 	EXP 	center: autoDraw = True
30.0828 	EXP 	left: autoDraw = True
30.0828 	EXP 	right: autoDraw = True
30.0828 	EXP 	up: autoDraw = True
30.0828 	EXP 	down: autoDraw = True
30.0992 	EXP 	center: autoDraw = True
30.0992 	EXP 	left: autoDraw = True
30.0992 	EXP 	right: autoDraw = True
30.0992 	EXP 	up: autoDraw = True
30.0992 	EXP 	down: autoDraw = True
30.1160 	EXP 	center: autoDraw = True
30.1160 	EXP 	left: autoDraw = True
30.1160 	EXP 	right: autoDraw = True
30.1160 	EXP 	up: autoDraw = True
30.1160 	EXP 	down: autoDraw = True
30.1328 	EXP 	center: autoDraw = True
30.1328 	EXP 	left: autoDraw = True
30.1328 	EXP 	right: autoDraw = True
30.1328 	EXP 	up: autoDraw = True
30.1328 	EXP 	down: autoDraw = True
30.1487 	EXP 	center: autoDraw = True
30.1487 	EXP 	left: autoDraw = True
30.1487 	EXP 	right: autoDraw = True
30.1487 	EXP 	up: autoDraw = True
30.1487 	EXP 	down: autoDraw = True
30.1657 	EXP 	center: autoDraw = True
30.1657 	EXP 	left: autoDraw = True
30.1657 	EXP 	right: autoDraw = True
30.1657 	EXP 	up: autoDraw = True
30.1657 	EXP 	down: autoDraw = True
30.1825 	EXP 	center: autoDraw = True
30.1825 	EXP 	left: autoDraw = True
30.1825 	EXP 	right: autoDraw = True
30.1825 	EXP 	up: autoDraw = True
30.1825 	EXP 	down: autoDraw = True
30.1986 	EXP 	center: autoDraw = True
30.1986 	EXP 	left: autoDraw = True
30.1986 	EXP 	right: autoDraw = True
30.1986 	EXP 	up: autoDraw = True
30.1986 	EXP 	down: autoDraw = True
30.2158 	EXP 	center: autoDraw = True
30.2158 	EXP 	left: autoDraw = True
30.2158 	EXP 	right: autoDraw = True
30.2158 	EXP 	up: autoDraw = True
30.2158 	EXP 	down: autoDraw = True
30.2326 	EXP 	center: autoDraw = True
30.2326 	EXP 	left: autoDraw = True
30.2326 	EXP 	right: autoDraw = True
30.2326 	EXP 	up: autoDraw = True
30.2326 	EXP 	down: autoDraw = True
30.2487 	EXP 	center: autoDraw = True
30.2487 	EXP 	left: autoDraw = True
30.2487 	EXP 	right: autoDraw = True
30.2487 	EXP 	up: autoDraw = True
30.2487 	EXP 	down: autoDraw = True
30.2659 	EXP 	center: autoDraw = True
30.2659 	EXP 	left: autoDraw = True
30.2659 	EXP 	right: autoDraw = True
30.2659 	EXP 	up: autoDraw = True
30.2659 	EXP 	down: autoDraw = True
30.2821 	EXP 	center: autoDraw = True
30.2821 	EXP 	left: autoDraw = True
30.2821 	EXP 	right: autoDraw = True
30.2821 	EXP 	up: autoDraw = True
30.2821 	EXP 	down: autoDraw = True
30.2993 	EXP 	center: autoDraw = True
30.2993 	EXP 	left: autoDraw = True
30.2993 	EXP 	right: autoDraw = True
30.2993 	EXP 	up: autoDraw = True
30.2993 	EXP 	down: autoDraw = True
30.3162 	EXP 	center: autoDraw = True
30.3162 	EXP 	left: autoDraw = True
30.3162 	EXP 	right: autoDraw = True
30.3162 	EXP 	up: autoDraw = True
30.3162 	EXP 	down: autoDraw = True
30.3325 	EXP 	center: autoDraw = True
30.3325 	EXP 	left: autoDraw = True
30.3325 	EXP 	right: autoDraw = True
30.3325 	EXP 	up: autoDraw = True
30.3325 	EXP 	down: autoDraw = True
30.3493 	EXP 	center: autoDraw = True
30.3493 	EXP 	left: autoDraw = True
30.3493 	EXP 	right: autoDraw = True
30.3493 	EXP 	up: autoDraw = True
30.3493 	EXP 	down: autoDraw = True
30.3661 	EXP 	center: autoDraw = True
30.3661 	EXP 	left: autoDraw = True
30.3661 	EXP 	right: autoDraw = True
30.3661 	EXP 	up: autoDraw = True
30.3661 	EXP 	down: autoDraw = True
30.3822 	EXP 	center: autoDraw = True
30.3822 	EXP 	left: autoDraw = True
30.3822 	EXP 	right: autoDraw = True
30.3822 	EXP 	up: autoDraw = True
30.3822 	EXP 	down: autoDraw = True
30.3994 	EXP 	center: autoDraw = True
30.3994 	EXP 	left: autoDraw = True
30.3994 	EXP 	right: autoDraw = True
30.3994 	EXP 	up: autoDraw = True
30.3994 	EXP 	down: autoDraw = True
30.4162 	EXP 	center: autoDraw = True
30.4162 	EXP 	left: autoDraw = True
30.4162 	EXP 	right: autoDraw = True
30.4162 	EXP 	up: autoDraw = True
30.4162 	EXP 	down: autoDraw = True
30.4322 	EXP 	center: autoDraw = True
30.4322 	EXP 	left: autoDraw = True
30.4322 	EXP 	right: autoDraw = True
30.4322 	EXP 	up: autoDraw = True
30.4322 	EXP 	down: autoDraw = True
30.4492 	EXP 	center: autoDraw = True
30.4492 	EXP 	left: autoDraw = True
30.4492 	EXP 	right: autoDraw = True
30.4492 	EXP 	up: autoDraw = True
30.4492 	EXP 	down: autoDraw = True
30.4660 	EXP 	center: autoDraw = True
30.4660 	EXP 	left: autoDraw = True
30.4660 	EXP 	right: autoDraw = True
30.4660 	EXP 	up: autoDraw = True
30.4660 	EXP 	down: autoDraw = True
30.4822 	EXP 	center: autoDraw = True
30.4822 	EXP 	left: autoDraw = True
30.4822 	EXP 	right: autoDraw = True
30.4822 	EXP 	up: autoDraw = True
30.4822 	EXP 	down: autoDraw = True
30.4991 	EXP 	center: autoDraw = True
30.4991 	EXP 	left: autoDraw = True
30.4991 	EXP 	right: autoDraw = True
30.4991 	EXP 	up: autoDraw = True
30.4991 	EXP 	down: autoDraw = True
30.5161 	EXP 	center: autoDraw = True
30.5161 	EXP 	left: autoDraw = True
30.5161 	EXP 	right: autoDraw = True
30.5161 	EXP 	up: autoDraw = True
30.5161 	EXP 	down: autoDraw = True
30.5329 	EXP 	center: autoDraw = True
30.5329 	EXP 	left: autoDraw = True
30.5329 	EXP 	right: autoDraw = True
30.5329 	EXP 	up: autoDraw = True
30.5329 	EXP 	down: autoDraw = True
30.5492 	EXP 	center: autoDraw = True
30.5492 	EXP 	left: autoDraw = True
30.5492 	EXP 	right: autoDraw = True
30.5492 	EXP 	up: autoDraw = True
30.5492 	EXP 	down: autoDraw = True
30.5660 	EXP 	center: autoDraw = True
30.5660 	EXP 	left: autoDraw = True
30.5660 	EXP 	right: autoDraw = True
30.5660 	EXP 	up: autoDraw = True
30.5660 	EXP 	down: autoDraw = True
30.5827 	EXP 	center: autoDraw = True
30.5827 	EXP 	left: autoDraw = True
30.5827 	EXP 	right: autoDraw = True
30.5827 	EXP 	up: autoDraw = True
30.5827 	EXP 	down: autoDraw = True
30.5994 	EXP 	center: autoDraw = True
30.5994 	EXP 	left: autoDraw = True
30.5994 	EXP 	right: autoDraw = True
30.5994 	EXP 	up: autoDraw = True
30.5994 	EXP 	down: autoDraw = True
30.6155 	EXP 	center: autoDraw = True
30.6155 	EXP 	left: autoDraw = True
30.6155 	EXP 	right: autoDraw = True
30.6155 	EXP 	up: autoDraw = True
30.6155 	EXP 	down: autoDraw = True
30.6326 	EXP 	center: autoDraw = True
30.6326 	EXP 	left: autoDraw = True
30.6326 	EXP 	right: autoDraw = True
30.6326 	EXP 	up: autoDraw = True
30.6326 	EXP 	down: autoDraw = True
30.6494 	EXP 	center: autoDraw = True
30.6494 	EXP 	left: autoDraw = True
30.6494 	EXP 	right: autoDraw = True
30.6494 	EXP 	up: autoDraw = True
30.6494 	EXP 	down: autoDraw = True
30.6654 	EXP 	center: autoDraw = True
30.6654 	EXP 	left: autoDraw = True
30.6654 	EXP 	right: autoDraw = True
30.6654 	EXP 	up: autoDraw = True
30.6654 	EXP 	down: autoDraw = True
30.6825 	EXP 	center: autoDraw = True
30.6825 	EXP 	left: autoDraw = True
30.6825 	EXP 	right: autoDraw = True
30.6825 	EXP 	up: autoDraw = True
30.6825 	EXP 	down: autoDraw = True
30.6994 	EXP 	center: autoDraw = True
30.6994 	EXP 	left: autoDraw = True
30.6994 	EXP 	right: autoDraw = True
30.6994 	EXP 	up: autoDraw = True
30.6994 	EXP 	down: autoDraw = True
30.7153 	EXP 	center: autoDraw = True
30.7153 	EXP 	left: autoDraw = True
30.7153 	EXP 	right: autoDraw = True
30.7153 	EXP 	up: autoDraw = True
30.7153 	EXP 	down: autoDraw = True
30.7326 	EXP 	center: autoDraw = True
30.7326 	EXP 	left: autoDraw = True
30.7326 	EXP 	right: autoDraw = True
30.7326 	EXP 	up: autoDraw = True
30.7326 	EXP 	down: autoDraw = True
30.7489 	EXP 	center: autoDraw = True
30.7489 	EXP 	left: autoDraw = True
30.7489 	EXP 	right: autoDraw = True
30.7489 	EXP 	up: autoDraw = True
30.7489 	EXP 	down: autoDraw = True
30.7658 	EXP 	center: autoDraw = True
30.7658 	EXP 	left: autoDraw = True
30.7658 	EXP 	right: autoDraw = True
30.7658 	EXP 	up: autoDraw = True
30.7658 	EXP 	down: autoDraw = True
30.7825 	EXP 	center: autoDraw = True
30.7825 	EXP 	left: autoDraw = True
30.7825 	EXP 	right: autoDraw = True
30.7825 	EXP 	up: autoDraw = True
30.7825 	EXP 	down: autoDraw = True
30.7993 	EXP 	center: autoDraw = True
30.7993 	EXP 	left: autoDraw = True
30.7993 	EXP 	right: autoDraw = True
30.7993 	EXP 	up: autoDraw = True
30.7993 	EXP 	down: autoDraw = True
30.8159 	EXP 	center: autoDraw = True
30.8159 	EXP 	left: autoDraw = True
30.8159 	EXP 	right: autoDraw = True
30.8159 	EXP 	up: autoDraw = True
30.8159 	EXP 	down: autoDraw = True
30.8326 	EXP 	center: autoDraw = True
30.8326 	EXP 	left: autoDraw = True
30.8326 	EXP 	right: autoDraw = True
30.8326 	EXP 	up: autoDraw = True
30.8326 	EXP 	down: autoDraw = True
30.8495 	EXP 	center: autoDraw = True
30.8495 	EXP 	left: autoDraw = True
30.8495 	EXP 	right: autoDraw = True
30.8495 	EXP 	up: autoDraw = True
30.8495 	EXP 	down: autoDraw = True
30.8656 	EXP 	center: autoDraw = True
30.8656 	EXP 	left: autoDraw = True
30.8656 	EXP 	right: autoDraw = True
30.8656 	EXP 	up: autoDraw = True
30.8656 	EXP 	down: autoDraw = True
30.8824 	EXP 	center: autoDraw = True
30.8824 	EXP 	left: autoDraw = True
30.8824 	EXP 	right: autoDraw = True
30.8824 	EXP 	up: autoDraw = True
30.8824 	EXP 	down: autoDraw = True
30.8993 	EXP 	center: autoDraw = True
30.8993 	EXP 	left: autoDraw = True
30.8993 	EXP 	right: autoDraw = True
30.8993 	EXP 	up: autoDraw = True
30.8993 	EXP 	down: autoDraw = True
30.9161 	EXP 	center: autoDraw = True
30.9161 	EXP 	left: autoDraw = True
30.9161 	EXP 	right: autoDraw = True
30.9161 	EXP 	up: autoDraw = True
30.9161 	EXP 	down: autoDraw = True
30.9322 	EXP 	center: autoDraw = True
30.9322 	EXP 	left: autoDraw = True
30.9322 	EXP 	right: autoDraw = True
30.9322 	EXP 	up: autoDraw = True
30.9322 	EXP 	down: autoDraw = True
30.9491 	EXP 	center: autoDraw = True
30.9491 	EXP 	left: autoDraw = True
30.9491 	EXP 	right: autoDraw = True
30.9491 	EXP 	up: autoDraw = True
30.9491 	EXP 	down: autoDraw = True
30.9651 	EXP 	center: autoDraw = True
30.9651 	EXP 	left: autoDraw = True
30.9651 	EXP 	right: autoDraw = True
30.9651 	EXP 	up: autoDraw = True
30.9651 	EXP 	down: autoDraw = True
30.9821 	EXP 	center: autoDraw = True
30.9821 	EXP 	left: autoDraw = True
30.9821 	EXP 	right: autoDraw = True
30.9821 	EXP 	up: autoDraw = True
30.9821 	EXP 	down: autoDraw = True
30.9992 	EXP 	center: autoDraw = True
30.9992 	EXP 	left: autoDraw = True
30.9992 	EXP 	right: autoDraw = True
30.9992 	EXP 	up: autoDraw = True
30.9992 	EXP 	down: autoDraw = True
31.0156 	EXP 	center: autoDraw = True
31.0156 	EXP 	left: autoDraw = True
31.0156 	EXP 	right: autoDraw = True
31.0156 	EXP 	up: autoDraw = True
31.0156 	EXP 	down: autoDraw = True
31.0322 	EXP 	center: autoDraw = True
31.0322 	EXP 	left: autoDraw = True
31.0322 	EXP 	right: autoDraw = True
31.0322 	EXP 	up: autoDraw = True
31.0322 	EXP 	down: autoDraw = True
31.0485 	EXP 	center: autoDraw = True
31.0485 	EXP 	left: autoDraw = True
31.0485 	EXP 	right: autoDraw = True
31.0485 	EXP 	up: autoDraw = True
31.0485 	EXP 	down: autoDraw = True
31.0656 	EXP 	center: autoDraw = True
31.0656 	EXP 	left: autoDraw = True
31.0656 	EXP 	right: autoDraw = True
31.0656 	EXP 	up: autoDraw = True
31.0656 	EXP 	down: autoDraw = True
31.0825 	EXP 	center: autoDraw = True
31.0825 	EXP 	left: autoDraw = True
31.0825 	EXP 	right: autoDraw = True
31.0825 	EXP 	up: autoDraw = True
31.0825 	EXP 	down: autoDraw = True
31.0993 	EXP 	center: autoDraw = True
31.0993 	EXP 	left: autoDraw = True
31.0993 	EXP 	right: autoDraw = True
31.0993 	EXP 	up: autoDraw = True
31.0993 	EXP 	down: autoDraw = True
31.1161 	EXP 	center: autoDraw = True
31.1161 	EXP 	left: autoDraw = True
31.1161 	EXP 	right: autoDraw = True
31.1161 	EXP 	up: autoDraw = True
31.1161 	EXP 	down: autoDraw = True
31.1323 	EXP 	center: autoDraw = True
31.1323 	EXP 	left: autoDraw = True
31.1323 	EXP 	right: autoDraw = True
31.1323 	EXP 	up: autoDraw = True
31.1323 	EXP 	down: autoDraw = True
31.1490 	EXP 	center: autoDraw = True
31.1490 	EXP 	left: autoDraw = True
31.1490 	EXP 	right: autoDraw = True
31.1490 	EXP 	up: autoDraw = True
31.1490 	EXP 	down: autoDraw = True
31.1657 	EXP 	center: autoDraw = True
31.1657 	EXP 	left: autoDraw = True
31.1657 	EXP 	right: autoDraw = True
31.1657 	EXP 	up: autoDraw = True
31.1657 	EXP 	down: autoDraw = True
31.1825 	EXP 	center: autoDraw = True
31.1825 	EXP 	left: autoDraw = True
31.1825 	EXP 	right: autoDraw = True
31.1825 	EXP 	up: autoDraw = True
31.1825 	EXP 	down: autoDraw = True
31.1993 	EXP 	center: autoDraw = True
31.1993 	EXP 	left: autoDraw = True
31.1993 	EXP 	right: autoDraw = True
31.1993 	EXP 	up: autoDraw = True
31.1993 	EXP 	down: autoDraw = True
31.2160 	EXP 	center: autoDraw = True
31.2160 	EXP 	left: autoDraw = True
31.2160 	EXP 	right: autoDraw = True
31.2160 	EXP 	up: autoDraw = True
31.2160 	EXP 	down: autoDraw = True
31.2324 	EXP 	center: autoDraw = True
31.2324 	EXP 	left: autoDraw = True
31.2324 	EXP 	right: autoDraw = True
31.2324 	EXP 	up: autoDraw = True
31.2324 	EXP 	down: autoDraw = True
31.2492 	EXP 	center: autoDraw = True
31.2492 	EXP 	left: autoDraw = True
31.2492 	EXP 	right: autoDraw = True
31.2492 	EXP 	up: autoDraw = True
31.2492 	EXP 	down: autoDraw = True
31.2659 	EXP 	center: autoDraw = True
31.2659 	EXP 	left: autoDraw = True
31.2659 	EXP 	right: autoDraw = True
31.2659 	EXP 	up: autoDraw = True
31.2659 	EXP 	down: autoDraw = True
31.2823 	EXP 	center: autoDraw = True
31.2823 	EXP 	left: autoDraw = True
31.2823 	EXP 	right: autoDraw = True
31.2823 	EXP 	up: autoDraw = True
31.2823 	EXP 	down: autoDraw = True
31.2994 	EXP 	center: autoDraw = True
31.2994 	EXP 	left: autoDraw = True
31.2994 	EXP 	right: autoDraw = True
31.2994 	EXP 	up: autoDraw = True
31.2994 	EXP 	down: autoDraw = True
31.3158 	EXP 	center: autoDraw = True
31.3158 	EXP 	left: autoDraw = True
31.3158 	EXP 	right: autoDraw = True
31.3158 	EXP 	up: autoDraw = True
31.3158 	EXP 	down: autoDraw = True
31.3324 	EXP 	center: autoDraw = True
31.3324 	EXP 	left: autoDraw = True
31.3324 	EXP 	right: autoDraw = True
31.3324 	EXP 	up: autoDraw = True
31.3324 	EXP 	down: autoDraw = True
31.3490 	EXP 	center: autoDraw = True
31.3490 	EXP 	left: autoDraw = True
31.3490 	EXP 	right: autoDraw = True
31.3490 	EXP 	up: autoDraw = True
31.3490 	EXP 	down: autoDraw = True
31.3657 	EXP 	center: autoDraw = True
31.3657 	EXP 	left: autoDraw = True
31.3657 	EXP 	right: autoDraw = True
31.3657 	EXP 	up: autoDraw = True
31.3657 	EXP 	down: autoDraw = True
31.3823 	EXP 	center: autoDraw = True
31.3823 	EXP 	left: autoDraw = True
31.3823 	EXP 	right: autoDraw = True
31.3823 	EXP 	up: autoDraw = True
31.3823 	EXP 	down: autoDraw = True
31.3991 	EXP 	center: autoDraw = True
31.3991 	EXP 	left: autoDraw = True
31.3991 	EXP 	right: autoDraw = True
31.3991 	EXP 	up: autoDraw = True
31.3991 	EXP 	down: autoDraw = True
31.4157 	EXP 	center: autoDraw = True
31.4157 	EXP 	left: autoDraw = True
31.4157 	EXP 	right: autoDraw = True
31.4157 	EXP 	up: autoDraw = True
31.4157 	EXP 	down: autoDraw = True
31.4324 	EXP 	center: autoDraw = True
31.4324 	EXP 	left: autoDraw = True
31.4324 	EXP 	right: autoDraw = True
31.4324 	EXP 	up: autoDraw = True
31.4324 	EXP 	down: autoDraw = True
31.4491 	EXP 	center: autoDraw = True
31.4491 	EXP 	left: autoDraw = True
31.4491 	EXP 	right: autoDraw = True
31.4491 	EXP 	up: autoDraw = True
31.4491 	EXP 	down: autoDraw = True
31.4658 	EXP 	center: autoDraw = True
31.4658 	EXP 	left: autoDraw = True
31.4658 	EXP 	right: autoDraw = True
31.4658 	EXP 	up: autoDraw = True
31.4658 	EXP 	down: autoDraw = True
31.4825 	EXP 	center: autoDraw = True
31.4825 	EXP 	left: autoDraw = True
31.4825 	EXP 	right: autoDraw = True
31.4825 	EXP 	up: autoDraw = True
31.4825 	EXP 	down: autoDraw = True
31.4991 	EXP 	center: autoDraw = True
31.4991 	EXP 	left: autoDraw = True
31.4991 	EXP 	right: autoDraw = True
31.4991 	EXP 	up: autoDraw = True
31.4991 	EXP 	down: autoDraw = True
31.5158 	EXP 	center: autoDraw = True
31.5158 	EXP 	left: autoDraw = True
31.5158 	EXP 	right: autoDraw = True
31.5158 	EXP 	up: autoDraw = True
31.5158 	EXP 	down: autoDraw = True
31.5325 	EXP 	center: autoDraw = True
31.5325 	EXP 	left: autoDraw = True
31.5325 	EXP 	right: autoDraw = True
31.5325 	EXP 	up: autoDraw = True
31.5325 	EXP 	down: autoDraw = True
31.5492 	EXP 	center: autoDraw = True
31.5492 	EXP 	left: autoDraw = True
31.5492 	EXP 	right: autoDraw = True
31.5492 	EXP 	up: autoDraw = True
31.5492 	EXP 	down: autoDraw = True
31.5658 	EXP 	center: autoDraw = True
31.5658 	EXP 	left: autoDraw = True
31.5658 	EXP 	right: autoDraw = True
31.5658 	EXP 	up: autoDraw = True
31.5658 	EXP 	down: autoDraw = True
31.5824 	EXP 	center: autoDraw = True
31.5824 	EXP 	left: autoDraw = True
31.5824 	EXP 	right: autoDraw = True
31.5824 	EXP 	up: autoDraw = True
31.5824 	EXP 	down: autoDraw = True
31.5993 	EXP 	center: autoDraw = True
31.5993 	EXP 	left: autoDraw = True
31.5993 	EXP 	right: autoDraw = True
31.5993 	EXP 	up: autoDraw = True
31.5993 	EXP 	down: autoDraw = True
31.6158 	EXP 	center: autoDraw = True
31.6158 	EXP 	left: autoDraw = True
31.6158 	EXP 	right: autoDraw = True
31.6158 	EXP 	up: autoDraw = True
31.6158 	EXP 	down: autoDraw = True
31.6325 	EXP 	center: autoDraw = True
31.6325 	EXP 	left: autoDraw = True
31.6325 	EXP 	right: autoDraw = True
31.6325 	EXP 	up: autoDraw = True
31.6325 	EXP 	down: autoDraw = True
31.6492 	EXP 	center: autoDraw = True
31.6492 	EXP 	left: autoDraw = True
31.6492 	EXP 	right: autoDraw = True
31.6492 	EXP 	up: autoDraw = True
31.6492 	EXP 	down: autoDraw = True
31.6656 	EXP 	center: autoDraw = True
31.6656 	EXP 	left: autoDraw = True
31.6656 	EXP 	right: autoDraw = True
31.6656 	EXP 	up: autoDraw = True
31.6656 	EXP 	down: autoDraw = True
31.6824 	EXP 	center: autoDraw = True
31.6824 	EXP 	left: autoDraw = True
31.6824 	EXP 	right: autoDraw = True
31.6824 	EXP 	up: autoDraw = True
31.6824 	EXP 	down: autoDraw = True
31.6985 	EXP 	center: autoDraw = True
31.6985 	EXP 	left: autoDraw = True
31.6985 	EXP 	right: autoDraw = True
31.6985 	EXP 	up: autoDraw = True
31.6985 	EXP 	down: autoDraw = True
31.7157 	EXP 	center: autoDraw = True
31.7157 	EXP 	left: autoDraw = True
31.7157 	EXP 	right: autoDraw = True
31.7157 	EXP 	up: autoDraw = True
31.7157 	EXP 	down: autoDraw = True
31.7327 	EXP 	center: autoDraw = True
31.7327 	EXP 	left: autoDraw = True
31.7327 	EXP 	right: autoDraw = True
31.7327 	EXP 	up: autoDraw = True
31.7327 	EXP 	down: autoDraw = True
31.7491 	EXP 	center: autoDraw = True
31.7491 	EXP 	left: autoDraw = True
31.7491 	EXP 	right: autoDraw = True
31.7491 	EXP 	up: autoDraw = True
31.7491 	EXP 	down: autoDraw = True
31.7659 	EXP 	center: autoDraw = True
31.7659 	EXP 	left: autoDraw = True
31.7659 	EXP 	right: autoDraw = True
31.7659 	EXP 	up: autoDraw = True
31.7659 	EXP 	down: autoDraw = True
31.7823 	EXP 	center: autoDraw = True
31.7823 	EXP 	left: autoDraw = True
31.7823 	EXP 	right: autoDraw = True
31.7823 	EXP 	up: autoDraw = True
31.7823 	EXP 	down: autoDraw = True
31.7993 	EXP 	center: autoDraw = True
31.7993 	EXP 	left: autoDraw = True
31.7993 	EXP 	right: autoDraw = True
31.7993 	EXP 	up: autoDraw = True
31.7993 	EXP 	down: autoDraw = True
31.8160 	EXP 	center: autoDraw = True
31.8160 	EXP 	left: autoDraw = True
31.8160 	EXP 	right: autoDraw = True
31.8160 	EXP 	up: autoDraw = True
31.8160 	EXP 	down: autoDraw = True
31.8325 	EXP 	center: autoDraw = True
31.8325 	EXP 	left: autoDraw = True
31.8325 	EXP 	right: autoDraw = True
31.8325 	EXP 	up: autoDraw = True
31.8325 	EXP 	down: autoDraw = True
31.8492 	EXP 	center: autoDraw = True
31.8492 	EXP 	left: autoDraw = True
31.8492 	EXP 	right: autoDraw = True
31.8492 	EXP 	up: autoDraw = True
31.8492 	EXP 	down: autoDraw = True
31.8660 	EXP 	center: autoDraw = True
31.8660 	EXP 	left: autoDraw = True
31.8660 	EXP 	right: autoDraw = True
31.8660 	EXP 	up: autoDraw = True
31.8660 	EXP 	down: autoDraw = True
31.8823 	EXP 	center: autoDraw = True
31.8823 	EXP 	left: autoDraw = True
31.8823 	EXP 	right: autoDraw = True
31.8823 	EXP 	up: autoDraw = True
31.8823 	EXP 	down: autoDraw = True
31.8990 	EXP 	center: autoDraw = True
31.8990 	EXP 	left: autoDraw = True
31.8990 	EXP 	right: autoDraw = True
31.8990 	EXP 	up: autoDraw = True
31.8990 	EXP 	down: autoDraw = True
31.9159 	EXP 	center: autoDraw = True
31.9159 	EXP 	left: autoDraw = True
31.9159 	EXP 	right: autoDraw = True
31.9159 	EXP 	up: autoDraw = True
31.9159 	EXP 	down: autoDraw = True
31.9325 	EXP 	center: autoDraw = True
31.9325 	EXP 	left: autoDraw = True
31.9325 	EXP 	right: autoDraw = True
31.9325 	EXP 	up: autoDraw = True
31.9325 	EXP 	down: autoDraw = True
31.9494 	EXP 	center: autoDraw = True
31.9494 	EXP 	left: autoDraw = True
31.9494 	EXP 	right: autoDraw = True
31.9494 	EXP 	up: autoDraw = True
31.9494 	EXP 	down: autoDraw = True
31.9658 	EXP 	center: autoDraw = True
31.9658 	EXP 	left: autoDraw = True
31.9658 	EXP 	right: autoDraw = True
31.9658 	EXP 	up: autoDraw = True
31.9658 	EXP 	down: autoDraw = True
31.9826 	EXP 	center: autoDraw = True
31.9826 	EXP 	left: autoDraw = True
31.9826 	EXP 	right: autoDraw = True
31.9826 	EXP 	up: autoDraw = True
31.9826 	EXP 	down: autoDraw = True
31.9994 	EXP 	center: autoDraw = True
31.9994 	EXP 	left: autoDraw = True
31.9994 	EXP 	right: autoDraw = True
31.9994 	EXP 	up: autoDraw = True
31.9994 	EXP 	down: autoDraw = True
32.0157 	EXP 	center: autoDraw = True
32.0157 	EXP 	left: autoDraw = True
32.0157 	EXP 	right: autoDraw = True
32.0157 	EXP 	up: autoDraw = True
32.0157 	EXP 	down: autoDraw = True
32.0326 	EXP 	center: autoDraw = True
32.0326 	EXP 	left: autoDraw = True
32.0326 	EXP 	right: autoDraw = True
32.0326 	EXP 	up: autoDraw = True
32.0326 	EXP 	down: autoDraw = True
32.0490 	EXP 	center: autoDraw = True
32.0490 	EXP 	left: autoDraw = True
32.0490 	EXP 	right: autoDraw = True
32.0490 	EXP 	up: autoDraw = True
32.0490 	EXP 	down: autoDraw = True
32.0659 	EXP 	center: autoDraw = True
32.0659 	EXP 	left: autoDraw = True
32.0659 	EXP 	right: autoDraw = True
32.0659 	EXP 	up: autoDraw = True
32.0659 	EXP 	down: autoDraw = True
32.0828 	EXP 	center: autoDraw = True
32.0828 	EXP 	left: autoDraw = True
32.0828 	EXP 	right: autoDraw = True
32.0828 	EXP 	up: autoDraw = True
32.0828 	EXP 	down: autoDraw = True
32.0989 	EXP 	center: autoDraw = True
32.0989 	EXP 	left: autoDraw = True
32.0989 	EXP 	right: autoDraw = True
32.0989 	EXP 	up: autoDraw = True
32.0989 	EXP 	down: autoDraw = True
32.1158 	EXP 	center: autoDraw = True
32.1158 	EXP 	left: autoDraw = True
32.1158 	EXP 	right: autoDraw = True
32.1158 	EXP 	up: autoDraw = True
32.1158 	EXP 	down: autoDraw = True
32.1328 	EXP 	center: autoDraw = True
32.1328 	EXP 	left: autoDraw = True
32.1328 	EXP 	right: autoDraw = True
32.1328 	EXP 	up: autoDraw = True
32.1328 	EXP 	down: autoDraw = True
32.1491 	EXP 	center: autoDraw = True
32.1491 	EXP 	left: autoDraw = True
32.1491 	EXP 	right: autoDraw = True
32.1491 	EXP 	up: autoDraw = True
32.1491 	EXP 	down: autoDraw = True
32.1661 	EXP 	center: autoDraw = True
32.1661 	EXP 	left: autoDraw = True
32.1661 	EXP 	right: autoDraw = True
32.1661 	EXP 	up: autoDraw = True
32.1661 	EXP 	down: autoDraw = True
32.1824 	EXP 	center: autoDraw = True
32.1824 	EXP 	left: autoDraw = True
32.1824 	EXP 	right: autoDraw = True
32.1824 	EXP 	up: autoDraw = True
32.1824 	EXP 	down: autoDraw = True
32.1983 	EXP 	center: autoDraw = True
32.1983 	EXP 	left: autoDraw = True
32.1983 	EXP 	right: autoDraw = True
32.1983 	EXP 	up: autoDraw = True
32.1983 	EXP 	down: autoDraw = True
32.2157 	EXP 	center: autoDraw = True
32.2157 	EXP 	left: autoDraw = True
32.2157 	EXP 	right: autoDraw = True
32.2157 	EXP 	up: autoDraw = True
32.2157 	EXP 	down: autoDraw = True
32.2325 	EXP 	center: autoDraw = True
32.2325 	EXP 	left: autoDraw = True
32.2325 	EXP 	right: autoDraw = True
32.2325 	EXP 	up: autoDraw = True
32.2325 	EXP 	down: autoDraw = True
32.2483 	EXP 	center: autoDraw = True
32.2483 	EXP 	left: autoDraw = True
32.2483 	EXP 	right: autoDraw = True
32.2483 	EXP 	up: autoDraw = True
32.2483 	EXP 	down: autoDraw = True
32.2657 	EXP 	center: autoDraw = True
32.2657 	EXP 	left: autoDraw = True
32.2657 	EXP 	right: autoDraw = True
32.2657 	EXP 	up: autoDraw = True
32.2657 	EXP 	down: autoDraw = True
32.2815 	EXP 	center: autoDraw = True
32.2815 	EXP 	left: autoDraw = True
32.2815 	EXP 	right: autoDraw = True
32.2815 	EXP 	up: autoDraw = True
32.2815 	EXP 	down: autoDraw = True
32.2982 	EXP 	center: autoDraw = True
32.2982 	EXP 	left: autoDraw = True
32.2982 	EXP 	right: autoDraw = True
32.2982 	EXP 	up: autoDraw = True
32.2982 	EXP 	down: autoDraw = True
32.3150 	EXP 	center: autoDraw = True
32.3150 	EXP 	left: autoDraw = True
32.3150 	EXP 	right: autoDraw = True
32.3150 	EXP 	up: autoDraw = True
32.3150 	EXP 	down: autoDraw = True
32.3326 	EXP 	center: autoDraw = True
32.3326 	EXP 	left: autoDraw = True
32.3326 	EXP 	right: autoDraw = True
32.3326 	EXP 	up: autoDraw = True
32.3326 	EXP 	down: autoDraw = True
32.3327 	EXP 	Sound  started
32.3368 	DATA 	sbli | frame count: 660
32.3483 	EXP 	center: autoDraw = True
32.3483 	EXP 	left: autoDraw = True
32.3483 	EXP 	right: autoDraw = True
32.3483 	EXP 	up: autoDraw = True
32.3483 	EXP 	down: autoDraw = True
32.3657 	EXP 	center: autoDraw = True
32.3657 	EXP 	left: autoDraw = True
32.3657 	EXP 	right: autoDraw = True
32.3657 	EXP 	up: autoDraw = True
32.3657 	EXP 	down: autoDraw = True
32.3817 	EXP 	center: autoDraw = True
32.3817 	EXP 	left: autoDraw = True
32.3817 	EXP 	right: autoDraw = True
32.3817 	EXP 	up: autoDraw = True
32.3817 	EXP 	down: autoDraw = True
32.3988 	EXP 	center: autoDraw = True
32.3988 	EXP 	left: autoDraw = True
32.3988 	EXP 	right: autoDraw = True
32.3988 	EXP 	up: autoDraw = True
32.3988 	EXP 	down: autoDraw = True
32.4158 	EXP 	center: autoDraw = True
32.4158 	EXP 	left: autoDraw = True
32.4158 	EXP 	right: autoDraw = True
32.4158 	EXP 	up: autoDraw = True
32.4158 	EXP 	down: autoDraw = True
32.4324 	EXP 	center: autoDraw = True
32.4324 	EXP 	left: autoDraw = True
32.4324 	EXP 	right: autoDraw = True
32.4324 	EXP 	up: autoDraw = True
32.4324 	EXP 	down: autoDraw = True
32.4484 	EXP 	center: autoDraw = True
32.4484 	EXP 	left: autoDraw = True
32.4484 	EXP 	right: autoDraw = True
32.4484 	EXP 	up: autoDraw = True
32.4484 	EXP 	down: autoDraw = True
32.4657 	EXP 	center: autoDraw = True
32.4657 	EXP 	left: autoDraw = True
32.4657 	EXP 	right: autoDraw = True
32.4657 	EXP 	up: autoDraw = True
32.4657 	EXP 	down: autoDraw = True
32.4826 	EXP 	center: autoDraw = True
32.4826 	EXP 	left: autoDraw = True
32.4826 	EXP 	right: autoDraw = True
32.4826 	EXP 	up: autoDraw = True
32.4826 	EXP 	down: autoDraw = True
32.4990 	EXP 	center: autoDraw = True
32.4990 	EXP 	left: autoDraw = True
32.4990 	EXP 	right: autoDraw = True
32.4990 	EXP 	up: autoDraw = True
32.4990 	EXP 	down: autoDraw = True
32.5150 	EXP 	center: autoDraw = True
32.5150 	EXP 	left: autoDraw = True
32.5150 	EXP 	right: autoDraw = True
32.5150 	EXP 	up: autoDraw = True
32.5150 	EXP 	down: autoDraw = True
32.5324 	EXP 	center: autoDraw = True
32.5324 	EXP 	left: autoDraw = True
32.5324 	EXP 	right: autoDraw = True
32.5324 	EXP 	up: autoDraw = True
32.5324 	EXP 	down: autoDraw = True
32.5485 	EXP 	center: autoDraw = True
32.5485 	EXP 	left: autoDraw = True
32.5485 	EXP 	right: autoDraw = True
32.5485 	EXP 	up: autoDraw = True
32.5485 	EXP 	down: autoDraw = True
32.5657 	EXP 	center: autoDraw = True
32.5657 	EXP 	left: autoDraw = True
32.5657 	EXP 	right: autoDraw = True
32.5657 	EXP 	up: autoDraw = True
32.5657 	EXP 	down: autoDraw = True
32.5817 	EXP 	center: autoDraw = True
32.5817 	EXP 	left: autoDraw = True
32.5817 	EXP 	right: autoDraw = True
32.5817 	EXP 	up: autoDraw = True
32.5817 	EXP 	down: autoDraw = True
32.5989 	EXP 	center: autoDraw = True
32.5989 	EXP 	left: autoDraw = True
32.5989 	EXP 	right: autoDraw = True
32.5989 	EXP 	up: autoDraw = True
32.5989 	EXP 	down: autoDraw = True
32.6157 	EXP 	center: autoDraw = True
32.6157 	EXP 	left: autoDraw = True
32.6157 	EXP 	right: autoDraw = True
32.6157 	EXP 	up: autoDraw = True
32.6157 	EXP 	down: autoDraw = True
32.6318 	EXP 	center: autoDraw = True
32.6318 	EXP 	left: autoDraw = True
32.6318 	EXP 	right: autoDraw = True
32.6318 	EXP 	up: autoDraw = True
32.6318 	EXP 	down: autoDraw = True
32.6491 	EXP 	center: autoDraw = True
32.6491 	EXP 	left: autoDraw = True
32.6491 	EXP 	right: autoDraw = True
32.6491 	EXP 	up: autoDraw = True
32.6491 	EXP 	down: autoDraw = True
32.6652 	EXP 	center: autoDraw = True
32.6652 	EXP 	left: autoDraw = True
32.6652 	EXP 	right: autoDraw = True
32.6652 	EXP 	up: autoDraw = True
32.6652 	EXP 	down: autoDraw = True
32.6653 	DATA 	wsqS
32.6823 	EXP 	center: autoDraw = True
32.6823 	EXP 	left: autoDraw = True
32.6823 	EXP 	right: autoDraw = True
32.6823 	EXP 	up: autoDraw = True
32.6823 	EXP 	down: autoDraw = True
32.6823 	EXP 	whitesquare: autoDraw = True
32.6985 	EXP 	center: autoDraw = True
32.6985 	EXP 	left: autoDraw = True
32.6985 	EXP 	right: autoDraw = True
32.6985 	EXP 	up: autoDraw = True
32.6985 	EXP 	down: autoDraw = True
32.6985 	EXP 	whitesquare: autoDraw = False
32.7157 	EXP 	center: autoDraw = True
32.7157 	EXP 	left: autoDraw = True
32.7157 	EXP 	right: autoDraw = True
32.7157 	EXP 	up: autoDraw = True
32.7157 	EXP 	down: autoDraw = True
32.7318 	EXP 	center: autoDraw = True
32.7318 	EXP 	left: autoDraw = True
32.7318 	EXP 	right: autoDraw = True
32.7318 	EXP 	up: autoDraw = True
32.7318 	EXP 	down: autoDraw = True
32.7492 	EXP 	center: autoDraw = True
32.7492 	EXP 	left: autoDraw = True
32.7492 	EXP 	right: autoDraw = True
32.7492 	EXP 	up: autoDraw = True
32.7492 	EXP 	down: autoDraw = True
32.7652 	EXP 	center: autoDraw = True
32.7652 	EXP 	left: autoDraw = True
32.7652 	EXP 	right: autoDraw = True
32.7652 	EXP 	up: autoDraw = True
32.7652 	EXP 	down: autoDraw = True
32.7823 	EXP 	center: autoDraw = True
32.7823 	EXP 	left: autoDraw = True
32.7823 	EXP 	right: autoDraw = True
32.7823 	EXP 	up: autoDraw = True
32.7823 	EXP 	down: autoDraw = True
32.7984 	EXP 	center: autoDraw = True
32.7984 	EXP 	left: autoDraw = True
32.7984 	EXP 	right: autoDraw = True
32.7984 	EXP 	up: autoDraw = True
32.7984 	EXP 	down: autoDraw = True
32.8156 	EXP 	center: autoDraw = True
32.8156 	EXP 	left: autoDraw = True
32.8156 	EXP 	right: autoDraw = True
32.8156 	EXP 	up: autoDraw = True
32.8156 	EXP 	down: autoDraw = True
32.8319 	EXP 	center: autoDraw = True
32.8319 	EXP 	left: autoDraw = True
32.8319 	EXP 	right: autoDraw = True
32.8319 	EXP 	up: autoDraw = True
32.8319 	EXP 	down: autoDraw = True
32.8491 	EXP 	center: autoDraw = True
32.8491 	EXP 	left: autoDraw = True
32.8491 	EXP 	right: autoDraw = True
32.8491 	EXP 	up: autoDraw = True
32.8491 	EXP 	down: autoDraw = True
32.8652 	EXP 	center: autoDraw = True
32.8652 	EXP 	left: autoDraw = True
32.8652 	EXP 	right: autoDraw = True
32.8652 	EXP 	up: autoDraw = True
32.8652 	EXP 	down: autoDraw = True
32.8823 	EXP 	center: autoDraw = True
32.8823 	EXP 	left: autoDraw = True
32.8823 	EXP 	right: autoDraw = True
32.8823 	EXP 	up: autoDraw = True
32.8823 	EXP 	down: autoDraw = True
32.8994 	EXP 	center: autoDraw = True
32.8994 	EXP 	left: autoDraw = True
32.8994 	EXP 	right: autoDraw = True
32.8994 	EXP 	up: autoDraw = True
32.8994 	EXP 	down: autoDraw = True
32.9156 	EXP 	center: autoDraw = True
32.9156 	EXP 	left: autoDraw = True
32.9156 	EXP 	right: autoDraw = True
32.9156 	EXP 	up: autoDraw = True
32.9156 	EXP 	down: autoDraw = True
32.9319 	EXP 	center: autoDraw = True
32.9319 	EXP 	left: autoDraw = True
32.9319 	EXP 	right: autoDraw = True
32.9319 	EXP 	up: autoDraw = True
32.9319 	EXP 	down: autoDraw = True
32.9490 	EXP 	center: autoDraw = True
32.9490 	EXP 	left: autoDraw = True
32.9490 	EXP 	right: autoDraw = True
32.9490 	EXP 	up: autoDraw = True
32.9490 	EXP 	down: autoDraw = True
32.9652 	EXP 	center: autoDraw = True
32.9652 	EXP 	left: autoDraw = True
32.9652 	EXP 	right: autoDraw = True
32.9652 	EXP 	up: autoDraw = True
32.9652 	EXP 	down: autoDraw = True
32.9823 	EXP 	center: autoDraw = True
32.9823 	EXP 	left: autoDraw = True
32.9823 	EXP 	right: autoDraw = True
32.9823 	EXP 	up: autoDraw = True
32.9823 	EXP 	down: autoDraw = True
32.9987 	EXP 	center: autoDraw = True
32.9987 	EXP 	left: autoDraw = True
32.9987 	EXP 	right: autoDraw = True
32.9987 	EXP 	up: autoDraw = True
32.9987 	EXP 	down: autoDraw = True
33.0156 	EXP 	center: autoDraw = True
33.0156 	EXP 	left: autoDraw = True
33.0156 	EXP 	right: autoDraw = True
33.0156 	EXP 	up: autoDraw = True
33.0156 	EXP 	down: autoDraw = True
33.0320 	EXP 	center: autoDraw = True
33.0320 	EXP 	left: autoDraw = True
33.0320 	EXP 	right: autoDraw = True
33.0320 	EXP 	up: autoDraw = True
33.0320 	EXP 	down: autoDraw = True
33.0489 	EXP 	center: autoDraw = True
33.0489 	EXP 	left: autoDraw = True
33.0489 	EXP 	right: autoDraw = True
33.0489 	EXP 	up: autoDraw = True
33.0489 	EXP 	down: autoDraw = True
33.0658 	EXP 	center: autoDraw = True
33.0658 	EXP 	left: autoDraw = True
33.0658 	EXP 	right: autoDraw = True
33.0658 	EXP 	up: autoDraw = True
33.0658 	EXP 	down: autoDraw = True
33.0825 	EXP 	center: autoDraw = True
33.0825 	EXP 	left: autoDraw = True
33.0825 	EXP 	right: autoDraw = True
33.0825 	EXP 	up: autoDraw = True
33.0825 	EXP 	down: autoDraw = True
33.0987 	EXP 	center: autoDraw = True
33.0987 	EXP 	left: autoDraw = True
33.0987 	EXP 	right: autoDraw = True
33.0987 	EXP 	up: autoDraw = True
33.0987 	EXP 	down: autoDraw = True
33.1150 	EXP 	center: autoDraw = True
33.1150 	EXP 	left: autoDraw = True
33.1150 	EXP 	right: autoDraw = True
33.1150 	EXP 	up: autoDraw = True
33.1150 	EXP 	down: autoDraw = True
33.1323 	EXP 	center: autoDraw = True
33.1323 	EXP 	left: autoDraw = True
33.1323 	EXP 	right: autoDraw = True
33.1323 	EXP 	up: autoDraw = True
33.1323 	EXP 	down: autoDraw = True
33.1486 	EXP 	center: autoDraw = True
33.1486 	EXP 	left: autoDraw = True
33.1486 	EXP 	right: autoDraw = True
33.1486 	EXP 	up: autoDraw = True
33.1486 	EXP 	down: autoDraw = True
33.1655 	EXP 	center: autoDraw = True
33.1655 	EXP 	left: autoDraw = True
33.1655 	EXP 	right: autoDraw = True
33.1655 	EXP 	up: autoDraw = True
33.1655 	EXP 	down: autoDraw = True
33.1824 	EXP 	center: autoDraw = True
33.1824 	EXP 	left: autoDraw = True
33.1824 	EXP 	right: autoDraw = True
33.1824 	EXP 	up: autoDraw = True
33.1824 	EXP 	down: autoDraw = True
33.1987 	EXP 	center: autoDraw = True
33.1987 	EXP 	left: autoDraw = True
33.1987 	EXP 	right: autoDraw = True
33.1987 	EXP 	up: autoDraw = True
33.1987 	EXP 	down: autoDraw = True
33.2158 	EXP 	center: autoDraw = True
33.2158 	EXP 	left: autoDraw = True
33.2158 	EXP 	right: autoDraw = True
33.2158 	EXP 	up: autoDraw = True
33.2158 	EXP 	down: autoDraw = True
33.2322 	EXP 	center: autoDraw = True
33.2322 	EXP 	left: autoDraw = True
33.2322 	EXP 	right: autoDraw = True
33.2322 	EXP 	up: autoDraw = True
33.2322 	EXP 	down: autoDraw = True
33.2491 	EXP 	center: autoDraw = True
33.2491 	EXP 	left: autoDraw = True
33.2491 	EXP 	right: autoDraw = True
33.2491 	EXP 	up: autoDraw = True
33.2491 	EXP 	down: autoDraw = True
33.2658 	EXP 	center: autoDraw = True
33.2658 	EXP 	left: autoDraw = True
33.2658 	EXP 	right: autoDraw = True
33.2658 	EXP 	up: autoDraw = True
33.2658 	EXP 	down: autoDraw = True
33.2821 	EXP 	center: autoDraw = True
33.2821 	EXP 	left: autoDraw = True
33.2821 	EXP 	right: autoDraw = True
33.2821 	EXP 	up: autoDraw = True
33.2821 	EXP 	down: autoDraw = True
33.2988 	EXP 	center: autoDraw = True
33.2988 	EXP 	left: autoDraw = True
33.2988 	EXP 	right: autoDraw = True
33.2988 	EXP 	up: autoDraw = True
33.2988 	EXP 	down: autoDraw = True
33.3156 	EXP 	center: autoDraw = True
33.3156 	EXP 	left: autoDraw = True
33.3156 	EXP 	right: autoDraw = True
33.3156 	EXP 	up: autoDraw = True
33.3156 	EXP 	down: autoDraw = True
33.3321 	EXP 	center: autoDraw = True
33.3321 	EXP 	left: autoDraw = True
33.3321 	EXP 	right: autoDraw = True
33.3321 	EXP 	up: autoDraw = True
33.3321 	EXP 	down: autoDraw = True
33.3488 	EXP 	center: autoDraw = True
33.3488 	EXP 	left: autoDraw = True
33.3488 	EXP 	right: autoDraw = True
33.3488 	EXP 	up: autoDraw = True
33.3488 	EXP 	down: autoDraw = True
33.3655 	EXP 	center: autoDraw = True
33.3655 	EXP 	left: autoDraw = True
33.3655 	EXP 	right: autoDraw = True
33.3655 	EXP 	up: autoDraw = True
33.3655 	EXP 	down: autoDraw = True
33.3819 	EXP 	center: autoDraw = True
33.3819 	EXP 	left: autoDraw = True
33.3819 	EXP 	right: autoDraw = True
33.3819 	EXP 	up: autoDraw = True
33.3819 	EXP 	down: autoDraw = True
33.3988 	EXP 	center: autoDraw = True
33.3988 	EXP 	left: autoDraw = True
33.3988 	EXP 	right: autoDraw = True
33.3988 	EXP 	up: autoDraw = True
33.3988 	EXP 	down: autoDraw = True
33.4158 	EXP 	center: autoDraw = True
33.4158 	EXP 	left: autoDraw = True
33.4158 	EXP 	right: autoDraw = True
33.4158 	EXP 	up: autoDraw = True
33.4158 	EXP 	down: autoDraw = True
33.4321 	EXP 	center: autoDraw = True
33.4321 	EXP 	left: autoDraw = True
33.4321 	EXP 	right: autoDraw = True
33.4321 	EXP 	up: autoDraw = True
33.4321 	EXP 	down: autoDraw = True
33.4490 	EXP 	center: autoDraw = True
33.4490 	EXP 	left: autoDraw = True
33.4490 	EXP 	right: autoDraw = True
33.4490 	EXP 	up: autoDraw = True
33.4490 	EXP 	down: autoDraw = True
33.4656 	EXP 	center: autoDraw = True
33.4656 	EXP 	left: autoDraw = True
33.4656 	EXP 	right: autoDraw = True
33.4656 	EXP 	up: autoDraw = True
33.4656 	EXP 	down: autoDraw = True
33.4822 	EXP 	center: autoDraw = True
33.4822 	EXP 	left: autoDraw = True
33.4822 	EXP 	right: autoDraw = True
33.4822 	EXP 	up: autoDraw = True
33.4822 	EXP 	down: autoDraw = True
33.4991 	EXP 	center: autoDraw = True
33.4991 	EXP 	left: autoDraw = True
33.4991 	EXP 	right: autoDraw = True
33.4991 	EXP 	up: autoDraw = True
33.4991 	EXP 	down: autoDraw = True
33.5155 	EXP 	center: autoDraw = True
33.5155 	EXP 	left: autoDraw = True
33.5155 	EXP 	right: autoDraw = True
33.5155 	EXP 	up: autoDraw = True
33.5155 	EXP 	down: autoDraw = True
33.5323 	EXP 	center: autoDraw = True
33.5323 	EXP 	left: autoDraw = True
33.5323 	EXP 	right: autoDraw = True
33.5323 	EXP 	up: autoDraw = True
33.5323 	EXP 	down: autoDraw = True
33.5489 	EXP 	center: autoDraw = True
33.5489 	EXP 	left: autoDraw = True
33.5489 	EXP 	right: autoDraw = True
33.5489 	EXP 	up: autoDraw = True
33.5489 	EXP 	down: autoDraw = True
33.5656 	EXP 	center: autoDraw = True
33.5656 	EXP 	left: autoDraw = True
33.5656 	EXP 	right: autoDraw = True
33.5656 	EXP 	up: autoDraw = True
33.5656 	EXP 	down: autoDraw = True
33.5822 	EXP 	center: autoDraw = True
33.5822 	EXP 	left: autoDraw = True
33.5822 	EXP 	right: autoDraw = True
33.5822 	EXP 	up: autoDraw = True
33.5822 	EXP 	down: autoDraw = True
33.5989 	EXP 	center: autoDraw = True
33.5989 	EXP 	left: autoDraw = True
33.5989 	EXP 	right: autoDraw = True
33.5989 	EXP 	up: autoDraw = True
33.5989 	EXP 	down: autoDraw = True
33.6156 	EXP 	center: autoDraw = True
33.6156 	EXP 	left: autoDraw = True
33.6156 	EXP 	right: autoDraw = True
33.6156 	EXP 	up: autoDraw = True
33.6156 	EXP 	down: autoDraw = True
33.6322 	EXP 	center: autoDraw = True
33.6322 	EXP 	left: autoDraw = True
33.6322 	EXP 	right: autoDraw = True
33.6322 	EXP 	up: autoDraw = True
33.6322 	EXP 	down: autoDraw = True
33.6490 	EXP 	center: autoDraw = True
33.6490 	EXP 	left: autoDraw = True
33.6490 	EXP 	right: autoDraw = True
33.6490 	EXP 	up: autoDraw = True
33.6490 	EXP 	down: autoDraw = True
33.6656 	EXP 	center: autoDraw = True
33.6656 	EXP 	left: autoDraw = True
33.6656 	EXP 	right: autoDraw = True
33.6656 	EXP 	up: autoDraw = True
33.6656 	EXP 	down: autoDraw = True
33.6823 	EXP 	center: autoDraw = True
33.6823 	EXP 	left: autoDraw = True
33.6823 	EXP 	right: autoDraw = True
33.6823 	EXP 	up: autoDraw = True
33.6823 	EXP 	down: autoDraw = True
33.6989 	EXP 	center: autoDraw = True
33.6989 	EXP 	left: autoDraw = True
33.6989 	EXP 	right: autoDraw = True
33.6989 	EXP 	up: autoDraw = True
33.6989 	EXP 	down: autoDraw = True
33.7156 	EXP 	center: autoDraw = True
33.7156 	EXP 	left: autoDraw = True
33.7156 	EXP 	right: autoDraw = True
33.7156 	EXP 	up: autoDraw = True
33.7156 	EXP 	down: autoDraw = True
33.7323 	EXP 	center: autoDraw = True
33.7323 	EXP 	left: autoDraw = True
33.7323 	EXP 	right: autoDraw = True
33.7323 	EXP 	up: autoDraw = True
33.7323 	EXP 	down: autoDraw = True
33.7487 	EXP 	center: autoDraw = True
33.7487 	EXP 	left: autoDraw = True
33.7487 	EXP 	right: autoDraw = True
33.7487 	EXP 	up: autoDraw = True
33.7487 	EXP 	down: autoDraw = True
33.7651 	EXP 	center: autoDraw = True
33.7651 	EXP 	left: autoDraw = True
33.7651 	EXP 	right: autoDraw = True
33.7651 	EXP 	up: autoDraw = True
33.7651 	EXP 	down: autoDraw = True
33.7823 	EXP 	center: autoDraw = True
33.7823 	EXP 	left: autoDraw = True
33.7823 	EXP 	right: autoDraw = True
33.7823 	EXP 	up: autoDraw = True
33.7823 	EXP 	down: autoDraw = True
33.7989 	EXP 	center: autoDraw = True
33.7989 	EXP 	left: autoDraw = True
33.7989 	EXP 	right: autoDraw = True
33.7989 	EXP 	up: autoDraw = True
33.7989 	EXP 	down: autoDraw = True
33.8156 	EXP 	center: autoDraw = True
33.8156 	EXP 	left: autoDraw = True
33.8156 	EXP 	right: autoDraw = True
33.8156 	EXP 	up: autoDraw = True
33.8156 	EXP 	down: autoDraw = True
33.8323 	EXP 	center: autoDraw = True
33.8323 	EXP 	left: autoDraw = True
33.8323 	EXP 	right: autoDraw = True
33.8323 	EXP 	up: autoDraw = True
33.8323 	EXP 	down: autoDraw = True
33.8490 	EXP 	center: autoDraw = True
33.8490 	EXP 	left: autoDraw = True
33.8490 	EXP 	right: autoDraw = True
33.8490 	EXP 	up: autoDraw = True
33.8490 	EXP 	down: autoDraw = True
33.8656 	EXP 	center: autoDraw = True
33.8656 	EXP 	left: autoDraw = True
33.8656 	EXP 	right: autoDraw = True
33.8656 	EXP 	up: autoDraw = True
33.8656 	EXP 	down: autoDraw = True
33.8823 	EXP 	center: autoDraw = True
33.8823 	EXP 	left: autoDraw = True
33.8823 	EXP 	right: autoDraw = True
33.8823 	EXP 	up: autoDraw = True
33.8823 	EXP 	down: autoDraw = True
33.8991 	EXP 	center: autoDraw = True
33.8991 	EXP 	left: autoDraw = True
33.8991 	EXP 	right: autoDraw = True
33.8991 	EXP 	up: autoDraw = True
33.8991 	EXP 	down: autoDraw = True
33.9157 	EXP 	center: autoDraw = True
33.9157 	EXP 	left: autoDraw = True
33.9157 	EXP 	right: autoDraw = True
33.9157 	EXP 	up: autoDraw = True
33.9157 	EXP 	down: autoDraw = True
33.9317 	EXP 	center: autoDraw = True
33.9317 	EXP 	left: autoDraw = True
33.9317 	EXP 	right: autoDraw = True
33.9317 	EXP 	up: autoDraw = True
33.9317 	EXP 	down: autoDraw = True
33.9489 	EXP 	center: autoDraw = True
33.9489 	EXP 	left: autoDraw = True
33.9489 	EXP 	right: autoDraw = True
33.9489 	EXP 	up: autoDraw = True
33.9489 	EXP 	down: autoDraw = True
33.9656 	EXP 	center: autoDraw = True
33.9656 	EXP 	left: autoDraw = True
33.9656 	EXP 	right: autoDraw = True
33.9656 	EXP 	up: autoDraw = True
33.9656 	EXP 	down: autoDraw = True
33.9824 	EXP 	center: autoDraw = True
33.9824 	EXP 	left: autoDraw = True
33.9824 	EXP 	right: autoDraw = True
33.9824 	EXP 	up: autoDraw = True
33.9824 	EXP 	down: autoDraw = True
33.9986 	EXP 	center: autoDraw = True
33.9986 	EXP 	left: autoDraw = True
33.9986 	EXP 	right: autoDraw = True
33.9986 	EXP 	up: autoDraw = True
33.9986 	EXP 	down: autoDraw = True
34.0155 	EXP 	center: autoDraw = True
34.0155 	EXP 	left: autoDraw = True
34.0155 	EXP 	right: autoDraw = True
34.0155 	EXP 	up: autoDraw = True
34.0155 	EXP 	down: autoDraw = True
34.0320 	EXP 	center: autoDraw = True
34.0320 	EXP 	left: autoDraw = True
34.0320 	EXP 	right: autoDraw = True
34.0320 	EXP 	up: autoDraw = True
34.0320 	EXP 	down: autoDraw = True
34.0490 	EXP 	center: autoDraw = True
34.0490 	EXP 	left: autoDraw = True
34.0490 	EXP 	right: autoDraw = True
34.0490 	EXP 	up: autoDraw = True
34.0490 	EXP 	down: autoDraw = True
34.0656 	EXP 	center: autoDraw = True
34.0656 	EXP 	left: autoDraw = True
34.0656 	EXP 	right: autoDraw = True
34.0656 	EXP 	up: autoDraw = True
34.0656 	EXP 	down: autoDraw = True
34.0825 	EXP 	center: autoDraw = True
34.0825 	EXP 	left: autoDraw = True
34.0825 	EXP 	right: autoDraw = True
34.0825 	EXP 	up: autoDraw = True
34.0825 	EXP 	down: autoDraw = True
34.0987 	EXP 	center: autoDraw = True
34.0987 	EXP 	left: autoDraw = True
34.0987 	EXP 	right: autoDraw = True
34.0987 	EXP 	up: autoDraw = True
34.0987 	EXP 	down: autoDraw = True
34.1156 	EXP 	center: autoDraw = True
34.1156 	EXP 	left: autoDraw = True
34.1156 	EXP 	right: autoDraw = True
34.1156 	EXP 	up: autoDraw = True
34.1156 	EXP 	down: autoDraw = True
34.1323 	EXP 	center: autoDraw = True
34.1323 	EXP 	left: autoDraw = True
34.1323 	EXP 	right: autoDraw = True
34.1323 	EXP 	up: autoDraw = True
34.1323 	EXP 	down: autoDraw = True
34.1483 	EXP 	center: autoDraw = True
34.1483 	EXP 	left: autoDraw = True
34.1483 	EXP 	right: autoDraw = True
34.1483 	EXP 	up: autoDraw = True
34.1483 	EXP 	down: autoDraw = True
34.1655 	EXP 	center: autoDraw = True
34.1655 	EXP 	left: autoDraw = True
34.1655 	EXP 	right: autoDraw = True
34.1655 	EXP 	up: autoDraw = True
34.1655 	EXP 	down: autoDraw = True
34.1823 	EXP 	center: autoDraw = True
34.1823 	EXP 	left: autoDraw = True
34.1823 	EXP 	right: autoDraw = True
34.1823 	EXP 	up: autoDraw = True
34.1823 	EXP 	down: autoDraw = True
34.1991 	EXP 	center: autoDraw = True
34.1991 	EXP 	left: autoDraw = True
34.1991 	EXP 	right: autoDraw = True
34.1991 	EXP 	up: autoDraw = True
34.1991 	EXP 	down: autoDraw = True
34.2158 	EXP 	center: autoDraw = True
34.2158 	EXP 	left: autoDraw = True
34.2158 	EXP 	right: autoDraw = True
34.2158 	EXP 	up: autoDraw = True
34.2158 	EXP 	down: autoDraw = True
34.2322 	EXP 	center: autoDraw = True
34.2322 	EXP 	left: autoDraw = True
34.2322 	EXP 	right: autoDraw = True
34.2322 	EXP 	up: autoDraw = True
34.2322 	EXP 	down: autoDraw = True
34.2490 	EXP 	center: autoDraw = True
34.2490 	EXP 	left: autoDraw = True
34.2490 	EXP 	right: autoDraw = True
34.2490 	EXP 	up: autoDraw = True
34.2490 	EXP 	down: autoDraw = True
34.2656 	EXP 	center: autoDraw = True
34.2656 	EXP 	left: autoDraw = True
34.2656 	EXP 	right: autoDraw = True
34.2656 	EXP 	up: autoDraw = True
34.2656 	EXP 	down: autoDraw = True
34.2824 	EXP 	center: autoDraw = True
34.2824 	EXP 	left: autoDraw = True
34.2824 	EXP 	right: autoDraw = True
34.2824 	EXP 	up: autoDraw = True
34.2824 	EXP 	down: autoDraw = True
34.2992 	EXP 	center: autoDraw = True
34.2992 	EXP 	left: autoDraw = True
34.2992 	EXP 	right: autoDraw = True
34.2992 	EXP 	up: autoDraw = True
34.2992 	EXP 	down: autoDraw = True
34.3155 	EXP 	center: autoDraw = True
34.3155 	EXP 	left: autoDraw = True
34.3155 	EXP 	right: autoDraw = True
34.3155 	EXP 	up: autoDraw = True
34.3155 	EXP 	down: autoDraw = True
34.3322 	EXP 	center: autoDraw = True
34.3322 	EXP 	left: autoDraw = True
34.3322 	EXP 	right: autoDraw = True
34.3322 	EXP 	up: autoDraw = True
34.3322 	EXP 	down: autoDraw = True
34.3490 	EXP 	center: autoDraw = True
34.3490 	EXP 	left: autoDraw = True
34.3490 	EXP 	right: autoDraw = True
34.3490 	EXP 	up: autoDraw = True
34.3490 	EXP 	down: autoDraw = True
34.3657 	EXP 	center: autoDraw = True
34.3657 	EXP 	left: autoDraw = True
34.3657 	EXP 	right: autoDraw = True
34.3657 	EXP 	up: autoDraw = True
34.3657 	EXP 	down: autoDraw = True
34.3822 	EXP 	center: autoDraw = True
34.3822 	EXP 	left: autoDraw = True
34.3822 	EXP 	right: autoDraw = True
34.3822 	EXP 	up: autoDraw = True
34.3822 	EXP 	down: autoDraw = True
34.3989 	EXP 	center: autoDraw = True
34.3989 	EXP 	left: autoDraw = True
34.3989 	EXP 	right: autoDraw = True
34.3989 	EXP 	up: autoDraw = True
34.3989 	EXP 	down: autoDraw = True
34.4152 	EXP 	center: autoDraw = True
34.4152 	EXP 	left: autoDraw = True
34.4152 	EXP 	right: autoDraw = True
34.4152 	EXP 	up: autoDraw = True
34.4152 	EXP 	down: autoDraw = True
34.4322 	EXP 	center: autoDraw = True
34.4322 	EXP 	left: autoDraw = True
34.4322 	EXP 	right: autoDraw = True
34.4322 	EXP 	up: autoDraw = True
34.4322 	EXP 	down: autoDraw = True
34.4489 	EXP 	center: autoDraw = True
34.4489 	EXP 	left: autoDraw = True
34.4489 	EXP 	right: autoDraw = True
34.4489 	EXP 	up: autoDraw = True
34.4489 	EXP 	down: autoDraw = True
34.4656 	EXP 	center: autoDraw = True
34.4656 	EXP 	left: autoDraw = True
34.4656 	EXP 	right: autoDraw = True
34.4656 	EXP 	up: autoDraw = True
34.4656 	EXP 	down: autoDraw = True
34.4825 	EXP 	center: autoDraw = True
34.4825 	EXP 	left: autoDraw = True
34.4825 	EXP 	right: autoDraw = True
34.4825 	EXP 	up: autoDraw = True
34.4825 	EXP 	down: autoDraw = True
34.4988 	EXP 	center: autoDraw = True
34.4988 	EXP 	left: autoDraw = True
34.4988 	EXP 	right: autoDraw = True
34.4988 	EXP 	up: autoDraw = True
34.4988 	EXP 	down: autoDraw = True
34.5156 	EXP 	center: autoDraw = True
34.5156 	EXP 	left: autoDraw = True
34.5156 	EXP 	right: autoDraw = True
34.5156 	EXP 	up: autoDraw = True
34.5156 	EXP 	down: autoDraw = True
34.5324 	EXP 	center: autoDraw = True
34.5324 	EXP 	left: autoDraw = True
34.5324 	EXP 	right: autoDraw = True
34.5324 	EXP 	up: autoDraw = True
34.5324 	EXP 	down: autoDraw = True
34.5489 	EXP 	center: autoDraw = True
34.5489 	EXP 	left: autoDraw = True
34.5489 	EXP 	right: autoDraw = True
34.5489 	EXP 	up: autoDraw = True
34.5489 	EXP 	down: autoDraw = True
34.5654 	EXP 	center: autoDraw = True
34.5654 	EXP 	left: autoDraw = True
34.5654 	EXP 	right: autoDraw = True
34.5654 	EXP 	up: autoDraw = True
34.5654 	EXP 	down: autoDraw = True
34.5822 	EXP 	center: autoDraw = True
34.5822 	EXP 	left: autoDraw = True
34.5822 	EXP 	right: autoDraw = True
34.5822 	EXP 	up: autoDraw = True
34.5822 	EXP 	down: autoDraw = True
34.5981 	EXP 	center: autoDraw = True
34.5981 	EXP 	left: autoDraw = True
34.5981 	EXP 	right: autoDraw = True
34.5981 	EXP 	up: autoDraw = True
34.5981 	EXP 	down: autoDraw = True
34.6156 	EXP 	center: autoDraw = True
34.6156 	EXP 	left: autoDraw = True
34.6156 	EXP 	right: autoDraw = True
34.6156 	EXP 	up: autoDraw = True
34.6156 	EXP 	down: autoDraw = True
34.6323 	EXP 	center: autoDraw = True
34.6323 	EXP 	left: autoDraw = True
34.6323 	EXP 	right: autoDraw = True
34.6323 	EXP 	up: autoDraw = True
34.6323 	EXP 	down: autoDraw = True
34.6487 	EXP 	center: autoDraw = True
34.6487 	EXP 	left: autoDraw = True
34.6487 	EXP 	right: autoDraw = True
34.6487 	EXP 	up: autoDraw = True
34.6487 	EXP 	down: autoDraw = True
34.6657 	EXP 	center: autoDraw = True
34.6657 	EXP 	left: autoDraw = True
34.6657 	EXP 	right: autoDraw = True
34.6657 	EXP 	up: autoDraw = True
34.6657 	EXP 	down: autoDraw = True
34.6823 	EXP 	center: autoDraw = True
34.6823 	EXP 	left: autoDraw = True
34.6823 	EXP 	right: autoDraw = True
34.6823 	EXP 	up: autoDraw = True
34.6823 	EXP 	down: autoDraw = True
34.6990 	EXP 	center: autoDraw = True
34.6990 	EXP 	left: autoDraw = True
34.6990 	EXP 	right: autoDraw = True
34.6990 	EXP 	up: autoDraw = True
34.6990 	EXP 	down: autoDraw = True
34.7157 	EXP 	center: autoDraw = True
34.7157 	EXP 	left: autoDraw = True
34.7157 	EXP 	right: autoDraw = True
34.7157 	EXP 	up: autoDraw = True
34.7157 	EXP 	down: autoDraw = True
34.7321 	EXP 	center: autoDraw = True
34.7321 	EXP 	left: autoDraw = True
34.7321 	EXP 	right: autoDraw = True
34.7321 	EXP 	up: autoDraw = True
34.7321 	EXP 	down: autoDraw = True
34.7491 	EXP 	center: autoDraw = True
34.7491 	EXP 	left: autoDraw = True
34.7491 	EXP 	right: autoDraw = True
34.7491 	EXP 	up: autoDraw = True
34.7491 	EXP 	down: autoDraw = True
34.7655 	EXP 	center: autoDraw = True
34.7655 	EXP 	left: autoDraw = True
34.7655 	EXP 	right: autoDraw = True
34.7655 	EXP 	up: autoDraw = True
34.7655 	EXP 	down: autoDraw = True
34.7823 	EXP 	center: autoDraw = True
34.7823 	EXP 	left: autoDraw = True
34.7823 	EXP 	right: autoDraw = True
34.7823 	EXP 	up: autoDraw = True
34.7823 	EXP 	down: autoDraw = True
34.7985 	EXP 	center: autoDraw = True
34.7985 	EXP 	left: autoDraw = True
34.7985 	EXP 	right: autoDraw = True
34.7985 	EXP 	up: autoDraw = True
34.7985 	EXP 	down: autoDraw = True
34.8155 	EXP 	center: autoDraw = True
34.8155 	EXP 	left: autoDraw = True
34.8155 	EXP 	right: autoDraw = True
34.8155 	EXP 	up: autoDraw = True
34.8155 	EXP 	down: autoDraw = True
34.8325 	EXP 	center: autoDraw = True
34.8325 	EXP 	left: autoDraw = True
34.8325 	EXP 	right: autoDraw = True
34.8325 	EXP 	up: autoDraw = True
34.8325 	EXP 	down: autoDraw = True
34.8488 	EXP 	center: autoDraw = True
34.8488 	EXP 	left: autoDraw = True
34.8488 	EXP 	right: autoDraw = True
34.8488 	EXP 	up: autoDraw = True
34.8488 	EXP 	down: autoDraw = True
34.8657 	EXP 	center: autoDraw = True
34.8657 	EXP 	left: autoDraw = True
34.8657 	EXP 	right: autoDraw = True
34.8657 	EXP 	up: autoDraw = True
34.8657 	EXP 	down: autoDraw = True
34.8821 	EXP 	center: autoDraw = True
34.8821 	EXP 	left: autoDraw = True
34.8821 	EXP 	right: autoDraw = True
34.8821 	EXP 	up: autoDraw = True
34.8821 	EXP 	down: autoDraw = True
34.8981 	EXP 	center: autoDraw = True
34.8981 	EXP 	left: autoDraw = True
34.8981 	EXP 	right: autoDraw = True
34.8981 	EXP 	up: autoDraw = True
34.8981 	EXP 	down: autoDraw = True
34.9156 	EXP 	center: autoDraw = True
34.9156 	EXP 	left: autoDraw = True
34.9156 	EXP 	right: autoDraw = True
34.9156 	EXP 	up: autoDraw = True
34.9156 	EXP 	down: autoDraw = True
34.9323 	EXP 	center: autoDraw = True
34.9323 	EXP 	left: autoDraw = True
34.9323 	EXP 	right: autoDraw = True
34.9323 	EXP 	up: autoDraw = True
34.9323 	EXP 	down: autoDraw = True
34.9489 	EXP 	center: autoDraw = True
34.9489 	EXP 	left: autoDraw = True
34.9489 	EXP 	right: autoDraw = True
34.9489 	EXP 	up: autoDraw = True
34.9489 	EXP 	down: autoDraw = True
34.9656 	EXP 	center: autoDraw = True
34.9656 	EXP 	left: autoDraw = True
34.9656 	EXP 	right: autoDraw = True
34.9656 	EXP 	up: autoDraw = True
34.9656 	EXP 	down: autoDraw = True
34.9826 	EXP 	center: autoDraw = True
34.9826 	EXP 	left: autoDraw = True
34.9826 	EXP 	right: autoDraw = True
34.9826 	EXP 	up: autoDraw = True
34.9826 	EXP 	down: autoDraw = True
34.9988 	EXP 	center: autoDraw = True
34.9988 	EXP 	left: autoDraw = True
34.9988 	EXP 	right: autoDraw = True
34.9988 	EXP 	up: autoDraw = True
34.9988 	EXP 	down: autoDraw = True
35.0156 	EXP 	center: autoDraw = True
35.0156 	EXP 	left: autoDraw = True
35.0156 	EXP 	right: autoDraw = True
35.0156 	EXP 	up: autoDraw = True
35.0156 	EXP 	down: autoDraw = True
35.0323 	EXP 	center: autoDraw = True
35.0323 	EXP 	left: autoDraw = True
35.0323 	EXP 	right: autoDraw = True
35.0323 	EXP 	up: autoDraw = True
35.0323 	EXP 	down: autoDraw = True
35.0491 	EXP 	center: autoDraw = True
35.0491 	EXP 	left: autoDraw = True
35.0491 	EXP 	right: autoDraw = True
35.0491 	EXP 	up: autoDraw = True
35.0491 	EXP 	down: autoDraw = True
35.0654 	EXP 	center: autoDraw = True
35.0654 	EXP 	left: autoDraw = True
35.0654 	EXP 	right: autoDraw = True
35.0654 	EXP 	up: autoDraw = True
35.0654 	EXP 	down: autoDraw = True
35.0823 	EXP 	center: autoDraw = True
35.0823 	EXP 	left: autoDraw = True
35.0823 	EXP 	right: autoDraw = True
35.0823 	EXP 	up: autoDraw = True
35.0823 	EXP 	down: autoDraw = True
35.0994 	EXP 	center: autoDraw = True
35.0994 	EXP 	left: autoDraw = True
35.0994 	EXP 	right: autoDraw = True
35.0994 	EXP 	up: autoDraw = True
35.0994 	EXP 	down: autoDraw = True
35.1154 	EXP 	center: autoDraw = True
35.1154 	EXP 	left: autoDraw = True
35.1154 	EXP 	right: autoDraw = True
35.1154 	EXP 	up: autoDraw = True
35.1154 	EXP 	down: autoDraw = True
35.1321 	EXP 	center: autoDraw = True
35.1321 	EXP 	left: autoDraw = True
35.1321 	EXP 	right: autoDraw = True
35.1321 	EXP 	up: autoDraw = True
35.1321 	EXP 	down: autoDraw = True
35.1489 	EXP 	center: autoDraw = True
35.1489 	EXP 	left: autoDraw = True
35.1489 	EXP 	right: autoDraw = True
35.1489 	EXP 	up: autoDraw = True
35.1489 	EXP 	down: autoDraw = True
35.1657 	EXP 	center: autoDraw = True
35.1657 	EXP 	left: autoDraw = True
35.1657 	EXP 	right: autoDraw = True
35.1657 	EXP 	up: autoDraw = True
35.1657 	EXP 	down: autoDraw = True
35.1815 	EXP 	center: autoDraw = True
35.1815 	EXP 	left: autoDraw = True
35.1815 	EXP 	right: autoDraw = True
35.1815 	EXP 	up: autoDraw = True
35.1815 	EXP 	down: autoDraw = True
35.1988 	EXP 	center: autoDraw = True
35.1988 	EXP 	left: autoDraw = True
35.1988 	EXP 	right: autoDraw = True
35.1988 	EXP 	up: autoDraw = True
35.1988 	EXP 	down: autoDraw = True
35.2156 	EXP 	center: autoDraw = True
35.2156 	EXP 	left: autoDraw = True
35.2156 	EXP 	right: autoDraw = True
35.2156 	EXP 	up: autoDraw = True
35.2156 	EXP 	down: autoDraw = True
35.2323 	EXP 	center: autoDraw = True
35.2323 	EXP 	left: autoDraw = True
35.2323 	EXP 	right: autoDraw = True
35.2323 	EXP 	up: autoDraw = True
35.2323 	EXP 	down: autoDraw = True
35.2491 	EXP 	center: autoDraw = True
35.2491 	EXP 	left: autoDraw = True
35.2491 	EXP 	right: autoDraw = True
35.2491 	EXP 	up: autoDraw = True
35.2491 	EXP 	down: autoDraw = True
35.2656 	EXP 	center: autoDraw = True
35.2656 	EXP 	left: autoDraw = True
35.2656 	EXP 	right: autoDraw = True
35.2656 	EXP 	up: autoDraw = True
35.2656 	EXP 	down: autoDraw = True
35.2824 	EXP 	center: autoDraw = True
35.2824 	EXP 	left: autoDraw = True
35.2824 	EXP 	right: autoDraw = True
35.2824 	EXP 	up: autoDraw = True
35.2824 	EXP 	down: autoDraw = True
35.2989 	EXP 	center: autoDraw = True
35.2989 	EXP 	left: autoDraw = True
35.2989 	EXP 	right: autoDraw = True
35.2989 	EXP 	up: autoDraw = True
35.2989 	EXP 	down: autoDraw = True
35.3157 	EXP 	center: autoDraw = True
35.3157 	EXP 	left: autoDraw = True
35.3157 	EXP 	right: autoDraw = True
35.3157 	EXP 	up: autoDraw = True
35.3157 	EXP 	down: autoDraw = True
35.3323 	EXP 	center: autoDraw = True
35.3323 	EXP 	left: autoDraw = True
35.3323 	EXP 	right: autoDraw = True
35.3323 	EXP 	up: autoDraw = True
35.3323 	EXP 	down: autoDraw = True
35.3491 	EXP 	center: autoDraw = True
35.3491 	EXP 	left: autoDraw = True
35.3491 	EXP 	right: autoDraw = True
35.3491 	EXP 	up: autoDraw = True
35.3491 	EXP 	down: autoDraw = True
35.3657 	EXP 	center: autoDraw = True
35.3657 	EXP 	left: autoDraw = True
35.3657 	EXP 	right: autoDraw = True
35.3657 	EXP 	up: autoDraw = True
35.3657 	EXP 	down: autoDraw = True
35.3657 	EXP 	center: autoDraw = False
35.3657 	EXP 	left: autoDraw = False
35.3657 	EXP 	right: autoDraw = False
35.3657 	EXP 	up: autoDraw = False
35.3657 	EXP 	down: autoDraw = False
35.3822 	EXP 	center: autoDraw = True
35.3822 	EXP 	left: autoDraw = True
35.3822 	EXP 	right: autoDraw = True
35.3822 	EXP 	up: autoDraw = True
35.3822 	EXP 	down: autoDraw = True
35.3822 	EXP 	center: autoDraw = False
35.3822 	EXP 	left: autoDraw = False
35.3822 	EXP 	right: autoDraw = False
35.3822 	EXP 	up: autoDraw = False
35.3822 	EXP 	down: autoDraw = False
35.3989 	EXP 	center: autoDraw = True
35.3989 	EXP 	left: autoDraw = True
35.3989 	EXP 	right: autoDraw = True
35.3989 	EXP 	up: autoDraw = True
35.3989 	EXP 	down: autoDraw = True
35.3989 	EXP 	center: autoDraw = False
35.3989 	EXP 	left: autoDraw = False
35.3989 	EXP 	right: autoDraw = False
35.3989 	EXP 	up: autoDraw = False
35.3989 	EXP 	down: autoDraw = False
35.4156 	EXP 	center: autoDraw = True
35.4156 	EXP 	left: autoDraw = True
35.4156 	EXP 	right: autoDraw = True
35.4156 	EXP 	up: autoDraw = True
35.4156 	EXP 	down: autoDraw = True
35.4156 	EXP 	center: autoDraw = False
35.4156 	EXP 	left: autoDraw = False
35.4156 	EXP 	right: autoDraw = False
35.4156 	EXP 	up: autoDraw = False
35.4156 	EXP 	down: autoDraw = False
35.4324 	EXP 	center: autoDraw = True
35.4324 	EXP 	left: autoDraw = True
35.4324 	EXP 	right: autoDraw = True
35.4324 	EXP 	up: autoDraw = True
35.4324 	EXP 	down: autoDraw = True
35.4324 	EXP 	center: autoDraw = False
35.4324 	EXP 	left: autoDraw = False
35.4324 	EXP 	right: autoDraw = False
35.4324 	EXP 	up: autoDraw = False
35.4324 	EXP 	down: autoDraw = False
35.4484 	EXP 	center: autoDraw = True
35.4484 	EXP 	left: autoDraw = True
35.4484 	EXP 	right: autoDraw = True
35.4484 	EXP 	up: autoDraw = True
35.4484 	EXP 	down: autoDraw = True
35.4484 	EXP 	center: autoDraw = False
35.4484 	EXP 	left: autoDraw = False
35.4484 	EXP 	right: autoDraw = False
35.4484 	EXP 	up: autoDraw = False
35.4484 	EXP 	down: autoDraw = False
35.4654 	EXP 	center: autoDraw = True
35.4654 	EXP 	left: autoDraw = True
35.4654 	EXP 	right: autoDraw = True
35.4654 	EXP 	up: autoDraw = True
35.4654 	EXP 	down: autoDraw = True
35.4654 	EXP 	center: autoDraw = False
35.4654 	EXP 	left: autoDraw = False
35.4654 	EXP 	right: autoDraw = False
35.4654 	EXP 	up: autoDraw = False
35.4654 	EXP 	down: autoDraw = False
35.4821 	EXP 	center: autoDraw = True
35.4821 	EXP 	left: autoDraw = True
35.4821 	EXP 	right: autoDraw = True
35.4821 	EXP 	up: autoDraw = True
35.4821 	EXP 	down: autoDraw = True
35.4821 	EXP 	center: autoDraw = False
35.4821 	EXP 	left: autoDraw = False
35.4821 	EXP 	right: autoDraw = False
35.4821 	EXP 	up: autoDraw = False
35.4821 	EXP 	down: autoDraw = False
35.4989 	EXP 	center: autoDraw = True
35.4989 	EXP 	left: autoDraw = True
35.4989 	EXP 	right: autoDraw = True
35.4989 	EXP 	up: autoDraw = True
35.4989 	EXP 	down: autoDraw = True
35.4989 	EXP 	center: autoDraw = False
35.4989 	EXP 	left: autoDraw = False
35.4989 	EXP 	right: autoDraw = False
35.4989 	EXP 	up: autoDraw = False
35.4989 	EXP 	down: autoDraw = False
35.5339 	DATA 	bliE | frame count: 850
35.5393 	EXP 	Set  sound=./sound/close_speak.wav
35.5395 	EXP 	Set  sound=./sound/open_speak.wav
35.5435 	DATA 	oc_S | frame count: -1
35.5489 	EXP 	center: autoDraw = True
35.5489 	EXP 	left: autoDraw = True
35.5489 	EXP 	right: autoDraw = True
35.5489 	EXP 	up: autoDraw = True
35.5489 	EXP 	down: autoDraw = True
35.5489 	EXP 	center: autoDraw = False
35.5489 	EXP 	left: autoDraw = False
35.5489 	EXP 	right: autoDraw = False
35.5489 	EXP 	up: autoDraw = False
35.5489 	EXP 	down: autoDraw = False
35.5659 	EXP 	center: autoDraw = True
35.5659 	EXP 	left: autoDraw = True
35.5659 	EXP 	right: autoDraw = True
35.5659 	EXP 	up: autoDraw = True
35.5659 	EXP 	down: autoDraw = True
35.5822 	EXP 	center: autoDraw = True
35.5822 	EXP 	left: autoDraw = True
35.5822 	EXP 	right: autoDraw = True
35.5822 	EXP 	up: autoDraw = True
35.5822 	EXP 	down: autoDraw = True
35.5991 	EXP 	center: autoDraw = True
35.5991 	EXP 	left: autoDraw = True
35.5991 	EXP 	right: autoDraw = True
35.5991 	EXP 	up: autoDraw = True
35.5991 	EXP 	down: autoDraw = True
35.6154 	EXP 	center: autoDraw = True
35.6154 	EXP 	left: autoDraw = True
35.6154 	EXP 	right: autoDraw = True
35.6154 	EXP 	up: autoDraw = True
35.6154 	EXP 	down: autoDraw = True
35.6321 	EXP 	center: autoDraw = True
35.6321 	EXP 	left: autoDraw = True
35.6321 	EXP 	right: autoDraw = True
35.6321 	EXP 	up: autoDraw = True
35.6321 	EXP 	down: autoDraw = True
35.6490 	EXP 	center: autoDraw = True
35.6490 	EXP 	left: autoDraw = True
35.6490 	EXP 	right: autoDraw = True
35.6490 	EXP 	up: autoDraw = True
35.6490 	EXP 	down: autoDraw = True
35.6650 	EXP 	center: autoDraw = True
35.6650 	EXP 	left: autoDraw = True
35.6650 	EXP 	right: autoDraw = True
35.6650 	EXP 	up: autoDraw = True
35.6650 	EXP 	down: autoDraw = True
35.6819 	EXP 	center: autoDraw = True
35.6819 	EXP 	left: autoDraw = True
35.6819 	EXP 	right: autoDraw = True
35.6819 	EXP 	up: autoDraw = True
35.6819 	EXP 	down: autoDraw = True
35.6989 	EXP 	center: autoDraw = True
35.6989 	EXP 	left: autoDraw = True
35.6989 	EXP 	right: autoDraw = True
35.6989 	EXP 	up: autoDraw = True
35.6989 	EXP 	down: autoDraw = True
35.7155 	EXP 	center: autoDraw = True
35.7155 	EXP 	left: autoDraw = True
35.7155 	EXP 	right: autoDraw = True
35.7155 	EXP 	up: autoDraw = True
35.7155 	EXP 	down: autoDraw = True
35.7322 	EXP 	center: autoDraw = True
35.7322 	EXP 	left: autoDraw = True
35.7322 	EXP 	right: autoDraw = True
35.7322 	EXP 	up: autoDraw = True
35.7322 	EXP 	down: autoDraw = True
35.7489 	EXP 	center: autoDraw = True
35.7489 	EXP 	left: autoDraw = True
35.7489 	EXP 	right: autoDraw = True
35.7489 	EXP 	up: autoDraw = True
35.7489 	EXP 	down: autoDraw = True
35.7657 	EXP 	center: autoDraw = True
35.7657 	EXP 	left: autoDraw = True
35.7657 	EXP 	right: autoDraw = True
35.7657 	EXP 	up: autoDraw = True
35.7657 	EXP 	down: autoDraw = True
35.7820 	EXP 	center: autoDraw = True
35.7820 	EXP 	left: autoDraw = True
35.7820 	EXP 	right: autoDraw = True
35.7820 	EXP 	up: autoDraw = True
35.7820 	EXP 	down: autoDraw = True
35.7989 	EXP 	center: autoDraw = True
35.7989 	EXP 	left: autoDraw = True
35.7989 	EXP 	right: autoDraw = True
35.7989 	EXP 	up: autoDraw = True
35.7989 	EXP 	down: autoDraw = True
35.8155 	EXP 	center: autoDraw = True
35.8155 	EXP 	left: autoDraw = True
35.8155 	EXP 	right: autoDraw = True
35.8155 	EXP 	up: autoDraw = True
35.8155 	EXP 	down: autoDraw = True
35.8316 	EXP 	center: autoDraw = True
35.8316 	EXP 	left: autoDraw = True
35.8316 	EXP 	right: autoDraw = True
35.8316 	EXP 	up: autoDraw = True
35.8316 	EXP 	down: autoDraw = True
35.8488 	EXP 	center: autoDraw = True
35.8488 	EXP 	left: autoDraw = True
35.8488 	EXP 	right: autoDraw = True
35.8488 	EXP 	up: autoDraw = True
35.8488 	EXP 	down: autoDraw = True
35.8658 	EXP 	center: autoDraw = True
35.8658 	EXP 	left: autoDraw = True
35.8658 	EXP 	right: autoDraw = True
35.8658 	EXP 	up: autoDraw = True
35.8658 	EXP 	down: autoDraw = True
35.8820 	EXP 	center: autoDraw = True
35.8820 	EXP 	left: autoDraw = True
35.8820 	EXP 	right: autoDraw = True
35.8820 	EXP 	up: autoDraw = True
35.8820 	EXP 	down: autoDraw = True
35.8981 	EXP 	center: autoDraw = True
35.8981 	EXP 	left: autoDraw = True
35.8981 	EXP 	right: autoDraw = True
35.8981 	EXP 	up: autoDraw = True
35.8981 	EXP 	down: autoDraw = True
35.9154 	EXP 	center: autoDraw = True
35.9154 	EXP 	left: autoDraw = True
35.9154 	EXP 	right: autoDraw = True
35.9154 	EXP 	up: autoDraw = True
35.9154 	EXP 	down: autoDraw = True
35.9321 	EXP 	center: autoDraw = True
35.9321 	EXP 	left: autoDraw = True
35.9321 	EXP 	right: autoDraw = True
35.9321 	EXP 	up: autoDraw = True
35.9321 	EXP 	down: autoDraw = True
35.9488 	EXP 	center: autoDraw = True
35.9488 	EXP 	left: autoDraw = True
35.9488 	EXP 	right: autoDraw = True
35.9488 	EXP 	up: autoDraw = True
35.9488 	EXP 	down: autoDraw = True
35.9655 	EXP 	center: autoDraw = True
35.9655 	EXP 	left: autoDraw = True
35.9655 	EXP 	right: autoDraw = True
35.9655 	EXP 	up: autoDraw = True
35.9655 	EXP 	down: autoDraw = True
35.9823 	EXP 	center: autoDraw = True
35.9823 	EXP 	left: autoDraw = True
35.9823 	EXP 	right: autoDraw = True
35.9823 	EXP 	up: autoDraw = True
35.9823 	EXP 	down: autoDraw = True
35.9990 	EXP 	center: autoDraw = True
35.9990 	EXP 	left: autoDraw = True
35.9990 	EXP 	right: autoDraw = True
35.9990 	EXP 	up: autoDraw = True
35.9990 	EXP 	down: autoDraw = True
36.0155 	EXP 	center: autoDraw = True
36.0155 	EXP 	left: autoDraw = True
36.0155 	EXP 	right: autoDraw = True
36.0155 	EXP 	up: autoDraw = True
36.0155 	EXP 	down: autoDraw = True
36.0322 	EXP 	center: autoDraw = True
36.0322 	EXP 	left: autoDraw = True
36.0322 	EXP 	right: autoDraw = True
36.0322 	EXP 	up: autoDraw = True
36.0322 	EXP 	down: autoDraw = True
36.0489 	EXP 	center: autoDraw = True
36.0489 	EXP 	left: autoDraw = True
36.0489 	EXP 	right: autoDraw = True
36.0489 	EXP 	up: autoDraw = True
36.0489 	EXP 	down: autoDraw = True
36.0650 	EXP 	center: autoDraw = True
36.0650 	EXP 	left: autoDraw = True
36.0650 	EXP 	right: autoDraw = True
36.0650 	EXP 	up: autoDraw = True
36.0650 	EXP 	down: autoDraw = True
36.0822 	EXP 	center: autoDraw = True
36.0822 	EXP 	left: autoDraw = True
36.0822 	EXP 	right: autoDraw = True
36.0822 	EXP 	up: autoDraw = True
36.0822 	EXP 	down: autoDraw = True
36.0987 	EXP 	center: autoDraw = True
36.0987 	EXP 	left: autoDraw = True
36.0987 	EXP 	right: autoDraw = True
36.0987 	EXP 	up: autoDraw = True
36.0987 	EXP 	down: autoDraw = True
36.1154 	EXP 	center: autoDraw = True
36.1154 	EXP 	left: autoDraw = True
36.1154 	EXP 	right: autoDraw = True
36.1154 	EXP 	up: autoDraw = True
36.1154 	EXP 	down: autoDraw = True
36.1322 	EXP 	center: autoDraw = True
36.1322 	EXP 	left: autoDraw = True
36.1322 	EXP 	right: autoDraw = True
36.1322 	EXP 	up: autoDraw = True
36.1322 	EXP 	down: autoDraw = True
36.1490 	EXP 	center: autoDraw = True
36.1490 	EXP 	left: autoDraw = True
36.1490 	EXP 	right: autoDraw = True
36.1490 	EXP 	up: autoDraw = True
36.1490 	EXP 	down: autoDraw = True
36.1658 	EXP 	center: autoDraw = True
36.1658 	EXP 	left: autoDraw = True
36.1658 	EXP 	right: autoDraw = True
36.1658 	EXP 	up: autoDraw = True
36.1658 	EXP 	down: autoDraw = True
36.1821 	EXP 	center: autoDraw = True
36.1821 	EXP 	left: autoDraw = True
36.1821 	EXP 	right: autoDraw = True
36.1821 	EXP 	up: autoDraw = True
36.1821 	EXP 	down: autoDraw = True
36.1992 	EXP 	center: autoDraw = True
36.1992 	EXP 	left: autoDraw = True
36.1992 	EXP 	right: autoDraw = True
36.1992 	EXP 	up: autoDraw = True
36.1992 	EXP 	down: autoDraw = True
36.2148 	EXP 	center: autoDraw = True
36.2148 	EXP 	left: autoDraw = True
36.2148 	EXP 	right: autoDraw = True
36.2148 	EXP 	up: autoDraw = True
36.2148 	EXP 	down: autoDraw = True
36.2321 	EXP 	center: autoDraw = True
36.2321 	EXP 	left: autoDraw = True
36.2321 	EXP 	right: autoDraw = True
36.2321 	EXP 	up: autoDraw = True
36.2321 	EXP 	down: autoDraw = True
36.2489 	EXP 	center: autoDraw = True
36.2489 	EXP 	left: autoDraw = True
36.2489 	EXP 	right: autoDraw = True
36.2489 	EXP 	up: autoDraw = True
36.2489 	EXP 	down: autoDraw = True
36.2657 	EXP 	center: autoDraw = True
36.2657 	EXP 	left: autoDraw = True
36.2657 	EXP 	right: autoDraw = True
36.2657 	EXP 	up: autoDraw = True
36.2657 	EXP 	down: autoDraw = True
36.2820 	EXP 	center: autoDraw = True
36.2820 	EXP 	left: autoDraw = True
36.2820 	EXP 	right: autoDraw = True
36.2820 	EXP 	up: autoDraw = True
36.2820 	EXP 	down: autoDraw = True
36.2992 	EXP 	center: autoDraw = True
36.2992 	EXP 	left: autoDraw = True
36.2992 	EXP 	right: autoDraw = True
36.2992 	EXP 	up: autoDraw = True
36.2992 	EXP 	down: autoDraw = True
36.3154 	EXP 	center: autoDraw = True
36.3154 	EXP 	left: autoDraw = True
36.3154 	EXP 	right: autoDraw = True
36.3154 	EXP 	up: autoDraw = True
36.3154 	EXP 	down: autoDraw = True
36.3321 	EXP 	center: autoDraw = True
36.3321 	EXP 	left: autoDraw = True
36.3321 	EXP 	right: autoDraw = True
36.3321 	EXP 	up: autoDraw = True
36.3321 	EXP 	down: autoDraw = True
36.3488 	EXP 	center: autoDraw = True
36.3488 	EXP 	left: autoDraw = True
36.3488 	EXP 	right: autoDraw = True
36.3488 	EXP 	up: autoDraw = True
36.3488 	EXP 	down: autoDraw = True
36.3653 	EXP 	center: autoDraw = True
36.3653 	EXP 	left: autoDraw = True
36.3653 	EXP 	right: autoDraw = True
36.3653 	EXP 	up: autoDraw = True
36.3653 	EXP 	down: autoDraw = True
36.3821 	EXP 	center: autoDraw = True
36.3821 	EXP 	left: autoDraw = True
36.3821 	EXP 	right: autoDraw = True
36.3821 	EXP 	up: autoDraw = True
36.3821 	EXP 	down: autoDraw = True
36.3991 	EXP 	center: autoDraw = True
36.3991 	EXP 	left: autoDraw = True
36.3991 	EXP 	right: autoDraw = True
36.3991 	EXP 	up: autoDraw = True
36.3991 	EXP 	down: autoDraw = True
36.4154 	EXP 	center: autoDraw = True
36.4154 	EXP 	left: autoDraw = True
36.4154 	EXP 	right: autoDraw = True
36.4154 	EXP 	up: autoDraw = True
36.4154 	EXP 	down: autoDraw = True
36.4321 	EXP 	center: autoDraw = True
36.4321 	EXP 	left: autoDraw = True
36.4321 	EXP 	right: autoDraw = True
36.4321 	EXP 	up: autoDraw = True
36.4321 	EXP 	down: autoDraw = True
36.4489 	EXP 	center: autoDraw = True
36.4489 	EXP 	left: autoDraw = True
36.4489 	EXP 	right: autoDraw = True
36.4489 	EXP 	up: autoDraw = True
36.4489 	EXP 	down: autoDraw = True
36.4657 	EXP 	center: autoDraw = True
36.4657 	EXP 	left: autoDraw = True
36.4657 	EXP 	right: autoDraw = True
36.4657 	EXP 	up: autoDraw = True
36.4657 	EXP 	down: autoDraw = True
36.4821 	EXP 	center: autoDraw = True
36.4821 	EXP 	left: autoDraw = True
36.4821 	EXP 	right: autoDraw = True
36.4821 	EXP 	up: autoDraw = True
36.4821 	EXP 	down: autoDraw = True
36.4989 	EXP 	center: autoDraw = True
36.4989 	EXP 	left: autoDraw = True
36.4989 	EXP 	right: autoDraw = True
36.4989 	EXP 	up: autoDraw = True
36.4989 	EXP 	down: autoDraw = True
36.5154 	EXP 	center: autoDraw = True
36.5154 	EXP 	left: autoDraw = True
36.5154 	EXP 	right: autoDraw = True
36.5154 	EXP 	up: autoDraw = True
36.5154 	EXP 	down: autoDraw = True
36.5322 	EXP 	center: autoDraw = True
36.5322 	EXP 	left: autoDraw = True
36.5322 	EXP 	right: autoDraw = True
36.5322 	EXP 	up: autoDraw = True
36.5322 	EXP 	down: autoDraw = True
36.5489 	EXP 	center: autoDraw = True
36.5489 	EXP 	left: autoDraw = True
36.5489 	EXP 	right: autoDraw = True
36.5489 	EXP 	up: autoDraw = True
36.5489 	EXP 	down: autoDraw = True
36.5653 	EXP 	center: autoDraw = True
36.5653 	EXP 	left: autoDraw = True
36.5653 	EXP 	right: autoDraw = True
36.5653 	EXP 	up: autoDraw = True
36.5653 	EXP 	down: autoDraw = True
36.5821 	EXP 	center: autoDraw = True
36.5821 	EXP 	left: autoDraw = True
36.5821 	EXP 	right: autoDraw = True
36.5821 	EXP 	up: autoDraw = True
36.5821 	EXP 	down: autoDraw = True
36.5991 	EXP 	center: autoDraw = True
36.5991 	EXP 	left: autoDraw = True
36.5991 	EXP 	right: autoDraw = True
36.5991 	EXP 	up: autoDraw = True
36.5991 	EXP 	down: autoDraw = True
36.6153 	EXP 	center: autoDraw = True
36.6153 	EXP 	left: autoDraw = True
36.6153 	EXP 	right: autoDraw = True
36.6153 	EXP 	up: autoDraw = True
36.6153 	EXP 	down: autoDraw = True
36.6321 	EXP 	center: autoDraw = True
36.6321 	EXP 	left: autoDraw = True
36.6321 	EXP 	right: autoDraw = True
36.6321 	EXP 	up: autoDraw = True
36.6321 	EXP 	down: autoDraw = True
36.6489 	EXP 	center: autoDraw = True
36.6489 	EXP 	left: autoDraw = True
36.6489 	EXP 	right: autoDraw = True
36.6489 	EXP 	up: autoDraw = True
36.6489 	EXP 	down: autoDraw = True
36.6657 	EXP 	center: autoDraw = True
36.6657 	EXP 	left: autoDraw = True
36.6657 	EXP 	right: autoDraw = True
36.6657 	EXP 	up: autoDraw = True
36.6657 	EXP 	down: autoDraw = True
36.6820 	EXP 	center: autoDraw = True
36.6820 	EXP 	left: autoDraw = True
36.6820 	EXP 	right: autoDraw = True
36.6820 	EXP 	up: autoDraw = True
36.6820 	EXP 	down: autoDraw = True
36.6981 	EXP 	center: autoDraw = True
36.6981 	EXP 	left: autoDraw = True
36.6981 	EXP 	right: autoDraw = True
36.6981 	EXP 	up: autoDraw = True
36.6981 	EXP 	down: autoDraw = True
36.7151 	EXP 	center: autoDraw = True
36.7151 	EXP 	left: autoDraw = True
36.7151 	EXP 	right: autoDraw = True
36.7151 	EXP 	up: autoDraw = True
36.7151 	EXP 	down: autoDraw = True
36.7321 	EXP 	center: autoDraw = True
36.7321 	EXP 	left: autoDraw = True
36.7321 	EXP 	right: autoDraw = True
36.7321 	EXP 	up: autoDraw = True
36.7321 	EXP 	down: autoDraw = True
36.7487 	EXP 	center: autoDraw = True
36.7487 	EXP 	left: autoDraw = True
36.7487 	EXP 	right: autoDraw = True
36.7487 	EXP 	up: autoDraw = True
36.7487 	EXP 	down: autoDraw = True
36.7653 	EXP 	center: autoDraw = True
36.7653 	EXP 	left: autoDraw = True
36.7653 	EXP 	right: autoDraw = True
36.7653 	EXP 	up: autoDraw = True
36.7653 	EXP 	down: autoDraw = True
36.7821 	EXP 	center: autoDraw = True
36.7821 	EXP 	left: autoDraw = True
36.7821 	EXP 	right: autoDraw = True
36.7821 	EXP 	up: autoDraw = True
36.7821 	EXP 	down: autoDraw = True
36.7980 	EXP 	center: autoDraw = True
36.7980 	EXP 	left: autoDraw = True
36.7980 	EXP 	right: autoDraw = True
36.7980 	EXP 	up: autoDraw = True
36.7980 	EXP 	down: autoDraw = True
36.8153 	EXP 	center: autoDraw = True
36.8153 	EXP 	left: autoDraw = True
36.8153 	EXP 	right: autoDraw = True
36.8153 	EXP 	up: autoDraw = True
36.8153 	EXP 	down: autoDraw = True
36.8321 	EXP 	center: autoDraw = True
36.8321 	EXP 	left: autoDraw = True
36.8321 	EXP 	right: autoDraw = True
36.8321 	EXP 	up: autoDraw = True
36.8321 	EXP 	down: autoDraw = True
36.8488 	EXP 	center: autoDraw = True
36.8488 	EXP 	left: autoDraw = True
36.8488 	EXP 	right: autoDraw = True
36.8488 	EXP 	up: autoDraw = True
36.8488 	EXP 	down: autoDraw = True
36.8650 	EXP 	center: autoDraw = True
36.8650 	EXP 	left: autoDraw = True
36.8650 	EXP 	right: autoDraw = True
36.8650 	EXP 	up: autoDraw = True
36.8650 	EXP 	down: autoDraw = True
36.8820 	EXP 	center: autoDraw = True
36.8820 	EXP 	left: autoDraw = True
36.8820 	EXP 	right: autoDraw = True
36.8820 	EXP 	up: autoDraw = True
36.8820 	EXP 	down: autoDraw = True
36.8979 	EXP 	center: autoDraw = True
36.8979 	EXP 	left: autoDraw = True
36.8979 	EXP 	right: autoDraw = True
36.8979 	EXP 	up: autoDraw = True
36.8979 	EXP 	down: autoDraw = True
36.9149 	EXP 	center: autoDraw = True
36.9149 	EXP 	left: autoDraw = True
36.9149 	EXP 	right: autoDraw = True
36.9149 	EXP 	up: autoDraw = True
36.9149 	EXP 	down: autoDraw = True
36.9320 	EXP 	center: autoDraw = True
36.9320 	EXP 	left: autoDraw = True
36.9320 	EXP 	right: autoDraw = True
36.9320 	EXP 	up: autoDraw = True
36.9320 	EXP 	down: autoDraw = True
36.9490 	EXP 	center: autoDraw = True
36.9490 	EXP 	left: autoDraw = True
36.9490 	EXP 	right: autoDraw = True
36.9490 	EXP 	up: autoDraw = True
36.9490 	EXP 	down: autoDraw = True
36.9653 	EXP 	center: autoDraw = True
36.9653 	EXP 	left: autoDraw = True
36.9653 	EXP 	right: autoDraw = True
36.9653 	EXP 	up: autoDraw = True
36.9653 	EXP 	down: autoDraw = True
36.9821 	EXP 	center: autoDraw = True
36.9821 	EXP 	left: autoDraw = True
36.9821 	EXP 	right: autoDraw = True
36.9821 	EXP 	up: autoDraw = True
36.9821 	EXP 	down: autoDraw = True
36.9980 	EXP 	center: autoDraw = True
36.9980 	EXP 	left: autoDraw = True
36.9980 	EXP 	right: autoDraw = True
36.9980 	EXP 	up: autoDraw = True
36.9980 	EXP 	down: autoDraw = True
37.0154 	EXP 	center: autoDraw = True
37.0154 	EXP 	left: autoDraw = True
37.0154 	EXP 	right: autoDraw = True
37.0154 	EXP 	up: autoDraw = True
37.0154 	EXP 	down: autoDraw = True
37.0322 	EXP 	center: autoDraw = True
37.0322 	EXP 	left: autoDraw = True
37.0322 	EXP 	right: autoDraw = True
37.0322 	EXP 	up: autoDraw = True
37.0322 	EXP 	down: autoDraw = True
37.0489 	EXP 	center: autoDraw = True
37.0489 	EXP 	left: autoDraw = True
37.0489 	EXP 	right: autoDraw = True
37.0489 	EXP 	up: autoDraw = True
37.0489 	EXP 	down: autoDraw = True
37.0653 	EXP 	center: autoDraw = True
37.0653 	EXP 	left: autoDraw = True
37.0653 	EXP 	right: autoDraw = True
37.0653 	EXP 	up: autoDraw = True
37.0653 	EXP 	down: autoDraw = True
37.0821 	EXP 	center: autoDraw = True
37.0821 	EXP 	left: autoDraw = True
37.0821 	EXP 	right: autoDraw = True
37.0821 	EXP 	up: autoDraw = True
37.0821 	EXP 	down: autoDraw = True
37.0988 	EXP 	center: autoDraw = True
37.0988 	EXP 	left: autoDraw = True
37.0988 	EXP 	right: autoDraw = True
37.0988 	EXP 	up: autoDraw = True
37.0988 	EXP 	down: autoDraw = True
37.1155 	EXP 	center: autoDraw = True
37.1155 	EXP 	left: autoDraw = True
37.1155 	EXP 	right: autoDraw = True
37.1155 	EXP 	up: autoDraw = True
37.1155 	EXP 	down: autoDraw = True
37.1319 	EXP 	center: autoDraw = True
37.1319 	EXP 	left: autoDraw = True
37.1319 	EXP 	right: autoDraw = True
37.1319 	EXP 	up: autoDraw = True
37.1319 	EXP 	down: autoDraw = True
37.1488 	EXP 	center: autoDraw = True
37.1488 	EXP 	left: autoDraw = True
37.1488 	EXP 	right: autoDraw = True
37.1488 	EXP 	up: autoDraw = True
37.1488 	EXP 	down: autoDraw = True
37.1656 	EXP 	center: autoDraw = True
37.1656 	EXP 	left: autoDraw = True
37.1656 	EXP 	right: autoDraw = True
37.1656 	EXP 	up: autoDraw = True
37.1656 	EXP 	down: autoDraw = True
37.1820 	EXP 	center: autoDraw = True
37.1820 	EXP 	left: autoDraw = True
37.1820 	EXP 	right: autoDraw = True
37.1820 	EXP 	up: autoDraw = True
37.1820 	EXP 	down: autoDraw = True
37.1989 	EXP 	center: autoDraw = True
37.1989 	EXP 	left: autoDraw = True
37.1989 	EXP 	right: autoDraw = True
37.1989 	EXP 	up: autoDraw = True
37.1989 	EXP 	down: autoDraw = True
37.2154 	EXP 	center: autoDraw = True
37.2154 	EXP 	left: autoDraw = True
37.2154 	EXP 	right: autoDraw = True
37.2154 	EXP 	up: autoDraw = True
37.2154 	EXP 	down: autoDraw = True
37.2317 	EXP 	center: autoDraw = True
37.2317 	EXP 	left: autoDraw = True
37.2317 	EXP 	right: autoDraw = True
37.2317 	EXP 	up: autoDraw = True
37.2317 	EXP 	down: autoDraw = True
37.2481 	EXP 	center: autoDraw = True
37.2481 	EXP 	left: autoDraw = True
37.2481 	EXP 	right: autoDraw = True
37.2481 	EXP 	up: autoDraw = True
37.2481 	EXP 	down: autoDraw = True
37.2653 	EXP 	center: autoDraw = True
37.2653 	EXP 	left: autoDraw = True
37.2653 	EXP 	right: autoDraw = True
37.2653 	EXP 	up: autoDraw = True
37.2653 	EXP 	down: autoDraw = True
37.2822 	EXP 	center: autoDraw = True
37.2822 	EXP 	left: autoDraw = True
37.2822 	EXP 	right: autoDraw = True
37.2822 	EXP 	up: autoDraw = True
37.2822 	EXP 	down: autoDraw = True
37.2990 	EXP 	center: autoDraw = True
37.2990 	EXP 	left: autoDraw = True
37.2990 	EXP 	right: autoDraw = True
37.2990 	EXP 	up: autoDraw = True
37.2990 	EXP 	down: autoDraw = True
37.3154 	EXP 	center: autoDraw = True
37.3154 	EXP 	left: autoDraw = True
37.3154 	EXP 	right: autoDraw = True
37.3154 	EXP 	up: autoDraw = True
37.3154 	EXP 	down: autoDraw = True
37.3323 	EXP 	center: autoDraw = True
37.3323 	EXP 	left: autoDraw = True
37.3323 	EXP 	right: autoDraw = True
37.3323 	EXP 	up: autoDraw = True
37.3323 	EXP 	down: autoDraw = True
37.3486 	EXP 	center: autoDraw = True
37.3486 	EXP 	left: autoDraw = True
37.3486 	EXP 	right: autoDraw = True
37.3486 	EXP 	up: autoDraw = True
37.3486 	EXP 	down: autoDraw = True
37.3655 	EXP 	center: autoDraw = True
37.3655 	EXP 	left: autoDraw = True
37.3655 	EXP 	right: autoDraw = True
37.3655 	EXP 	up: autoDraw = True
37.3655 	EXP 	down: autoDraw = True
37.3822 	EXP 	center: autoDraw = True
37.3822 	EXP 	left: autoDraw = True
37.3822 	EXP 	right: autoDraw = True
37.3822 	EXP 	up: autoDraw = True
37.3822 	EXP 	down: autoDraw = True
37.3988 	EXP 	center: autoDraw = True
37.3988 	EXP 	left: autoDraw = True
37.3988 	EXP 	right: autoDraw = True
37.3988 	EXP 	up: autoDraw = True
37.3988 	EXP 	down: autoDraw = True
37.4155 	EXP 	center: autoDraw = True
37.4155 	EXP 	left: autoDraw = True
37.4155 	EXP 	right: autoDraw = True
37.4155 	EXP 	up: autoDraw = True
37.4155 	EXP 	down: autoDraw = True
37.4323 	EXP 	center: autoDraw = True
37.4323 	EXP 	left: autoDraw = True
37.4323 	EXP 	right: autoDraw = True
37.4323 	EXP 	up: autoDraw = True
37.4323 	EXP 	down: autoDraw = True
37.4486 	EXP 	center: autoDraw = True
37.4486 	EXP 	left: autoDraw = True
37.4486 	EXP 	right: autoDraw = True
37.4486 	EXP 	up: autoDraw = True
37.4486 	EXP 	down: autoDraw = True
37.4653 	EXP 	center: autoDraw = True
37.4653 	EXP 	left: autoDraw = True
37.4653 	EXP 	right: autoDraw = True
37.4653 	EXP 	up: autoDraw = True
37.4653 	EXP 	down: autoDraw = True
37.4821 	EXP 	center: autoDraw = True
37.4821 	EXP 	left: autoDraw = True
37.4821 	EXP 	right: autoDraw = True
37.4821 	EXP 	up: autoDraw = True
37.4821 	EXP 	down: autoDraw = True
37.4987 	EXP 	center: autoDraw = True
37.4987 	EXP 	left: autoDraw = True
37.4987 	EXP 	right: autoDraw = True
37.4987 	EXP 	up: autoDraw = True
37.4987 	EXP 	down: autoDraw = True
37.5150 	EXP 	center: autoDraw = True
37.5150 	EXP 	left: autoDraw = True
37.5150 	EXP 	right: autoDraw = True
37.5150 	EXP 	up: autoDraw = True
37.5150 	EXP 	down: autoDraw = True
37.5321 	EXP 	center: autoDraw = True
37.5321 	EXP 	left: autoDraw = True
37.5321 	EXP 	right: autoDraw = True
37.5321 	EXP 	up: autoDraw = True
37.5321 	EXP 	down: autoDraw = True
37.5323 	EXP 	Sound  started
37.5371 	DATA 	sclo | frame count: 120
37.5486 	EXP 	center: autoDraw = True
37.5486 	EXP 	left: autoDraw = True
37.5486 	EXP 	right: autoDraw = True
37.5486 	EXP 	up: autoDraw = True
37.5486 	EXP 	down: autoDraw = True
37.5654 	EXP 	center: autoDraw = True
37.5654 	EXP 	left: autoDraw = True
37.5654 	EXP 	right: autoDraw = True
37.5654 	EXP 	up: autoDraw = True
37.5654 	EXP 	down: autoDraw = True
37.5823 	EXP 	center: autoDraw = True
37.5823 	EXP 	left: autoDraw = True
37.5823 	EXP 	right: autoDraw = True
37.5823 	EXP 	up: autoDraw = True
37.5823 	EXP 	down: autoDraw = True
37.5986 	EXP 	center: autoDraw = True
37.5986 	EXP 	left: autoDraw = True
37.5986 	EXP 	right: autoDraw = True
37.5986 	EXP 	up: autoDraw = True
37.5986 	EXP 	down: autoDraw = True
37.6154 	EXP 	center: autoDraw = True
37.6154 	EXP 	left: autoDraw = True
37.6154 	EXP 	right: autoDraw = True
37.6154 	EXP 	up: autoDraw = True
37.6154 	EXP 	down: autoDraw = True
37.6324 	EXP 	center: autoDraw = True
37.6324 	EXP 	left: autoDraw = True
37.6324 	EXP 	right: autoDraw = True
37.6324 	EXP 	up: autoDraw = True
37.6324 	EXP 	down: autoDraw = True
37.6486 	EXP 	center: autoDraw = True
37.6486 	EXP 	left: autoDraw = True
37.6486 	EXP 	right: autoDraw = True
37.6486 	EXP 	up: autoDraw = True
37.6486 	EXP 	down: autoDraw = True
37.6653 	EXP 	center: autoDraw = True
37.6653 	EXP 	left: autoDraw = True
37.6653 	EXP 	right: autoDraw = True
37.6653 	EXP 	up: autoDraw = True
37.6653 	EXP 	down: autoDraw = True
37.6821 	EXP 	center: autoDraw = True
37.6821 	EXP 	left: autoDraw = True
37.6821 	EXP 	right: autoDraw = True
37.6821 	EXP 	up: autoDraw = True
37.6821 	EXP 	down: autoDraw = True
37.6988 	EXP 	center: autoDraw = True
37.6988 	EXP 	left: autoDraw = True
37.6988 	EXP 	right: autoDraw = True
37.6988 	EXP 	up: autoDraw = True
37.6988 	EXP 	down: autoDraw = True
37.7153 	EXP 	center: autoDraw = True
37.7153 	EXP 	left: autoDraw = True
37.7153 	EXP 	right: autoDraw = True
37.7153 	EXP 	up: autoDraw = True
37.7153 	EXP 	down: autoDraw = True
37.7320 	EXP 	center: autoDraw = True
37.7320 	EXP 	left: autoDraw = True
37.7320 	EXP 	right: autoDraw = True
37.7320 	EXP 	up: autoDraw = True
37.7320 	EXP 	down: autoDraw = True
37.7485 	EXP 	center: autoDraw = True
37.7485 	EXP 	left: autoDraw = True
37.7485 	EXP 	right: autoDraw = True
37.7485 	EXP 	up: autoDraw = True
37.7485 	EXP 	down: autoDraw = True
37.7654 	EXP 	center: autoDraw = True
37.7654 	EXP 	left: autoDraw = True
37.7654 	EXP 	right: autoDraw = True
37.7654 	EXP 	up: autoDraw = True
37.7654 	EXP 	down: autoDraw = True
37.7821 	EXP 	center: autoDraw = True
37.7821 	EXP 	left: autoDraw = True
37.7821 	EXP 	right: autoDraw = True
37.7821 	EXP 	up: autoDraw = True
37.7821 	EXP 	down: autoDraw = True
37.7978 	EXP 	center: autoDraw = True
37.7978 	EXP 	left: autoDraw = True
37.7978 	EXP 	right: autoDraw = True
37.7978 	EXP 	up: autoDraw = True
37.7978 	EXP 	down: autoDraw = True
37.8153 	EXP 	center: autoDraw = True
37.8153 	EXP 	left: autoDraw = True
37.8153 	EXP 	right: autoDraw = True
37.8153 	EXP 	up: autoDraw = True
37.8153 	EXP 	down: autoDraw = True
37.8321 	EXP 	center: autoDraw = True
37.8321 	EXP 	left: autoDraw = True
37.8321 	EXP 	right: autoDraw = True
37.8321 	EXP 	up: autoDraw = True
37.8321 	EXP 	down: autoDraw = True
37.8489 	EXP 	center: autoDraw = True
37.8489 	EXP 	left: autoDraw = True
37.8489 	EXP 	right: autoDraw = True
37.8489 	EXP 	up: autoDraw = True
37.8489 	EXP 	down: autoDraw = True
37.8653 	EXP 	center: autoDraw = True
37.8653 	EXP 	left: autoDraw = True
37.8653 	EXP 	right: autoDraw = True
37.8653 	EXP 	up: autoDraw = True
37.8653 	EXP 	down: autoDraw = True
37.8820 	EXP 	center: autoDraw = True
37.8820 	EXP 	left: autoDraw = True
37.8820 	EXP 	right: autoDraw = True
37.8820 	EXP 	up: autoDraw = True
37.8820 	EXP 	down: autoDraw = True
37.8981 	EXP 	center: autoDraw = True
37.8981 	EXP 	left: autoDraw = True
37.8981 	EXP 	right: autoDraw = True
37.8981 	EXP 	up: autoDraw = True
37.8981 	EXP 	down: autoDraw = True
37.9150 	EXP 	center: autoDraw = True
37.9150 	EXP 	left: autoDraw = True
37.9150 	EXP 	right: autoDraw = True
37.9150 	EXP 	up: autoDraw = True
37.9150 	EXP 	down: autoDraw = True
37.9320 	EXP 	center: autoDraw = True
37.9320 	EXP 	left: autoDraw = True
37.9320 	EXP 	right: autoDraw = True
37.9320 	EXP 	up: autoDraw = True
37.9320 	EXP 	down: autoDraw = True
37.9488 	EXP 	center: autoDraw = True
37.9488 	EXP 	left: autoDraw = True
37.9488 	EXP 	right: autoDraw = True
37.9488 	EXP 	up: autoDraw = True
37.9488 	EXP 	down: autoDraw = True
37.9653 	EXP 	center: autoDraw = True
37.9653 	EXP 	left: autoDraw = True
37.9653 	EXP 	right: autoDraw = True
37.9653 	EXP 	up: autoDraw = True
37.9653 	EXP 	down: autoDraw = True
37.9823 	EXP 	center: autoDraw = True
37.9823 	EXP 	left: autoDraw = True
37.9823 	EXP 	right: autoDraw = True
37.9823 	EXP 	up: autoDraw = True
37.9823 	EXP 	down: autoDraw = True
37.9986 	EXP 	center: autoDraw = True
37.9986 	EXP 	left: autoDraw = True
37.9986 	EXP 	right: autoDraw = True
37.9986 	EXP 	up: autoDraw = True
37.9986 	EXP 	down: autoDraw = True
38.0155 	EXP 	center: autoDraw = True
38.0155 	EXP 	left: autoDraw = True
38.0155 	EXP 	right: autoDraw = True
38.0155 	EXP 	up: autoDraw = True
38.0155 	EXP 	down: autoDraw = True
38.0322 	EXP 	center: autoDraw = True
38.0322 	EXP 	left: autoDraw = True
38.0322 	EXP 	right: autoDraw = True
38.0322 	EXP 	up: autoDraw = True
38.0322 	EXP 	down: autoDraw = True
38.0323 	DATA 	wsqS
38.0486 	EXP 	center: autoDraw = True
38.0486 	EXP 	left: autoDraw = True
38.0486 	EXP 	right: autoDraw = True
38.0486 	EXP 	up: autoDraw = True
38.0486 	EXP 	down: autoDraw = True
38.0486 	EXP 	whitesquare: autoDraw = True
38.0656 	EXP 	center: autoDraw = True
38.0656 	EXP 	left: autoDraw = True
38.0656 	EXP 	right: autoDraw = True
38.0656 	EXP 	up: autoDraw = True
38.0656 	EXP 	down: autoDraw = True
38.0656 	EXP 	whitesquare: autoDraw = False
38.0819 	EXP 	center: autoDraw = True
38.0819 	EXP 	left: autoDraw = True
38.0819 	EXP 	right: autoDraw = True
38.0819 	EXP 	up: autoDraw = True
38.0819 	EXP 	down: autoDraw = True
38.0988 	EXP 	center: autoDraw = True
38.0988 	EXP 	left: autoDraw = True
38.0988 	EXP 	right: autoDraw = True
38.0988 	EXP 	up: autoDraw = True
38.0988 	EXP 	down: autoDraw = True
38.1153 	EXP 	center: autoDraw = True
38.1153 	EXP 	left: autoDraw = True
38.1153 	EXP 	right: autoDraw = True
38.1153 	EXP 	up: autoDraw = True
38.1153 	EXP 	down: autoDraw = True
38.1320 	EXP 	center: autoDraw = True
38.1320 	EXP 	left: autoDraw = True
38.1320 	EXP 	right: autoDraw = True
38.1320 	EXP 	up: autoDraw = True
38.1320 	EXP 	down: autoDraw = True
38.1488 	EXP 	center: autoDraw = True
38.1488 	EXP 	left: autoDraw = True
38.1488 	EXP 	right: autoDraw = True
38.1488 	EXP 	up: autoDraw = True
38.1488 	EXP 	down: autoDraw = True
38.1651 	EXP 	center: autoDraw = True
38.1651 	EXP 	left: autoDraw = True
38.1651 	EXP 	right: autoDraw = True
38.1651 	EXP 	up: autoDraw = True
38.1651 	EXP 	down: autoDraw = True
38.1820 	EXP 	center: autoDraw = True
38.1820 	EXP 	left: autoDraw = True
38.1820 	EXP 	right: autoDraw = True
38.1820 	EXP 	up: autoDraw = True
38.1820 	EXP 	down: autoDraw = True
38.1987 	EXP 	center: autoDraw = True
38.1987 	EXP 	left: autoDraw = True
38.1987 	EXP 	right: autoDraw = True
38.1987 	EXP 	up: autoDraw = True
38.1987 	EXP 	down: autoDraw = True
38.2155 	EXP 	center: autoDraw = True
38.2155 	EXP 	left: autoDraw = True
38.2155 	EXP 	right: autoDraw = True
38.2155 	EXP 	up: autoDraw = True
38.2155 	EXP 	down: autoDraw = True
38.2319 	EXP 	center: autoDraw = True
38.2319 	EXP 	left: autoDraw = True
38.2319 	EXP 	right: autoDraw = True
38.2319 	EXP 	up: autoDraw = True
38.2319 	EXP 	down: autoDraw = True
38.2488 	EXP 	center: autoDraw = True
38.2488 	EXP 	left: autoDraw = True
38.2488 	EXP 	right: autoDraw = True
38.2488 	EXP 	up: autoDraw = True
38.2488 	EXP 	down: autoDraw = True
38.2652 	EXP 	center: autoDraw = True
38.2652 	EXP 	left: autoDraw = True
38.2652 	EXP 	right: autoDraw = True
38.2652 	EXP 	up: autoDraw = True
38.2652 	EXP 	down: autoDraw = True
38.2813 	EXP 	center: autoDraw = True
38.2813 	EXP 	left: autoDraw = True
38.2813 	EXP 	right: autoDraw = True
38.2813 	EXP 	up: autoDraw = True
38.2813 	EXP 	down: autoDraw = True
38.2986 	EXP 	center: autoDraw = True
38.2986 	EXP 	left: autoDraw = True
38.2986 	EXP 	right: autoDraw = True
38.2986 	EXP 	up: autoDraw = True
38.2986 	EXP 	down: autoDraw = True
38.3154 	EXP 	center: autoDraw = True
38.3154 	EXP 	left: autoDraw = True
38.3154 	EXP 	right: autoDraw = True
38.3154 	EXP 	up: autoDraw = True
38.3154 	EXP 	down: autoDraw = True
38.3322 	EXP 	center: autoDraw = True
38.3322 	EXP 	left: autoDraw = True
38.3322 	EXP 	right: autoDraw = True
38.3322 	EXP 	up: autoDraw = True
38.3322 	EXP 	down: autoDraw = True
38.3486 	EXP 	center: autoDraw = True
38.3486 	EXP 	left: autoDraw = True
38.3486 	EXP 	right: autoDraw = True
38.3486 	EXP 	up: autoDraw = True
38.3486 	EXP 	down: autoDraw = True
38.3654 	EXP 	center: autoDraw = True
38.3654 	EXP 	left: autoDraw = True
38.3654 	EXP 	right: autoDraw = True
38.3654 	EXP 	up: autoDraw = True
38.3654 	EXP 	down: autoDraw = True
38.3823 	EXP 	center: autoDraw = True
38.3823 	EXP 	left: autoDraw = True
38.3823 	EXP 	right: autoDraw = True
38.3823 	EXP 	up: autoDraw = True
38.3823 	EXP 	down: autoDraw = True
38.3986 	EXP 	center: autoDraw = True
38.3986 	EXP 	left: autoDraw = True
38.3986 	EXP 	right: autoDraw = True
38.3986 	EXP 	up: autoDraw = True
38.3986 	EXP 	down: autoDraw = True
38.4153 	EXP 	center: autoDraw = True
38.4153 	EXP 	left: autoDraw = True
38.4153 	EXP 	right: autoDraw = True
38.4153 	EXP 	up: autoDraw = True
38.4153 	EXP 	down: autoDraw = True
38.4321 	EXP 	center: autoDraw = True
38.4321 	EXP 	left: autoDraw = True
38.4321 	EXP 	right: autoDraw = True
38.4321 	EXP 	up: autoDraw = True
38.4321 	EXP 	down: autoDraw = True
38.4485 	EXP 	center: autoDraw = True
38.4485 	EXP 	left: autoDraw = True
38.4485 	EXP 	right: autoDraw = True
38.4485 	EXP 	up: autoDraw = True
38.4485 	EXP 	down: autoDraw = True
38.4653 	EXP 	center: autoDraw = True
38.4653 	EXP 	left: autoDraw = True
38.4653 	EXP 	right: autoDraw = True
38.4653 	EXP 	up: autoDraw = True
38.4653 	EXP 	down: autoDraw = True
38.4821 	EXP 	center: autoDraw = True
38.4821 	EXP 	left: autoDraw = True
38.4821 	EXP 	right: autoDraw = True
38.4821 	EXP 	up: autoDraw = True
38.4821 	EXP 	down: autoDraw = True
38.4986 	EXP 	center: autoDraw = True
38.4986 	EXP 	left: autoDraw = True
38.4986 	EXP 	right: autoDraw = True
38.4986 	EXP 	up: autoDraw = True
38.4986 	EXP 	down: autoDraw = True
38.5155 	EXP 	center: autoDraw = True
38.5155 	EXP 	left: autoDraw = True
38.5155 	EXP 	right: autoDraw = True
38.5155 	EXP 	up: autoDraw = True
38.5155 	EXP 	down: autoDraw = True
38.5319 	EXP 	center: autoDraw = True
38.5319 	EXP 	left: autoDraw = True
38.5319 	EXP 	right: autoDraw = True
38.5319 	EXP 	up: autoDraw = True
38.5319 	EXP 	down: autoDraw = True
38.5484 	EXP 	center: autoDraw = True
38.5484 	EXP 	left: autoDraw = True
38.5484 	EXP 	right: autoDraw = True
38.5484 	EXP 	up: autoDraw = True
38.5484 	EXP 	down: autoDraw = True
38.5652 	EXP 	center: autoDraw = True
38.5652 	EXP 	left: autoDraw = True
38.5652 	EXP 	right: autoDraw = True
38.5652 	EXP 	up: autoDraw = True
38.5652 	EXP 	down: autoDraw = True
38.5821 	EXP 	center: autoDraw = True
38.5821 	EXP 	left: autoDraw = True
38.5821 	EXP 	right: autoDraw = True
38.5821 	EXP 	up: autoDraw = True
38.5821 	EXP 	down: autoDraw = True
38.5985 	EXP 	center: autoDraw = True
38.5985 	EXP 	left: autoDraw = True
38.5985 	EXP 	right: autoDraw = True
38.5985 	EXP 	up: autoDraw = True
38.5985 	EXP 	down: autoDraw = True
38.6154 	EXP 	center: autoDraw = True
38.6154 	EXP 	left: autoDraw = True
38.6154 	EXP 	right: autoDraw = True
38.6154 	EXP 	up: autoDraw = True
38.6154 	EXP 	down: autoDraw = True
38.6318 	EXP 	center: autoDraw = True
38.6318 	EXP 	left: autoDraw = True
38.6318 	EXP 	right: autoDraw = True
38.6318 	EXP 	up: autoDraw = True
38.6318 	EXP 	down: autoDraw = True
38.6486 	EXP 	center: autoDraw = True
38.6486 	EXP 	left: autoDraw = True
38.6486 	EXP 	right: autoDraw = True
38.6486 	EXP 	up: autoDraw = True
38.6486 	EXP 	down: autoDraw = True
38.6644 	EXP 	center: autoDraw = True
38.6644 	EXP 	left: autoDraw = True
38.6644 	EXP 	right: autoDraw = True
38.6644 	EXP 	up: autoDraw = True
38.6644 	EXP 	down: autoDraw = True
38.6820 	EXP 	center: autoDraw = True
38.6820 	EXP 	left: autoDraw = True
38.6820 	EXP 	right: autoDraw = True
38.6820 	EXP 	up: autoDraw = True
38.6820 	EXP 	down: autoDraw = True
38.6988 	EXP 	center: autoDraw = True
38.6988 	EXP 	left: autoDraw = True
38.6988 	EXP 	right: autoDraw = True
38.6988 	EXP 	up: autoDraw = True
38.6988 	EXP 	down: autoDraw = True
38.7152 	EXP 	center: autoDraw = True
38.7152 	EXP 	left: autoDraw = True
38.7152 	EXP 	right: autoDraw = True
38.7152 	EXP 	up: autoDraw = True
38.7152 	EXP 	down: autoDraw = True
38.7321 	EXP 	center: autoDraw = True
38.7321 	EXP 	left: autoDraw = True
38.7321 	EXP 	right: autoDraw = True
38.7321 	EXP 	up: autoDraw = True
38.7321 	EXP 	down: autoDraw = True
38.7485 	EXP 	center: autoDraw = True
38.7485 	EXP 	left: autoDraw = True
38.7485 	EXP 	right: autoDraw = True
38.7485 	EXP 	up: autoDraw = True
38.7485 	EXP 	down: autoDraw = True
38.7653 	EXP 	center: autoDraw = True
38.7653 	EXP 	left: autoDraw = True
38.7653 	EXP 	right: autoDraw = True
38.7653 	EXP 	up: autoDraw = True
38.7653 	EXP 	down: autoDraw = True
38.7819 	EXP 	center: autoDraw = True
38.7819 	EXP 	left: autoDraw = True
38.7819 	EXP 	right: autoDraw = True
38.7819 	EXP 	up: autoDraw = True
38.7819 	EXP 	down: autoDraw = True
38.7989 	EXP 	center: autoDraw = True
38.7989 	EXP 	left: autoDraw = True
38.7989 	EXP 	right: autoDraw = True
38.7989 	EXP 	up: autoDraw = True
38.7989 	EXP 	down: autoDraw = True
38.8153 	EXP 	center: autoDraw = True
38.8153 	EXP 	left: autoDraw = True
38.8153 	EXP 	right: autoDraw = True
38.8153 	EXP 	up: autoDraw = True
38.8153 	EXP 	down: autoDraw = True
38.8321 	EXP 	center: autoDraw = True
38.8321 	EXP 	left: autoDraw = True
38.8321 	EXP 	right: autoDraw = True
38.8321 	EXP 	up: autoDraw = True
38.8321 	EXP 	down: autoDraw = True
38.8487 	EXP 	center: autoDraw = True
38.8487 	EXP 	left: autoDraw = True
38.8487 	EXP 	right: autoDraw = True
38.8487 	EXP 	up: autoDraw = True
38.8487 	EXP 	down: autoDraw = True
38.8654 	EXP 	center: autoDraw = True
38.8654 	EXP 	left: autoDraw = True
38.8654 	EXP 	right: autoDraw = True
38.8654 	EXP 	up: autoDraw = True
38.8654 	EXP 	down: autoDraw = True
38.8819 	EXP 	center: autoDraw = True
38.8819 	EXP 	left: autoDraw = True
38.8819 	EXP 	right: autoDraw = True
38.8819 	EXP 	up: autoDraw = True
38.8819 	EXP 	down: autoDraw = True
38.8986 	EXP 	center: autoDraw = True
38.8986 	EXP 	left: autoDraw = True
38.8986 	EXP 	right: autoDraw = True
38.8986 	EXP 	up: autoDraw = True
38.8986 	EXP 	down: autoDraw = True
38.9154 	EXP 	center: autoDraw = True
38.9154 	EXP 	left: autoDraw = True
38.9154 	EXP 	right: autoDraw = True
38.9154 	EXP 	up: autoDraw = True
38.9154 	EXP 	down: autoDraw = True
38.9319 	EXP 	center: autoDraw = True
38.9319 	EXP 	left: autoDraw = True
38.9319 	EXP 	right: autoDraw = True
38.9319 	EXP 	up: autoDraw = True
38.9319 	EXP 	down: autoDraw = True
38.9487 	EXP 	center: autoDraw = True
38.9487 	EXP 	left: autoDraw = True
38.9487 	EXP 	right: autoDraw = True
38.9487 	EXP 	up: autoDraw = True
38.9487 	EXP 	down: autoDraw = True
38.9652 	EXP 	center: autoDraw = True
38.9652 	EXP 	left: autoDraw = True
38.9652 	EXP 	right: autoDraw = True
38.9652 	EXP 	up: autoDraw = True
38.9652 	EXP 	down: autoDraw = True
38.9820 	EXP 	center: autoDraw = True
38.9820 	EXP 	left: autoDraw = True
38.9820 	EXP 	right: autoDraw = True
38.9820 	EXP 	up: autoDraw = True
38.9820 	EXP 	down: autoDraw = True
38.9988 	EXP 	center: autoDraw = True
38.9988 	EXP 	left: autoDraw = True
38.9988 	EXP 	right: autoDraw = True
38.9988 	EXP 	up: autoDraw = True
38.9988 	EXP 	down: autoDraw = True
39.0152 	EXP 	center: autoDraw = True
39.0152 	EXP 	left: autoDraw = True
39.0152 	EXP 	right: autoDraw = True
39.0152 	EXP 	up: autoDraw = True
39.0152 	EXP 	down: autoDraw = True
39.0320 	EXP 	center: autoDraw = True
39.0320 	EXP 	left: autoDraw = True
39.0320 	EXP 	right: autoDraw = True
39.0320 	EXP 	up: autoDraw = True
39.0320 	EXP 	down: autoDraw = True
39.0488 	EXP 	center: autoDraw = True
39.0488 	EXP 	left: autoDraw = True
39.0488 	EXP 	right: autoDraw = True
39.0488 	EXP 	up: autoDraw = True
39.0488 	EXP 	down: autoDraw = True
39.0651 	EXP 	center: autoDraw = True
39.0651 	EXP 	left: autoDraw = True
39.0651 	EXP 	right: autoDraw = True
39.0651 	EXP 	up: autoDraw = True
39.0651 	EXP 	down: autoDraw = True
39.0820 	EXP 	center: autoDraw = True
39.0820 	EXP 	left: autoDraw = True
39.0820 	EXP 	right: autoDraw = True
39.0820 	EXP 	up: autoDraw = True
39.0820 	EXP 	down: autoDraw = True
39.0986 	EXP 	center: autoDraw = True
39.0986 	EXP 	left: autoDraw = True
39.0986 	EXP 	right: autoDraw = True
39.0986 	EXP 	up: autoDraw = True
39.0986 	EXP 	down: autoDraw = True
39.1154 	EXP 	center: autoDraw = True
39.1154 	EXP 	left: autoDraw = True
39.1154 	EXP 	right: autoDraw = True
39.1154 	EXP 	up: autoDraw = True
39.1154 	EXP 	down: autoDraw = True
39.1318 	EXP 	center: autoDraw = True
39.1318 	EXP 	left: autoDraw = True
39.1318 	EXP 	right: autoDraw = True
39.1318 	EXP 	up: autoDraw = True
39.1318 	EXP 	down: autoDraw = True
39.1485 	EXP 	center: autoDraw = True
39.1485 	EXP 	left: autoDraw = True
39.1485 	EXP 	right: autoDraw = True
39.1485 	EXP 	up: autoDraw = True
39.1485 	EXP 	down: autoDraw = True
39.1653 	EXP 	center: autoDraw = True
39.1653 	EXP 	left: autoDraw = True
39.1653 	EXP 	right: autoDraw = True
39.1653 	EXP 	up: autoDraw = True
39.1653 	EXP 	down: autoDraw = True
39.1819 	EXP 	center: autoDraw = True
39.1819 	EXP 	left: autoDraw = True
39.1819 	EXP 	right: autoDraw = True
39.1819 	EXP 	up: autoDraw = True
39.1819 	EXP 	down: autoDraw = True
39.1983 	EXP 	center: autoDraw = True
39.1983 	EXP 	left: autoDraw = True
39.1983 	EXP 	right: autoDraw = True
39.1983 	EXP 	up: autoDraw = True
39.1983 	EXP 	down: autoDraw = True
39.2153 	EXP 	center: autoDraw = True
39.2153 	EXP 	left: autoDraw = True
39.2153 	EXP 	right: autoDraw = True
39.2153 	EXP 	up: autoDraw = True
39.2153 	EXP 	down: autoDraw = True
39.2319 	EXP 	center: autoDraw = True
39.2319 	EXP 	left: autoDraw = True
39.2319 	EXP 	right: autoDraw = True
39.2319 	EXP 	up: autoDraw = True
39.2319 	EXP 	down: autoDraw = True
39.2489 	EXP 	center: autoDraw = True
39.2489 	EXP 	left: autoDraw = True
39.2489 	EXP 	right: autoDraw = True
39.2489 	EXP 	up: autoDraw = True
39.2489 	EXP 	down: autoDraw = True
39.2651 	EXP 	center: autoDraw = True
39.2651 	EXP 	left: autoDraw = True
39.2651 	EXP 	right: autoDraw = True
39.2651 	EXP 	up: autoDraw = True
39.2651 	EXP 	down: autoDraw = True
39.2821 	EXP 	center: autoDraw = True
39.2821 	EXP 	left: autoDraw = True
39.2821 	EXP 	right: autoDraw = True
39.2821 	EXP 	up: autoDraw = True
39.2821 	EXP 	down: autoDraw = True
39.2984 	EXP 	center: autoDraw = True
39.2984 	EXP 	left: autoDraw = True
39.2984 	EXP 	right: autoDraw = True
39.2984 	EXP 	up: autoDraw = True
39.2984 	EXP 	down: autoDraw = True
39.3146 	EXP 	center: autoDraw = True
39.3146 	EXP 	left: autoDraw = True
39.3146 	EXP 	right: autoDraw = True
39.3146 	EXP 	up: autoDraw = True
39.3146 	EXP 	down: autoDraw = True
39.3319 	EXP 	center: autoDraw = True
39.3319 	EXP 	left: autoDraw = True
39.3319 	EXP 	right: autoDraw = True
39.3319 	EXP 	up: autoDraw = True
39.3319 	EXP 	down: autoDraw = True
39.3487 	EXP 	center: autoDraw = True
39.3487 	EXP 	left: autoDraw = True
39.3487 	EXP 	right: autoDraw = True
39.3487 	EXP 	up: autoDraw = True
39.3487 	EXP 	down: autoDraw = True
39.3651 	EXP 	center: autoDraw = True
39.3651 	EXP 	left: autoDraw = True
39.3651 	EXP 	right: autoDraw = True
39.3651 	EXP 	up: autoDraw = True
39.3651 	EXP 	down: autoDraw = True
39.3819 	EXP 	center: autoDraw = True
39.3819 	EXP 	left: autoDraw = True
39.3819 	EXP 	right: autoDraw = True
39.3819 	EXP 	up: autoDraw = True
39.3819 	EXP 	down: autoDraw = True
39.3984 	EXP 	center: autoDraw = True
39.3984 	EXP 	left: autoDraw = True
39.3984 	EXP 	right: autoDraw = True
39.3984 	EXP 	up: autoDraw = True
39.3984 	EXP 	down: autoDraw = True
39.4152 	EXP 	center: autoDraw = True
39.4152 	EXP 	left: autoDraw = True
39.4152 	EXP 	right: autoDraw = True
39.4152 	EXP 	up: autoDraw = True
39.4152 	EXP 	down: autoDraw = True
39.4320 	EXP 	center: autoDraw = True
39.4320 	EXP 	left: autoDraw = True
39.4320 	EXP 	right: autoDraw = True
39.4320 	EXP 	up: autoDraw = True
39.4320 	EXP 	down: autoDraw = True
39.4488 	EXP 	center: autoDraw = True
39.4488 	EXP 	left: autoDraw = True
39.4488 	EXP 	right: autoDraw = True
39.4488 	EXP 	up: autoDraw = True
39.4488 	EXP 	down: autoDraw = True
39.4651 	EXP 	center: autoDraw = True
39.4651 	EXP 	left: autoDraw = True
39.4651 	EXP 	right: autoDraw = True
39.4651 	EXP 	up: autoDraw = True
39.4651 	EXP 	down: autoDraw = True
39.4818 	EXP 	center: autoDraw = True
39.4818 	EXP 	left: autoDraw = True
39.4818 	EXP 	right: autoDraw = True
39.4818 	EXP 	up: autoDraw = True
39.4818 	EXP 	down: autoDraw = True
39.4987 	EXP 	center: autoDraw = True
39.4987 	EXP 	left: autoDraw = True
39.4987 	EXP 	right: autoDraw = True
39.4987 	EXP 	up: autoDraw = True
39.4987 	EXP 	down: autoDraw = True
39.5151 	EXP 	center: autoDraw = True
39.5151 	EXP 	left: autoDraw = True
39.5151 	EXP 	right: autoDraw = True
39.5151 	EXP 	up: autoDraw = True
39.5151 	EXP 	down: autoDraw = True
39.5319 	EXP 	center: autoDraw = True
39.5319 	EXP 	left: autoDraw = True
39.5319 	EXP 	right: autoDraw = True
39.5319 	EXP 	up: autoDraw = True
39.5319 	EXP 	down: autoDraw = True
39.5480 	EXP 	center: autoDraw = True
39.5480 	EXP 	left: autoDraw = True
39.5480 	EXP 	right: autoDraw = True
39.5480 	EXP 	up: autoDraw = True
39.5480 	EXP 	down: autoDraw = True
39.5651 	EXP 	center: autoDraw = True
39.5651 	EXP 	left: autoDraw = True
39.5651 	EXP 	right: autoDraw = True
39.5651 	EXP 	up: autoDraw = True
39.5651 	EXP 	down: autoDraw = True
39.5815 	EXP 	center: autoDraw = True
39.5815 	EXP 	left: autoDraw = True
39.5815 	EXP 	right: autoDraw = True
39.5815 	EXP 	up: autoDraw = True
39.5815 	EXP 	down: autoDraw = True
39.5985 	EXP 	center: autoDraw = True
39.5985 	EXP 	left: autoDraw = True
39.5985 	EXP 	right: autoDraw = True
39.5985 	EXP 	up: autoDraw = True
39.5985 	EXP 	down: autoDraw = True
39.6154 	EXP 	center: autoDraw = True
39.6154 	EXP 	left: autoDraw = True
39.6154 	EXP 	right: autoDraw = True
39.6154 	EXP 	up: autoDraw = True
39.6154 	EXP 	down: autoDraw = True
39.6317 	EXP 	center: autoDraw = True
39.6317 	EXP 	left: autoDraw = True
39.6317 	EXP 	right: autoDraw = True
39.6317 	EXP 	up: autoDraw = True
39.6317 	EXP 	down: autoDraw = True
39.6487 	EXP 	center: autoDraw = True
39.6487 	EXP 	left: autoDraw = True
39.6487 	EXP 	right: autoDraw = True
39.6487 	EXP 	up: autoDraw = True
39.6487 	EXP 	down: autoDraw = True
39.6651 	EXP 	center: autoDraw = True
39.6651 	EXP 	left: autoDraw = True
39.6651 	EXP 	right: autoDraw = True
39.6651 	EXP 	up: autoDraw = True
39.6651 	EXP 	down: autoDraw = True
39.6819 	EXP 	center: autoDraw = True
39.6819 	EXP 	left: autoDraw = True
39.6819 	EXP 	right: autoDraw = True
39.6819 	EXP 	up: autoDraw = True
39.6819 	EXP 	down: autoDraw = True
39.6977 	EXP 	center: autoDraw = True
39.6977 	EXP 	left: autoDraw = True
39.6977 	EXP 	right: autoDraw = True
39.6977 	EXP 	up: autoDraw = True
39.6977 	EXP 	down: autoDraw = True
39.7151 	EXP 	center: autoDraw = True
39.7151 	EXP 	left: autoDraw = True
39.7151 	EXP 	right: autoDraw = True
39.7151 	EXP 	up: autoDraw = True
39.7151 	EXP 	down: autoDraw = True
39.7319 	EXP 	center: autoDraw = True
39.7319 	EXP 	left: autoDraw = True
39.7319 	EXP 	right: autoDraw = True
39.7319 	EXP 	up: autoDraw = True
39.7319 	EXP 	down: autoDraw = True
39.7489 	EXP 	center: autoDraw = True
39.7489 	EXP 	left: autoDraw = True
39.7489 	EXP 	right: autoDraw = True
39.7489 	EXP 	up: autoDraw = True
39.7489 	EXP 	down: autoDraw = True
39.7652 	EXP 	center: autoDraw = True
39.7652 	EXP 	left: autoDraw = True
39.7652 	EXP 	right: autoDraw = True
39.7652 	EXP 	up: autoDraw = True
39.7652 	EXP 	down: autoDraw = True
39.7821 	EXP 	center: autoDraw = True
39.7821 	EXP 	left: autoDraw = True
39.7821 	EXP 	right: autoDraw = True
39.7821 	EXP 	up: autoDraw = True
39.7821 	EXP 	down: autoDraw = True
39.7985 	EXP 	center: autoDraw = True
39.7985 	EXP 	left: autoDraw = True
39.7985 	EXP 	right: autoDraw = True
39.7985 	EXP 	up: autoDraw = True
39.7985 	EXP 	down: autoDraw = True
39.8155 	EXP 	center: autoDraw = True
39.8155 	EXP 	left: autoDraw = True
39.8155 	EXP 	right: autoDraw = True
39.8155 	EXP 	up: autoDraw = True
39.8155 	EXP 	down: autoDraw = True
39.8318 	EXP 	center: autoDraw = True
39.8318 	EXP 	left: autoDraw = True
39.8318 	EXP 	right: autoDraw = True
39.8318 	EXP 	up: autoDraw = True
39.8318 	EXP 	down: autoDraw = True
39.8486 	EXP 	center: autoDraw = True
39.8486 	EXP 	left: autoDraw = True
39.8486 	EXP 	right: autoDraw = True
39.8486 	EXP 	up: autoDraw = True
39.8486 	EXP 	down: autoDraw = True
39.8655 	EXP 	center: autoDraw = True
39.8655 	EXP 	left: autoDraw = True
39.8655 	EXP 	right: autoDraw = True
39.8655 	EXP 	up: autoDraw = True
39.8655 	EXP 	down: autoDraw = True
39.8818 	EXP 	center: autoDraw = True
39.8818 	EXP 	left: autoDraw = True
39.8818 	EXP 	right: autoDraw = True
39.8818 	EXP 	up: autoDraw = True
39.8818 	EXP 	down: autoDraw = True
39.8989 	EXP 	center: autoDraw = True
39.8989 	EXP 	left: autoDraw = True
39.8989 	EXP 	right: autoDraw = True
39.8989 	EXP 	up: autoDraw = True
39.8989 	EXP 	down: autoDraw = True
39.9150 	EXP 	center: autoDraw = True
39.9150 	EXP 	left: autoDraw = True
39.9150 	EXP 	right: autoDraw = True
39.9150 	EXP 	up: autoDraw = True
39.9150 	EXP 	down: autoDraw = True
39.9321 	EXP 	center: autoDraw = True
39.9321 	EXP 	left: autoDraw = True
39.9321 	EXP 	right: autoDraw = True
39.9321 	EXP 	up: autoDraw = True
39.9321 	EXP 	down: autoDraw = True
39.9483 	EXP 	center: autoDraw = True
39.9483 	EXP 	left: autoDraw = True
39.9483 	EXP 	right: autoDraw = True
39.9483 	EXP 	up: autoDraw = True
39.9483 	EXP 	down: autoDraw = True
39.9646 	EXP 	center: autoDraw = True
39.9646 	EXP 	left: autoDraw = True
39.9646 	EXP 	right: autoDraw = True
39.9646 	EXP 	up: autoDraw = True
39.9646 	EXP 	down: autoDraw = True
39.9817 	EXP 	center: autoDraw = True
39.9817 	EXP 	left: autoDraw = True
39.9817 	EXP 	right: autoDraw = True
39.9817 	EXP 	up: autoDraw = True
39.9817 	EXP 	down: autoDraw = True
39.9985 	EXP 	center: autoDraw = True
39.9985 	EXP 	left: autoDraw = True
39.9985 	EXP 	right: autoDraw = True
39.9985 	EXP 	up: autoDraw = True
39.9985 	EXP 	down: autoDraw = True
40.0154 	EXP 	center: autoDraw = True
40.0154 	EXP 	left: autoDraw = True
40.0154 	EXP 	right: autoDraw = True
40.0154 	EXP 	up: autoDraw = True
40.0154 	EXP 	down: autoDraw = True
40.0318 	EXP 	center: autoDraw = True
40.0318 	EXP 	left: autoDraw = True
40.0318 	EXP 	right: autoDraw = True
40.0318 	EXP 	up: autoDraw = True
40.0318 	EXP 	down: autoDraw = True
40.0487 	EXP 	center: autoDraw = True
40.0487 	EXP 	left: autoDraw = True
40.0487 	EXP 	right: autoDraw = True
40.0487 	EXP 	up: autoDraw = True
40.0487 	EXP 	down: autoDraw = True
40.0651 	EXP 	center: autoDraw = True
40.0651 	EXP 	left: autoDraw = True
40.0651 	EXP 	right: autoDraw = True
40.0651 	EXP 	up: autoDraw = True
40.0651 	EXP 	down: autoDraw = True
40.0819 	EXP 	center: autoDraw = True
40.0819 	EXP 	left: autoDraw = True
40.0819 	EXP 	right: autoDraw = True
40.0819 	EXP 	up: autoDraw = True
40.0819 	EXP 	down: autoDraw = True
40.0986 	EXP 	center: autoDraw = True
40.0986 	EXP 	left: autoDraw = True
40.0986 	EXP 	right: autoDraw = True
40.0986 	EXP 	up: autoDraw = True
40.0986 	EXP 	down: autoDraw = True
40.1151 	EXP 	center: autoDraw = True
40.1151 	EXP 	left: autoDraw = True
40.1151 	EXP 	right: autoDraw = True
40.1151 	EXP 	up: autoDraw = True
40.1151 	EXP 	down: autoDraw = True
40.1320 	EXP 	center: autoDraw = True
40.1320 	EXP 	left: autoDraw = True
40.1320 	EXP 	right: autoDraw = True
40.1320 	EXP 	up: autoDraw = True
40.1320 	EXP 	down: autoDraw = True
40.1484 	EXP 	center: autoDraw = True
40.1484 	EXP 	left: autoDraw = True
40.1484 	EXP 	right: autoDraw = True
40.1484 	EXP 	up: autoDraw = True
40.1484 	EXP 	down: autoDraw = True
40.1652 	EXP 	center: autoDraw = True
40.1652 	EXP 	left: autoDraw = True
40.1652 	EXP 	right: autoDraw = True
40.1652 	EXP 	up: autoDraw = True
40.1652 	EXP 	down: autoDraw = True
40.1820 	EXP 	center: autoDraw = True
40.1820 	EXP 	left: autoDraw = True
40.1820 	EXP 	right: autoDraw = True
40.1820 	EXP 	up: autoDraw = True
40.1820 	EXP 	down: autoDraw = True
40.1981 	EXP 	center: autoDraw = True
40.1981 	EXP 	left: autoDraw = True
40.1981 	EXP 	right: autoDraw = True
40.1981 	EXP 	up: autoDraw = True
40.1981 	EXP 	down: autoDraw = True
40.2150 	EXP 	center: autoDraw = True
40.2150 	EXP 	left: autoDraw = True
40.2150 	EXP 	right: autoDraw = True
40.2150 	EXP 	up: autoDraw = True
40.2150 	EXP 	down: autoDraw = True
40.2317 	EXP 	center: autoDraw = True
40.2317 	EXP 	left: autoDraw = True
40.2317 	EXP 	right: autoDraw = True
40.2317 	EXP 	up: autoDraw = True
40.2317 	EXP 	down: autoDraw = True
40.2485 	EXP 	center: autoDraw = True
40.2485 	EXP 	left: autoDraw = True
40.2485 	EXP 	right: autoDraw = True
40.2485 	EXP 	up: autoDraw = True
40.2485 	EXP 	down: autoDraw = True
40.2652 	EXP 	center: autoDraw = True
40.2652 	EXP 	left: autoDraw = True
40.2652 	EXP 	right: autoDraw = True
40.2652 	EXP 	up: autoDraw = True
40.2652 	EXP 	down: autoDraw = True
40.2821 	EXP 	center: autoDraw = True
40.2821 	EXP 	left: autoDraw = True
40.2821 	EXP 	right: autoDraw = True
40.2821 	EXP 	up: autoDraw = True
40.2821 	EXP 	down: autoDraw = True
40.2985 	EXP 	center: autoDraw = True
40.2985 	EXP 	left: autoDraw = True
40.2985 	EXP 	right: autoDraw = True
40.2985 	EXP 	up: autoDraw = True
40.2985 	EXP 	down: autoDraw = True
40.3152 	EXP 	center: autoDraw = True
40.3152 	EXP 	left: autoDraw = True
40.3152 	EXP 	right: autoDraw = True
40.3152 	EXP 	up: autoDraw = True
40.3152 	EXP 	down: autoDraw = True
40.3320 	EXP 	center: autoDraw = True
40.3320 	EXP 	left: autoDraw = True
40.3320 	EXP 	right: autoDraw = True
40.3320 	EXP 	up: autoDraw = True
40.3320 	EXP 	down: autoDraw = True
40.3485 	EXP 	center: autoDraw = True
40.3485 	EXP 	left: autoDraw = True
40.3485 	EXP 	right: autoDraw = True
40.3485 	EXP 	up: autoDraw = True
40.3485 	EXP 	down: autoDraw = True
40.3648 	EXP 	center: autoDraw = True
40.3648 	EXP 	left: autoDraw = True
40.3648 	EXP 	right: autoDraw = True
40.3648 	EXP 	up: autoDraw = True
40.3648 	EXP 	down: autoDraw = True
40.3820 	EXP 	center: autoDraw = True
40.3820 	EXP 	left: autoDraw = True
40.3820 	EXP 	right: autoDraw = True
40.3820 	EXP 	up: autoDraw = True
40.3820 	EXP 	down: autoDraw = True
40.3984 	EXP 	center: autoDraw = True
40.3984 	EXP 	left: autoDraw = True
40.3984 	EXP 	right: autoDraw = True
40.3984 	EXP 	up: autoDraw = True
40.3984 	EXP 	down: autoDraw = True
40.4153 	EXP 	center: autoDraw = True
40.4153 	EXP 	left: autoDraw = True
40.4153 	EXP 	right: autoDraw = True
40.4153 	EXP 	up: autoDraw = True
40.4153 	EXP 	down: autoDraw = True
40.4317 	EXP 	center: autoDraw = True
40.4317 	EXP 	left: autoDraw = True
40.4317 	EXP 	right: autoDraw = True
40.4317 	EXP 	up: autoDraw = True
40.4317 	EXP 	down: autoDraw = True
40.4484 	EXP 	center: autoDraw = True
40.4484 	EXP 	left: autoDraw = True
40.4484 	EXP 	right: autoDraw = True
40.4484 	EXP 	up: autoDraw = True
40.4484 	EXP 	down: autoDraw = True
40.4651 	EXP 	center: autoDraw = True
40.4651 	EXP 	left: autoDraw = True
40.4651 	EXP 	right: autoDraw = True
40.4651 	EXP 	up: autoDraw = True
40.4651 	EXP 	down: autoDraw = True
40.4819 	EXP 	center: autoDraw = True
40.4819 	EXP 	left: autoDraw = True
40.4819 	EXP 	right: autoDraw = True
40.4819 	EXP 	up: autoDraw = True
40.4819 	EXP 	down: autoDraw = True
40.4979 	EXP 	center: autoDraw = True
40.4979 	EXP 	left: autoDraw = True
40.4979 	EXP 	right: autoDraw = True
40.4979 	EXP 	up: autoDraw = True
40.4979 	EXP 	down: autoDraw = True
40.5150 	EXP 	center: autoDraw = True
40.5150 	EXP 	left: autoDraw = True
40.5150 	EXP 	right: autoDraw = True
40.5150 	EXP 	up: autoDraw = True
40.5150 	EXP 	down: autoDraw = True
40.5319 	EXP 	center: autoDraw = True
40.5319 	EXP 	left: autoDraw = True
40.5319 	EXP 	right: autoDraw = True
40.5319 	EXP 	up: autoDraw = True
40.5319 	EXP 	down: autoDraw = True
40.5320 	EXP 	Sound  started
40.5354 	DATA 	sope | frame count: 300
40.5481 	EXP 	center: autoDraw = True
40.5481 	EXP 	left: autoDraw = True
40.5481 	EXP 	right: autoDraw = True
40.5481 	EXP 	up: autoDraw = True
40.5481 	EXP 	down: autoDraw = True
40.5651 	EXP 	center: autoDraw = True
40.5651 	EXP 	left: autoDraw = True
40.5651 	EXP 	right: autoDraw = True
40.5651 	EXP 	up: autoDraw = True
40.5651 	EXP 	down: autoDraw = True
40.5819 	EXP 	center: autoDraw = True
40.5819 	EXP 	left: autoDraw = True
40.5819 	EXP 	right: autoDraw = True
40.5819 	EXP 	up: autoDraw = True
40.5819 	EXP 	down: autoDraw = True
40.5977 	EXP 	center: autoDraw = True
40.5977 	EXP 	left: autoDraw = True
40.5977 	EXP 	right: autoDraw = True
40.5977 	EXP 	up: autoDraw = True
40.5977 	EXP 	down: autoDraw = True
40.6150 	EXP 	center: autoDraw = True
40.6150 	EXP 	left: autoDraw = True
40.6150 	EXP 	right: autoDraw = True
40.6150 	EXP 	up: autoDraw = True
40.6150 	EXP 	down: autoDraw = True
40.6318 	EXP 	center: autoDraw = True
40.6318 	EXP 	left: autoDraw = True
40.6318 	EXP 	right: autoDraw = True
40.6318 	EXP 	up: autoDraw = True
40.6318 	EXP 	down: autoDraw = True
40.6484 	EXP 	center: autoDraw = True
40.6484 	EXP 	left: autoDraw = True
40.6484 	EXP 	right: autoDraw = True
40.6484 	EXP 	up: autoDraw = True
40.6484 	EXP 	down: autoDraw = True
40.6651 	EXP 	center: autoDraw = True
40.6651 	EXP 	left: autoDraw = True
40.6651 	EXP 	right: autoDraw = True
40.6651 	EXP 	up: autoDraw = True
40.6651 	EXP 	down: autoDraw = True
40.6818 	EXP 	center: autoDraw = True
40.6818 	EXP 	left: autoDraw = True
40.6818 	EXP 	right: autoDraw = True
40.6818 	EXP 	up: autoDraw = True
40.6818 	EXP 	down: autoDraw = True
40.6977 	EXP 	center: autoDraw = True
40.6977 	EXP 	left: autoDraw = True
40.6977 	EXP 	right: autoDraw = True
40.6977 	EXP 	up: autoDraw = True
40.6977 	EXP 	down: autoDraw = True
40.7150 	EXP 	center: autoDraw = True
40.7150 	EXP 	left: autoDraw = True
40.7150 	EXP 	right: autoDraw = True
40.7150 	EXP 	up: autoDraw = True
40.7150 	EXP 	down: autoDraw = True
40.7310 	EXP 	center: autoDraw = True
40.7310 	EXP 	left: autoDraw = True
40.7310 	EXP 	right: autoDraw = True
40.7310 	EXP 	up: autoDraw = True
40.7310 	EXP 	down: autoDraw = True
40.7483 	EXP 	center: autoDraw = True
40.7483 	EXP 	left: autoDraw = True
40.7483 	EXP 	right: autoDraw = True
40.7483 	EXP 	up: autoDraw = True
40.7483 	EXP 	down: autoDraw = True
40.7652 	EXP 	center: autoDraw = True
40.7652 	EXP 	left: autoDraw = True
40.7652 	EXP 	right: autoDraw = True
40.7652 	EXP 	up: autoDraw = True
40.7652 	EXP 	down: autoDraw = True
40.7821 	EXP 	center: autoDraw = True
40.7821 	EXP 	left: autoDraw = True
40.7821 	EXP 	right: autoDraw = True
40.7821 	EXP 	up: autoDraw = True
40.7821 	EXP 	down: autoDraw = True
40.7984 	EXP 	center: autoDraw = True
40.7984 	EXP 	left: autoDraw = True
40.7984 	EXP 	right: autoDraw = True
40.7984 	EXP 	up: autoDraw = True
40.7984 	EXP 	down: autoDraw = True
40.8153 	EXP 	center: autoDraw = True
40.8153 	EXP 	left: autoDraw = True
40.8153 	EXP 	right: autoDraw = True
40.8153 	EXP 	up: autoDraw = True
40.8153 	EXP 	down: autoDraw = True
40.8319 	EXP 	center: autoDraw = True
40.8319 	EXP 	left: autoDraw = True
40.8319 	EXP 	right: autoDraw = True
40.8319 	EXP 	up: autoDraw = True
40.8319 	EXP 	down: autoDraw = True
40.8484 	EXP 	center: autoDraw = True
40.8484 	EXP 	left: autoDraw = True
40.8484 	EXP 	right: autoDraw = True
40.8484 	EXP 	up: autoDraw = True
40.8484 	EXP 	down: autoDraw = True
40.8651 	EXP 	center: autoDraw = True
40.8651 	EXP 	left: autoDraw = True
40.8651 	EXP 	right: autoDraw = True
40.8651 	EXP 	up: autoDraw = True
40.8651 	EXP 	down: autoDraw = True
40.8818 	EXP 	center: autoDraw = True
40.8818 	EXP 	left: autoDraw = True
40.8818 	EXP 	right: autoDraw = True
40.8818 	EXP 	up: autoDraw = True
40.8818 	EXP 	down: autoDraw = True
40.8977 	EXP 	center: autoDraw = True
40.8977 	EXP 	left: autoDraw = True
40.8977 	EXP 	right: autoDraw = True
40.8977 	EXP 	up: autoDraw = True
40.8977 	EXP 	down: autoDraw = True
40.9150 	EXP 	center: autoDraw = True
40.9150 	EXP 	left: autoDraw = True
40.9150 	EXP 	right: autoDraw = True
40.9150 	EXP 	up: autoDraw = True
40.9150 	EXP 	down: autoDraw = True
40.9318 	EXP 	center: autoDraw = True
40.9318 	EXP 	left: autoDraw = True
40.9318 	EXP 	right: autoDraw = True
40.9318 	EXP 	up: autoDraw = True
40.9318 	EXP 	down: autoDraw = True
40.9485 	EXP 	center: autoDraw = True
40.9485 	EXP 	left: autoDraw = True
40.9485 	EXP 	right: autoDraw = True
40.9485 	EXP 	up: autoDraw = True
40.9485 	EXP 	down: autoDraw = True
40.9652 	EXP 	center: autoDraw = True
40.9652 	EXP 	left: autoDraw = True
40.9652 	EXP 	right: autoDraw = True
40.9652 	EXP 	up: autoDraw = True
40.9652 	EXP 	down: autoDraw = True
40.9819 	EXP 	center: autoDraw = True
40.9819 	EXP 	left: autoDraw = True
40.9819 	EXP 	right: autoDraw = True
40.9819 	EXP 	up: autoDraw = True
40.9819 	EXP 	down: autoDraw = True
40.9980 	EXP 	center: autoDraw = True
40.9980 	EXP 	left: autoDraw = True
40.9980 	EXP 	right: autoDraw = True
40.9980 	EXP 	up: autoDraw = True
40.9980 	EXP 	down: autoDraw = True
41.0150 	EXP 	center: autoDraw = True
41.0150 	EXP 	left: autoDraw = True
41.0150 	EXP 	right: autoDraw = True
41.0150 	EXP 	up: autoDraw = True
41.0150 	EXP 	down: autoDraw = True
41.0319 	EXP 	center: autoDraw = True
41.0319 	EXP 	left: autoDraw = True
41.0319 	EXP 	right: autoDraw = True
41.0319 	EXP 	up: autoDraw = True
41.0319 	EXP 	down: autoDraw = True
41.0320 	DATA 	wsqS
41.0484 	EXP 	center: autoDraw = True
41.0484 	EXP 	left: autoDraw = True
41.0484 	EXP 	right: autoDraw = True
41.0484 	EXP 	up: autoDraw = True
41.0484 	EXP 	down: autoDraw = True
41.0484 	EXP 	whitesquare: autoDraw = True
41.0651 	EXP 	center: autoDraw = True
41.0651 	EXP 	left: autoDraw = True
41.0651 	EXP 	right: autoDraw = True
41.0651 	EXP 	up: autoDraw = True
41.0651 	EXP 	down: autoDraw = True
41.0651 	EXP 	whitesquare: autoDraw = False
41.0818 	EXP 	center: autoDraw = True
41.0818 	EXP 	left: autoDraw = True
41.0818 	EXP 	right: autoDraw = True
41.0818 	EXP 	up: autoDraw = True
41.0818 	EXP 	down: autoDraw = True
41.0988 	EXP 	center: autoDraw = True
41.0988 	EXP 	left: autoDraw = True
41.0988 	EXP 	right: autoDraw = True
41.0988 	EXP 	up: autoDraw = True
41.0988 	EXP 	down: autoDraw = True
41.1152 	EXP 	center: autoDraw = True
41.1152 	EXP 	left: autoDraw = True
41.1152 	EXP 	right: autoDraw = True
41.1152 	EXP 	up: autoDraw = True
41.1152 	EXP 	down: autoDraw = True
41.1318 	EXP 	center: autoDraw = True
41.1318 	EXP 	left: autoDraw = True
41.1318 	EXP 	right: autoDraw = True
41.1318 	EXP 	up: autoDraw = True
41.1318 	EXP 	down: autoDraw = True
41.1486 	EXP 	center: autoDraw = True
41.1486 	EXP 	left: autoDraw = True
41.1486 	EXP 	right: autoDraw = True
41.1486 	EXP 	up: autoDraw = True
41.1486 	EXP 	down: autoDraw = True
41.1653 	EXP 	center: autoDraw = True
41.1653 	EXP 	left: autoDraw = True
41.1653 	EXP 	right: autoDraw = True
41.1653 	EXP 	up: autoDraw = True
41.1653 	EXP 	down: autoDraw = True
41.1818 	EXP 	center: autoDraw = True
41.1818 	EXP 	left: autoDraw = True
41.1818 	EXP 	right: autoDraw = True
41.1818 	EXP 	up: autoDraw = True
41.1818 	EXP 	down: autoDraw = True
41.1976 	EXP 	center: autoDraw = True
41.1976 	EXP 	left: autoDraw = True
41.1976 	EXP 	right: autoDraw = True
41.1976 	EXP 	up: autoDraw = True
41.1976 	EXP 	down: autoDraw = True
41.2153 	EXP 	center: autoDraw = True
41.2153 	EXP 	left: autoDraw = True
41.2153 	EXP 	right: autoDraw = True
41.2153 	EXP 	up: autoDraw = True
41.2153 	EXP 	down: autoDraw = True
41.2315 	EXP 	center: autoDraw = True
41.2315 	EXP 	left: autoDraw = True
41.2315 	EXP 	right: autoDraw = True
41.2315 	EXP 	up: autoDraw = True
41.2315 	EXP 	down: autoDraw = True
41.2485 	EXP 	center: autoDraw = True
41.2485 	EXP 	left: autoDraw = True
41.2485 	EXP 	right: autoDraw = True
41.2485 	EXP 	up: autoDraw = True
41.2485 	EXP 	down: autoDraw = True
41.2649 	EXP 	center: autoDraw = True
41.2649 	EXP 	left: autoDraw = True
41.2649 	EXP 	right: autoDraw = True
41.2649 	EXP 	up: autoDraw = True
41.2649 	EXP 	down: autoDraw = True
41.2816 	EXP 	center: autoDraw = True
41.2816 	EXP 	left: autoDraw = True
41.2816 	EXP 	right: autoDraw = True
41.2816 	EXP 	up: autoDraw = True
41.2816 	EXP 	down: autoDraw = True
41.2977 	EXP 	center: autoDraw = True
41.2977 	EXP 	left: autoDraw = True
41.2977 	EXP 	right: autoDraw = True
41.2977 	EXP 	up: autoDraw = True
41.2977 	EXP 	down: autoDraw = True
41.3149 	EXP 	center: autoDraw = True
41.3149 	EXP 	left: autoDraw = True
41.3149 	EXP 	right: autoDraw = True
41.3149 	EXP 	up: autoDraw = True
41.3149 	EXP 	down: autoDraw = True
41.3318 	EXP 	center: autoDraw = True
41.3318 	EXP 	left: autoDraw = True
41.3318 	EXP 	right: autoDraw = True
41.3318 	EXP 	up: autoDraw = True
41.3318 	EXP 	down: autoDraw = True
41.3483 	EXP 	center: autoDraw = True
41.3483 	EXP 	left: autoDraw = True
41.3483 	EXP 	right: autoDraw = True
41.3483 	EXP 	up: autoDraw = True
41.3483 	EXP 	down: autoDraw = True
41.3651 	EXP 	center: autoDraw = True
41.3651 	EXP 	left: autoDraw = True
41.3651 	EXP 	right: autoDraw = True
41.3651 	EXP 	up: autoDraw = True
41.3651 	EXP 	down: autoDraw = True
41.3811 	EXP 	center: autoDraw = True
41.3811 	EXP 	left: autoDraw = True
41.3811 	EXP 	right: autoDraw = True
41.3811 	EXP 	up: autoDraw = True
41.3811 	EXP 	down: autoDraw = True
41.3984 	EXP 	center: autoDraw = True
41.3984 	EXP 	left: autoDraw = True
41.3984 	EXP 	right: autoDraw = True
41.3984 	EXP 	up: autoDraw = True
41.3984 	EXP 	down: autoDraw = True
41.4154 	EXP 	center: autoDraw = True
41.4154 	EXP 	left: autoDraw = True
41.4154 	EXP 	right: autoDraw = True
41.4154 	EXP 	up: autoDraw = True
41.4154 	EXP 	down: autoDraw = True
41.4317 	EXP 	center: autoDraw = True
41.4317 	EXP 	left: autoDraw = True
41.4317 	EXP 	right: autoDraw = True
41.4317 	EXP 	up: autoDraw = True
41.4317 	EXP 	down: autoDraw = True
41.4485 	EXP 	center: autoDraw = True
41.4485 	EXP 	left: autoDraw = True
41.4485 	EXP 	right: autoDraw = True
41.4485 	EXP 	up: autoDraw = True
41.4485 	EXP 	down: autoDraw = True
41.4650 	EXP 	center: autoDraw = True
41.4650 	EXP 	left: autoDraw = True
41.4650 	EXP 	right: autoDraw = True
41.4650 	EXP 	up: autoDraw = True
41.4650 	EXP 	down: autoDraw = True
41.4817 	EXP 	center: autoDraw = True
41.4817 	EXP 	left: autoDraw = True
41.4817 	EXP 	right: autoDraw = True
41.4817 	EXP 	up: autoDraw = True
41.4817 	EXP 	down: autoDraw = True
41.4984 	EXP 	center: autoDraw = True
41.4984 	EXP 	left: autoDraw = True
41.4984 	EXP 	right: autoDraw = True
41.4984 	EXP 	up: autoDraw = True
41.4984 	EXP 	down: autoDraw = True
41.5152 	EXP 	center: autoDraw = True
41.5152 	EXP 	left: autoDraw = True
41.5152 	EXP 	right: autoDraw = True
41.5152 	EXP 	up: autoDraw = True
41.5152 	EXP 	down: autoDraw = True
41.5317 	EXP 	center: autoDraw = True
41.5317 	EXP 	left: autoDraw = True
41.5317 	EXP 	right: autoDraw = True
41.5317 	EXP 	up: autoDraw = True
41.5317 	EXP 	down: autoDraw = True
41.5485 	EXP 	center: autoDraw = True
41.5485 	EXP 	left: autoDraw = True
41.5485 	EXP 	right: autoDraw = True
41.5485 	EXP 	up: autoDraw = True
41.5485 	EXP 	down: autoDraw = True
41.5651 	EXP 	center: autoDraw = True
41.5651 	EXP 	left: autoDraw = True
41.5651 	EXP 	right: autoDraw = True
41.5651 	EXP 	up: autoDraw = True
41.5651 	EXP 	down: autoDraw = True
41.5817 	EXP 	center: autoDraw = True
41.5817 	EXP 	left: autoDraw = True
41.5817 	EXP 	right: autoDraw = True
41.5817 	EXP 	up: autoDraw = True
41.5817 	EXP 	down: autoDraw = True
41.5984 	EXP 	center: autoDraw = True
41.5984 	EXP 	left: autoDraw = True
41.5984 	EXP 	right: autoDraw = True
41.5984 	EXP 	up: autoDraw = True
41.5984 	EXP 	down: autoDraw = True
41.6147 	EXP 	center: autoDraw = True
41.6147 	EXP 	left: autoDraw = True
41.6147 	EXP 	right: autoDraw = True
41.6147 	EXP 	up: autoDraw = True
41.6147 	EXP 	down: autoDraw = True
41.6316 	EXP 	center: autoDraw = True
41.6316 	EXP 	left: autoDraw = True
41.6316 	EXP 	right: autoDraw = True
41.6316 	EXP 	up: autoDraw = True
41.6316 	EXP 	down: autoDraw = True
41.6482 	EXP 	center: autoDraw = True
41.6482 	EXP 	left: autoDraw = True
41.6482 	EXP 	right: autoDraw = True
41.6482 	EXP 	up: autoDraw = True
41.6482 	EXP 	down: autoDraw = True
41.6650 	EXP 	center: autoDraw = True
41.6650 	EXP 	left: autoDraw = True
41.6650 	EXP 	right: autoDraw = True
41.6650 	EXP 	up: autoDraw = True
41.6650 	EXP 	down: autoDraw = True
41.6818 	EXP 	center: autoDraw = True
41.6818 	EXP 	left: autoDraw = True
41.6818 	EXP 	right: autoDraw = True
41.6818 	EXP 	up: autoDraw = True
41.6818 	EXP 	down: autoDraw = True
41.6976 	EXP 	center: autoDraw = True
41.6976 	EXP 	left: autoDraw = True
41.6976 	EXP 	right: autoDraw = True
41.6976 	EXP 	up: autoDraw = True
41.6976 	EXP 	down: autoDraw = True
41.7149 	EXP 	center: autoDraw = True
41.7149 	EXP 	left: autoDraw = True
41.7149 	EXP 	right: autoDraw = True
41.7149 	EXP 	up: autoDraw = True
41.7149 	EXP 	down: autoDraw = True
41.7318 	EXP 	center: autoDraw = True
41.7318 	EXP 	left: autoDraw = True
41.7318 	EXP 	right: autoDraw = True
41.7318 	EXP 	up: autoDraw = True
41.7318 	EXP 	down: autoDraw = True
41.7485 	EXP 	center: autoDraw = True
41.7485 	EXP 	left: autoDraw = True
41.7485 	EXP 	right: autoDraw = True
41.7485 	EXP 	up: autoDraw = True
41.7485 	EXP 	down: autoDraw = True
41.7653 	EXP 	center: autoDraw = True
41.7653 	EXP 	left: autoDraw = True
41.7653 	EXP 	right: autoDraw = True
41.7653 	EXP 	up: autoDraw = True
41.7653 	EXP 	down: autoDraw = True
41.7816 	EXP 	center: autoDraw = True
41.7816 	EXP 	left: autoDraw = True
41.7816 	EXP 	right: autoDraw = True
41.7816 	EXP 	up: autoDraw = True
41.7816 	EXP 	down: autoDraw = True
41.7978 	EXP 	center: autoDraw = True
41.7978 	EXP 	left: autoDraw = True
41.7978 	EXP 	right: autoDraw = True
41.7978 	EXP 	up: autoDraw = True
41.7978 	EXP 	down: autoDraw = True
41.8149 	EXP 	center: autoDraw = True
41.8149 	EXP 	left: autoDraw = True
41.8149 	EXP 	right: autoDraw = True
41.8149 	EXP 	up: autoDraw = True
41.8149 	EXP 	down: autoDraw = True
41.8317 	EXP 	center: autoDraw = True
41.8317 	EXP 	left: autoDraw = True
41.8317 	EXP 	right: autoDraw = True
41.8317 	EXP 	up: autoDraw = True
41.8317 	EXP 	down: autoDraw = True
41.8486 	EXP 	center: autoDraw = True
41.8486 	EXP 	left: autoDraw = True
41.8486 	EXP 	right: autoDraw = True
41.8486 	EXP 	up: autoDraw = True
41.8486 	EXP 	down: autoDraw = True
41.8649 	EXP 	center: autoDraw = True
41.8649 	EXP 	left: autoDraw = True
41.8649 	EXP 	right: autoDraw = True
41.8649 	EXP 	up: autoDraw = True
41.8649 	EXP 	down: autoDraw = True
41.8817 	EXP 	center: autoDraw = True
41.8817 	EXP 	left: autoDraw = True
41.8817 	EXP 	right: autoDraw = True
41.8817 	EXP 	up: autoDraw = True
41.8817 	EXP 	down: autoDraw = True
41.8982 	EXP 	center: autoDraw = True
41.8982 	EXP 	left: autoDraw = True
41.8982 	EXP 	right: autoDraw = True
41.8982 	EXP 	up: autoDraw = True
41.8982 	EXP 	down: autoDraw = True
41.9149 	EXP 	center: autoDraw = True
41.9149 	EXP 	left: autoDraw = True
41.9149 	EXP 	right: autoDraw = True
41.9149 	EXP 	up: autoDraw = True
41.9149 	EXP 	down: autoDraw = True
41.9315 	EXP 	center: autoDraw = True
41.9315 	EXP 	left: autoDraw = True
41.9315 	EXP 	right: autoDraw = True
41.9315 	EXP 	up: autoDraw = True
41.9315 	EXP 	down: autoDraw = True
41.9485 	EXP 	center: autoDraw = True
41.9485 	EXP 	left: autoDraw = True
41.9485 	EXP 	right: autoDraw = True
41.9485 	EXP 	up: autoDraw = True
41.9485 	EXP 	down: autoDraw = True
41.9652 	EXP 	center: autoDraw = True
41.9652 	EXP 	left: autoDraw = True
41.9652 	EXP 	right: autoDraw = True
41.9652 	EXP 	up: autoDraw = True
41.9652 	EXP 	down: autoDraw = True
41.9816 	EXP 	center: autoDraw = True
41.9816 	EXP 	left: autoDraw = True
41.9816 	EXP 	right: autoDraw = True
41.9816 	EXP 	up: autoDraw = True
41.9816 	EXP 	down: autoDraw = True
41.9986 	EXP 	center: autoDraw = True
41.9986 	EXP 	left: autoDraw = True
41.9986 	EXP 	right: autoDraw = True
41.9986 	EXP 	up: autoDraw = True
41.9986 	EXP 	down: autoDraw = True
42.0149 	EXP 	center: autoDraw = True
42.0149 	EXP 	left: autoDraw = True
42.0149 	EXP 	right: autoDraw = True
42.0149 	EXP 	up: autoDraw = True
42.0149 	EXP 	down: autoDraw = True
42.0312 	EXP 	center: autoDraw = True
42.0312 	EXP 	left: autoDraw = True
42.0312 	EXP 	right: autoDraw = True
42.0312 	EXP 	up: autoDraw = True
42.0312 	EXP 	down: autoDraw = True
42.0483 	EXP 	center: autoDraw = True
42.0483 	EXP 	left: autoDraw = True
42.0483 	EXP 	right: autoDraw = True
42.0483 	EXP 	up: autoDraw = True
42.0483 	EXP 	down: autoDraw = True
42.0651 	EXP 	center: autoDraw = True
42.0651 	EXP 	left: autoDraw = True
42.0651 	EXP 	right: autoDraw = True
42.0651 	EXP 	up: autoDraw = True
42.0651 	EXP 	down: autoDraw = True
42.0819 	EXP 	center: autoDraw = True
42.0819 	EXP 	left: autoDraw = True
42.0819 	EXP 	right: autoDraw = True
42.0819 	EXP 	up: autoDraw = True
42.0819 	EXP 	down: autoDraw = True
42.0983 	EXP 	center: autoDraw = True
42.0983 	EXP 	left: autoDraw = True
42.0983 	EXP 	right: autoDraw = True
42.0983 	EXP 	up: autoDraw = True
42.0983 	EXP 	down: autoDraw = True
42.1152 	EXP 	center: autoDraw = True
42.1152 	EXP 	left: autoDraw = True
42.1152 	EXP 	right: autoDraw = True
42.1152 	EXP 	up: autoDraw = True
42.1152 	EXP 	down: autoDraw = True
42.1316 	EXP 	center: autoDraw = True
42.1316 	EXP 	left: autoDraw = True
42.1316 	EXP 	right: autoDraw = True
42.1316 	EXP 	up: autoDraw = True
42.1316 	EXP 	down: autoDraw = True
42.1485 	EXP 	center: autoDraw = True
42.1485 	EXP 	left: autoDraw = True
42.1485 	EXP 	right: autoDraw = True
42.1485 	EXP 	up: autoDraw = True
42.1485 	EXP 	down: autoDraw = True
42.1652 	EXP 	center: autoDraw = True
42.1652 	EXP 	left: autoDraw = True
42.1652 	EXP 	right: autoDraw = True
42.1652 	EXP 	up: autoDraw = True
42.1652 	EXP 	down: autoDraw = True
42.1817 	EXP 	center: autoDraw = True
42.1817 	EXP 	left: autoDraw = True
42.1817 	EXP 	right: autoDraw = True
42.1817 	EXP 	up: autoDraw = True
42.1817 	EXP 	down: autoDraw = True
42.1985 	EXP 	center: autoDraw = True
42.1985 	EXP 	left: autoDraw = True
42.1985 	EXP 	right: autoDraw = True
42.1985 	EXP 	up: autoDraw = True
42.1985 	EXP 	down: autoDraw = True
42.2150 	EXP 	center: autoDraw = True
42.2150 	EXP 	left: autoDraw = True
42.2150 	EXP 	right: autoDraw = True
42.2150 	EXP 	up: autoDraw = True
42.2150 	EXP 	down: autoDraw = True
42.2318 	EXP 	center: autoDraw = True
42.2318 	EXP 	left: autoDraw = True
42.2318 	EXP 	right: autoDraw = True
42.2318 	EXP 	up: autoDraw = True
42.2318 	EXP 	down: autoDraw = True
42.2483 	EXP 	center: autoDraw = True
42.2483 	EXP 	left: autoDraw = True
42.2483 	EXP 	right: autoDraw = True
42.2483 	EXP 	up: autoDraw = True
42.2483 	EXP 	down: autoDraw = True
42.2650 	EXP 	center: autoDraw = True
42.2650 	EXP 	left: autoDraw = True
42.2650 	EXP 	right: autoDraw = True
42.2650 	EXP 	up: autoDraw = True
42.2650 	EXP 	down: autoDraw = True
42.2818 	EXP 	center: autoDraw = True
42.2818 	EXP 	left: autoDraw = True
42.2818 	EXP 	right: autoDraw = True
42.2818 	EXP 	up: autoDraw = True
42.2818 	EXP 	down: autoDraw = True
42.2982 	EXP 	center: autoDraw = True
42.2982 	EXP 	left: autoDraw = True
42.2982 	EXP 	right: autoDraw = True
42.2982 	EXP 	up: autoDraw = True
42.2982 	EXP 	down: autoDraw = True
42.3151 	EXP 	center: autoDraw = True
42.3151 	EXP 	left: autoDraw = True
42.3151 	EXP 	right: autoDraw = True
42.3151 	EXP 	up: autoDraw = True
42.3151 	EXP 	down: autoDraw = True
42.3318 	EXP 	center: autoDraw = True
42.3318 	EXP 	left: autoDraw = True
42.3318 	EXP 	right: autoDraw = True
42.3318 	EXP 	up: autoDraw = True
42.3318 	EXP 	down: autoDraw = True
42.3485 	EXP 	center: autoDraw = True
42.3485 	EXP 	left: autoDraw = True
42.3485 	EXP 	right: autoDraw = True
42.3485 	EXP 	up: autoDraw = True
42.3485 	EXP 	down: autoDraw = True
42.3650 	EXP 	center: autoDraw = True
42.3650 	EXP 	left: autoDraw = True
42.3650 	EXP 	right: autoDraw = True
42.3650 	EXP 	up: autoDraw = True
42.3650 	EXP 	down: autoDraw = True
42.3818 	EXP 	center: autoDraw = True
42.3818 	EXP 	left: autoDraw = True
42.3818 	EXP 	right: autoDraw = True
42.3818 	EXP 	up: autoDraw = True
42.3818 	EXP 	down: autoDraw = True
42.3985 	EXP 	center: autoDraw = True
42.3985 	EXP 	left: autoDraw = True
42.3985 	EXP 	right: autoDraw = True
42.3985 	EXP 	up: autoDraw = True
42.3985 	EXP 	down: autoDraw = True
42.4144 	EXP 	center: autoDraw = True
42.4144 	EXP 	left: autoDraw = True
42.4144 	EXP 	right: autoDraw = True
42.4144 	EXP 	up: autoDraw = True
42.4144 	EXP 	down: autoDraw = True
42.4316 	EXP 	center: autoDraw = True
42.4316 	EXP 	left: autoDraw = True
42.4316 	EXP 	right: autoDraw = True
42.4316 	EXP 	up: autoDraw = True
42.4316 	EXP 	down: autoDraw = True
42.4485 	EXP 	center: autoDraw = True
42.4485 	EXP 	left: autoDraw = True
42.4485 	EXP 	right: autoDraw = True
42.4485 	EXP 	up: autoDraw = True
42.4485 	EXP 	down: autoDraw = True
42.4649 	EXP 	center: autoDraw = True
42.4649 	EXP 	left: autoDraw = True
42.4649 	EXP 	right: autoDraw = True
42.4649 	EXP 	up: autoDraw = True
42.4649 	EXP 	down: autoDraw = True
42.4818 	EXP 	center: autoDraw = True
42.4818 	EXP 	left: autoDraw = True
42.4818 	EXP 	right: autoDraw = True
42.4818 	EXP 	up: autoDraw = True
42.4818 	EXP 	down: autoDraw = True
42.4982 	EXP 	center: autoDraw = True
42.4982 	EXP 	left: autoDraw = True
42.4982 	EXP 	right: autoDraw = True
42.4982 	EXP 	up: autoDraw = True
42.4982 	EXP 	down: autoDraw = True
42.5149 	EXP 	center: autoDraw = True
42.5149 	EXP 	left: autoDraw = True
42.5149 	EXP 	right: autoDraw = True
42.5149 	EXP 	up: autoDraw = True
42.5149 	EXP 	down: autoDraw = True
42.5316 	EXP 	center: autoDraw = True
42.5316 	EXP 	left: autoDraw = True
42.5316 	EXP 	right: autoDraw = True
42.5316 	EXP 	up: autoDraw = True
42.5316 	EXP 	down: autoDraw = True
42.5484 	EXP 	center: autoDraw = True
42.5484 	EXP 	left: autoDraw = True
42.5484 	EXP 	right: autoDraw = True
42.5484 	EXP 	up: autoDraw = True
42.5484 	EXP 	down: autoDraw = True
42.5649 	EXP 	center: autoDraw = True
42.5649 	EXP 	left: autoDraw = True
42.5649 	EXP 	right: autoDraw = True
42.5649 	EXP 	up: autoDraw = True
42.5649 	EXP 	down: autoDraw = True
42.5818 	EXP 	center: autoDraw = True
42.5818 	EXP 	left: autoDraw = True
42.5818 	EXP 	right: autoDraw = True
42.5818 	EXP 	up: autoDraw = True
42.5818 	EXP 	down: autoDraw = True
42.5983 	EXP 	center: autoDraw = True
42.5983 	EXP 	left: autoDraw = True
42.5983 	EXP 	right: autoDraw = True
42.5983 	EXP 	up: autoDraw = True
42.5983 	EXP 	down: autoDraw = True
42.6150 	EXP 	center: autoDraw = True
42.6150 	EXP 	left: autoDraw = True
42.6150 	EXP 	right: autoDraw = True
42.6150 	EXP 	up: autoDraw = True
42.6150 	EXP 	down: autoDraw = True
42.6317 	EXP 	center: autoDraw = True
42.6317 	EXP 	left: autoDraw = True
42.6317 	EXP 	right: autoDraw = True
42.6317 	EXP 	up: autoDraw = True
42.6317 	EXP 	down: autoDraw = True
42.6478 	EXP 	center: autoDraw = True
42.6478 	EXP 	left: autoDraw = True
42.6478 	EXP 	right: autoDraw = True
42.6478 	EXP 	up: autoDraw = True
42.6478 	EXP 	down: autoDraw = True
42.6649 	EXP 	center: autoDraw = True
42.6649 	EXP 	left: autoDraw = True
42.6649 	EXP 	right: autoDraw = True
42.6649 	EXP 	up: autoDraw = True
42.6649 	EXP 	down: autoDraw = True
42.6814 	EXP 	center: autoDraw = True
42.6814 	EXP 	left: autoDraw = True
42.6814 	EXP 	right: autoDraw = True
42.6814 	EXP 	up: autoDraw = True
42.6814 	EXP 	down: autoDraw = True
42.6983 	EXP 	center: autoDraw = True
42.6983 	EXP 	left: autoDraw = True
42.6983 	EXP 	right: autoDraw = True
42.6983 	EXP 	up: autoDraw = True
42.6983 	EXP 	down: autoDraw = True
42.7150 	EXP 	center: autoDraw = True
42.7150 	EXP 	left: autoDraw = True
42.7150 	EXP 	right: autoDraw = True
42.7150 	EXP 	up: autoDraw = True
42.7150 	EXP 	down: autoDraw = True
42.7317 	EXP 	center: autoDraw = True
42.7317 	EXP 	left: autoDraw = True
42.7317 	EXP 	right: autoDraw = True
42.7317 	EXP 	up: autoDraw = True
42.7317 	EXP 	down: autoDraw = True
42.7482 	EXP 	center: autoDraw = True
42.7482 	EXP 	left: autoDraw = True
42.7482 	EXP 	right: autoDraw = True
42.7482 	EXP 	up: autoDraw = True
42.7482 	EXP 	down: autoDraw = True
42.7651 	EXP 	center: autoDraw = True
42.7651 	EXP 	left: autoDraw = True
42.7651 	EXP 	right: autoDraw = True
42.7651 	EXP 	up: autoDraw = True
42.7651 	EXP 	down: autoDraw = True
42.7816 	EXP 	center: autoDraw = True
42.7816 	EXP 	left: autoDraw = True
42.7816 	EXP 	right: autoDraw = True
42.7816 	EXP 	up: autoDraw = True
42.7816 	EXP 	down: autoDraw = True
42.7987 	EXP 	center: autoDraw = True
42.7987 	EXP 	left: autoDraw = True
42.7987 	EXP 	right: autoDraw = True
42.7987 	EXP 	up: autoDraw = True
42.7987 	EXP 	down: autoDraw = True
42.8149 	EXP 	center: autoDraw = True
42.8149 	EXP 	left: autoDraw = True
42.8149 	EXP 	right: autoDraw = True
42.8149 	EXP 	up: autoDraw = True
42.8149 	EXP 	down: autoDraw = True
42.8317 	EXP 	center: autoDraw = True
42.8317 	EXP 	left: autoDraw = True
42.8317 	EXP 	right: autoDraw = True
42.8317 	EXP 	up: autoDraw = True
42.8317 	EXP 	down: autoDraw = True
42.8484 	EXP 	center: autoDraw = True
42.8484 	EXP 	left: autoDraw = True
42.8484 	EXP 	right: autoDraw = True
42.8484 	EXP 	up: autoDraw = True
42.8484 	EXP 	down: autoDraw = True
42.8652 	EXP 	center: autoDraw = True
42.8652 	EXP 	left: autoDraw = True
42.8652 	EXP 	right: autoDraw = True
42.8652 	EXP 	up: autoDraw = True
42.8652 	EXP 	down: autoDraw = True
42.8815 	EXP 	center: autoDraw = True
42.8815 	EXP 	left: autoDraw = True
42.8815 	EXP 	right: autoDraw = True
42.8815 	EXP 	up: autoDraw = True
42.8815 	EXP 	down: autoDraw = True
42.8985 	EXP 	center: autoDraw = True
42.8985 	EXP 	left: autoDraw = True
42.8985 	EXP 	right: autoDraw = True
42.8985 	EXP 	up: autoDraw = True
42.8985 	EXP 	down: autoDraw = True
42.9146 	EXP 	center: autoDraw = True
42.9146 	EXP 	left: autoDraw = True
42.9146 	EXP 	right: autoDraw = True
42.9146 	EXP 	up: autoDraw = True
42.9146 	EXP 	down: autoDraw = True
42.9316 	EXP 	center: autoDraw = True
42.9316 	EXP 	left: autoDraw = True
42.9316 	EXP 	right: autoDraw = True
42.9316 	EXP 	up: autoDraw = True
42.9316 	EXP 	down: autoDraw = True
42.9482 	EXP 	center: autoDraw = True
42.9482 	EXP 	left: autoDraw = True
42.9482 	EXP 	right: autoDraw = True
42.9482 	EXP 	up: autoDraw = True
42.9482 	EXP 	down: autoDraw = True
42.9649 	EXP 	center: autoDraw = True
42.9649 	EXP 	left: autoDraw = True
42.9649 	EXP 	right: autoDraw = True
42.9649 	EXP 	up: autoDraw = True
42.9649 	EXP 	down: autoDraw = True
42.9818 	EXP 	center: autoDraw = True
42.9818 	EXP 	left: autoDraw = True
42.9818 	EXP 	right: autoDraw = True
42.9818 	EXP 	up: autoDraw = True
42.9818 	EXP 	down: autoDraw = True
42.9982 	EXP 	center: autoDraw = True
42.9982 	EXP 	left: autoDraw = True
42.9982 	EXP 	right: autoDraw = True
42.9982 	EXP 	up: autoDraw = True
42.9982 	EXP 	down: autoDraw = True
43.0148 	EXP 	center: autoDraw = True
43.0148 	EXP 	left: autoDraw = True
43.0148 	EXP 	right: autoDraw = True
43.0148 	EXP 	up: autoDraw = True
43.0148 	EXP 	down: autoDraw = True
43.0318 	EXP 	center: autoDraw = True
43.0318 	EXP 	left: autoDraw = True
43.0318 	EXP 	right: autoDraw = True
43.0318 	EXP 	up: autoDraw = True
43.0318 	EXP 	down: autoDraw = True
43.0482 	EXP 	center: autoDraw = True
43.0482 	EXP 	left: autoDraw = True
43.0482 	EXP 	right: autoDraw = True
43.0482 	EXP 	up: autoDraw = True
43.0482 	EXP 	down: autoDraw = True
43.0644 	EXP 	center: autoDraw = True
43.0644 	EXP 	left: autoDraw = True
43.0644 	EXP 	right: autoDraw = True
43.0644 	EXP 	up: autoDraw = True
43.0644 	EXP 	down: autoDraw = True
43.0815 	EXP 	center: autoDraw = True
43.0815 	EXP 	left: autoDraw = True
43.0815 	EXP 	right: autoDraw = True
43.0815 	EXP 	up: autoDraw = True
43.0815 	EXP 	down: autoDraw = True
43.0984 	EXP 	center: autoDraw = True
43.0984 	EXP 	left: autoDraw = True
43.0984 	EXP 	right: autoDraw = True
43.0984 	EXP 	up: autoDraw = True
43.0984 	EXP 	down: autoDraw = True
43.1152 	EXP 	center: autoDraw = True
43.1152 	EXP 	left: autoDraw = True
43.1152 	EXP 	right: autoDraw = True
43.1152 	EXP 	up: autoDraw = True
43.1152 	EXP 	down: autoDraw = True
43.1316 	EXP 	center: autoDraw = True
43.1316 	EXP 	left: autoDraw = True
43.1316 	EXP 	right: autoDraw = True
43.1316 	EXP 	up: autoDraw = True
43.1316 	EXP 	down: autoDraw = True
43.1485 	EXP 	center: autoDraw = True
43.1485 	EXP 	left: autoDraw = True
43.1485 	EXP 	right: autoDraw = True
43.1485 	EXP 	up: autoDraw = True
43.1485 	EXP 	down: autoDraw = True
43.1648 	EXP 	center: autoDraw = True
43.1648 	EXP 	left: autoDraw = True
43.1648 	EXP 	right: autoDraw = True
43.1648 	EXP 	up: autoDraw = True
43.1648 	EXP 	down: autoDraw = True
43.1817 	EXP 	center: autoDraw = True
43.1817 	EXP 	left: autoDraw = True
43.1817 	EXP 	right: autoDraw = True
43.1817 	EXP 	up: autoDraw = True
43.1817 	EXP 	down: autoDraw = True
43.1975 	EXP 	center: autoDraw = True
43.1975 	EXP 	left: autoDraw = True
43.1975 	EXP 	right: autoDraw = True
43.1975 	EXP 	up: autoDraw = True
43.1975 	EXP 	down: autoDraw = True
43.2147 	EXP 	center: autoDraw = True
43.2147 	EXP 	left: autoDraw = True
43.2147 	EXP 	right: autoDraw = True
43.2147 	EXP 	up: autoDraw = True
43.2147 	EXP 	down: autoDraw = True
43.2316 	EXP 	center: autoDraw = True
43.2316 	EXP 	left: autoDraw = True
43.2316 	EXP 	right: autoDraw = True
43.2316 	EXP 	up: autoDraw = True
43.2316 	EXP 	down: autoDraw = True
43.2485 	EXP 	center: autoDraw = True
43.2485 	EXP 	left: autoDraw = True
43.2485 	EXP 	right: autoDraw = True
43.2485 	EXP 	up: autoDraw = True
43.2485 	EXP 	down: autoDraw = True
43.2648 	EXP 	center: autoDraw = True
43.2648 	EXP 	left: autoDraw = True
43.2648 	EXP 	right: autoDraw = True
43.2648 	EXP 	up: autoDraw = True
43.2648 	EXP 	down: autoDraw = True
43.2816 	EXP 	center: autoDraw = True
43.2816 	EXP 	left: autoDraw = True
43.2816 	EXP 	right: autoDraw = True
43.2816 	EXP 	up: autoDraw = True
43.2816 	EXP 	down: autoDraw = True
43.2984 	EXP 	center: autoDraw = True
43.2984 	EXP 	left: autoDraw = True
43.2984 	EXP 	right: autoDraw = True
43.2984 	EXP 	up: autoDraw = True
43.2984 	EXP 	down: autoDraw = True
43.3148 	EXP 	center: autoDraw = True
43.3148 	EXP 	left: autoDraw = True
43.3148 	EXP 	right: autoDraw = True
43.3148 	EXP 	up: autoDraw = True
43.3148 	EXP 	down: autoDraw = True
43.3315 	EXP 	center: autoDraw = True
43.3315 	EXP 	left: autoDraw = True
43.3315 	EXP 	right: autoDraw = True
43.3315 	EXP 	up: autoDraw = True
43.3315 	EXP 	down: autoDraw = True
43.3483 	EXP 	center: autoDraw = True
43.3483 	EXP 	left: autoDraw = True
43.3483 	EXP 	right: autoDraw = True
43.3483 	EXP 	up: autoDraw = True
43.3483 	EXP 	down: autoDraw = True
43.3651 	EXP 	center: autoDraw = True
43.3651 	EXP 	left: autoDraw = True
43.3651 	EXP 	right: autoDraw = True
43.3651 	EXP 	up: autoDraw = True
43.3651 	EXP 	down: autoDraw = True
43.3815 	EXP 	center: autoDraw = True
43.3815 	EXP 	left: autoDraw = True
43.3815 	EXP 	right: autoDraw = True
43.3815 	EXP 	up: autoDraw = True
43.3815 	EXP 	down: autoDraw = True
43.3975 	EXP 	center: autoDraw = True
43.3975 	EXP 	left: autoDraw = True
43.3975 	EXP 	right: autoDraw = True
43.3975 	EXP 	up: autoDraw = True
43.3975 	EXP 	down: autoDraw = True
43.4149 	EXP 	center: autoDraw = True
43.4149 	EXP 	left: autoDraw = True
43.4149 	EXP 	right: autoDraw = True
43.4149 	EXP 	up: autoDraw = True
43.4149 	EXP 	down: autoDraw = True
43.4316 	EXP 	center: autoDraw = True
43.4316 	EXP 	left: autoDraw = True
43.4316 	EXP 	right: autoDraw = True
43.4316 	EXP 	up: autoDraw = True
43.4316 	EXP 	down: autoDraw = True
43.4475 	EXP 	center: autoDraw = True
43.4475 	EXP 	left: autoDraw = True
43.4475 	EXP 	right: autoDraw = True
43.4475 	EXP 	up: autoDraw = True
43.4475 	EXP 	down: autoDraw = True
43.4648 	EXP 	center: autoDraw = True
43.4648 	EXP 	left: autoDraw = True
43.4648 	EXP 	right: autoDraw = True
43.4648 	EXP 	up: autoDraw = True
43.4648 	EXP 	down: autoDraw = True
43.4818 	EXP 	center: autoDraw = True
43.4818 	EXP 	left: autoDraw = True
43.4818 	EXP 	right: autoDraw = True
43.4818 	EXP 	up: autoDraw = True
43.4818 	EXP 	down: autoDraw = True
43.4982 	EXP 	center: autoDraw = True
43.4982 	EXP 	left: autoDraw = True
43.4982 	EXP 	right: autoDraw = True
43.4982 	EXP 	up: autoDraw = True
43.4982 	EXP 	down: autoDraw = True
43.5150 	EXP 	center: autoDraw = True
43.5150 	EXP 	left: autoDraw = True
43.5150 	EXP 	right: autoDraw = True
43.5150 	EXP 	up: autoDraw = True
43.5150 	EXP 	down: autoDraw = True
43.5315 	EXP 	center: autoDraw = True
43.5315 	EXP 	left: autoDraw = True
43.5315 	EXP 	right: autoDraw = True
43.5315 	EXP 	up: autoDraw = True
43.5315 	EXP 	down: autoDraw = True
43.5316 	EXP 	Sound  started
43.5353 	DATA 	sclo | frame count: 480
43.5481 	EXP 	center: autoDraw = True
43.5481 	EXP 	left: autoDraw = True
43.5481 	EXP 	right: autoDraw = True
43.5481 	EXP 	up: autoDraw = True
43.5481 	EXP 	down: autoDraw = True
43.5651 	EXP 	center: autoDraw = True
43.5651 	EXP 	left: autoDraw = True
43.5651 	EXP 	right: autoDraw = True
43.5651 	EXP 	up: autoDraw = True
43.5651 	EXP 	down: autoDraw = True
43.5815 	EXP 	center: autoDraw = True
43.5815 	EXP 	left: autoDraw = True
43.5815 	EXP 	right: autoDraw = True
43.5815 	EXP 	up: autoDraw = True
43.5815 	EXP 	down: autoDraw = True
43.5982 	EXP 	center: autoDraw = True
43.5982 	EXP 	left: autoDraw = True
43.5982 	EXP 	right: autoDraw = True
43.5982 	EXP 	up: autoDraw = True
43.5982 	EXP 	down: autoDraw = True
43.6150 	EXP 	center: autoDraw = True
43.6150 	EXP 	left: autoDraw = True
43.6150 	EXP 	right: autoDraw = True
43.6150 	EXP 	up: autoDraw = True
43.6150 	EXP 	down: autoDraw = True
43.6317 	EXP 	center: autoDraw = True
43.6317 	EXP 	left: autoDraw = True
43.6317 	EXP 	right: autoDraw = True
43.6317 	EXP 	up: autoDraw = True
43.6317 	EXP 	down: autoDraw = True
43.6477 	EXP 	center: autoDraw = True
43.6477 	EXP 	left: autoDraw = True
43.6477 	EXP 	right: autoDraw = True
43.6477 	EXP 	up: autoDraw = True
43.6477 	EXP 	down: autoDraw = True
43.6648 	EXP 	center: autoDraw = True
43.6648 	EXP 	left: autoDraw = True
43.6648 	EXP 	right: autoDraw = True
43.6648 	EXP 	up: autoDraw = True
43.6648 	EXP 	down: autoDraw = True
43.6818 	EXP 	center: autoDraw = True
43.6818 	EXP 	left: autoDraw = True
43.6818 	EXP 	right: autoDraw = True
43.6818 	EXP 	up: autoDraw = True
43.6818 	EXP 	down: autoDraw = True
43.6982 	EXP 	center: autoDraw = True
43.6982 	EXP 	left: autoDraw = True
43.6982 	EXP 	right: autoDraw = True
43.6982 	EXP 	up: autoDraw = True
43.6982 	EXP 	down: autoDraw = True
43.7146 	EXP 	center: autoDraw = True
43.7146 	EXP 	left: autoDraw = True
43.7146 	EXP 	right: autoDraw = True
43.7146 	EXP 	up: autoDraw = True
43.7146 	EXP 	down: autoDraw = True
43.7316 	EXP 	center: autoDraw = True
43.7316 	EXP 	left: autoDraw = True
43.7316 	EXP 	right: autoDraw = True
43.7316 	EXP 	up: autoDraw = True
43.7316 	EXP 	down: autoDraw = True
43.7482 	EXP 	center: autoDraw = True
43.7482 	EXP 	left: autoDraw = True
43.7482 	EXP 	right: autoDraw = True
43.7482 	EXP 	up: autoDraw = True
43.7482 	EXP 	down: autoDraw = True
43.7650 	EXP 	center: autoDraw = True
43.7650 	EXP 	left: autoDraw = True
43.7650 	EXP 	right: autoDraw = True
43.7650 	EXP 	up: autoDraw = True
43.7650 	EXP 	down: autoDraw = True
43.7814 	EXP 	center: autoDraw = True
43.7814 	EXP 	left: autoDraw = True
43.7814 	EXP 	right: autoDraw = True
43.7814 	EXP 	up: autoDraw = True
43.7814 	EXP 	down: autoDraw = True
43.7974 	EXP 	center: autoDraw = True
43.7974 	EXP 	left: autoDraw = True
43.7974 	EXP 	right: autoDraw = True
43.7974 	EXP 	up: autoDraw = True
43.7974 	EXP 	down: autoDraw = True
43.8149 	EXP 	center: autoDraw = True
43.8149 	EXP 	left: autoDraw = True
43.8149 	EXP 	right: autoDraw = True
43.8149 	EXP 	up: autoDraw = True
43.8149 	EXP 	down: autoDraw = True
43.8308 	EXP 	center: autoDraw = True
43.8308 	EXP 	left: autoDraw = True
43.8308 	EXP 	right: autoDraw = True
43.8308 	EXP 	up: autoDraw = True
43.8308 	EXP 	down: autoDraw = True
43.8483 	EXP 	center: autoDraw = True
43.8483 	EXP 	left: autoDraw = True
43.8483 	EXP 	right: autoDraw = True
43.8483 	EXP 	up: autoDraw = True
43.8483 	EXP 	down: autoDraw = True
43.8651 	EXP 	center: autoDraw = True
43.8651 	EXP 	left: autoDraw = True
43.8651 	EXP 	right: autoDraw = True
43.8651 	EXP 	up: autoDraw = True
43.8651 	EXP 	down: autoDraw = True
43.8815 	EXP 	center: autoDraw = True
43.8815 	EXP 	left: autoDraw = True
43.8815 	EXP 	right: autoDraw = True
43.8815 	EXP 	up: autoDraw = True
43.8815 	EXP 	down: autoDraw = True
43.8984 	EXP 	center: autoDraw = True
43.8984 	EXP 	left: autoDraw = True
43.8984 	EXP 	right: autoDraw = True
43.8984 	EXP 	up: autoDraw = True
43.8984 	EXP 	down: autoDraw = True
43.9148 	EXP 	center: autoDraw = True
43.9148 	EXP 	left: autoDraw = True
43.9148 	EXP 	right: autoDraw = True
43.9148 	EXP 	up: autoDraw = True
43.9148 	EXP 	down: autoDraw = True
43.9316 	EXP 	center: autoDraw = True
43.9316 	EXP 	left: autoDraw = True
43.9316 	EXP 	right: autoDraw = True
43.9316 	EXP 	up: autoDraw = True
43.9316 	EXP 	down: autoDraw = True
43.9483 	EXP 	center: autoDraw = True
43.9483 	EXP 	left: autoDraw = True
43.9483 	EXP 	right: autoDraw = True
43.9483 	EXP 	up: autoDraw = True
43.9483 	EXP 	down: autoDraw = True
43.9650 	EXP 	center: autoDraw = True
43.9650 	EXP 	left: autoDraw = True
43.9650 	EXP 	right: autoDraw = True
43.9650 	EXP 	up: autoDraw = True
43.9650 	EXP 	down: autoDraw = True
43.9815 	EXP 	center: autoDraw = True
43.9815 	EXP 	left: autoDraw = True
43.9815 	EXP 	right: autoDraw = True
43.9815 	EXP 	up: autoDraw = True
43.9815 	EXP 	down: autoDraw = True
43.9983 	EXP 	center: autoDraw = True
43.9983 	EXP 	left: autoDraw = True
43.9983 	EXP 	right: autoDraw = True
43.9983 	EXP 	up: autoDraw = True
43.9983 	EXP 	down: autoDraw = True
44.0142 	EXP 	center: autoDraw = True
44.0142 	EXP 	left: autoDraw = True
44.0142 	EXP 	right: autoDraw = True
44.0142 	EXP 	up: autoDraw = True
44.0142 	EXP 	down: autoDraw = True
44.0314 	EXP 	center: autoDraw = True
44.0314 	EXP 	left: autoDraw = True
44.0314 	EXP 	right: autoDraw = True
44.0314 	EXP 	up: autoDraw = True
44.0314 	EXP 	down: autoDraw = True
44.0316 	DATA 	wsqS
44.0482 	EXP 	center: autoDraw = True
44.0482 	EXP 	left: autoDraw = True
44.0482 	EXP 	right: autoDraw = True
44.0482 	EXP 	up: autoDraw = True
44.0482 	EXP 	down: autoDraw = True
44.0482 	EXP 	whitesquare: autoDraw = True
44.0650 	EXP 	center: autoDraw = True
44.0650 	EXP 	left: autoDraw = True
44.0650 	EXP 	right: autoDraw = True
44.0650 	EXP 	up: autoDraw = True
44.0650 	EXP 	down: autoDraw = True
44.0650 	EXP 	whitesquare: autoDraw = False
44.0814 	EXP 	center: autoDraw = True
44.0814 	EXP 	left: autoDraw = True
44.0814 	EXP 	right: autoDraw = True
44.0814 	EXP 	up: autoDraw = True
44.0814 	EXP 	down: autoDraw = True
44.0979 	EXP 	center: autoDraw = True
44.0979 	EXP 	left: autoDraw = True
44.0979 	EXP 	right: autoDraw = True
44.0979 	EXP 	up: autoDraw = True
44.0979 	EXP 	down: autoDraw = True
44.1150 	EXP 	center: autoDraw = True
44.1150 	EXP 	left: autoDraw = True
44.1150 	EXP 	right: autoDraw = True
44.1150 	EXP 	up: autoDraw = True
44.1150 	EXP 	down: autoDraw = True
44.1319 	EXP 	center: autoDraw = True
44.1319 	EXP 	left: autoDraw = True
44.1319 	EXP 	right: autoDraw = True
44.1319 	EXP 	up: autoDraw = True
44.1319 	EXP 	down: autoDraw = True
44.1481 	EXP 	center: autoDraw = True
44.1481 	EXP 	left: autoDraw = True
44.1481 	EXP 	right: autoDraw = True
44.1481 	EXP 	up: autoDraw = True
44.1481 	EXP 	down: autoDraw = True
44.1648 	EXP 	center: autoDraw = True
44.1648 	EXP 	left: autoDraw = True
44.1648 	EXP 	right: autoDraw = True
44.1648 	EXP 	up: autoDraw = True
44.1648 	EXP 	down: autoDraw = True
44.1817 	EXP 	center: autoDraw = True
44.1817 	EXP 	left: autoDraw = True
44.1817 	EXP 	right: autoDraw = True
44.1817 	EXP 	up: autoDraw = True
44.1817 	EXP 	down: autoDraw = True
44.1981 	EXP 	center: autoDraw = True
44.1981 	EXP 	left: autoDraw = True
44.1981 	EXP 	right: autoDraw = True
44.1981 	EXP 	up: autoDraw = True
44.1981 	EXP 	down: autoDraw = True
44.2150 	EXP 	center: autoDraw = True
44.2150 	EXP 	left: autoDraw = True
44.2150 	EXP 	right: autoDraw = True
44.2150 	EXP 	up: autoDraw = True
44.2150 	EXP 	down: autoDraw = True
44.2314 	EXP 	center: autoDraw = True
44.2314 	EXP 	left: autoDraw = True
44.2314 	EXP 	right: autoDraw = True
44.2314 	EXP 	up: autoDraw = True
44.2314 	EXP 	down: autoDraw = True
44.2482 	EXP 	center: autoDraw = True
44.2482 	EXP 	left: autoDraw = True
44.2482 	EXP 	right: autoDraw = True
44.2482 	EXP 	up: autoDraw = True
44.2482 	EXP 	down: autoDraw = True
44.2650 	EXP 	center: autoDraw = True
44.2650 	EXP 	left: autoDraw = True
44.2650 	EXP 	right: autoDraw = True
44.2650 	EXP 	up: autoDraw = True
44.2650 	EXP 	down: autoDraw = True
44.2815 	EXP 	center: autoDraw = True
44.2815 	EXP 	left: autoDraw = True
44.2815 	EXP 	right: autoDraw = True
44.2815 	EXP 	up: autoDraw = True
44.2815 	EXP 	down: autoDraw = True
44.2985 	EXP 	center: autoDraw = True
44.2985 	EXP 	left: autoDraw = True
44.2985 	EXP 	right: autoDraw = True
44.2985 	EXP 	up: autoDraw = True
44.2985 	EXP 	down: autoDraw = True
44.3147 	EXP 	center: autoDraw = True
44.3147 	EXP 	left: autoDraw = True
44.3147 	EXP 	right: autoDraw = True
44.3147 	EXP 	up: autoDraw = True
44.3147 	EXP 	down: autoDraw = True
44.3315 	EXP 	center: autoDraw = True
44.3315 	EXP 	left: autoDraw = True
44.3315 	EXP 	right: autoDraw = True
44.3315 	EXP 	up: autoDraw = True
44.3315 	EXP 	down: autoDraw = True
44.3483 	EXP 	center: autoDraw = True
44.3483 	EXP 	left: autoDraw = True
44.3483 	EXP 	right: autoDraw = True
44.3483 	EXP 	up: autoDraw = True
44.3483 	EXP 	down: autoDraw = True
44.3647 	EXP 	center: autoDraw = True
44.3647 	EXP 	left: autoDraw = True
44.3647 	EXP 	right: autoDraw = True
44.3647 	EXP 	up: autoDraw = True
44.3647 	EXP 	down: autoDraw = True
44.3815 	EXP 	center: autoDraw = True
44.3815 	EXP 	left: autoDraw = True
44.3815 	EXP 	right: autoDraw = True
44.3815 	EXP 	up: autoDraw = True
44.3815 	EXP 	down: autoDraw = True
44.3982 	EXP 	center: autoDraw = True
44.3982 	EXP 	left: autoDraw = True
44.3982 	EXP 	right: autoDraw = True
44.3982 	EXP 	up: autoDraw = True
44.3982 	EXP 	down: autoDraw = True
44.4150 	EXP 	center: autoDraw = True
44.4150 	EXP 	left: autoDraw = True
44.4150 	EXP 	right: autoDraw = True
44.4150 	EXP 	up: autoDraw = True
44.4150 	EXP 	down: autoDraw = True
44.4315 	EXP 	center: autoDraw = True
44.4315 	EXP 	left: autoDraw = True
44.4315 	EXP 	right: autoDraw = True
44.4315 	EXP 	up: autoDraw = True
44.4315 	EXP 	down: autoDraw = True
44.4483 	EXP 	center: autoDraw = True
44.4483 	EXP 	left: autoDraw = True
44.4483 	EXP 	right: autoDraw = True
44.4483 	EXP 	up: autoDraw = True
44.4483 	EXP 	down: autoDraw = True
44.4647 	EXP 	center: autoDraw = True
44.4647 	EXP 	left: autoDraw = True
44.4647 	EXP 	right: autoDraw = True
44.4647 	EXP 	up: autoDraw = True
44.4647 	EXP 	down: autoDraw = True
44.4809 	EXP 	center: autoDraw = True
44.4809 	EXP 	left: autoDraw = True
44.4809 	EXP 	right: autoDraw = True
44.4809 	EXP 	up: autoDraw = True
44.4809 	EXP 	down: autoDraw = True
44.4981 	EXP 	center: autoDraw = True
44.4981 	EXP 	left: autoDraw = True
44.4981 	EXP 	right: autoDraw = True
44.4981 	EXP 	up: autoDraw = True
44.4981 	EXP 	down: autoDraw = True
44.5150 	EXP 	center: autoDraw = True
44.5150 	EXP 	left: autoDraw = True
44.5150 	EXP 	right: autoDraw = True
44.5150 	EXP 	up: autoDraw = True
44.5150 	EXP 	down: autoDraw = True
44.5314 	EXP 	center: autoDraw = True
44.5314 	EXP 	left: autoDraw = True
44.5314 	EXP 	right: autoDraw = True
44.5314 	EXP 	up: autoDraw = True
44.5314 	EXP 	down: autoDraw = True
44.5483 	EXP 	center: autoDraw = True
44.5483 	EXP 	left: autoDraw = True
44.5483 	EXP 	right: autoDraw = True
44.5483 	EXP 	up: autoDraw = True
44.5483 	EXP 	down: autoDraw = True
44.5647 	EXP 	center: autoDraw = True
44.5647 	EXP 	left: autoDraw = True
44.5647 	EXP 	right: autoDraw = True
44.5647 	EXP 	up: autoDraw = True
44.5647 	EXP 	down: autoDraw = True
44.5815 	EXP 	center: autoDraw = True
44.5815 	EXP 	left: autoDraw = True
44.5815 	EXP 	right: autoDraw = True
44.5815 	EXP 	up: autoDraw = True
44.5815 	EXP 	down: autoDraw = True
44.5982 	EXP 	center: autoDraw = True
44.5982 	EXP 	left: autoDraw = True
44.5982 	EXP 	right: autoDraw = True
44.5982 	EXP 	up: autoDraw = True
44.5982 	EXP 	down: autoDraw = True
44.6150 	EXP 	center: autoDraw = True
44.6150 	EXP 	left: autoDraw = True
44.6150 	EXP 	right: autoDraw = True
44.6150 	EXP 	up: autoDraw = True
44.6150 	EXP 	down: autoDraw = True
44.6316 	EXP 	center: autoDraw = True
44.6316 	EXP 	left: autoDraw = True
44.6316 	EXP 	right: autoDraw = True
44.6316 	EXP 	up: autoDraw = True
44.6316 	EXP 	down: autoDraw = True
44.6484 	EXP 	center: autoDraw = True
44.6484 	EXP 	left: autoDraw = True
44.6484 	EXP 	right: autoDraw = True
44.6484 	EXP 	up: autoDraw = True
44.6484 	EXP 	down: autoDraw = True
44.6647 	EXP 	center: autoDraw = True
44.6647 	EXP 	left: autoDraw = True
44.6647 	EXP 	right: autoDraw = True
44.6647 	EXP 	up: autoDraw = True
44.6647 	EXP 	down: autoDraw = True
44.6815 	EXP 	center: autoDraw = True
44.6815 	EXP 	left: autoDraw = True
44.6815 	EXP 	right: autoDraw = True
44.6815 	EXP 	up: autoDraw = True
44.6815 	EXP 	down: autoDraw = True
44.6974 	EXP 	center: autoDraw = True
44.6974 	EXP 	left: autoDraw = True
44.6974 	EXP 	right: autoDraw = True
44.6974 	EXP 	up: autoDraw = True
44.6974 	EXP 	down: autoDraw = True
44.7145 	EXP 	center: autoDraw = True
44.7145 	EXP 	left: autoDraw = True
44.7145 	EXP 	right: autoDraw = True
44.7145 	EXP 	up: autoDraw = True
44.7145 	EXP 	down: autoDraw = True
44.7315 	EXP 	center: autoDraw = True
44.7315 	EXP 	left: autoDraw = True
44.7315 	EXP 	right: autoDraw = True
44.7315 	EXP 	up: autoDraw = True
44.7315 	EXP 	down: autoDraw = True
44.7479 	EXP 	center: autoDraw = True
44.7479 	EXP 	left: autoDraw = True
44.7479 	EXP 	right: autoDraw = True
44.7479 	EXP 	up: autoDraw = True
44.7479 	EXP 	down: autoDraw = True
44.7649 	EXP 	center: autoDraw = True
44.7649 	EXP 	left: autoDraw = True
44.7649 	EXP 	right: autoDraw = True
44.7649 	EXP 	up: autoDraw = True
44.7649 	EXP 	down: autoDraw = True
44.7816 	EXP 	center: autoDraw = True
44.7816 	EXP 	left: autoDraw = True
44.7816 	EXP 	right: autoDraw = True
44.7816 	EXP 	up: autoDraw = True
44.7816 	EXP 	down: autoDraw = True
44.7975 	EXP 	center: autoDraw = True
44.7975 	EXP 	left: autoDraw = True
44.7975 	EXP 	right: autoDraw = True
44.7975 	EXP 	up: autoDraw = True
44.7975 	EXP 	down: autoDraw = True
44.8147 	EXP 	center: autoDraw = True
44.8147 	EXP 	left: autoDraw = True
44.8147 	EXP 	right: autoDraw = True
44.8147 	EXP 	up: autoDraw = True
44.8147 	EXP 	down: autoDraw = True
44.8317 	EXP 	center: autoDraw = True
44.8317 	EXP 	left: autoDraw = True
44.8317 	EXP 	right: autoDraw = True
44.8317 	EXP 	up: autoDraw = True
44.8317 	EXP 	down: autoDraw = True
44.8480 	EXP 	center: autoDraw = True
44.8480 	EXP 	left: autoDraw = True
44.8480 	EXP 	right: autoDraw = True
44.8480 	EXP 	up: autoDraw = True
44.8480 	EXP 	down: autoDraw = True
44.8641 	EXP 	center: autoDraw = True
44.8641 	EXP 	left: autoDraw = True
44.8641 	EXP 	right: autoDraw = True
44.8641 	EXP 	up: autoDraw = True
44.8641 	EXP 	down: autoDraw = True
44.8813 	EXP 	center: autoDraw = True
44.8813 	EXP 	left: autoDraw = True
44.8813 	EXP 	right: autoDraw = True
44.8813 	EXP 	up: autoDraw = True
44.8813 	EXP 	down: autoDraw = True
44.8974 	EXP 	center: autoDraw = True
44.8974 	EXP 	left: autoDraw = True
44.8974 	EXP 	right: autoDraw = True
44.8974 	EXP 	up: autoDraw = True
44.8974 	EXP 	down: autoDraw = True
44.9147 	EXP 	center: autoDraw = True
44.9147 	EXP 	left: autoDraw = True
44.9147 	EXP 	right: autoDraw = True
44.9147 	EXP 	up: autoDraw = True
44.9147 	EXP 	down: autoDraw = True
44.9315 	EXP 	center: autoDraw = True
44.9315 	EXP 	left: autoDraw = True
44.9315 	EXP 	right: autoDraw = True
44.9315 	EXP 	up: autoDraw = True
44.9315 	EXP 	down: autoDraw = True
44.9483 	EXP 	center: autoDraw = True
44.9483 	EXP 	left: autoDraw = True
44.9483 	EXP 	right: autoDraw = True
44.9483 	EXP 	up: autoDraw = True
44.9483 	EXP 	down: autoDraw = True
44.9647 	EXP 	center: autoDraw = True
44.9647 	EXP 	left: autoDraw = True
44.9647 	EXP 	right: autoDraw = True
44.9647 	EXP 	up: autoDraw = True
44.9647 	EXP 	down: autoDraw = True
44.9814 	EXP 	center: autoDraw = True
44.9814 	EXP 	left: autoDraw = True
44.9814 	EXP 	right: autoDraw = True
44.9814 	EXP 	up: autoDraw = True
44.9814 	EXP 	down: autoDraw = True
44.9982 	EXP 	center: autoDraw = True
44.9982 	EXP 	left: autoDraw = True
44.9982 	EXP 	right: autoDraw = True
44.9982 	EXP 	up: autoDraw = True
44.9982 	EXP 	down: autoDraw = True
45.0149 	EXP 	center: autoDraw = True
45.0149 	EXP 	left: autoDraw = True
45.0149 	EXP 	right: autoDraw = True
45.0149 	EXP 	up: autoDraw = True
45.0149 	EXP 	down: autoDraw = True
45.0316 	EXP 	center: autoDraw = True
45.0316 	EXP 	left: autoDraw = True
45.0316 	EXP 	right: autoDraw = True
45.0316 	EXP 	up: autoDraw = True
45.0316 	EXP 	down: autoDraw = True
45.0480 	EXP 	center: autoDraw = True
45.0480 	EXP 	left: autoDraw = True
45.0480 	EXP 	right: autoDraw = True
45.0480 	EXP 	up: autoDraw = True
45.0480 	EXP 	down: autoDraw = True
45.0647 	EXP 	center: autoDraw = True
45.0647 	EXP 	left: autoDraw = True
45.0647 	EXP 	right: autoDraw = True
45.0647 	EXP 	up: autoDraw = True
45.0647 	EXP 	down: autoDraw = True
45.0815 	EXP 	center: autoDraw = True
45.0815 	EXP 	left: autoDraw = True
45.0815 	EXP 	right: autoDraw = True
45.0815 	EXP 	up: autoDraw = True
45.0815 	EXP 	down: autoDraw = True
45.0976 	EXP 	center: autoDraw = True
45.0976 	EXP 	left: autoDraw = True
45.0976 	EXP 	right: autoDraw = True
45.0976 	EXP 	up: autoDraw = True
45.0976 	EXP 	down: autoDraw = True
45.1147 	EXP 	center: autoDraw = True
45.1147 	EXP 	left: autoDraw = True
45.1147 	EXP 	right: autoDraw = True
45.1147 	EXP 	up: autoDraw = True
45.1147 	EXP 	down: autoDraw = True
45.1311 	EXP 	center: autoDraw = True
45.1311 	EXP 	left: autoDraw = True
45.1311 	EXP 	right: autoDraw = True
45.1311 	EXP 	up: autoDraw = True
45.1311 	EXP 	down: autoDraw = True
45.1480 	EXP 	center: autoDraw = True
45.1480 	EXP 	left: autoDraw = True
45.1480 	EXP 	right: autoDraw = True
45.1480 	EXP 	up: autoDraw = True
45.1480 	EXP 	down: autoDraw = True
45.1648 	EXP 	center: autoDraw = True
45.1648 	EXP 	left: autoDraw = True
45.1648 	EXP 	right: autoDraw = True
45.1648 	EXP 	up: autoDraw = True
45.1648 	EXP 	down: autoDraw = True
45.1816 	EXP 	center: autoDraw = True
45.1816 	EXP 	left: autoDraw = True
45.1816 	EXP 	right: autoDraw = True
45.1816 	EXP 	up: autoDraw = True
45.1816 	EXP 	down: autoDraw = True
45.1972 	EXP 	center: autoDraw = True
45.1972 	EXP 	left: autoDraw = True
45.1972 	EXP 	right: autoDraw = True
45.1972 	EXP 	up: autoDraw = True
45.1972 	EXP 	down: autoDraw = True
45.2147 	EXP 	center: autoDraw = True
45.2147 	EXP 	left: autoDraw = True
45.2147 	EXP 	right: autoDraw = True
45.2147 	EXP 	up: autoDraw = True
45.2147 	EXP 	down: autoDraw = True
45.2315 	EXP 	center: autoDraw = True
45.2315 	EXP 	left: autoDraw = True
45.2315 	EXP 	right: autoDraw = True
45.2315 	EXP 	up: autoDraw = True
45.2315 	EXP 	down: autoDraw = True
45.2484 	EXP 	center: autoDraw = True
45.2484 	EXP 	left: autoDraw = True
45.2484 	EXP 	right: autoDraw = True
45.2484 	EXP 	up: autoDraw = True
45.2484 	EXP 	down: autoDraw = True
45.2646 	EXP 	center: autoDraw = True
45.2646 	EXP 	left: autoDraw = True
45.2646 	EXP 	right: autoDraw = True
45.2646 	EXP 	up: autoDraw = True
45.2646 	EXP 	down: autoDraw = True
45.2816 	EXP 	center: autoDraw = True
45.2816 	EXP 	left: autoDraw = True
45.2816 	EXP 	right: autoDraw = True
45.2816 	EXP 	up: autoDraw = True
45.2816 	EXP 	down: autoDraw = True
45.2984 	EXP 	center: autoDraw = True
45.2984 	EXP 	left: autoDraw = True
45.2984 	EXP 	right: autoDraw = True
45.2984 	EXP 	up: autoDraw = True
45.2984 	EXP 	down: autoDraw = True
45.3146 	EXP 	center: autoDraw = True
45.3146 	EXP 	left: autoDraw = True
45.3146 	EXP 	right: autoDraw = True
45.3146 	EXP 	up: autoDraw = True
45.3146 	EXP 	down: autoDraw = True
45.3315 	EXP 	center: autoDraw = True
45.3315 	EXP 	left: autoDraw = True
45.3315 	EXP 	right: autoDraw = True
45.3315 	EXP 	up: autoDraw = True
45.3315 	EXP 	down: autoDraw = True
45.3482 	EXP 	center: autoDraw = True
45.3482 	EXP 	left: autoDraw = True
45.3482 	EXP 	right: autoDraw = True
45.3482 	EXP 	up: autoDraw = True
45.3482 	EXP 	down: autoDraw = True
45.3645 	EXP 	center: autoDraw = True
45.3645 	EXP 	left: autoDraw = True
45.3645 	EXP 	right: autoDraw = True
45.3645 	EXP 	up: autoDraw = True
45.3645 	EXP 	down: autoDraw = True
45.3813 	EXP 	center: autoDraw = True
45.3813 	EXP 	left: autoDraw = True
45.3813 	EXP 	right: autoDraw = True
45.3813 	EXP 	up: autoDraw = True
45.3813 	EXP 	down: autoDraw = True
45.3981 	EXP 	center: autoDraw = True
45.3981 	EXP 	left: autoDraw = True
45.3981 	EXP 	right: autoDraw = True
45.3981 	EXP 	up: autoDraw = True
45.3981 	EXP 	down: autoDraw = True
45.4148 	EXP 	center: autoDraw = True
45.4148 	EXP 	left: autoDraw = True
45.4148 	EXP 	right: autoDraw = True
45.4148 	EXP 	up: autoDraw = True
45.4148 	EXP 	down: autoDraw = True
45.4314 	EXP 	center: autoDraw = True
45.4314 	EXP 	left: autoDraw = True
45.4314 	EXP 	right: autoDraw = True
45.4314 	EXP 	up: autoDraw = True
45.4314 	EXP 	down: autoDraw = True
45.4482 	EXP 	center: autoDraw = True
45.4482 	EXP 	left: autoDraw = True
45.4482 	EXP 	right: autoDraw = True
45.4482 	EXP 	up: autoDraw = True
45.4482 	EXP 	down: autoDraw = True
45.4651 	EXP 	center: autoDraw = True
45.4651 	EXP 	left: autoDraw = True
45.4651 	EXP 	right: autoDraw = True
45.4651 	EXP 	up: autoDraw = True
45.4651 	EXP 	down: autoDraw = True
45.4813 	EXP 	center: autoDraw = True
45.4813 	EXP 	left: autoDraw = True
45.4813 	EXP 	right: autoDraw = True
45.4813 	EXP 	up: autoDraw = True
45.4813 	EXP 	down: autoDraw = True
45.4981 	EXP 	center: autoDraw = True
45.4981 	EXP 	left: autoDraw = True
45.4981 	EXP 	right: autoDraw = True
45.4981 	EXP 	up: autoDraw = True
45.4981 	EXP 	down: autoDraw = True
45.5141 	EXP 	center: autoDraw = True
45.5141 	EXP 	left: autoDraw = True
45.5141 	EXP 	right: autoDraw = True
45.5141 	EXP 	up: autoDraw = True
45.5141 	EXP 	down: autoDraw = True
45.5313 	EXP 	center: autoDraw = True
45.5313 	EXP 	left: autoDraw = True
45.5313 	EXP 	right: autoDraw = True
45.5313 	EXP 	up: autoDraw = True
45.5313 	EXP 	down: autoDraw = True
45.5480 	EXP 	center: autoDraw = True
45.5480 	EXP 	left: autoDraw = True
45.5480 	EXP 	right: autoDraw = True
45.5480 	EXP 	up: autoDraw = True
45.5480 	EXP 	down: autoDraw = True
45.5649 	EXP 	center: autoDraw = True
45.5649 	EXP 	left: autoDraw = True
45.5649 	EXP 	right: autoDraw = True
45.5649 	EXP 	up: autoDraw = True
45.5649 	EXP 	down: autoDraw = True
45.5813 	EXP 	center: autoDraw = True
45.5813 	EXP 	left: autoDraw = True
45.5813 	EXP 	right: autoDraw = True
45.5813 	EXP 	up: autoDraw = True
45.5813 	EXP 	down: autoDraw = True
45.5973 	EXP 	center: autoDraw = True
45.5973 	EXP 	left: autoDraw = True
45.5973 	EXP 	right: autoDraw = True
45.5973 	EXP 	up: autoDraw = True
45.5973 	EXP 	down: autoDraw = True
45.6146 	EXP 	center: autoDraw = True
45.6146 	EXP 	left: autoDraw = True
45.6146 	EXP 	right: autoDraw = True
45.6146 	EXP 	up: autoDraw = True
45.6146 	EXP 	down: autoDraw = True
45.6314 	EXP 	center: autoDraw = True
45.6314 	EXP 	left: autoDraw = True
45.6314 	EXP 	right: autoDraw = True
45.6314 	EXP 	up: autoDraw = True
45.6314 	EXP 	down: autoDraw = True
45.6482 	EXP 	center: autoDraw = True
45.6482 	EXP 	left: autoDraw = True
45.6482 	EXP 	right: autoDraw = True
45.6482 	EXP 	up: autoDraw = True
45.6482 	EXP 	down: autoDraw = True
45.6648 	EXP 	center: autoDraw = True
45.6648 	EXP 	left: autoDraw = True
45.6648 	EXP 	right: autoDraw = True
45.6648 	EXP 	up: autoDraw = True
45.6648 	EXP 	down: autoDraw = True
45.6815 	EXP 	center: autoDraw = True
45.6815 	EXP 	left: autoDraw = True
45.6815 	EXP 	right: autoDraw = True
45.6815 	EXP 	up: autoDraw = True
45.6815 	EXP 	down: autoDraw = True
45.6973 	EXP 	center: autoDraw = True
45.6973 	EXP 	left: autoDraw = True
45.6973 	EXP 	right: autoDraw = True
45.6973 	EXP 	up: autoDraw = True
45.6973 	EXP 	down: autoDraw = True
45.7146 	EXP 	center: autoDraw = True
45.7146 	EXP 	left: autoDraw = True
45.7146 	EXP 	right: autoDraw = True
45.7146 	EXP 	up: autoDraw = True
45.7146 	EXP 	down: autoDraw = True
45.7307 	EXP 	center: autoDraw = True
45.7307 	EXP 	left: autoDraw = True
45.7307 	EXP 	right: autoDraw = True
45.7307 	EXP 	up: autoDraw = True
45.7307 	EXP 	down: autoDraw = True
45.7477 	EXP 	center: autoDraw = True
45.7477 	EXP 	left: autoDraw = True
45.7477 	EXP 	right: autoDraw = True
45.7477 	EXP 	up: autoDraw = True
45.7477 	EXP 	down: autoDraw = True
45.7646 	EXP 	center: autoDraw = True
45.7646 	EXP 	left: autoDraw = True
45.7646 	EXP 	right: autoDraw = True
45.7646 	EXP 	up: autoDraw = True
45.7646 	EXP 	down: autoDraw = True
45.7812 	EXP 	center: autoDraw = True
45.7812 	EXP 	left: autoDraw = True
45.7812 	EXP 	right: autoDraw = True
45.7812 	EXP 	up: autoDraw = True
45.7812 	EXP 	down: autoDraw = True
45.7984 	EXP 	center: autoDraw = True
45.7984 	EXP 	left: autoDraw = True
45.7984 	EXP 	right: autoDraw = True
45.7984 	EXP 	up: autoDraw = True
45.7984 	EXP 	down: autoDraw = True
45.8146 	EXP 	center: autoDraw = True
45.8146 	EXP 	left: autoDraw = True
45.8146 	EXP 	right: autoDraw = True
45.8146 	EXP 	up: autoDraw = True
45.8146 	EXP 	down: autoDraw = True
45.8315 	EXP 	center: autoDraw = True
45.8315 	EXP 	left: autoDraw = True
45.8315 	EXP 	right: autoDraw = True
45.8315 	EXP 	up: autoDraw = True
45.8315 	EXP 	down: autoDraw = True
45.8483 	EXP 	center: autoDraw = True
45.8483 	EXP 	left: autoDraw = True
45.8483 	EXP 	right: autoDraw = True
45.8483 	EXP 	up: autoDraw = True
45.8483 	EXP 	down: autoDraw = True
45.8647 	EXP 	center: autoDraw = True
45.8647 	EXP 	left: autoDraw = True
45.8647 	EXP 	right: autoDraw = True
45.8647 	EXP 	up: autoDraw = True
45.8647 	EXP 	down: autoDraw = True
45.8814 	EXP 	center: autoDraw = True
45.8814 	EXP 	left: autoDraw = True
45.8814 	EXP 	right: autoDraw = True
45.8814 	EXP 	up: autoDraw = True
45.8814 	EXP 	down: autoDraw = True
45.8973 	EXP 	center: autoDraw = True
45.8973 	EXP 	left: autoDraw = True
45.8973 	EXP 	right: autoDraw = True
45.8973 	EXP 	up: autoDraw = True
45.8973 	EXP 	down: autoDraw = True
45.9145 	EXP 	center: autoDraw = True
45.9145 	EXP 	left: autoDraw = True
45.9145 	EXP 	right: autoDraw = True
45.9145 	EXP 	up: autoDraw = True
45.9145 	EXP 	down: autoDraw = True
45.9313 	EXP 	center: autoDraw = True
45.9313 	EXP 	left: autoDraw = True
45.9313 	EXP 	right: autoDraw = True
45.9313 	EXP 	up: autoDraw = True
45.9313 	EXP 	down: autoDraw = True
45.9481 	EXP 	center: autoDraw = True
45.9481 	EXP 	left: autoDraw = True
45.9481 	EXP 	right: autoDraw = True
45.9481 	EXP 	up: autoDraw = True
45.9481 	EXP 	down: autoDraw = True
45.9648 	EXP 	center: autoDraw = True
45.9648 	EXP 	left: autoDraw = True
45.9648 	EXP 	right: autoDraw = True
45.9648 	EXP 	up: autoDraw = True
45.9648 	EXP 	down: autoDraw = True
45.9814 	EXP 	center: autoDraw = True
45.9814 	EXP 	left: autoDraw = True
45.9814 	EXP 	right: autoDraw = True
45.9814 	EXP 	up: autoDraw = True
45.9814 	EXP 	down: autoDraw = True
45.9973 	EXP 	center: autoDraw = True
45.9973 	EXP 	left: autoDraw = True
45.9973 	EXP 	right: autoDraw = True
45.9973 	EXP 	up: autoDraw = True
45.9973 	EXP 	down: autoDraw = True
46.0146 	EXP 	center: autoDraw = True
46.0146 	EXP 	left: autoDraw = True
46.0146 	EXP 	right: autoDraw = True
46.0146 	EXP 	up: autoDraw = True
46.0146 	EXP 	down: autoDraw = True
46.0314 	EXP 	center: autoDraw = True
46.0314 	EXP 	left: autoDraw = True
46.0314 	EXP 	right: autoDraw = True
46.0314 	EXP 	up: autoDraw = True
46.0314 	EXP 	down: autoDraw = True
46.0480 	EXP 	center: autoDraw = True
46.0480 	EXP 	left: autoDraw = True
46.0480 	EXP 	right: autoDraw = True
46.0480 	EXP 	up: autoDraw = True
46.0480 	EXP 	down: autoDraw = True
46.0648 	EXP 	center: autoDraw = True
46.0648 	EXP 	left: autoDraw = True
46.0648 	EXP 	right: autoDraw = True
46.0648 	EXP 	up: autoDraw = True
46.0648 	EXP 	down: autoDraw = True
46.0812 	EXP 	center: autoDraw = True
46.0812 	EXP 	left: autoDraw = True
46.0812 	EXP 	right: autoDraw = True
46.0812 	EXP 	up: autoDraw = True
46.0812 	EXP 	down: autoDraw = True
46.0981 	EXP 	center: autoDraw = True
46.0981 	EXP 	left: autoDraw = True
46.0981 	EXP 	right: autoDraw = True
46.0981 	EXP 	up: autoDraw = True
46.0981 	EXP 	down: autoDraw = True
46.1150 	EXP 	center: autoDraw = True
46.1150 	EXP 	left: autoDraw = True
46.1150 	EXP 	right: autoDraw = True
46.1150 	EXP 	up: autoDraw = True
46.1150 	EXP 	down: autoDraw = True
46.1313 	EXP 	center: autoDraw = True
46.1313 	EXP 	left: autoDraw = True
46.1313 	EXP 	right: autoDraw = True
46.1313 	EXP 	up: autoDraw = True
46.1313 	EXP 	down: autoDraw = True
46.1480 	EXP 	center: autoDraw = True
46.1480 	EXP 	left: autoDraw = True
46.1480 	EXP 	right: autoDraw = True
46.1480 	EXP 	up: autoDraw = True
46.1480 	EXP 	down: autoDraw = True
46.1642 	EXP 	center: autoDraw = True
46.1642 	EXP 	left: autoDraw = True
46.1642 	EXP 	right: autoDraw = True
46.1642 	EXP 	up: autoDraw = True
46.1642 	EXP 	down: autoDraw = True
46.1812 	EXP 	center: autoDraw = True
46.1812 	EXP 	left: autoDraw = True
46.1812 	EXP 	right: autoDraw = True
46.1812 	EXP 	up: autoDraw = True
46.1812 	EXP 	down: autoDraw = True
46.1972 	EXP 	center: autoDraw = True
46.1972 	EXP 	left: autoDraw = True
46.1972 	EXP 	right: autoDraw = True
46.1972 	EXP 	up: autoDraw = True
46.1972 	EXP 	down: autoDraw = True
46.2146 	EXP 	center: autoDraw = True
46.2146 	EXP 	left: autoDraw = True
46.2146 	EXP 	right: autoDraw = True
46.2146 	EXP 	up: autoDraw = True
46.2146 	EXP 	down: autoDraw = True
46.2313 	EXP 	center: autoDraw = True
46.2313 	EXP 	left: autoDraw = True
46.2313 	EXP 	right: autoDraw = True
46.2313 	EXP 	up: autoDraw = True
46.2313 	EXP 	down: autoDraw = True
46.2482 	EXP 	center: autoDraw = True
46.2482 	EXP 	left: autoDraw = True
46.2482 	EXP 	right: autoDraw = True
46.2482 	EXP 	up: autoDraw = True
46.2482 	EXP 	down: autoDraw = True
46.2646 	EXP 	center: autoDraw = True
46.2646 	EXP 	left: autoDraw = True
46.2646 	EXP 	right: autoDraw = True
46.2646 	EXP 	up: autoDraw = True
46.2646 	EXP 	down: autoDraw = True
46.2815 	EXP 	center: autoDraw = True
46.2815 	EXP 	left: autoDraw = True
46.2815 	EXP 	right: autoDraw = True
46.2815 	EXP 	up: autoDraw = True
46.2815 	EXP 	down: autoDraw = True
46.2980 	EXP 	center: autoDraw = True
46.2980 	EXP 	left: autoDraw = True
46.2980 	EXP 	right: autoDraw = True
46.2980 	EXP 	up: autoDraw = True
46.2980 	EXP 	down: autoDraw = True
46.3149 	EXP 	center: autoDraw = True
46.3149 	EXP 	left: autoDraw = True
46.3149 	EXP 	right: autoDraw = True
46.3149 	EXP 	up: autoDraw = True
46.3149 	EXP 	down: autoDraw = True
46.3312 	EXP 	center: autoDraw = True
46.3312 	EXP 	left: autoDraw = True
46.3312 	EXP 	right: autoDraw = True
46.3312 	EXP 	up: autoDraw = True
46.3312 	EXP 	down: autoDraw = True
46.3480 	EXP 	center: autoDraw = True
46.3480 	EXP 	left: autoDraw = True
46.3480 	EXP 	right: autoDraw = True
46.3480 	EXP 	up: autoDraw = True
46.3480 	EXP 	down: autoDraw = True
46.3648 	EXP 	center: autoDraw = True
46.3648 	EXP 	left: autoDraw = True
46.3648 	EXP 	right: autoDraw = True
46.3648 	EXP 	up: autoDraw = True
46.3648 	EXP 	down: autoDraw = True
46.3815 	EXP 	center: autoDraw = True
46.3815 	EXP 	left: autoDraw = True
46.3815 	EXP 	right: autoDraw = True
46.3815 	EXP 	up: autoDraw = True
46.3815 	EXP 	down: autoDraw = True
46.3979 	EXP 	center: autoDraw = True
46.3979 	EXP 	left: autoDraw = True
46.3979 	EXP 	right: autoDraw = True
46.3979 	EXP 	up: autoDraw = True
46.3979 	EXP 	down: autoDraw = True
46.4146 	EXP 	center: autoDraw = True
46.4146 	EXP 	left: autoDraw = True
46.4146 	EXP 	right: autoDraw = True
46.4146 	EXP 	up: autoDraw = True
46.4146 	EXP 	down: autoDraw = True
46.4313 	EXP 	center: autoDraw = True
46.4313 	EXP 	left: autoDraw = True
46.4313 	EXP 	right: autoDraw = True
46.4313 	EXP 	up: autoDraw = True
46.4313 	EXP 	down: autoDraw = True
46.4480 	EXP 	center: autoDraw = True
46.4480 	EXP 	left: autoDraw = True
46.4480 	EXP 	right: autoDraw = True
46.4480 	EXP 	up: autoDraw = True
46.4480 	EXP 	down: autoDraw = True
46.4647 	EXP 	center: autoDraw = True
46.4647 	EXP 	left: autoDraw = True
46.4647 	EXP 	right: autoDraw = True
46.4647 	EXP 	up: autoDraw = True
46.4647 	EXP 	down: autoDraw = True
46.4815 	EXP 	center: autoDraw = True
46.4815 	EXP 	left: autoDraw = True
46.4815 	EXP 	right: autoDraw = True
46.4815 	EXP 	up: autoDraw = True
46.4815 	EXP 	down: autoDraw = True
46.4980 	EXP 	center: autoDraw = True
46.4980 	EXP 	left: autoDraw = True
46.4980 	EXP 	right: autoDraw = True
46.4980 	EXP 	up: autoDraw = True
46.4980 	EXP 	down: autoDraw = True
46.5150 	EXP 	center: autoDraw = True
46.5150 	EXP 	left: autoDraw = True
46.5150 	EXP 	right: autoDraw = True
46.5150 	EXP 	up: autoDraw = True
46.5150 	EXP 	down: autoDraw = True
46.5312 	EXP 	center: autoDraw = True
46.5312 	EXP 	left: autoDraw = True
46.5312 	EXP 	right: autoDraw = True
46.5312 	EXP 	up: autoDraw = True
46.5312 	EXP 	down: autoDraw = True
46.5313 	EXP 	Sound  started
46.5354 	DATA 	sope | frame count: 660
46.5475 	EXP 	center: autoDraw = True
46.5475 	EXP 	left: autoDraw = True
46.5475 	EXP 	right: autoDraw = True
46.5475 	EXP 	up: autoDraw = True
46.5475 	EXP 	down: autoDraw = True
46.5645 	EXP 	center: autoDraw = True
46.5645 	EXP 	left: autoDraw = True
46.5645 	EXP 	right: autoDraw = True
46.5645 	EXP 	up: autoDraw = True
46.5645 	EXP 	down: autoDraw = True
46.5816 	EXP 	center: autoDraw = True
46.5816 	EXP 	left: autoDraw = True
46.5816 	EXP 	right: autoDraw = True
46.5816 	EXP 	up: autoDraw = True
46.5816 	EXP 	down: autoDraw = True
46.5981 	EXP 	center: autoDraw = True
46.5981 	EXP 	left: autoDraw = True
46.5981 	EXP 	right: autoDraw = True
46.5981 	EXP 	up: autoDraw = True
46.5981 	EXP 	down: autoDraw = True
46.6149 	EXP 	center: autoDraw = True
46.6149 	EXP 	left: autoDraw = True
46.6149 	EXP 	right: autoDraw = True
46.6149 	EXP 	up: autoDraw = True
46.6149 	EXP 	down: autoDraw = True
46.6312 	EXP 	center: autoDraw = True
46.6312 	EXP 	left: autoDraw = True
46.6312 	EXP 	right: autoDraw = True
46.6312 	EXP 	up: autoDraw = True
46.6312 	EXP 	down: autoDraw = True
46.6481 	EXP 	center: autoDraw = True
46.6481 	EXP 	left: autoDraw = True
46.6481 	EXP 	right: autoDraw = True
46.6481 	EXP 	up: autoDraw = True
46.6481 	EXP 	down: autoDraw = True
46.6647 	EXP 	center: autoDraw = True
46.6647 	EXP 	left: autoDraw = True
46.6647 	EXP 	right: autoDraw = True
46.6647 	EXP 	up: autoDraw = True
46.6647 	EXP 	down: autoDraw = True
46.6815 	EXP 	center: autoDraw = True
46.6815 	EXP 	left: autoDraw = True
46.6815 	EXP 	right: autoDraw = True
46.6815 	EXP 	up: autoDraw = True
46.6815 	EXP 	down: autoDraw = True
46.6981 	EXP 	center: autoDraw = True
46.6981 	EXP 	left: autoDraw = True
46.6981 	EXP 	right: autoDraw = True
46.6981 	EXP 	up: autoDraw = True
46.6981 	EXP 	down: autoDraw = True
46.7148 	EXP 	center: autoDraw = True
46.7148 	EXP 	left: autoDraw = True
46.7148 	EXP 	right: autoDraw = True
46.7148 	EXP 	up: autoDraw = True
46.7148 	EXP 	down: autoDraw = True
46.7314 	EXP 	center: autoDraw = True
46.7314 	EXP 	left: autoDraw = True
46.7314 	EXP 	right: autoDraw = True
46.7314 	EXP 	up: autoDraw = True
46.7314 	EXP 	down: autoDraw = True
46.7481 	EXP 	center: autoDraw = True
46.7481 	EXP 	left: autoDraw = True
46.7481 	EXP 	right: autoDraw = True
46.7481 	EXP 	up: autoDraw = True
46.7481 	EXP 	down: autoDraw = True
46.7645 	EXP 	center: autoDraw = True
46.7645 	EXP 	left: autoDraw = True
46.7645 	EXP 	right: autoDraw = True
46.7645 	EXP 	up: autoDraw = True
46.7645 	EXP 	down: autoDraw = True
46.7814 	EXP 	center: autoDraw = True
46.7814 	EXP 	left: autoDraw = True
46.7814 	EXP 	right: autoDraw = True
46.7814 	EXP 	up: autoDraw = True
46.7814 	EXP 	down: autoDraw = True
46.7981 	EXP 	center: autoDraw = True
46.7981 	EXP 	left: autoDraw = True
46.7981 	EXP 	right: autoDraw = True
46.7981 	EXP 	up: autoDraw = True
46.7981 	EXP 	down: autoDraw = True
46.8144 	EXP 	center: autoDraw = True
46.8144 	EXP 	left: autoDraw = True
46.8144 	EXP 	right: autoDraw = True
46.8144 	EXP 	up: autoDraw = True
46.8144 	EXP 	down: autoDraw = True
46.8311 	EXP 	center: autoDraw = True
46.8311 	EXP 	left: autoDraw = True
46.8311 	EXP 	right: autoDraw = True
46.8311 	EXP 	up: autoDraw = True
46.8311 	EXP 	down: autoDraw = True
46.8482 	EXP 	center: autoDraw = True
46.8482 	EXP 	left: autoDraw = True
46.8482 	EXP 	right: autoDraw = True
46.8482 	EXP 	up: autoDraw = True
46.8482 	EXP 	down: autoDraw = True
46.8646 	EXP 	center: autoDraw = True
46.8646 	EXP 	left: autoDraw = True
46.8646 	EXP 	right: autoDraw = True
46.8646 	EXP 	up: autoDraw = True
46.8646 	EXP 	down: autoDraw = True
46.8814 	EXP 	center: autoDraw = True
46.8814 	EXP 	left: autoDraw = True
46.8814 	EXP 	right: autoDraw = True
46.8814 	EXP 	up: autoDraw = True
46.8814 	EXP 	down: autoDraw = True
46.8979 	EXP 	center: autoDraw = True
46.8979 	EXP 	left: autoDraw = True
46.8979 	EXP 	right: autoDraw = True
46.8979 	EXP 	up: autoDraw = True
46.8979 	EXP 	down: autoDraw = True
46.9146 	EXP 	center: autoDraw = True
46.9146 	EXP 	left: autoDraw = True
46.9146 	EXP 	right: autoDraw = True
46.9146 	EXP 	up: autoDraw = True
46.9146 	EXP 	down: autoDraw = True
46.9306 	EXP 	center: autoDraw = True
46.9306 	EXP 	left: autoDraw = True
46.9306 	EXP 	right: autoDraw = True
46.9306 	EXP 	up: autoDraw = True
46.9306 	EXP 	down: autoDraw = True
46.9479 	EXP 	center: autoDraw = True
46.9479 	EXP 	left: autoDraw = True
46.9479 	EXP 	right: autoDraw = True
46.9479 	EXP 	up: autoDraw = True
46.9479 	EXP 	down: autoDraw = True
46.9646 	EXP 	center: autoDraw = True
46.9646 	EXP 	left: autoDraw = True
46.9646 	EXP 	right: autoDraw = True
46.9646 	EXP 	up: autoDraw = True
46.9646 	EXP 	down: autoDraw = True
46.9814 	EXP 	center: autoDraw = True
46.9814 	EXP 	left: autoDraw = True
46.9814 	EXP 	right: autoDraw = True
46.9814 	EXP 	up: autoDraw = True
46.9814 	EXP 	down: autoDraw = True
46.9971 	EXP 	center: autoDraw = True
46.9971 	EXP 	left: autoDraw = True
46.9971 	EXP 	right: autoDraw = True
46.9971 	EXP 	up: autoDraw = True
46.9971 	EXP 	down: autoDraw = True
47.0145 	EXP 	center: autoDraw = True
47.0145 	EXP 	left: autoDraw = True
47.0145 	EXP 	right: autoDraw = True
47.0145 	EXP 	up: autoDraw = True
47.0145 	EXP 	down: autoDraw = True
47.0313 	EXP 	center: autoDraw = True
47.0313 	EXP 	left: autoDraw = True
47.0313 	EXP 	right: autoDraw = True
47.0313 	EXP 	up: autoDraw = True
47.0313 	EXP 	down: autoDraw = True
47.0315 	DATA 	wsqS
47.0478 	EXP 	center: autoDraw = True
47.0478 	EXP 	left: autoDraw = True
47.0478 	EXP 	right: autoDraw = True
47.0478 	EXP 	up: autoDraw = True
47.0478 	EXP 	down: autoDraw = True
47.0478 	EXP 	whitesquare: autoDraw = True
47.0647 	EXP 	center: autoDraw = True
47.0647 	EXP 	left: autoDraw = True
47.0647 	EXP 	right: autoDraw = True
47.0647 	EXP 	up: autoDraw = True
47.0647 	EXP 	down: autoDraw = True
47.0647 	EXP 	whitesquare: autoDraw = False
47.0814 	EXP 	center: autoDraw = True
47.0814 	EXP 	left: autoDraw = True
47.0814 	EXP 	right: autoDraw = True
47.0814 	EXP 	up: autoDraw = True
47.0814 	EXP 	down: autoDraw = True
47.0972 	EXP 	center: autoDraw = True
47.0972 	EXP 	left: autoDraw = True
47.0972 	EXP 	right: autoDraw = True
47.0972 	EXP 	up: autoDraw = True
47.0972 	EXP 	down: autoDraw = True
47.1146 	EXP 	center: autoDraw = True
47.1146 	EXP 	left: autoDraw = True
47.1146 	EXP 	right: autoDraw = True
47.1146 	EXP 	up: autoDraw = True
47.1146 	EXP 	down: autoDraw = True
47.1314 	EXP 	center: autoDraw = True
47.1314 	EXP 	left: autoDraw = True
47.1314 	EXP 	right: autoDraw = True
47.1314 	EXP 	up: autoDraw = True
47.1314 	EXP 	down: autoDraw = True
47.1475 	EXP 	center: autoDraw = True
47.1475 	EXP 	left: autoDraw = True
47.1475 	EXP 	right: autoDraw = True
47.1475 	EXP 	up: autoDraw = True
47.1475 	EXP 	down: autoDraw = True
47.1647 	EXP 	center: autoDraw = True
47.1647 	EXP 	left: autoDraw = True
47.1647 	EXP 	right: autoDraw = True
47.1647 	EXP 	up: autoDraw = True
47.1647 	EXP 	down: autoDraw = True
47.1811 	EXP 	center: autoDraw = True
47.1811 	EXP 	left: autoDraw = True
47.1811 	EXP 	right: autoDraw = True
47.1811 	EXP 	up: autoDraw = True
47.1811 	EXP 	down: autoDraw = True
47.1977 	EXP 	center: autoDraw = True
47.1977 	EXP 	left: autoDraw = True
47.1977 	EXP 	right: autoDraw = True
47.1977 	EXP 	up: autoDraw = True
47.1977 	EXP 	down: autoDraw = True
47.2144 	EXP 	center: autoDraw = True
47.2144 	EXP 	left: autoDraw = True
47.2144 	EXP 	right: autoDraw = True
47.2144 	EXP 	up: autoDraw = True
47.2144 	EXP 	down: autoDraw = True
47.2314 	EXP 	center: autoDraw = True
47.2314 	EXP 	left: autoDraw = True
47.2314 	EXP 	right: autoDraw = True
47.2314 	EXP 	up: autoDraw = True
47.2314 	EXP 	down: autoDraw = True
47.2474 	EXP 	center: autoDraw = True
47.2474 	EXP 	left: autoDraw = True
47.2474 	EXP 	right: autoDraw = True
47.2474 	EXP 	up: autoDraw = True
47.2474 	EXP 	down: autoDraw = True
47.2645 	EXP 	center: autoDraw = True
47.2645 	EXP 	left: autoDraw = True
47.2645 	EXP 	right: autoDraw = True
47.2645 	EXP 	up: autoDraw = True
47.2645 	EXP 	down: autoDraw = True
47.2813 	EXP 	center: autoDraw = True
47.2813 	EXP 	left: autoDraw = True
47.2813 	EXP 	right: autoDraw = True
47.2813 	EXP 	up: autoDraw = True
47.2813 	EXP 	down: autoDraw = True
47.2972 	EXP 	center: autoDraw = True
47.2972 	EXP 	left: autoDraw = True
47.2972 	EXP 	right: autoDraw = True
47.2972 	EXP 	up: autoDraw = True
47.2972 	EXP 	down: autoDraw = True
47.3146 	EXP 	center: autoDraw = True
47.3146 	EXP 	left: autoDraw = True
47.3146 	EXP 	right: autoDraw = True
47.3146 	EXP 	up: autoDraw = True
47.3146 	EXP 	down: autoDraw = True
47.3313 	EXP 	center: autoDraw = True
47.3313 	EXP 	left: autoDraw = True
47.3313 	EXP 	right: autoDraw = True
47.3313 	EXP 	up: autoDraw = True
47.3313 	EXP 	down: autoDraw = True
47.3481 	EXP 	center: autoDraw = True
47.3481 	EXP 	left: autoDraw = True
47.3481 	EXP 	right: autoDraw = True
47.3481 	EXP 	up: autoDraw = True
47.3481 	EXP 	down: autoDraw = True
47.3646 	EXP 	center: autoDraw = True
47.3646 	EXP 	left: autoDraw = True
47.3646 	EXP 	right: autoDraw = True
47.3646 	EXP 	up: autoDraw = True
47.3646 	EXP 	down: autoDraw = True
47.3813 	EXP 	center: autoDraw = True
47.3813 	EXP 	left: autoDraw = True
47.3813 	EXP 	right: autoDraw = True
47.3813 	EXP 	up: autoDraw = True
47.3813 	EXP 	down: autoDraw = True
47.3982 	EXP 	center: autoDraw = True
47.3982 	EXP 	left: autoDraw = True
47.3982 	EXP 	right: autoDraw = True
47.3982 	EXP 	up: autoDraw = True
47.3982 	EXP 	down: autoDraw = True
47.4145 	EXP 	center: autoDraw = True
47.4145 	EXP 	left: autoDraw = True
47.4145 	EXP 	right: autoDraw = True
47.4145 	EXP 	up: autoDraw = True
47.4145 	EXP 	down: autoDraw = True
47.4312 	EXP 	center: autoDraw = True
47.4312 	EXP 	left: autoDraw = True
47.4312 	EXP 	right: autoDraw = True
47.4312 	EXP 	up: autoDraw = True
47.4312 	EXP 	down: autoDraw = True
47.4480 	EXP 	center: autoDraw = True
47.4480 	EXP 	left: autoDraw = True
47.4480 	EXP 	right: autoDraw = True
47.4480 	EXP 	up: autoDraw = True
47.4480 	EXP 	down: autoDraw = True
47.4647 	EXP 	center: autoDraw = True
47.4647 	EXP 	left: autoDraw = True
47.4647 	EXP 	right: autoDraw = True
47.4647 	EXP 	up: autoDraw = True
47.4647 	EXP 	down: autoDraw = True
47.4814 	EXP 	center: autoDraw = True
47.4814 	EXP 	left: autoDraw = True
47.4814 	EXP 	right: autoDraw = True
47.4814 	EXP 	up: autoDraw = True
47.4814 	EXP 	down: autoDraw = True
47.4981 	EXP 	center: autoDraw = True
47.4981 	EXP 	left: autoDraw = True
47.4981 	EXP 	right: autoDraw = True
47.4981 	EXP 	up: autoDraw = True
47.4981 	EXP 	down: autoDraw = True
47.5145 	EXP 	center: autoDraw = True
47.5145 	EXP 	left: autoDraw = True
47.5145 	EXP 	right: autoDraw = True
47.5145 	EXP 	up: autoDraw = True
47.5145 	EXP 	down: autoDraw = True
47.5312 	EXP 	center: autoDraw = True
47.5312 	EXP 	left: autoDraw = True
47.5312 	EXP 	right: autoDraw = True
47.5312 	EXP 	up: autoDraw = True
47.5312 	EXP 	down: autoDraw = True
47.5482 	EXP 	center: autoDraw = True
47.5482 	EXP 	left: autoDraw = True
47.5482 	EXP 	right: autoDraw = True
47.5482 	EXP 	up: autoDraw = True
47.5482 	EXP 	down: autoDraw = True
47.5645 	EXP 	center: autoDraw = True
47.5645 	EXP 	left: autoDraw = True
47.5645 	EXP 	right: autoDraw = True
47.5645 	EXP 	up: autoDraw = True
47.5645 	EXP 	down: autoDraw = True
47.5806 	EXP 	center: autoDraw = True
47.5806 	EXP 	left: autoDraw = True
47.5806 	EXP 	right: autoDraw = True
47.5806 	EXP 	up: autoDraw = True
47.5806 	EXP 	down: autoDraw = True
47.5978 	EXP 	center: autoDraw = True
47.5978 	EXP 	left: autoDraw = True
47.5978 	EXP 	right: autoDraw = True
47.5978 	EXP 	up: autoDraw = True
47.5978 	EXP 	down: autoDraw = True
47.6146 	EXP 	center: autoDraw = True
47.6146 	EXP 	left: autoDraw = True
47.6146 	EXP 	right: autoDraw = True
47.6146 	EXP 	up: autoDraw = True
47.6146 	EXP 	down: autoDraw = True
47.6314 	EXP 	center: autoDraw = True
47.6314 	EXP 	left: autoDraw = True
47.6314 	EXP 	right: autoDraw = True
47.6314 	EXP 	up: autoDraw = True
47.6314 	EXP 	down: autoDraw = True
47.6481 	EXP 	center: autoDraw = True
47.6481 	EXP 	left: autoDraw = True
47.6481 	EXP 	right: autoDraw = True
47.6481 	EXP 	up: autoDraw = True
47.6481 	EXP 	down: autoDraw = True
47.6645 	EXP 	center: autoDraw = True
47.6645 	EXP 	left: autoDraw = True
47.6645 	EXP 	right: autoDraw = True
47.6645 	EXP 	up: autoDraw = True
47.6645 	EXP 	down: autoDraw = True
47.6812 	EXP 	center: autoDraw = True
47.6812 	EXP 	left: autoDraw = True
47.6812 	EXP 	right: autoDraw = True
47.6812 	EXP 	up: autoDraw = True
47.6812 	EXP 	down: autoDraw = True
47.6980 	EXP 	center: autoDraw = True
47.6980 	EXP 	left: autoDraw = True
47.6980 	EXP 	right: autoDraw = True
47.6980 	EXP 	up: autoDraw = True
47.6980 	EXP 	down: autoDraw = True
47.7148 	EXP 	center: autoDraw = True
47.7148 	EXP 	left: autoDraw = True
47.7148 	EXP 	right: autoDraw = True
47.7148 	EXP 	up: autoDraw = True
47.7148 	EXP 	down: autoDraw = True
47.7312 	EXP 	center: autoDraw = True
47.7312 	EXP 	left: autoDraw = True
47.7312 	EXP 	right: autoDraw = True
47.7312 	EXP 	up: autoDraw = True
47.7312 	EXP 	down: autoDraw = True
47.7479 	EXP 	center: autoDraw = True
47.7479 	EXP 	left: autoDraw = True
47.7479 	EXP 	right: autoDraw = True
47.7479 	EXP 	up: autoDraw = True
47.7479 	EXP 	down: autoDraw = True
47.7648 	EXP 	center: autoDraw = True
47.7648 	EXP 	left: autoDraw = True
47.7648 	EXP 	right: autoDraw = True
47.7648 	EXP 	up: autoDraw = True
47.7648 	EXP 	down: autoDraw = True
47.7811 	EXP 	center: autoDraw = True
47.7811 	EXP 	left: autoDraw = True
47.7811 	EXP 	right: autoDraw = True
47.7811 	EXP 	up: autoDraw = True
47.7811 	EXP 	down: autoDraw = True
47.7971 	EXP 	center: autoDraw = True
47.7971 	EXP 	left: autoDraw = True
47.7971 	EXP 	right: autoDraw = True
47.7971 	EXP 	up: autoDraw = True
47.7971 	EXP 	down: autoDraw = True
47.8141 	EXP 	center: autoDraw = True
47.8141 	EXP 	left: autoDraw = True
47.8141 	EXP 	right: autoDraw = True
47.8141 	EXP 	up: autoDraw = True
47.8141 	EXP 	down: autoDraw = True
47.8311 	EXP 	center: autoDraw = True
47.8311 	EXP 	left: autoDraw = True
47.8311 	EXP 	right: autoDraw = True
47.8311 	EXP 	up: autoDraw = True
47.8311 	EXP 	down: autoDraw = True
47.8477 	EXP 	center: autoDraw = True
47.8477 	EXP 	left: autoDraw = True
47.8477 	EXP 	right: autoDraw = True
47.8477 	EXP 	up: autoDraw = True
47.8477 	EXP 	down: autoDraw = True
47.8646 	EXP 	center: autoDraw = True
47.8646 	EXP 	left: autoDraw = True
47.8646 	EXP 	right: autoDraw = True
47.8646 	EXP 	up: autoDraw = True
47.8646 	EXP 	down: autoDraw = True
47.8814 	EXP 	center: autoDraw = True
47.8814 	EXP 	left: autoDraw = True
47.8814 	EXP 	right: autoDraw = True
47.8814 	EXP 	up: autoDraw = True
47.8814 	EXP 	down: autoDraw = True
47.8979 	EXP 	center: autoDraw = True
47.8979 	EXP 	left: autoDraw = True
47.8979 	EXP 	right: autoDraw = True
47.8979 	EXP 	up: autoDraw = True
47.8979 	EXP 	down: autoDraw = True
47.9147 	EXP 	center: autoDraw = True
47.9147 	EXP 	left: autoDraw = True
47.9147 	EXP 	right: autoDraw = True
47.9147 	EXP 	up: autoDraw = True
47.9147 	EXP 	down: autoDraw = True
47.9311 	EXP 	center: autoDraw = True
47.9311 	EXP 	left: autoDraw = True
47.9311 	EXP 	right: autoDraw = True
47.9311 	EXP 	up: autoDraw = True
47.9311 	EXP 	down: autoDraw = True
47.9479 	EXP 	center: autoDraw = True
47.9479 	EXP 	left: autoDraw = True
47.9479 	EXP 	right: autoDraw = True
47.9479 	EXP 	up: autoDraw = True
47.9479 	EXP 	down: autoDraw = True
47.9639 	EXP 	center: autoDraw = True
47.9639 	EXP 	left: autoDraw = True
47.9639 	EXP 	right: autoDraw = True
47.9639 	EXP 	up: autoDraw = True
47.9639 	EXP 	down: autoDraw = True
47.9811 	EXP 	center: autoDraw = True
47.9811 	EXP 	left: autoDraw = True
47.9811 	EXP 	right: autoDraw = True
47.9811 	EXP 	up: autoDraw = True
47.9811 	EXP 	down: autoDraw = True
47.9971 	EXP 	center: autoDraw = True
47.9971 	EXP 	left: autoDraw = True
47.9971 	EXP 	right: autoDraw = True
47.9971 	EXP 	up: autoDraw = True
47.9971 	EXP 	down: autoDraw = True
48.0145 	EXP 	center: autoDraw = True
48.0145 	EXP 	left: autoDraw = True
48.0145 	EXP 	right: autoDraw = True
48.0145 	EXP 	up: autoDraw = True
48.0145 	EXP 	down: autoDraw = True
48.0313 	EXP 	center: autoDraw = True
48.0313 	EXP 	left: autoDraw = True
48.0313 	EXP 	right: autoDraw = True
48.0313 	EXP 	up: autoDraw = True
48.0313 	EXP 	down: autoDraw = True
48.0481 	EXP 	center: autoDraw = True
48.0481 	EXP 	left: autoDraw = True
48.0481 	EXP 	right: autoDraw = True
48.0481 	EXP 	up: autoDraw = True
48.0481 	EXP 	down: autoDraw = True
48.0644 	EXP 	center: autoDraw = True
48.0644 	EXP 	left: autoDraw = True
48.0644 	EXP 	right: autoDraw = True
48.0644 	EXP 	up: autoDraw = True
48.0644 	EXP 	down: autoDraw = True
48.0812 	EXP 	center: autoDraw = True
48.0812 	EXP 	left: autoDraw = True
48.0812 	EXP 	right: autoDraw = True
48.0812 	EXP 	up: autoDraw = True
48.0812 	EXP 	down: autoDraw = True
48.0971 	EXP 	center: autoDraw = True
48.0971 	EXP 	left: autoDraw = True
48.0971 	EXP 	right: autoDraw = True
48.0971 	EXP 	up: autoDraw = True
48.0971 	EXP 	down: autoDraw = True
48.1145 	EXP 	center: autoDraw = True
48.1145 	EXP 	left: autoDraw = True
48.1145 	EXP 	right: autoDraw = True
48.1145 	EXP 	up: autoDraw = True
48.1145 	EXP 	down: autoDraw = True
48.1312 	EXP 	center: autoDraw = True
48.1312 	EXP 	left: autoDraw = True
48.1312 	EXP 	right: autoDraw = True
48.1312 	EXP 	up: autoDraw = True
48.1312 	EXP 	down: autoDraw = True
48.1479 	EXP 	center: autoDraw = True
48.1479 	EXP 	left: autoDraw = True
48.1479 	EXP 	right: autoDraw = True
48.1479 	EXP 	up: autoDraw = True
48.1479 	EXP 	down: autoDraw = True
48.1647 	EXP 	center: autoDraw = True
48.1647 	EXP 	left: autoDraw = True
48.1647 	EXP 	right: autoDraw = True
48.1647 	EXP 	up: autoDraw = True
48.1647 	EXP 	down: autoDraw = True
48.1811 	EXP 	center: autoDraw = True
48.1811 	EXP 	left: autoDraw = True
48.1811 	EXP 	right: autoDraw = True
48.1811 	EXP 	up: autoDraw = True
48.1811 	EXP 	down: autoDraw = True
48.1980 	EXP 	center: autoDraw = True
48.1980 	EXP 	left: autoDraw = True
48.1980 	EXP 	right: autoDraw = True
48.1980 	EXP 	up: autoDraw = True
48.1980 	EXP 	down: autoDraw = True
48.2148 	EXP 	center: autoDraw = True
48.2148 	EXP 	left: autoDraw = True
48.2148 	EXP 	right: autoDraw = True
48.2148 	EXP 	up: autoDraw = True
48.2148 	EXP 	down: autoDraw = True
48.2311 	EXP 	center: autoDraw = True
48.2311 	EXP 	left: autoDraw = True
48.2311 	EXP 	right: autoDraw = True
48.2311 	EXP 	up: autoDraw = True
48.2311 	EXP 	down: autoDraw = True
48.2479 	EXP 	center: autoDraw = True
48.2479 	EXP 	left: autoDraw = True
48.2479 	EXP 	right: autoDraw = True
48.2479 	EXP 	up: autoDraw = True
48.2479 	EXP 	down: autoDraw = True
48.2648 	EXP 	center: autoDraw = True
48.2648 	EXP 	left: autoDraw = True
48.2648 	EXP 	right: autoDraw = True
48.2648 	EXP 	up: autoDraw = True
48.2648 	EXP 	down: autoDraw = True
48.2811 	EXP 	center: autoDraw = True
48.2811 	EXP 	left: autoDraw = True
48.2811 	EXP 	right: autoDraw = True
48.2811 	EXP 	up: autoDraw = True
48.2811 	EXP 	down: autoDraw = True
48.2971 	EXP 	center: autoDraw = True
48.2971 	EXP 	left: autoDraw = True
48.2971 	EXP 	right: autoDraw = True
48.2971 	EXP 	up: autoDraw = True
48.2971 	EXP 	down: autoDraw = True
48.3144 	EXP 	center: autoDraw = True
48.3144 	EXP 	left: autoDraw = True
48.3144 	EXP 	right: autoDraw = True
48.3144 	EXP 	up: autoDraw = True
48.3144 	EXP 	down: autoDraw = True
48.3312 	EXP 	center: autoDraw = True
48.3312 	EXP 	left: autoDraw = True
48.3312 	EXP 	right: autoDraw = True
48.3312 	EXP 	up: autoDraw = True
48.3312 	EXP 	down: autoDraw = True
48.3480 	EXP 	center: autoDraw = True
48.3480 	EXP 	left: autoDraw = True
48.3480 	EXP 	right: autoDraw = True
48.3480 	EXP 	up: autoDraw = True
48.3480 	EXP 	down: autoDraw = True
48.3644 	EXP 	center: autoDraw = True
48.3644 	EXP 	left: autoDraw = True
48.3644 	EXP 	right: autoDraw = True
48.3644 	EXP 	up: autoDraw = True
48.3644 	EXP 	down: autoDraw = True
48.3812 	EXP 	center: autoDraw = True
48.3812 	EXP 	left: autoDraw = True
48.3812 	EXP 	right: autoDraw = True
48.3812 	EXP 	up: autoDraw = True
48.3812 	EXP 	down: autoDraw = True
48.3980 	EXP 	center: autoDraw = True
48.3980 	EXP 	left: autoDraw = True
48.3980 	EXP 	right: autoDraw = True
48.3980 	EXP 	up: autoDraw = True
48.3980 	EXP 	down: autoDraw = True
48.4144 	EXP 	center: autoDraw = True
48.4144 	EXP 	left: autoDraw = True
48.4144 	EXP 	right: autoDraw = True
48.4144 	EXP 	up: autoDraw = True
48.4144 	EXP 	down: autoDraw = True
48.4312 	EXP 	center: autoDraw = True
48.4312 	EXP 	left: autoDraw = True
48.4312 	EXP 	right: autoDraw = True
48.4312 	EXP 	up: autoDraw = True
48.4312 	EXP 	down: autoDraw = True
48.4479 	EXP 	center: autoDraw = True
48.4479 	EXP 	left: autoDraw = True
48.4479 	EXP 	right: autoDraw = True
48.4479 	EXP 	up: autoDraw = True
48.4479 	EXP 	down: autoDraw = True
48.4647 	EXP 	center: autoDraw = True
48.4647 	EXP 	left: autoDraw = True
48.4647 	EXP 	right: autoDraw = True
48.4647 	EXP 	up: autoDraw = True
48.4647 	EXP 	down: autoDraw = True
48.4811 	EXP 	center: autoDraw = True
48.4811 	EXP 	left: autoDraw = True
48.4811 	EXP 	right: autoDraw = True
48.4811 	EXP 	up: autoDraw = True
48.4811 	EXP 	down: autoDraw = True
48.4978 	EXP 	center: autoDraw = True
48.4978 	EXP 	left: autoDraw = True
48.4978 	EXP 	right: autoDraw = True
48.4978 	EXP 	up: autoDraw = True
48.4978 	EXP 	down: autoDraw = True
48.5146 	EXP 	center: autoDraw = True
48.5146 	EXP 	left: autoDraw = True
48.5146 	EXP 	right: autoDraw = True
48.5146 	EXP 	up: autoDraw = True
48.5146 	EXP 	down: autoDraw = True
48.5313 	EXP 	center: autoDraw = True
48.5313 	EXP 	left: autoDraw = True
48.5313 	EXP 	right: autoDraw = True
48.5313 	EXP 	up: autoDraw = True
48.5313 	EXP 	down: autoDraw = True
48.5477 	EXP 	center: autoDraw = True
48.5477 	EXP 	left: autoDraw = True
48.5477 	EXP 	right: autoDraw = True
48.5477 	EXP 	up: autoDraw = True
48.5477 	EXP 	down: autoDraw = True
48.5644 	EXP 	center: autoDraw = True
48.5644 	EXP 	left: autoDraw = True
48.5644 	EXP 	right: autoDraw = True
48.5644 	EXP 	up: autoDraw = True
48.5644 	EXP 	down: autoDraw = True
48.5812 	EXP 	center: autoDraw = True
48.5812 	EXP 	left: autoDraw = True
48.5812 	EXP 	right: autoDraw = True
48.5812 	EXP 	up: autoDraw = True
48.5812 	EXP 	down: autoDraw = True
48.5971 	EXP 	center: autoDraw = True
48.5971 	EXP 	left: autoDraw = True
48.5971 	EXP 	right: autoDraw = True
48.5971 	EXP 	up: autoDraw = True
48.5971 	EXP 	down: autoDraw = True
48.6146 	EXP 	center: autoDraw = True
48.6146 	EXP 	left: autoDraw = True
48.6146 	EXP 	right: autoDraw = True
48.6146 	EXP 	up: autoDraw = True
48.6146 	EXP 	down: autoDraw = True
48.6314 	EXP 	center: autoDraw = True
48.6314 	EXP 	left: autoDraw = True
48.6314 	EXP 	right: autoDraw = True
48.6314 	EXP 	up: autoDraw = True
48.6314 	EXP 	down: autoDraw = True
48.6477 	EXP 	center: autoDraw = True
48.6477 	EXP 	left: autoDraw = True
48.6477 	EXP 	right: autoDraw = True
48.6477 	EXP 	up: autoDraw = True
48.6477 	EXP 	down: autoDraw = True
48.6644 	EXP 	center: autoDraw = True
48.6644 	EXP 	left: autoDraw = True
48.6644 	EXP 	right: autoDraw = True
48.6644 	EXP 	up: autoDraw = True
48.6644 	EXP 	down: autoDraw = True
48.6811 	EXP 	center: autoDraw = True
48.6811 	EXP 	left: autoDraw = True
48.6811 	EXP 	right: autoDraw = True
48.6811 	EXP 	up: autoDraw = True
48.6811 	EXP 	down: autoDraw = True
48.6980 	EXP 	center: autoDraw = True
48.6980 	EXP 	left: autoDraw = True
48.6980 	EXP 	right: autoDraw = True
48.6980 	EXP 	up: autoDraw = True
48.6980 	EXP 	down: autoDraw = True
48.7144 	EXP 	center: autoDraw = True
48.7144 	EXP 	left: autoDraw = True
48.7144 	EXP 	right: autoDraw = True
48.7144 	EXP 	up: autoDraw = True
48.7144 	EXP 	down: autoDraw = True
48.7311 	EXP 	center: autoDraw = True
48.7311 	EXP 	left: autoDraw = True
48.7311 	EXP 	right: autoDraw = True
48.7311 	EXP 	up: autoDraw = True
48.7311 	EXP 	down: autoDraw = True
48.7473 	EXP 	center: autoDraw = True
48.7473 	EXP 	left: autoDraw = True
48.7473 	EXP 	right: autoDraw = True
48.7473 	EXP 	up: autoDraw = True
48.7473 	EXP 	down: autoDraw = True
48.7645 	EXP 	center: autoDraw = True
48.7645 	EXP 	left: autoDraw = True
48.7645 	EXP 	right: autoDraw = True
48.7645 	EXP 	up: autoDraw = True
48.7645 	EXP 	down: autoDraw = True
48.7812 	EXP 	center: autoDraw = True
48.7812 	EXP 	left: autoDraw = True
48.7812 	EXP 	right: autoDraw = True
48.7812 	EXP 	up: autoDraw = True
48.7812 	EXP 	down: autoDraw = True
48.7970 	EXP 	center: autoDraw = True
48.7970 	EXP 	left: autoDraw = True
48.7970 	EXP 	right: autoDraw = True
48.7970 	EXP 	up: autoDraw = True
48.7970 	EXP 	down: autoDraw = True
48.8145 	EXP 	center: autoDraw = True
48.8145 	EXP 	left: autoDraw = True
48.8145 	EXP 	right: autoDraw = True
48.8145 	EXP 	up: autoDraw = True
48.8145 	EXP 	down: autoDraw = True
48.8313 	EXP 	center: autoDraw = True
48.8313 	EXP 	left: autoDraw = True
48.8313 	EXP 	right: autoDraw = True
48.8313 	EXP 	up: autoDraw = True
48.8313 	EXP 	down: autoDraw = True
48.8474 	EXP 	center: autoDraw = True
48.8474 	EXP 	left: autoDraw = True
48.8474 	EXP 	right: autoDraw = True
48.8474 	EXP 	up: autoDraw = True
48.8474 	EXP 	down: autoDraw = True
48.8644 	EXP 	center: autoDraw = True
48.8644 	EXP 	left: autoDraw = True
48.8644 	EXP 	right: autoDraw = True
48.8644 	EXP 	up: autoDraw = True
48.8644 	EXP 	down: autoDraw = True
48.8810 	EXP 	center: autoDraw = True
48.8810 	EXP 	left: autoDraw = True
48.8810 	EXP 	right: autoDraw = True
48.8810 	EXP 	up: autoDraw = True
48.8810 	EXP 	down: autoDraw = True
48.8969 	EXP 	center: autoDraw = True
48.8969 	EXP 	left: autoDraw = True
48.8969 	EXP 	right: autoDraw = True
48.8969 	EXP 	up: autoDraw = True
48.8969 	EXP 	down: autoDraw = True
48.9147 	EXP 	center: autoDraw = True
48.9147 	EXP 	left: autoDraw = True
48.9147 	EXP 	right: autoDraw = True
48.9147 	EXP 	up: autoDraw = True
48.9147 	EXP 	down: autoDraw = True
48.9312 	EXP 	center: autoDraw = True
48.9312 	EXP 	left: autoDraw = True
48.9312 	EXP 	right: autoDraw = True
48.9312 	EXP 	up: autoDraw = True
48.9312 	EXP 	down: autoDraw = True
48.9479 	EXP 	center: autoDraw = True
48.9479 	EXP 	left: autoDraw = True
48.9479 	EXP 	right: autoDraw = True
48.9479 	EXP 	up: autoDraw = True
48.9479 	EXP 	down: autoDraw = True
48.9644 	EXP 	center: autoDraw = True
48.9644 	EXP 	left: autoDraw = True
48.9644 	EXP 	right: autoDraw = True
48.9644 	EXP 	up: autoDraw = True
48.9644 	EXP 	down: autoDraw = True
48.9813 	EXP 	center: autoDraw = True
48.9813 	EXP 	left: autoDraw = True
48.9813 	EXP 	right: autoDraw = True
48.9813 	EXP 	up: autoDraw = True
48.9813 	EXP 	down: autoDraw = True
48.9971 	EXP 	center: autoDraw = True
48.9971 	EXP 	left: autoDraw = True
48.9971 	EXP 	right: autoDraw = True
48.9971 	EXP 	up: autoDraw = True
48.9971 	EXP 	down: autoDraw = True
49.0144 	EXP 	center: autoDraw = True
49.0144 	EXP 	left: autoDraw = True
49.0144 	EXP 	right: autoDraw = True
49.0144 	EXP 	up: autoDraw = True
49.0144 	EXP 	down: autoDraw = True
49.0311 	EXP 	center: autoDraw = True
49.0311 	EXP 	left: autoDraw = True
49.0311 	EXP 	right: autoDraw = True
49.0311 	EXP 	up: autoDraw = True
49.0311 	EXP 	down: autoDraw = True
49.0479 	EXP 	center: autoDraw = True
49.0479 	EXP 	left: autoDraw = True
49.0479 	EXP 	right: autoDraw = True
49.0479 	EXP 	up: autoDraw = True
49.0479 	EXP 	down: autoDraw = True
49.0645 	EXP 	center: autoDraw = True
49.0645 	EXP 	left: autoDraw = True
49.0645 	EXP 	right: autoDraw = True
49.0645 	EXP 	up: autoDraw = True
49.0645 	EXP 	down: autoDraw = True
49.0812 	EXP 	center: autoDraw = True
49.0812 	EXP 	left: autoDraw = True
49.0812 	EXP 	right: autoDraw = True
49.0812 	EXP 	up: autoDraw = True
49.0812 	EXP 	down: autoDraw = True
49.0980 	EXP 	center: autoDraw = True
49.0980 	EXP 	left: autoDraw = True
49.0980 	EXP 	right: autoDraw = True
49.0980 	EXP 	up: autoDraw = True
49.0980 	EXP 	down: autoDraw = True
49.1144 	EXP 	center: autoDraw = True
49.1144 	EXP 	left: autoDraw = True
49.1144 	EXP 	right: autoDraw = True
49.1144 	EXP 	up: autoDraw = True
49.1144 	EXP 	down: autoDraw = True
49.1313 	EXP 	center: autoDraw = True
49.1313 	EXP 	left: autoDraw = True
49.1313 	EXP 	right: autoDraw = True
49.1313 	EXP 	up: autoDraw = True
49.1313 	EXP 	down: autoDraw = True
49.1478 	EXP 	center: autoDraw = True
49.1478 	EXP 	left: autoDraw = True
49.1478 	EXP 	right: autoDraw = True
49.1478 	EXP 	up: autoDraw = True
49.1478 	EXP 	down: autoDraw = True
49.1645 	EXP 	center: autoDraw = True
49.1645 	EXP 	left: autoDraw = True
49.1645 	EXP 	right: autoDraw = True
49.1645 	EXP 	up: autoDraw = True
49.1645 	EXP 	down: autoDraw = True
49.1812 	EXP 	center: autoDraw = True
49.1812 	EXP 	left: autoDraw = True
49.1812 	EXP 	right: autoDraw = True
49.1812 	EXP 	up: autoDraw = True
49.1812 	EXP 	down: autoDraw = True
49.1981 	EXP 	center: autoDraw = True
49.1981 	EXP 	left: autoDraw = True
49.1981 	EXP 	right: autoDraw = True
49.1981 	EXP 	up: autoDraw = True
49.1981 	EXP 	down: autoDraw = True
49.2143 	EXP 	center: autoDraw = True
49.2143 	EXP 	left: autoDraw = True
49.2143 	EXP 	right: autoDraw = True
49.2143 	EXP 	up: autoDraw = True
49.2143 	EXP 	down: autoDraw = True
49.2311 	EXP 	center: autoDraw = True
49.2311 	EXP 	left: autoDraw = True
49.2311 	EXP 	right: autoDraw = True
49.2311 	EXP 	up: autoDraw = True
49.2311 	EXP 	down: autoDraw = True
49.2479 	EXP 	center: autoDraw = True
49.2479 	EXP 	left: autoDraw = True
49.2479 	EXP 	right: autoDraw = True
49.2479 	EXP 	up: autoDraw = True
49.2479 	EXP 	down: autoDraw = True
49.2640 	EXP 	center: autoDraw = True
49.2640 	EXP 	left: autoDraw = True
49.2640 	EXP 	right: autoDraw = True
49.2640 	EXP 	up: autoDraw = True
49.2640 	EXP 	down: autoDraw = True
49.2810 	EXP 	center: autoDraw = True
49.2810 	EXP 	left: autoDraw = True
49.2810 	EXP 	right: autoDraw = True
49.2810 	EXP 	up: autoDraw = True
49.2810 	EXP 	down: autoDraw = True
49.2980 	EXP 	center: autoDraw = True
49.2980 	EXP 	left: autoDraw = True
49.2980 	EXP 	right: autoDraw = True
49.2980 	EXP 	up: autoDraw = True
49.2980 	EXP 	down: autoDraw = True
49.3144 	EXP 	center: autoDraw = True
49.3144 	EXP 	left: autoDraw = True
49.3144 	EXP 	right: autoDraw = True
49.3144 	EXP 	up: autoDraw = True
49.3144 	EXP 	down: autoDraw = True
49.3312 	EXP 	center: autoDraw = True
49.3312 	EXP 	left: autoDraw = True
49.3312 	EXP 	right: autoDraw = True
49.3312 	EXP 	up: autoDraw = True
49.3312 	EXP 	down: autoDraw = True
49.3477 	EXP 	center: autoDraw = True
49.3477 	EXP 	left: autoDraw = True
49.3477 	EXP 	right: autoDraw = True
49.3477 	EXP 	up: autoDraw = True
49.3477 	EXP 	down: autoDraw = True
49.3644 	EXP 	center: autoDraw = True
49.3644 	EXP 	left: autoDraw = True
49.3644 	EXP 	right: autoDraw = True
49.3644 	EXP 	up: autoDraw = True
49.3644 	EXP 	down: autoDraw = True
49.3812 	EXP 	center: autoDraw = True
49.3812 	EXP 	left: autoDraw = True
49.3812 	EXP 	right: autoDraw = True
49.3812 	EXP 	up: autoDraw = True
49.3812 	EXP 	down: autoDraw = True
49.3971 	EXP 	center: autoDraw = True
49.3971 	EXP 	left: autoDraw = True
49.3971 	EXP 	right: autoDraw = True
49.3971 	EXP 	up: autoDraw = True
49.3971 	EXP 	down: autoDraw = True
49.4143 	EXP 	center: autoDraw = True
49.4143 	EXP 	left: autoDraw = True
49.4143 	EXP 	right: autoDraw = True
49.4143 	EXP 	up: autoDraw = True
49.4143 	EXP 	down: autoDraw = True
49.4312 	EXP 	center: autoDraw = True
49.4312 	EXP 	left: autoDraw = True
49.4312 	EXP 	right: autoDraw = True
49.4312 	EXP 	up: autoDraw = True
49.4312 	EXP 	down: autoDraw = True
49.4480 	EXP 	center: autoDraw = True
49.4480 	EXP 	left: autoDraw = True
49.4480 	EXP 	right: autoDraw = True
49.4480 	EXP 	up: autoDraw = True
49.4480 	EXP 	down: autoDraw = True
49.4644 	EXP 	center: autoDraw = True
49.4644 	EXP 	left: autoDraw = True
49.4644 	EXP 	right: autoDraw = True
49.4644 	EXP 	up: autoDraw = True
49.4644 	EXP 	down: autoDraw = True
49.4812 	EXP 	center: autoDraw = True
49.4812 	EXP 	left: autoDraw = True
49.4812 	EXP 	right: autoDraw = True
49.4812 	EXP 	up: autoDraw = True
49.4812 	EXP 	down: autoDraw = True
49.4980 	EXP 	center: autoDraw = True
49.4980 	EXP 	left: autoDraw = True
49.4980 	EXP 	right: autoDraw = True
49.4980 	EXP 	up: autoDraw = True
49.4980 	EXP 	down: autoDraw = True
49.5144 	EXP 	center: autoDraw = True
49.5144 	EXP 	left: autoDraw = True
49.5144 	EXP 	right: autoDraw = True
49.5144 	EXP 	up: autoDraw = True
49.5144 	EXP 	down: autoDraw = True
49.5311 	EXP 	center: autoDraw = True
49.5311 	EXP 	left: autoDraw = True
49.5311 	EXP 	right: autoDraw = True
49.5311 	EXP 	up: autoDraw = True
49.5311 	EXP 	down: autoDraw = True
49.5478 	EXP 	center: autoDraw = True
49.5478 	EXP 	left: autoDraw = True
49.5478 	EXP 	right: autoDraw = True
49.5478 	EXP 	up: autoDraw = True
49.5478 	EXP 	down: autoDraw = True
49.5644 	EXP 	center: autoDraw = True
49.5644 	EXP 	left: autoDraw = True
49.5644 	EXP 	right: autoDraw = True
49.5644 	EXP 	up: autoDraw = True
49.5644 	EXP 	down: autoDraw = True
49.5644 	EXP 	center: autoDraw = False
49.5644 	EXP 	left: autoDraw = False
49.5644 	EXP 	right: autoDraw = False
49.5644 	EXP 	up: autoDraw = False
49.5644 	EXP 	down: autoDraw = False
49.5811 	EXP 	center: autoDraw = True
49.5811 	EXP 	left: autoDraw = True
49.5811 	EXP 	right: autoDraw = True
49.5811 	EXP 	up: autoDraw = True
49.5811 	EXP 	down: autoDraw = True
49.5811 	EXP 	center: autoDraw = False
49.5811 	EXP 	left: autoDraw = False
49.5811 	EXP 	right: autoDraw = False
49.5811 	EXP 	up: autoDraw = False
49.5811 	EXP 	down: autoDraw = False
49.5979 	EXP 	center: autoDraw = True
49.5979 	EXP 	left: autoDraw = True
49.5979 	EXP 	right: autoDraw = True
49.5979 	EXP 	up: autoDraw = True
49.5979 	EXP 	down: autoDraw = True
49.5979 	EXP 	center: autoDraw = False
49.5979 	EXP 	left: autoDraw = False
49.5979 	EXP 	right: autoDraw = False
49.5979 	EXP 	up: autoDraw = False
49.5979 	EXP 	down: autoDraw = False
49.6144 	EXP 	center: autoDraw = True
49.6144 	EXP 	left: autoDraw = True
49.6144 	EXP 	right: autoDraw = True
49.6144 	EXP 	up: autoDraw = True
49.6144 	EXP 	down: autoDraw = True
49.6144 	EXP 	center: autoDraw = False
49.6144 	EXP 	left: autoDraw = False
49.6144 	EXP 	right: autoDraw = False
49.6144 	EXP 	up: autoDraw = False
49.6144 	EXP 	down: autoDraw = False
49.6311 	EXP 	center: autoDraw = True
49.6311 	EXP 	left: autoDraw = True
49.6311 	EXP 	right: autoDraw = True
49.6311 	EXP 	up: autoDraw = True
49.6311 	EXP 	down: autoDraw = True
49.6311 	EXP 	center: autoDraw = False
49.6311 	EXP 	left: autoDraw = False
49.6311 	EXP 	right: autoDraw = False
49.6311 	EXP 	up: autoDraw = False
49.6311 	EXP 	down: autoDraw = False
49.6472 	EXP 	center: autoDraw = True
49.6472 	EXP 	left: autoDraw = True
49.6472 	EXP 	right: autoDraw = True
49.6472 	EXP 	up: autoDraw = True
49.6472 	EXP 	down: autoDraw = True
49.6472 	EXP 	center: autoDraw = False
49.6472 	EXP 	left: autoDraw = False
49.6472 	EXP 	right: autoDraw = False
49.6472 	EXP 	up: autoDraw = False
49.6472 	EXP 	down: autoDraw = False
49.6642 	EXP 	center: autoDraw = True
49.6642 	EXP 	left: autoDraw = True
49.6642 	EXP 	right: autoDraw = True
49.6642 	EXP 	up: autoDraw = True
49.6642 	EXP 	down: autoDraw = True
49.6642 	EXP 	center: autoDraw = False
49.6642 	EXP 	left: autoDraw = False
49.6642 	EXP 	right: autoDraw = False
49.6642 	EXP 	up: autoDraw = False
49.6642 	EXP 	down: autoDraw = False
49.6809 	EXP 	center: autoDraw = True
49.6809 	EXP 	left: autoDraw = True
49.6809 	EXP 	right: autoDraw = True
49.6809 	EXP 	up: autoDraw = True
49.6809 	EXP 	down: autoDraw = True
49.6809 	EXP 	center: autoDraw = False
49.6809 	EXP 	left: autoDraw = False
49.6809 	EXP 	right: autoDraw = False
49.6809 	EXP 	up: autoDraw = False
49.6809 	EXP 	down: autoDraw = False
49.6978 	EXP 	center: autoDraw = True
49.6978 	EXP 	left: autoDraw = True
49.6978 	EXP 	right: autoDraw = True
49.6978 	EXP 	up: autoDraw = True
49.6978 	EXP 	down: autoDraw = True
49.6978 	EXP 	center: autoDraw = False
49.6978 	EXP 	left: autoDraw = False
49.6978 	EXP 	right: autoDraw = False
49.6978 	EXP 	up: autoDraw = False
49.6978 	EXP 	down: autoDraw = False
49.7021 	DATA 	oc_E | frame count: 850
49.7030 	EXP 	Set  sound=./sound/blink_speak.wav
49.7066 	DATA 	bliS | frame count: -1
49.7139 	EXP 	center: autoDraw = True
49.7139 	EXP 	left: autoDraw = True
49.7139 	EXP 	right: autoDraw = True
49.7139 	EXP 	up: autoDraw = True
49.7139 	EXP 	down: autoDraw = True
49.7139 	EXP 	center: autoDraw = False
49.7139 	EXP 	left: autoDraw = False
49.7139 	EXP 	right: autoDraw = False
49.7139 	EXP 	up: autoDraw = False
49.7139 	EXP 	down: autoDraw = False
49.7311 	EXP 	center: autoDraw = True
49.7311 	EXP 	left: autoDraw = True
49.7311 	EXP 	right: autoDraw = True
49.7311 	EXP 	up: autoDraw = True
49.7311 	EXP 	down: autoDraw = True
49.7478 	EXP 	center: autoDraw = True
49.7478 	EXP 	left: autoDraw = True
49.7478 	EXP 	right: autoDraw = True
49.7478 	EXP 	up: autoDraw = True
49.7478 	EXP 	down: autoDraw = True
49.7645 	EXP 	center: autoDraw = True
49.7645 	EXP 	left: autoDraw = True
49.7645 	EXP 	right: autoDraw = True
49.7645 	EXP 	up: autoDraw = True
49.7645 	EXP 	down: autoDraw = True
49.7812 	EXP 	center: autoDraw = True
49.7812 	EXP 	left: autoDraw = True
49.7812 	EXP 	right: autoDraw = True
49.7812 	EXP 	up: autoDraw = True
49.7812 	EXP 	down: autoDraw = True
49.7980 	EXP 	center: autoDraw = True
49.7980 	EXP 	left: autoDraw = True
49.7980 	EXP 	right: autoDraw = True
49.7980 	EXP 	up: autoDraw = True
49.7980 	EXP 	down: autoDraw = True
49.8143 	EXP 	center: autoDraw = True
49.8143 	EXP 	left: autoDraw = True
49.8143 	EXP 	right: autoDraw = True
49.8143 	EXP 	up: autoDraw = True
49.8143 	EXP 	down: autoDraw = True
49.8311 	EXP 	center: autoDraw = True
49.8311 	EXP 	left: autoDraw = True
49.8311 	EXP 	right: autoDraw = True
49.8311 	EXP 	up: autoDraw = True
49.8311 	EXP 	down: autoDraw = True
49.8479 	EXP 	center: autoDraw = True
49.8479 	EXP 	left: autoDraw = True
49.8479 	EXP 	right: autoDraw = True
49.8479 	EXP 	up: autoDraw = True
49.8479 	EXP 	down: autoDraw = True
49.8645 	EXP 	center: autoDraw = True
49.8645 	EXP 	left: autoDraw = True
49.8645 	EXP 	right: autoDraw = True
49.8645 	EXP 	up: autoDraw = True
49.8645 	EXP 	down: autoDraw = True
49.8807 	EXP 	center: autoDraw = True
49.8807 	EXP 	left: autoDraw = True
49.8807 	EXP 	right: autoDraw = True
49.8807 	EXP 	up: autoDraw = True
49.8807 	EXP 	down: autoDraw = True
49.8971 	EXP 	center: autoDraw = True
49.8971 	EXP 	left: autoDraw = True
49.8971 	EXP 	right: autoDraw = True
49.8971 	EXP 	up: autoDraw = True
49.8971 	EXP 	down: autoDraw = True
49.9141 	EXP 	center: autoDraw = True
49.9141 	EXP 	left: autoDraw = True
49.9141 	EXP 	right: autoDraw = True
49.9141 	EXP 	up: autoDraw = True
49.9141 	EXP 	down: autoDraw = True
49.9311 	EXP 	center: autoDraw = True
49.9311 	EXP 	left: autoDraw = True
49.9311 	EXP 	right: autoDraw = True
49.9311 	EXP 	up: autoDraw = True
49.9311 	EXP 	down: autoDraw = True
49.9478 	EXP 	center: autoDraw = True
49.9478 	EXP 	left: autoDraw = True
49.9478 	EXP 	right: autoDraw = True
49.9478 	EXP 	up: autoDraw = True
49.9478 	EXP 	down: autoDraw = True
49.9647 	EXP 	center: autoDraw = True
49.9647 	EXP 	left: autoDraw = True
49.9647 	EXP 	right: autoDraw = True
49.9647 	EXP 	up: autoDraw = True
49.9647 	EXP 	down: autoDraw = True
49.9809 	EXP 	center: autoDraw = True
49.9809 	EXP 	left: autoDraw = True
49.9809 	EXP 	right: autoDraw = True
49.9809 	EXP 	up: autoDraw = True
49.9809 	EXP 	down: autoDraw = True
49.9969 	EXP 	center: autoDraw = True
49.9969 	EXP 	left: autoDraw = True
49.9969 	EXP 	right: autoDraw = True
49.9969 	EXP 	up: autoDraw = True
49.9969 	EXP 	down: autoDraw = True
50.0143 	EXP 	center: autoDraw = True
50.0143 	EXP 	left: autoDraw = True
50.0143 	EXP 	right: autoDraw = True
50.0143 	EXP 	up: autoDraw = True
50.0143 	EXP 	down: autoDraw = True
50.0304 	EXP 	center: autoDraw = True
50.0304 	EXP 	left: autoDraw = True
50.0304 	EXP 	right: autoDraw = True
50.0304 	EXP 	up: autoDraw = True
50.0304 	EXP 	down: autoDraw = True
50.0476 	EXP 	center: autoDraw = True
50.0476 	EXP 	left: autoDraw = True
50.0476 	EXP 	right: autoDraw = True
50.0476 	EXP 	up: autoDraw = True
50.0476 	EXP 	down: autoDraw = True
50.0645 	EXP 	center: autoDraw = True
50.0645 	EXP 	left: autoDraw = True
50.0645 	EXP 	right: autoDraw = True
50.0645 	EXP 	up: autoDraw = True
50.0645 	EXP 	down: autoDraw = True
50.0813 	EXP 	center: autoDraw = True
50.0813 	EXP 	left: autoDraw = True
50.0813 	EXP 	right: autoDraw = True
50.0813 	EXP 	up: autoDraw = True
50.0813 	EXP 	down: autoDraw = True
50.0977 	EXP 	center: autoDraw = True
50.0977 	EXP 	left: autoDraw = True
50.0977 	EXP 	right: autoDraw = True
50.0977 	EXP 	up: autoDraw = True
50.0977 	EXP 	down: autoDraw = True
50.1144 	EXP 	center: autoDraw = True
50.1144 	EXP 	left: autoDraw = True
50.1144 	EXP 	right: autoDraw = True
50.1144 	EXP 	up: autoDraw = True
50.1144 	EXP 	down: autoDraw = True
50.1311 	EXP 	center: autoDraw = True
50.1311 	EXP 	left: autoDraw = True
50.1311 	EXP 	right: autoDraw = True
50.1311 	EXP 	up: autoDraw = True
50.1311 	EXP 	down: autoDraw = True
50.1478 	EXP 	center: autoDraw = True
50.1478 	EXP 	left: autoDraw = True
50.1478 	EXP 	right: autoDraw = True
50.1478 	EXP 	up: autoDraw = True
50.1478 	EXP 	down: autoDraw = True
50.1646 	EXP 	center: autoDraw = True
50.1646 	EXP 	left: autoDraw = True
50.1646 	EXP 	right: autoDraw = True
50.1646 	EXP 	up: autoDraw = True
50.1646 	EXP 	down: autoDraw = True
50.1810 	EXP 	center: autoDraw = True
50.1810 	EXP 	left: autoDraw = True
50.1810 	EXP 	right: autoDraw = True
50.1810 	EXP 	up: autoDraw = True
50.1810 	EXP 	down: autoDraw = True
50.1968 	EXP 	center: autoDraw = True
50.1968 	EXP 	left: autoDraw = True
50.1968 	EXP 	right: autoDraw = True
50.1968 	EXP 	up: autoDraw = True
50.1968 	EXP 	down: autoDraw = True
50.2146 	EXP 	center: autoDraw = True
50.2146 	EXP 	left: autoDraw = True
50.2146 	EXP 	right: autoDraw = True
50.2146 	EXP 	up: autoDraw = True
50.2146 	EXP 	down: autoDraw = True
50.2310 	EXP 	center: autoDraw = True
50.2310 	EXP 	left: autoDraw = True
50.2310 	EXP 	right: autoDraw = True
50.2310 	EXP 	up: autoDraw = True
50.2310 	EXP 	down: autoDraw = True
50.2477 	EXP 	center: autoDraw = True
50.2477 	EXP 	left: autoDraw = True
50.2477 	EXP 	right: autoDraw = True
50.2477 	EXP 	up: autoDraw = True
50.2477 	EXP 	down: autoDraw = True
50.2640 	EXP 	center: autoDraw = True
50.2640 	EXP 	left: autoDraw = True
50.2640 	EXP 	right: autoDraw = True
50.2640 	EXP 	up: autoDraw = True
50.2640 	EXP 	down: autoDraw = True
50.2810 	EXP 	center: autoDraw = True
50.2810 	EXP 	left: autoDraw = True
50.2810 	EXP 	right: autoDraw = True
50.2810 	EXP 	up: autoDraw = True
50.2810 	EXP 	down: autoDraw = True
50.2974 	EXP 	center: autoDraw = True
50.2974 	EXP 	left: autoDraw = True
50.2974 	EXP 	right: autoDraw = True
50.2974 	EXP 	up: autoDraw = True
50.2974 	EXP 	down: autoDraw = True
50.3144 	EXP 	center: autoDraw = True
50.3144 	EXP 	left: autoDraw = True
50.3144 	EXP 	right: autoDraw = True
50.3144 	EXP 	up: autoDraw = True
50.3144 	EXP 	down: autoDraw = True
50.3312 	EXP 	center: autoDraw = True
50.3312 	EXP 	left: autoDraw = True
50.3312 	EXP 	right: autoDraw = True
50.3312 	EXP 	up: autoDraw = True
50.3312 	EXP 	down: autoDraw = True
50.3476 	EXP 	center: autoDraw = True
50.3476 	EXP 	left: autoDraw = True
50.3476 	EXP 	right: autoDraw = True
50.3476 	EXP 	up: autoDraw = True
50.3476 	EXP 	down: autoDraw = True
50.3644 	EXP 	center: autoDraw = True
50.3644 	EXP 	left: autoDraw = True
50.3644 	EXP 	right: autoDraw = True
50.3644 	EXP 	up: autoDraw = True
50.3644 	EXP 	down: autoDraw = True
50.3809 	EXP 	center: autoDraw = True
50.3809 	EXP 	left: autoDraw = True
50.3809 	EXP 	right: autoDraw = True
50.3809 	EXP 	up: autoDraw = True
50.3809 	EXP 	down: autoDraw = True
50.3978 	EXP 	center: autoDraw = True
50.3978 	EXP 	left: autoDraw = True
50.3978 	EXP 	right: autoDraw = True
50.3978 	EXP 	up: autoDraw = True
50.3978 	EXP 	down: autoDraw = True
50.4135 	EXP 	center: autoDraw = True
50.4135 	EXP 	left: autoDraw = True
50.4135 	EXP 	right: autoDraw = True
50.4135 	EXP 	up: autoDraw = True
50.4135 	EXP 	down: autoDraw = True
50.4309 	EXP 	center: autoDraw = True
50.4309 	EXP 	left: autoDraw = True
50.4309 	EXP 	right: autoDraw = True
50.4309 	EXP 	up: autoDraw = True
50.4309 	EXP 	down: autoDraw = True
50.4479 	EXP 	center: autoDraw = True
50.4479 	EXP 	left: autoDraw = True
50.4479 	EXP 	right: autoDraw = True
50.4479 	EXP 	up: autoDraw = True
50.4479 	EXP 	down: autoDraw = True
50.4643 	EXP 	center: autoDraw = True
50.4643 	EXP 	left: autoDraw = True
50.4643 	EXP 	right: autoDraw = True
50.4643 	EXP 	up: autoDraw = True
50.4643 	EXP 	down: autoDraw = True
50.4812 	EXP 	center: autoDraw = True
50.4812 	EXP 	left: autoDraw = True
50.4812 	EXP 	right: autoDraw = True
50.4812 	EXP 	up: autoDraw = True
50.4812 	EXP 	down: autoDraw = True
50.4972 	EXP 	center: autoDraw = True
50.4972 	EXP 	left: autoDraw = True
50.4972 	EXP 	right: autoDraw = True
50.4972 	EXP 	up: autoDraw = True
50.4972 	EXP 	down: autoDraw = True
50.5142 	EXP 	center: autoDraw = True
50.5142 	EXP 	left: autoDraw = True
50.5142 	EXP 	right: autoDraw = True
50.5142 	EXP 	up: autoDraw = True
50.5142 	EXP 	down: autoDraw = True
50.5311 	EXP 	center: autoDraw = True
50.5311 	EXP 	left: autoDraw = True
50.5311 	EXP 	right: autoDraw = True
50.5311 	EXP 	up: autoDraw = True
50.5311 	EXP 	down: autoDraw = True
50.5477 	EXP 	center: autoDraw = True
50.5477 	EXP 	left: autoDraw = True
50.5477 	EXP 	right: autoDraw = True
50.5477 	EXP 	up: autoDraw = True
50.5477 	EXP 	down: autoDraw = True
50.5643 	EXP 	center: autoDraw = True
50.5643 	EXP 	left: autoDraw = True
50.5643 	EXP 	right: autoDraw = True
50.5643 	EXP 	up: autoDraw = True
50.5643 	EXP 	down: autoDraw = True
50.5811 	EXP 	center: autoDraw = True
50.5811 	EXP 	left: autoDraw = True
50.5811 	EXP 	right: autoDraw = True
50.5811 	EXP 	up: autoDraw = True
50.5811 	EXP 	down: autoDraw = True
50.5969 	EXP 	center: autoDraw = True
50.5969 	EXP 	left: autoDraw = True
50.5969 	EXP 	right: autoDraw = True
50.5969 	EXP 	up: autoDraw = True
50.5969 	EXP 	down: autoDraw = True
50.6143 	EXP 	center: autoDraw = True
50.6143 	EXP 	left: autoDraw = True
50.6143 	EXP 	right: autoDraw = True
50.6143 	EXP 	up: autoDraw = True
50.6143 	EXP 	down: autoDraw = True
50.6311 	EXP 	center: autoDraw = True
50.6311 	EXP 	left: autoDraw = True
50.6311 	EXP 	right: autoDraw = True
50.6311 	EXP 	up: autoDraw = True
50.6311 	EXP 	down: autoDraw = True
50.6476 	EXP 	center: autoDraw = True
50.6476 	EXP 	left: autoDraw = True
50.6476 	EXP 	right: autoDraw = True
50.6476 	EXP 	up: autoDraw = True
50.6476 	EXP 	down: autoDraw = True
50.6643 	EXP 	center: autoDraw = True
50.6643 	EXP 	left: autoDraw = True
50.6643 	EXP 	right: autoDraw = True
50.6643 	EXP 	up: autoDraw = True
50.6643 	EXP 	down: autoDraw = True
50.6804 	EXP 	center: autoDraw = True
50.6804 	EXP 	left: autoDraw = True
50.6804 	EXP 	right: autoDraw = True
50.6804 	EXP 	up: autoDraw = True
50.6804 	EXP 	down: autoDraw = True
50.6976 	EXP 	center: autoDraw = True
50.6976 	EXP 	left: autoDraw = True
50.6976 	EXP 	right: autoDraw = True
50.6976 	EXP 	up: autoDraw = True
50.6976 	EXP 	down: autoDraw = True
50.7145 	EXP 	center: autoDraw = True
50.7145 	EXP 	left: autoDraw = True
50.7145 	EXP 	right: autoDraw = True
50.7145 	EXP 	up: autoDraw = True
50.7145 	EXP 	down: autoDraw = True
50.7309 	EXP 	center: autoDraw = True
50.7309 	EXP 	left: autoDraw = True
50.7309 	EXP 	right: autoDraw = True
50.7309 	EXP 	up: autoDraw = True
50.7309 	EXP 	down: autoDraw = True
50.7477 	EXP 	center: autoDraw = True
50.7477 	EXP 	left: autoDraw = True
50.7477 	EXP 	right: autoDraw = True
50.7477 	EXP 	up: autoDraw = True
50.7477 	EXP 	down: autoDraw = True
50.7645 	EXP 	center: autoDraw = True
50.7645 	EXP 	left: autoDraw = True
50.7645 	EXP 	right: autoDraw = True
50.7645 	EXP 	up: autoDraw = True
50.7645 	EXP 	down: autoDraw = True
50.7809 	EXP 	center: autoDraw = True
50.7809 	EXP 	left: autoDraw = True
50.7809 	EXP 	right: autoDraw = True
50.7809 	EXP 	up: autoDraw = True
50.7809 	EXP 	down: autoDraw = True
50.7978 	EXP 	center: autoDraw = True
50.7978 	EXP 	left: autoDraw = True
50.7978 	EXP 	right: autoDraw = True
50.7978 	EXP 	up: autoDraw = True
50.7978 	EXP 	down: autoDraw = True
50.8144 	EXP 	center: autoDraw = True
50.8144 	EXP 	left: autoDraw = True
50.8144 	EXP 	right: autoDraw = True
50.8144 	EXP 	up: autoDraw = True
50.8144 	EXP 	down: autoDraw = True
50.8312 	EXP 	center: autoDraw = True
50.8312 	EXP 	left: autoDraw = True
50.8312 	EXP 	right: autoDraw = True
50.8312 	EXP 	up: autoDraw = True
50.8312 	EXP 	down: autoDraw = True
50.8476 	EXP 	center: autoDraw = True
50.8476 	EXP 	left: autoDraw = True
50.8476 	EXP 	right: autoDraw = True
50.8476 	EXP 	up: autoDraw = True
50.8476 	EXP 	down: autoDraw = True
50.8644 	EXP 	center: autoDraw = True
50.8644 	EXP 	left: autoDraw = True
50.8644 	EXP 	right: autoDraw = True
50.8644 	EXP 	up: autoDraw = True
50.8644 	EXP 	down: autoDraw = True
50.8811 	EXP 	center: autoDraw = True
50.8811 	EXP 	left: autoDraw = True
50.8811 	EXP 	right: autoDraw = True
50.8811 	EXP 	up: autoDraw = True
50.8811 	EXP 	down: autoDraw = True
50.8979 	EXP 	center: autoDraw = True
50.8979 	EXP 	left: autoDraw = True
50.8979 	EXP 	right: autoDraw = True
50.8979 	EXP 	up: autoDraw = True
50.8979 	EXP 	down: autoDraw = True
50.9140 	EXP 	center: autoDraw = True
50.9140 	EXP 	left: autoDraw = True
50.9140 	EXP 	right: autoDraw = True
50.9140 	EXP 	up: autoDraw = True
50.9140 	EXP 	down: autoDraw = True
50.9310 	EXP 	center: autoDraw = True
50.9310 	EXP 	left: autoDraw = True
50.9310 	EXP 	right: autoDraw = True
50.9310 	EXP 	up: autoDraw = True
50.9310 	EXP 	down: autoDraw = True
50.9475 	EXP 	center: autoDraw = True
50.9475 	EXP 	left: autoDraw = True
50.9475 	EXP 	right: autoDraw = True
50.9475 	EXP 	up: autoDraw = True
50.9475 	EXP 	down: autoDraw = True
50.9643 	EXP 	center: autoDraw = True
50.9643 	EXP 	left: autoDraw = True
50.9643 	EXP 	right: autoDraw = True
50.9643 	EXP 	up: autoDraw = True
50.9643 	EXP 	down: autoDraw = True
50.9811 	EXP 	center: autoDraw = True
50.9811 	EXP 	left: autoDraw = True
50.9811 	EXP 	right: autoDraw = True
50.9811 	EXP 	up: autoDraw = True
50.9811 	EXP 	down: autoDraw = True
50.9968 	EXP 	center: autoDraw = True
50.9968 	EXP 	left: autoDraw = True
50.9968 	EXP 	right: autoDraw = True
50.9968 	EXP 	up: autoDraw = True
50.9968 	EXP 	down: autoDraw = True
51.0144 	EXP 	center: autoDraw = True
51.0144 	EXP 	left: autoDraw = True
51.0144 	EXP 	right: autoDraw = True
51.0144 	EXP 	up: autoDraw = True
51.0144 	EXP 	down: autoDraw = True
51.0309 	EXP 	center: autoDraw = True
51.0309 	EXP 	left: autoDraw = True
51.0309 	EXP 	right: autoDraw = True
51.0309 	EXP 	up: autoDraw = True
51.0309 	EXP 	down: autoDraw = True
51.0476 	EXP 	center: autoDraw = True
51.0476 	EXP 	left: autoDraw = True
51.0476 	EXP 	right: autoDraw = True
51.0476 	EXP 	up: autoDraw = True
51.0476 	EXP 	down: autoDraw = True
51.0638 	EXP 	center: autoDraw = True
51.0638 	EXP 	left: autoDraw = True
51.0638 	EXP 	right: autoDraw = True
51.0638 	EXP 	up: autoDraw = True
51.0638 	EXP 	down: autoDraw = True
51.0809 	EXP 	center: autoDraw = True
51.0809 	EXP 	left: autoDraw = True
51.0809 	EXP 	right: autoDraw = True
51.0809 	EXP 	up: autoDraw = True
51.0809 	EXP 	down: autoDraw = True
51.0981 	EXP 	center: autoDraw = True
51.0981 	EXP 	left: autoDraw = True
51.0981 	EXP 	right: autoDraw = True
51.0981 	EXP 	up: autoDraw = True
51.0981 	EXP 	down: autoDraw = True
51.1142 	EXP 	center: autoDraw = True
51.1142 	EXP 	left: autoDraw = True
51.1142 	EXP 	right: autoDraw = True
51.1142 	EXP 	up: autoDraw = True
51.1142 	EXP 	down: autoDraw = True
51.1311 	EXP 	center: autoDraw = True
51.1311 	EXP 	left: autoDraw = True
51.1311 	EXP 	right: autoDraw = True
51.1311 	EXP 	up: autoDraw = True
51.1311 	EXP 	down: autoDraw = True
51.1478 	EXP 	center: autoDraw = True
51.1478 	EXP 	left: autoDraw = True
51.1478 	EXP 	right: autoDraw = True
51.1478 	EXP 	up: autoDraw = True
51.1478 	EXP 	down: autoDraw = True
51.1642 	EXP 	center: autoDraw = True
51.1642 	EXP 	left: autoDraw = True
51.1642 	EXP 	right: autoDraw = True
51.1642 	EXP 	up: autoDraw = True
51.1642 	EXP 	down: autoDraw = True
51.1811 	EXP 	center: autoDraw = True
51.1811 	EXP 	left: autoDraw = True
51.1811 	EXP 	right: autoDraw = True
51.1811 	EXP 	up: autoDraw = True
51.1811 	EXP 	down: autoDraw = True
51.1968 	EXP 	center: autoDraw = True
51.1968 	EXP 	left: autoDraw = True
51.1968 	EXP 	right: autoDraw = True
51.1968 	EXP 	up: autoDraw = True
51.1968 	EXP 	down: autoDraw = True
51.2142 	EXP 	center: autoDraw = True
51.2142 	EXP 	left: autoDraw = True
51.2142 	EXP 	right: autoDraw = True
51.2142 	EXP 	up: autoDraw = True
51.2142 	EXP 	down: autoDraw = True
51.2310 	EXP 	center: autoDraw = True
51.2310 	EXP 	left: autoDraw = True
51.2310 	EXP 	right: autoDraw = True
51.2310 	EXP 	up: autoDraw = True
51.2310 	EXP 	down: autoDraw = True
51.2478 	EXP 	center: autoDraw = True
51.2478 	EXP 	left: autoDraw = True
51.2478 	EXP 	right: autoDraw = True
51.2478 	EXP 	up: autoDraw = True
51.2478 	EXP 	down: autoDraw = True
51.2641 	EXP 	center: autoDraw = True
51.2641 	EXP 	left: autoDraw = True
51.2641 	EXP 	right: autoDraw = True
51.2641 	EXP 	up: autoDraw = True
51.2641 	EXP 	down: autoDraw = True
51.2811 	EXP 	center: autoDraw = True
51.2811 	EXP 	left: autoDraw = True
51.2811 	EXP 	right: autoDraw = True
51.2811 	EXP 	up: autoDraw = True
51.2811 	EXP 	down: autoDraw = True
51.2975 	EXP 	center: autoDraw = True
51.2975 	EXP 	left: autoDraw = True
51.2975 	EXP 	right: autoDraw = True
51.2975 	EXP 	up: autoDraw = True
51.2975 	EXP 	down: autoDraw = True
51.3142 	EXP 	center: autoDraw = True
51.3142 	EXP 	left: autoDraw = True
51.3142 	EXP 	right: autoDraw = True
51.3142 	EXP 	up: autoDraw = True
51.3142 	EXP 	down: autoDraw = True
51.3307 	EXP 	center: autoDraw = True
51.3307 	EXP 	left: autoDraw = True
51.3307 	EXP 	right: autoDraw = True
51.3307 	EXP 	up: autoDraw = True
51.3307 	EXP 	down: autoDraw = True
51.3477 	EXP 	center: autoDraw = True
51.3477 	EXP 	left: autoDraw = True
51.3477 	EXP 	right: autoDraw = True
51.3477 	EXP 	up: autoDraw = True
51.3477 	EXP 	down: autoDraw = True
51.3645 	EXP 	center: autoDraw = True
51.3645 	EXP 	left: autoDraw = True
51.3645 	EXP 	right: autoDraw = True
51.3645 	EXP 	up: autoDraw = True
51.3645 	EXP 	down: autoDraw = True
51.3808 	EXP 	center: autoDraw = True
51.3808 	EXP 	left: autoDraw = True
51.3808 	EXP 	right: autoDraw = True
51.3808 	EXP 	up: autoDraw = True
51.3808 	EXP 	down: autoDraw = True
51.3968 	EXP 	center: autoDraw = True
51.3968 	EXP 	left: autoDraw = True
51.3968 	EXP 	right: autoDraw = True
51.3968 	EXP 	up: autoDraw = True
51.3968 	EXP 	down: autoDraw = True
51.4143 	EXP 	center: autoDraw = True
51.4143 	EXP 	left: autoDraw = True
51.4143 	EXP 	right: autoDraw = True
51.4143 	EXP 	up: autoDraw = True
51.4143 	EXP 	down: autoDraw = True
51.4310 	EXP 	center: autoDraw = True
51.4310 	EXP 	left: autoDraw = True
51.4310 	EXP 	right: autoDraw = True
51.4310 	EXP 	up: autoDraw = True
51.4310 	EXP 	down: autoDraw = True
51.4479 	EXP 	center: autoDraw = True
51.4479 	EXP 	left: autoDraw = True
51.4479 	EXP 	right: autoDraw = True
51.4479 	EXP 	up: autoDraw = True
51.4479 	EXP 	down: autoDraw = True
51.4642 	EXP 	center: autoDraw = True
51.4642 	EXP 	left: autoDraw = True
51.4642 	EXP 	right: autoDraw = True
51.4642 	EXP 	up: autoDraw = True
51.4642 	EXP 	down: autoDraw = True
51.4810 	EXP 	center: autoDraw = True
51.4810 	EXP 	left: autoDraw = True
51.4810 	EXP 	right: autoDraw = True
51.4810 	EXP 	up: autoDraw = True
51.4810 	EXP 	down: autoDraw = True
51.4968 	EXP 	center: autoDraw = True
51.4968 	EXP 	left: autoDraw = True
51.4968 	EXP 	right: autoDraw = True
51.4968 	EXP 	up: autoDraw = True
51.4968 	EXP 	down: autoDraw = True
51.5144 	EXP 	center: autoDraw = True
51.5144 	EXP 	left: autoDraw = True
51.5144 	EXP 	right: autoDraw = True
51.5144 	EXP 	up: autoDraw = True
51.5144 	EXP 	down: autoDraw = True
51.5308 	EXP 	center: autoDraw = True
51.5308 	EXP 	left: autoDraw = True
51.5308 	EXP 	right: autoDraw = True
51.5308 	EXP 	up: autoDraw = True
51.5308 	EXP 	down: autoDraw = True
51.5476 	EXP 	center: autoDraw = True
51.5476 	EXP 	left: autoDraw = True
51.5476 	EXP 	right: autoDraw = True
51.5476 	EXP 	up: autoDraw = True
51.5476 	EXP 	down: autoDraw = True
51.5636 	EXP 	center: autoDraw = True
51.5636 	EXP 	left: autoDraw = True
51.5636 	EXP 	right: autoDraw = True
51.5636 	EXP 	up: autoDraw = True
51.5636 	EXP 	down: autoDraw = True
51.5809 	EXP 	center: autoDraw = True
51.5809 	EXP 	left: autoDraw = True
51.5809 	EXP 	right: autoDraw = True
51.5809 	EXP 	up: autoDraw = True
51.5809 	EXP 	down: autoDraw = True
51.5976 	EXP 	center: autoDraw = True
51.5976 	EXP 	left: autoDraw = True
51.5976 	EXP 	right: autoDraw = True
51.5976 	EXP 	up: autoDraw = True
51.5976 	EXP 	down: autoDraw = True
51.6144 	EXP 	center: autoDraw = True
51.6144 	EXP 	left: autoDraw = True
51.6144 	EXP 	right: autoDraw = True
51.6144 	EXP 	up: autoDraw = True
51.6144 	EXP 	down: autoDraw = True
51.6311 	EXP 	center: autoDraw = True
51.6311 	EXP 	left: autoDraw = True
51.6311 	EXP 	right: autoDraw = True
51.6311 	EXP 	up: autoDraw = True
51.6311 	EXP 	down: autoDraw = True
51.6479 	EXP 	center: autoDraw = True
51.6479 	EXP 	left: autoDraw = True
51.6479 	EXP 	right: autoDraw = True
51.6479 	EXP 	up: autoDraw = True
51.6479 	EXP 	down: autoDraw = True
51.6640 	EXP 	center: autoDraw = True
51.6640 	EXP 	left: autoDraw = True
51.6640 	EXP 	right: autoDraw = True
51.6640 	EXP 	up: autoDraw = True
51.6640 	EXP 	down: autoDraw = True
51.6810 	EXP 	center: autoDraw = True
51.6810 	EXP 	left: autoDraw = True
51.6810 	EXP 	right: autoDraw = True
51.6810 	EXP 	up: autoDraw = True
51.6810 	EXP 	down: autoDraw = True
51.6968 	EXP 	center: autoDraw = True
51.6968 	EXP 	left: autoDraw = True
51.6968 	EXP 	right: autoDraw = True
51.6968 	EXP 	up: autoDraw = True
51.6968 	EXP 	down: autoDraw = True
51.6969 	EXP 	Sound  started
51.7006 	DATA 	sbli | frame count: 120
51.7138 	EXP 	center: autoDraw = True
51.7138 	EXP 	left: autoDraw = True
51.7138 	EXP 	right: autoDraw = True
51.7138 	EXP 	up: autoDraw = True
51.7138 	EXP 	down: autoDraw = True
51.7307 	EXP 	center: autoDraw = True
51.7307 	EXP 	left: autoDraw = True
51.7307 	EXP 	right: autoDraw = True
51.7307 	EXP 	up: autoDraw = True
51.7307 	EXP 	down: autoDraw = True
51.7474 	EXP 	center: autoDraw = True
51.7474 	EXP 	left: autoDraw = True
51.7474 	EXP 	right: autoDraw = True
51.7474 	EXP 	up: autoDraw = True
51.7474 	EXP 	down: autoDraw = True
51.7642 	EXP 	center: autoDraw = True
51.7642 	EXP 	left: autoDraw = True
51.7642 	EXP 	right: autoDraw = True
51.7642 	EXP 	up: autoDraw = True
51.7642 	EXP 	down: autoDraw = True
51.7810 	EXP 	center: autoDraw = True
51.7810 	EXP 	left: autoDraw = True
51.7810 	EXP 	right: autoDraw = True
51.7810 	EXP 	up: autoDraw = True
51.7810 	EXP 	down: autoDraw = True
51.7976 	EXP 	center: autoDraw = True
51.7976 	EXP 	left: autoDraw = True
51.7976 	EXP 	right: autoDraw = True
51.7976 	EXP 	up: autoDraw = True
51.7976 	EXP 	down: autoDraw = True
51.8145 	EXP 	center: autoDraw = True
51.8145 	EXP 	left: autoDraw = True
51.8145 	EXP 	right: autoDraw = True
51.8145 	EXP 	up: autoDraw = True
51.8145 	EXP 	down: autoDraw = True
51.8309 	EXP 	center: autoDraw = True
51.8309 	EXP 	left: autoDraw = True
51.8309 	EXP 	right: autoDraw = True
51.8309 	EXP 	up: autoDraw = True
51.8309 	EXP 	down: autoDraw = True
51.8476 	EXP 	center: autoDraw = True
51.8476 	EXP 	left: autoDraw = True
51.8476 	EXP 	right: autoDraw = True
51.8476 	EXP 	up: autoDraw = True
51.8476 	EXP 	down: autoDraw = True
51.8644 	EXP 	center: autoDraw = True
51.8644 	EXP 	left: autoDraw = True
51.8644 	EXP 	right: autoDraw = True
51.8644 	EXP 	up: autoDraw = True
51.8644 	EXP 	down: autoDraw = True
51.8811 	EXP 	center: autoDraw = True
51.8811 	EXP 	left: autoDraw = True
51.8811 	EXP 	right: autoDraw = True
51.8811 	EXP 	up: autoDraw = True
51.8811 	EXP 	down: autoDraw = True
51.8975 	EXP 	center: autoDraw = True
51.8975 	EXP 	left: autoDraw = True
51.8975 	EXP 	right: autoDraw = True
51.8975 	EXP 	up: autoDraw = True
51.8975 	EXP 	down: autoDraw = True
51.9144 	EXP 	center: autoDraw = True
51.9144 	EXP 	left: autoDraw = True
51.9144 	EXP 	right: autoDraw = True
51.9144 	EXP 	up: autoDraw = True
51.9144 	EXP 	down: autoDraw = True
51.9309 	EXP 	center: autoDraw = True
51.9309 	EXP 	left: autoDraw = True
51.9309 	EXP 	right: autoDraw = True
51.9309 	EXP 	up: autoDraw = True
51.9309 	EXP 	down: autoDraw = True
51.9478 	EXP 	center: autoDraw = True
51.9478 	EXP 	left: autoDraw = True
51.9478 	EXP 	right: autoDraw = True
51.9478 	EXP 	up: autoDraw = True
51.9478 	EXP 	down: autoDraw = True
51.9642 	EXP 	center: autoDraw = True
51.9642 	EXP 	left: autoDraw = True
51.9642 	EXP 	right: autoDraw = True
51.9642 	EXP 	up: autoDraw = True
51.9642 	EXP 	down: autoDraw = True
51.9807 	EXP 	center: autoDraw = True
51.9807 	EXP 	left: autoDraw = True
51.9807 	EXP 	right: autoDraw = True
51.9807 	EXP 	up: autoDraw = True
51.9807 	EXP 	down: autoDraw = True
51.9967 	EXP 	center: autoDraw = True
51.9967 	EXP 	left: autoDraw = True
51.9967 	EXP 	right: autoDraw = True
51.9967 	EXP 	up: autoDraw = True
51.9967 	EXP 	down: autoDraw = True
52.0145 	EXP 	center: autoDraw = True
52.0145 	EXP 	left: autoDraw = True
52.0145 	EXP 	right: autoDraw = True
52.0145 	EXP 	up: autoDraw = True
52.0145 	EXP 	down: autoDraw = True
52.0309 	EXP 	center: autoDraw = True
52.0309 	EXP 	left: autoDraw = True
52.0309 	EXP 	right: autoDraw = True
52.0309 	EXP 	up: autoDraw = True
52.0309 	EXP 	down: autoDraw = True
52.0310 	DATA 	wsqS
52.0476 	EXP 	center: autoDraw = True
52.0476 	EXP 	left: autoDraw = True
52.0476 	EXP 	right: autoDraw = True
52.0476 	EXP 	up: autoDraw = True
52.0476 	EXP 	down: autoDraw = True
52.0476 	EXP 	whitesquare: autoDraw = True
52.0641 	EXP 	center: autoDraw = True
52.0641 	EXP 	left: autoDraw = True
52.0641 	EXP 	right: autoDraw = True
52.0641 	EXP 	up: autoDraw = True
52.0641 	EXP 	down: autoDraw = True
52.0641 	EXP 	whitesquare: autoDraw = False
52.0811 	EXP 	center: autoDraw = True
52.0811 	EXP 	left: autoDraw = True
52.0811 	EXP 	right: autoDraw = True
52.0811 	EXP 	up: autoDraw = True
52.0811 	EXP 	down: autoDraw = True
52.0968 	EXP 	center: autoDraw = True
52.0968 	EXP 	left: autoDraw = True
52.0968 	EXP 	right: autoDraw = True
52.0968 	EXP 	up: autoDraw = True
52.0968 	EXP 	down: autoDraw = True
52.1141 	EXP 	center: autoDraw = True
52.1141 	EXP 	left: autoDraw = True
52.1141 	EXP 	right: autoDraw = True
52.1141 	EXP 	up: autoDraw = True
52.1141 	EXP 	down: autoDraw = True
52.1310 	EXP 	center: autoDraw = True
52.1310 	EXP 	left: autoDraw = True
52.1310 	EXP 	right: autoDraw = True
52.1310 	EXP 	up: autoDraw = True
52.1310 	EXP 	down: autoDraw = True
52.1477 	EXP 	center: autoDraw = True
52.1477 	EXP 	left: autoDraw = True
52.1477 	EXP 	right: autoDraw = True
52.1477 	EXP 	up: autoDraw = True
52.1477 	EXP 	down: autoDraw = True
52.1640 	EXP 	center: autoDraw = True
52.1640 	EXP 	left: autoDraw = True
52.1640 	EXP 	right: autoDraw = True
52.1640 	EXP 	up: autoDraw = True
52.1640 	EXP 	down: autoDraw = True
52.1809 	EXP 	center: autoDraw = True
52.1809 	EXP 	left: autoDraw = True
52.1809 	EXP 	right: autoDraw = True
52.1809 	EXP 	up: autoDraw = True
52.1809 	EXP 	down: autoDraw = True
52.1968 	EXP 	center: autoDraw = True
52.1968 	EXP 	left: autoDraw = True
52.1968 	EXP 	right: autoDraw = True
52.1968 	EXP 	up: autoDraw = True
52.1968 	EXP 	down: autoDraw = True
52.2143 	EXP 	center: autoDraw = True
52.2143 	EXP 	left: autoDraw = True
52.2143 	EXP 	right: autoDraw = True
52.2143 	EXP 	up: autoDraw = True
52.2143 	EXP 	down: autoDraw = True
52.2310 	EXP 	center: autoDraw = True
52.2310 	EXP 	left: autoDraw = True
52.2310 	EXP 	right: autoDraw = True
52.2310 	EXP 	up: autoDraw = True
52.2310 	EXP 	down: autoDraw = True
52.2476 	EXP 	center: autoDraw = True
52.2476 	EXP 	left: autoDraw = True
52.2476 	EXP 	right: autoDraw = True
52.2476 	EXP 	up: autoDraw = True
52.2476 	EXP 	down: autoDraw = True
52.2643 	EXP 	center: autoDraw = True
52.2643 	EXP 	left: autoDraw = True
52.2643 	EXP 	right: autoDraw = True
52.2643 	EXP 	up: autoDraw = True
52.2643 	EXP 	down: autoDraw = True
52.2812 	EXP 	center: autoDraw = True
52.2812 	EXP 	left: autoDraw = True
52.2812 	EXP 	right: autoDraw = True
52.2812 	EXP 	up: autoDraw = True
52.2812 	EXP 	down: autoDraw = True
52.2976 	EXP 	center: autoDraw = True
52.2976 	EXP 	left: autoDraw = True
52.2976 	EXP 	right: autoDraw = True
52.2976 	EXP 	up: autoDraw = True
52.2976 	EXP 	down: autoDraw = True
52.3142 	EXP 	center: autoDraw = True
52.3142 	EXP 	left: autoDraw = True
52.3142 	EXP 	right: autoDraw = True
52.3142 	EXP 	up: autoDraw = True
52.3142 	EXP 	down: autoDraw = True
52.3310 	EXP 	center: autoDraw = True
52.3310 	EXP 	left: autoDraw = True
52.3310 	EXP 	right: autoDraw = True
52.3310 	EXP 	up: autoDraw = True
52.3310 	EXP 	down: autoDraw = True
52.3478 	EXP 	center: autoDraw = True
52.3478 	EXP 	left: autoDraw = True
52.3478 	EXP 	right: autoDraw = True
52.3478 	EXP 	up: autoDraw = True
52.3478 	EXP 	down: autoDraw = True
52.3640 	EXP 	center: autoDraw = True
52.3640 	EXP 	left: autoDraw = True
52.3640 	EXP 	right: autoDraw = True
52.3640 	EXP 	up: autoDraw = True
52.3640 	EXP 	down: autoDraw = True
52.3809 	EXP 	center: autoDraw = True
52.3809 	EXP 	left: autoDraw = True
52.3809 	EXP 	right: autoDraw = True
52.3809 	EXP 	up: autoDraw = True
52.3809 	EXP 	down: autoDraw = True
52.3967 	EXP 	center: autoDraw = True
52.3967 	EXP 	left: autoDraw = True
52.3967 	EXP 	right: autoDraw = True
52.3967 	EXP 	up: autoDraw = True
52.3967 	EXP 	down: autoDraw = True
52.4141 	EXP 	center: autoDraw = True
52.4141 	EXP 	left: autoDraw = True
52.4141 	EXP 	right: autoDraw = True
52.4141 	EXP 	up: autoDraw = True
52.4141 	EXP 	down: autoDraw = True
52.4309 	EXP 	center: autoDraw = True
52.4309 	EXP 	left: autoDraw = True
52.4309 	EXP 	right: autoDraw = True
52.4309 	EXP 	up: autoDraw = True
52.4309 	EXP 	down: autoDraw = True
52.4478 	EXP 	center: autoDraw = True
52.4478 	EXP 	left: autoDraw = True
52.4478 	EXP 	right: autoDraw = True
52.4478 	EXP 	up: autoDraw = True
52.4478 	EXP 	down: autoDraw = True
52.4641 	EXP 	center: autoDraw = True
52.4641 	EXP 	left: autoDraw = True
52.4641 	EXP 	right: autoDraw = True
52.4641 	EXP 	up: autoDraw = True
52.4641 	EXP 	down: autoDraw = True
52.4812 	EXP 	center: autoDraw = True
52.4812 	EXP 	left: autoDraw = True
52.4812 	EXP 	right: autoDraw = True
52.4812 	EXP 	up: autoDraw = True
52.4812 	EXP 	down: autoDraw = True
52.4975 	EXP 	center: autoDraw = True
52.4975 	EXP 	left: autoDraw = True
52.4975 	EXP 	right: autoDraw = True
52.4975 	EXP 	up: autoDraw = True
52.4975 	EXP 	down: autoDraw = True
52.5145 	EXP 	center: autoDraw = True
52.5145 	EXP 	left: autoDraw = True
52.5145 	EXP 	right: autoDraw = True
52.5145 	EXP 	up: autoDraw = True
52.5145 	EXP 	down: autoDraw = True
52.5309 	EXP 	center: autoDraw = True
52.5309 	EXP 	left: autoDraw = True
52.5309 	EXP 	right: autoDraw = True
52.5309 	EXP 	up: autoDraw = True
52.5309 	EXP 	down: autoDraw = True
52.5476 	EXP 	center: autoDraw = True
52.5476 	EXP 	left: autoDraw = True
52.5476 	EXP 	right: autoDraw = True
52.5476 	EXP 	up: autoDraw = True
52.5476 	EXP 	down: autoDraw = True
52.5641 	EXP 	center: autoDraw = True
52.5641 	EXP 	left: autoDraw = True
52.5641 	EXP 	right: autoDraw = True
52.5641 	EXP 	up: autoDraw = True
52.5641 	EXP 	down: autoDraw = True
52.5809 	EXP 	center: autoDraw = True
52.5809 	EXP 	left: autoDraw = True
52.5809 	EXP 	right: autoDraw = True
52.5809 	EXP 	up: autoDraw = True
52.5809 	EXP 	down: autoDraw = True
52.5973 	EXP 	center: autoDraw = True
52.5973 	EXP 	left: autoDraw = True
52.5973 	EXP 	right: autoDraw = True
52.5973 	EXP 	up: autoDraw = True
52.5973 	EXP 	down: autoDraw = True
52.6142 	EXP 	center: autoDraw = True
52.6142 	EXP 	left: autoDraw = True
52.6142 	EXP 	right: autoDraw = True
52.6142 	EXP 	up: autoDraw = True
52.6142 	EXP 	down: autoDraw = True
52.6309 	EXP 	center: autoDraw = True
52.6309 	EXP 	left: autoDraw = True
52.6309 	EXP 	right: autoDraw = True
52.6309 	EXP 	up: autoDraw = True
52.6309 	EXP 	down: autoDraw = True
52.6477 	EXP 	center: autoDraw = True
52.6477 	EXP 	left: autoDraw = True
52.6477 	EXP 	right: autoDraw = True
52.6477 	EXP 	up: autoDraw = True
52.6477 	EXP 	down: autoDraw = True
52.6642 	EXP 	center: autoDraw = True
52.6642 	EXP 	left: autoDraw = True
52.6642 	EXP 	right: autoDraw = True
52.6642 	EXP 	up: autoDraw = True
52.6642 	EXP 	down: autoDraw = True
52.6811 	EXP 	center: autoDraw = True
52.6811 	EXP 	left: autoDraw = True
52.6811 	EXP 	right: autoDraw = True
52.6811 	EXP 	up: autoDraw = True
52.6811 	EXP 	down: autoDraw = True
52.6975 	EXP 	center: autoDraw = True
52.6975 	EXP 	left: autoDraw = True
52.6975 	EXP 	right: autoDraw = True
52.6975 	EXP 	up: autoDraw = True
52.6975 	EXP 	down: autoDraw = True
52.7145 	EXP 	center: autoDraw = True
52.7145 	EXP 	left: autoDraw = True
52.7145 	EXP 	right: autoDraw = True
52.7145 	EXP 	up: autoDraw = True
52.7145 	EXP 	down: autoDraw = True
52.7307 	EXP 	center: autoDraw = True
52.7307 	EXP 	left: autoDraw = True
52.7307 	EXP 	right: autoDraw = True
52.7307 	EXP 	up: autoDraw = True
52.7307 	EXP 	down: autoDraw = True
52.7470 	EXP 	center: autoDraw = True
52.7470 	EXP 	left: autoDraw = True
52.7470 	EXP 	right: autoDraw = True
52.7470 	EXP 	up: autoDraw = True
52.7470 	EXP 	down: autoDraw = True
52.7642 	EXP 	center: autoDraw = True
52.7642 	EXP 	left: autoDraw = True
52.7642 	EXP 	right: autoDraw = True
52.7642 	EXP 	up: autoDraw = True
52.7642 	EXP 	down: autoDraw = True
52.7810 	EXP 	center: autoDraw = True
52.7810 	EXP 	left: autoDraw = True
52.7810 	EXP 	right: autoDraw = True
52.7810 	EXP 	up: autoDraw = True
52.7810 	EXP 	down: autoDraw = True
52.7976 	EXP 	center: autoDraw = True
52.7976 	EXP 	left: autoDraw = True
52.7976 	EXP 	right: autoDraw = True
52.7976 	EXP 	up: autoDraw = True
52.7976 	EXP 	down: autoDraw = True
52.8145 	EXP 	center: autoDraw = True
52.8145 	EXP 	left: autoDraw = True
52.8145 	EXP 	right: autoDraw = True
52.8145 	EXP 	up: autoDraw = True
52.8145 	EXP 	down: autoDraw = True
52.8307 	EXP 	center: autoDraw = True
52.8307 	EXP 	left: autoDraw = True
52.8307 	EXP 	right: autoDraw = True
52.8307 	EXP 	up: autoDraw = True
52.8307 	EXP 	down: autoDraw = True
52.8475 	EXP 	center: autoDraw = True
52.8475 	EXP 	left: autoDraw = True
52.8475 	EXP 	right: autoDraw = True
52.8475 	EXP 	up: autoDraw = True
52.8475 	EXP 	down: autoDraw = True
52.8642 	EXP 	center: autoDraw = True
52.8642 	EXP 	left: autoDraw = True
52.8642 	EXP 	right: autoDraw = True
52.8642 	EXP 	up: autoDraw = True
52.8642 	EXP 	down: autoDraw = True
52.8810 	EXP 	center: autoDraw = True
52.8810 	EXP 	left: autoDraw = True
52.8810 	EXP 	right: autoDraw = True
52.8810 	EXP 	up: autoDraw = True
52.8810 	EXP 	down: autoDraw = True
52.8978 	EXP 	center: autoDraw = True
52.8978 	EXP 	left: autoDraw = True
52.8978 	EXP 	right: autoDraw = True
52.8978 	EXP 	up: autoDraw = True
52.8978 	EXP 	down: autoDraw = True
52.9141 	EXP 	center: autoDraw = True
52.9141 	EXP 	left: autoDraw = True
52.9141 	EXP 	right: autoDraw = True
52.9141 	EXP 	up: autoDraw = True
52.9141 	EXP 	down: autoDraw = True
52.9309 	EXP 	center: autoDraw = True
52.9309 	EXP 	left: autoDraw = True
52.9309 	EXP 	right: autoDraw = True
52.9309 	EXP 	up: autoDraw = True
52.9309 	EXP 	down: autoDraw = True
52.9478 	EXP 	center: autoDraw = True
52.9478 	EXP 	left: autoDraw = True
52.9478 	EXP 	right: autoDraw = True
52.9478 	EXP 	up: autoDraw = True
52.9478 	EXP 	down: autoDraw = True
52.9642 	EXP 	center: autoDraw = True
52.9642 	EXP 	left: autoDraw = True
52.9642 	EXP 	right: autoDraw = True
52.9642 	EXP 	up: autoDraw = True
52.9642 	EXP 	down: autoDraw = True
52.9804 	EXP 	center: autoDraw = True
52.9804 	EXP 	left: autoDraw = True
52.9804 	EXP 	right: autoDraw = True
52.9804 	EXP 	up: autoDraw = True
52.9804 	EXP 	down: autoDraw = True
52.9975 	EXP 	center: autoDraw = True
52.9975 	EXP 	left: autoDraw = True
52.9975 	EXP 	right: autoDraw = True
52.9975 	EXP 	up: autoDraw = True
52.9975 	EXP 	down: autoDraw = True
53.0142 	EXP 	center: autoDraw = True
53.0142 	EXP 	left: autoDraw = True
53.0142 	EXP 	right: autoDraw = True
53.0142 	EXP 	up: autoDraw = True
53.0142 	EXP 	down: autoDraw = True
53.0309 	EXP 	center: autoDraw = True
53.0309 	EXP 	left: autoDraw = True
53.0309 	EXP 	right: autoDraw = True
53.0309 	EXP 	up: autoDraw = True
53.0309 	EXP 	down: autoDraw = True
53.0475 	EXP 	center: autoDraw = True
53.0475 	EXP 	left: autoDraw = True
53.0475 	EXP 	right: autoDraw = True
53.0475 	EXP 	up: autoDraw = True
53.0475 	EXP 	down: autoDraw = True
53.0643 	EXP 	center: autoDraw = True
53.0643 	EXP 	left: autoDraw = True
53.0643 	EXP 	right: autoDraw = True
53.0643 	EXP 	up: autoDraw = True
53.0643 	EXP 	down: autoDraw = True
53.0811 	EXP 	center: autoDraw = True
53.0811 	EXP 	left: autoDraw = True
53.0811 	EXP 	right: autoDraw = True
53.0811 	EXP 	up: autoDraw = True
53.0811 	EXP 	down: autoDraw = True
53.0974 	EXP 	center: autoDraw = True
53.0974 	EXP 	left: autoDraw = True
53.0974 	EXP 	right: autoDraw = True
53.0974 	EXP 	up: autoDraw = True
53.0974 	EXP 	down: autoDraw = True
53.1142 	EXP 	center: autoDraw = True
53.1142 	EXP 	left: autoDraw = True
53.1142 	EXP 	right: autoDraw = True
53.1142 	EXP 	up: autoDraw = True
53.1142 	EXP 	down: autoDraw = True
53.1301 	EXP 	center: autoDraw = True
53.1301 	EXP 	left: autoDraw = True
53.1301 	EXP 	right: autoDraw = True
53.1301 	EXP 	up: autoDraw = True
53.1301 	EXP 	down: autoDraw = True
53.1473 	EXP 	center: autoDraw = True
53.1473 	EXP 	left: autoDraw = True
53.1473 	EXP 	right: autoDraw = True
53.1473 	EXP 	up: autoDraw = True
53.1473 	EXP 	down: autoDraw = True
53.1643 	EXP 	center: autoDraw = True
53.1643 	EXP 	left: autoDraw = True
53.1643 	EXP 	right: autoDraw = True
53.1643 	EXP 	up: autoDraw = True
53.1643 	EXP 	down: autoDraw = True
53.1808 	EXP 	center: autoDraw = True
53.1808 	EXP 	left: autoDraw = True
53.1808 	EXP 	right: autoDraw = True
53.1808 	EXP 	up: autoDraw = True
53.1808 	EXP 	down: autoDraw = True
53.1975 	EXP 	center: autoDraw = True
53.1975 	EXP 	left: autoDraw = True
53.1975 	EXP 	right: autoDraw = True
53.1975 	EXP 	up: autoDraw = True
53.1975 	EXP 	down: autoDraw = True
53.2143 	EXP 	center: autoDraw = True
53.2143 	EXP 	left: autoDraw = True
53.2143 	EXP 	right: autoDraw = True
53.2143 	EXP 	up: autoDraw = True
53.2143 	EXP 	down: autoDraw = True
53.2308 	EXP 	center: autoDraw = True
53.2308 	EXP 	left: autoDraw = True
53.2308 	EXP 	right: autoDraw = True
53.2308 	EXP 	up: autoDraw = True
53.2308 	EXP 	down: autoDraw = True
53.2475 	EXP 	center: autoDraw = True
53.2475 	EXP 	left: autoDraw = True
53.2475 	EXP 	right: autoDraw = True
53.2475 	EXP 	up: autoDraw = True
53.2475 	EXP 	down: autoDraw = True
53.2643 	EXP 	center: autoDraw = True
53.2643 	EXP 	left: autoDraw = True
53.2643 	EXP 	right: autoDraw = True
53.2643 	EXP 	up: autoDraw = True
53.2643 	EXP 	down: autoDraw = True
53.2807 	EXP 	center: autoDraw = True
53.2807 	EXP 	left: autoDraw = True
53.2807 	EXP 	right: autoDraw = True
53.2807 	EXP 	up: autoDraw = True
53.2807 	EXP 	down: autoDraw = True
53.2966 	EXP 	center: autoDraw = True
53.2966 	EXP 	left: autoDraw = True
53.2966 	EXP 	right: autoDraw = True
53.2966 	EXP 	up: autoDraw = True
53.2966 	EXP 	down: autoDraw = True
53.3143 	EXP 	center: autoDraw = True
53.3143 	EXP 	left: autoDraw = True
53.3143 	EXP 	right: autoDraw = True
53.3143 	EXP 	up: autoDraw = True
53.3143 	EXP 	down: autoDraw = True
53.3308 	EXP 	center: autoDraw = True
53.3308 	EXP 	left: autoDraw = True
53.3308 	EXP 	right: autoDraw = True
53.3308 	EXP 	up: autoDraw = True
53.3308 	EXP 	down: autoDraw = True
53.3476 	EXP 	center: autoDraw = True
53.3476 	EXP 	left: autoDraw = True
53.3476 	EXP 	right: autoDraw = True
53.3476 	EXP 	up: autoDraw = True
53.3476 	EXP 	down: autoDraw = True
53.3640 	EXP 	center: autoDraw = True
53.3640 	EXP 	left: autoDraw = True
53.3640 	EXP 	right: autoDraw = True
53.3640 	EXP 	up: autoDraw = True
53.3640 	EXP 	down: autoDraw = True
53.3808 	EXP 	center: autoDraw = True
53.3808 	EXP 	left: autoDraw = True
53.3808 	EXP 	right: autoDraw = True
53.3808 	EXP 	up: autoDraw = True
53.3808 	EXP 	down: autoDraw = True
53.3972 	EXP 	center: autoDraw = True
53.3972 	EXP 	left: autoDraw = True
53.3972 	EXP 	right: autoDraw = True
53.3972 	EXP 	up: autoDraw = True
53.3972 	EXP 	down: autoDraw = True
53.4141 	EXP 	center: autoDraw = True
53.4141 	EXP 	left: autoDraw = True
53.4141 	EXP 	right: autoDraw = True
53.4141 	EXP 	up: autoDraw = True
53.4141 	EXP 	down: autoDraw = True
53.4309 	EXP 	center: autoDraw = True
53.4309 	EXP 	left: autoDraw = True
53.4309 	EXP 	right: autoDraw = True
53.4309 	EXP 	up: autoDraw = True
53.4309 	EXP 	down: autoDraw = True
53.4477 	EXP 	center: autoDraw = True
53.4477 	EXP 	left: autoDraw = True
53.4477 	EXP 	right: autoDraw = True
53.4477 	EXP 	up: autoDraw = True
53.4477 	EXP 	down: autoDraw = True
53.4640 	EXP 	center: autoDraw = True
53.4640 	EXP 	left: autoDraw = True
53.4640 	EXP 	right: autoDraw = True
53.4640 	EXP 	up: autoDraw = True
53.4640 	EXP 	down: autoDraw = True
53.4810 	EXP 	center: autoDraw = True
53.4810 	EXP 	left: autoDraw = True
53.4810 	EXP 	right: autoDraw = True
53.4810 	EXP 	up: autoDraw = True
53.4810 	EXP 	down: autoDraw = True
53.4974 	EXP 	center: autoDraw = True
53.4974 	EXP 	left: autoDraw = True
53.4974 	EXP 	right: autoDraw = True
53.4974 	EXP 	up: autoDraw = True
53.4974 	EXP 	down: autoDraw = True
53.5132 	EXP 	center: autoDraw = True
53.5132 	EXP 	left: autoDraw = True
53.5132 	EXP 	right: autoDraw = True
53.5132 	EXP 	up: autoDraw = True
53.5132 	EXP 	down: autoDraw = True
53.5307 	EXP 	center: autoDraw = True
53.5307 	EXP 	left: autoDraw = True
53.5307 	EXP 	right: autoDraw = True
53.5307 	EXP 	up: autoDraw = True
53.5307 	EXP 	down: autoDraw = True
53.5475 	EXP 	center: autoDraw = True
53.5475 	EXP 	left: autoDraw = True
53.5475 	EXP 	right: autoDraw = True
53.5475 	EXP 	up: autoDraw = True
53.5475 	EXP 	down: autoDraw = True
53.5642 	EXP 	center: autoDraw = True
53.5642 	EXP 	left: autoDraw = True
53.5642 	EXP 	right: autoDraw = True
53.5642 	EXP 	up: autoDraw = True
53.5642 	EXP 	down: autoDraw = True
53.5811 	EXP 	center: autoDraw = True
53.5811 	EXP 	left: autoDraw = True
53.5811 	EXP 	right: autoDraw = True
53.5811 	EXP 	up: autoDraw = True
53.5811 	EXP 	down: autoDraw = True
53.5974 	EXP 	center: autoDraw = True
53.5974 	EXP 	left: autoDraw = True
53.5974 	EXP 	right: autoDraw = True
53.5974 	EXP 	up: autoDraw = True
53.5974 	EXP 	down: autoDraw = True
53.6142 	EXP 	center: autoDraw = True
53.6142 	EXP 	left: autoDraw = True
53.6142 	EXP 	right: autoDraw = True
53.6142 	EXP 	up: autoDraw = True
53.6142 	EXP 	down: autoDraw = True
53.6305 	EXP 	center: autoDraw = True
53.6305 	EXP 	left: autoDraw = True
53.6305 	EXP 	right: autoDraw = True
53.6305 	EXP 	up: autoDraw = True
53.6305 	EXP 	down: autoDraw = True
53.6475 	EXP 	center: autoDraw = True
53.6475 	EXP 	left: autoDraw = True
53.6475 	EXP 	right: autoDraw = True
53.6475 	EXP 	up: autoDraw = True
53.6475 	EXP 	down: autoDraw = True
53.6642 	EXP 	center: autoDraw = True
53.6642 	EXP 	left: autoDraw = True
53.6642 	EXP 	right: autoDraw = True
53.6642 	EXP 	up: autoDraw = True
53.6642 	EXP 	down: autoDraw = True
53.6810 	EXP 	center: autoDraw = True
53.6810 	EXP 	left: autoDraw = True
53.6810 	EXP 	right: autoDraw = True
53.6810 	EXP 	up: autoDraw = True
53.6810 	EXP 	down: autoDraw = True
53.6974 	EXP 	center: autoDraw = True
53.6974 	EXP 	left: autoDraw = True
53.6974 	EXP 	right: autoDraw = True
53.6974 	EXP 	up: autoDraw = True
53.6974 	EXP 	down: autoDraw = True
53.7143 	EXP 	center: autoDraw = True
53.7143 	EXP 	left: autoDraw = True
53.7143 	EXP 	right: autoDraw = True
53.7143 	EXP 	up: autoDraw = True
53.7143 	EXP 	down: autoDraw = True
53.7306 	EXP 	center: autoDraw = True
53.7306 	EXP 	left: autoDraw = True
53.7306 	EXP 	right: autoDraw = True
53.7306 	EXP 	up: autoDraw = True
53.7306 	EXP 	down: autoDraw = True
53.7475 	EXP 	center: autoDraw = True
53.7475 	EXP 	left: autoDraw = True
53.7475 	EXP 	right: autoDraw = True
53.7475 	EXP 	up: autoDraw = True
53.7475 	EXP 	down: autoDraw = True
53.7642 	EXP 	center: autoDraw = True
53.7642 	EXP 	left: autoDraw = True
53.7642 	EXP 	right: autoDraw = True
53.7642 	EXP 	up: autoDraw = True
53.7642 	EXP 	down: autoDraw = True
53.7804 	EXP 	center: autoDraw = True
53.7804 	EXP 	left: autoDraw = True
53.7804 	EXP 	right: autoDraw = True
53.7804 	EXP 	up: autoDraw = True
53.7804 	EXP 	down: autoDraw = True
53.7974 	EXP 	center: autoDraw = True
53.7974 	EXP 	left: autoDraw = True
53.7974 	EXP 	right: autoDraw = True
53.7974 	EXP 	up: autoDraw = True
53.7974 	EXP 	down: autoDraw = True
53.8143 	EXP 	center: autoDraw = True
53.8143 	EXP 	left: autoDraw = True
53.8143 	EXP 	right: autoDraw = True
53.8143 	EXP 	up: autoDraw = True
53.8143 	EXP 	down: autoDraw = True
53.8308 	EXP 	center: autoDraw = True
53.8308 	EXP 	left: autoDraw = True
53.8308 	EXP 	right: autoDraw = True
53.8308 	EXP 	up: autoDraw = True
53.8308 	EXP 	down: autoDraw = True
53.8475 	EXP 	center: autoDraw = True
53.8475 	EXP 	left: autoDraw = True
53.8475 	EXP 	right: autoDraw = True
53.8475 	EXP 	up: autoDraw = True
53.8475 	EXP 	down: autoDraw = True
53.8639 	EXP 	center: autoDraw = True
53.8639 	EXP 	left: autoDraw = True
53.8639 	EXP 	right: autoDraw = True
53.8639 	EXP 	up: autoDraw = True
53.8639 	EXP 	down: autoDraw = True
53.8807 	EXP 	center: autoDraw = True
53.8807 	EXP 	left: autoDraw = True
53.8807 	EXP 	right: autoDraw = True
53.8807 	EXP 	up: autoDraw = True
53.8807 	EXP 	down: autoDraw = True
53.8977 	EXP 	center: autoDraw = True
53.8977 	EXP 	left: autoDraw = True
53.8977 	EXP 	right: autoDraw = True
53.8977 	EXP 	up: autoDraw = True
53.8977 	EXP 	down: autoDraw = True
53.9142 	EXP 	center: autoDraw = True
53.9142 	EXP 	left: autoDraw = True
53.9142 	EXP 	right: autoDraw = True
53.9142 	EXP 	up: autoDraw = True
53.9142 	EXP 	down: autoDraw = True
53.9307 	EXP 	center: autoDraw = True
53.9307 	EXP 	left: autoDraw = True
53.9307 	EXP 	right: autoDraw = True
53.9307 	EXP 	up: autoDraw = True
53.9307 	EXP 	down: autoDraw = True
53.9473 	EXP 	center: autoDraw = True
53.9473 	EXP 	left: autoDraw = True
53.9473 	EXP 	right: autoDraw = True
53.9473 	EXP 	up: autoDraw = True
53.9473 	EXP 	down: autoDraw = True
53.9641 	EXP 	center: autoDraw = True
53.9641 	EXP 	left: autoDraw = True
53.9641 	EXP 	right: autoDraw = True
53.9641 	EXP 	up: autoDraw = True
53.9641 	EXP 	down: autoDraw = True
53.9809 	EXP 	center: autoDraw = True
53.9809 	EXP 	left: autoDraw = True
53.9809 	EXP 	right: autoDraw = True
53.9809 	EXP 	up: autoDraw = True
53.9809 	EXP 	down: autoDraw = True
53.9966 	EXP 	center: autoDraw = True
53.9966 	EXP 	left: autoDraw = True
53.9966 	EXP 	right: autoDraw = True
53.9966 	EXP 	up: autoDraw = True
53.9966 	EXP 	down: autoDraw = True
54.0137 	EXP 	center: autoDraw = True
54.0137 	EXP 	left: autoDraw = True
54.0137 	EXP 	right: autoDraw = True
54.0137 	EXP 	up: autoDraw = True
54.0137 	EXP 	down: autoDraw = True
54.0306 	EXP 	center: autoDraw = True
54.0306 	EXP 	left: autoDraw = True
54.0306 	EXP 	right: autoDraw = True
54.0306 	EXP 	up: autoDraw = True
54.0306 	EXP 	down: autoDraw = True
54.0473 	EXP 	center: autoDraw = True
54.0473 	EXP 	left: autoDraw = True
54.0473 	EXP 	right: autoDraw = True
54.0473 	EXP 	up: autoDraw = True
54.0473 	EXP 	down: autoDraw = True
54.0641 	EXP 	center: autoDraw = True
54.0641 	EXP 	left: autoDraw = True
54.0641 	EXP 	right: autoDraw = True
54.0641 	EXP 	up: autoDraw = True
54.0641 	EXP 	down: autoDraw = True
54.0808 	EXP 	center: autoDraw = True
54.0808 	EXP 	left: autoDraw = True
54.0808 	EXP 	right: autoDraw = True
54.0808 	EXP 	up: autoDraw = True
54.0808 	EXP 	down: autoDraw = True
54.0966 	EXP 	center: autoDraw = True
54.0966 	EXP 	left: autoDraw = True
54.0966 	EXP 	right: autoDraw = True
54.0966 	EXP 	up: autoDraw = True
54.0966 	EXP 	down: autoDraw = True
54.1140 	EXP 	center: autoDraw = True
54.1140 	EXP 	left: autoDraw = True
54.1140 	EXP 	right: autoDraw = True
54.1140 	EXP 	up: autoDraw = True
54.1140 	EXP 	down: autoDraw = True
54.1309 	EXP 	center: autoDraw = True
54.1309 	EXP 	left: autoDraw = True
54.1309 	EXP 	right: autoDraw = True
54.1309 	EXP 	up: autoDraw = True
54.1309 	EXP 	down: autoDraw = True
54.1473 	EXP 	center: autoDraw = True
54.1473 	EXP 	left: autoDraw = True
54.1473 	EXP 	right: autoDraw = True
54.1473 	EXP 	up: autoDraw = True
54.1473 	EXP 	down: autoDraw = True
54.1634 	EXP 	center: autoDraw = True
54.1634 	EXP 	left: autoDraw = True
54.1634 	EXP 	right: autoDraw = True
54.1634 	EXP 	up: autoDraw = True
54.1634 	EXP 	down: autoDraw = True
54.1808 	EXP 	center: autoDraw = True
54.1808 	EXP 	left: autoDraw = True
54.1808 	EXP 	right: autoDraw = True
54.1808 	EXP 	up: autoDraw = True
54.1808 	EXP 	down: autoDraw = True
54.1972 	EXP 	center: autoDraw = True
54.1972 	EXP 	left: autoDraw = True
54.1972 	EXP 	right: autoDraw = True
54.1972 	EXP 	up: autoDraw = True
54.1972 	EXP 	down: autoDraw = True
54.2141 	EXP 	center: autoDraw = True
54.2141 	EXP 	left: autoDraw = True
54.2141 	EXP 	right: autoDraw = True
54.2141 	EXP 	up: autoDraw = True
54.2141 	EXP 	down: autoDraw = True
54.2308 	EXP 	center: autoDraw = True
54.2308 	EXP 	left: autoDraw = True
54.2308 	EXP 	right: autoDraw = True
54.2308 	EXP 	up: autoDraw = True
54.2308 	EXP 	down: autoDraw = True
54.2473 	EXP 	center: autoDraw = True
54.2473 	EXP 	left: autoDraw = True
54.2473 	EXP 	right: autoDraw = True
54.2473 	EXP 	up: autoDraw = True
54.2473 	EXP 	down: autoDraw = True
54.2641 	EXP 	center: autoDraw = True
54.2641 	EXP 	left: autoDraw = True
54.2641 	EXP 	right: autoDraw = True
54.2641 	EXP 	up: autoDraw = True
54.2641 	EXP 	down: autoDraw = True
54.2809 	EXP 	center: autoDraw = True
54.2809 	EXP 	left: autoDraw = True
54.2809 	EXP 	right: autoDraw = True
54.2809 	EXP 	up: autoDraw = True
54.2809 	EXP 	down: autoDraw = True
54.2973 	EXP 	center: autoDraw = True
54.2973 	EXP 	left: autoDraw = True
54.2973 	EXP 	right: autoDraw = True
54.2973 	EXP 	up: autoDraw = True
54.2973 	EXP 	down: autoDraw = True
54.3141 	EXP 	center: autoDraw = True
54.3141 	EXP 	left: autoDraw = True
54.3141 	EXP 	right: autoDraw = True
54.3141 	EXP 	up: autoDraw = True
54.3141 	EXP 	down: autoDraw = True
54.3308 	EXP 	center: autoDraw = True
54.3308 	EXP 	left: autoDraw = True
54.3308 	EXP 	right: autoDraw = True
54.3308 	EXP 	up: autoDraw = True
54.3308 	EXP 	down: autoDraw = True
54.3477 	EXP 	center: autoDraw = True
54.3477 	EXP 	left: autoDraw = True
54.3477 	EXP 	right: autoDraw = True
54.3477 	EXP 	up: autoDraw = True
54.3477 	EXP 	down: autoDraw = True
54.3639 	EXP 	center: autoDraw = True
54.3639 	EXP 	left: autoDraw = True
54.3639 	EXP 	right: autoDraw = True
54.3639 	EXP 	up: autoDraw = True
54.3639 	EXP 	down: autoDraw = True
54.3807 	EXP 	center: autoDraw = True
54.3807 	EXP 	left: autoDraw = True
54.3807 	EXP 	right: autoDraw = True
54.3807 	EXP 	up: autoDraw = True
54.3807 	EXP 	down: autoDraw = True
54.3966 	EXP 	center: autoDraw = True
54.3966 	EXP 	left: autoDraw = True
54.3966 	EXP 	right: autoDraw = True
54.3966 	EXP 	up: autoDraw = True
54.3966 	EXP 	down: autoDraw = True
54.4139 	EXP 	center: autoDraw = True
54.4139 	EXP 	left: autoDraw = True
54.4139 	EXP 	right: autoDraw = True
54.4139 	EXP 	up: autoDraw = True
54.4139 	EXP 	down: autoDraw = True
54.4304 	EXP 	center: autoDraw = True
54.4304 	EXP 	left: autoDraw = True
54.4304 	EXP 	right: autoDraw = True
54.4304 	EXP 	up: autoDraw = True
54.4304 	EXP 	down: autoDraw = True
54.4474 	EXP 	center: autoDraw = True
54.4474 	EXP 	left: autoDraw = True
54.4474 	EXP 	right: autoDraw = True
54.4474 	EXP 	up: autoDraw = True
54.4474 	EXP 	down: autoDraw = True
54.4643 	EXP 	center: autoDraw = True
54.4643 	EXP 	left: autoDraw = True
54.4643 	EXP 	right: autoDraw = True
54.4643 	EXP 	up: autoDraw = True
54.4643 	EXP 	down: autoDraw = True
54.4807 	EXP 	center: autoDraw = True
54.4807 	EXP 	left: autoDraw = True
54.4807 	EXP 	right: autoDraw = True
54.4807 	EXP 	up: autoDraw = True
54.4807 	EXP 	down: autoDraw = True
54.4966 	EXP 	center: autoDraw = True
54.4966 	EXP 	left: autoDraw = True
54.4966 	EXP 	right: autoDraw = True
54.4966 	EXP 	up: autoDraw = True
54.4966 	EXP 	down: autoDraw = True
54.5140 	EXP 	center: autoDraw = True
54.5140 	EXP 	left: autoDraw = True
54.5140 	EXP 	right: autoDraw = True
54.5140 	EXP 	up: autoDraw = True
54.5140 	EXP 	down: autoDraw = True
54.5308 	EXP 	center: autoDraw = True
54.5308 	EXP 	left: autoDraw = True
54.5308 	EXP 	right: autoDraw = True
54.5308 	EXP 	up: autoDraw = True
54.5308 	EXP 	down: autoDraw = True
54.5466 	EXP 	center: autoDraw = True
54.5466 	EXP 	left: autoDraw = True
54.5466 	EXP 	right: autoDraw = True
54.5466 	EXP 	up: autoDraw = True
54.5466 	EXP 	down: autoDraw = True
54.5639 	EXP 	center: autoDraw = True
54.5639 	EXP 	left: autoDraw = True
54.5639 	EXP 	right: autoDraw = True
54.5639 	EXP 	up: autoDraw = True
54.5639 	EXP 	down: autoDraw = True
54.5807 	EXP 	center: autoDraw = True
54.5807 	EXP 	left: autoDraw = True
54.5807 	EXP 	right: autoDraw = True
54.5807 	EXP 	up: autoDraw = True
54.5807 	EXP 	down: autoDraw = True
54.5972 	EXP 	center: autoDraw = True
54.5972 	EXP 	left: autoDraw = True
54.5972 	EXP 	right: autoDraw = True
54.5972 	EXP 	up: autoDraw = True
54.5972 	EXP 	down: autoDraw = True
54.6141 	EXP 	center: autoDraw = True
54.6141 	EXP 	left: autoDraw = True
54.6141 	EXP 	right: autoDraw = True
54.6141 	EXP 	up: autoDraw = True
54.6141 	EXP 	down: autoDraw = True
54.6310 	EXP 	center: autoDraw = True
54.6310 	EXP 	left: autoDraw = True
54.6310 	EXP 	right: autoDraw = True
54.6310 	EXP 	up: autoDraw = True
54.6310 	EXP 	down: autoDraw = True
54.6473 	EXP 	center: autoDraw = True
54.6473 	EXP 	left: autoDraw = True
54.6473 	EXP 	right: autoDraw = True
54.6473 	EXP 	up: autoDraw = True
54.6473 	EXP 	down: autoDraw = True
54.6641 	EXP 	center: autoDraw = True
54.6641 	EXP 	left: autoDraw = True
54.6641 	EXP 	right: autoDraw = True
54.6641 	EXP 	up: autoDraw = True
54.6641 	EXP 	down: autoDraw = True
54.6808 	EXP 	center: autoDraw = True
54.6808 	EXP 	left: autoDraw = True
54.6808 	EXP 	right: autoDraw = True
54.6808 	EXP 	up: autoDraw = True
54.6808 	EXP 	down: autoDraw = True
54.6973 	EXP 	center: autoDraw = True
54.6973 	EXP 	left: autoDraw = True
54.6973 	EXP 	right: autoDraw = True
54.6973 	EXP 	up: autoDraw = True
54.6973 	EXP 	down: autoDraw = True
54.6975 	EXP 	Sound  started
54.7010 	DATA 	sbli | frame count: 300
54.7139 	EXP 	center: autoDraw = True
54.7139 	EXP 	left: autoDraw = True
54.7139 	EXP 	right: autoDraw = True
54.7139 	EXP 	up: autoDraw = True
54.7139 	EXP 	down: autoDraw = True
54.7309 	EXP 	center: autoDraw = True
54.7309 	EXP 	left: autoDraw = True
54.7309 	EXP 	right: autoDraw = True
54.7309 	EXP 	up: autoDraw = True
54.7309 	EXP 	down: autoDraw = True
54.7473 	EXP 	center: autoDraw = True
54.7473 	EXP 	left: autoDraw = True
54.7473 	EXP 	right: autoDraw = True
54.7473 	EXP 	up: autoDraw = True
54.7473 	EXP 	down: autoDraw = True
54.7641 	EXP 	center: autoDraw = True
54.7641 	EXP 	left: autoDraw = True
54.7641 	EXP 	right: autoDraw = True
54.7641 	EXP 	up: autoDraw = True
54.7641 	EXP 	down: autoDraw = True
54.7806 	EXP 	center: autoDraw = True
54.7806 	EXP 	left: autoDraw = True
54.7806 	EXP 	right: autoDraw = True
54.7806 	EXP 	up: autoDraw = True
54.7806 	EXP 	down: autoDraw = True
54.7972 	EXP 	center: autoDraw = True
54.7972 	EXP 	left: autoDraw = True
54.7972 	EXP 	right: autoDraw = True
54.7972 	EXP 	up: autoDraw = True
54.7972 	EXP 	down: autoDraw = True
54.8136 	EXP 	center: autoDraw = True
54.8136 	EXP 	left: autoDraw = True
54.8136 	EXP 	right: autoDraw = True
54.8136 	EXP 	up: autoDraw = True
54.8136 	EXP 	down: autoDraw = True
54.8306 	EXP 	center: autoDraw = True
54.8306 	EXP 	left: autoDraw = True
54.8306 	EXP 	right: autoDraw = True
54.8306 	EXP 	up: autoDraw = True
54.8306 	EXP 	down: autoDraw = True
54.8474 	EXP 	center: autoDraw = True
54.8474 	EXP 	left: autoDraw = True
54.8474 	EXP 	right: autoDraw = True
54.8474 	EXP 	up: autoDraw = True
54.8474 	EXP 	down: autoDraw = True
54.8642 	EXP 	center: autoDraw = True
54.8642 	EXP 	left: autoDraw = True
54.8642 	EXP 	right: autoDraw = True
54.8642 	EXP 	up: autoDraw = True
54.8642 	EXP 	down: autoDraw = True
54.8806 	EXP 	center: autoDraw = True
54.8806 	EXP 	left: autoDraw = True
54.8806 	EXP 	right: autoDraw = True
54.8806 	EXP 	up: autoDraw = True
54.8806 	EXP 	down: autoDraw = True
54.8966 	EXP 	center: autoDraw = True
54.8966 	EXP 	left: autoDraw = True
54.8966 	EXP 	right: autoDraw = True
54.8966 	EXP 	up: autoDraw = True
54.8966 	EXP 	down: autoDraw = True
54.9139 	EXP 	center: autoDraw = True
54.9139 	EXP 	left: autoDraw = True
54.9139 	EXP 	right: autoDraw = True
54.9139 	EXP 	up: autoDraw = True
54.9139 	EXP 	down: autoDraw = True
54.9307 	EXP 	center: autoDraw = True
54.9307 	EXP 	left: autoDraw = True
54.9307 	EXP 	right: autoDraw = True
54.9307 	EXP 	up: autoDraw = True
54.9307 	EXP 	down: autoDraw = True
54.9475 	EXP 	center: autoDraw = True
54.9475 	EXP 	left: autoDraw = True
54.9475 	EXP 	right: autoDraw = True
54.9475 	EXP 	up: autoDraw = True
54.9475 	EXP 	down: autoDraw = True
54.9639 	EXP 	center: autoDraw = True
54.9639 	EXP 	left: autoDraw = True
54.9639 	EXP 	right: autoDraw = True
54.9639 	EXP 	up: autoDraw = True
54.9639 	EXP 	down: autoDraw = True
54.9807 	EXP 	center: autoDraw = True
54.9807 	EXP 	left: autoDraw = True
54.9807 	EXP 	right: autoDraw = True
54.9807 	EXP 	up: autoDraw = True
54.9807 	EXP 	down: autoDraw = True
54.9972 	EXP 	center: autoDraw = True
54.9972 	EXP 	left: autoDraw = True
54.9972 	EXP 	right: autoDraw = True
54.9972 	EXP 	up: autoDraw = True
54.9972 	EXP 	down: autoDraw = True
55.0140 	EXP 	center: autoDraw = True
55.0140 	EXP 	left: autoDraw = True
55.0140 	EXP 	right: autoDraw = True
55.0140 	EXP 	up: autoDraw = True
55.0140 	EXP 	down: autoDraw = True
55.0308 	EXP 	center: autoDraw = True
55.0308 	EXP 	left: autoDraw = True
55.0308 	EXP 	right: autoDraw = True
55.0308 	EXP 	up: autoDraw = True
55.0308 	EXP 	down: autoDraw = True
55.0310 	DATA 	wsqS
55.0471 	EXP 	center: autoDraw = True
55.0471 	EXP 	left: autoDraw = True
55.0471 	EXP 	right: autoDraw = True
55.0471 	EXP 	up: autoDraw = True
55.0471 	EXP 	down: autoDraw = True
55.0471 	EXP 	whitesquare: autoDraw = True
55.0639 	EXP 	center: autoDraw = True
55.0639 	EXP 	left: autoDraw = True
55.0639 	EXP 	right: autoDraw = True
55.0639 	EXP 	up: autoDraw = True
55.0639 	EXP 	down: autoDraw = True
55.0639 	EXP 	whitesquare: autoDraw = False
55.0806 	EXP 	center: autoDraw = True
55.0806 	EXP 	left: autoDraw = True
55.0806 	EXP 	right: autoDraw = True
55.0806 	EXP 	up: autoDraw = True
55.0806 	EXP 	down: autoDraw = True
55.0972 	EXP 	center: autoDraw = True
55.0972 	EXP 	left: autoDraw = True
55.0972 	EXP 	right: autoDraw = True
55.0972 	EXP 	up: autoDraw = True
55.0972 	EXP 	down: autoDraw = True
55.1139 	EXP 	center: autoDraw = True
55.1139 	EXP 	left: autoDraw = True
55.1139 	EXP 	right: autoDraw = True
55.1139 	EXP 	up: autoDraw = True
55.1139 	EXP 	down: autoDraw = True
55.1308 	EXP 	center: autoDraw = True
55.1308 	EXP 	left: autoDraw = True
55.1308 	EXP 	right: autoDraw = True
55.1308 	EXP 	up: autoDraw = True
55.1308 	EXP 	down: autoDraw = True
55.1476 	EXP 	center: autoDraw = True
55.1476 	EXP 	left: autoDraw = True
55.1476 	EXP 	right: autoDraw = True
55.1476 	EXP 	up: autoDraw = True
55.1476 	EXP 	down: autoDraw = True
55.1639 	EXP 	center: autoDraw = True
55.1639 	EXP 	left: autoDraw = True
55.1639 	EXP 	right: autoDraw = True
55.1639 	EXP 	up: autoDraw = True
55.1639 	EXP 	down: autoDraw = True
55.1808 	EXP 	center: autoDraw = True
55.1808 	EXP 	left: autoDraw = True
55.1808 	EXP 	right: autoDraw = True
55.1808 	EXP 	up: autoDraw = True
55.1808 	EXP 	down: autoDraw = True
55.1967 	EXP 	center: autoDraw = True
55.1967 	EXP 	left: autoDraw = True
55.1967 	EXP 	right: autoDraw = True
55.1967 	EXP 	up: autoDraw = True
55.1967 	EXP 	down: autoDraw = True
55.2139 	EXP 	center: autoDraw = True
55.2139 	EXP 	left: autoDraw = True
55.2139 	EXP 	right: autoDraw = True
55.2139 	EXP 	up: autoDraw = True
55.2139 	EXP 	down: autoDraw = True
55.2307 	EXP 	center: autoDraw = True
55.2307 	EXP 	left: autoDraw = True
55.2307 	EXP 	right: autoDraw = True
55.2307 	EXP 	up: autoDraw = True
55.2307 	EXP 	down: autoDraw = True
55.2476 	EXP 	center: autoDraw = True
55.2476 	EXP 	left: autoDraw = True
55.2476 	EXP 	right: autoDraw = True
55.2476 	EXP 	up: autoDraw = True
55.2476 	EXP 	down: autoDraw = True
55.2640 	EXP 	center: autoDraw = True
55.2640 	EXP 	left: autoDraw = True
55.2640 	EXP 	right: autoDraw = True
55.2640 	EXP 	up: autoDraw = True
55.2640 	EXP 	down: autoDraw = True
55.2809 	EXP 	center: autoDraw = True
55.2809 	EXP 	left: autoDraw = True
55.2809 	EXP 	right: autoDraw = True
55.2809 	EXP 	up: autoDraw = True
55.2809 	EXP 	down: autoDraw = True
55.2972 	EXP 	center: autoDraw = True
55.2972 	EXP 	left: autoDraw = True
55.2972 	EXP 	right: autoDraw = True
55.2972 	EXP 	up: autoDraw = True
55.2972 	EXP 	down: autoDraw = True
55.3140 	EXP 	center: autoDraw = True
55.3140 	EXP 	left: autoDraw = True
55.3140 	EXP 	right: autoDraw = True
55.3140 	EXP 	up: autoDraw = True
55.3140 	EXP 	down: autoDraw = True
55.3307 	EXP 	center: autoDraw = True
55.3307 	EXP 	left: autoDraw = True
55.3307 	EXP 	right: autoDraw = True
55.3307 	EXP 	up: autoDraw = True
55.3307 	EXP 	down: autoDraw = True
55.3476 	EXP 	center: autoDraw = True
55.3476 	EXP 	left: autoDraw = True
55.3476 	EXP 	right: autoDraw = True
55.3476 	EXP 	up: autoDraw = True
55.3476 	EXP 	down: autoDraw = True
55.3638 	EXP 	center: autoDraw = True
55.3638 	EXP 	left: autoDraw = True
55.3638 	EXP 	right: autoDraw = True
55.3638 	EXP 	up: autoDraw = True
55.3638 	EXP 	down: autoDraw = True
55.3806 	EXP 	center: autoDraw = True
55.3806 	EXP 	left: autoDraw = True
55.3806 	EXP 	right: autoDraw = True
55.3806 	EXP 	up: autoDraw = True
55.3806 	EXP 	down: autoDraw = True
55.3966 	EXP 	center: autoDraw = True
55.3966 	EXP 	left: autoDraw = True
55.3966 	EXP 	right: autoDraw = True
55.3966 	EXP 	up: autoDraw = True
55.3966 	EXP 	down: autoDraw = True
55.4139 	EXP 	center: autoDraw = True
55.4139 	EXP 	left: autoDraw = True
55.4139 	EXP 	right: autoDraw = True
55.4139 	EXP 	up: autoDraw = True
55.4139 	EXP 	down: autoDraw = True
55.4306 	EXP 	center: autoDraw = True
55.4306 	EXP 	left: autoDraw = True
55.4306 	EXP 	right: autoDraw = True
55.4306 	EXP 	up: autoDraw = True
55.4306 	EXP 	down: autoDraw = True
55.4474 	EXP 	center: autoDraw = True
55.4474 	EXP 	left: autoDraw = True
55.4474 	EXP 	right: autoDraw = True
55.4474 	EXP 	up: autoDraw = True
55.4474 	EXP 	down: autoDraw = True
55.4638 	EXP 	center: autoDraw = True
55.4638 	EXP 	left: autoDraw = True
55.4638 	EXP 	right: autoDraw = True
55.4638 	EXP 	up: autoDraw = True
55.4638 	EXP 	down: autoDraw = True
55.4806 	EXP 	center: autoDraw = True
55.4806 	EXP 	left: autoDraw = True
55.4806 	EXP 	right: autoDraw = True
55.4806 	EXP 	up: autoDraw = True
55.4806 	EXP 	down: autoDraw = True
55.4972 	EXP 	center: autoDraw = True
55.4972 	EXP 	left: autoDraw = True
55.4972 	EXP 	right: autoDraw = True
55.4972 	EXP 	up: autoDraw = True
55.4972 	EXP 	down: autoDraw = True
55.5140 	EXP 	center: autoDraw = True
55.5140 	EXP 	left: autoDraw = True
55.5140 	EXP 	right: autoDraw = True
55.5140 	EXP 	up: autoDraw = True
55.5140 	EXP 	down: autoDraw = True
55.5308 	EXP 	center: autoDraw = True
55.5308 	EXP 	left: autoDraw = True
55.5308 	EXP 	right: autoDraw = True
55.5308 	EXP 	up: autoDraw = True
55.5308 	EXP 	down: autoDraw = True
55.5472 	EXP 	center: autoDraw = True
55.5472 	EXP 	left: autoDraw = True
55.5472 	EXP 	right: autoDraw = True
55.5472 	EXP 	up: autoDraw = True
55.5472 	EXP 	down: autoDraw = True
55.5640 	EXP 	center: autoDraw = True
55.5640 	EXP 	left: autoDraw = True
55.5640 	EXP 	right: autoDraw = True
55.5640 	EXP 	up: autoDraw = True
55.5640 	EXP 	down: autoDraw = True
55.5799 	EXP 	center: autoDraw = True
55.5799 	EXP 	left: autoDraw = True
55.5799 	EXP 	right: autoDraw = True
55.5799 	EXP 	up: autoDraw = True
55.5799 	EXP 	down: autoDraw = True
55.5972 	EXP 	center: autoDraw = True
55.5972 	EXP 	left: autoDraw = True
55.5972 	EXP 	right: autoDraw = True
55.5972 	EXP 	up: autoDraw = True
55.5972 	EXP 	down: autoDraw = True
55.6135 	EXP 	center: autoDraw = True
55.6135 	EXP 	left: autoDraw = True
55.6135 	EXP 	right: autoDraw = True
55.6135 	EXP 	up: autoDraw = True
55.6135 	EXP 	down: autoDraw = True
55.6305 	EXP 	center: autoDraw = True
55.6305 	EXP 	left: autoDraw = True
55.6305 	EXP 	right: autoDraw = True
55.6305 	EXP 	up: autoDraw = True
55.6305 	EXP 	down: autoDraw = True
55.6474 	EXP 	center: autoDraw = True
55.6474 	EXP 	left: autoDraw = True
55.6474 	EXP 	right: autoDraw = True
55.6474 	EXP 	up: autoDraw = True
55.6474 	EXP 	down: autoDraw = True
55.6638 	EXP 	center: autoDraw = True
55.6638 	EXP 	left: autoDraw = True
55.6638 	EXP 	right: autoDraw = True
55.6638 	EXP 	up: autoDraw = True
55.6638 	EXP 	down: autoDraw = True
55.6806 	EXP 	center: autoDraw = True
55.6806 	EXP 	left: autoDraw = True
55.6806 	EXP 	right: autoDraw = True
55.6806 	EXP 	up: autoDraw = True
55.6806 	EXP 	down: autoDraw = True
55.6972 	EXP 	center: autoDraw = True
55.6972 	EXP 	left: autoDraw = True
55.6972 	EXP 	right: autoDraw = True
55.6972 	EXP 	up: autoDraw = True
55.6972 	EXP 	down: autoDraw = True
55.7140 	EXP 	center: autoDraw = True
55.7140 	EXP 	left: autoDraw = True
55.7140 	EXP 	right: autoDraw = True
55.7140 	EXP 	up: autoDraw = True
55.7140 	EXP 	down: autoDraw = True
55.7307 	EXP 	center: autoDraw = True
55.7307 	EXP 	left: autoDraw = True
55.7307 	EXP 	right: autoDraw = True
55.7307 	EXP 	up: autoDraw = True
55.7307 	EXP 	down: autoDraw = True
55.7475 	EXP 	center: autoDraw = True
55.7475 	EXP 	left: autoDraw = True
55.7475 	EXP 	right: autoDraw = True
55.7475 	EXP 	up: autoDraw = True
55.7475 	EXP 	down: autoDraw = True
55.7639 	EXP 	center: autoDraw = True
55.7639 	EXP 	left: autoDraw = True
55.7639 	EXP 	right: autoDraw = True
55.7639 	EXP 	up: autoDraw = True
55.7639 	EXP 	down: autoDraw = True
55.7807 	EXP 	center: autoDraw = True
55.7807 	EXP 	left: autoDraw = True
55.7807 	EXP 	right: autoDraw = True
55.7807 	EXP 	up: autoDraw = True
55.7807 	EXP 	down: autoDraw = True
55.7972 	EXP 	center: autoDraw = True
55.7972 	EXP 	left: autoDraw = True
55.7972 	EXP 	right: autoDraw = True
55.7972 	EXP 	up: autoDraw = True
55.7972 	EXP 	down: autoDraw = True
55.8141 	EXP 	center: autoDraw = True
55.8141 	EXP 	left: autoDraw = True
55.8141 	EXP 	right: autoDraw = True
55.8141 	EXP 	up: autoDraw = True
55.8141 	EXP 	down: autoDraw = True
55.8307 	EXP 	center: autoDraw = True
55.8307 	EXP 	left: autoDraw = True
55.8307 	EXP 	right: autoDraw = True
55.8307 	EXP 	up: autoDraw = True
55.8307 	EXP 	down: autoDraw = True
55.8469 	EXP 	center: autoDraw = True
55.8469 	EXP 	left: autoDraw = True
55.8469 	EXP 	right: autoDraw = True
55.8469 	EXP 	up: autoDraw = True
55.8469 	EXP 	down: autoDraw = True
55.8638 	EXP 	center: autoDraw = True
55.8638 	EXP 	left: autoDraw = True
55.8638 	EXP 	right: autoDraw = True
55.8638 	EXP 	up: autoDraw = True
55.8638 	EXP 	down: autoDraw = True
55.8807 	EXP 	center: autoDraw = True
55.8807 	EXP 	left: autoDraw = True
55.8807 	EXP 	right: autoDraw = True
55.8807 	EXP 	up: autoDraw = True
55.8807 	EXP 	down: autoDraw = True
55.8972 	EXP 	center: autoDraw = True
55.8972 	EXP 	left: autoDraw = True
55.8972 	EXP 	right: autoDraw = True
55.8972 	EXP 	up: autoDraw = True
55.8972 	EXP 	down: autoDraw = True
55.9140 	EXP 	center: autoDraw = True
55.9140 	EXP 	left: autoDraw = True
55.9140 	EXP 	right: autoDraw = True
55.9140 	EXP 	up: autoDraw = True
55.9140 	EXP 	down: autoDraw = True
55.9308 	EXP 	center: autoDraw = True
55.9308 	EXP 	left: autoDraw = True
55.9308 	EXP 	right: autoDraw = True
55.9308 	EXP 	up: autoDraw = True
55.9308 	EXP 	down: autoDraw = True
55.9471 	EXP 	center: autoDraw = True
55.9471 	EXP 	left: autoDraw = True
55.9471 	EXP 	right: autoDraw = True
55.9471 	EXP 	up: autoDraw = True
55.9471 	EXP 	down: autoDraw = True
55.9642 	EXP 	center: autoDraw = True
55.9642 	EXP 	left: autoDraw = True
55.9642 	EXP 	right: autoDraw = True
55.9642 	EXP 	up: autoDraw = True
55.9642 	EXP 	down: autoDraw = True
55.9806 	EXP 	center: autoDraw = True
55.9806 	EXP 	left: autoDraw = True
55.9806 	EXP 	right: autoDraw = True
55.9806 	EXP 	up: autoDraw = True
55.9806 	EXP 	down: autoDraw = True
55.9973 	EXP 	center: autoDraw = True
55.9973 	EXP 	left: autoDraw = True
55.9973 	EXP 	right: autoDraw = True
55.9973 	EXP 	up: autoDraw = True
55.9973 	EXP 	down: autoDraw = True
56.0140 	EXP 	center: autoDraw = True
56.0140 	EXP 	left: autoDraw = True
56.0140 	EXP 	right: autoDraw = True
56.0140 	EXP 	up: autoDraw = True
56.0140 	EXP 	down: autoDraw = True
56.0308 	EXP 	center: autoDraw = True
56.0308 	EXP 	left: autoDraw = True
56.0308 	EXP 	right: autoDraw = True
56.0308 	EXP 	up: autoDraw = True
56.0308 	EXP 	down: autoDraw = True
56.0471 	EXP 	center: autoDraw = True
56.0471 	EXP 	left: autoDraw = True
56.0471 	EXP 	right: autoDraw = True
56.0471 	EXP 	up: autoDraw = True
56.0471 	EXP 	down: autoDraw = True
56.0639 	EXP 	center: autoDraw = True
56.0639 	EXP 	left: autoDraw = True
56.0639 	EXP 	right: autoDraw = True
56.0639 	EXP 	up: autoDraw = True
56.0639 	EXP 	down: autoDraw = True
56.0808 	EXP 	center: autoDraw = True
56.0808 	EXP 	left: autoDraw = True
56.0808 	EXP 	right: autoDraw = True
56.0808 	EXP 	up: autoDraw = True
56.0808 	EXP 	down: autoDraw = True
56.0971 	EXP 	center: autoDraw = True
56.0971 	EXP 	left: autoDraw = True
56.0971 	EXP 	right: autoDraw = True
56.0971 	EXP 	up: autoDraw = True
56.0971 	EXP 	down: autoDraw = True
56.1138 	EXP 	center: autoDraw = True
56.1138 	EXP 	left: autoDraw = True
56.1138 	EXP 	right: autoDraw = True
56.1138 	EXP 	up: autoDraw = True
56.1138 	EXP 	down: autoDraw = True
56.1306 	EXP 	center: autoDraw = True
56.1306 	EXP 	left: autoDraw = True
56.1306 	EXP 	right: autoDraw = True
56.1306 	EXP 	up: autoDraw = True
56.1306 	EXP 	down: autoDraw = True
56.1475 	EXP 	center: autoDraw = True
56.1475 	EXP 	left: autoDraw = True
56.1475 	EXP 	right: autoDraw = True
56.1475 	EXP 	up: autoDraw = True
56.1475 	EXP 	down: autoDraw = True
56.1638 	EXP 	center: autoDraw = True
56.1638 	EXP 	left: autoDraw = True
56.1638 	EXP 	right: autoDraw = True
56.1638 	EXP 	up: autoDraw = True
56.1638 	EXP 	down: autoDraw = True
56.1805 	EXP 	center: autoDraw = True
56.1805 	EXP 	left: autoDraw = True
56.1805 	EXP 	right: autoDraw = True
56.1805 	EXP 	up: autoDraw = True
56.1805 	EXP 	down: autoDraw = True
56.1972 	EXP 	center: autoDraw = True
56.1972 	EXP 	left: autoDraw = True
56.1972 	EXP 	right: autoDraw = True
56.1972 	EXP 	up: autoDraw = True
56.1972 	EXP 	down: autoDraw = True
56.2139 	EXP 	center: autoDraw = True
56.2139 	EXP 	left: autoDraw = True
56.2139 	EXP 	right: autoDraw = True
56.2139 	EXP 	up: autoDraw = True
56.2139 	EXP 	down: autoDraw = True
56.2300 	EXP 	center: autoDraw = True
56.2300 	EXP 	left: autoDraw = True
56.2300 	EXP 	right: autoDraw = True
56.2300 	EXP 	up: autoDraw = True
56.2300 	EXP 	down: autoDraw = True
56.2471 	EXP 	center: autoDraw = True
56.2471 	EXP 	left: autoDraw = True
56.2471 	EXP 	right: autoDraw = True
56.2471 	EXP 	up: autoDraw = True
56.2471 	EXP 	down: autoDraw = True
56.2641 	EXP 	center: autoDraw = True
56.2641 	EXP 	left: autoDraw = True
56.2641 	EXP 	right: autoDraw = True
56.2641 	EXP 	up: autoDraw = True
56.2641 	EXP 	down: autoDraw = True
56.2808 	EXP 	center: autoDraw = True
56.2808 	EXP 	left: autoDraw = True
56.2808 	EXP 	right: autoDraw = True
56.2808 	EXP 	up: autoDraw = True
56.2808 	EXP 	down: autoDraw = True
56.2971 	EXP 	center: autoDraw = True
56.2971 	EXP 	left: autoDraw = True
56.2971 	EXP 	right: autoDraw = True
56.2971 	EXP 	up: autoDraw = True
56.2971 	EXP 	down: autoDraw = True
56.3141 	EXP 	center: autoDraw = True
56.3141 	EXP 	left: autoDraw = True
56.3141 	EXP 	right: autoDraw = True
56.3141 	EXP 	up: autoDraw = True
56.3141 	EXP 	down: autoDraw = True
56.3305 	EXP 	center: autoDraw = True
56.3305 	EXP 	left: autoDraw = True
56.3305 	EXP 	right: autoDraw = True
56.3305 	EXP 	up: autoDraw = True
56.3305 	EXP 	down: autoDraw = True
56.3472 	EXP 	center: autoDraw = True
56.3472 	EXP 	left: autoDraw = True
56.3472 	EXP 	right: autoDraw = True
56.3472 	EXP 	up: autoDraw = True
56.3472 	EXP 	down: autoDraw = True
56.3640 	EXP 	center: autoDraw = True
56.3640 	EXP 	left: autoDraw = True
56.3640 	EXP 	right: autoDraw = True
56.3640 	EXP 	up: autoDraw = True
56.3640 	EXP 	down: autoDraw = True
56.3806 	EXP 	center: autoDraw = True
56.3806 	EXP 	left: autoDraw = True
56.3806 	EXP 	right: autoDraw = True
56.3806 	EXP 	up: autoDraw = True
56.3806 	EXP 	down: autoDraw = True
56.3971 	EXP 	center: autoDraw = True
56.3971 	EXP 	left: autoDraw = True
56.3971 	EXP 	right: autoDraw = True
56.3971 	EXP 	up: autoDraw = True
56.3971 	EXP 	down: autoDraw = True
56.4140 	EXP 	center: autoDraw = True
56.4140 	EXP 	left: autoDraw = True
56.4140 	EXP 	right: autoDraw = True
56.4140 	EXP 	up: autoDraw = True
56.4140 	EXP 	down: autoDraw = True
56.4308 	EXP 	center: autoDraw = True
56.4308 	EXP 	left: autoDraw = True
56.4308 	EXP 	right: autoDraw = True
56.4308 	EXP 	up: autoDraw = True
56.4308 	EXP 	down: autoDraw = True
56.4471 	EXP 	center: autoDraw = True
56.4471 	EXP 	left: autoDraw = True
56.4471 	EXP 	right: autoDraw = True
56.4471 	EXP 	up: autoDraw = True
56.4471 	EXP 	down: autoDraw = True
56.4639 	EXP 	center: autoDraw = True
56.4639 	EXP 	left: autoDraw = True
56.4639 	EXP 	right: autoDraw = True
56.4639 	EXP 	up: autoDraw = True
56.4639 	EXP 	down: autoDraw = True
56.4807 	EXP 	center: autoDraw = True
56.4807 	EXP 	left: autoDraw = True
56.4807 	EXP 	right: autoDraw = True
56.4807 	EXP 	up: autoDraw = True
56.4807 	EXP 	down: autoDraw = True
56.4970 	EXP 	center: autoDraw = True
56.4970 	EXP 	left: autoDraw = True
56.4970 	EXP 	right: autoDraw = True
56.4970 	EXP 	up: autoDraw = True
56.4970 	EXP 	down: autoDraw = True
56.5137 	EXP 	center: autoDraw = True
56.5137 	EXP 	left: autoDraw = True
56.5137 	EXP 	right: autoDraw = True
56.5137 	EXP 	up: autoDraw = True
56.5137 	EXP 	down: autoDraw = True
56.5305 	EXP 	center: autoDraw = True
56.5305 	EXP 	left: autoDraw = True
56.5305 	EXP 	right: autoDraw = True
56.5305 	EXP 	up: autoDraw = True
56.5305 	EXP 	down: autoDraw = True
56.5474 	EXP 	center: autoDraw = True
56.5474 	EXP 	left: autoDraw = True
56.5474 	EXP 	right: autoDraw = True
56.5474 	EXP 	up: autoDraw = True
56.5474 	EXP 	down: autoDraw = True
56.5638 	EXP 	center: autoDraw = True
56.5638 	EXP 	left: autoDraw = True
56.5638 	EXP 	right: autoDraw = True
56.5638 	EXP 	up: autoDraw = True
56.5638 	EXP 	down: autoDraw = True
56.5805 	EXP 	center: autoDraw = True
56.5805 	EXP 	left: autoDraw = True
56.5805 	EXP 	right: autoDraw = True
56.5805 	EXP 	up: autoDraw = True
56.5805 	EXP 	down: autoDraw = True
56.5971 	EXP 	center: autoDraw = True
56.5971 	EXP 	left: autoDraw = True
56.5971 	EXP 	right: autoDraw = True
56.5971 	EXP 	up: autoDraw = True
56.5971 	EXP 	down: autoDraw = True
56.6132 	EXP 	center: autoDraw = True
56.6132 	EXP 	left: autoDraw = True
56.6132 	EXP 	right: autoDraw = True
56.6132 	EXP 	up: autoDraw = True
56.6132 	EXP 	down: autoDraw = True
56.6304 	EXP 	center: autoDraw = True
56.6304 	EXP 	left: autoDraw = True
56.6304 	EXP 	right: autoDraw = True
56.6304 	EXP 	up: autoDraw = True
56.6304 	EXP 	down: autoDraw = True
56.6472 	EXP 	center: autoDraw = True
56.6472 	EXP 	left: autoDraw = True
56.6472 	EXP 	right: autoDraw = True
56.6472 	EXP 	up: autoDraw = True
56.6472 	EXP 	down: autoDraw = True
56.6642 	EXP 	center: autoDraw = True
56.6642 	EXP 	left: autoDraw = True
56.6642 	EXP 	right: autoDraw = True
56.6642 	EXP 	up: autoDraw = True
56.6642 	EXP 	down: autoDraw = True
56.6805 	EXP 	center: autoDraw = True
56.6805 	EXP 	left: autoDraw = True
56.6805 	EXP 	right: autoDraw = True
56.6805 	EXP 	up: autoDraw = True
56.6805 	EXP 	down: autoDraw = True
56.6972 	EXP 	center: autoDraw = True
56.6972 	EXP 	left: autoDraw = True
56.6972 	EXP 	right: autoDraw = True
56.6972 	EXP 	up: autoDraw = True
56.6972 	EXP 	down: autoDraw = True
56.7139 	EXP 	center: autoDraw = True
56.7139 	EXP 	left: autoDraw = True
56.7139 	EXP 	right: autoDraw = True
56.7139 	EXP 	up: autoDraw = True
56.7139 	EXP 	down: autoDraw = True
56.7308 	EXP 	center: autoDraw = True
56.7308 	EXP 	left: autoDraw = True
56.7308 	EXP 	right: autoDraw = True
56.7308 	EXP 	up: autoDraw = True
56.7308 	EXP 	down: autoDraw = True
56.7471 	EXP 	center: autoDraw = True
56.7471 	EXP 	left: autoDraw = True
56.7471 	EXP 	right: autoDraw = True
56.7471 	EXP 	up: autoDraw = True
56.7471 	EXP 	down: autoDraw = True
56.7639 	EXP 	center: autoDraw = True
56.7639 	EXP 	left: autoDraw = True
56.7639 	EXP 	right: autoDraw = True
56.7639 	EXP 	up: autoDraw = True
56.7639 	EXP 	down: autoDraw = True
56.7807 	EXP 	center: autoDraw = True
56.7807 	EXP 	left: autoDraw = True
56.7807 	EXP 	right: autoDraw = True
56.7807 	EXP 	up: autoDraw = True
56.7807 	EXP 	down: autoDraw = True
56.7972 	EXP 	center: autoDraw = True
56.7972 	EXP 	left: autoDraw = True
56.7972 	EXP 	right: autoDraw = True
56.7972 	EXP 	up: autoDraw = True
56.7972 	EXP 	down: autoDraw = True
56.8139 	EXP 	center: autoDraw = True
56.8139 	EXP 	left: autoDraw = True
56.8139 	EXP 	right: autoDraw = True
56.8139 	EXP 	up: autoDraw = True
56.8139 	EXP 	down: autoDraw = True
56.8307 	EXP 	center: autoDraw = True
56.8307 	EXP 	left: autoDraw = True
56.8307 	EXP 	right: autoDraw = True
56.8307 	EXP 	up: autoDraw = True
56.8307 	EXP 	down: autoDraw = True
56.8471 	EXP 	center: autoDraw = True
56.8471 	EXP 	left: autoDraw = True
56.8471 	EXP 	right: autoDraw = True
56.8471 	EXP 	up: autoDraw = True
56.8471 	EXP 	down: autoDraw = True
56.8639 	EXP 	center: autoDraw = True
56.8639 	EXP 	left: autoDraw = True
56.8639 	EXP 	right: autoDraw = True
56.8639 	EXP 	up: autoDraw = True
56.8639 	EXP 	down: autoDraw = True
56.8801 	EXP 	center: autoDraw = True
56.8801 	EXP 	left: autoDraw = True
56.8801 	EXP 	right: autoDraw = True
56.8801 	EXP 	up: autoDraw = True
56.8801 	EXP 	down: autoDraw = True
56.8971 	EXP 	center: autoDraw = True
56.8971 	EXP 	left: autoDraw = True
56.8971 	EXP 	right: autoDraw = True
56.8971 	EXP 	up: autoDraw = True
56.8971 	EXP 	down: autoDraw = True
56.9139 	EXP 	center: autoDraw = True
56.9139 	EXP 	left: autoDraw = True
56.9139 	EXP 	right: autoDraw = True
56.9139 	EXP 	up: autoDraw = True
56.9139 	EXP 	down: autoDraw = True
56.9306 	EXP 	center: autoDraw = True
56.9306 	EXP 	left: autoDraw = True
56.9306 	EXP 	right: autoDraw = True
56.9306 	EXP 	up: autoDraw = True
56.9306 	EXP 	down: autoDraw = True
56.9471 	EXP 	center: autoDraw = True
56.9471 	EXP 	left: autoDraw = True
56.9471 	EXP 	right: autoDraw = True
56.9471 	EXP 	up: autoDraw = True
56.9471 	EXP 	down: autoDraw = True
56.9640 	EXP 	center: autoDraw = True
56.9640 	EXP 	left: autoDraw = True
56.9640 	EXP 	right: autoDraw = True
56.9640 	EXP 	up: autoDraw = True
56.9640 	EXP 	down: autoDraw = True
56.9804 	EXP 	center: autoDraw = True
56.9804 	EXP 	left: autoDraw = True
56.9804 	EXP 	right: autoDraw = True
56.9804 	EXP 	up: autoDraw = True
56.9804 	EXP 	down: autoDraw = True
56.9974 	EXP 	center: autoDraw = True
56.9974 	EXP 	left: autoDraw = True
56.9974 	EXP 	right: autoDraw = True
56.9974 	EXP 	up: autoDraw = True
56.9974 	EXP 	down: autoDraw = True
57.0138 	EXP 	center: autoDraw = True
57.0138 	EXP 	left: autoDraw = True
57.0138 	EXP 	right: autoDraw = True
57.0138 	EXP 	up: autoDraw = True
57.0138 	EXP 	down: autoDraw = True
57.0306 	EXP 	center: autoDraw = True
57.0306 	EXP 	left: autoDraw = True
57.0306 	EXP 	right: autoDraw = True
57.0306 	EXP 	up: autoDraw = True
57.0306 	EXP 	down: autoDraw = True
57.0474 	EXP 	center: autoDraw = True
57.0474 	EXP 	left: autoDraw = True
57.0474 	EXP 	right: autoDraw = True
57.0474 	EXP 	up: autoDraw = True
57.0474 	EXP 	down: autoDraw = True
57.0638 	EXP 	center: autoDraw = True
57.0638 	EXP 	left: autoDraw = True
57.0638 	EXP 	right: autoDraw = True
57.0638 	EXP 	up: autoDraw = True
57.0638 	EXP 	down: autoDraw = True
57.0806 	EXP 	center: autoDraw = True
57.0806 	EXP 	left: autoDraw = True
57.0806 	EXP 	right: autoDraw = True
57.0806 	EXP 	up: autoDraw = True
57.0806 	EXP 	down: autoDraw = True
57.0971 	EXP 	center: autoDraw = True
57.0971 	EXP 	left: autoDraw = True
57.0971 	EXP 	right: autoDraw = True
57.0971 	EXP 	up: autoDraw = True
57.0971 	EXP 	down: autoDraw = True
57.1140 	EXP 	center: autoDraw = True
57.1140 	EXP 	left: autoDraw = True
57.1140 	EXP 	right: autoDraw = True
57.1140 	EXP 	up: autoDraw = True
57.1140 	EXP 	down: autoDraw = True
57.1304 	EXP 	center: autoDraw = True
57.1304 	EXP 	left: autoDraw = True
57.1304 	EXP 	right: autoDraw = True
57.1304 	EXP 	up: autoDraw = True
57.1304 	EXP 	down: autoDraw = True
57.1472 	EXP 	center: autoDraw = True
57.1472 	EXP 	left: autoDraw = True
57.1472 	EXP 	right: autoDraw = True
57.1472 	EXP 	up: autoDraw = True
57.1472 	EXP 	down: autoDraw = True
57.1639 	EXP 	center: autoDraw = True
57.1639 	EXP 	left: autoDraw = True
57.1639 	EXP 	right: autoDraw = True
57.1639 	EXP 	up: autoDraw = True
57.1639 	EXP 	down: autoDraw = True
57.1801 	EXP 	center: autoDraw = True
57.1801 	EXP 	left: autoDraw = True
57.1801 	EXP 	right: autoDraw = True
57.1801 	EXP 	up: autoDraw = True
57.1801 	EXP 	down: autoDraw = True
57.1970 	EXP 	center: autoDraw = True
57.1970 	EXP 	left: autoDraw = True
57.1970 	EXP 	right: autoDraw = True
57.1970 	EXP 	up: autoDraw = True
57.1970 	EXP 	down: autoDraw = True
57.2139 	EXP 	center: autoDraw = True
57.2139 	EXP 	left: autoDraw = True
57.2139 	EXP 	right: autoDraw = True
57.2139 	EXP 	up: autoDraw = True
57.2139 	EXP 	down: autoDraw = True
57.2304 	EXP 	center: autoDraw = True
57.2304 	EXP 	left: autoDraw = True
57.2304 	EXP 	right: autoDraw = True
57.2304 	EXP 	up: autoDraw = True
57.2304 	EXP 	down: autoDraw = True
57.2472 	EXP 	center: autoDraw = True
57.2472 	EXP 	left: autoDraw = True
57.2472 	EXP 	right: autoDraw = True
57.2472 	EXP 	up: autoDraw = True
57.2472 	EXP 	down: autoDraw = True
57.2633 	EXP 	center: autoDraw = True
57.2633 	EXP 	left: autoDraw = True
57.2633 	EXP 	right: autoDraw = True
57.2633 	EXP 	up: autoDraw = True
57.2633 	EXP 	down: autoDraw = True
57.2803 	EXP 	center: autoDraw = True
57.2803 	EXP 	left: autoDraw = True
57.2803 	EXP 	right: autoDraw = True
57.2803 	EXP 	up: autoDraw = True
57.2803 	EXP 	down: autoDraw = True
57.2971 	EXP 	center: autoDraw = True
57.2971 	EXP 	left: autoDraw = True
57.2971 	EXP 	right: autoDraw = True
57.2971 	EXP 	up: autoDraw = True
57.2971 	EXP 	down: autoDraw = True
57.3139 	EXP 	center: autoDraw = True
57.3139 	EXP 	left: autoDraw = True
57.3139 	EXP 	right: autoDraw = True
57.3139 	EXP 	up: autoDraw = True
57.3139 	EXP 	down: autoDraw = True
57.3307 	EXP 	center: autoDraw = True
57.3307 	EXP 	left: autoDraw = True
57.3307 	EXP 	right: autoDraw = True
57.3307 	EXP 	up: autoDraw = True
57.3307 	EXP 	down: autoDraw = True
57.3470 	EXP 	center: autoDraw = True
57.3470 	EXP 	left: autoDraw = True
57.3470 	EXP 	right: autoDraw = True
57.3470 	EXP 	up: autoDraw = True
57.3470 	EXP 	down: autoDraw = True
57.3639 	EXP 	center: autoDraw = True
57.3639 	EXP 	left: autoDraw = True
57.3639 	EXP 	right: autoDraw = True
57.3639 	EXP 	up: autoDraw = True
57.3639 	EXP 	down: autoDraw = True
57.3806 	EXP 	center: autoDraw = True
57.3806 	EXP 	left: autoDraw = True
57.3806 	EXP 	right: autoDraw = True
57.3806 	EXP 	up: autoDraw = True
57.3806 	EXP 	down: autoDraw = True
57.3971 	EXP 	center: autoDraw = True
57.3971 	EXP 	left: autoDraw = True
57.3971 	EXP 	right: autoDraw = True
57.3971 	EXP 	up: autoDraw = True
57.3971 	EXP 	down: autoDraw = True
57.4139 	EXP 	center: autoDraw = True
57.4139 	EXP 	left: autoDraw = True
57.4139 	EXP 	right: autoDraw = True
57.4139 	EXP 	up: autoDraw = True
57.4139 	EXP 	down: autoDraw = True
57.4307 	EXP 	center: autoDraw = True
57.4307 	EXP 	left: autoDraw = True
57.4307 	EXP 	right: autoDraw = True
57.4307 	EXP 	up: autoDraw = True
57.4307 	EXP 	down: autoDraw = True
57.4470 	EXP 	center: autoDraw = True
57.4470 	EXP 	left: autoDraw = True
57.4470 	EXP 	right: autoDraw = True
57.4470 	EXP 	up: autoDraw = True
57.4470 	EXP 	down: autoDraw = True
57.4638 	EXP 	center: autoDraw = True
57.4638 	EXP 	left: autoDraw = True
57.4638 	EXP 	right: autoDraw = True
57.4638 	EXP 	up: autoDraw = True
57.4638 	EXP 	down: autoDraw = True
57.4806 	EXP 	center: autoDraw = True
57.4806 	EXP 	left: autoDraw = True
57.4806 	EXP 	right: autoDraw = True
57.4806 	EXP 	up: autoDraw = True
57.4806 	EXP 	down: autoDraw = True
57.4966 	EXP 	center: autoDraw = True
57.4966 	EXP 	left: autoDraw = True
57.4966 	EXP 	right: autoDraw = True
57.4966 	EXP 	up: autoDraw = True
57.4966 	EXP 	down: autoDraw = True
57.5137 	EXP 	center: autoDraw = True
57.5137 	EXP 	left: autoDraw = True
57.5137 	EXP 	right: autoDraw = True
57.5137 	EXP 	up: autoDraw = True
57.5137 	EXP 	down: autoDraw = True
57.5302 	EXP 	center: autoDraw = True
57.5302 	EXP 	left: autoDraw = True
57.5302 	EXP 	right: autoDraw = True
57.5302 	EXP 	up: autoDraw = True
57.5302 	EXP 	down: autoDraw = True
57.5472 	EXP 	center: autoDraw = True
57.5472 	EXP 	left: autoDraw = True
57.5472 	EXP 	right: autoDraw = True
57.5472 	EXP 	up: autoDraw = True
57.5472 	EXP 	down: autoDraw = True
57.5639 	EXP 	center: autoDraw = True
57.5639 	EXP 	left: autoDraw = True
57.5639 	EXP 	right: autoDraw = True
57.5639 	EXP 	up: autoDraw = True
57.5639 	EXP 	down: autoDraw = True
57.5806 	EXP 	center: autoDraw = True
57.5806 	EXP 	left: autoDraw = True
57.5806 	EXP 	right: autoDraw = True
57.5806 	EXP 	up: autoDraw = True
57.5806 	EXP 	down: autoDraw = True
57.5970 	EXP 	center: autoDraw = True
57.5970 	EXP 	left: autoDraw = True
57.5970 	EXP 	right: autoDraw = True
57.5970 	EXP 	up: autoDraw = True
57.5970 	EXP 	down: autoDraw = True
57.6140 	EXP 	center: autoDraw = True
57.6140 	EXP 	left: autoDraw = True
57.6140 	EXP 	right: autoDraw = True
57.6140 	EXP 	up: autoDraw = True
57.6140 	EXP 	down: autoDraw = True
57.6304 	EXP 	center: autoDraw = True
57.6304 	EXP 	left: autoDraw = True
57.6304 	EXP 	right: autoDraw = True
57.6304 	EXP 	up: autoDraw = True
57.6304 	EXP 	down: autoDraw = True
57.6464 	EXP 	center: autoDraw = True
57.6464 	EXP 	left: autoDraw = True
57.6464 	EXP 	right: autoDraw = True
57.6464 	EXP 	up: autoDraw = True
57.6464 	EXP 	down: autoDraw = True
57.6637 	EXP 	center: autoDraw = True
57.6637 	EXP 	left: autoDraw = True
57.6637 	EXP 	right: autoDraw = True
57.6637 	EXP 	up: autoDraw = True
57.6637 	EXP 	down: autoDraw = True
57.6805 	EXP 	center: autoDraw = True
57.6805 	EXP 	left: autoDraw = True
57.6805 	EXP 	right: autoDraw = True
57.6805 	EXP 	up: autoDraw = True
57.6805 	EXP 	down: autoDraw = True
57.6970 	EXP 	center: autoDraw = True
57.6970 	EXP 	left: autoDraw = True
57.6970 	EXP 	right: autoDraw = True
57.6970 	EXP 	up: autoDraw = True
57.6970 	EXP 	down: autoDraw = True
57.6972 	EXP 	Sound  started
57.7013 	DATA 	sbli | frame count: 480
57.7140 	EXP 	center: autoDraw = True
57.7140 	EXP 	left: autoDraw = True
57.7140 	EXP 	right: autoDraw = True
57.7140 	EXP 	up: autoDraw = True
57.7140 	EXP 	down: autoDraw = True
57.7304 	EXP 	center: autoDraw = True
57.7304 	EXP 	left: autoDraw = True
57.7304 	EXP 	right: autoDraw = True
57.7304 	EXP 	up: autoDraw = True
57.7304 	EXP 	down: autoDraw = True
57.7471 	EXP 	center: autoDraw = True
57.7471 	EXP 	left: autoDraw = True
57.7471 	EXP 	right: autoDraw = True
57.7471 	EXP 	up: autoDraw = True
57.7471 	EXP 	down: autoDraw = True
57.7641 	EXP 	center: autoDraw = True
57.7641 	EXP 	left: autoDraw = True
57.7641 	EXP 	right: autoDraw = True
57.7641 	EXP 	up: autoDraw = True
57.7641 	EXP 	down: autoDraw = True
57.7803 	EXP 	center: autoDraw = True
57.7803 	EXP 	left: autoDraw = True
57.7803 	EXP 	right: autoDraw = True
57.7803 	EXP 	up: autoDraw = True
57.7803 	EXP 	down: autoDraw = True
57.7971 	EXP 	center: autoDraw = True
57.7971 	EXP 	left: autoDraw = True
57.7971 	EXP 	right: autoDraw = True
57.7971 	EXP 	up: autoDraw = True
57.7971 	EXP 	down: autoDraw = True
57.8140 	EXP 	center: autoDraw = True
57.8140 	EXP 	left: autoDraw = True
57.8140 	EXP 	right: autoDraw = True
57.8140 	EXP 	up: autoDraw = True
57.8140 	EXP 	down: autoDraw = True
57.8303 	EXP 	center: autoDraw = True
57.8303 	EXP 	left: autoDraw = True
57.8303 	EXP 	right: autoDraw = True
57.8303 	EXP 	up: autoDraw = True
57.8303 	EXP 	down: autoDraw = True
57.8472 	EXP 	center: autoDraw = True
57.8472 	EXP 	left: autoDraw = True
57.8472 	EXP 	right: autoDraw = True
57.8472 	EXP 	up: autoDraw = True
57.8472 	EXP 	down: autoDraw = True
57.8640 	EXP 	center: autoDraw = True
57.8640 	EXP 	left: autoDraw = True
57.8640 	EXP 	right: autoDraw = True
57.8640 	EXP 	up: autoDraw = True
57.8640 	EXP 	down: autoDraw = True
57.8803 	EXP 	center: autoDraw = True
57.8803 	EXP 	left: autoDraw = True
57.8803 	EXP 	right: autoDraw = True
57.8803 	EXP 	up: autoDraw = True
57.8803 	EXP 	down: autoDraw = True
57.8971 	EXP 	center: autoDraw = True
57.8971 	EXP 	left: autoDraw = True
57.8971 	EXP 	right: autoDraw = True
57.8971 	EXP 	up: autoDraw = True
57.8971 	EXP 	down: autoDraw = True
57.9134 	EXP 	center: autoDraw = True
57.9134 	EXP 	left: autoDraw = True
57.9134 	EXP 	right: autoDraw = True
57.9134 	EXP 	up: autoDraw = True
57.9134 	EXP 	down: autoDraw = True
57.9303 	EXP 	center: autoDraw = True
57.9303 	EXP 	left: autoDraw = True
57.9303 	EXP 	right: autoDraw = True
57.9303 	EXP 	up: autoDraw = True
57.9303 	EXP 	down: autoDraw = True
57.9472 	EXP 	center: autoDraw = True
57.9472 	EXP 	left: autoDraw = True
57.9472 	EXP 	right: autoDraw = True
57.9472 	EXP 	up: autoDraw = True
57.9472 	EXP 	down: autoDraw = True
57.9639 	EXP 	center: autoDraw = True
57.9639 	EXP 	left: autoDraw = True
57.9639 	EXP 	right: autoDraw = True
57.9639 	EXP 	up: autoDraw = True
57.9639 	EXP 	down: autoDraw = True
57.9803 	EXP 	center: autoDraw = True
57.9803 	EXP 	left: autoDraw = True
57.9803 	EXP 	right: autoDraw = True
57.9803 	EXP 	up: autoDraw = True
57.9803 	EXP 	down: autoDraw = True
57.9971 	EXP 	center: autoDraw = True
57.9971 	EXP 	left: autoDraw = True
57.9971 	EXP 	right: autoDraw = True
57.9971 	EXP 	up: autoDraw = True
57.9971 	EXP 	down: autoDraw = True
58.0138 	EXP 	center: autoDraw = True
58.0138 	EXP 	left: autoDraw = True
58.0138 	EXP 	right: autoDraw = True
58.0138 	EXP 	up: autoDraw = True
58.0138 	EXP 	down: autoDraw = True
58.0296 	EXP 	center: autoDraw = True
58.0296 	EXP 	left: autoDraw = True
58.0296 	EXP 	right: autoDraw = True
58.0296 	EXP 	up: autoDraw = True
58.0296 	EXP 	down: autoDraw = True
58.0298 	DATA 	wsqS
58.0470 	EXP 	center: autoDraw = True
58.0470 	EXP 	left: autoDraw = True
58.0470 	EXP 	right: autoDraw = True
58.0470 	EXP 	up: autoDraw = True
58.0470 	EXP 	down: autoDraw = True
58.0470 	EXP 	whitesquare: autoDraw = True
58.0639 	EXP 	center: autoDraw = True
58.0639 	EXP 	left: autoDraw = True
58.0639 	EXP 	right: autoDraw = True
58.0639 	EXP 	up: autoDraw = True
58.0639 	EXP 	down: autoDraw = True
58.0639 	EXP 	whitesquare: autoDraw = False
58.0804 	EXP 	center: autoDraw = True
58.0804 	EXP 	left: autoDraw = True
58.0804 	EXP 	right: autoDraw = True
58.0804 	EXP 	up: autoDraw = True
58.0804 	EXP 	down: autoDraw = True
58.0972 	EXP 	center: autoDraw = True
58.0972 	EXP 	left: autoDraw = True
58.0972 	EXP 	right: autoDraw = True
58.0972 	EXP 	up: autoDraw = True
58.0972 	EXP 	down: autoDraw = True
58.1140 	EXP 	center: autoDraw = True
58.1140 	EXP 	left: autoDraw = True
58.1140 	EXP 	right: autoDraw = True
58.1140 	EXP 	up: autoDraw = True
58.1140 	EXP 	down: autoDraw = True
58.1303 	EXP 	center: autoDraw = True
58.1303 	EXP 	left: autoDraw = True
58.1303 	EXP 	right: autoDraw = True
58.1303 	EXP 	up: autoDraw = True
58.1303 	EXP 	down: autoDraw = True
58.1472 	EXP 	center: autoDraw = True
58.1472 	EXP 	left: autoDraw = True
58.1472 	EXP 	right: autoDraw = True
58.1472 	EXP 	up: autoDraw = True
58.1472 	EXP 	down: autoDraw = True
58.1639 	EXP 	center: autoDraw = True
58.1639 	EXP 	left: autoDraw = True
58.1639 	EXP 	right: autoDraw = True
58.1639 	EXP 	up: autoDraw = True
58.1639 	EXP 	down: autoDraw = True
58.1804 	EXP 	center: autoDraw = True
58.1804 	EXP 	left: autoDraw = True
58.1804 	EXP 	right: autoDraw = True
58.1804 	EXP 	up: autoDraw = True
58.1804 	EXP 	down: autoDraw = True
58.1971 	EXP 	center: autoDraw = True
58.1971 	EXP 	left: autoDraw = True
58.1971 	EXP 	right: autoDraw = True
58.1971 	EXP 	up: autoDraw = True
58.1971 	EXP 	down: autoDraw = True
58.2139 	EXP 	center: autoDraw = True
58.2139 	EXP 	left: autoDraw = True
58.2139 	EXP 	right: autoDraw = True
58.2139 	EXP 	up: autoDraw = True
58.2139 	EXP 	down: autoDraw = True
58.2308 	EXP 	center: autoDraw = True
58.2308 	EXP 	left: autoDraw = True
58.2308 	EXP 	right: autoDraw = True
58.2308 	EXP 	up: autoDraw = True
58.2308 	EXP 	down: autoDraw = True
58.2470 	EXP 	center: autoDraw = True
58.2470 	EXP 	left: autoDraw = True
58.2470 	EXP 	right: autoDraw = True
58.2470 	EXP 	up: autoDraw = True
58.2470 	EXP 	down: autoDraw = True
58.2639 	EXP 	center: autoDraw = True
58.2639 	EXP 	left: autoDraw = True
58.2639 	EXP 	right: autoDraw = True
58.2639 	EXP 	up: autoDraw = True
58.2639 	EXP 	down: autoDraw = True
58.2803 	EXP 	center: autoDraw = True
58.2803 	EXP 	left: autoDraw = True
58.2803 	EXP 	right: autoDraw = True
58.2803 	EXP 	up: autoDraw = True
58.2803 	EXP 	down: autoDraw = True
58.2966 	EXP 	center: autoDraw = True
58.2966 	EXP 	left: autoDraw = True
58.2966 	EXP 	right: autoDraw = True
58.2966 	EXP 	up: autoDraw = True
58.2966 	EXP 	down: autoDraw = True
58.3137 	EXP 	center: autoDraw = True
58.3137 	EXP 	left: autoDraw = True
58.3137 	EXP 	right: autoDraw = True
58.3137 	EXP 	up: autoDraw = True
58.3137 	EXP 	down: autoDraw = True
58.3306 	EXP 	center: autoDraw = True
58.3306 	EXP 	left: autoDraw = True
58.3306 	EXP 	right: autoDraw = True
58.3306 	EXP 	up: autoDraw = True
58.3306 	EXP 	down: autoDraw = True
58.3470 	EXP 	center: autoDraw = True
58.3470 	EXP 	left: autoDraw = True
58.3470 	EXP 	right: autoDraw = True
58.3470 	EXP 	up: autoDraw = True
58.3470 	EXP 	down: autoDraw = True
58.3639 	EXP 	center: autoDraw = True
58.3639 	EXP 	left: autoDraw = True
58.3639 	EXP 	right: autoDraw = True
58.3639 	EXP 	up: autoDraw = True
58.3639 	EXP 	down: autoDraw = True
58.3803 	EXP 	center: autoDraw = True
58.3803 	EXP 	left: autoDraw = True
58.3803 	EXP 	right: autoDraw = True
58.3803 	EXP 	up: autoDraw = True
58.3803 	EXP 	down: autoDraw = True
58.3971 	EXP 	center: autoDraw = True
58.3971 	EXP 	left: autoDraw = True
58.3971 	EXP 	right: autoDraw = True
58.3971 	EXP 	up: autoDraw = True
58.3971 	EXP 	down: autoDraw = True
58.4138 	EXP 	center: autoDraw = True
58.4138 	EXP 	left: autoDraw = True
58.4138 	EXP 	right: autoDraw = True
58.4138 	EXP 	up: autoDraw = True
58.4138 	EXP 	down: autoDraw = True
58.4306 	EXP 	center: autoDraw = True
58.4306 	EXP 	left: autoDraw = True
58.4306 	EXP 	right: autoDraw = True
58.4306 	EXP 	up: autoDraw = True
58.4306 	EXP 	down: autoDraw = True
58.4470 	EXP 	center: autoDraw = True
58.4470 	EXP 	left: autoDraw = True
58.4470 	EXP 	right: autoDraw = True
58.4470 	EXP 	up: autoDraw = True
58.4470 	EXP 	down: autoDraw = True
58.4637 	EXP 	center: autoDraw = True
58.4637 	EXP 	left: autoDraw = True
58.4637 	EXP 	right: autoDraw = True
58.4637 	EXP 	up: autoDraw = True
58.4637 	EXP 	down: autoDraw = True
58.4805 	EXP 	center: autoDraw = True
58.4805 	EXP 	left: autoDraw = True
58.4805 	EXP 	right: autoDraw = True
58.4805 	EXP 	up: autoDraw = True
58.4805 	EXP 	down: autoDraw = True
58.4971 	EXP 	center: autoDraw = True
58.4971 	EXP 	left: autoDraw = True
58.4971 	EXP 	right: autoDraw = True
58.4971 	EXP 	up: autoDraw = True
58.4971 	EXP 	down: autoDraw = True
58.5137 	EXP 	center: autoDraw = True
58.5137 	EXP 	left: autoDraw = True
58.5137 	EXP 	right: autoDraw = True
58.5137 	EXP 	up: autoDraw = True
58.5137 	EXP 	down: autoDraw = True
58.5304 	EXP 	center: autoDraw = True
58.5304 	EXP 	left: autoDraw = True
58.5304 	EXP 	right: autoDraw = True
58.5304 	EXP 	up: autoDraw = True
58.5304 	EXP 	down: autoDraw = True
58.5473 	EXP 	center: autoDraw = True
58.5473 	EXP 	left: autoDraw = True
58.5473 	EXP 	right: autoDraw = True
58.5473 	EXP 	up: autoDraw = True
58.5473 	EXP 	down: autoDraw = True
58.5635 	EXP 	center: autoDraw = True
58.5635 	EXP 	left: autoDraw = True
58.5635 	EXP 	right: autoDraw = True
58.5635 	EXP 	up: autoDraw = True
58.5635 	EXP 	down: autoDraw = True
58.5802 	EXP 	center: autoDraw = True
58.5802 	EXP 	left: autoDraw = True
58.5802 	EXP 	right: autoDraw = True
58.5802 	EXP 	up: autoDraw = True
58.5802 	EXP 	down: autoDraw = True
58.5970 	EXP 	center: autoDraw = True
58.5970 	EXP 	left: autoDraw = True
58.5970 	EXP 	right: autoDraw = True
58.5970 	EXP 	up: autoDraw = True
58.5970 	EXP 	down: autoDraw = True
58.6138 	EXP 	center: autoDraw = True
58.6138 	EXP 	left: autoDraw = True
58.6138 	EXP 	right: autoDraw = True
58.6138 	EXP 	up: autoDraw = True
58.6138 	EXP 	down: autoDraw = True
58.6306 	EXP 	center: autoDraw = True
58.6306 	EXP 	left: autoDraw = True
58.6306 	EXP 	right: autoDraw = True
58.6306 	EXP 	up: autoDraw = True
58.6306 	EXP 	down: autoDraw = True
58.6469 	EXP 	center: autoDraw = True
58.6469 	EXP 	left: autoDraw = True
58.6469 	EXP 	right: autoDraw = True
58.6469 	EXP 	up: autoDraw = True
58.6469 	EXP 	down: autoDraw = True
58.6638 	EXP 	center: autoDraw = True
58.6638 	EXP 	left: autoDraw = True
58.6638 	EXP 	right: autoDraw = True
58.6638 	EXP 	up: autoDraw = True
58.6638 	EXP 	down: autoDraw = True
58.6797 	EXP 	center: autoDraw = True
58.6797 	EXP 	left: autoDraw = True
58.6797 	EXP 	right: autoDraw = True
58.6797 	EXP 	up: autoDraw = True
58.6797 	EXP 	down: autoDraw = True
58.6970 	EXP 	center: autoDraw = True
58.6970 	EXP 	left: autoDraw = True
58.6970 	EXP 	right: autoDraw = True
58.6970 	EXP 	up: autoDraw = True
58.6970 	EXP 	down: autoDraw = True
58.7138 	EXP 	center: autoDraw = True
58.7138 	EXP 	left: autoDraw = True
58.7138 	EXP 	right: autoDraw = True
58.7138 	EXP 	up: autoDraw = True
58.7138 	EXP 	down: autoDraw = True
58.7305 	EXP 	center: autoDraw = True
58.7305 	EXP 	left: autoDraw = True
58.7305 	EXP 	right: autoDraw = True
58.7305 	EXP 	up: autoDraw = True
58.7305 	EXP 	down: autoDraw = True
58.7469 	EXP 	center: autoDraw = True
58.7469 	EXP 	left: autoDraw = True
58.7469 	EXP 	right: autoDraw = True
58.7469 	EXP 	up: autoDraw = True
58.7469 	EXP 	down: autoDraw = True
58.7638 	EXP 	center: autoDraw = True
58.7638 	EXP 	left: autoDraw = True
58.7638 	EXP 	right: autoDraw = True
58.7638 	EXP 	up: autoDraw = True
58.7638 	EXP 	down: autoDraw = True
58.7805 	EXP 	center: autoDraw = True
58.7805 	EXP 	left: autoDraw = True
58.7805 	EXP 	right: autoDraw = True
58.7805 	EXP 	up: autoDraw = True
58.7805 	EXP 	down: autoDraw = True
58.7969 	EXP 	center: autoDraw = True
58.7969 	EXP 	left: autoDraw = True
58.7969 	EXP 	right: autoDraw = True
58.7969 	EXP 	up: autoDraw = True
58.7969 	EXP 	down: autoDraw = True
58.8138 	EXP 	center: autoDraw = True
58.8138 	EXP 	left: autoDraw = True
58.8138 	EXP 	right: autoDraw = True
58.8138 	EXP 	up: autoDraw = True
58.8138 	EXP 	down: autoDraw = True
58.8304 	EXP 	center: autoDraw = True
58.8304 	EXP 	left: autoDraw = True
58.8304 	EXP 	right: autoDraw = True
58.8304 	EXP 	up: autoDraw = True
58.8304 	EXP 	down: autoDraw = True
58.8472 	EXP 	center: autoDraw = True
58.8472 	EXP 	left: autoDraw = True
58.8472 	EXP 	right: autoDraw = True
58.8472 	EXP 	up: autoDraw = True
58.8472 	EXP 	down: autoDraw = True
58.8636 	EXP 	center: autoDraw = True
58.8636 	EXP 	left: autoDraw = True
58.8636 	EXP 	right: autoDraw = True
58.8636 	EXP 	up: autoDraw = True
58.8636 	EXP 	down: autoDraw = True
58.8805 	EXP 	center: autoDraw = True
58.8805 	EXP 	left: autoDraw = True
58.8805 	EXP 	right: autoDraw = True
58.8805 	EXP 	up: autoDraw = True
58.8805 	EXP 	down: autoDraw = True
58.8972 	EXP 	center: autoDraw = True
58.8972 	EXP 	left: autoDraw = True
58.8972 	EXP 	right: autoDraw = True
58.8972 	EXP 	up: autoDraw = True
58.8972 	EXP 	down: autoDraw = True
58.9137 	EXP 	center: autoDraw = True
58.9137 	EXP 	left: autoDraw = True
58.9137 	EXP 	right: autoDraw = True
58.9137 	EXP 	up: autoDraw = True
58.9137 	EXP 	down: autoDraw = True
58.9304 	EXP 	center: autoDraw = True
58.9304 	EXP 	left: autoDraw = True
58.9304 	EXP 	right: autoDraw = True
58.9304 	EXP 	up: autoDraw = True
58.9304 	EXP 	down: autoDraw = True
58.9467 	EXP 	center: autoDraw = True
58.9467 	EXP 	left: autoDraw = True
58.9467 	EXP 	right: autoDraw = True
58.9467 	EXP 	up: autoDraw = True
58.9467 	EXP 	down: autoDraw = True
58.9637 	EXP 	center: autoDraw = True
58.9637 	EXP 	left: autoDraw = True
58.9637 	EXP 	right: autoDraw = True
58.9637 	EXP 	up: autoDraw = True
58.9637 	EXP 	down: autoDraw = True
58.9805 	EXP 	center: autoDraw = True
58.9805 	EXP 	left: autoDraw = True
58.9805 	EXP 	right: autoDraw = True
58.9805 	EXP 	up: autoDraw = True
58.9805 	EXP 	down: autoDraw = True
58.9971 	EXP 	center: autoDraw = True
58.9971 	EXP 	left: autoDraw = True
58.9971 	EXP 	right: autoDraw = True
58.9971 	EXP 	up: autoDraw = True
58.9971 	EXP 	down: autoDraw = True
59.0139 	EXP 	center: autoDraw = True
59.0139 	EXP 	left: autoDraw = True
59.0139 	EXP 	right: autoDraw = True
59.0139 	EXP 	up: autoDraw = True
59.0139 	EXP 	down: autoDraw = True
59.0303 	EXP 	center: autoDraw = True
59.0303 	EXP 	left: autoDraw = True
59.0303 	EXP 	right: autoDraw = True
59.0303 	EXP 	up: autoDraw = True
59.0303 	EXP 	down: autoDraw = True
59.0470 	EXP 	center: autoDraw = True
59.0470 	EXP 	left: autoDraw = True
59.0470 	EXP 	right: autoDraw = True
59.0470 	EXP 	up: autoDraw = True
59.0470 	EXP 	down: autoDraw = True
59.0639 	EXP 	center: autoDraw = True
59.0639 	EXP 	left: autoDraw = True
59.0639 	EXP 	right: autoDraw = True
59.0639 	EXP 	up: autoDraw = True
59.0639 	EXP 	down: autoDraw = True
59.0803 	EXP 	center: autoDraw = True
59.0803 	EXP 	left: autoDraw = True
59.0803 	EXP 	right: autoDraw = True
59.0803 	EXP 	up: autoDraw = True
59.0803 	EXP 	down: autoDraw = True
59.0971 	EXP 	center: autoDraw = True
59.0971 	EXP 	left: autoDraw = True
59.0971 	EXP 	right: autoDraw = True
59.0971 	EXP 	up: autoDraw = True
59.0971 	EXP 	down: autoDraw = True
59.1139 	EXP 	center: autoDraw = True
59.1139 	EXP 	left: autoDraw = True
59.1139 	EXP 	right: autoDraw = True
59.1139 	EXP 	up: autoDraw = True
59.1139 	EXP 	down: autoDraw = True
59.1302 	EXP 	center: autoDraw = True
59.1302 	EXP 	left: autoDraw = True
59.1302 	EXP 	right: autoDraw = True
59.1302 	EXP 	up: autoDraw = True
59.1302 	EXP 	down: autoDraw = True
59.1471 	EXP 	center: autoDraw = True
59.1471 	EXP 	left: autoDraw = True
59.1471 	EXP 	right: autoDraw = True
59.1471 	EXP 	up: autoDraw = True
59.1471 	EXP 	down: autoDraw = True
59.1635 	EXP 	center: autoDraw = True
59.1635 	EXP 	left: autoDraw = True
59.1635 	EXP 	right: autoDraw = True
59.1635 	EXP 	up: autoDraw = True
59.1635 	EXP 	down: autoDraw = True
59.1804 	EXP 	center: autoDraw = True
59.1804 	EXP 	left: autoDraw = True
59.1804 	EXP 	right: autoDraw = True
59.1804 	EXP 	up: autoDraw = True
59.1804 	EXP 	down: autoDraw = True
59.1971 	EXP 	center: autoDraw = True
59.1971 	EXP 	left: autoDraw = True
59.1971 	EXP 	right: autoDraw = True
59.1971 	EXP 	up: autoDraw = True
59.1971 	EXP 	down: autoDraw = True
59.2136 	EXP 	center: autoDraw = True
59.2136 	EXP 	left: autoDraw = True
59.2136 	EXP 	right: autoDraw = True
59.2136 	EXP 	up: autoDraw = True
59.2136 	EXP 	down: autoDraw = True
59.2304 	EXP 	center: autoDraw = True
59.2304 	EXP 	left: autoDraw = True
59.2304 	EXP 	right: autoDraw = True
59.2304 	EXP 	up: autoDraw = True
59.2304 	EXP 	down: autoDraw = True
59.2471 	EXP 	center: autoDraw = True
59.2471 	EXP 	left: autoDraw = True
59.2471 	EXP 	right: autoDraw = True
59.2471 	EXP 	up: autoDraw = True
59.2471 	EXP 	down: autoDraw = True
59.2639 	EXP 	center: autoDraw = True
59.2639 	EXP 	left: autoDraw = True
59.2639 	EXP 	right: autoDraw = True
59.2639 	EXP 	up: autoDraw = True
59.2639 	EXP 	down: autoDraw = True
59.2802 	EXP 	center: autoDraw = True
59.2802 	EXP 	left: autoDraw = True
59.2802 	EXP 	right: autoDraw = True
59.2802 	EXP 	up: autoDraw = True
59.2802 	EXP 	down: autoDraw = True
59.2971 	EXP 	center: autoDraw = True
59.2971 	EXP 	left: autoDraw = True
59.2971 	EXP 	right: autoDraw = True
59.2971 	EXP 	up: autoDraw = True
59.2971 	EXP 	down: autoDraw = True
59.3139 	EXP 	center: autoDraw = True
59.3139 	EXP 	left: autoDraw = True
59.3139 	EXP 	right: autoDraw = True
59.3139 	EXP 	up: autoDraw = True
59.3139 	EXP 	down: autoDraw = True
59.3303 	EXP 	center: autoDraw = True
59.3303 	EXP 	left: autoDraw = True
59.3303 	EXP 	right: autoDraw = True
59.3303 	EXP 	up: autoDraw = True
59.3303 	EXP 	down: autoDraw = True
59.3471 	EXP 	center: autoDraw = True
59.3471 	EXP 	left: autoDraw = True
59.3471 	EXP 	right: autoDraw = True
59.3471 	EXP 	up: autoDraw = True
59.3471 	EXP 	down: autoDraw = True
59.3632 	EXP 	center: autoDraw = True
59.3632 	EXP 	left: autoDraw = True
59.3632 	EXP 	right: autoDraw = True
59.3632 	EXP 	up: autoDraw = True
59.3632 	EXP 	down: autoDraw = True
59.3797 	EXP 	center: autoDraw = True
59.3797 	EXP 	left: autoDraw = True
59.3797 	EXP 	right: autoDraw = True
59.3797 	EXP 	up: autoDraw = True
59.3797 	EXP 	down: autoDraw = True
59.3969 	EXP 	center: autoDraw = True
59.3969 	EXP 	left: autoDraw = True
59.3969 	EXP 	right: autoDraw = True
59.3969 	EXP 	up: autoDraw = True
59.3969 	EXP 	down: autoDraw = True
59.4137 	EXP 	center: autoDraw = True
59.4137 	EXP 	left: autoDraw = True
59.4137 	EXP 	right: autoDraw = True
59.4137 	EXP 	up: autoDraw = True
59.4137 	EXP 	down: autoDraw = True
59.4305 	EXP 	center: autoDraw = True
59.4305 	EXP 	left: autoDraw = True
59.4305 	EXP 	right: autoDraw = True
59.4305 	EXP 	up: autoDraw = True
59.4305 	EXP 	down: autoDraw = True
59.4470 	EXP 	center: autoDraw = True
59.4470 	EXP 	left: autoDraw = True
59.4470 	EXP 	right: autoDraw = True
59.4470 	EXP 	up: autoDraw = True
59.4470 	EXP 	down: autoDraw = True
59.4637 	EXP 	center: autoDraw = True
59.4637 	EXP 	left: autoDraw = True
59.4637 	EXP 	right: autoDraw = True
59.4637 	EXP 	up: autoDraw = True
59.4637 	EXP 	down: autoDraw = True
59.4806 	EXP 	center: autoDraw = True
59.4806 	EXP 	left: autoDraw = True
59.4806 	EXP 	right: autoDraw = True
59.4806 	EXP 	up: autoDraw = True
59.4806 	EXP 	down: autoDraw = True
59.4970 	EXP 	center: autoDraw = True
59.4970 	EXP 	left: autoDraw = True
59.4970 	EXP 	right: autoDraw = True
59.4970 	EXP 	up: autoDraw = True
59.4970 	EXP 	down: autoDraw = True
59.5138 	EXP 	center: autoDraw = True
59.5138 	EXP 	left: autoDraw = True
59.5138 	EXP 	right: autoDraw = True
59.5138 	EXP 	up: autoDraw = True
59.5138 	EXP 	down: autoDraw = True
59.5299 	EXP 	center: autoDraw = True
59.5299 	EXP 	left: autoDraw = True
59.5299 	EXP 	right: autoDraw = True
59.5299 	EXP 	up: autoDraw = True
59.5299 	EXP 	down: autoDraw = True
59.5467 	EXP 	center: autoDraw = True
59.5467 	EXP 	left: autoDraw = True
59.5467 	EXP 	right: autoDraw = True
59.5467 	EXP 	up: autoDraw = True
59.5467 	EXP 	down: autoDraw = True
59.5636 	EXP 	center: autoDraw = True
59.5636 	EXP 	left: autoDraw = True
59.5636 	EXP 	right: autoDraw = True
59.5636 	EXP 	up: autoDraw = True
59.5636 	EXP 	down: autoDraw = True
59.5804 	EXP 	center: autoDraw = True
59.5804 	EXP 	left: autoDraw = True
59.5804 	EXP 	right: autoDraw = True
59.5804 	EXP 	up: autoDraw = True
59.5804 	EXP 	down: autoDraw = True
59.5968 	EXP 	center: autoDraw = True
59.5968 	EXP 	left: autoDraw = True
59.5968 	EXP 	right: autoDraw = True
59.5968 	EXP 	up: autoDraw = True
59.5968 	EXP 	down: autoDraw = True
59.6137 	EXP 	center: autoDraw = True
59.6137 	EXP 	left: autoDraw = True
59.6137 	EXP 	right: autoDraw = True
59.6137 	EXP 	up: autoDraw = True
59.6137 	EXP 	down: autoDraw = True
59.6304 	EXP 	center: autoDraw = True
59.6304 	EXP 	left: autoDraw = True
59.6304 	EXP 	right: autoDraw = True
59.6304 	EXP 	up: autoDraw = True
59.6304 	EXP 	down: autoDraw = True
59.6471 	EXP 	center: autoDraw = True
59.6471 	EXP 	left: autoDraw = True
59.6471 	EXP 	right: autoDraw = True
59.6471 	EXP 	up: autoDraw = True
59.6471 	EXP 	down: autoDraw = True
59.6631 	EXP 	center: autoDraw = True
59.6631 	EXP 	left: autoDraw = True
59.6631 	EXP 	right: autoDraw = True
59.6631 	EXP 	up: autoDraw = True
59.6631 	EXP 	down: autoDraw = True
59.6802 	EXP 	center: autoDraw = True
59.6802 	EXP 	left: autoDraw = True
59.6802 	EXP 	right: autoDraw = True
59.6802 	EXP 	up: autoDraw = True
59.6802 	EXP 	down: autoDraw = True
59.6968 	EXP 	center: autoDraw = True
59.6968 	EXP 	left: autoDraw = True
59.6968 	EXP 	right: autoDraw = True
59.6968 	EXP 	up: autoDraw = True
59.6968 	EXP 	down: autoDraw = True
59.7129 	EXP 	center: autoDraw = True
59.7129 	EXP 	left: autoDraw = True
59.7129 	EXP 	right: autoDraw = True
59.7129 	EXP 	up: autoDraw = True
59.7129 	EXP 	down: autoDraw = True
59.7298 	EXP 	center: autoDraw = True
59.7298 	EXP 	left: autoDraw = True
59.7298 	EXP 	right: autoDraw = True
59.7298 	EXP 	up: autoDraw = True
59.7298 	EXP 	down: autoDraw = True
59.7468 	EXP 	center: autoDraw = True
59.7468 	EXP 	left: autoDraw = True
59.7468 	EXP 	right: autoDraw = True
59.7468 	EXP 	up: autoDraw = True
59.7468 	EXP 	down: autoDraw = True
59.7637 	EXP 	center: autoDraw = True
59.7637 	EXP 	left: autoDraw = True
59.7637 	EXP 	right: autoDraw = True
59.7637 	EXP 	up: autoDraw = True
59.7637 	EXP 	down: autoDraw = True
59.7806 	EXP 	center: autoDraw = True
59.7806 	EXP 	left: autoDraw = True
59.7806 	EXP 	right: autoDraw = True
59.7806 	EXP 	up: autoDraw = True
59.7806 	EXP 	down: autoDraw = True
59.7967 	EXP 	center: autoDraw = True
59.7967 	EXP 	left: autoDraw = True
59.7967 	EXP 	right: autoDraw = True
59.7967 	EXP 	up: autoDraw = True
59.7967 	EXP 	down: autoDraw = True
59.8136 	EXP 	center: autoDraw = True
59.8136 	EXP 	left: autoDraw = True
59.8136 	EXP 	right: autoDraw = True
59.8136 	EXP 	up: autoDraw = True
59.8136 	EXP 	down: autoDraw = True
59.8303 	EXP 	center: autoDraw = True
59.8303 	EXP 	left: autoDraw = True
59.8303 	EXP 	right: autoDraw = True
59.8303 	EXP 	up: autoDraw = True
59.8303 	EXP 	down: autoDraw = True
59.8470 	EXP 	center: autoDraw = True
59.8470 	EXP 	left: autoDraw = True
59.8470 	EXP 	right: autoDraw = True
59.8470 	EXP 	up: autoDraw = True
59.8470 	EXP 	down: autoDraw = True
59.8637 	EXP 	center: autoDraw = True
59.8637 	EXP 	left: autoDraw = True
59.8637 	EXP 	right: autoDraw = True
59.8637 	EXP 	up: autoDraw = True
59.8637 	EXP 	down: autoDraw = True
59.8805 	EXP 	center: autoDraw = True
59.8805 	EXP 	left: autoDraw = True
59.8805 	EXP 	right: autoDraw = True
59.8805 	EXP 	up: autoDraw = True
59.8805 	EXP 	down: autoDraw = True
59.8966 	EXP 	center: autoDraw = True
59.8966 	EXP 	left: autoDraw = True
59.8966 	EXP 	right: autoDraw = True
59.8966 	EXP 	up: autoDraw = True
59.8966 	EXP 	down: autoDraw = True
59.9136 	EXP 	center: autoDraw = True
59.9136 	EXP 	left: autoDraw = True
59.9136 	EXP 	right: autoDraw = True
59.9136 	EXP 	up: autoDraw = True
59.9136 	EXP 	down: autoDraw = True
59.9301 	EXP 	center: autoDraw = True
59.9301 	EXP 	left: autoDraw = True
59.9301 	EXP 	right: autoDraw = True
59.9301 	EXP 	up: autoDraw = True
59.9301 	EXP 	down: autoDraw = True
59.9470 	EXP 	center: autoDraw = True
59.9470 	EXP 	left: autoDraw = True
59.9470 	EXP 	right: autoDraw = True
59.9470 	EXP 	up: autoDraw = True
59.9470 	EXP 	down: autoDraw = True
59.9638 	EXP 	center: autoDraw = True
59.9638 	EXP 	left: autoDraw = True
59.9638 	EXP 	right: autoDraw = True
59.9638 	EXP 	up: autoDraw = True
59.9638 	EXP 	down: autoDraw = True
59.9798 	EXP 	center: autoDraw = True
59.9798 	EXP 	left: autoDraw = True
59.9798 	EXP 	right: autoDraw = True
59.9798 	EXP 	up: autoDraw = True
59.9798 	EXP 	down: autoDraw = True
59.9968 	EXP 	center: autoDraw = True
59.9968 	EXP 	left: autoDraw = True
59.9968 	EXP 	right: autoDraw = True
59.9968 	EXP 	up: autoDraw = True
59.9968 	EXP 	down: autoDraw = True
60.0136 	EXP 	center: autoDraw = True
60.0136 	EXP 	left: autoDraw = True
60.0136 	EXP 	right: autoDraw = True
60.0136 	EXP 	up: autoDraw = True
60.0136 	EXP 	down: autoDraw = True
60.0303 	EXP 	center: autoDraw = True
60.0303 	EXP 	left: autoDraw = True
60.0303 	EXP 	right: autoDraw = True
60.0303 	EXP 	up: autoDraw = True
60.0303 	EXP 	down: autoDraw = True
60.0470 	EXP 	center: autoDraw = True
60.0470 	EXP 	left: autoDraw = True
60.0470 	EXP 	right: autoDraw = True
60.0470 	EXP 	up: autoDraw = True
60.0470 	EXP 	down: autoDraw = True
60.0633 	EXP 	center: autoDraw = True
60.0633 	EXP 	left: autoDraw = True
60.0633 	EXP 	right: autoDraw = True
60.0633 	EXP 	up: autoDraw = True
60.0633 	EXP 	down: autoDraw = True
60.0802 	EXP 	center: autoDraw = True
60.0802 	EXP 	left: autoDraw = True
60.0802 	EXP 	right: autoDraw = True
60.0802 	EXP 	up: autoDraw = True
60.0802 	EXP 	down: autoDraw = True
60.0972 	EXP 	center: autoDraw = True
60.0972 	EXP 	left: autoDraw = True
60.0972 	EXP 	right: autoDraw = True
60.0972 	EXP 	up: autoDraw = True
60.0972 	EXP 	down: autoDraw = True
60.1133 	EXP 	center: autoDraw = True
60.1133 	EXP 	left: autoDraw = True
60.1133 	EXP 	right: autoDraw = True
60.1133 	EXP 	up: autoDraw = True
60.1133 	EXP 	down: autoDraw = True
60.1300 	EXP 	center: autoDraw = True
60.1300 	EXP 	left: autoDraw = True
60.1300 	EXP 	right: autoDraw = True
60.1300 	EXP 	up: autoDraw = True
60.1300 	EXP 	down: autoDraw = True
60.1467 	EXP 	center: autoDraw = True
60.1467 	EXP 	left: autoDraw = True
60.1467 	EXP 	right: autoDraw = True
60.1467 	EXP 	up: autoDraw = True
60.1467 	EXP 	down: autoDraw = True
60.1635 	EXP 	center: autoDraw = True
60.1635 	EXP 	left: autoDraw = True
60.1635 	EXP 	right: autoDraw = True
60.1635 	EXP 	up: autoDraw = True
60.1635 	EXP 	down: autoDraw = True
60.1804 	EXP 	center: autoDraw = True
60.1804 	EXP 	left: autoDraw = True
60.1804 	EXP 	right: autoDraw = True
60.1804 	EXP 	up: autoDraw = True
60.1804 	EXP 	down: autoDraw = True
60.1966 	EXP 	center: autoDraw = True
60.1966 	EXP 	left: autoDraw = True
60.1966 	EXP 	right: autoDraw = True
60.1966 	EXP 	up: autoDraw = True
60.1966 	EXP 	down: autoDraw = True
60.2134 	EXP 	center: autoDraw = True
60.2134 	EXP 	left: autoDraw = True
60.2134 	EXP 	right: autoDraw = True
60.2134 	EXP 	up: autoDraw = True
60.2134 	EXP 	down: autoDraw = True
60.2301 	EXP 	center: autoDraw = True
60.2301 	EXP 	left: autoDraw = True
60.2301 	EXP 	right: autoDraw = True
60.2301 	EXP 	up: autoDraw = True
60.2301 	EXP 	down: autoDraw = True
60.2467 	EXP 	center: autoDraw = True
60.2467 	EXP 	left: autoDraw = True
60.2467 	EXP 	right: autoDraw = True
60.2467 	EXP 	up: autoDraw = True
60.2467 	EXP 	down: autoDraw = True
60.2634 	EXP 	center: autoDraw = True
60.2634 	EXP 	left: autoDraw = True
60.2634 	EXP 	right: autoDraw = True
60.2634 	EXP 	up: autoDraw = True
60.2634 	EXP 	down: autoDraw = True
60.2802 	EXP 	center: autoDraw = True
60.2802 	EXP 	left: autoDraw = True
60.2802 	EXP 	right: autoDraw = True
60.2802 	EXP 	up: autoDraw = True
60.2802 	EXP 	down: autoDraw = True
60.2969 	EXP 	center: autoDraw = True
60.2969 	EXP 	left: autoDraw = True
60.2969 	EXP 	right: autoDraw = True
60.2969 	EXP 	up: autoDraw = True
60.2969 	EXP 	down: autoDraw = True
60.3132 	EXP 	center: autoDraw = True
60.3132 	EXP 	left: autoDraw = True
60.3132 	EXP 	right: autoDraw = True
60.3132 	EXP 	up: autoDraw = True
60.3132 	EXP 	down: autoDraw = True
60.3302 	EXP 	center: autoDraw = True
60.3302 	EXP 	left: autoDraw = True
60.3302 	EXP 	right: autoDraw = True
60.3302 	EXP 	up: autoDraw = True
60.3302 	EXP 	down: autoDraw = True
60.3469 	EXP 	center: autoDraw = True
60.3469 	EXP 	left: autoDraw = True
60.3469 	EXP 	right: autoDraw = True
60.3469 	EXP 	up: autoDraw = True
60.3469 	EXP 	down: autoDraw = True
60.3631 	EXP 	center: autoDraw = True
60.3631 	EXP 	left: autoDraw = True
60.3631 	EXP 	right: autoDraw = True
60.3631 	EXP 	up: autoDraw = True
60.3631 	EXP 	down: autoDraw = True
60.3801 	EXP 	center: autoDraw = True
60.3801 	EXP 	left: autoDraw = True
60.3801 	EXP 	right: autoDraw = True
60.3801 	EXP 	up: autoDraw = True
60.3801 	EXP 	down: autoDraw = True
60.3969 	EXP 	center: autoDraw = True
60.3969 	EXP 	left: autoDraw = True
60.3969 	EXP 	right: autoDraw = True
60.3969 	EXP 	up: autoDraw = True
60.3969 	EXP 	down: autoDraw = True
60.4135 	EXP 	center: autoDraw = True
60.4135 	EXP 	left: autoDraw = True
60.4135 	EXP 	right: autoDraw = True
60.4135 	EXP 	up: autoDraw = True
60.4135 	EXP 	down: autoDraw = True
60.4302 	EXP 	center: autoDraw = True
60.4302 	EXP 	left: autoDraw = True
60.4302 	EXP 	right: autoDraw = True
60.4302 	EXP 	up: autoDraw = True
60.4302 	EXP 	down: autoDraw = True
60.4469 	EXP 	center: autoDraw = True
60.4469 	EXP 	left: autoDraw = True
60.4469 	EXP 	right: autoDraw = True
60.4469 	EXP 	up: autoDraw = True
60.4469 	EXP 	down: autoDraw = True
60.4635 	EXP 	center: autoDraw = True
60.4635 	EXP 	left: autoDraw = True
60.4635 	EXP 	right: autoDraw = True
60.4635 	EXP 	up: autoDraw = True
60.4635 	EXP 	down: autoDraw = True
60.4801 	EXP 	center: autoDraw = True
60.4801 	EXP 	left: autoDraw = True
60.4801 	EXP 	right: autoDraw = True
60.4801 	EXP 	up: autoDraw = True
60.4801 	EXP 	down: autoDraw = True
60.4968 	EXP 	center: autoDraw = True
60.4968 	EXP 	left: autoDraw = True
60.4968 	EXP 	right: autoDraw = True
60.4968 	EXP 	up: autoDraw = True
60.4968 	EXP 	down: autoDraw = True
60.5136 	EXP 	center: autoDraw = True
60.5136 	EXP 	left: autoDraw = True
60.5136 	EXP 	right: autoDraw = True
60.5136 	EXP 	up: autoDraw = True
60.5136 	EXP 	down: autoDraw = True
60.5302 	EXP 	center: autoDraw = True
60.5302 	EXP 	left: autoDraw = True
60.5302 	EXP 	right: autoDraw = True
60.5302 	EXP 	up: autoDraw = True
60.5302 	EXP 	down: autoDraw = True
60.5469 	EXP 	center: autoDraw = True
60.5469 	EXP 	left: autoDraw = True
60.5469 	EXP 	right: autoDraw = True
60.5469 	EXP 	up: autoDraw = True
60.5469 	EXP 	down: autoDraw = True
60.5636 	EXP 	center: autoDraw = True
60.5636 	EXP 	left: autoDraw = True
60.5636 	EXP 	right: autoDraw = True
60.5636 	EXP 	up: autoDraw = True
60.5636 	EXP 	down: autoDraw = True
60.5803 	EXP 	center: autoDraw = True
60.5803 	EXP 	left: autoDraw = True
60.5803 	EXP 	right: autoDraw = True
60.5803 	EXP 	up: autoDraw = True
60.5803 	EXP 	down: autoDraw = True
60.5970 	EXP 	center: autoDraw = True
60.5970 	EXP 	left: autoDraw = True
60.5970 	EXP 	right: autoDraw = True
60.5970 	EXP 	up: autoDraw = True
60.5970 	EXP 	down: autoDraw = True
60.6134 	EXP 	center: autoDraw = True
60.6134 	EXP 	left: autoDraw = True
60.6134 	EXP 	right: autoDraw = True
60.6134 	EXP 	up: autoDraw = True
60.6134 	EXP 	down: autoDraw = True
60.6301 	EXP 	center: autoDraw = True
60.6301 	EXP 	left: autoDraw = True
60.6301 	EXP 	right: autoDraw = True
60.6301 	EXP 	up: autoDraw = True
60.6301 	EXP 	down: autoDraw = True
60.6469 	EXP 	center: autoDraw = True
60.6469 	EXP 	left: autoDraw = True
60.6469 	EXP 	right: autoDraw = True
60.6469 	EXP 	up: autoDraw = True
60.6469 	EXP 	down: autoDraw = True
60.6636 	EXP 	center: autoDraw = True
60.6636 	EXP 	left: autoDraw = True
60.6636 	EXP 	right: autoDraw = True
60.6636 	EXP 	up: autoDraw = True
60.6636 	EXP 	down: autoDraw = True
60.6804 	EXP 	center: autoDraw = True
60.6804 	EXP 	left: autoDraw = True
60.6804 	EXP 	right: autoDraw = True
60.6804 	EXP 	up: autoDraw = True
60.6804 	EXP 	down: autoDraw = True
60.6967 	EXP 	center: autoDraw = True
60.6967 	EXP 	left: autoDraw = True
60.6967 	EXP 	right: autoDraw = True
60.6967 	EXP 	up: autoDraw = True
60.6967 	EXP 	down: autoDraw = True
60.6969 	EXP 	Sound  started
60.7015 	DATA 	sbli | frame count: 660
60.7134 	EXP 	center: autoDraw = True
60.7134 	EXP 	left: autoDraw = True
60.7134 	EXP 	right: autoDraw = True
60.7134 	EXP 	up: autoDraw = True
60.7134 	EXP 	down: autoDraw = True
60.7302 	EXP 	center: autoDraw = True
60.7302 	EXP 	left: autoDraw = True
60.7302 	EXP 	right: autoDraw = True
60.7302 	EXP 	up: autoDraw = True
60.7302 	EXP 	down: autoDraw = True
60.7462 	EXP 	center: autoDraw = True
60.7462 	EXP 	left: autoDraw = True
60.7462 	EXP 	right: autoDraw = True
60.7462 	EXP 	up: autoDraw = True
60.7462 	EXP 	down: autoDraw = True
60.7636 	EXP 	center: autoDraw = True
60.7636 	EXP 	left: autoDraw = True
60.7636 	EXP 	right: autoDraw = True
60.7636 	EXP 	up: autoDraw = True
60.7636 	EXP 	down: autoDraw = True
60.7804 	EXP 	center: autoDraw = True
60.7804 	EXP 	left: autoDraw = True
60.7804 	EXP 	right: autoDraw = True
60.7804 	EXP 	up: autoDraw = True
60.7804 	EXP 	down: autoDraw = True
60.7966 	EXP 	center: autoDraw = True
60.7966 	EXP 	left: autoDraw = True
60.7966 	EXP 	right: autoDraw = True
60.7966 	EXP 	up: autoDraw = True
60.7966 	EXP 	down: autoDraw = True
60.8137 	EXP 	center: autoDraw = True
60.8137 	EXP 	left: autoDraw = True
60.8137 	EXP 	right: autoDraw = True
60.8137 	EXP 	up: autoDraw = True
60.8137 	EXP 	down: autoDraw = True
60.8301 	EXP 	center: autoDraw = True
60.8301 	EXP 	left: autoDraw = True
60.8301 	EXP 	right: autoDraw = True
60.8301 	EXP 	up: autoDraw = True
60.8301 	EXP 	down: autoDraw = True
60.8470 	EXP 	center: autoDraw = True
60.8470 	EXP 	left: autoDraw = True
60.8470 	EXP 	right: autoDraw = True
60.8470 	EXP 	up: autoDraw = True
60.8470 	EXP 	down: autoDraw = True
60.8637 	EXP 	center: autoDraw = True
60.8637 	EXP 	left: autoDraw = True
60.8637 	EXP 	right: autoDraw = True
60.8637 	EXP 	up: autoDraw = True
60.8637 	EXP 	down: autoDraw = True
60.8801 	EXP 	center: autoDraw = True
60.8801 	EXP 	left: autoDraw = True
60.8801 	EXP 	right: autoDraw = True
60.8801 	EXP 	up: autoDraw = True
60.8801 	EXP 	down: autoDraw = True
60.8970 	EXP 	center: autoDraw = True
60.8970 	EXP 	left: autoDraw = True
60.8970 	EXP 	right: autoDraw = True
60.8970 	EXP 	up: autoDraw = True
60.8970 	EXP 	down: autoDraw = True
60.9135 	EXP 	center: autoDraw = True
60.9135 	EXP 	left: autoDraw = True
60.9135 	EXP 	right: autoDraw = True
60.9135 	EXP 	up: autoDraw = True
60.9135 	EXP 	down: autoDraw = True
60.9305 	EXP 	center: autoDraw = True
60.9305 	EXP 	left: autoDraw = True
60.9305 	EXP 	right: autoDraw = True
60.9305 	EXP 	up: autoDraw = True
60.9305 	EXP 	down: autoDraw = True
60.9468 	EXP 	center: autoDraw = True
60.9468 	EXP 	left: autoDraw = True
60.9468 	EXP 	right: autoDraw = True
60.9468 	EXP 	up: autoDraw = True
60.9468 	EXP 	down: autoDraw = True
60.9636 	EXP 	center: autoDraw = True
60.9636 	EXP 	left: autoDraw = True
60.9636 	EXP 	right: autoDraw = True
60.9636 	EXP 	up: autoDraw = True
60.9636 	EXP 	down: autoDraw = True
60.9799 	EXP 	center: autoDraw = True
60.9799 	EXP 	left: autoDraw = True
60.9799 	EXP 	right: autoDraw = True
60.9799 	EXP 	up: autoDraw = True
60.9799 	EXP 	down: autoDraw = True
60.9969 	EXP 	center: autoDraw = True
60.9969 	EXP 	left: autoDraw = True
60.9969 	EXP 	right: autoDraw = True
60.9969 	EXP 	up: autoDraw = True
60.9969 	EXP 	down: autoDraw = True
61.0132 	EXP 	center: autoDraw = True
61.0132 	EXP 	left: autoDraw = True
61.0132 	EXP 	right: autoDraw = True
61.0132 	EXP 	up: autoDraw = True
61.0132 	EXP 	down: autoDraw = True
61.0299 	EXP 	center: autoDraw = True
61.0299 	EXP 	left: autoDraw = True
61.0299 	EXP 	right: autoDraw = True
61.0299 	EXP 	up: autoDraw = True
61.0299 	EXP 	down: autoDraw = True
61.0301 	DATA 	wsqS
61.0472 	EXP 	center: autoDraw = True
61.0472 	EXP 	left: autoDraw = True
61.0472 	EXP 	right: autoDraw = True
61.0472 	EXP 	up: autoDraw = True
61.0472 	EXP 	down: autoDraw = True
61.0472 	EXP 	whitesquare: autoDraw = True
61.0635 	EXP 	center: autoDraw = True
61.0635 	EXP 	left: autoDraw = True
61.0635 	EXP 	right: autoDraw = True
61.0635 	EXP 	up: autoDraw = True
61.0635 	EXP 	down: autoDraw = True
61.0635 	EXP 	whitesquare: autoDraw = False
61.0803 	EXP 	center: autoDraw = True
61.0803 	EXP 	left: autoDraw = True
61.0803 	EXP 	right: autoDraw = True
61.0803 	EXP 	up: autoDraw = True
61.0803 	EXP 	down: autoDraw = True
61.0967 	EXP 	center: autoDraw = True
61.0967 	EXP 	left: autoDraw = True
61.0967 	EXP 	right: autoDraw = True
61.0967 	EXP 	up: autoDraw = True
61.0967 	EXP 	down: autoDraw = True
61.1138 	EXP 	center: autoDraw = True
61.1138 	EXP 	left: autoDraw = True
61.1138 	EXP 	right: autoDraw = True
61.1138 	EXP 	up: autoDraw = True
61.1138 	EXP 	down: autoDraw = True
61.1305 	EXP 	center: autoDraw = True
61.1305 	EXP 	left: autoDraw = True
61.1305 	EXP 	right: autoDraw = True
61.1305 	EXP 	up: autoDraw = True
61.1305 	EXP 	down: autoDraw = True
61.1467 	EXP 	center: autoDraw = True
61.1467 	EXP 	left: autoDraw = True
61.1467 	EXP 	right: autoDraw = True
61.1467 	EXP 	up: autoDraw = True
61.1467 	EXP 	down: autoDraw = True
61.1638 	EXP 	center: autoDraw = True
61.1638 	EXP 	left: autoDraw = True
61.1638 	EXP 	right: autoDraw = True
61.1638 	EXP 	up: autoDraw = True
61.1638 	EXP 	down: autoDraw = True
61.1801 	EXP 	center: autoDraw = True
61.1801 	EXP 	left: autoDraw = True
61.1801 	EXP 	right: autoDraw = True
61.1801 	EXP 	up: autoDraw = True
61.1801 	EXP 	down: autoDraw = True
61.1971 	EXP 	center: autoDraw = True
61.1971 	EXP 	left: autoDraw = True
61.1971 	EXP 	right: autoDraw = True
61.1971 	EXP 	up: autoDraw = True
61.1971 	EXP 	down: autoDraw = True
61.2135 	EXP 	center: autoDraw = True
61.2135 	EXP 	left: autoDraw = True
61.2135 	EXP 	right: autoDraw = True
61.2135 	EXP 	up: autoDraw = True
61.2135 	EXP 	down: autoDraw = True
61.2337 	EXP 	center: autoDraw = True
61.2337 	EXP 	left: autoDraw = True
61.2337 	EXP 	right: autoDraw = True
61.2337 	EXP 	up: autoDraw = True
61.2337 	EXP 	down: autoDraw = True
61.2467 	EXP 	center: autoDraw = True
61.2467 	EXP 	left: autoDraw = True
61.2467 	EXP 	right: autoDraw = True
61.2467 	EXP 	up: autoDraw = True
61.2467 	EXP 	down: autoDraw = True
61.2673 	EXP 	center: autoDraw = True
61.2673 	EXP 	left: autoDraw = True
61.2673 	EXP 	right: autoDraw = True
61.2673 	EXP 	up: autoDraw = True
61.2673 	EXP 	down: autoDraw = True
61.2802 	EXP 	center: autoDraw = True
61.2802 	EXP 	left: autoDraw = True
61.2802 	EXP 	right: autoDraw = True
61.2802 	EXP 	up: autoDraw = True
61.2802 	EXP 	down: autoDraw = True
61.3005 	EXP 	center: autoDraw = True
61.3005 	EXP 	left: autoDraw = True
61.3005 	EXP 	right: autoDraw = True
61.3005 	EXP 	up: autoDraw = True
61.3005 	EXP 	down: autoDraw = True
61.3173 	EXP 	center: autoDraw = True
61.3173 	EXP 	left: autoDraw = True
61.3173 	EXP 	right: autoDraw = True
61.3173 	EXP 	up: autoDraw = True
61.3173 	EXP 	down: autoDraw = True
61.3339 	EXP 	center: autoDraw = True
61.3339 	EXP 	left: autoDraw = True
61.3339 	EXP 	right: autoDraw = True
61.3339 	EXP 	up: autoDraw = True
61.3339 	EXP 	down: autoDraw = True
61.3469 	EXP 	center: autoDraw = True
61.3469 	EXP 	left: autoDraw = True
61.3469 	EXP 	right: autoDraw = True
61.3469 	EXP 	up: autoDraw = True
61.3469 	EXP 	down: autoDraw = True
61.3634 	EXP 	center: autoDraw = True
61.3634 	EXP 	left: autoDraw = True
61.3634 	EXP 	right: autoDraw = True
61.3634 	EXP 	up: autoDraw = True
61.3634 	EXP 	down: autoDraw = True
61.3840 	EXP 	center: autoDraw = True
61.3840 	EXP 	left: autoDraw = True
61.3840 	EXP 	right: autoDraw = True
61.3840 	EXP 	up: autoDraw = True
61.3840 	EXP 	down: autoDraw = True
61.3963 	EXP 	center: autoDraw = True
61.3963 	EXP 	left: autoDraw = True
61.3963 	EXP 	right: autoDraw = True
61.3963 	EXP 	up: autoDraw = True
61.3963 	EXP 	down: autoDraw = True
61.4134 	EXP 	center: autoDraw = True
61.4134 	EXP 	left: autoDraw = True
61.4134 	EXP 	right: autoDraw = True
61.4134 	EXP 	up: autoDraw = True
61.4134 	EXP 	down: autoDraw = True
61.4340 	EXP 	center: autoDraw = True
61.4340 	EXP 	left: autoDraw = True
61.4340 	EXP 	right: autoDraw = True
61.4340 	EXP 	up: autoDraw = True
61.4340 	EXP 	down: autoDraw = True
61.4507 	EXP 	center: autoDraw = True
61.4507 	EXP 	left: autoDraw = True
61.4507 	EXP 	right: autoDraw = True
61.4507 	EXP 	up: autoDraw = True
61.4507 	EXP 	down: autoDraw = True
61.4675 	EXP 	center: autoDraw = True
61.4675 	EXP 	left: autoDraw = True
61.4675 	EXP 	right: autoDraw = True
61.4675 	EXP 	up: autoDraw = True
61.4675 	EXP 	down: autoDraw = True
61.4840 	EXP 	center: autoDraw = True
61.4840 	EXP 	left: autoDraw = True
61.4840 	EXP 	right: autoDraw = True
61.4840 	EXP 	up: autoDraw = True
61.4840 	EXP 	down: autoDraw = True
61.5008 	EXP 	center: autoDraw = True
61.5008 	EXP 	left: autoDraw = True
61.5008 	EXP 	right: autoDraw = True
61.5008 	EXP 	up: autoDraw = True
61.5008 	EXP 	down: autoDraw = True
61.5174 	EXP 	center: autoDraw = True
61.5174 	EXP 	left: autoDraw = True
61.5174 	EXP 	right: autoDraw = True
61.5174 	EXP 	up: autoDraw = True
61.5174 	EXP 	down: autoDraw = True
61.5341 	EXP 	center: autoDraw = True
61.5341 	EXP 	left: autoDraw = True
61.5341 	EXP 	right: autoDraw = True
61.5341 	EXP 	up: autoDraw = True
61.5341 	EXP 	down: autoDraw = True
61.5507 	EXP 	center: autoDraw = True
61.5507 	EXP 	left: autoDraw = True
61.5507 	EXP 	right: autoDraw = True
61.5507 	EXP 	up: autoDraw = True
61.5507 	EXP 	down: autoDraw = True
61.5674 	EXP 	center: autoDraw = True
61.5674 	EXP 	left: autoDraw = True
61.5674 	EXP 	right: autoDraw = True
61.5674 	EXP 	up: autoDraw = True
61.5674 	EXP 	down: autoDraw = True
61.5802 	EXP 	center: autoDraw = True
61.5802 	EXP 	left: autoDraw = True
61.5802 	EXP 	right: autoDraw = True
61.5802 	EXP 	up: autoDraw = True
61.5802 	EXP 	down: autoDraw = True
61.6008 	EXP 	center: autoDraw = True
61.6008 	EXP 	left: autoDraw = True
61.6008 	EXP 	right: autoDraw = True
61.6008 	EXP 	up: autoDraw = True
61.6008 	EXP 	down: autoDraw = True
61.6174 	EXP 	center: autoDraw = True
61.6174 	EXP 	left: autoDraw = True
61.6174 	EXP 	right: autoDraw = True
61.6174 	EXP 	up: autoDraw = True
61.6174 	EXP 	down: autoDraw = True
61.6341 	EXP 	center: autoDraw = True
61.6341 	EXP 	left: autoDraw = True
61.6341 	EXP 	right: autoDraw = True
61.6341 	EXP 	up: autoDraw = True
61.6341 	EXP 	down: autoDraw = True
61.6510 	EXP 	center: autoDraw = True
61.6510 	EXP 	left: autoDraw = True
61.6510 	EXP 	right: autoDraw = True
61.6510 	EXP 	up: autoDraw = True
61.6510 	EXP 	down: autoDraw = True
61.6633 	EXP 	center: autoDraw = True
61.6633 	EXP 	left: autoDraw = True
61.6633 	EXP 	right: autoDraw = True
61.6633 	EXP 	up: autoDraw = True
61.6633 	EXP 	down: autoDraw = True
61.6843 	EXP 	center: autoDraw = True
61.6843 	EXP 	left: autoDraw = True
61.6843 	EXP 	right: autoDraw = True
61.6843 	EXP 	up: autoDraw = True
61.6843 	EXP 	down: autoDraw = True
61.6967 	EXP 	center: autoDraw = True
61.6967 	EXP 	left: autoDraw = True
61.6967 	EXP 	right: autoDraw = True
61.6967 	EXP 	up: autoDraw = True
61.6967 	EXP 	down: autoDraw = True
61.7171 	EXP 	center: autoDraw = True
61.7171 	EXP 	left: autoDraw = True
61.7171 	EXP 	right: autoDraw = True
61.7171 	EXP 	up: autoDraw = True
61.7171 	EXP 	down: autoDraw = True
61.7300 	EXP 	center: autoDraw = True
61.7300 	EXP 	left: autoDraw = True
61.7300 	EXP 	right: autoDraw = True
61.7300 	EXP 	up: autoDraw = True
61.7300 	EXP 	down: autoDraw = True
61.7508 	EXP 	center: autoDraw = True
61.7508 	EXP 	left: autoDraw = True
61.7508 	EXP 	right: autoDraw = True
61.7508 	EXP 	up: autoDraw = True
61.7508 	EXP 	down: autoDraw = True
61.7675 	EXP 	center: autoDraw = True
61.7675 	EXP 	left: autoDraw = True
61.7675 	EXP 	right: autoDraw = True
61.7675 	EXP 	up: autoDraw = True
61.7675 	EXP 	down: autoDraw = True
61.7840 	EXP 	center: autoDraw = True
61.7840 	EXP 	left: autoDraw = True
61.7840 	EXP 	right: autoDraw = True
61.7840 	EXP 	up: autoDraw = True
61.7840 	EXP 	down: autoDraw = True
61.7970 	EXP 	center: autoDraw = True
61.7970 	EXP 	left: autoDraw = True
61.7970 	EXP 	right: autoDraw = True
61.7970 	EXP 	up: autoDraw = True
61.7970 	EXP 	down: autoDraw = True
61.8135 	EXP 	center: autoDraw = True
61.8135 	EXP 	left: autoDraw = True
61.8135 	EXP 	right: autoDraw = True
61.8135 	EXP 	up: autoDraw = True
61.8135 	EXP 	down: autoDraw = True
61.8342 	EXP 	center: autoDraw = True
61.8342 	EXP 	left: autoDraw = True
61.8342 	EXP 	right: autoDraw = True
61.8342 	EXP 	up: autoDraw = True
61.8342 	EXP 	down: autoDraw = True
61.8467 	EXP 	center: autoDraw = True
61.8467 	EXP 	left: autoDraw = True
61.8467 	EXP 	right: autoDraw = True
61.8467 	EXP 	up: autoDraw = True
61.8467 	EXP 	down: autoDraw = True
61.8675 	EXP 	center: autoDraw = True
61.8675 	EXP 	left: autoDraw = True
61.8675 	EXP 	right: autoDraw = True
61.8675 	EXP 	up: autoDraw = True
61.8675 	EXP 	down: autoDraw = True
61.8801 	EXP 	center: autoDraw = True
61.8801 	EXP 	left: autoDraw = True
61.8801 	EXP 	right: autoDraw = True
61.8801 	EXP 	up: autoDraw = True
61.8801 	EXP 	down: autoDraw = True
61.9009 	EXP 	center: autoDraw = True
61.9009 	EXP 	left: autoDraw = True
61.9009 	EXP 	right: autoDraw = True
61.9009 	EXP 	up: autoDraw = True
61.9009 	EXP 	down: autoDraw = True
61.9134 	EXP 	center: autoDraw = True
61.9134 	EXP 	left: autoDraw = True
61.9134 	EXP 	right: autoDraw = True
61.9134 	EXP 	up: autoDraw = True
61.9134 	EXP 	down: autoDraw = True
61.9344 	EXP 	center: autoDraw = True
61.9344 	EXP 	left: autoDraw = True
61.9344 	EXP 	right: autoDraw = True
61.9344 	EXP 	up: autoDraw = True
61.9344 	EXP 	down: autoDraw = True
61.9467 	EXP 	center: autoDraw = True
61.9467 	EXP 	left: autoDraw = True
61.9467 	EXP 	right: autoDraw = True
61.9467 	EXP 	up: autoDraw = True
61.9467 	EXP 	down: autoDraw = True
61.9676 	EXP 	center: autoDraw = True
61.9676 	EXP 	left: autoDraw = True
61.9676 	EXP 	right: autoDraw = True
61.9676 	EXP 	up: autoDraw = True
61.9676 	EXP 	down: autoDraw = True
61.9800 	EXP 	center: autoDraw = True
61.9800 	EXP 	left: autoDraw = True
61.9800 	EXP 	right: autoDraw = True
61.9800 	EXP 	up: autoDraw = True
61.9800 	EXP 	down: autoDraw = True
62.0010 	EXP 	center: autoDraw = True
62.0010 	EXP 	left: autoDraw = True
62.0010 	EXP 	right: autoDraw = True
62.0010 	EXP 	up: autoDraw = True
62.0010 	EXP 	down: autoDraw = True
62.0177 	EXP 	center: autoDraw = True
62.0177 	EXP 	left: autoDraw = True
62.0177 	EXP 	right: autoDraw = True
62.0177 	EXP 	up: autoDraw = True
62.0177 	EXP 	down: autoDraw = True
62.0301 	EXP 	center: autoDraw = True
62.0301 	EXP 	left: autoDraw = True
62.0301 	EXP 	right: autoDraw = True
62.0301 	EXP 	up: autoDraw = True
62.0301 	EXP 	down: autoDraw = True
62.0510 	EXP 	center: autoDraw = True
62.0510 	EXP 	left: autoDraw = True
62.0510 	EXP 	right: autoDraw = True
62.0510 	EXP 	up: autoDraw = True
62.0510 	EXP 	down: autoDraw = True
62.0634 	EXP 	center: autoDraw = True
62.0634 	EXP 	left: autoDraw = True
62.0634 	EXP 	right: autoDraw = True
62.0634 	EXP 	up: autoDraw = True
62.0634 	EXP 	down: autoDraw = True
62.0843 	EXP 	center: autoDraw = True
62.0843 	EXP 	left: autoDraw = True
62.0843 	EXP 	right: autoDraw = True
62.0843 	EXP 	up: autoDraw = True
62.0843 	EXP 	down: autoDraw = True
62.0966 	EXP 	center: autoDraw = True
62.0966 	EXP 	left: autoDraw = True
62.0966 	EXP 	right: autoDraw = True
62.0966 	EXP 	up: autoDraw = True
62.0966 	EXP 	down: autoDraw = True
62.1135 	EXP 	center: autoDraw = True
62.1135 	EXP 	left: autoDraw = True
62.1135 	EXP 	right: autoDraw = True
62.1135 	EXP 	up: autoDraw = True
62.1135 	EXP 	down: autoDraw = True
62.1345 	EXP 	center: autoDraw = True
62.1345 	EXP 	left: autoDraw = True
62.1345 	EXP 	right: autoDraw = True
62.1345 	EXP 	up: autoDraw = True
62.1345 	EXP 	down: autoDraw = True
62.1465 	EXP 	center: autoDraw = True
62.1465 	EXP 	left: autoDraw = True
62.1465 	EXP 	right: autoDraw = True
62.1465 	EXP 	up: autoDraw = True
62.1465 	EXP 	down: autoDraw = True
62.1637 	EXP 	center: autoDraw = True
62.1637 	EXP 	left: autoDraw = True
62.1637 	EXP 	right: autoDraw = True
62.1637 	EXP 	up: autoDraw = True
62.1637 	EXP 	down: autoDraw = True
62.1799 	EXP 	center: autoDraw = True
62.1799 	EXP 	left: autoDraw = True
62.1799 	EXP 	right: autoDraw = True
62.1799 	EXP 	up: autoDraw = True
62.1799 	EXP 	down: autoDraw = True
62.1969 	EXP 	center: autoDraw = True
62.1969 	EXP 	left: autoDraw = True
62.1969 	EXP 	right: autoDraw = True
62.1969 	EXP 	up: autoDraw = True
62.1969 	EXP 	down: autoDraw = True
62.2132 	EXP 	center: autoDraw = True
62.2132 	EXP 	left: autoDraw = True
62.2132 	EXP 	right: autoDraw = True
62.2132 	EXP 	up: autoDraw = True
62.2132 	EXP 	down: autoDraw = True
62.2303 	EXP 	center: autoDraw = True
62.2303 	EXP 	left: autoDraw = True
62.2303 	EXP 	right: autoDraw = True
62.2303 	EXP 	up: autoDraw = True
62.2303 	EXP 	down: autoDraw = True
62.2511 	EXP 	center: autoDraw = True
62.2511 	EXP 	left: autoDraw = True
62.2511 	EXP 	right: autoDraw = True
62.2511 	EXP 	up: autoDraw = True
62.2511 	EXP 	down: autoDraw = True
62.2678 	EXP 	center: autoDraw = True
62.2678 	EXP 	left: autoDraw = True
62.2678 	EXP 	right: autoDraw = True
62.2678 	EXP 	up: autoDraw = True
62.2678 	EXP 	down: autoDraw = True
62.2845 	EXP 	center: autoDraw = True
62.2845 	EXP 	left: autoDraw = True
62.2845 	EXP 	right: autoDraw = True
62.2845 	EXP 	up: autoDraw = True
62.2845 	EXP 	down: autoDraw = True
62.3013 	EXP 	center: autoDraw = True
62.3013 	EXP 	left: autoDraw = True
62.3013 	EXP 	right: autoDraw = True
62.3013 	EXP 	up: autoDraw = True
62.3013 	EXP 	down: autoDraw = True
62.3178 	EXP 	center: autoDraw = True
62.3178 	EXP 	left: autoDraw = True
62.3178 	EXP 	right: autoDraw = True
62.3178 	EXP 	up: autoDraw = True
62.3178 	EXP 	down: autoDraw = True
62.3346 	EXP 	center: autoDraw = True
62.3346 	EXP 	left: autoDraw = True
62.3346 	EXP 	right: autoDraw = True
62.3346 	EXP 	up: autoDraw = True
62.3346 	EXP 	down: autoDraw = True
62.3512 	EXP 	center: autoDraw = True
62.3512 	EXP 	left: autoDraw = True
62.3512 	EXP 	right: autoDraw = True
62.3512 	EXP 	up: autoDraw = True
62.3512 	EXP 	down: autoDraw = True
62.3679 	EXP 	center: autoDraw = True
62.3679 	EXP 	left: autoDraw = True
62.3679 	EXP 	right: autoDraw = True
62.3679 	EXP 	up: autoDraw = True
62.3679 	EXP 	down: autoDraw = True
62.3800 	EXP 	center: autoDraw = True
62.3800 	EXP 	left: autoDraw = True
62.3800 	EXP 	right: autoDraw = True
62.3800 	EXP 	up: autoDraw = True
62.3800 	EXP 	down: autoDraw = True
62.4014 	EXP 	center: autoDraw = True
62.4014 	EXP 	left: autoDraw = True
62.4014 	EXP 	right: autoDraw = True
62.4014 	EXP 	up: autoDraw = True
62.4014 	EXP 	down: autoDraw = True
62.4179 	EXP 	center: autoDraw = True
62.4179 	EXP 	left: autoDraw = True
62.4179 	EXP 	right: autoDraw = True
62.4179 	EXP 	up: autoDraw = True
62.4179 	EXP 	down: autoDraw = True
62.4346 	EXP 	center: autoDraw = True
62.4346 	EXP 	left: autoDraw = True
62.4346 	EXP 	right: autoDraw = True
62.4346 	EXP 	up: autoDraw = True
62.4346 	EXP 	down: autoDraw = True
62.4512 	EXP 	center: autoDraw = True
62.4512 	EXP 	left: autoDraw = True
62.4512 	EXP 	right: autoDraw = True
62.4512 	EXP 	up: autoDraw = True
62.4512 	EXP 	down: autoDraw = True
62.4679 	EXP 	center: autoDraw = True
62.4679 	EXP 	left: autoDraw = True
62.4679 	EXP 	right: autoDraw = True
62.4679 	EXP 	up: autoDraw = True
62.4679 	EXP 	down: autoDraw = True
62.4846 	EXP 	center: autoDraw = True
62.4846 	EXP 	left: autoDraw = True
62.4846 	EXP 	right: autoDraw = True
62.4846 	EXP 	up: autoDraw = True
62.4846 	EXP 	down: autoDraw = True
62.4967 	EXP 	center: autoDraw = True
62.4967 	EXP 	left: autoDraw = True
62.4967 	EXP 	right: autoDraw = True
62.4967 	EXP 	up: autoDraw = True
62.4967 	EXP 	down: autoDraw = True
62.5179 	EXP 	center: autoDraw = True
62.5179 	EXP 	left: autoDraw = True
62.5179 	EXP 	right: autoDraw = True
62.5179 	EXP 	up: autoDraw = True
62.5179 	EXP 	down: autoDraw = True
62.5353 	EXP 	center: autoDraw = True
62.5353 	EXP 	left: autoDraw = True
62.5353 	EXP 	right: autoDraw = True
62.5353 	EXP 	up: autoDraw = True
62.5353 	EXP 	down: autoDraw = True
62.5513 	EXP 	center: autoDraw = True
62.5513 	EXP 	left: autoDraw = True
62.5513 	EXP 	right: autoDraw = True
62.5513 	EXP 	up: autoDraw = True
62.5513 	EXP 	down: autoDraw = True
62.5681 	EXP 	center: autoDraw = True
62.5681 	EXP 	left: autoDraw = True
62.5681 	EXP 	right: autoDraw = True
62.5681 	EXP 	up: autoDraw = True
62.5681 	EXP 	down: autoDraw = True
62.5846 	EXP 	center: autoDraw = True
62.5846 	EXP 	left: autoDraw = True
62.5846 	EXP 	right: autoDraw = True
62.5846 	EXP 	up: autoDraw = True
62.5846 	EXP 	down: autoDraw = True
62.6012 	EXP 	center: autoDraw = True
62.6012 	EXP 	left: autoDraw = True
62.6012 	EXP 	right: autoDraw = True
62.6012 	EXP 	up: autoDraw = True
62.6012 	EXP 	down: autoDraw = True
62.6180 	EXP 	center: autoDraw = True
62.6180 	EXP 	left: autoDraw = True
62.6180 	EXP 	right: autoDraw = True
62.6180 	EXP 	up: autoDraw = True
62.6180 	EXP 	down: autoDraw = True
62.6346 	EXP 	center: autoDraw = True
62.6346 	EXP 	left: autoDraw = True
62.6346 	EXP 	right: autoDraw = True
62.6346 	EXP 	up: autoDraw = True
62.6346 	EXP 	down: autoDraw = True
62.6513 	EXP 	center: autoDraw = True
62.6513 	EXP 	left: autoDraw = True
62.6513 	EXP 	right: autoDraw = True
62.6513 	EXP 	up: autoDraw = True
62.6513 	EXP 	down: autoDraw = True
62.6678 	EXP 	center: autoDraw = True
62.6678 	EXP 	left: autoDraw = True
62.6678 	EXP 	right: autoDraw = True
62.6678 	EXP 	up: autoDraw = True
62.6678 	EXP 	down: autoDraw = True
62.6847 	EXP 	center: autoDraw = True
62.6847 	EXP 	left: autoDraw = True
62.6847 	EXP 	right: autoDraw = True
62.6847 	EXP 	up: autoDraw = True
62.6847 	EXP 	down: autoDraw = True
62.7012 	EXP 	center: autoDraw = True
62.7012 	EXP 	left: autoDraw = True
62.7012 	EXP 	right: autoDraw = True
62.7012 	EXP 	up: autoDraw = True
62.7012 	EXP 	down: autoDraw = True
62.7180 	EXP 	center: autoDraw = True
62.7180 	EXP 	left: autoDraw = True
62.7180 	EXP 	right: autoDraw = True
62.7180 	EXP 	up: autoDraw = True
62.7180 	EXP 	down: autoDraw = True
62.7346 	EXP 	center: autoDraw = True
62.7346 	EXP 	left: autoDraw = True
62.7346 	EXP 	right: autoDraw = True
62.7346 	EXP 	up: autoDraw = True
62.7346 	EXP 	down: autoDraw = True
62.7512 	EXP 	center: autoDraw = True
62.7512 	EXP 	left: autoDraw = True
62.7512 	EXP 	right: autoDraw = True
62.7512 	EXP 	up: autoDraw = True
62.7512 	EXP 	down: autoDraw = True
62.7680 	EXP 	center: autoDraw = True
62.7680 	EXP 	left: autoDraw = True
62.7680 	EXP 	right: autoDraw = True
62.7680 	EXP 	up: autoDraw = True
62.7680 	EXP 	down: autoDraw = True
62.7845 	EXP 	center: autoDraw = True
62.7845 	EXP 	left: autoDraw = True
62.7845 	EXP 	right: autoDraw = True
62.7845 	EXP 	up: autoDraw = True
62.7845 	EXP 	down: autoDraw = True
62.8011 	EXP 	center: autoDraw = True
62.8011 	EXP 	left: autoDraw = True
62.8011 	EXP 	right: autoDraw = True
62.8011 	EXP 	up: autoDraw = True
62.8011 	EXP 	down: autoDraw = True
62.8173 	EXP 	center: autoDraw = True
62.8173 	EXP 	left: autoDraw = True
62.8173 	EXP 	right: autoDraw = True
62.8173 	EXP 	up: autoDraw = True
62.8173 	EXP 	down: autoDraw = True
62.8346 	EXP 	center: autoDraw = True
62.8346 	EXP 	left: autoDraw = True
62.8346 	EXP 	right: autoDraw = True
62.8346 	EXP 	up: autoDraw = True
62.8346 	EXP 	down: autoDraw = True
62.8513 	EXP 	center: autoDraw = True
62.8513 	EXP 	left: autoDraw = True
62.8513 	EXP 	right: autoDraw = True
62.8513 	EXP 	up: autoDraw = True
62.8513 	EXP 	down: autoDraw = True
62.8679 	EXP 	center: autoDraw = True
62.8679 	EXP 	left: autoDraw = True
62.8679 	EXP 	right: autoDraw = True
62.8679 	EXP 	up: autoDraw = True
62.8679 	EXP 	down: autoDraw = True
62.8847 	EXP 	center: autoDraw = True
62.8847 	EXP 	left: autoDraw = True
62.8847 	EXP 	right: autoDraw = True
62.8847 	EXP 	up: autoDraw = True
62.8847 	EXP 	down: autoDraw = True
62.9014 	EXP 	center: autoDraw = True
62.9014 	EXP 	left: autoDraw = True
62.9014 	EXP 	right: autoDraw = True
62.9014 	EXP 	up: autoDraw = True
62.9014 	EXP 	down: autoDraw = True
62.9180 	EXP 	center: autoDraw = True
62.9180 	EXP 	left: autoDraw = True
62.9180 	EXP 	right: autoDraw = True
62.9180 	EXP 	up: autoDraw = True
62.9180 	EXP 	down: autoDraw = True
62.9345 	EXP 	center: autoDraw = True
62.9345 	EXP 	left: autoDraw = True
62.9345 	EXP 	right: autoDraw = True
62.9345 	EXP 	up: autoDraw = True
62.9345 	EXP 	down: autoDraw = True
62.9513 	EXP 	center: autoDraw = True
62.9513 	EXP 	left: autoDraw = True
62.9513 	EXP 	right: autoDraw = True
62.9513 	EXP 	up: autoDraw = True
62.9513 	EXP 	down: autoDraw = True
62.9679 	EXP 	center: autoDraw = True
62.9679 	EXP 	left: autoDraw = True
62.9679 	EXP 	right: autoDraw = True
62.9679 	EXP 	up: autoDraw = True
62.9679 	EXP 	down: autoDraw = True
62.9846 	EXP 	center: autoDraw = True
62.9846 	EXP 	left: autoDraw = True
62.9846 	EXP 	right: autoDraw = True
62.9846 	EXP 	up: autoDraw = True
62.9846 	EXP 	down: autoDraw = True
63.0012 	EXP 	center: autoDraw = True
63.0012 	EXP 	left: autoDraw = True
63.0012 	EXP 	right: autoDraw = True
63.0012 	EXP 	up: autoDraw = True
63.0012 	EXP 	down: autoDraw = True
63.0178 	EXP 	center: autoDraw = True
63.0178 	EXP 	left: autoDraw = True
63.0178 	EXP 	right: autoDraw = True
63.0178 	EXP 	up: autoDraw = True
63.0178 	EXP 	down: autoDraw = True
63.0347 	EXP 	center: autoDraw = True
63.0347 	EXP 	left: autoDraw = True
63.0347 	EXP 	right: autoDraw = True
63.0347 	EXP 	up: autoDraw = True
63.0347 	EXP 	down: autoDraw = True
63.0512 	EXP 	center: autoDraw = True
63.0512 	EXP 	left: autoDraw = True
63.0512 	EXP 	right: autoDraw = True
63.0512 	EXP 	up: autoDraw = True
63.0512 	EXP 	down: autoDraw = True
63.0679 	EXP 	center: autoDraw = True
63.0679 	EXP 	left: autoDraw = True
63.0679 	EXP 	right: autoDraw = True
63.0679 	EXP 	up: autoDraw = True
63.0679 	EXP 	down: autoDraw = True
63.0846 	EXP 	center: autoDraw = True
63.0846 	EXP 	left: autoDraw = True
63.0846 	EXP 	right: autoDraw = True
63.0846 	EXP 	up: autoDraw = True
63.0846 	EXP 	down: autoDraw = True
63.1012 	EXP 	center: autoDraw = True
63.1012 	EXP 	left: autoDraw = True
63.1012 	EXP 	right: autoDraw = True
63.1012 	EXP 	up: autoDraw = True
63.1012 	EXP 	down: autoDraw = True
63.1179 	EXP 	center: autoDraw = True
63.1179 	EXP 	left: autoDraw = True
63.1179 	EXP 	right: autoDraw = True
63.1179 	EXP 	up: autoDraw = True
63.1179 	EXP 	down: autoDraw = True
63.1345 	EXP 	center: autoDraw = True
63.1345 	EXP 	left: autoDraw = True
63.1345 	EXP 	right: autoDraw = True
63.1345 	EXP 	up: autoDraw = True
63.1345 	EXP 	down: autoDraw = True
63.1512 	EXP 	center: autoDraw = True
63.1512 	EXP 	left: autoDraw = True
63.1512 	EXP 	right: autoDraw = True
63.1512 	EXP 	up: autoDraw = True
63.1512 	EXP 	down: autoDraw = True
63.1679 	EXP 	center: autoDraw = True
63.1679 	EXP 	left: autoDraw = True
63.1679 	EXP 	right: autoDraw = True
63.1679 	EXP 	up: autoDraw = True
63.1679 	EXP 	down: autoDraw = True
63.1841 	EXP 	center: autoDraw = True
63.1841 	EXP 	left: autoDraw = True
63.1841 	EXP 	right: autoDraw = True
63.1841 	EXP 	up: autoDraw = True
63.1841 	EXP 	down: autoDraw = True
63.2006 	EXP 	center: autoDraw = True
63.2006 	EXP 	left: autoDraw = True
63.2006 	EXP 	right: autoDraw = True
63.2006 	EXP 	up: autoDraw = True
63.2006 	EXP 	down: autoDraw = True
63.2181 	EXP 	center: autoDraw = True
63.2181 	EXP 	left: autoDraw = True
63.2181 	EXP 	right: autoDraw = True
63.2181 	EXP 	up: autoDraw = True
63.2181 	EXP 	down: autoDraw = True
63.2347 	EXP 	center: autoDraw = True
63.2347 	EXP 	left: autoDraw = True
63.2347 	EXP 	right: autoDraw = True
63.2347 	EXP 	up: autoDraw = True
63.2347 	EXP 	down: autoDraw = True
63.2513 	EXP 	center: autoDraw = True
63.2513 	EXP 	left: autoDraw = True
63.2513 	EXP 	right: autoDraw = True
63.2513 	EXP 	up: autoDraw = True
63.2513 	EXP 	down: autoDraw = True
63.2680 	EXP 	center: autoDraw = True
63.2680 	EXP 	left: autoDraw = True
63.2680 	EXP 	right: autoDraw = True
63.2680 	EXP 	up: autoDraw = True
63.2680 	EXP 	down: autoDraw = True
63.2846 	EXP 	center: autoDraw = True
63.2846 	EXP 	left: autoDraw = True
63.2846 	EXP 	right: autoDraw = True
63.2846 	EXP 	up: autoDraw = True
63.2846 	EXP 	down: autoDraw = True
63.3012 	EXP 	center: autoDraw = True
63.3012 	EXP 	left: autoDraw = True
63.3012 	EXP 	right: autoDraw = True
63.3012 	EXP 	up: autoDraw = True
63.3012 	EXP 	down: autoDraw = True
63.3178 	EXP 	center: autoDraw = True
63.3178 	EXP 	left: autoDraw = True
63.3178 	EXP 	right: autoDraw = True
63.3178 	EXP 	up: autoDraw = True
63.3178 	EXP 	down: autoDraw = True
63.3346 	EXP 	center: autoDraw = True
63.3346 	EXP 	left: autoDraw = True
63.3346 	EXP 	right: autoDraw = True
63.3346 	EXP 	up: autoDraw = True
63.3346 	EXP 	down: autoDraw = True
63.3513 	EXP 	center: autoDraw = True
63.3513 	EXP 	left: autoDraw = True
63.3513 	EXP 	right: autoDraw = True
63.3513 	EXP 	up: autoDraw = True
63.3513 	EXP 	down: autoDraw = True
63.3679 	EXP 	center: autoDraw = True
63.3679 	EXP 	left: autoDraw = True
63.3679 	EXP 	right: autoDraw = True
63.3679 	EXP 	up: autoDraw = True
63.3679 	EXP 	down: autoDraw = True
63.3845 	EXP 	center: autoDraw = True
63.3845 	EXP 	left: autoDraw = True
63.3845 	EXP 	right: autoDraw = True
63.3845 	EXP 	up: autoDraw = True
63.3845 	EXP 	down: autoDraw = True
63.4012 	EXP 	center: autoDraw = True
63.4012 	EXP 	left: autoDraw = True
63.4012 	EXP 	right: autoDraw = True
63.4012 	EXP 	up: autoDraw = True
63.4012 	EXP 	down: autoDraw = True
63.4179 	EXP 	center: autoDraw = True
63.4179 	EXP 	left: autoDraw = True
63.4179 	EXP 	right: autoDraw = True
63.4179 	EXP 	up: autoDraw = True
63.4179 	EXP 	down: autoDraw = True
63.4345 	EXP 	center: autoDraw = True
63.4345 	EXP 	left: autoDraw = True
63.4345 	EXP 	right: autoDraw = True
63.4345 	EXP 	up: autoDraw = True
63.4345 	EXP 	down: autoDraw = True
63.4511 	EXP 	center: autoDraw = True
63.4511 	EXP 	left: autoDraw = True
63.4511 	EXP 	right: autoDraw = True
63.4511 	EXP 	up: autoDraw = True
63.4511 	EXP 	down: autoDraw = True
63.4680 	EXP 	center: autoDraw = True
63.4680 	EXP 	left: autoDraw = True
63.4680 	EXP 	right: autoDraw = True
63.4680 	EXP 	up: autoDraw = True
63.4680 	EXP 	down: autoDraw = True
63.4847 	EXP 	center: autoDraw = True
63.4847 	EXP 	left: autoDraw = True
63.4847 	EXP 	right: autoDraw = True
63.4847 	EXP 	up: autoDraw = True
63.4847 	EXP 	down: autoDraw = True
63.5013 	EXP 	center: autoDraw = True
63.5013 	EXP 	left: autoDraw = True
63.5013 	EXP 	right: autoDraw = True
63.5013 	EXP 	up: autoDraw = True
63.5013 	EXP 	down: autoDraw = True
63.5178 	EXP 	center: autoDraw = True
63.5178 	EXP 	left: autoDraw = True
63.5178 	EXP 	right: autoDraw = True
63.5178 	EXP 	up: autoDraw = True
63.5178 	EXP 	down: autoDraw = True
63.5346 	EXP 	center: autoDraw = True
63.5346 	EXP 	left: autoDraw = True
63.5346 	EXP 	right: autoDraw = True
63.5346 	EXP 	up: autoDraw = True
63.5346 	EXP 	down: autoDraw = True
63.5511 	EXP 	center: autoDraw = True
63.5511 	EXP 	left: autoDraw = True
63.5511 	EXP 	right: autoDraw = True
63.5511 	EXP 	up: autoDraw = True
63.5511 	EXP 	down: autoDraw = True
63.5686 	EXP 	center: autoDraw = True
63.5686 	EXP 	left: autoDraw = True
63.5686 	EXP 	right: autoDraw = True
63.5686 	EXP 	up: autoDraw = True
63.5686 	EXP 	down: autoDraw = True
63.5847 	EXP 	center: autoDraw = True
63.5847 	EXP 	left: autoDraw = True
63.5847 	EXP 	right: autoDraw = True
63.5847 	EXP 	up: autoDraw = True
63.5847 	EXP 	down: autoDraw = True
63.6013 	EXP 	center: autoDraw = True
63.6013 	EXP 	left: autoDraw = True
63.6013 	EXP 	right: autoDraw = True
63.6013 	EXP 	up: autoDraw = True
63.6013 	EXP 	down: autoDraw = True
63.6179 	EXP 	center: autoDraw = True
63.6179 	EXP 	left: autoDraw = True
63.6179 	EXP 	right: autoDraw = True
63.6179 	EXP 	up: autoDraw = True
63.6179 	EXP 	down: autoDraw = True
63.6344 	EXP 	center: autoDraw = True
63.6344 	EXP 	left: autoDraw = True
63.6344 	EXP 	right: autoDraw = True
63.6344 	EXP 	up: autoDraw = True
63.6344 	EXP 	down: autoDraw = True
63.6513 	EXP 	center: autoDraw = True
63.6513 	EXP 	left: autoDraw = True
63.6513 	EXP 	right: autoDraw = True
63.6513 	EXP 	up: autoDraw = True
63.6513 	EXP 	down: autoDraw = True
63.6678 	EXP 	center: autoDraw = True
63.6678 	EXP 	left: autoDraw = True
63.6678 	EXP 	right: autoDraw = True
63.6678 	EXP 	up: autoDraw = True
63.6678 	EXP 	down: autoDraw = True
63.6846 	EXP 	center: autoDraw = True
63.6846 	EXP 	left: autoDraw = True
63.6846 	EXP 	right: autoDraw = True
63.6846 	EXP 	up: autoDraw = True
63.6846 	EXP 	down: autoDraw = True
63.7011 	EXP 	center: autoDraw = True
63.7011 	EXP 	left: autoDraw = True
63.7011 	EXP 	right: autoDraw = True
63.7011 	EXP 	up: autoDraw = True
63.7011 	EXP 	down: autoDraw = True
63.7179 	EXP 	center: autoDraw = True
63.7179 	EXP 	left: autoDraw = True
63.7179 	EXP 	right: autoDraw = True
63.7179 	EXP 	up: autoDraw = True
63.7179 	EXP 	down: autoDraw = True
63.7344 	EXP 	center: autoDraw = True
63.7344 	EXP 	left: autoDraw = True
63.7344 	EXP 	right: autoDraw = True
63.7344 	EXP 	up: autoDraw = True
63.7344 	EXP 	down: autoDraw = True
63.7344 	EXP 	center: autoDraw = False
63.7344 	EXP 	left: autoDraw = False
63.7344 	EXP 	right: autoDraw = False
63.7344 	EXP 	up: autoDraw = False
63.7344 	EXP 	down: autoDraw = False
63.7511 	EXP 	center: autoDraw = True
63.7511 	EXP 	left: autoDraw = True
63.7511 	EXP 	right: autoDraw = True
63.7511 	EXP 	up: autoDraw = True
63.7511 	EXP 	down: autoDraw = True
63.7511 	EXP 	center: autoDraw = False
63.7511 	EXP 	left: autoDraw = False
63.7511 	EXP 	right: autoDraw = False
63.7511 	EXP 	up: autoDraw = False
63.7511 	EXP 	down: autoDraw = False
63.7678 	EXP 	center: autoDraw = True
63.7678 	EXP 	left: autoDraw = True
63.7678 	EXP 	right: autoDraw = True
63.7678 	EXP 	up: autoDraw = True
63.7678 	EXP 	down: autoDraw = True
63.7678 	EXP 	center: autoDraw = False
63.7678 	EXP 	left: autoDraw = False
63.7678 	EXP 	right: autoDraw = False
63.7678 	EXP 	up: autoDraw = False
63.7678 	EXP 	down: autoDraw = False
63.7844 	EXP 	center: autoDraw = True
63.7844 	EXP 	left: autoDraw = True
63.7844 	EXP 	right: autoDraw = True
63.7844 	EXP 	up: autoDraw = True
63.7844 	EXP 	down: autoDraw = True
63.7844 	EXP 	center: autoDraw = False
63.7844 	EXP 	left: autoDraw = False
63.7844 	EXP 	right: autoDraw = False
63.7844 	EXP 	up: autoDraw = False
63.7844 	EXP 	down: autoDraw = False
63.8013 	EXP 	center: autoDraw = True
63.8013 	EXP 	left: autoDraw = True
63.8013 	EXP 	right: autoDraw = True
63.8013 	EXP 	up: autoDraw = True
63.8013 	EXP 	down: autoDraw = True
63.8013 	EXP 	center: autoDraw = False
63.8013 	EXP 	left: autoDraw = False
63.8013 	EXP 	right: autoDraw = False
63.8013 	EXP 	up: autoDraw = False
63.8013 	EXP 	down: autoDraw = False
63.8179 	EXP 	center: autoDraw = True
63.8179 	EXP 	left: autoDraw = True
63.8179 	EXP 	right: autoDraw = True
63.8179 	EXP 	up: autoDraw = True
63.8179 	EXP 	down: autoDraw = True
63.8179 	EXP 	center: autoDraw = False
63.8179 	EXP 	left: autoDraw = False
63.8179 	EXP 	right: autoDraw = False
63.8179 	EXP 	up: autoDraw = False
63.8179 	EXP 	down: autoDraw = False
63.8343 	EXP 	center: autoDraw = True
63.8343 	EXP 	left: autoDraw = True
63.8343 	EXP 	right: autoDraw = True
63.8343 	EXP 	up: autoDraw = True
63.8343 	EXP 	down: autoDraw = True
63.8343 	EXP 	center: autoDraw = False
63.8343 	EXP 	left: autoDraw = False
63.8343 	EXP 	right: autoDraw = False
63.8343 	EXP 	up: autoDraw = False
63.8343 	EXP 	down: autoDraw = False
63.8505 	EXP 	center: autoDraw = True
63.8505 	EXP 	left: autoDraw = True
63.8505 	EXP 	right: autoDraw = True
63.8505 	EXP 	up: autoDraw = True
63.8505 	EXP 	down: autoDraw = True
63.8505 	EXP 	center: autoDraw = False
63.8505 	EXP 	left: autoDraw = False
63.8505 	EXP 	right: autoDraw = False
63.8505 	EXP 	up: autoDraw = False
63.8505 	EXP 	down: autoDraw = False
63.8677 	EXP 	center: autoDraw = True
63.8677 	EXP 	left: autoDraw = True
63.8677 	EXP 	right: autoDraw = True
63.8677 	EXP 	up: autoDraw = True
63.8677 	EXP 	down: autoDraw = True
63.8677 	EXP 	center: autoDraw = False
63.8677 	EXP 	left: autoDraw = False
63.8677 	EXP 	right: autoDraw = False
63.8677 	EXP 	up: autoDraw = False
63.8677 	EXP 	down: autoDraw = False
63.8809 	DATA 	bliE | frame count: 850
63.8821 	EXP 	Set  sound=./sound/left_speak.wav
63.8823 	EXP 	Set  sound=./sound/right_speak.wav
63.8824 	EXP 	Set  sound=./sound/up_speak.wav
63.8825 	EXP 	Set  sound=./sound/down_speak.wav
63.8859 	DATA 	gazS | frame count: -1
63.8968 	EXP 	center: autoDraw = True
63.8968 	EXP 	left: autoDraw = True
63.8968 	EXP 	right: autoDraw = True
63.8968 	EXP 	up: autoDraw = True
63.8968 	EXP 	down: autoDraw = True
63.8968 	EXP 	center: autoDraw = False
63.8968 	EXP 	left: autoDraw = False
63.8968 	EXP 	right: autoDraw = False
63.8968 	EXP 	up: autoDraw = False
63.8968 	EXP 	down: autoDraw = False
63.9134 	EXP 	center: autoDraw = True
63.9134 	EXP 	left: autoDraw = True
63.9134 	EXP 	right: autoDraw = True
63.9134 	EXP 	up: autoDraw = True
63.9134 	EXP 	down: autoDraw = True
63.9300 	EXP 	center: autoDraw = True
63.9300 	EXP 	left: autoDraw = True
63.9300 	EXP 	right: autoDraw = True
63.9300 	EXP 	up: autoDraw = True
63.9300 	EXP 	down: autoDraw = True
63.9467 	EXP 	center: autoDraw = True
63.9467 	EXP 	left: autoDraw = True
63.9467 	EXP 	right: autoDraw = True
63.9467 	EXP 	up: autoDraw = True
63.9467 	EXP 	down: autoDraw = True
63.9633 	EXP 	center: autoDraw = True
63.9633 	EXP 	left: autoDraw = True
63.9633 	EXP 	right: autoDraw = True
63.9633 	EXP 	up: autoDraw = True
63.9633 	EXP 	down: autoDraw = True
63.9800 	EXP 	center: autoDraw = True
63.9800 	EXP 	left: autoDraw = True
63.9800 	EXP 	right: autoDraw = True
63.9800 	EXP 	up: autoDraw = True
63.9800 	EXP 	down: autoDraw = True
63.9967 	EXP 	center: autoDraw = True
63.9967 	EXP 	left: autoDraw = True
63.9967 	EXP 	right: autoDraw = True
63.9967 	EXP 	up: autoDraw = True
63.9967 	EXP 	down: autoDraw = True
64.0134 	EXP 	center: autoDraw = True
64.0134 	EXP 	left: autoDraw = True
64.0134 	EXP 	right: autoDraw = True
64.0134 	EXP 	up: autoDraw = True
64.0134 	EXP 	down: autoDraw = True
64.0301 	EXP 	center: autoDraw = True
64.0301 	EXP 	left: autoDraw = True
64.0301 	EXP 	right: autoDraw = True
64.0301 	EXP 	up: autoDraw = True
64.0301 	EXP 	down: autoDraw = True
64.0466 	EXP 	center: autoDraw = True
64.0466 	EXP 	left: autoDraw = True
64.0466 	EXP 	right: autoDraw = True
64.0466 	EXP 	up: autoDraw = True
64.0466 	EXP 	down: autoDraw = True
64.0633 	EXP 	center: autoDraw = True
64.0633 	EXP 	left: autoDraw = True
64.0633 	EXP 	right: autoDraw = True
64.0633 	EXP 	up: autoDraw = True
64.0633 	EXP 	down: autoDraw = True
64.0794 	EXP 	center: autoDraw = True
64.0794 	EXP 	left: autoDraw = True
64.0794 	EXP 	right: autoDraw = True
64.0794 	EXP 	up: autoDraw = True
64.0794 	EXP 	down: autoDraw = True
64.0965 	EXP 	center: autoDraw = True
64.0965 	EXP 	left: autoDraw = True
64.0965 	EXP 	right: autoDraw = True
64.0965 	EXP 	up: autoDraw = True
64.0965 	EXP 	down: autoDraw = True
64.1129 	EXP 	center: autoDraw = True
64.1129 	EXP 	left: autoDraw = True
64.1129 	EXP 	right: autoDraw = True
64.1129 	EXP 	up: autoDraw = True
64.1129 	EXP 	down: autoDraw = True
64.1298 	EXP 	center: autoDraw = True
64.1298 	EXP 	left: autoDraw = True
64.1298 	EXP 	right: autoDraw = True
64.1298 	EXP 	up: autoDraw = True
64.1298 	EXP 	down: autoDraw = True
64.1468 	EXP 	center: autoDraw = True
64.1468 	EXP 	left: autoDraw = True
64.1468 	EXP 	right: autoDraw = True
64.1468 	EXP 	up: autoDraw = True
64.1468 	EXP 	down: autoDraw = True
64.1632 	EXP 	center: autoDraw = True
64.1632 	EXP 	left: autoDraw = True
64.1632 	EXP 	right: autoDraw = True
64.1632 	EXP 	up: autoDraw = True
64.1632 	EXP 	down: autoDraw = True
64.1801 	EXP 	center: autoDraw = True
64.1801 	EXP 	left: autoDraw = True
64.1801 	EXP 	right: autoDraw = True
64.1801 	EXP 	up: autoDraw = True
64.1801 	EXP 	down: autoDraw = True
64.1965 	EXP 	center: autoDraw = True
64.1965 	EXP 	left: autoDraw = True
64.1965 	EXP 	right: autoDraw = True
64.1965 	EXP 	up: autoDraw = True
64.1965 	EXP 	down: autoDraw = True
64.2133 	EXP 	center: autoDraw = True
64.2133 	EXP 	left: autoDraw = True
64.2133 	EXP 	right: autoDraw = True
64.2133 	EXP 	up: autoDraw = True
64.2133 	EXP 	down: autoDraw = True
64.2291 	EXP 	center: autoDraw = True
64.2291 	EXP 	left: autoDraw = True
64.2291 	EXP 	right: autoDraw = True
64.2291 	EXP 	up: autoDraw = True
64.2291 	EXP 	down: autoDraw = True
64.2466 	EXP 	center: autoDraw = True
64.2466 	EXP 	left: autoDraw = True
64.2466 	EXP 	right: autoDraw = True
64.2466 	EXP 	up: autoDraw = True
64.2466 	EXP 	down: autoDraw = True
64.2635 	EXP 	center: autoDraw = True
64.2635 	EXP 	left: autoDraw = True
64.2635 	EXP 	right: autoDraw = True
64.2635 	EXP 	up: autoDraw = True
64.2635 	EXP 	down: autoDraw = True
64.2799 	EXP 	center: autoDraw = True
64.2799 	EXP 	left: autoDraw = True
64.2799 	EXP 	right: autoDraw = True
64.2799 	EXP 	up: autoDraw = True
64.2799 	EXP 	down: autoDraw = True
64.2967 	EXP 	center: autoDraw = True
64.2967 	EXP 	left: autoDraw = True
64.2967 	EXP 	right: autoDraw = True
64.2967 	EXP 	up: autoDraw = True
64.2967 	EXP 	down: autoDraw = True
64.3134 	EXP 	center: autoDraw = True
64.3134 	EXP 	left: autoDraw = True
64.3134 	EXP 	right: autoDraw = True
64.3134 	EXP 	up: autoDraw = True
64.3134 	EXP 	down: autoDraw = True
64.3301 	EXP 	center: autoDraw = True
64.3301 	EXP 	left: autoDraw = True
64.3301 	EXP 	right: autoDraw = True
64.3301 	EXP 	up: autoDraw = True
64.3301 	EXP 	down: autoDraw = True
64.3467 	EXP 	center: autoDraw = True
64.3467 	EXP 	left: autoDraw = True
64.3467 	EXP 	right: autoDraw = True
64.3467 	EXP 	up: autoDraw = True
64.3467 	EXP 	down: autoDraw = True
64.3633 	EXP 	center: autoDraw = True
64.3633 	EXP 	left: autoDraw = True
64.3633 	EXP 	right: autoDraw = True
64.3633 	EXP 	up: autoDraw = True
64.3633 	EXP 	down: autoDraw = True
64.3801 	EXP 	center: autoDraw = True
64.3801 	EXP 	left: autoDraw = True
64.3801 	EXP 	right: autoDraw = True
64.3801 	EXP 	up: autoDraw = True
64.3801 	EXP 	down: autoDraw = True
64.3967 	EXP 	center: autoDraw = True
64.3967 	EXP 	left: autoDraw = True
64.3967 	EXP 	right: autoDraw = True
64.3967 	EXP 	up: autoDraw = True
64.3967 	EXP 	down: autoDraw = True
64.4135 	EXP 	center: autoDraw = True
64.4135 	EXP 	left: autoDraw = True
64.4135 	EXP 	right: autoDraw = True
64.4135 	EXP 	up: autoDraw = True
64.4135 	EXP 	down: autoDraw = True
64.4299 	EXP 	center: autoDraw = True
64.4299 	EXP 	left: autoDraw = True
64.4299 	EXP 	right: autoDraw = True
64.4299 	EXP 	up: autoDraw = True
64.4299 	EXP 	down: autoDraw = True
64.4467 	EXP 	center: autoDraw = True
64.4467 	EXP 	left: autoDraw = True
64.4467 	EXP 	right: autoDraw = True
64.4467 	EXP 	up: autoDraw = True
64.4467 	EXP 	down: autoDraw = True
64.4632 	EXP 	center: autoDraw = True
64.4632 	EXP 	left: autoDraw = True
64.4632 	EXP 	right: autoDraw = True
64.4632 	EXP 	up: autoDraw = True
64.4632 	EXP 	down: autoDraw = True
64.4802 	EXP 	center: autoDraw = True
64.4802 	EXP 	left: autoDraw = True
64.4802 	EXP 	right: autoDraw = True
64.4802 	EXP 	up: autoDraw = True
64.4802 	EXP 	down: autoDraw = True
64.4966 	EXP 	center: autoDraw = True
64.4966 	EXP 	left: autoDraw = True
64.4966 	EXP 	right: autoDraw = True
64.4966 	EXP 	up: autoDraw = True
64.4966 	EXP 	down: autoDraw = True
64.5132 	EXP 	center: autoDraw = True
64.5132 	EXP 	left: autoDraw = True
64.5132 	EXP 	right: autoDraw = True
64.5132 	EXP 	up: autoDraw = True
64.5132 	EXP 	down: autoDraw = True
64.5301 	EXP 	center: autoDraw = True
64.5301 	EXP 	left: autoDraw = True
64.5301 	EXP 	right: autoDraw = True
64.5301 	EXP 	up: autoDraw = True
64.5301 	EXP 	down: autoDraw = True
64.5465 	EXP 	center: autoDraw = True
64.5465 	EXP 	left: autoDraw = True
64.5465 	EXP 	right: autoDraw = True
64.5465 	EXP 	up: autoDraw = True
64.5465 	EXP 	down: autoDraw = True
64.5631 	EXP 	center: autoDraw = True
64.5631 	EXP 	left: autoDraw = True
64.5631 	EXP 	right: autoDraw = True
64.5631 	EXP 	up: autoDraw = True
64.5631 	EXP 	down: autoDraw = True
64.5801 	EXP 	center: autoDraw = True
64.5801 	EXP 	left: autoDraw = True
64.5801 	EXP 	right: autoDraw = True
64.5801 	EXP 	up: autoDraw = True
64.5801 	EXP 	down: autoDraw = True
64.5965 	EXP 	center: autoDraw = True
64.5965 	EXP 	left: autoDraw = True
64.5965 	EXP 	right: autoDraw = True
64.5965 	EXP 	up: autoDraw = True
64.5965 	EXP 	down: autoDraw = True
64.6136 	EXP 	center: autoDraw = True
64.6136 	EXP 	left: autoDraw = True
64.6136 	EXP 	right: autoDraw = True
64.6136 	EXP 	up: autoDraw = True
64.6136 	EXP 	down: autoDraw = True
64.6297 	EXP 	center: autoDraw = True
64.6297 	EXP 	left: autoDraw = True
64.6297 	EXP 	right: autoDraw = True
64.6297 	EXP 	up: autoDraw = True
64.6297 	EXP 	down: autoDraw = True
64.6467 	EXP 	center: autoDraw = True
64.6467 	EXP 	left: autoDraw = True
64.6467 	EXP 	right: autoDraw = True
64.6467 	EXP 	up: autoDraw = True
64.6467 	EXP 	down: autoDraw = True
64.6634 	EXP 	center: autoDraw = True
64.6634 	EXP 	left: autoDraw = True
64.6634 	EXP 	right: autoDraw = True
64.6634 	EXP 	up: autoDraw = True
64.6634 	EXP 	down: autoDraw = True
64.6797 	EXP 	center: autoDraw = True
64.6797 	EXP 	left: autoDraw = True
64.6797 	EXP 	right: autoDraw = True
64.6797 	EXP 	up: autoDraw = True
64.6797 	EXP 	down: autoDraw = True
64.6966 	EXP 	center: autoDraw = True
64.6966 	EXP 	left: autoDraw = True
64.6966 	EXP 	right: autoDraw = True
64.6966 	EXP 	up: autoDraw = True
64.6966 	EXP 	down: autoDraw = True
64.7133 	EXP 	center: autoDraw = True
64.7133 	EXP 	left: autoDraw = True
64.7133 	EXP 	right: autoDraw = True
64.7133 	EXP 	up: autoDraw = True
64.7133 	EXP 	down: autoDraw = True
64.7295 	EXP 	center: autoDraw = True
64.7295 	EXP 	left: autoDraw = True
64.7295 	EXP 	right: autoDraw = True
64.7295 	EXP 	up: autoDraw = True
64.7295 	EXP 	down: autoDraw = True
64.7464 	EXP 	center: autoDraw = True
64.7464 	EXP 	left: autoDraw = True
64.7464 	EXP 	right: autoDraw = True
64.7464 	EXP 	up: autoDraw = True
64.7464 	EXP 	down: autoDraw = True
64.7631 	EXP 	center: autoDraw = True
64.7631 	EXP 	left: autoDraw = True
64.7631 	EXP 	right: autoDraw = True
64.7631 	EXP 	up: autoDraw = True
64.7631 	EXP 	down: autoDraw = True
64.7799 	EXP 	center: autoDraw = True
64.7799 	EXP 	left: autoDraw = True
64.7799 	EXP 	right: autoDraw = True
64.7799 	EXP 	up: autoDraw = True
64.7799 	EXP 	down: autoDraw = True
64.7966 	EXP 	center: autoDraw = True
64.7966 	EXP 	left: autoDraw = True
64.7966 	EXP 	right: autoDraw = True
64.7966 	EXP 	up: autoDraw = True
64.7966 	EXP 	down: autoDraw = True
64.8135 	EXP 	center: autoDraw = True
64.8135 	EXP 	left: autoDraw = True
64.8135 	EXP 	right: autoDraw = True
64.8135 	EXP 	up: autoDraw = True
64.8135 	EXP 	down: autoDraw = True
64.8298 	EXP 	center: autoDraw = True
64.8298 	EXP 	left: autoDraw = True
64.8298 	EXP 	right: autoDraw = True
64.8298 	EXP 	up: autoDraw = True
64.8298 	EXP 	down: autoDraw = True
64.8466 	EXP 	center: autoDraw = True
64.8466 	EXP 	left: autoDraw = True
64.8466 	EXP 	right: autoDraw = True
64.8466 	EXP 	up: autoDraw = True
64.8466 	EXP 	down: autoDraw = True
64.8632 	EXP 	center: autoDraw = True
64.8632 	EXP 	left: autoDraw = True
64.8632 	EXP 	right: autoDraw = True
64.8632 	EXP 	up: autoDraw = True
64.8632 	EXP 	down: autoDraw = True
64.8793 	EXP 	center: autoDraw = True
64.8793 	EXP 	left: autoDraw = True
64.8793 	EXP 	right: autoDraw = True
64.8793 	EXP 	up: autoDraw = True
64.8793 	EXP 	down: autoDraw = True
64.8965 	EXP 	center: autoDraw = True
64.8965 	EXP 	left: autoDraw = True
64.8965 	EXP 	right: autoDraw = True
64.8965 	EXP 	up: autoDraw = True
64.8965 	EXP 	down: autoDraw = True
64.9134 	EXP 	center: autoDraw = True
64.9134 	EXP 	left: autoDraw = True
64.9134 	EXP 	right: autoDraw = True
64.9134 	EXP 	up: autoDraw = True
64.9134 	EXP 	down: autoDraw = True
64.9297 	EXP 	center: autoDraw = True
64.9297 	EXP 	left: autoDraw = True
64.9297 	EXP 	right: autoDraw = True
64.9297 	EXP 	up: autoDraw = True
64.9297 	EXP 	down: autoDraw = True
64.9465 	EXP 	center: autoDraw = True
64.9465 	EXP 	left: autoDraw = True
64.9465 	EXP 	right: autoDraw = True
64.9465 	EXP 	up: autoDraw = True
64.9465 	EXP 	down: autoDraw = True
64.9634 	EXP 	center: autoDraw = True
64.9634 	EXP 	left: autoDraw = True
64.9634 	EXP 	right: autoDraw = True
64.9634 	EXP 	up: autoDraw = True
64.9634 	EXP 	down: autoDraw = True
64.9798 	EXP 	center: autoDraw = True
64.9798 	EXP 	left: autoDraw = True
64.9798 	EXP 	right: autoDraw = True
64.9798 	EXP 	up: autoDraw = True
64.9798 	EXP 	down: autoDraw = True
64.9965 	EXP 	center: autoDraw = True
64.9965 	EXP 	left: autoDraw = True
64.9965 	EXP 	right: autoDraw = True
64.9965 	EXP 	up: autoDraw = True
64.9965 	EXP 	down: autoDraw = True
65.0130 	EXP 	center: autoDraw = True
65.0130 	EXP 	left: autoDraw = True
65.0130 	EXP 	right: autoDraw = True
65.0130 	EXP 	up: autoDraw = True
65.0130 	EXP 	down: autoDraw = True
65.0299 	EXP 	center: autoDraw = True
65.0299 	EXP 	left: autoDraw = True
65.0299 	EXP 	right: autoDraw = True
65.0299 	EXP 	up: autoDraw = True
65.0299 	EXP 	down: autoDraw = True
65.0466 	EXP 	center: autoDraw = True
65.0466 	EXP 	left: autoDraw = True
65.0466 	EXP 	right: autoDraw = True
65.0466 	EXP 	up: autoDraw = True
65.0466 	EXP 	down: autoDraw = True
65.0633 	EXP 	center: autoDraw = True
65.0633 	EXP 	left: autoDraw = True
65.0633 	EXP 	right: autoDraw = True
65.0633 	EXP 	up: autoDraw = True
65.0633 	EXP 	down: autoDraw = True
65.0797 	EXP 	center: autoDraw = True
65.0797 	EXP 	left: autoDraw = True
65.0797 	EXP 	right: autoDraw = True
65.0797 	EXP 	up: autoDraw = True
65.0797 	EXP 	down: autoDraw = True
65.0966 	EXP 	center: autoDraw = True
65.0966 	EXP 	left: autoDraw = True
65.0966 	EXP 	right: autoDraw = True
65.0966 	EXP 	up: autoDraw = True
65.0966 	EXP 	down: autoDraw = True
65.1128 	EXP 	center: autoDraw = True
65.1128 	EXP 	left: autoDraw = True
65.1128 	EXP 	right: autoDraw = True
65.1128 	EXP 	up: autoDraw = True
65.1128 	EXP 	down: autoDraw = True
65.1298 	EXP 	center: autoDraw = True
65.1298 	EXP 	left: autoDraw = True
65.1298 	EXP 	right: autoDraw = True
65.1298 	EXP 	up: autoDraw = True
65.1298 	EXP 	down: autoDraw = True
65.1461 	EXP 	center: autoDraw = True
65.1461 	EXP 	left: autoDraw = True
65.1461 	EXP 	right: autoDraw = True
65.1461 	EXP 	up: autoDraw = True
65.1461 	EXP 	down: autoDraw = True
65.1631 	EXP 	center: autoDraw = True
65.1631 	EXP 	left: autoDraw = True
65.1631 	EXP 	right: autoDraw = True
65.1631 	EXP 	up: autoDraw = True
65.1631 	EXP 	down: autoDraw = True
65.1798 	EXP 	center: autoDraw = True
65.1798 	EXP 	left: autoDraw = True
65.1798 	EXP 	right: autoDraw = True
65.1798 	EXP 	up: autoDraw = True
65.1798 	EXP 	down: autoDraw = True
65.1965 	EXP 	center: autoDraw = True
65.1965 	EXP 	left: autoDraw = True
65.1965 	EXP 	right: autoDraw = True
65.1965 	EXP 	up: autoDraw = True
65.1965 	EXP 	down: autoDraw = True
65.2132 	EXP 	center: autoDraw = True
65.2132 	EXP 	left: autoDraw = True
65.2132 	EXP 	right: autoDraw = True
65.2132 	EXP 	up: autoDraw = True
65.2132 	EXP 	down: autoDraw = True
65.2299 	EXP 	center: autoDraw = True
65.2299 	EXP 	left: autoDraw = True
65.2299 	EXP 	right: autoDraw = True
65.2299 	EXP 	up: autoDraw = True
65.2299 	EXP 	down: autoDraw = True
65.2466 	EXP 	center: autoDraw = True
65.2466 	EXP 	left: autoDraw = True
65.2466 	EXP 	right: autoDraw = True
65.2466 	EXP 	up: autoDraw = True
65.2466 	EXP 	down: autoDraw = True
65.2625 	EXP 	center: autoDraw = True
65.2625 	EXP 	left: autoDraw = True
65.2625 	EXP 	right: autoDraw = True
65.2625 	EXP 	up: autoDraw = True
65.2625 	EXP 	down: autoDraw = True
65.2798 	EXP 	center: autoDraw = True
65.2798 	EXP 	left: autoDraw = True
65.2798 	EXP 	right: autoDraw = True
65.2798 	EXP 	up: autoDraw = True
65.2798 	EXP 	down: autoDraw = True
65.2966 	EXP 	center: autoDraw = True
65.2966 	EXP 	left: autoDraw = True
65.2966 	EXP 	right: autoDraw = True
65.2966 	EXP 	up: autoDraw = True
65.2966 	EXP 	down: autoDraw = True
65.3133 	EXP 	center: autoDraw = True
65.3133 	EXP 	left: autoDraw = True
65.3133 	EXP 	right: autoDraw = True
65.3133 	EXP 	up: autoDraw = True
65.3133 	EXP 	down: autoDraw = True
65.3300 	EXP 	center: autoDraw = True
65.3300 	EXP 	left: autoDraw = True
65.3300 	EXP 	right: autoDraw = True
65.3300 	EXP 	up: autoDraw = True
65.3300 	EXP 	down: autoDraw = True
65.3464 	EXP 	center: autoDraw = True
65.3464 	EXP 	left: autoDraw = True
65.3464 	EXP 	right: autoDraw = True
65.3464 	EXP 	up: autoDraw = True
65.3464 	EXP 	down: autoDraw = True
65.3632 	EXP 	center: autoDraw = True
65.3632 	EXP 	left: autoDraw = True
65.3632 	EXP 	right: autoDraw = True
65.3632 	EXP 	up: autoDraw = True
65.3632 	EXP 	down: autoDraw = True
65.3798 	EXP 	center: autoDraw = True
65.3798 	EXP 	left: autoDraw = True
65.3798 	EXP 	right: autoDraw = True
65.3798 	EXP 	up: autoDraw = True
65.3798 	EXP 	down: autoDraw = True
65.3800 	EXP 	Sound  started
65.4608 	DATA 	sdow
65.4796 	EXP 	center: autoDraw = True
65.4796 	EXP 	left: autoDraw = True
65.4796 	EXP 	right: autoDraw = True
65.4796 	EXP 	up: autoDraw = True
65.4796 	EXP 	down: autoDraw = True
65.4965 	EXP 	center: autoDraw = True
65.4965 	EXP 	left: autoDraw = True
65.4965 	EXP 	right: autoDraw = True
65.4965 	EXP 	up: autoDraw = True
65.4965 	EXP 	down: autoDraw = True
65.5132 	EXP 	center: autoDraw = True
65.5132 	EXP 	left: autoDraw = True
65.5132 	EXP 	right: autoDraw = True
65.5132 	EXP 	up: autoDraw = True
65.5132 	EXP 	down: autoDraw = True
65.5294 	EXP 	center: autoDraw = True
65.5294 	EXP 	left: autoDraw = True
65.5294 	EXP 	right: autoDraw = True
65.5294 	EXP 	up: autoDraw = True
65.5294 	EXP 	down: autoDraw = True
65.5464 	EXP 	center: autoDraw = True
65.5464 	EXP 	left: autoDraw = True
65.5464 	EXP 	right: autoDraw = True
65.5464 	EXP 	up: autoDraw = True
65.5464 	EXP 	down: autoDraw = True
65.5633 	EXP 	center: autoDraw = True
65.5633 	EXP 	left: autoDraw = True
65.5633 	EXP 	right: autoDraw = True
65.5633 	EXP 	up: autoDraw = True
65.5633 	EXP 	down: autoDraw = True
65.5800 	EXP 	center: autoDraw = True
65.5800 	EXP 	left: autoDraw = True
65.5800 	EXP 	right: autoDraw = True
65.5800 	EXP 	up: autoDraw = True
65.5800 	EXP 	down: autoDraw = True
65.5964 	EXP 	center: autoDraw = True
65.5964 	EXP 	left: autoDraw = True
65.5964 	EXP 	right: autoDraw = True
65.5964 	EXP 	up: autoDraw = True
65.5964 	EXP 	down: autoDraw = True
65.6134 	EXP 	center: autoDraw = True
65.6134 	EXP 	left: autoDraw = True
65.6134 	EXP 	right: autoDraw = True
65.6134 	EXP 	up: autoDraw = True
65.6134 	EXP 	down: autoDraw = True
65.6296 	EXP 	center: autoDraw = True
65.6296 	EXP 	left: autoDraw = True
65.6296 	EXP 	right: autoDraw = True
65.6296 	EXP 	up: autoDraw = True
65.6296 	EXP 	down: autoDraw = True
65.6467 	EXP 	center: autoDraw = True
65.6467 	EXP 	left: autoDraw = True
65.6467 	EXP 	right: autoDraw = True
65.6467 	EXP 	up: autoDraw = True
65.6467 	EXP 	down: autoDraw = True
65.6631 	EXP 	center: autoDraw = True
65.6631 	EXP 	left: autoDraw = True
65.6631 	EXP 	right: autoDraw = True
65.6631 	EXP 	up: autoDraw = True
65.6631 	EXP 	down: autoDraw = True
65.6799 	EXP 	center: autoDraw = True
65.6799 	EXP 	left: autoDraw = True
65.6799 	EXP 	right: autoDraw = True
65.6799 	EXP 	up: autoDraw = True
65.6799 	EXP 	down: autoDraw = True
65.6968 	EXP 	center: autoDraw = True
65.6968 	EXP 	left: autoDraw = True
65.6968 	EXP 	right: autoDraw = True
65.6968 	EXP 	up: autoDraw = True
65.6968 	EXP 	down: autoDraw = True
65.7132 	EXP 	center: autoDraw = True
65.7132 	EXP 	left: autoDraw = True
65.7132 	EXP 	right: autoDraw = True
65.7132 	EXP 	up: autoDraw = True
65.7132 	EXP 	down: autoDraw = True
65.7300 	EXP 	center: autoDraw = True
65.7300 	EXP 	left: autoDraw = True
65.7300 	EXP 	right: autoDraw = True
65.7300 	EXP 	up: autoDraw = True
65.7300 	EXP 	down: autoDraw = True
65.7464 	EXP 	center: autoDraw = True
65.7464 	EXP 	left: autoDraw = True
65.7464 	EXP 	right: autoDraw = True
65.7464 	EXP 	up: autoDraw = True
65.7464 	EXP 	down: autoDraw = True
65.7631 	EXP 	center: autoDraw = True
65.7631 	EXP 	left: autoDraw = True
65.7631 	EXP 	right: autoDraw = True
65.7631 	EXP 	up: autoDraw = True
65.7631 	EXP 	down: autoDraw = True
65.7799 	EXP 	center: autoDraw = True
65.7799 	EXP 	left: autoDraw = True
65.7799 	EXP 	right: autoDraw = True
65.7799 	EXP 	up: autoDraw = True
65.7799 	EXP 	down: autoDraw = True
65.7963 	EXP 	center: autoDraw = True
65.7963 	EXP 	left: autoDraw = True
65.7963 	EXP 	right: autoDraw = True
65.7963 	EXP 	up: autoDraw = True
65.7963 	EXP 	down: autoDraw = True
65.7965 	DATA 	wsqS
65.8132 	EXP 	center: autoDraw = True
65.8132 	EXP 	left: autoDraw = True
65.8132 	EXP 	right: autoDraw = True
65.8132 	EXP 	up: autoDraw = True
65.8132 	EXP 	down: autoDraw = True
65.8132 	EXP 	whitesquare: autoDraw = True
65.8300 	EXP 	center: autoDraw = True
65.8300 	EXP 	left: autoDraw = True
65.8300 	EXP 	right: autoDraw = True
65.8300 	EXP 	up: autoDraw = True
65.8300 	EXP 	down: autoDraw = True
65.8300 	EXP 	whitesquare: autoDraw = False
65.8465 	EXP 	center: autoDraw = True
65.8465 	EXP 	left: autoDraw = True
65.8465 	EXP 	right: autoDraw = True
65.8465 	EXP 	up: autoDraw = True
65.8465 	EXP 	down: autoDraw = True
65.8633 	EXP 	center: autoDraw = True
65.8633 	EXP 	left: autoDraw = True
65.8633 	EXP 	right: autoDraw = True
65.8633 	EXP 	up: autoDraw = True
65.8633 	EXP 	down: autoDraw = True
65.8797 	EXP 	center: autoDraw = True
65.8797 	EXP 	left: autoDraw = True
65.8797 	EXP 	right: autoDraw = True
65.8797 	EXP 	up: autoDraw = True
65.8797 	EXP 	down: autoDraw = True
65.8965 	EXP 	center: autoDraw = True
65.8965 	EXP 	left: autoDraw = True
65.8965 	EXP 	right: autoDraw = True
65.8965 	EXP 	up: autoDraw = True
65.8965 	EXP 	down: autoDraw = True
65.9125 	EXP 	center: autoDraw = True
65.9125 	EXP 	left: autoDraw = True
65.9125 	EXP 	right: autoDraw = True
65.9125 	EXP 	up: autoDraw = True
65.9125 	EXP 	down: autoDraw = True
65.9298 	EXP 	center: autoDraw = True
65.9298 	EXP 	left: autoDraw = True
65.9298 	EXP 	right: autoDraw = True
65.9298 	EXP 	up: autoDraw = True
65.9298 	EXP 	down: autoDraw = True
65.9467 	EXP 	center: autoDraw = True
65.9467 	EXP 	left: autoDraw = True
65.9467 	EXP 	right: autoDraw = True
65.9467 	EXP 	up: autoDraw = True
65.9467 	EXP 	down: autoDraw = True
65.9631 	EXP 	center: autoDraw = True
65.9631 	EXP 	left: autoDraw = True
65.9631 	EXP 	right: autoDraw = True
65.9631 	EXP 	up: autoDraw = True
65.9631 	EXP 	down: autoDraw = True
65.9799 	EXP 	center: autoDraw = True
65.9799 	EXP 	left: autoDraw = True
65.9799 	EXP 	right: autoDraw = True
65.9799 	EXP 	up: autoDraw = True
65.9799 	EXP 	down: autoDraw = True
65.9964 	EXP 	center: autoDraw = True
65.9964 	EXP 	left: autoDraw = True
65.9964 	EXP 	right: autoDraw = True
65.9964 	EXP 	up: autoDraw = True
65.9964 	EXP 	down: autoDraw = True
66.0133 	EXP 	center: autoDraw = True
66.0133 	EXP 	left: autoDraw = True
66.0133 	EXP 	right: autoDraw = True
66.0133 	EXP 	up: autoDraw = True
66.0133 	EXP 	down: autoDraw = True
66.0298 	EXP 	center: autoDraw = True
66.0298 	EXP 	left: autoDraw = True
66.0298 	EXP 	right: autoDraw = True
66.0298 	EXP 	up: autoDraw = True
66.0298 	EXP 	down: autoDraw = True
66.0466 	EXP 	center: autoDraw = True
66.0466 	EXP 	left: autoDraw = True
66.0466 	EXP 	right: autoDraw = True
66.0466 	EXP 	up: autoDraw = True
66.0466 	EXP 	down: autoDraw = True
66.0631 	EXP 	center: autoDraw = True
66.0631 	EXP 	left: autoDraw = True
66.0631 	EXP 	right: autoDraw = True
66.0631 	EXP 	up: autoDraw = True
66.0631 	EXP 	down: autoDraw = True
66.0799 	EXP 	center: autoDraw = True
66.0799 	EXP 	left: autoDraw = True
66.0799 	EXP 	right: autoDraw = True
66.0799 	EXP 	up: autoDraw = True
66.0799 	EXP 	down: autoDraw = True
66.0967 	EXP 	center: autoDraw = True
66.0967 	EXP 	left: autoDraw = True
66.0967 	EXP 	right: autoDraw = True
66.0967 	EXP 	up: autoDraw = True
66.0967 	EXP 	down: autoDraw = True
66.1131 	EXP 	center: autoDraw = True
66.1131 	EXP 	left: autoDraw = True
66.1131 	EXP 	right: autoDraw = True
66.1131 	EXP 	up: autoDraw = True
66.1131 	EXP 	down: autoDraw = True
66.1298 	EXP 	center: autoDraw = True
66.1298 	EXP 	left: autoDraw = True
66.1298 	EXP 	right: autoDraw = True
66.1298 	EXP 	up: autoDraw = True
66.1298 	EXP 	down: autoDraw = True
66.1465 	EXP 	center: autoDraw = True
66.1465 	EXP 	left: autoDraw = True
66.1465 	EXP 	right: autoDraw = True
66.1465 	EXP 	up: autoDraw = True
66.1465 	EXP 	down: autoDraw = True
66.1633 	EXP 	center: autoDraw = True
66.1633 	EXP 	left: autoDraw = True
66.1633 	EXP 	right: autoDraw = True
66.1633 	EXP 	up: autoDraw = True
66.1633 	EXP 	down: autoDraw = True
66.1795 	EXP 	center: autoDraw = True
66.1795 	EXP 	left: autoDraw = True
66.1795 	EXP 	right: autoDraw = True
66.1795 	EXP 	up: autoDraw = True
66.1795 	EXP 	down: autoDraw = True
66.1965 	EXP 	center: autoDraw = True
66.1965 	EXP 	left: autoDraw = True
66.1965 	EXP 	right: autoDraw = True
66.1965 	EXP 	up: autoDraw = True
66.1965 	EXP 	down: autoDraw = True
66.2131 	EXP 	center: autoDraw = True
66.2131 	EXP 	left: autoDraw = True
66.2131 	EXP 	right: autoDraw = True
66.2131 	EXP 	up: autoDraw = True
66.2131 	EXP 	down: autoDraw = True
66.2299 	EXP 	center: autoDraw = True
66.2299 	EXP 	left: autoDraw = True
66.2299 	EXP 	right: autoDraw = True
66.2299 	EXP 	up: autoDraw = True
66.2299 	EXP 	down: autoDraw = True
66.2466 	EXP 	center: autoDraw = True
66.2466 	EXP 	left: autoDraw = True
66.2466 	EXP 	right: autoDraw = True
66.2466 	EXP 	up: autoDraw = True
66.2466 	EXP 	down: autoDraw = True
66.2630 	EXP 	center: autoDraw = True
66.2630 	EXP 	left: autoDraw = True
66.2630 	EXP 	right: autoDraw = True
66.2630 	EXP 	up: autoDraw = True
66.2630 	EXP 	down: autoDraw = True
66.2798 	EXP 	center: autoDraw = True
66.2798 	EXP 	left: autoDraw = True
66.2798 	EXP 	right: autoDraw = True
66.2798 	EXP 	up: autoDraw = True
66.2798 	EXP 	down: autoDraw = True
66.2957 	EXP 	center: autoDraw = True
66.2957 	EXP 	left: autoDraw = True
66.2957 	EXP 	right: autoDraw = True
66.2957 	EXP 	up: autoDraw = True
66.2957 	EXP 	down: autoDraw = True
66.3131 	EXP 	center: autoDraw = True
66.3131 	EXP 	left: autoDraw = True
66.3131 	EXP 	right: autoDraw = True
66.3131 	EXP 	up: autoDraw = True
66.3131 	EXP 	down: autoDraw = True
66.3299 	EXP 	center: autoDraw = True
66.3299 	EXP 	left: autoDraw = True
66.3299 	EXP 	right: autoDraw = True
66.3299 	EXP 	up: autoDraw = True
66.3299 	EXP 	down: autoDraw = True
66.3467 	EXP 	center: autoDraw = True
66.3467 	EXP 	left: autoDraw = True
66.3467 	EXP 	right: autoDraw = True
66.3467 	EXP 	up: autoDraw = True
66.3467 	EXP 	down: autoDraw = True
66.3630 	EXP 	center: autoDraw = True
66.3630 	EXP 	left: autoDraw = True
66.3630 	EXP 	right: autoDraw = True
66.3630 	EXP 	up: autoDraw = True
66.3630 	EXP 	down: autoDraw = True
66.3799 	EXP 	center: autoDraw = True
66.3799 	EXP 	left: autoDraw = True
66.3799 	EXP 	right: autoDraw = True
66.3799 	EXP 	up: autoDraw = True
66.3799 	EXP 	down: autoDraw = True
66.3964 	EXP 	center: autoDraw = True
66.3964 	EXP 	left: autoDraw = True
66.3964 	EXP 	right: autoDraw = True
66.3964 	EXP 	up: autoDraw = True
66.3964 	EXP 	down: autoDraw = True
66.4132 	EXP 	center: autoDraw = True
66.4132 	EXP 	left: autoDraw = True
66.4132 	EXP 	right: autoDraw = True
66.4132 	EXP 	up: autoDraw = True
66.4132 	EXP 	down: autoDraw = True
66.4297 	EXP 	center: autoDraw = True
66.4297 	EXP 	left: autoDraw = True
66.4297 	EXP 	right: autoDraw = True
66.4297 	EXP 	up: autoDraw = True
66.4297 	EXP 	down: autoDraw = True
66.4464 	EXP 	center: autoDraw = True
66.4464 	EXP 	left: autoDraw = True
66.4464 	EXP 	right: autoDraw = True
66.4464 	EXP 	up: autoDraw = True
66.4464 	EXP 	down: autoDraw = True
66.4631 	EXP 	center: autoDraw = True
66.4631 	EXP 	left: autoDraw = True
66.4631 	EXP 	right: autoDraw = True
66.4631 	EXP 	up: autoDraw = True
66.4631 	EXP 	down: autoDraw = True
66.4799 	EXP 	center: autoDraw = True
66.4799 	EXP 	left: autoDraw = True
66.4799 	EXP 	right: autoDraw = True
66.4799 	EXP 	up: autoDraw = True
66.4799 	EXP 	down: autoDraw = True
66.4964 	EXP 	center: autoDraw = True
66.4964 	EXP 	left: autoDraw = True
66.4964 	EXP 	right: autoDraw = True
66.4964 	EXP 	up: autoDraw = True
66.4964 	EXP 	down: autoDraw = True
66.5131 	EXP 	center: autoDraw = True
66.5131 	EXP 	left: autoDraw = True
66.5131 	EXP 	right: autoDraw = True
66.5131 	EXP 	up: autoDraw = True
66.5131 	EXP 	down: autoDraw = True
66.5299 	EXP 	center: autoDraw = True
66.5299 	EXP 	left: autoDraw = True
66.5299 	EXP 	right: autoDraw = True
66.5299 	EXP 	up: autoDraw = True
66.5299 	EXP 	down: autoDraw = True
66.5466 	EXP 	center: autoDraw = True
66.5466 	EXP 	left: autoDraw = True
66.5466 	EXP 	right: autoDraw = True
66.5466 	EXP 	up: autoDraw = True
66.5466 	EXP 	down: autoDraw = True
66.5630 	EXP 	center: autoDraw = True
66.5630 	EXP 	left: autoDraw = True
66.5630 	EXP 	right: autoDraw = True
66.5630 	EXP 	up: autoDraw = True
66.5630 	EXP 	down: autoDraw = True
66.5798 	EXP 	center: autoDraw = True
66.5798 	EXP 	left: autoDraw = True
66.5798 	EXP 	right: autoDraw = True
66.5798 	EXP 	up: autoDraw = True
66.5798 	EXP 	down: autoDraw = True
66.5966 	EXP 	center: autoDraw = True
66.5966 	EXP 	left: autoDraw = True
66.5966 	EXP 	right: autoDraw = True
66.5966 	EXP 	up: autoDraw = True
66.5966 	EXP 	down: autoDraw = True
66.6130 	EXP 	center: autoDraw = True
66.6130 	EXP 	left: autoDraw = True
66.6130 	EXP 	right: autoDraw = True
66.6130 	EXP 	up: autoDraw = True
66.6130 	EXP 	down: autoDraw = True
66.6299 	EXP 	center: autoDraw = True
66.6299 	EXP 	left: autoDraw = True
66.6299 	EXP 	right: autoDraw = True
66.6299 	EXP 	up: autoDraw = True
66.6299 	EXP 	down: autoDraw = True
66.6464 	EXP 	center: autoDraw = True
66.6464 	EXP 	left: autoDraw = True
66.6464 	EXP 	right: autoDraw = True
66.6464 	EXP 	up: autoDraw = True
66.6464 	EXP 	down: autoDraw = True
66.6631 	EXP 	center: autoDraw = True
66.6631 	EXP 	left: autoDraw = True
66.6631 	EXP 	right: autoDraw = True
66.6631 	EXP 	up: autoDraw = True
66.6631 	EXP 	down: autoDraw = True
66.6799 	EXP 	center: autoDraw = True
66.6799 	EXP 	left: autoDraw = True
66.6799 	EXP 	right: autoDraw = True
66.6799 	EXP 	up: autoDraw = True
66.6799 	EXP 	down: autoDraw = True
66.6963 	EXP 	center: autoDraw = True
66.6963 	EXP 	left: autoDraw = True
66.6963 	EXP 	right: autoDraw = True
66.6963 	EXP 	up: autoDraw = True
66.6963 	EXP 	down: autoDraw = True
66.7132 	EXP 	center: autoDraw = True
66.7132 	EXP 	left: autoDraw = True
66.7132 	EXP 	right: autoDraw = True
66.7132 	EXP 	up: autoDraw = True
66.7132 	EXP 	down: autoDraw = True
66.7299 	EXP 	center: autoDraw = True
66.7299 	EXP 	left: autoDraw = True
66.7299 	EXP 	right: autoDraw = True
66.7299 	EXP 	up: autoDraw = True
66.7299 	EXP 	down: autoDraw = True
66.7464 	EXP 	center: autoDraw = True
66.7464 	EXP 	left: autoDraw = True
66.7464 	EXP 	right: autoDraw = True
66.7464 	EXP 	up: autoDraw = True
66.7464 	EXP 	down: autoDraw = True
66.7632 	EXP 	center: autoDraw = True
66.7632 	EXP 	left: autoDraw = True
66.7632 	EXP 	right: autoDraw = True
66.7632 	EXP 	up: autoDraw = True
66.7632 	EXP 	down: autoDraw = True
66.7799 	EXP 	center: autoDraw = True
66.7799 	EXP 	left: autoDraw = True
66.7799 	EXP 	right: autoDraw = True
66.7799 	EXP 	up: autoDraw = True
66.7799 	EXP 	down: autoDraw = True
66.7961 	EXP 	center: autoDraw = True
66.7961 	EXP 	left: autoDraw = True
66.7961 	EXP 	right: autoDraw = True
66.7961 	EXP 	up: autoDraw = True
66.7961 	EXP 	down: autoDraw = True
66.8131 	EXP 	center: autoDraw = True
66.8131 	EXP 	left: autoDraw = True
66.8131 	EXP 	right: autoDraw = True
66.8131 	EXP 	up: autoDraw = True
66.8131 	EXP 	down: autoDraw = True
66.8291 	EXP 	center: autoDraw = True
66.8291 	EXP 	left: autoDraw = True
66.8291 	EXP 	right: autoDraw = True
66.8291 	EXP 	up: autoDraw = True
66.8291 	EXP 	down: autoDraw = True
66.8463 	EXP 	center: autoDraw = True
66.8463 	EXP 	left: autoDraw = True
66.8463 	EXP 	right: autoDraw = True
66.8463 	EXP 	up: autoDraw = True
66.8463 	EXP 	down: autoDraw = True
66.8632 	EXP 	center: autoDraw = True
66.8632 	EXP 	left: autoDraw = True
66.8632 	EXP 	right: autoDraw = True
66.8632 	EXP 	up: autoDraw = True
66.8632 	EXP 	down: autoDraw = True
66.8799 	EXP 	center: autoDraw = True
66.8799 	EXP 	left: autoDraw = True
66.8799 	EXP 	right: autoDraw = True
66.8799 	EXP 	up: autoDraw = True
66.8799 	EXP 	down: autoDraw = True
66.8964 	EXP 	center: autoDraw = True
66.8964 	EXP 	left: autoDraw = True
66.8964 	EXP 	right: autoDraw = True
66.8964 	EXP 	up: autoDraw = True
66.8964 	EXP 	down: autoDraw = True
66.9132 	EXP 	center: autoDraw = True
66.9132 	EXP 	left: autoDraw = True
66.9132 	EXP 	right: autoDraw = True
66.9132 	EXP 	up: autoDraw = True
66.9132 	EXP 	down: autoDraw = True
66.9299 	EXP 	center: autoDraw = True
66.9299 	EXP 	left: autoDraw = True
66.9299 	EXP 	right: autoDraw = True
66.9299 	EXP 	up: autoDraw = True
66.9299 	EXP 	down: autoDraw = True
66.9465 	EXP 	center: autoDraw = True
66.9465 	EXP 	left: autoDraw = True
66.9465 	EXP 	right: autoDraw = True
66.9465 	EXP 	up: autoDraw = True
66.9465 	EXP 	down: autoDraw = True
66.9633 	EXP 	center: autoDraw = True
66.9633 	EXP 	left: autoDraw = True
66.9633 	EXP 	right: autoDraw = True
66.9633 	EXP 	up: autoDraw = True
66.9633 	EXP 	down: autoDraw = True
66.9796 	EXP 	center: autoDraw = True
66.9796 	EXP 	left: autoDraw = True
66.9796 	EXP 	right: autoDraw = True
66.9796 	EXP 	up: autoDraw = True
66.9796 	EXP 	down: autoDraw = True
66.9965 	EXP 	center: autoDraw = True
66.9965 	EXP 	left: autoDraw = True
66.9965 	EXP 	right: autoDraw = True
66.9965 	EXP 	up: autoDraw = True
66.9965 	EXP 	down: autoDraw = True
67.0132 	EXP 	center: autoDraw = True
67.0132 	EXP 	left: autoDraw = True
67.0132 	EXP 	right: autoDraw = True
67.0132 	EXP 	up: autoDraw = True
67.0132 	EXP 	down: autoDraw = True
67.0296 	EXP 	center: autoDraw = True
67.0296 	EXP 	left: autoDraw = True
67.0296 	EXP 	right: autoDraw = True
67.0296 	EXP 	up: autoDraw = True
67.0296 	EXP 	down: autoDraw = True
67.0466 	EXP 	center: autoDraw = True
67.0466 	EXP 	left: autoDraw = True
67.0466 	EXP 	right: autoDraw = True
67.0466 	EXP 	up: autoDraw = True
67.0466 	EXP 	down: autoDraw = True
67.0632 	EXP 	center: autoDraw = True
67.0632 	EXP 	left: autoDraw = True
67.0632 	EXP 	right: autoDraw = True
67.0632 	EXP 	up: autoDraw = True
67.0632 	EXP 	down: autoDraw = True
67.0797 	EXP 	center: autoDraw = True
67.0797 	EXP 	left: autoDraw = True
67.0797 	EXP 	right: autoDraw = True
67.0797 	EXP 	up: autoDraw = True
67.0797 	EXP 	down: autoDraw = True
67.0964 	EXP 	center: autoDraw = True
67.0964 	EXP 	left: autoDraw = True
67.0964 	EXP 	right: autoDraw = True
67.0964 	EXP 	up: autoDraw = True
67.0964 	EXP 	down: autoDraw = True
67.1133 	EXP 	center: autoDraw = True
67.1133 	EXP 	left: autoDraw = True
67.1133 	EXP 	right: autoDraw = True
67.1133 	EXP 	up: autoDraw = True
67.1133 	EXP 	down: autoDraw = True
67.1297 	EXP 	center: autoDraw = True
67.1297 	EXP 	left: autoDraw = True
67.1297 	EXP 	right: autoDraw = True
67.1297 	EXP 	up: autoDraw = True
67.1297 	EXP 	down: autoDraw = True
67.1465 	EXP 	center: autoDraw = True
67.1465 	EXP 	left: autoDraw = True
67.1465 	EXP 	right: autoDraw = True
67.1465 	EXP 	up: autoDraw = True
67.1465 	EXP 	down: autoDraw = True
67.1633 	EXP 	center: autoDraw = True
67.1633 	EXP 	left: autoDraw = True
67.1633 	EXP 	right: autoDraw = True
67.1633 	EXP 	up: autoDraw = True
67.1633 	EXP 	down: autoDraw = True
67.1794 	EXP 	center: autoDraw = True
67.1794 	EXP 	left: autoDraw = True
67.1794 	EXP 	right: autoDraw = True
67.1794 	EXP 	up: autoDraw = True
67.1794 	EXP 	down: autoDraw = True
67.1962 	EXP 	center: autoDraw = True
67.1962 	EXP 	left: autoDraw = True
67.1962 	EXP 	right: autoDraw = True
67.1962 	EXP 	up: autoDraw = True
67.1962 	EXP 	down: autoDraw = True
67.2127 	EXP 	center: autoDraw = True
67.2127 	EXP 	left: autoDraw = True
67.2127 	EXP 	right: autoDraw = True
67.2127 	EXP 	up: autoDraw = True
67.2127 	EXP 	down: autoDraw = True
67.2298 	EXP 	center: autoDraw = True
67.2298 	EXP 	left: autoDraw = True
67.2298 	EXP 	right: autoDraw = True
67.2298 	EXP 	up: autoDraw = True
67.2298 	EXP 	down: autoDraw = True
67.2466 	EXP 	center: autoDraw = True
67.2466 	EXP 	left: autoDraw = True
67.2466 	EXP 	right: autoDraw = True
67.2466 	EXP 	up: autoDraw = True
67.2466 	EXP 	down: autoDraw = True
67.2629 	EXP 	center: autoDraw = True
67.2629 	EXP 	left: autoDraw = True
67.2629 	EXP 	right: autoDraw = True
67.2629 	EXP 	up: autoDraw = True
67.2629 	EXP 	down: autoDraw = True
67.2797 	EXP 	center: autoDraw = True
67.2797 	EXP 	left: autoDraw = True
67.2797 	EXP 	right: autoDraw = True
67.2797 	EXP 	up: autoDraw = True
67.2797 	EXP 	down: autoDraw = True
67.2966 	EXP 	center: autoDraw = True
67.2966 	EXP 	left: autoDraw = True
67.2966 	EXP 	right: autoDraw = True
67.2966 	EXP 	up: autoDraw = True
67.2966 	EXP 	down: autoDraw = True
67.3129 	EXP 	center: autoDraw = True
67.3129 	EXP 	left: autoDraw = True
67.3129 	EXP 	right: autoDraw = True
67.3129 	EXP 	up: autoDraw = True
67.3129 	EXP 	down: autoDraw = True
67.3288 	EXP 	center: autoDraw = True
67.3288 	EXP 	left: autoDraw = True
67.3288 	EXP 	right: autoDraw = True
67.3288 	EXP 	up: autoDraw = True
67.3288 	EXP 	down: autoDraw = True
67.3463 	EXP 	center: autoDraw = True
67.3463 	EXP 	left: autoDraw = True
67.3463 	EXP 	right: autoDraw = True
67.3463 	EXP 	up: autoDraw = True
67.3463 	EXP 	down: autoDraw = True
67.3630 	EXP 	center: autoDraw = True
67.3630 	EXP 	left: autoDraw = True
67.3630 	EXP 	right: autoDraw = True
67.3630 	EXP 	up: autoDraw = True
67.3630 	EXP 	down: autoDraw = True
67.3799 	EXP 	center: autoDraw = True
67.3799 	EXP 	left: autoDraw = True
67.3799 	EXP 	right: autoDraw = True
67.3799 	EXP 	up: autoDraw = True
67.3799 	EXP 	down: autoDraw = True
67.3965 	EXP 	center: autoDraw = True
67.3965 	EXP 	left: autoDraw = True
67.3965 	EXP 	right: autoDraw = True
67.3965 	EXP 	up: autoDraw = True
67.3965 	EXP 	down: autoDraw = True
67.4130 	EXP 	center: autoDraw = True
67.4130 	EXP 	left: autoDraw = True
67.4130 	EXP 	right: autoDraw = True
67.4130 	EXP 	up: autoDraw = True
67.4130 	EXP 	down: autoDraw = True
67.4298 	EXP 	center: autoDraw = True
67.4298 	EXP 	left: autoDraw = True
67.4298 	EXP 	right: autoDraw = True
67.4298 	EXP 	up: autoDraw = True
67.4298 	EXP 	down: autoDraw = True
67.4462 	EXP 	center: autoDraw = True
67.4462 	EXP 	left: autoDraw = True
67.4462 	EXP 	right: autoDraw = True
67.4462 	EXP 	up: autoDraw = True
67.4462 	EXP 	down: autoDraw = True
67.4630 	EXP 	center: autoDraw = True
67.4630 	EXP 	left: autoDraw = True
67.4630 	EXP 	right: autoDraw = True
67.4630 	EXP 	up: autoDraw = True
67.4630 	EXP 	down: autoDraw = True
67.4796 	EXP 	center: autoDraw = True
67.4796 	EXP 	left: autoDraw = True
67.4796 	EXP 	right: autoDraw = True
67.4796 	EXP 	up: autoDraw = True
67.4796 	EXP 	down: autoDraw = True
67.4964 	EXP 	center: autoDraw = True
67.4964 	EXP 	left: autoDraw = True
67.4964 	EXP 	right: autoDraw = True
67.4964 	EXP 	up: autoDraw = True
67.4964 	EXP 	down: autoDraw = True
67.5132 	EXP 	center: autoDraw = True
67.5132 	EXP 	left: autoDraw = True
67.5132 	EXP 	right: autoDraw = True
67.5132 	EXP 	up: autoDraw = True
67.5132 	EXP 	down: autoDraw = True
67.5297 	EXP 	center: autoDraw = True
67.5297 	EXP 	left: autoDraw = True
67.5297 	EXP 	right: autoDraw = True
67.5297 	EXP 	up: autoDraw = True
67.5297 	EXP 	down: autoDraw = True
67.5464 	EXP 	center: autoDraw = True
67.5464 	EXP 	left: autoDraw = True
67.5464 	EXP 	right: autoDraw = True
67.5464 	EXP 	up: autoDraw = True
67.5464 	EXP 	down: autoDraw = True
67.5626 	EXP 	center: autoDraw = True
67.5626 	EXP 	left: autoDraw = True
67.5626 	EXP 	right: autoDraw = True
67.5626 	EXP 	up: autoDraw = True
67.5626 	EXP 	down: autoDraw = True
67.5795 	EXP 	center: autoDraw = True
67.5795 	EXP 	left: autoDraw = True
67.5795 	EXP 	right: autoDraw = True
67.5795 	EXP 	up: autoDraw = True
67.5795 	EXP 	down: autoDraw = True
67.5959 	EXP 	center: autoDraw = True
67.5959 	EXP 	left: autoDraw = True
67.5959 	EXP 	right: autoDraw = True
67.5959 	EXP 	up: autoDraw = True
67.5959 	EXP 	down: autoDraw = True
67.6130 	EXP 	center: autoDraw = True
67.6130 	EXP 	left: autoDraw = True
67.6130 	EXP 	right: autoDraw = True
67.6130 	EXP 	up: autoDraw = True
67.6130 	EXP 	down: autoDraw = True
67.6300 	EXP 	center: autoDraw = True
67.6300 	EXP 	left: autoDraw = True
67.6300 	EXP 	right: autoDraw = True
67.6300 	EXP 	up: autoDraw = True
67.6300 	EXP 	down: autoDraw = True
67.6463 	EXP 	center: autoDraw = True
67.6463 	EXP 	left: autoDraw = True
67.6463 	EXP 	right: autoDraw = True
67.6463 	EXP 	up: autoDraw = True
67.6463 	EXP 	down: autoDraw = True
67.6631 	EXP 	center: autoDraw = True
67.6631 	EXP 	left: autoDraw = True
67.6631 	EXP 	right: autoDraw = True
67.6631 	EXP 	up: autoDraw = True
67.6631 	EXP 	down: autoDraw = True
67.6796 	EXP 	center: autoDraw = True
67.6796 	EXP 	left: autoDraw = True
67.6796 	EXP 	right: autoDraw = True
67.6796 	EXP 	up: autoDraw = True
67.6796 	EXP 	down: autoDraw = True
67.6963 	EXP 	center: autoDraw = True
67.6963 	EXP 	left: autoDraw = True
67.6963 	EXP 	right: autoDraw = True
67.6963 	EXP 	up: autoDraw = True
67.6963 	EXP 	down: autoDraw = True
67.7135 	EXP 	center: autoDraw = True
67.7135 	EXP 	left: autoDraw = True
67.7135 	EXP 	right: autoDraw = True
67.7135 	EXP 	up: autoDraw = True
67.7135 	EXP 	down: autoDraw = True
67.7295 	EXP 	center: autoDraw = True
67.7295 	EXP 	left: autoDraw = True
67.7295 	EXP 	right: autoDraw = True
67.7295 	EXP 	up: autoDraw = True
67.7295 	EXP 	down: autoDraw = True
67.7464 	EXP 	center: autoDraw = True
67.7464 	EXP 	left: autoDraw = True
67.7464 	EXP 	right: autoDraw = True
67.7464 	EXP 	up: autoDraw = True
67.7464 	EXP 	down: autoDraw = True
67.7632 	EXP 	center: autoDraw = True
67.7632 	EXP 	left: autoDraw = True
67.7632 	EXP 	right: autoDraw = True
67.7632 	EXP 	up: autoDraw = True
67.7632 	EXP 	down: autoDraw = True
67.7796 	EXP 	center: autoDraw = True
67.7796 	EXP 	left: autoDraw = True
67.7796 	EXP 	right: autoDraw = True
67.7796 	EXP 	up: autoDraw = True
67.7796 	EXP 	down: autoDraw = True
67.7964 	EXP 	center: autoDraw = True
67.7964 	EXP 	left: autoDraw = True
67.7964 	EXP 	right: autoDraw = True
67.7964 	EXP 	up: autoDraw = True
67.7964 	EXP 	down: autoDraw = True
67.8131 	EXP 	center: autoDraw = True
67.8131 	EXP 	left: autoDraw = True
67.8131 	EXP 	right: autoDraw = True
67.8131 	EXP 	up: autoDraw = True
67.8131 	EXP 	down: autoDraw = True
67.8295 	EXP 	center: autoDraw = True
67.8295 	EXP 	left: autoDraw = True
67.8295 	EXP 	right: autoDraw = True
67.8295 	EXP 	up: autoDraw = True
67.8295 	EXP 	down: autoDraw = True
67.8465 	EXP 	center: autoDraw = True
67.8465 	EXP 	left: autoDraw = True
67.8465 	EXP 	right: autoDraw = True
67.8465 	EXP 	up: autoDraw = True
67.8465 	EXP 	down: autoDraw = True
67.8630 	EXP 	center: autoDraw = True
67.8630 	EXP 	left: autoDraw = True
67.8630 	EXP 	right: autoDraw = True
67.8630 	EXP 	up: autoDraw = True
67.8630 	EXP 	down: autoDraw = True
67.8798 	EXP 	center: autoDraw = True
67.8798 	EXP 	left: autoDraw = True
67.8798 	EXP 	right: autoDraw = True
67.8798 	EXP 	up: autoDraw = True
67.8798 	EXP 	down: autoDraw = True
67.8963 	EXP 	center: autoDraw = True
67.8963 	EXP 	left: autoDraw = True
67.8963 	EXP 	right: autoDraw = True
67.8963 	EXP 	up: autoDraw = True
67.8963 	EXP 	down: autoDraw = True
67.9132 	EXP 	center: autoDraw = True
67.9132 	EXP 	left: autoDraw = True
67.9132 	EXP 	right: autoDraw = True
67.9132 	EXP 	up: autoDraw = True
67.9132 	EXP 	down: autoDraw = True
67.9295 	EXP 	center: autoDraw = True
67.9295 	EXP 	left: autoDraw = True
67.9295 	EXP 	right: autoDraw = True
67.9295 	EXP 	up: autoDraw = True
67.9295 	EXP 	down: autoDraw = True
67.9465 	EXP 	center: autoDraw = True
67.9465 	EXP 	left: autoDraw = True
67.9465 	EXP 	right: autoDraw = True
67.9465 	EXP 	up: autoDraw = True
67.9465 	EXP 	down: autoDraw = True
67.9629 	EXP 	center: autoDraw = True
67.9629 	EXP 	left: autoDraw = True
67.9629 	EXP 	right: autoDraw = True
67.9629 	EXP 	up: autoDraw = True
67.9629 	EXP 	down: autoDraw = True
67.9631 	EXP 	Sound  started
67.9740 	DATA 	srig
67.9799 	EXP 	center: autoDraw = True
67.9799 	EXP 	left: autoDraw = True
67.9799 	EXP 	right: autoDraw = True
67.9799 	EXP 	up: autoDraw = True
67.9799 	EXP 	down: autoDraw = True
67.9962 	EXP 	center: autoDraw = True
67.9962 	EXP 	left: autoDraw = True
67.9962 	EXP 	right: autoDraw = True
67.9962 	EXP 	up: autoDraw = True
67.9962 	EXP 	down: autoDraw = True
68.0132 	EXP 	center: autoDraw = True
68.0132 	EXP 	left: autoDraw = True
68.0132 	EXP 	right: autoDraw = True
68.0132 	EXP 	up: autoDraw = True
68.0132 	EXP 	down: autoDraw = True
68.0296 	EXP 	center: autoDraw = True
68.0296 	EXP 	left: autoDraw = True
68.0296 	EXP 	right: autoDraw = True
68.0296 	EXP 	up: autoDraw = True
68.0296 	EXP 	down: autoDraw = True
68.0465 	EXP 	center: autoDraw = True
68.0465 	EXP 	left: autoDraw = True
68.0465 	EXP 	right: autoDraw = True
68.0465 	EXP 	up: autoDraw = True
68.0465 	EXP 	down: autoDraw = True
68.0629 	EXP 	center: autoDraw = True
68.0629 	EXP 	left: autoDraw = True
68.0629 	EXP 	right: autoDraw = True
68.0629 	EXP 	up: autoDraw = True
68.0629 	EXP 	down: autoDraw = True
68.0796 	EXP 	center: autoDraw = True
68.0796 	EXP 	left: autoDraw = True
68.0796 	EXP 	right: autoDraw = True
68.0796 	EXP 	up: autoDraw = True
68.0796 	EXP 	down: autoDraw = True
68.0963 	EXP 	center: autoDraw = True
68.0963 	EXP 	left: autoDraw = True
68.0963 	EXP 	right: autoDraw = True
68.0963 	EXP 	up: autoDraw = True
68.0963 	EXP 	down: autoDraw = True
68.1131 	EXP 	center: autoDraw = True
68.1131 	EXP 	left: autoDraw = True
68.1131 	EXP 	right: autoDraw = True
68.1131 	EXP 	up: autoDraw = True
68.1131 	EXP 	down: autoDraw = True
68.1297 	EXP 	center: autoDraw = True
68.1297 	EXP 	left: autoDraw = True
68.1297 	EXP 	right: autoDraw = True
68.1297 	EXP 	up: autoDraw = True
68.1297 	EXP 	down: autoDraw = True
68.1464 	EXP 	center: autoDraw = True
68.1464 	EXP 	left: autoDraw = True
68.1464 	EXP 	right: autoDraw = True
68.1464 	EXP 	up: autoDraw = True
68.1464 	EXP 	down: autoDraw = True
68.1629 	EXP 	center: autoDraw = True
68.1629 	EXP 	left: autoDraw = True
68.1629 	EXP 	right: autoDraw = True
68.1629 	EXP 	up: autoDraw = True
68.1629 	EXP 	down: autoDraw = True
68.1797 	EXP 	center: autoDraw = True
68.1797 	EXP 	left: autoDraw = True
68.1797 	EXP 	right: autoDraw = True
68.1797 	EXP 	up: autoDraw = True
68.1797 	EXP 	down: autoDraw = True
68.1962 	EXP 	center: autoDraw = True
68.1962 	EXP 	left: autoDraw = True
68.1962 	EXP 	right: autoDraw = True
68.1962 	EXP 	up: autoDraw = True
68.1962 	EXP 	down: autoDraw = True
68.2131 	EXP 	center: autoDraw = True
68.2131 	EXP 	left: autoDraw = True
68.2131 	EXP 	right: autoDraw = True
68.2131 	EXP 	up: autoDraw = True
68.2131 	EXP 	down: autoDraw = True
68.2295 	EXP 	center: autoDraw = True
68.2295 	EXP 	left: autoDraw = True
68.2295 	EXP 	right: autoDraw = True
68.2295 	EXP 	up: autoDraw = True
68.2295 	EXP 	down: autoDraw = True
68.2460 	EXP 	center: autoDraw = True
68.2460 	EXP 	left: autoDraw = True
68.2460 	EXP 	right: autoDraw = True
68.2460 	EXP 	up: autoDraw = True
68.2460 	EXP 	down: autoDraw = True
68.2629 	EXP 	center: autoDraw = True
68.2629 	EXP 	left: autoDraw = True
68.2629 	EXP 	right: autoDraw = True
68.2629 	EXP 	up: autoDraw = True
68.2629 	EXP 	down: autoDraw = True
68.2797 	EXP 	center: autoDraw = True
68.2797 	EXP 	left: autoDraw = True
68.2797 	EXP 	right: autoDraw = True
68.2797 	EXP 	up: autoDraw = True
68.2797 	EXP 	down: autoDraw = True
68.2965 	EXP 	center: autoDraw = True
68.2965 	EXP 	left: autoDraw = True
68.2965 	EXP 	right: autoDraw = True
68.2965 	EXP 	up: autoDraw = True
68.2965 	EXP 	down: autoDraw = True
68.2967 	DATA 	wsqS
68.3129 	EXP 	center: autoDraw = True
68.3129 	EXP 	left: autoDraw = True
68.3129 	EXP 	right: autoDraw = True
68.3129 	EXP 	up: autoDraw = True
68.3129 	EXP 	down: autoDraw = True
68.3129 	EXP 	whitesquare: autoDraw = True
68.3298 	EXP 	center: autoDraw = True
68.3298 	EXP 	left: autoDraw = True
68.3298 	EXP 	right: autoDraw = True
68.3298 	EXP 	up: autoDraw = True
68.3298 	EXP 	down: autoDraw = True
68.3298 	EXP 	whitesquare: autoDraw = False
68.3461 	EXP 	center: autoDraw = True
68.3461 	EXP 	left: autoDraw = True
68.3461 	EXP 	right: autoDraw = True
68.3461 	EXP 	up: autoDraw = True
68.3461 	EXP 	down: autoDraw = True
68.3622 	EXP 	center: autoDraw = True
68.3622 	EXP 	left: autoDraw = True
68.3622 	EXP 	right: autoDraw = True
68.3622 	EXP 	up: autoDraw = True
68.3622 	EXP 	down: autoDraw = True
68.3795 	EXP 	center: autoDraw = True
68.3795 	EXP 	left: autoDraw = True
68.3795 	EXP 	right: autoDraw = True
68.3795 	EXP 	up: autoDraw = True
68.3795 	EXP 	down: autoDraw = True
68.3963 	EXP 	center: autoDraw = True
68.3963 	EXP 	left: autoDraw = True
68.3963 	EXP 	right: autoDraw = True
68.3963 	EXP 	up: autoDraw = True
68.3963 	EXP 	down: autoDraw = True
68.4130 	EXP 	center: autoDraw = True
68.4130 	EXP 	left: autoDraw = True
68.4130 	EXP 	right: autoDraw = True
68.4130 	EXP 	up: autoDraw = True
68.4130 	EXP 	down: autoDraw = True
68.4299 	EXP 	center: autoDraw = True
68.4299 	EXP 	left: autoDraw = True
68.4299 	EXP 	right: autoDraw = True
68.4299 	EXP 	up: autoDraw = True
68.4299 	EXP 	down: autoDraw = True
68.4462 	EXP 	center: autoDraw = True
68.4462 	EXP 	left: autoDraw = True
68.4462 	EXP 	right: autoDraw = True
68.4462 	EXP 	up: autoDraw = True
68.4462 	EXP 	down: autoDraw = True
68.4630 	EXP 	center: autoDraw = True
68.4630 	EXP 	left: autoDraw = True
68.4630 	EXP 	right: autoDraw = True
68.4630 	EXP 	up: autoDraw = True
68.4630 	EXP 	down: autoDraw = True
68.4796 	EXP 	center: autoDraw = True
68.4796 	EXP 	left: autoDraw = True
68.4796 	EXP 	right: autoDraw = True
68.4796 	EXP 	up: autoDraw = True
68.4796 	EXP 	down: autoDraw = True
68.4963 	EXP 	center: autoDraw = True
68.4963 	EXP 	left: autoDraw = True
68.4963 	EXP 	right: autoDraw = True
68.4963 	EXP 	up: autoDraw = True
68.4963 	EXP 	down: autoDraw = True
68.5130 	EXP 	center: autoDraw = True
68.5130 	EXP 	left: autoDraw = True
68.5130 	EXP 	right: autoDraw = True
68.5130 	EXP 	up: autoDraw = True
68.5130 	EXP 	down: autoDraw = True
68.5298 	EXP 	center: autoDraw = True
68.5298 	EXP 	left: autoDraw = True
68.5298 	EXP 	right: autoDraw = True
68.5298 	EXP 	up: autoDraw = True
68.5298 	EXP 	down: autoDraw = True
68.5461 	EXP 	center: autoDraw = True
68.5461 	EXP 	left: autoDraw = True
68.5461 	EXP 	right: autoDraw = True
68.5461 	EXP 	up: autoDraw = True
68.5461 	EXP 	down: autoDraw = True
68.5630 	EXP 	center: autoDraw = True
68.5630 	EXP 	left: autoDraw = True
68.5630 	EXP 	right: autoDraw = True
68.5630 	EXP 	up: autoDraw = True
68.5630 	EXP 	down: autoDraw = True
68.5798 	EXP 	center: autoDraw = True
68.5798 	EXP 	left: autoDraw = True
68.5798 	EXP 	right: autoDraw = True
68.5798 	EXP 	up: autoDraw = True
68.5798 	EXP 	down: autoDraw = True
68.5962 	EXP 	center: autoDraw = True
68.5962 	EXP 	left: autoDraw = True
68.5962 	EXP 	right: autoDraw = True
68.5962 	EXP 	up: autoDraw = True
68.5962 	EXP 	down: autoDraw = True
68.6129 	EXP 	center: autoDraw = True
68.6129 	EXP 	left: autoDraw = True
68.6129 	EXP 	right: autoDraw = True
68.6129 	EXP 	up: autoDraw = True
68.6129 	EXP 	down: autoDraw = True
68.6295 	EXP 	center: autoDraw = True
68.6295 	EXP 	left: autoDraw = True
68.6295 	EXP 	right: autoDraw = True
68.6295 	EXP 	up: autoDraw = True
68.6295 	EXP 	down: autoDraw = True
68.6464 	EXP 	center: autoDraw = True
68.6464 	EXP 	left: autoDraw = True
68.6464 	EXP 	right: autoDraw = True
68.6464 	EXP 	up: autoDraw = True
68.6464 	EXP 	down: autoDraw = True
68.6624 	EXP 	center: autoDraw = True
68.6624 	EXP 	left: autoDraw = True
68.6624 	EXP 	right: autoDraw = True
68.6624 	EXP 	up: autoDraw = True
68.6624 	EXP 	down: autoDraw = True
68.6795 	EXP 	center: autoDraw = True
68.6795 	EXP 	left: autoDraw = True
68.6795 	EXP 	right: autoDraw = True
68.6795 	EXP 	up: autoDraw = True
68.6795 	EXP 	down: autoDraw = True
68.6963 	EXP 	center: autoDraw = True
68.6963 	EXP 	left: autoDraw = True
68.6963 	EXP 	right: autoDraw = True
68.6963 	EXP 	up: autoDraw = True
68.6963 	EXP 	down: autoDraw = True
68.7128 	EXP 	center: autoDraw = True
68.7128 	EXP 	left: autoDraw = True
68.7128 	EXP 	right: autoDraw = True
68.7128 	EXP 	up: autoDraw = True
68.7128 	EXP 	down: autoDraw = True
68.7295 	EXP 	center: autoDraw = True
68.7295 	EXP 	left: autoDraw = True
68.7295 	EXP 	right: autoDraw = True
68.7295 	EXP 	up: autoDraw = True
68.7295 	EXP 	down: autoDraw = True
68.7464 	EXP 	center: autoDraw = True
68.7464 	EXP 	left: autoDraw = True
68.7464 	EXP 	right: autoDraw = True
68.7464 	EXP 	up: autoDraw = True
68.7464 	EXP 	down: autoDraw = True
68.7628 	EXP 	center: autoDraw = True
68.7628 	EXP 	left: autoDraw = True
68.7628 	EXP 	right: autoDraw = True
68.7628 	EXP 	up: autoDraw = True
68.7628 	EXP 	down: autoDraw = True
68.7797 	EXP 	center: autoDraw = True
68.7797 	EXP 	left: autoDraw = True
68.7797 	EXP 	right: autoDraw = True
68.7797 	EXP 	up: autoDraw = True
68.7797 	EXP 	down: autoDraw = True
68.7961 	EXP 	center: autoDraw = True
68.7961 	EXP 	left: autoDraw = True
68.7961 	EXP 	right: autoDraw = True
68.7961 	EXP 	up: autoDraw = True
68.7961 	EXP 	down: autoDraw = True
68.8129 	EXP 	center: autoDraw = True
68.8129 	EXP 	left: autoDraw = True
68.8129 	EXP 	right: autoDraw = True
68.8129 	EXP 	up: autoDraw = True
68.8129 	EXP 	down: autoDraw = True
68.8298 	EXP 	center: autoDraw = True
68.8298 	EXP 	left: autoDraw = True
68.8298 	EXP 	right: autoDraw = True
68.8298 	EXP 	up: autoDraw = True
68.8298 	EXP 	down: autoDraw = True
68.8462 	EXP 	center: autoDraw = True
68.8462 	EXP 	left: autoDraw = True
68.8462 	EXP 	right: autoDraw = True
68.8462 	EXP 	up: autoDraw = True
68.8462 	EXP 	down: autoDraw = True
68.8631 	EXP 	center: autoDraw = True
68.8631 	EXP 	left: autoDraw = True
68.8631 	EXP 	right: autoDraw = True
68.8631 	EXP 	up: autoDraw = True
68.8631 	EXP 	down: autoDraw = True
68.8796 	EXP 	center: autoDraw = True
68.8796 	EXP 	left: autoDraw = True
68.8796 	EXP 	right: autoDraw = True
68.8796 	EXP 	up: autoDraw = True
68.8796 	EXP 	down: autoDraw = True
68.8961 	EXP 	center: autoDraw = True
68.8961 	EXP 	left: autoDraw = True
68.8961 	EXP 	right: autoDraw = True
68.8961 	EXP 	up: autoDraw = True
68.8961 	EXP 	down: autoDraw = True
68.9130 	EXP 	center: autoDraw = True
68.9130 	EXP 	left: autoDraw = True
68.9130 	EXP 	right: autoDraw = True
68.9130 	EXP 	up: autoDraw = True
68.9130 	EXP 	down: autoDraw = True
68.9292 	EXP 	center: autoDraw = True
68.9292 	EXP 	left: autoDraw = True
68.9292 	EXP 	right: autoDraw = True
68.9292 	EXP 	up: autoDraw = True
68.9292 	EXP 	down: autoDraw = True
68.9462 	EXP 	center: autoDraw = True
68.9462 	EXP 	left: autoDraw = True
68.9462 	EXP 	right: autoDraw = True
68.9462 	EXP 	up: autoDraw = True
68.9462 	EXP 	down: autoDraw = True
68.9629 	EXP 	center: autoDraw = True
68.9629 	EXP 	left: autoDraw = True
68.9629 	EXP 	right: autoDraw = True
68.9629 	EXP 	up: autoDraw = True
68.9629 	EXP 	down: autoDraw = True
68.9795 	EXP 	center: autoDraw = True
68.9795 	EXP 	left: autoDraw = True
68.9795 	EXP 	right: autoDraw = True
68.9795 	EXP 	up: autoDraw = True
68.9795 	EXP 	down: autoDraw = True
68.9963 	EXP 	center: autoDraw = True
68.9963 	EXP 	left: autoDraw = True
68.9963 	EXP 	right: autoDraw = True
68.9963 	EXP 	up: autoDraw = True
68.9963 	EXP 	down: autoDraw = True
69.0123 	EXP 	center: autoDraw = True
69.0123 	EXP 	left: autoDraw = True
69.0123 	EXP 	right: autoDraw = True
69.0123 	EXP 	up: autoDraw = True
69.0123 	EXP 	down: autoDraw = True
69.0295 	EXP 	center: autoDraw = True
69.0295 	EXP 	left: autoDraw = True
69.0295 	EXP 	right: autoDraw = True
69.0295 	EXP 	up: autoDraw = True
69.0295 	EXP 	down: autoDraw = True
69.0464 	EXP 	center: autoDraw = True
69.0464 	EXP 	left: autoDraw = True
69.0464 	EXP 	right: autoDraw = True
69.0464 	EXP 	up: autoDraw = True
69.0464 	EXP 	down: autoDraw = True
69.0628 	EXP 	center: autoDraw = True
69.0628 	EXP 	left: autoDraw = True
69.0628 	EXP 	right: autoDraw = True
69.0628 	EXP 	up: autoDraw = True
69.0628 	EXP 	down: autoDraw = True
69.0797 	EXP 	center: autoDraw = True
69.0797 	EXP 	left: autoDraw = True
69.0797 	EXP 	right: autoDraw = True
69.0797 	EXP 	up: autoDraw = True
69.0797 	EXP 	down: autoDraw = True
69.0961 	EXP 	center: autoDraw = True
69.0961 	EXP 	left: autoDraw = True
69.0961 	EXP 	right: autoDraw = True
69.0961 	EXP 	up: autoDraw = True
69.0961 	EXP 	down: autoDraw = True
69.1128 	EXP 	center: autoDraw = True
69.1128 	EXP 	left: autoDraw = True
69.1128 	EXP 	right: autoDraw = True
69.1128 	EXP 	up: autoDraw = True
69.1128 	EXP 	down: autoDraw = True
69.1296 	EXP 	center: autoDraw = True
69.1296 	EXP 	left: autoDraw = True
69.1296 	EXP 	right: autoDraw = True
69.1296 	EXP 	up: autoDraw = True
69.1296 	EXP 	down: autoDraw = True
69.1464 	EXP 	center: autoDraw = True
69.1464 	EXP 	left: autoDraw = True
69.1464 	EXP 	right: autoDraw = True
69.1464 	EXP 	up: autoDraw = True
69.1464 	EXP 	down: autoDraw = True
69.1628 	EXP 	center: autoDraw = True
69.1628 	EXP 	left: autoDraw = True
69.1628 	EXP 	right: autoDraw = True
69.1628 	EXP 	up: autoDraw = True
69.1628 	EXP 	down: autoDraw = True
69.1798 	EXP 	center: autoDraw = True
69.1798 	EXP 	left: autoDraw = True
69.1798 	EXP 	right: autoDraw = True
69.1798 	EXP 	up: autoDraw = True
69.1798 	EXP 	down: autoDraw = True
69.1962 	EXP 	center: autoDraw = True
69.1962 	EXP 	left: autoDraw = True
69.1962 	EXP 	right: autoDraw = True
69.1962 	EXP 	up: autoDraw = True
69.1962 	EXP 	down: autoDraw = True
69.2130 	EXP 	center: autoDraw = True
69.2130 	EXP 	left: autoDraw = True
69.2130 	EXP 	right: autoDraw = True
69.2130 	EXP 	up: autoDraw = True
69.2130 	EXP 	down: autoDraw = True
69.2295 	EXP 	center: autoDraw = True
69.2295 	EXP 	left: autoDraw = True
69.2295 	EXP 	right: autoDraw = True
69.2295 	EXP 	up: autoDraw = True
69.2295 	EXP 	down: autoDraw = True
69.2464 	EXP 	center: autoDraw = True
69.2464 	EXP 	left: autoDraw = True
69.2464 	EXP 	right: autoDraw = True
69.2464 	EXP 	up: autoDraw = True
69.2464 	EXP 	down: autoDraw = True
69.2628 	EXP 	center: autoDraw = True
69.2628 	EXP 	left: autoDraw = True
69.2628 	EXP 	right: autoDraw = True
69.2628 	EXP 	up: autoDraw = True
69.2628 	EXP 	down: autoDraw = True
69.2793 	EXP 	center: autoDraw = True
69.2793 	EXP 	left: autoDraw = True
69.2793 	EXP 	right: autoDraw = True
69.2793 	EXP 	up: autoDraw = True
69.2793 	EXP 	down: autoDraw = True
69.2962 	EXP 	center: autoDraw = True
69.2962 	EXP 	left: autoDraw = True
69.2962 	EXP 	right: autoDraw = True
69.2962 	EXP 	up: autoDraw = True
69.2962 	EXP 	down: autoDraw = True
69.3131 	EXP 	center: autoDraw = True
69.3131 	EXP 	left: autoDraw = True
69.3131 	EXP 	right: autoDraw = True
69.3131 	EXP 	up: autoDraw = True
69.3131 	EXP 	down: autoDraw = True
69.3289 	EXP 	center: autoDraw = True
69.3289 	EXP 	left: autoDraw = True
69.3289 	EXP 	right: autoDraw = True
69.3289 	EXP 	up: autoDraw = True
69.3289 	EXP 	down: autoDraw = True
69.3461 	EXP 	center: autoDraw = True
69.3461 	EXP 	left: autoDraw = True
69.3461 	EXP 	right: autoDraw = True
69.3461 	EXP 	up: autoDraw = True
69.3461 	EXP 	down: autoDraw = True
69.3629 	EXP 	center: autoDraw = True
69.3629 	EXP 	left: autoDraw = True
69.3629 	EXP 	right: autoDraw = True
69.3629 	EXP 	up: autoDraw = True
69.3629 	EXP 	down: autoDraw = True
69.3796 	EXP 	center: autoDraw = True
69.3796 	EXP 	left: autoDraw = True
69.3796 	EXP 	right: autoDraw = True
69.3796 	EXP 	up: autoDraw = True
69.3796 	EXP 	down: autoDraw = True
69.3955 	EXP 	center: autoDraw = True
69.3955 	EXP 	left: autoDraw = True
69.3955 	EXP 	right: autoDraw = True
69.3955 	EXP 	up: autoDraw = True
69.3955 	EXP 	down: autoDraw = True
69.4127 	EXP 	center: autoDraw = True
69.4127 	EXP 	left: autoDraw = True
69.4127 	EXP 	right: autoDraw = True
69.4127 	EXP 	up: autoDraw = True
69.4127 	EXP 	down: autoDraw = True
69.4295 	EXP 	center: autoDraw = True
69.4295 	EXP 	left: autoDraw = True
69.4295 	EXP 	right: autoDraw = True
69.4295 	EXP 	up: autoDraw = True
69.4295 	EXP 	down: autoDraw = True
69.4464 	EXP 	center: autoDraw = True
69.4464 	EXP 	left: autoDraw = True
69.4464 	EXP 	right: autoDraw = True
69.4464 	EXP 	up: autoDraw = True
69.4464 	EXP 	down: autoDraw = True
69.4627 	EXP 	center: autoDraw = True
69.4627 	EXP 	left: autoDraw = True
69.4627 	EXP 	right: autoDraw = True
69.4627 	EXP 	up: autoDraw = True
69.4627 	EXP 	down: autoDraw = True
69.4796 	EXP 	center: autoDraw = True
69.4796 	EXP 	left: autoDraw = True
69.4796 	EXP 	right: autoDraw = True
69.4796 	EXP 	up: autoDraw = True
69.4796 	EXP 	down: autoDraw = True
69.4963 	EXP 	center: autoDraw = True
69.4963 	EXP 	left: autoDraw = True
69.4963 	EXP 	right: autoDraw = True
69.4963 	EXP 	up: autoDraw = True
69.4963 	EXP 	down: autoDraw = True
69.5128 	EXP 	center: autoDraw = True
69.5128 	EXP 	left: autoDraw = True
69.5128 	EXP 	right: autoDraw = True
69.5128 	EXP 	up: autoDraw = True
69.5128 	EXP 	down: autoDraw = True
69.5295 	EXP 	center: autoDraw = True
69.5295 	EXP 	left: autoDraw = True
69.5295 	EXP 	right: autoDraw = True
69.5295 	EXP 	up: autoDraw = True
69.5295 	EXP 	down: autoDraw = True
69.5461 	EXP 	center: autoDraw = True
69.5461 	EXP 	left: autoDraw = True
69.5461 	EXP 	right: autoDraw = True
69.5461 	EXP 	up: autoDraw = True
69.5461 	EXP 	down: autoDraw = True
69.5629 	EXP 	center: autoDraw = True
69.5629 	EXP 	left: autoDraw = True
69.5629 	EXP 	right: autoDraw = True
69.5629 	EXP 	up: autoDraw = True
69.5629 	EXP 	down: autoDraw = True
69.5797 	EXP 	center: autoDraw = True
69.5797 	EXP 	left: autoDraw = True
69.5797 	EXP 	right: autoDraw = True
69.5797 	EXP 	up: autoDraw = True
69.5797 	EXP 	down: autoDraw = True
69.5961 	EXP 	center: autoDraw = True
69.5961 	EXP 	left: autoDraw = True
69.5961 	EXP 	right: autoDraw = True
69.5961 	EXP 	up: autoDraw = True
69.5961 	EXP 	down: autoDraw = True
69.6128 	EXP 	center: autoDraw = True
69.6128 	EXP 	left: autoDraw = True
69.6128 	EXP 	right: autoDraw = True
69.6128 	EXP 	up: autoDraw = True
69.6128 	EXP 	down: autoDraw = True
69.6294 	EXP 	center: autoDraw = True
69.6294 	EXP 	left: autoDraw = True
69.6294 	EXP 	right: autoDraw = True
69.6294 	EXP 	up: autoDraw = True
69.6294 	EXP 	down: autoDraw = True
69.6461 	EXP 	center: autoDraw = True
69.6461 	EXP 	left: autoDraw = True
69.6461 	EXP 	right: autoDraw = True
69.6461 	EXP 	up: autoDraw = True
69.6461 	EXP 	down: autoDraw = True
69.6624 	EXP 	center: autoDraw = True
69.6624 	EXP 	left: autoDraw = True
69.6624 	EXP 	right: autoDraw = True
69.6624 	EXP 	up: autoDraw = True
69.6624 	EXP 	down: autoDraw = True
69.6794 	EXP 	center: autoDraw = True
69.6794 	EXP 	left: autoDraw = True
69.6794 	EXP 	right: autoDraw = True
69.6794 	EXP 	up: autoDraw = True
69.6794 	EXP 	down: autoDraw = True
69.6960 	EXP 	center: autoDraw = True
69.6960 	EXP 	left: autoDraw = True
69.6960 	EXP 	right: autoDraw = True
69.6960 	EXP 	up: autoDraw = True
69.6960 	EXP 	down: autoDraw = True
69.7129 	EXP 	center: autoDraw = True
69.7129 	EXP 	left: autoDraw = True
69.7129 	EXP 	right: autoDraw = True
69.7129 	EXP 	up: autoDraw = True
69.7129 	EXP 	down: autoDraw = True
69.7295 	EXP 	center: autoDraw = True
69.7295 	EXP 	left: autoDraw = True
69.7295 	EXP 	right: autoDraw = True
69.7295 	EXP 	up: autoDraw = True
69.7295 	EXP 	down: autoDraw = True
69.7461 	EXP 	center: autoDraw = True
69.7461 	EXP 	left: autoDraw = True
69.7461 	EXP 	right: autoDraw = True
69.7461 	EXP 	up: autoDraw = True
69.7461 	EXP 	down: autoDraw = True
69.7627 	EXP 	center: autoDraw = True
69.7627 	EXP 	left: autoDraw = True
69.7627 	EXP 	right: autoDraw = True
69.7627 	EXP 	up: autoDraw = True
69.7627 	EXP 	down: autoDraw = True
69.7799 	EXP 	center: autoDraw = True
69.7799 	EXP 	left: autoDraw = True
69.7799 	EXP 	right: autoDraw = True
69.7799 	EXP 	up: autoDraw = True
69.7799 	EXP 	down: autoDraw = True
69.7961 	EXP 	center: autoDraw = True
69.7961 	EXP 	left: autoDraw = True
69.7961 	EXP 	right: autoDraw = True
69.7961 	EXP 	up: autoDraw = True
69.7961 	EXP 	down: autoDraw = True
69.8130 	EXP 	center: autoDraw = True
69.8130 	EXP 	left: autoDraw = True
69.8130 	EXP 	right: autoDraw = True
69.8130 	EXP 	up: autoDraw = True
69.8130 	EXP 	down: autoDraw = True
69.8297 	EXP 	center: autoDraw = True
69.8297 	EXP 	left: autoDraw = True
69.8297 	EXP 	right: autoDraw = True
69.8297 	EXP 	up: autoDraw = True
69.8297 	EXP 	down: autoDraw = True
69.8458 	EXP 	center: autoDraw = True
69.8458 	EXP 	left: autoDraw = True
69.8458 	EXP 	right: autoDraw = True
69.8458 	EXP 	up: autoDraw = True
69.8458 	EXP 	down: autoDraw = True
69.8628 	EXP 	center: autoDraw = True
69.8628 	EXP 	left: autoDraw = True
69.8628 	EXP 	right: autoDraw = True
69.8628 	EXP 	up: autoDraw = True
69.8628 	EXP 	down: autoDraw = True
69.8797 	EXP 	center: autoDraw = True
69.8797 	EXP 	left: autoDraw = True
69.8797 	EXP 	right: autoDraw = True
69.8797 	EXP 	up: autoDraw = True
69.8797 	EXP 	down: autoDraw = True
69.8961 	EXP 	center: autoDraw = True
69.8961 	EXP 	left: autoDraw = True
69.8961 	EXP 	right: autoDraw = True
69.8961 	EXP 	up: autoDraw = True
69.8961 	EXP 	down: autoDraw = True
69.9127 	EXP 	center: autoDraw = True
69.9127 	EXP 	left: autoDraw = True
69.9127 	EXP 	right: autoDraw = True
69.9127 	EXP 	up: autoDraw = True
69.9127 	EXP 	down: autoDraw = True
69.9295 	EXP 	center: autoDraw = True
69.9295 	EXP 	left: autoDraw = True
69.9295 	EXP 	right: autoDraw = True
69.9295 	EXP 	up: autoDraw = True
69.9295 	EXP 	down: autoDraw = True
69.9463 	EXP 	center: autoDraw = True
69.9463 	EXP 	left: autoDraw = True
69.9463 	EXP 	right: autoDraw = True
69.9463 	EXP 	up: autoDraw = True
69.9463 	EXP 	down: autoDraw = True
69.9630 	EXP 	center: autoDraw = True
69.9630 	EXP 	left: autoDraw = True
69.9630 	EXP 	right: autoDraw = True
69.9630 	EXP 	up: autoDraw = True
69.9630 	EXP 	down: autoDraw = True
69.9794 	EXP 	center: autoDraw = True
69.9794 	EXP 	left: autoDraw = True
69.9794 	EXP 	right: autoDraw = True
69.9794 	EXP 	up: autoDraw = True
69.9794 	EXP 	down: autoDraw = True
69.9961 	EXP 	center: autoDraw = True
69.9961 	EXP 	left: autoDraw = True
69.9961 	EXP 	right: autoDraw = True
69.9961 	EXP 	up: autoDraw = True
69.9961 	EXP 	down: autoDraw = True
70.0130 	EXP 	center: autoDraw = True
70.0130 	EXP 	left: autoDraw = True
70.0130 	EXP 	right: autoDraw = True
70.0130 	EXP 	up: autoDraw = True
70.0130 	EXP 	down: autoDraw = True
70.0294 	EXP 	center: autoDraw = True
70.0294 	EXP 	left: autoDraw = True
70.0294 	EXP 	right: autoDraw = True
70.0294 	EXP 	up: autoDraw = True
70.0294 	EXP 	down: autoDraw = True
70.0456 	EXP 	center: autoDraw = True
70.0456 	EXP 	left: autoDraw = True
70.0456 	EXP 	right: autoDraw = True
70.0456 	EXP 	up: autoDraw = True
70.0456 	EXP 	down: autoDraw = True
70.0628 	EXP 	center: autoDraw = True
70.0628 	EXP 	left: autoDraw = True
70.0628 	EXP 	right: autoDraw = True
70.0628 	EXP 	up: autoDraw = True
70.0628 	EXP 	down: autoDraw = True
70.0797 	EXP 	center: autoDraw = True
70.0797 	EXP 	left: autoDraw = True
70.0797 	EXP 	right: autoDraw = True
70.0797 	EXP 	up: autoDraw = True
70.0797 	EXP 	down: autoDraw = True
70.0962 	EXP 	center: autoDraw = True
70.0962 	EXP 	left: autoDraw = True
70.0962 	EXP 	right: autoDraw = True
70.0962 	EXP 	up: autoDraw = True
70.0962 	EXP 	down: autoDraw = True
70.1131 	EXP 	center: autoDraw = True
70.1131 	EXP 	left: autoDraw = True
70.1131 	EXP 	right: autoDraw = True
70.1131 	EXP 	up: autoDraw = True
70.1131 	EXP 	down: autoDraw = True
70.1293 	EXP 	center: autoDraw = True
70.1293 	EXP 	left: autoDraw = True
70.1293 	EXP 	right: autoDraw = True
70.1293 	EXP 	up: autoDraw = True
70.1293 	EXP 	down: autoDraw = True
70.1460 	EXP 	center: autoDraw = True
70.1460 	EXP 	left: autoDraw = True
70.1460 	EXP 	right: autoDraw = True
70.1460 	EXP 	up: autoDraw = True
70.1460 	EXP 	down: autoDraw = True
70.1629 	EXP 	center: autoDraw = True
70.1629 	EXP 	left: autoDraw = True
70.1629 	EXP 	right: autoDraw = True
70.1629 	EXP 	up: autoDraw = True
70.1629 	EXP 	down: autoDraw = True
70.1797 	EXP 	center: autoDraw = True
70.1797 	EXP 	left: autoDraw = True
70.1797 	EXP 	right: autoDraw = True
70.1797 	EXP 	up: autoDraw = True
70.1797 	EXP 	down: autoDraw = True
70.1961 	EXP 	center: autoDraw = True
70.1961 	EXP 	left: autoDraw = True
70.1961 	EXP 	right: autoDraw = True
70.1961 	EXP 	up: autoDraw = True
70.1961 	EXP 	down: autoDraw = True
70.2129 	EXP 	center: autoDraw = True
70.2129 	EXP 	left: autoDraw = True
70.2129 	EXP 	right: autoDraw = True
70.2129 	EXP 	up: autoDraw = True
70.2129 	EXP 	down: autoDraw = True
70.2296 	EXP 	center: autoDraw = True
70.2296 	EXP 	left: autoDraw = True
70.2296 	EXP 	right: autoDraw = True
70.2296 	EXP 	up: autoDraw = True
70.2296 	EXP 	down: autoDraw = True
70.2460 	EXP 	center: autoDraw = True
70.2460 	EXP 	left: autoDraw = True
70.2460 	EXP 	right: autoDraw = True
70.2460 	EXP 	up: autoDraw = True
70.2460 	EXP 	down: autoDraw = True
70.2628 	EXP 	center: autoDraw = True
70.2628 	EXP 	left: autoDraw = True
70.2628 	EXP 	right: autoDraw = True
70.2628 	EXP 	up: autoDraw = True
70.2628 	EXP 	down: autoDraw = True
70.2796 	EXP 	center: autoDraw = True
70.2796 	EXP 	left: autoDraw = True
70.2796 	EXP 	right: autoDraw = True
70.2796 	EXP 	up: autoDraw = True
70.2796 	EXP 	down: autoDraw = True
70.2963 	EXP 	center: autoDraw = True
70.2963 	EXP 	left: autoDraw = True
70.2963 	EXP 	right: autoDraw = True
70.2963 	EXP 	up: autoDraw = True
70.2963 	EXP 	down: autoDraw = True
70.3126 	EXP 	center: autoDraw = True
70.3126 	EXP 	left: autoDraw = True
70.3126 	EXP 	right: autoDraw = True
70.3126 	EXP 	up: autoDraw = True
70.3126 	EXP 	down: autoDraw = True
70.3295 	EXP 	center: autoDraw = True
70.3295 	EXP 	left: autoDraw = True
70.3295 	EXP 	right: autoDraw = True
70.3295 	EXP 	up: autoDraw = True
70.3295 	EXP 	down: autoDraw = True
70.3463 	EXP 	center: autoDraw = True
70.3463 	EXP 	left: autoDraw = True
70.3463 	EXP 	right: autoDraw = True
70.3463 	EXP 	up: autoDraw = True
70.3463 	EXP 	down: autoDraw = True
70.3627 	EXP 	center: autoDraw = True
70.3627 	EXP 	left: autoDraw = True
70.3627 	EXP 	right: autoDraw = True
70.3627 	EXP 	up: autoDraw = True
70.3627 	EXP 	down: autoDraw = True
70.3794 	EXP 	center: autoDraw = True
70.3794 	EXP 	left: autoDraw = True
70.3794 	EXP 	right: autoDraw = True
70.3794 	EXP 	up: autoDraw = True
70.3794 	EXP 	down: autoDraw = True
70.3962 	EXP 	center: autoDraw = True
70.3962 	EXP 	left: autoDraw = True
70.3962 	EXP 	right: autoDraw = True
70.3962 	EXP 	up: autoDraw = True
70.3962 	EXP 	down: autoDraw = True
70.4129 	EXP 	center: autoDraw = True
70.4129 	EXP 	left: autoDraw = True
70.4129 	EXP 	right: autoDraw = True
70.4129 	EXP 	up: autoDraw = True
70.4129 	EXP 	down: autoDraw = True
70.4288 	EXP 	center: autoDraw = True
70.4288 	EXP 	left: autoDraw = True
70.4288 	EXP 	right: autoDraw = True
70.4288 	EXP 	up: autoDraw = True
70.4288 	EXP 	down: autoDraw = True
70.4460 	EXP 	center: autoDraw = True
70.4460 	EXP 	left: autoDraw = True
70.4460 	EXP 	right: autoDraw = True
70.4460 	EXP 	up: autoDraw = True
70.4460 	EXP 	down: autoDraw = True
70.4628 	EXP 	center: autoDraw = True
70.4628 	EXP 	left: autoDraw = True
70.4628 	EXP 	right: autoDraw = True
70.4628 	EXP 	up: autoDraw = True
70.4628 	EXP 	down: autoDraw = True
70.4630 	EXP 	Sound  started
70.4747 	DATA 	srig
70.4827 	EXP 	center: autoDraw = True
70.4827 	EXP 	left: autoDraw = True
70.4827 	EXP 	right: autoDraw = True
70.4827 	EXP 	up: autoDraw = True
70.4827 	EXP 	down: autoDraw = True
70.4961 	EXP 	center: autoDraw = True
70.4961 	EXP 	left: autoDraw = True
70.4961 	EXP 	right: autoDraw = True
70.4961 	EXP 	up: autoDraw = True
70.4961 	EXP 	down: autoDraw = True
70.5130 	EXP 	center: autoDraw = True
70.5130 	EXP 	left: autoDraw = True
70.5130 	EXP 	right: autoDraw = True
70.5130 	EXP 	up: autoDraw = True
70.5130 	EXP 	down: autoDraw = True
70.5293 	EXP 	center: autoDraw = True
70.5293 	EXP 	left: autoDraw = True
70.5293 	EXP 	right: autoDraw = True
70.5293 	EXP 	up: autoDraw = True
70.5293 	EXP 	down: autoDraw = True
70.5462 	EXP 	center: autoDraw = True
70.5462 	EXP 	left: autoDraw = True
70.5462 	EXP 	right: autoDraw = True
70.5462 	EXP 	up: autoDraw = True
70.5462 	EXP 	down: autoDraw = True
70.5630 	EXP 	center: autoDraw = True
70.5630 	EXP 	left: autoDraw = True
70.5630 	EXP 	right: autoDraw = True
70.5630 	EXP 	up: autoDraw = True
70.5630 	EXP 	down: autoDraw = True
70.5794 	EXP 	center: autoDraw = True
70.5794 	EXP 	left: autoDraw = True
70.5794 	EXP 	right: autoDraw = True
70.5794 	EXP 	up: autoDraw = True
70.5794 	EXP 	down: autoDraw = True
70.5960 	EXP 	center: autoDraw = True
70.5960 	EXP 	left: autoDraw = True
70.5960 	EXP 	right: autoDraw = True
70.5960 	EXP 	up: autoDraw = True
70.5960 	EXP 	down: autoDraw = True
70.6129 	EXP 	center: autoDraw = True
70.6129 	EXP 	left: autoDraw = True
70.6129 	EXP 	right: autoDraw = True
70.6129 	EXP 	up: autoDraw = True
70.6129 	EXP 	down: autoDraw = True
70.6296 	EXP 	center: autoDraw = True
70.6296 	EXP 	left: autoDraw = True
70.6296 	EXP 	right: autoDraw = True
70.6296 	EXP 	up: autoDraw = True
70.6296 	EXP 	down: autoDraw = True
70.6460 	EXP 	center: autoDraw = True
70.6460 	EXP 	left: autoDraw = True
70.6460 	EXP 	right: autoDraw = True
70.6460 	EXP 	up: autoDraw = True
70.6460 	EXP 	down: autoDraw = True
70.6629 	EXP 	center: autoDraw = True
70.6629 	EXP 	left: autoDraw = True
70.6629 	EXP 	right: autoDraw = True
70.6629 	EXP 	up: autoDraw = True
70.6629 	EXP 	down: autoDraw = True
70.6795 	EXP 	center: autoDraw = True
70.6795 	EXP 	left: autoDraw = True
70.6795 	EXP 	right: autoDraw = True
70.6795 	EXP 	up: autoDraw = True
70.6795 	EXP 	down: autoDraw = True
70.6957 	EXP 	center: autoDraw = True
70.6957 	EXP 	left: autoDraw = True
70.6957 	EXP 	right: autoDraw = True
70.6957 	EXP 	up: autoDraw = True
70.6957 	EXP 	down: autoDraw = True
70.7127 	EXP 	center: autoDraw = True
70.7127 	EXP 	left: autoDraw = True
70.7127 	EXP 	right: autoDraw = True
70.7127 	EXP 	up: autoDraw = True
70.7127 	EXP 	down: autoDraw = True
70.7296 	EXP 	center: autoDraw = True
70.7296 	EXP 	left: autoDraw = True
70.7296 	EXP 	right: autoDraw = True
70.7296 	EXP 	up: autoDraw = True
70.7296 	EXP 	down: autoDraw = True
70.7460 	EXP 	center: autoDraw = True
70.7460 	EXP 	left: autoDraw = True
70.7460 	EXP 	right: autoDraw = True
70.7460 	EXP 	up: autoDraw = True
70.7460 	EXP 	down: autoDraw = True
70.7627 	EXP 	center: autoDraw = True
70.7627 	EXP 	left: autoDraw = True
70.7627 	EXP 	right: autoDraw = True
70.7627 	EXP 	up: autoDraw = True
70.7627 	EXP 	down: autoDraw = True
70.7795 	EXP 	center: autoDraw = True
70.7795 	EXP 	left: autoDraw = True
70.7795 	EXP 	right: autoDraw = True
70.7795 	EXP 	up: autoDraw = True
70.7795 	EXP 	down: autoDraw = True
70.7960 	EXP 	center: autoDraw = True
70.7960 	EXP 	left: autoDraw = True
70.7960 	EXP 	right: autoDraw = True
70.7960 	EXP 	up: autoDraw = True
70.7960 	EXP 	down: autoDraw = True
70.7962 	DATA 	wsqS
70.8131 	EXP 	center: autoDraw = True
70.8131 	EXP 	left: autoDraw = True
70.8131 	EXP 	right: autoDraw = True
70.8131 	EXP 	up: autoDraw = True
70.8131 	EXP 	down: autoDraw = True
70.8131 	EXP 	whitesquare: autoDraw = True
70.8293 	EXP 	center: autoDraw = True
70.8293 	EXP 	left: autoDraw = True
70.8293 	EXP 	right: autoDraw = True
70.8293 	EXP 	up: autoDraw = True
70.8293 	EXP 	down: autoDraw = True
70.8293 	EXP 	whitesquare: autoDraw = False
70.8461 	EXP 	center: autoDraw = True
70.8461 	EXP 	left: autoDraw = True
70.8461 	EXP 	right: autoDraw = True
70.8461 	EXP 	up: autoDraw = True
70.8461 	EXP 	down: autoDraw = True
70.8631 	EXP 	center: autoDraw = True
70.8631 	EXP 	left: autoDraw = True
70.8631 	EXP 	right: autoDraw = True
70.8631 	EXP 	up: autoDraw = True
70.8631 	EXP 	down: autoDraw = True
70.8794 	EXP 	center: autoDraw = True
70.8794 	EXP 	left: autoDraw = True
70.8794 	EXP 	right: autoDraw = True
70.8794 	EXP 	up: autoDraw = True
70.8794 	EXP 	down: autoDraw = True
70.8962 	EXP 	center: autoDraw = True
70.8962 	EXP 	left: autoDraw = True
70.8962 	EXP 	right: autoDraw = True
70.8962 	EXP 	up: autoDraw = True
70.8962 	EXP 	down: autoDraw = True
70.9130 	EXP 	center: autoDraw = True
70.9130 	EXP 	left: autoDraw = True
70.9130 	EXP 	right: autoDraw = True
70.9130 	EXP 	up: autoDraw = True
70.9130 	EXP 	down: autoDraw = True
70.9293 	EXP 	center: autoDraw = True
70.9293 	EXP 	left: autoDraw = True
70.9293 	EXP 	right: autoDraw = True
70.9293 	EXP 	up: autoDraw = True
70.9293 	EXP 	down: autoDraw = True
70.9461 	EXP 	center: autoDraw = True
70.9461 	EXP 	left: autoDraw = True
70.9461 	EXP 	right: autoDraw = True
70.9461 	EXP 	up: autoDraw = True
70.9461 	EXP 	down: autoDraw = True
70.9627 	EXP 	center: autoDraw = True
70.9627 	EXP 	left: autoDraw = True
70.9627 	EXP 	right: autoDraw = True
70.9627 	EXP 	up: autoDraw = True
70.9627 	EXP 	down: autoDraw = True
70.9795 	EXP 	center: autoDraw = True
70.9795 	EXP 	left: autoDraw = True
70.9795 	EXP 	right: autoDraw = True
70.9795 	EXP 	up: autoDraw = True
70.9795 	EXP 	down: autoDraw = True
70.9962 	EXP 	center: autoDraw = True
70.9962 	EXP 	left: autoDraw = True
70.9962 	EXP 	right: autoDraw = True
70.9962 	EXP 	up: autoDraw = True
70.9962 	EXP 	down: autoDraw = True
71.0127 	EXP 	center: autoDraw = True
71.0127 	EXP 	left: autoDraw = True
71.0127 	EXP 	right: autoDraw = True
71.0127 	EXP 	up: autoDraw = True
71.0127 	EXP 	down: autoDraw = True
71.0294 	EXP 	center: autoDraw = True
71.0294 	EXP 	left: autoDraw = True
71.0294 	EXP 	right: autoDraw = True
71.0294 	EXP 	up: autoDraw = True
71.0294 	EXP 	down: autoDraw = True
71.0455 	EXP 	center: autoDraw = True
71.0455 	EXP 	left: autoDraw = True
71.0455 	EXP 	right: autoDraw = True
71.0455 	EXP 	up: autoDraw = True
71.0455 	EXP 	down: autoDraw = True
71.0626 	EXP 	center: autoDraw = True
71.0626 	EXP 	left: autoDraw = True
71.0626 	EXP 	right: autoDraw = True
71.0626 	EXP 	up: autoDraw = True
71.0626 	EXP 	down: autoDraw = True
71.0789 	EXP 	center: autoDraw = True
71.0789 	EXP 	left: autoDraw = True
71.0789 	EXP 	right: autoDraw = True
71.0789 	EXP 	up: autoDraw = True
71.0789 	EXP 	down: autoDraw = True
71.0958 	EXP 	center: autoDraw = True
71.0958 	EXP 	left: autoDraw = True
71.0958 	EXP 	right: autoDraw = True
71.0958 	EXP 	up: autoDraw = True
71.0958 	EXP 	down: autoDraw = True
71.1128 	EXP 	center: autoDraw = True
71.1128 	EXP 	left: autoDraw = True
71.1128 	EXP 	right: autoDraw = True
71.1128 	EXP 	up: autoDraw = True
71.1128 	EXP 	down: autoDraw = True
71.1295 	EXP 	center: autoDraw = True
71.1295 	EXP 	left: autoDraw = True
71.1295 	EXP 	right: autoDraw = True
71.1295 	EXP 	up: autoDraw = True
71.1295 	EXP 	down: autoDraw = True
71.1462 	EXP 	center: autoDraw = True
71.1462 	EXP 	left: autoDraw = True
71.1462 	EXP 	right: autoDraw = True
71.1462 	EXP 	up: autoDraw = True
71.1462 	EXP 	down: autoDraw = True
71.1628 	EXP 	center: autoDraw = True
71.1628 	EXP 	left: autoDraw = True
71.1628 	EXP 	right: autoDraw = True
71.1628 	EXP 	up: autoDraw = True
71.1628 	EXP 	down: autoDraw = True
71.1795 	EXP 	center: autoDraw = True
71.1795 	EXP 	left: autoDraw = True
71.1795 	EXP 	right: autoDraw = True
71.1795 	EXP 	up: autoDraw = True
71.1795 	EXP 	down: autoDraw = True
71.1962 	EXP 	center: autoDraw = True
71.1962 	EXP 	left: autoDraw = True
71.1962 	EXP 	right: autoDraw = True
71.1962 	EXP 	up: autoDraw = True
71.1962 	EXP 	down: autoDraw = True
71.2127 	EXP 	center: autoDraw = True
71.2127 	EXP 	left: autoDraw = True
71.2127 	EXP 	right: autoDraw = True
71.2127 	EXP 	up: autoDraw = True
71.2127 	EXP 	down: autoDraw = True
71.2294 	EXP 	center: autoDraw = True
71.2294 	EXP 	left: autoDraw = True
71.2294 	EXP 	right: autoDraw = True
71.2294 	EXP 	up: autoDraw = True
71.2294 	EXP 	down: autoDraw = True
71.2462 	EXP 	center: autoDraw = True
71.2462 	EXP 	left: autoDraw = True
71.2462 	EXP 	right: autoDraw = True
71.2462 	EXP 	up: autoDraw = True
71.2462 	EXP 	down: autoDraw = True
71.2628 	EXP 	center: autoDraw = True
71.2628 	EXP 	left: autoDraw = True
71.2628 	EXP 	right: autoDraw = True
71.2628 	EXP 	up: autoDraw = True
71.2628 	EXP 	down: autoDraw = True
71.2793 	EXP 	center: autoDraw = True
71.2793 	EXP 	left: autoDraw = True
71.2793 	EXP 	right: autoDraw = True
71.2793 	EXP 	up: autoDraw = True
71.2793 	EXP 	down: autoDraw = True
71.2960 	EXP 	center: autoDraw = True
71.2960 	EXP 	left: autoDraw = True
71.2960 	EXP 	right: autoDraw = True
71.2960 	EXP 	up: autoDraw = True
71.2960 	EXP 	down: autoDraw = True
71.3130 	EXP 	center: autoDraw = True
71.3130 	EXP 	left: autoDraw = True
71.3130 	EXP 	right: autoDraw = True
71.3130 	EXP 	up: autoDraw = True
71.3130 	EXP 	down: autoDraw = True
71.3293 	EXP 	center: autoDraw = True
71.3293 	EXP 	left: autoDraw = True
71.3293 	EXP 	right: autoDraw = True
71.3293 	EXP 	up: autoDraw = True
71.3293 	EXP 	down: autoDraw = True
71.3458 	EXP 	center: autoDraw = True
71.3458 	EXP 	left: autoDraw = True
71.3458 	EXP 	right: autoDraw = True
71.3458 	EXP 	up: autoDraw = True
71.3458 	EXP 	down: autoDraw = True
71.3626 	EXP 	center: autoDraw = True
71.3626 	EXP 	left: autoDraw = True
71.3626 	EXP 	right: autoDraw = True
71.3626 	EXP 	up: autoDraw = True
71.3626 	EXP 	down: autoDraw = True
71.3793 	EXP 	center: autoDraw = True
71.3793 	EXP 	left: autoDraw = True
71.3793 	EXP 	right: autoDraw = True
71.3793 	EXP 	up: autoDraw = True
71.3793 	EXP 	down: autoDraw = True
71.3961 	EXP 	center: autoDraw = True
71.3961 	EXP 	left: autoDraw = True
71.3961 	EXP 	right: autoDraw = True
71.3961 	EXP 	up: autoDraw = True
71.3961 	EXP 	down: autoDraw = True
71.4129 	EXP 	center: autoDraw = True
71.4129 	EXP 	left: autoDraw = True
71.4129 	EXP 	right: autoDraw = True
71.4129 	EXP 	up: autoDraw = True
71.4129 	EXP 	down: autoDraw = True
71.4293 	EXP 	center: autoDraw = True
71.4293 	EXP 	left: autoDraw = True
71.4293 	EXP 	right: autoDraw = True
71.4293 	EXP 	up: autoDraw = True
71.4293 	EXP 	down: autoDraw = True
71.4460 	EXP 	center: autoDraw = True
71.4460 	EXP 	left: autoDraw = True
71.4460 	EXP 	right: autoDraw = True
71.4460 	EXP 	up: autoDraw = True
71.4460 	EXP 	down: autoDraw = True
71.4620 	EXP 	center: autoDraw = True
71.4620 	EXP 	left: autoDraw = True
71.4620 	EXP 	right: autoDraw = True
71.4620 	EXP 	up: autoDraw = True
71.4620 	EXP 	down: autoDraw = True
71.4794 	EXP 	center: autoDraw = True
71.4794 	EXP 	left: autoDraw = True
71.4794 	EXP 	right: autoDraw = True
71.4794 	EXP 	up: autoDraw = True
71.4794 	EXP 	down: autoDraw = True
71.4962 	EXP 	center: autoDraw = True
71.4962 	EXP 	left: autoDraw = True
71.4962 	EXP 	right: autoDraw = True
71.4962 	EXP 	up: autoDraw = True
71.4962 	EXP 	down: autoDraw = True
71.5129 	EXP 	center: autoDraw = True
71.5129 	EXP 	left: autoDraw = True
71.5129 	EXP 	right: autoDraw = True
71.5129 	EXP 	up: autoDraw = True
71.5129 	EXP 	down: autoDraw = True
71.5293 	EXP 	center: autoDraw = True
71.5293 	EXP 	left: autoDraw = True
71.5293 	EXP 	right: autoDraw = True
71.5293 	EXP 	up: autoDraw = True
71.5293 	EXP 	down: autoDraw = True
71.5461 	EXP 	center: autoDraw = True
71.5461 	EXP 	left: autoDraw = True
71.5461 	EXP 	right: autoDraw = True
71.5461 	EXP 	up: autoDraw = True
71.5461 	EXP 	down: autoDraw = True
71.5628 	EXP 	center: autoDraw = True
71.5628 	EXP 	left: autoDraw = True
71.5628 	EXP 	right: autoDraw = True
71.5628 	EXP 	up: autoDraw = True
71.5628 	EXP 	down: autoDraw = True
71.5795 	EXP 	center: autoDraw = True
71.5795 	EXP 	left: autoDraw = True
71.5795 	EXP 	right: autoDraw = True
71.5795 	EXP 	up: autoDraw = True
71.5795 	EXP 	down: autoDraw = True
71.5960 	EXP 	center: autoDraw = True
71.5960 	EXP 	left: autoDraw = True
71.5960 	EXP 	right: autoDraw = True
71.5960 	EXP 	up: autoDraw = True
71.5960 	EXP 	down: autoDraw = True
71.6126 	EXP 	center: autoDraw = True
71.6126 	EXP 	left: autoDraw = True
71.6126 	EXP 	right: autoDraw = True
71.6126 	EXP 	up: autoDraw = True
71.6126 	EXP 	down: autoDraw = True
71.6293 	EXP 	center: autoDraw = True
71.6293 	EXP 	left: autoDraw = True
71.6293 	EXP 	right: autoDraw = True
71.6293 	EXP 	up: autoDraw = True
71.6293 	EXP 	down: autoDraw = True
71.6460 	EXP 	center: autoDraw = True
71.6460 	EXP 	left: autoDraw = True
71.6460 	EXP 	right: autoDraw = True
71.6460 	EXP 	up: autoDraw = True
71.6460 	EXP 	down: autoDraw = True
71.6628 	EXP 	center: autoDraw = True
71.6628 	EXP 	left: autoDraw = True
71.6628 	EXP 	right: autoDraw = True
71.6628 	EXP 	up: autoDraw = True
71.6628 	EXP 	down: autoDraw = True
71.6797 	EXP 	center: autoDraw = True
71.6797 	EXP 	left: autoDraw = True
71.6797 	EXP 	right: autoDraw = True
71.6797 	EXP 	up: autoDraw = True
71.6797 	EXP 	down: autoDraw = True
71.6959 	EXP 	center: autoDraw = True
71.6959 	EXP 	left: autoDraw = True
71.6959 	EXP 	right: autoDraw = True
71.6959 	EXP 	up: autoDraw = True
71.6959 	EXP 	down: autoDraw = True
71.7127 	EXP 	center: autoDraw = True
71.7127 	EXP 	left: autoDraw = True
71.7127 	EXP 	right: autoDraw = True
71.7127 	EXP 	up: autoDraw = True
71.7127 	EXP 	down: autoDraw = True
71.7289 	EXP 	center: autoDraw = True
71.7289 	EXP 	left: autoDraw = True
71.7289 	EXP 	right: autoDraw = True
71.7289 	EXP 	up: autoDraw = True
71.7289 	EXP 	down: autoDraw = True
71.7459 	EXP 	center: autoDraw = True
71.7459 	EXP 	left: autoDraw = True
71.7459 	EXP 	right: autoDraw = True
71.7459 	EXP 	up: autoDraw = True
71.7459 	EXP 	down: autoDraw = True
71.7627 	EXP 	center: autoDraw = True
71.7627 	EXP 	left: autoDraw = True
71.7627 	EXP 	right: autoDraw = True
71.7627 	EXP 	up: autoDraw = True
71.7627 	EXP 	down: autoDraw = True
71.7795 	EXP 	center: autoDraw = True
71.7795 	EXP 	left: autoDraw = True
71.7795 	EXP 	right: autoDraw = True
71.7795 	EXP 	up: autoDraw = True
71.7795 	EXP 	down: autoDraw = True
71.7959 	EXP 	center: autoDraw = True
71.7959 	EXP 	left: autoDraw = True
71.7959 	EXP 	right: autoDraw = True
71.7959 	EXP 	up: autoDraw = True
71.7959 	EXP 	down: autoDraw = True
71.8128 	EXP 	center: autoDraw = True
71.8128 	EXP 	left: autoDraw = True
71.8128 	EXP 	right: autoDraw = True
71.8128 	EXP 	up: autoDraw = True
71.8128 	EXP 	down: autoDraw = True
71.8296 	EXP 	center: autoDraw = True
71.8296 	EXP 	left: autoDraw = True
71.8296 	EXP 	right: autoDraw = True
71.8296 	EXP 	up: autoDraw = True
71.8296 	EXP 	down: autoDraw = True
71.8462 	EXP 	center: autoDraw = True
71.8462 	EXP 	left: autoDraw = True
71.8462 	EXP 	right: autoDraw = True
71.8462 	EXP 	up: autoDraw = True
71.8462 	EXP 	down: autoDraw = True
71.8626 	EXP 	center: autoDraw = True
71.8626 	EXP 	left: autoDraw = True
71.8626 	EXP 	right: autoDraw = True
71.8626 	EXP 	up: autoDraw = True
71.8626 	EXP 	down: autoDraw = True
71.8793 	EXP 	center: autoDraw = True
71.8793 	EXP 	left: autoDraw = True
71.8793 	EXP 	right: autoDraw = True
71.8793 	EXP 	up: autoDraw = True
71.8793 	EXP 	down: autoDraw = True
71.8958 	EXP 	center: autoDraw = True
71.8958 	EXP 	left: autoDraw = True
71.8958 	EXP 	right: autoDraw = True
71.8958 	EXP 	up: autoDraw = True
71.8958 	EXP 	down: autoDraw = True
71.9128 	EXP 	center: autoDraw = True
71.9128 	EXP 	left: autoDraw = True
71.9128 	EXP 	right: autoDraw = True
71.9128 	EXP 	up: autoDraw = True
71.9128 	EXP 	down: autoDraw = True
71.9291 	EXP 	center: autoDraw = True
71.9291 	EXP 	left: autoDraw = True
71.9291 	EXP 	right: autoDraw = True
71.9291 	EXP 	up: autoDraw = True
71.9291 	EXP 	down: autoDraw = True
71.9461 	EXP 	center: autoDraw = True
71.9461 	EXP 	left: autoDraw = True
71.9461 	EXP 	right: autoDraw = True
71.9461 	EXP 	up: autoDraw = True
71.9461 	EXP 	down: autoDraw = True
71.9624 	EXP 	center: autoDraw = True
71.9624 	EXP 	left: autoDraw = True
71.9624 	EXP 	right: autoDraw = True
71.9624 	EXP 	up: autoDraw = True
71.9624 	EXP 	down: autoDraw = True
71.9794 	EXP 	center: autoDraw = True
71.9794 	EXP 	left: autoDraw = True
71.9794 	EXP 	right: autoDraw = True
71.9794 	EXP 	up: autoDraw = True
71.9794 	EXP 	down: autoDraw = True
71.9959 	EXP 	center: autoDraw = True
71.9959 	EXP 	left: autoDraw = True
71.9959 	EXP 	right: autoDraw = True
71.9959 	EXP 	up: autoDraw = True
71.9959 	EXP 	down: autoDraw = True
72.0128 	EXP 	center: autoDraw = True
72.0128 	EXP 	left: autoDraw = True
72.0128 	EXP 	right: autoDraw = True
72.0128 	EXP 	up: autoDraw = True
72.0128 	EXP 	down: autoDraw = True
72.0295 	EXP 	center: autoDraw = True
72.0295 	EXP 	left: autoDraw = True
72.0295 	EXP 	right: autoDraw = True
72.0295 	EXP 	up: autoDraw = True
72.0295 	EXP 	down: autoDraw = True
72.0459 	EXP 	center: autoDraw = True
72.0459 	EXP 	left: autoDraw = True
72.0459 	EXP 	right: autoDraw = True
72.0459 	EXP 	up: autoDraw = True
72.0459 	EXP 	down: autoDraw = True
72.0626 	EXP 	center: autoDraw = True
72.0626 	EXP 	left: autoDraw = True
72.0626 	EXP 	right: autoDraw = True
72.0626 	EXP 	up: autoDraw = True
72.0626 	EXP 	down: autoDraw = True
72.0796 	EXP 	center: autoDraw = True
72.0796 	EXP 	left: autoDraw = True
72.0796 	EXP 	right: autoDraw = True
72.0796 	EXP 	up: autoDraw = True
72.0796 	EXP 	down: autoDraw = True
72.0958 	EXP 	center: autoDraw = True
72.0958 	EXP 	left: autoDraw = True
72.0958 	EXP 	right: autoDraw = True
72.0958 	EXP 	up: autoDraw = True
72.0958 	EXP 	down: autoDraw = True
72.1122 	EXP 	center: autoDraw = True
72.1122 	EXP 	left: autoDraw = True
72.1122 	EXP 	right: autoDraw = True
72.1122 	EXP 	up: autoDraw = True
72.1122 	EXP 	down: autoDraw = True
72.1292 	EXP 	center: autoDraw = True
72.1292 	EXP 	left: autoDraw = True
72.1292 	EXP 	right: autoDraw = True
72.1292 	EXP 	up: autoDraw = True
72.1292 	EXP 	down: autoDraw = True
72.1460 	EXP 	center: autoDraw = True
72.1460 	EXP 	left: autoDraw = True
72.1460 	EXP 	right: autoDraw = True
72.1460 	EXP 	up: autoDraw = True
72.1460 	EXP 	down: autoDraw = True
72.1627 	EXP 	center: autoDraw = True
72.1627 	EXP 	left: autoDraw = True
72.1627 	EXP 	right: autoDraw = True
72.1627 	EXP 	up: autoDraw = True
72.1627 	EXP 	down: autoDraw = True
72.1794 	EXP 	center: autoDraw = True
72.1794 	EXP 	left: autoDraw = True
72.1794 	EXP 	right: autoDraw = True
72.1794 	EXP 	up: autoDraw = True
72.1794 	EXP 	down: autoDraw = True
72.1959 	EXP 	center: autoDraw = True
72.1959 	EXP 	left: autoDraw = True
72.1959 	EXP 	right: autoDraw = True
72.1959 	EXP 	up: autoDraw = True
72.1959 	EXP 	down: autoDraw = True
72.2126 	EXP 	center: autoDraw = True
72.2126 	EXP 	left: autoDraw = True
72.2126 	EXP 	right: autoDraw = True
72.2126 	EXP 	up: autoDraw = True
72.2126 	EXP 	down: autoDraw = True
72.2295 	EXP 	center: autoDraw = True
72.2295 	EXP 	left: autoDraw = True
72.2295 	EXP 	right: autoDraw = True
72.2295 	EXP 	up: autoDraw = True
72.2295 	EXP 	down: autoDraw = True
72.2459 	EXP 	center: autoDraw = True
72.2459 	EXP 	left: autoDraw = True
72.2459 	EXP 	right: autoDraw = True
72.2459 	EXP 	up: autoDraw = True
72.2459 	EXP 	down: autoDraw = True
72.2627 	EXP 	center: autoDraw = True
72.2627 	EXP 	left: autoDraw = True
72.2627 	EXP 	right: autoDraw = True
72.2627 	EXP 	up: autoDraw = True
72.2627 	EXP 	down: autoDraw = True
72.2794 	EXP 	center: autoDraw = True
72.2794 	EXP 	left: autoDraw = True
72.2794 	EXP 	right: autoDraw = True
72.2794 	EXP 	up: autoDraw = True
72.2794 	EXP 	down: autoDraw = True
72.2961 	EXP 	center: autoDraw = True
72.2961 	EXP 	left: autoDraw = True
72.2961 	EXP 	right: autoDraw = True
72.2961 	EXP 	up: autoDraw = True
72.2961 	EXP 	down: autoDraw = True
72.3125 	EXP 	center: autoDraw = True
72.3125 	EXP 	left: autoDraw = True
72.3125 	EXP 	right: autoDraw = True
72.3125 	EXP 	up: autoDraw = True
72.3125 	EXP 	down: autoDraw = True
72.3293 	EXP 	center: autoDraw = True
72.3293 	EXP 	left: autoDraw = True
72.3293 	EXP 	right: autoDraw = True
72.3293 	EXP 	up: autoDraw = True
72.3293 	EXP 	down: autoDraw = True
72.3460 	EXP 	center: autoDraw = True
72.3460 	EXP 	left: autoDraw = True
72.3460 	EXP 	right: autoDraw = True
72.3460 	EXP 	up: autoDraw = True
72.3460 	EXP 	down: autoDraw = True
72.3628 	EXP 	center: autoDraw = True
72.3628 	EXP 	left: autoDraw = True
72.3628 	EXP 	right: autoDraw = True
72.3628 	EXP 	up: autoDraw = True
72.3628 	EXP 	down: autoDraw = True
72.3791 	EXP 	center: autoDraw = True
72.3791 	EXP 	left: autoDraw = True
72.3791 	EXP 	right: autoDraw = True
72.3791 	EXP 	up: autoDraw = True
72.3791 	EXP 	down: autoDraw = True
72.3959 	EXP 	center: autoDraw = True
72.3959 	EXP 	left: autoDraw = True
72.3959 	EXP 	right: autoDraw = True
72.3959 	EXP 	up: autoDraw = True
72.3959 	EXP 	down: autoDraw = True
72.4127 	EXP 	center: autoDraw = True
72.4127 	EXP 	left: autoDraw = True
72.4127 	EXP 	right: autoDraw = True
72.4127 	EXP 	up: autoDraw = True
72.4127 	EXP 	down: autoDraw = True
72.4285 	EXP 	center: autoDraw = True
72.4285 	EXP 	left: autoDraw = True
72.4285 	EXP 	right: autoDraw = True
72.4285 	EXP 	up: autoDraw = True
72.4285 	EXP 	down: autoDraw = True
72.4458 	EXP 	center: autoDraw = True
72.4458 	EXP 	left: autoDraw = True
72.4458 	EXP 	right: autoDraw = True
72.4458 	EXP 	up: autoDraw = True
72.4458 	EXP 	down: autoDraw = True
72.4627 	EXP 	center: autoDraw = True
72.4627 	EXP 	left: autoDraw = True
72.4627 	EXP 	right: autoDraw = True
72.4627 	EXP 	up: autoDraw = True
72.4627 	EXP 	down: autoDraw = True
72.4794 	EXP 	center: autoDraw = True
72.4794 	EXP 	left: autoDraw = True
72.4794 	EXP 	right: autoDraw = True
72.4794 	EXP 	up: autoDraw = True
72.4794 	EXP 	down: autoDraw = True
72.4953 	EXP 	center: autoDraw = True
72.4953 	EXP 	left: autoDraw = True
72.4953 	EXP 	right: autoDraw = True
72.4953 	EXP 	up: autoDraw = True
72.4953 	EXP 	down: autoDraw = True
72.5126 	EXP 	center: autoDraw = True
72.5126 	EXP 	left: autoDraw = True
72.5126 	EXP 	right: autoDraw = True
72.5126 	EXP 	up: autoDraw = True
72.5126 	EXP 	down: autoDraw = True
72.5294 	EXP 	center: autoDraw = True
72.5294 	EXP 	left: autoDraw = True
72.5294 	EXP 	right: autoDraw = True
72.5294 	EXP 	up: autoDraw = True
72.5294 	EXP 	down: autoDraw = True
72.5459 	EXP 	center: autoDraw = True
72.5459 	EXP 	left: autoDraw = True
72.5459 	EXP 	right: autoDraw = True
72.5459 	EXP 	up: autoDraw = True
72.5459 	EXP 	down: autoDraw = True
72.5627 	EXP 	center: autoDraw = True
72.5627 	EXP 	left: autoDraw = True
72.5627 	EXP 	right: autoDraw = True
72.5627 	EXP 	up: autoDraw = True
72.5627 	EXP 	down: autoDraw = True
72.5795 	EXP 	center: autoDraw = True
72.5795 	EXP 	left: autoDraw = True
72.5795 	EXP 	right: autoDraw = True
72.5795 	EXP 	up: autoDraw = True
72.5795 	EXP 	down: autoDraw = True
72.5959 	EXP 	center: autoDraw = True
72.5959 	EXP 	left: autoDraw = True
72.5959 	EXP 	right: autoDraw = True
72.5959 	EXP 	up: autoDraw = True
72.5959 	EXP 	down: autoDraw = True
72.6128 	EXP 	center: autoDraw = True
72.6128 	EXP 	left: autoDraw = True
72.6128 	EXP 	right: autoDraw = True
72.6128 	EXP 	up: autoDraw = True
72.6128 	EXP 	down: autoDraw = True
72.6292 	EXP 	center: autoDraw = True
72.6292 	EXP 	left: autoDraw = True
72.6292 	EXP 	right: autoDraw = True
72.6292 	EXP 	up: autoDraw = True
72.6292 	EXP 	down: autoDraw = True
72.7118 	EXP 	center: autoDraw = True
72.7118 	EXP 	left: autoDraw = True
72.7118 	EXP 	right: autoDraw = True
72.7118 	EXP 	up: autoDraw = True
72.7118 	EXP 	down: autoDraw = True
72.7289 	EXP 	center: autoDraw = True
72.7289 	EXP 	left: autoDraw = True
72.7289 	EXP 	right: autoDraw = True
72.7289 	EXP 	up: autoDraw = True
72.7289 	EXP 	down: autoDraw = True
72.7458 	EXP 	center: autoDraw = True
72.7458 	EXP 	left: autoDraw = True
72.7458 	EXP 	right: autoDraw = True
72.7458 	EXP 	up: autoDraw = True
72.7458 	EXP 	down: autoDraw = True
72.7623 	EXP 	center: autoDraw = True
72.7623 	EXP 	left: autoDraw = True
72.7623 	EXP 	right: autoDraw = True
72.7623 	EXP 	up: autoDraw = True
72.7623 	EXP 	down: autoDraw = True
72.7792 	EXP 	center: autoDraw = True
72.7792 	EXP 	left: autoDraw = True
72.7792 	EXP 	right: autoDraw = True
72.7792 	EXP 	up: autoDraw = True
72.7792 	EXP 	down: autoDraw = True
72.7959 	EXP 	center: autoDraw = True
72.7959 	EXP 	left: autoDraw = True
72.7959 	EXP 	right: autoDraw = True
72.7959 	EXP 	up: autoDraw = True
72.7959 	EXP 	down: autoDraw = True
72.8126 	EXP 	center: autoDraw = True
72.8126 	EXP 	left: autoDraw = True
72.8126 	EXP 	right: autoDraw = True
72.8126 	EXP 	up: autoDraw = True
72.8126 	EXP 	down: autoDraw = True
72.8294 	EXP 	center: autoDraw = True
72.8294 	EXP 	left: autoDraw = True
72.8294 	EXP 	right: autoDraw = True
72.8294 	EXP 	up: autoDraw = True
72.8294 	EXP 	down: autoDraw = True
72.8458 	EXP 	center: autoDraw = True
72.8458 	EXP 	left: autoDraw = True
72.8458 	EXP 	right: autoDraw = True
72.8458 	EXP 	up: autoDraw = True
72.8458 	EXP 	down: autoDraw = True
72.8625 	EXP 	center: autoDraw = True
72.8625 	EXP 	left: autoDraw = True
72.8625 	EXP 	right: autoDraw = True
72.8625 	EXP 	up: autoDraw = True
72.8625 	EXP 	down: autoDraw = True
72.8795 	EXP 	center: autoDraw = True
72.8795 	EXP 	left: autoDraw = True
72.8795 	EXP 	right: autoDraw = True
72.8795 	EXP 	up: autoDraw = True
72.8795 	EXP 	down: autoDraw = True
72.8959 	EXP 	center: autoDraw = True
72.8959 	EXP 	left: autoDraw = True
72.8959 	EXP 	right: autoDraw = True
72.8959 	EXP 	up: autoDraw = True
72.8959 	EXP 	down: autoDraw = True
72.9126 	EXP 	center: autoDraw = True
72.9126 	EXP 	left: autoDraw = True
72.9126 	EXP 	right: autoDraw = True
72.9126 	EXP 	up: autoDraw = True
72.9126 	EXP 	down: autoDraw = True
72.9294 	EXP 	center: autoDraw = True
72.9294 	EXP 	left: autoDraw = True
72.9294 	EXP 	right: autoDraw = True
72.9294 	EXP 	up: autoDraw = True
72.9294 	EXP 	down: autoDraw = True
72.9458 	EXP 	center: autoDraw = True
72.9458 	EXP 	left: autoDraw = True
72.9458 	EXP 	right: autoDraw = True
72.9458 	EXP 	up: autoDraw = True
72.9458 	EXP 	down: autoDraw = True
72.9627 	EXP 	center: autoDraw = True
72.9627 	EXP 	left: autoDraw = True
72.9627 	EXP 	right: autoDraw = True
72.9627 	EXP 	up: autoDraw = True
72.9627 	EXP 	down: autoDraw = True
72.9793 	EXP 	center: autoDraw = True
72.9793 	EXP 	left: autoDraw = True
72.9793 	EXP 	right: autoDraw = True
72.9793 	EXP 	up: autoDraw = True
72.9793 	EXP 	down: autoDraw = True
72.9958 	EXP 	center: autoDraw = True
72.9958 	EXP 	left: autoDraw = True
72.9958 	EXP 	right: autoDraw = True
72.9958 	EXP 	up: autoDraw = True
72.9958 	EXP 	down: autoDraw = True
73.0126 	EXP 	center: autoDraw = True
73.0126 	EXP 	left: autoDraw = True
73.0126 	EXP 	right: autoDraw = True
73.0126 	EXP 	up: autoDraw = True
73.0126 	EXP 	down: autoDraw = True
73.0292 	EXP 	center: autoDraw = True
73.0292 	EXP 	left: autoDraw = True
73.0292 	EXP 	right: autoDraw = True
73.0292 	EXP 	up: autoDraw = True
73.0292 	EXP 	down: autoDraw = True
73.0294 	EXP 	Sound  started
73.0333 	DATA 	sdow
73.0457 	EXP 	center: autoDraw = True
73.0457 	EXP 	left: autoDraw = True
73.0457 	EXP 	right: autoDraw = True
73.0457 	EXP 	up: autoDraw = True
73.0457 	EXP 	down: autoDraw = True
73.0626 	EXP 	center: autoDraw = True
73.0626 	EXP 	left: autoDraw = True
73.0626 	EXP 	right: autoDraw = True
73.0626 	EXP 	up: autoDraw = True
73.0626 	EXP 	down: autoDraw = True
73.0795 	EXP 	center: autoDraw = True
73.0795 	EXP 	left: autoDraw = True
73.0795 	EXP 	right: autoDraw = True
73.0795 	EXP 	up: autoDraw = True
73.0795 	EXP 	down: autoDraw = True
73.0958 	EXP 	center: autoDraw = True
73.0958 	EXP 	left: autoDraw = True
73.0958 	EXP 	right: autoDraw = True
73.0958 	EXP 	up: autoDraw = True
73.0958 	EXP 	down: autoDraw = True
73.1127 	EXP 	center: autoDraw = True
73.1127 	EXP 	left: autoDraw = True
73.1127 	EXP 	right: autoDraw = True
73.1127 	EXP 	up: autoDraw = True
73.1127 	EXP 	down: autoDraw = True
73.1294 	EXP 	center: autoDraw = True
73.1294 	EXP 	left: autoDraw = True
73.1294 	EXP 	right: autoDraw = True
73.1294 	EXP 	up: autoDraw = True
73.1294 	EXP 	down: autoDraw = True
73.1454 	EXP 	center: autoDraw = True
73.1454 	EXP 	left: autoDraw = True
73.1454 	EXP 	right: autoDraw = True
73.1454 	EXP 	up: autoDraw = True
73.1454 	EXP 	down: autoDraw = True
73.1625 	EXP 	center: autoDraw = True
73.1625 	EXP 	left: autoDraw = True
73.1625 	EXP 	right: autoDraw = True
73.1625 	EXP 	up: autoDraw = True
73.1625 	EXP 	down: autoDraw = True
73.1794 	EXP 	center: autoDraw = True
73.1794 	EXP 	left: autoDraw = True
73.1794 	EXP 	right: autoDraw = True
73.1794 	EXP 	up: autoDraw = True
73.1794 	EXP 	down: autoDraw = True
73.1958 	EXP 	center: autoDraw = True
73.1958 	EXP 	left: autoDraw = True
73.1958 	EXP 	right: autoDraw = True
73.1958 	EXP 	up: autoDraw = True
73.1958 	EXP 	down: autoDraw = True
73.2125 	EXP 	center: autoDraw = True
73.2125 	EXP 	left: autoDraw = True
73.2125 	EXP 	right: autoDraw = True
73.2125 	EXP 	up: autoDraw = True
73.2125 	EXP 	down: autoDraw = True
73.2294 	EXP 	center: autoDraw = True
73.2294 	EXP 	left: autoDraw = True
73.2294 	EXP 	right: autoDraw = True
73.2294 	EXP 	up: autoDraw = True
73.2294 	EXP 	down: autoDraw = True
73.2458 	EXP 	center: autoDraw = True
73.2458 	EXP 	left: autoDraw = True
73.2458 	EXP 	right: autoDraw = True
73.2458 	EXP 	up: autoDraw = True
73.2458 	EXP 	down: autoDraw = True
73.2626 	EXP 	center: autoDraw = True
73.2626 	EXP 	left: autoDraw = True
73.2626 	EXP 	right: autoDraw = True
73.2626 	EXP 	up: autoDraw = True
73.2626 	EXP 	down: autoDraw = True
73.2794 	EXP 	center: autoDraw = True
73.2794 	EXP 	left: autoDraw = True
73.2794 	EXP 	right: autoDraw = True
73.2794 	EXP 	up: autoDraw = True
73.2794 	EXP 	down: autoDraw = True
73.2958 	EXP 	center: autoDraw = True
73.2958 	EXP 	left: autoDraw = True
73.2958 	EXP 	right: autoDraw = True
73.2958 	EXP 	up: autoDraw = True
73.2958 	EXP 	down: autoDraw = True
73.3125 	EXP 	center: autoDraw = True
73.3125 	EXP 	left: autoDraw = True
73.3125 	EXP 	right: autoDraw = True
73.3125 	EXP 	up: autoDraw = True
73.3125 	EXP 	down: autoDraw = True
73.3293 	EXP 	center: autoDraw = True
73.3293 	EXP 	left: autoDraw = True
73.3293 	EXP 	right: autoDraw = True
73.3293 	EXP 	up: autoDraw = True
73.3293 	EXP 	down: autoDraw = True
73.3460 	EXP 	center: autoDraw = True
73.3460 	EXP 	left: autoDraw = True
73.3460 	EXP 	right: autoDraw = True
73.3460 	EXP 	up: autoDraw = True
73.3460 	EXP 	down: autoDraw = True
73.3627 	EXP 	center: autoDraw = True
73.3627 	EXP 	left: autoDraw = True
73.3627 	EXP 	right: autoDraw = True
73.3627 	EXP 	up: autoDraw = True
73.3627 	EXP 	down: autoDraw = True
73.3629 	DATA 	wsqS
73.3789 	EXP 	center: autoDraw = True
73.3789 	EXP 	left: autoDraw = True
73.3789 	EXP 	right: autoDraw = True
73.3789 	EXP 	up: autoDraw = True
73.3789 	EXP 	down: autoDraw = True
73.3789 	EXP 	whitesquare: autoDraw = True
73.3959 	EXP 	center: autoDraw = True
73.3959 	EXP 	left: autoDraw = True
73.3959 	EXP 	right: autoDraw = True
73.3959 	EXP 	up: autoDraw = True
73.3959 	EXP 	down: autoDraw = True
73.3959 	EXP 	whitesquare: autoDraw = False
73.4123 	EXP 	center: autoDraw = True
73.4123 	EXP 	left: autoDraw = True
73.4123 	EXP 	right: autoDraw = True
73.4123 	EXP 	up: autoDraw = True
73.4123 	EXP 	down: autoDraw = True
73.4292 	EXP 	center: autoDraw = True
73.4292 	EXP 	left: autoDraw = True
73.4292 	EXP 	right: autoDraw = True
73.4292 	EXP 	up: autoDraw = True
73.4292 	EXP 	down: autoDraw = True
73.4459 	EXP 	center: autoDraw = True
73.4459 	EXP 	left: autoDraw = True
73.4459 	EXP 	right: autoDraw = True
73.4459 	EXP 	up: autoDraw = True
73.4459 	EXP 	down: autoDraw = True
73.4626 	EXP 	center: autoDraw = True
73.4626 	EXP 	left: autoDraw = True
73.4626 	EXP 	right: autoDraw = True
73.4626 	EXP 	up: autoDraw = True
73.4626 	EXP 	down: autoDraw = True
73.4793 	EXP 	center: autoDraw = True
73.4793 	EXP 	left: autoDraw = True
73.4793 	EXP 	right: autoDraw = True
73.4793 	EXP 	up: autoDraw = True
73.4793 	EXP 	down: autoDraw = True
73.4958 	EXP 	center: autoDraw = True
73.4958 	EXP 	left: autoDraw = True
73.4958 	EXP 	right: autoDraw = True
73.4958 	EXP 	up: autoDraw = True
73.4958 	EXP 	down: autoDraw = True
73.5125 	EXP 	center: autoDraw = True
73.5125 	EXP 	left: autoDraw = True
73.5125 	EXP 	right: autoDraw = True
73.5125 	EXP 	up: autoDraw = True
73.5125 	EXP 	down: autoDraw = True
73.5285 	EXP 	center: autoDraw = True
73.5285 	EXP 	left: autoDraw = True
73.5285 	EXP 	right: autoDraw = True
73.5285 	EXP 	up: autoDraw = True
73.5285 	EXP 	down: autoDraw = True
73.5458 	EXP 	center: autoDraw = True
73.5458 	EXP 	left: autoDraw = True
73.5458 	EXP 	right: autoDraw = True
73.5458 	EXP 	up: autoDraw = True
73.5458 	EXP 	down: autoDraw = True
73.5626 	EXP 	center: autoDraw = True
73.5626 	EXP 	left: autoDraw = True
73.5626 	EXP 	right: autoDraw = True
73.5626 	EXP 	up: autoDraw = True
73.5626 	EXP 	down: autoDraw = True
73.5794 	EXP 	center: autoDraw = True
73.5794 	EXP 	left: autoDraw = True
73.5794 	EXP 	right: autoDraw = True
73.5794 	EXP 	up: autoDraw = True
73.5794 	EXP 	down: autoDraw = True
73.5958 	EXP 	center: autoDraw = True
73.5958 	EXP 	left: autoDraw = True
73.5958 	EXP 	right: autoDraw = True
73.5958 	EXP 	up: autoDraw = True
73.5958 	EXP 	down: autoDraw = True
73.6125 	EXP 	center: autoDraw = True
73.6125 	EXP 	left: autoDraw = True
73.6125 	EXP 	right: autoDraw = True
73.6125 	EXP 	up: autoDraw = True
73.6125 	EXP 	down: autoDraw = True
73.6293 	EXP 	center: autoDraw = True
73.6293 	EXP 	left: autoDraw = True
73.6293 	EXP 	right: autoDraw = True
73.6293 	EXP 	up: autoDraw = True
73.6293 	EXP 	down: autoDraw = True
73.6459 	EXP 	center: autoDraw = True
73.6459 	EXP 	left: autoDraw = True
73.6459 	EXP 	right: autoDraw = True
73.6459 	EXP 	up: autoDraw = True
73.6459 	EXP 	down: autoDraw = True
73.6626 	EXP 	center: autoDraw = True
73.6626 	EXP 	left: autoDraw = True
73.6626 	EXP 	right: autoDraw = True
73.6626 	EXP 	up: autoDraw = True
73.6626 	EXP 	down: autoDraw = True
73.6792 	EXP 	center: autoDraw = True
73.6792 	EXP 	left: autoDraw = True
73.6792 	EXP 	right: autoDraw = True
73.6792 	EXP 	up: autoDraw = True
73.6792 	EXP 	down: autoDraw = True
73.6959 	EXP 	center: autoDraw = True
73.6959 	EXP 	left: autoDraw = True
73.6959 	EXP 	right: autoDraw = True
73.6959 	EXP 	up: autoDraw = True
73.6959 	EXP 	down: autoDraw = True
73.7127 	EXP 	center: autoDraw = True
73.7127 	EXP 	left: autoDraw = True
73.7127 	EXP 	right: autoDraw = True
73.7127 	EXP 	up: autoDraw = True
73.7127 	EXP 	down: autoDraw = True
73.7288 	EXP 	center: autoDraw = True
73.7288 	EXP 	left: autoDraw = True
73.7288 	EXP 	right: autoDraw = True
73.7288 	EXP 	up: autoDraw = True
73.7288 	EXP 	down: autoDraw = True
73.7458 	EXP 	center: autoDraw = True
73.7458 	EXP 	left: autoDraw = True
73.7458 	EXP 	right: autoDraw = True
73.7458 	EXP 	up: autoDraw = True
73.7458 	EXP 	down: autoDraw = True
73.7627 	EXP 	center: autoDraw = True
73.7627 	EXP 	left: autoDraw = True
73.7627 	EXP 	right: autoDraw = True
73.7627 	EXP 	up: autoDraw = True
73.7627 	EXP 	down: autoDraw = True
73.7791 	EXP 	center: autoDraw = True
73.7791 	EXP 	left: autoDraw = True
73.7791 	EXP 	right: autoDraw = True
73.7791 	EXP 	up: autoDraw = True
73.7791 	EXP 	down: autoDraw = True
73.7955 	EXP 	center: autoDraw = True
73.7955 	EXP 	left: autoDraw = True
73.7955 	EXP 	right: autoDraw = True
73.7955 	EXP 	up: autoDraw = True
73.7955 	EXP 	down: autoDraw = True
73.8125 	EXP 	center: autoDraw = True
73.8125 	EXP 	left: autoDraw = True
73.8125 	EXP 	right: autoDraw = True
73.8125 	EXP 	up: autoDraw = True
73.8125 	EXP 	down: autoDraw = True
73.8294 	EXP 	center: autoDraw = True
73.8294 	EXP 	left: autoDraw = True
73.8294 	EXP 	right: autoDraw = True
73.8294 	EXP 	up: autoDraw = True
73.8294 	EXP 	down: autoDraw = True
73.8458 	EXP 	center: autoDraw = True
73.8458 	EXP 	left: autoDraw = True
73.8458 	EXP 	right: autoDraw = True
73.8458 	EXP 	up: autoDraw = True
73.8458 	EXP 	down: autoDraw = True
73.8626 	EXP 	center: autoDraw = True
73.8626 	EXP 	left: autoDraw = True
73.8626 	EXP 	right: autoDraw = True
73.8626 	EXP 	up: autoDraw = True
73.8626 	EXP 	down: autoDraw = True
73.8792 	EXP 	center: autoDraw = True
73.8792 	EXP 	left: autoDraw = True
73.8792 	EXP 	right: autoDraw = True
73.8792 	EXP 	up: autoDraw = True
73.8792 	EXP 	down: autoDraw = True
73.8960 	EXP 	center: autoDraw = True
73.8960 	EXP 	left: autoDraw = True
73.8960 	EXP 	right: autoDraw = True
73.8960 	EXP 	up: autoDraw = True
73.8960 	EXP 	down: autoDraw = True
73.9128 	EXP 	center: autoDraw = True
73.9128 	EXP 	left: autoDraw = True
73.9128 	EXP 	right: autoDraw = True
73.9128 	EXP 	up: autoDraw = True
73.9128 	EXP 	down: autoDraw = True
73.9291 	EXP 	center: autoDraw = True
73.9291 	EXP 	left: autoDraw = True
73.9291 	EXP 	right: autoDraw = True
73.9291 	EXP 	up: autoDraw = True
73.9291 	EXP 	down: autoDraw = True
73.9460 	EXP 	center: autoDraw = True
73.9460 	EXP 	left: autoDraw = True
73.9460 	EXP 	right: autoDraw = True
73.9460 	EXP 	up: autoDraw = True
73.9460 	EXP 	down: autoDraw = True
73.9627 	EXP 	center: autoDraw = True
73.9627 	EXP 	left: autoDraw = True
73.9627 	EXP 	right: autoDraw = True
73.9627 	EXP 	up: autoDraw = True
73.9627 	EXP 	down: autoDraw = True
73.9791 	EXP 	center: autoDraw = True
73.9791 	EXP 	left: autoDraw = True
73.9791 	EXP 	right: autoDraw = True
73.9791 	EXP 	up: autoDraw = True
73.9791 	EXP 	down: autoDraw = True
73.9953 	EXP 	center: autoDraw = True
73.9953 	EXP 	left: autoDraw = True
73.9953 	EXP 	right: autoDraw = True
73.9953 	EXP 	up: autoDraw = True
73.9953 	EXP 	down: autoDraw = True
74.0124 	EXP 	center: autoDraw = True
74.0124 	EXP 	left: autoDraw = True
74.0124 	EXP 	right: autoDraw = True
74.0124 	EXP 	up: autoDraw = True
74.0124 	EXP 	down: autoDraw = True
74.0293 	EXP 	center: autoDraw = True
74.0293 	EXP 	left: autoDraw = True
74.0293 	EXP 	right: autoDraw = True
74.0293 	EXP 	up: autoDraw = True
74.0293 	EXP 	down: autoDraw = True
74.0460 	EXP 	center: autoDraw = True
74.0460 	EXP 	left: autoDraw = True
74.0460 	EXP 	right: autoDraw = True
74.0460 	EXP 	up: autoDraw = True
74.0460 	EXP 	down: autoDraw = True
74.0624 	EXP 	center: autoDraw = True
74.0624 	EXP 	left: autoDraw = True
74.0624 	EXP 	right: autoDraw = True
74.0624 	EXP 	up: autoDraw = True
74.0624 	EXP 	down: autoDraw = True
74.0792 	EXP 	center: autoDraw = True
74.0792 	EXP 	left: autoDraw = True
74.0792 	EXP 	right: autoDraw = True
74.0792 	EXP 	up: autoDraw = True
74.0792 	EXP 	down: autoDraw = True
74.0960 	EXP 	center: autoDraw = True
74.0960 	EXP 	left: autoDraw = True
74.0960 	EXP 	right: autoDraw = True
74.0960 	EXP 	up: autoDraw = True
74.0960 	EXP 	down: autoDraw = True
74.1125 	EXP 	center: autoDraw = True
74.1125 	EXP 	left: autoDraw = True
74.1125 	EXP 	right: autoDraw = True
74.1125 	EXP 	up: autoDraw = True
74.1125 	EXP 	down: autoDraw = True
74.1292 	EXP 	center: autoDraw = True
74.1292 	EXP 	left: autoDraw = True
74.1292 	EXP 	right: autoDraw = True
74.1292 	EXP 	up: autoDraw = True
74.1292 	EXP 	down: autoDraw = True
74.1457 	EXP 	center: autoDraw = True
74.1457 	EXP 	left: autoDraw = True
74.1457 	EXP 	right: autoDraw = True
74.1457 	EXP 	up: autoDraw = True
74.1457 	EXP 	down: autoDraw = True
74.1624 	EXP 	center: autoDraw = True
74.1624 	EXP 	left: autoDraw = True
74.1624 	EXP 	right: autoDraw = True
74.1624 	EXP 	up: autoDraw = True
74.1624 	EXP 	down: autoDraw = True
74.1786 	EXP 	center: autoDraw = True
74.1786 	EXP 	left: autoDraw = True
74.1786 	EXP 	right: autoDraw = True
74.1786 	EXP 	up: autoDraw = True
74.1786 	EXP 	down: autoDraw = True
74.1957 	EXP 	center: autoDraw = True
74.1957 	EXP 	left: autoDraw = True
74.1957 	EXP 	right: autoDraw = True
74.1957 	EXP 	up: autoDraw = True
74.1957 	EXP 	down: autoDraw = True
74.2126 	EXP 	center: autoDraw = True
74.2126 	EXP 	left: autoDraw = True
74.2126 	EXP 	right: autoDraw = True
74.2126 	EXP 	up: autoDraw = True
74.2126 	EXP 	down: autoDraw = True
74.2294 	EXP 	center: autoDraw = True
74.2294 	EXP 	left: autoDraw = True
74.2294 	EXP 	right: autoDraw = True
74.2294 	EXP 	up: autoDraw = True
74.2294 	EXP 	down: autoDraw = True
74.2457 	EXP 	center: autoDraw = True
74.2457 	EXP 	left: autoDraw = True
74.2457 	EXP 	right: autoDraw = True
74.2457 	EXP 	up: autoDraw = True
74.2457 	EXP 	down: autoDraw = True
74.2625 	EXP 	center: autoDraw = True
74.2625 	EXP 	left: autoDraw = True
74.2625 	EXP 	right: autoDraw = True
74.2625 	EXP 	up: autoDraw = True
74.2625 	EXP 	down: autoDraw = True
74.2792 	EXP 	center: autoDraw = True
74.2792 	EXP 	left: autoDraw = True
74.2792 	EXP 	right: autoDraw = True
74.2792 	EXP 	up: autoDraw = True
74.2792 	EXP 	down: autoDraw = True
74.2960 	EXP 	center: autoDraw = True
74.2960 	EXP 	left: autoDraw = True
74.2960 	EXP 	right: autoDraw = True
74.2960 	EXP 	up: autoDraw = True
74.2960 	EXP 	down: autoDraw = True
74.3124 	EXP 	center: autoDraw = True
74.3124 	EXP 	left: autoDraw = True
74.3124 	EXP 	right: autoDraw = True
74.3124 	EXP 	up: autoDraw = True
74.3124 	EXP 	down: autoDraw = True
74.3292 	EXP 	center: autoDraw = True
74.3292 	EXP 	left: autoDraw = True
74.3292 	EXP 	right: autoDraw = True
74.3292 	EXP 	up: autoDraw = True
74.3292 	EXP 	down: autoDraw = True
74.3459 	EXP 	center: autoDraw = True
74.3459 	EXP 	left: autoDraw = True
74.3459 	EXP 	right: autoDraw = True
74.3459 	EXP 	up: autoDraw = True
74.3459 	EXP 	down: autoDraw = True
74.3626 	EXP 	center: autoDraw = True
74.3626 	EXP 	left: autoDraw = True
74.3626 	EXP 	right: autoDraw = True
74.3626 	EXP 	up: autoDraw = True
74.3626 	EXP 	down: autoDraw = True
74.3790 	EXP 	center: autoDraw = True
74.3790 	EXP 	left: autoDraw = True
74.3790 	EXP 	right: autoDraw = True
74.3790 	EXP 	up: autoDraw = True
74.3790 	EXP 	down: autoDraw = True
74.3958 	EXP 	center: autoDraw = True
74.3958 	EXP 	left: autoDraw = True
74.3958 	EXP 	right: autoDraw = True
74.3958 	EXP 	up: autoDraw = True
74.3958 	EXP 	down: autoDraw = True
74.4127 	EXP 	center: autoDraw = True
74.4127 	EXP 	left: autoDraw = True
74.4127 	EXP 	right: autoDraw = True
74.4127 	EXP 	up: autoDraw = True
74.4127 	EXP 	down: autoDraw = True
74.4290 	EXP 	center: autoDraw = True
74.4290 	EXP 	left: autoDraw = True
74.4290 	EXP 	right: autoDraw = True
74.4290 	EXP 	up: autoDraw = True
74.4290 	EXP 	down: autoDraw = True
74.4456 	EXP 	center: autoDraw = True
74.4456 	EXP 	left: autoDraw = True
74.4456 	EXP 	right: autoDraw = True
74.4456 	EXP 	up: autoDraw = True
74.4456 	EXP 	down: autoDraw = True
74.4624 	EXP 	center: autoDraw = True
74.4624 	EXP 	left: autoDraw = True
74.4624 	EXP 	right: autoDraw = True
74.4624 	EXP 	up: autoDraw = True
74.4624 	EXP 	down: autoDraw = True
74.4791 	EXP 	center: autoDraw = True
74.4791 	EXP 	left: autoDraw = True
74.4791 	EXP 	right: autoDraw = True
74.4791 	EXP 	up: autoDraw = True
74.4791 	EXP 	down: autoDraw = True
74.4959 	EXP 	center: autoDraw = True
74.4959 	EXP 	left: autoDraw = True
74.4959 	EXP 	right: autoDraw = True
74.4959 	EXP 	up: autoDraw = True
74.4959 	EXP 	down: autoDraw = True
74.5128 	EXP 	center: autoDraw = True
74.5128 	EXP 	left: autoDraw = True
74.5128 	EXP 	right: autoDraw = True
74.5128 	EXP 	up: autoDraw = True
74.5128 	EXP 	down: autoDraw = True
74.5290 	EXP 	center: autoDraw = True
74.5290 	EXP 	left: autoDraw = True
74.5290 	EXP 	right: autoDraw = True
74.5290 	EXP 	up: autoDraw = True
74.5290 	EXP 	down: autoDraw = True
74.5459 	EXP 	center: autoDraw = True
74.5459 	EXP 	left: autoDraw = True
74.5459 	EXP 	right: autoDraw = True
74.5459 	EXP 	up: autoDraw = True
74.5459 	EXP 	down: autoDraw = True
74.5618 	EXP 	center: autoDraw = True
74.5618 	EXP 	left: autoDraw = True
74.5618 	EXP 	right: autoDraw = True
74.5618 	EXP 	up: autoDraw = True
74.5618 	EXP 	down: autoDraw = True
74.5790 	EXP 	center: autoDraw = True
74.5790 	EXP 	left: autoDraw = True
74.5790 	EXP 	right: autoDraw = True
74.5790 	EXP 	up: autoDraw = True
74.5790 	EXP 	down: autoDraw = True
74.5960 	EXP 	center: autoDraw = True
74.5960 	EXP 	left: autoDraw = True
74.5960 	EXP 	right: autoDraw = True
74.5960 	EXP 	up: autoDraw = True
74.5960 	EXP 	down: autoDraw = True
74.6123 	EXP 	center: autoDraw = True
74.6123 	EXP 	left: autoDraw = True
74.6123 	EXP 	right: autoDraw = True
74.6123 	EXP 	up: autoDraw = True
74.6123 	EXP 	down: autoDraw = True
74.6292 	EXP 	center: autoDraw = True
74.6292 	EXP 	left: autoDraw = True
74.6292 	EXP 	right: autoDraw = True
74.6292 	EXP 	up: autoDraw = True
74.6292 	EXP 	down: autoDraw = True
74.6457 	EXP 	center: autoDraw = True
74.6457 	EXP 	left: autoDraw = True
74.6457 	EXP 	right: autoDraw = True
74.6457 	EXP 	up: autoDraw = True
74.6457 	EXP 	down: autoDraw = True
74.6624 	EXP 	center: autoDraw = True
74.6624 	EXP 	left: autoDraw = True
74.6624 	EXP 	right: autoDraw = True
74.6624 	EXP 	up: autoDraw = True
74.6624 	EXP 	down: autoDraw = True
74.6792 	EXP 	center: autoDraw = True
74.6792 	EXP 	left: autoDraw = True
74.6792 	EXP 	right: autoDraw = True
74.6792 	EXP 	up: autoDraw = True
74.6792 	EXP 	down: autoDraw = True
74.6959 	EXP 	center: autoDraw = True
74.6959 	EXP 	left: autoDraw = True
74.6959 	EXP 	right: autoDraw = True
74.6959 	EXP 	up: autoDraw = True
74.6959 	EXP 	down: autoDraw = True
74.7125 	EXP 	center: autoDraw = True
74.7125 	EXP 	left: autoDraw = True
74.7125 	EXP 	right: autoDraw = True
74.7125 	EXP 	up: autoDraw = True
74.7125 	EXP 	down: autoDraw = True
74.7289 	EXP 	center: autoDraw = True
74.7289 	EXP 	left: autoDraw = True
74.7289 	EXP 	right: autoDraw = True
74.7289 	EXP 	up: autoDraw = True
74.7289 	EXP 	down: autoDraw = True
74.7457 	EXP 	center: autoDraw = True
74.7457 	EXP 	left: autoDraw = True
74.7457 	EXP 	right: autoDraw = True
74.7457 	EXP 	up: autoDraw = True
74.7457 	EXP 	down: autoDraw = True
74.7624 	EXP 	center: autoDraw = True
74.7624 	EXP 	left: autoDraw = True
74.7624 	EXP 	right: autoDraw = True
74.7624 	EXP 	up: autoDraw = True
74.7624 	EXP 	down: autoDraw = True
74.7792 	EXP 	center: autoDraw = True
74.7792 	EXP 	left: autoDraw = True
74.7792 	EXP 	right: autoDraw = True
74.7792 	EXP 	up: autoDraw = True
74.7792 	EXP 	down: autoDraw = True
74.7954 	EXP 	center: autoDraw = True
74.7954 	EXP 	left: autoDraw = True
74.7954 	EXP 	right: autoDraw = True
74.7954 	EXP 	up: autoDraw = True
74.7954 	EXP 	down: autoDraw = True
74.8123 	EXP 	center: autoDraw = True
74.8123 	EXP 	left: autoDraw = True
74.8123 	EXP 	right: autoDraw = True
74.8123 	EXP 	up: autoDraw = True
74.8123 	EXP 	down: autoDraw = True
74.8288 	EXP 	center: autoDraw = True
74.8288 	EXP 	left: autoDraw = True
74.8288 	EXP 	right: autoDraw = True
74.8288 	EXP 	up: autoDraw = True
74.8288 	EXP 	down: autoDraw = True
74.8457 	EXP 	center: autoDraw = True
74.8457 	EXP 	left: autoDraw = True
74.8457 	EXP 	right: autoDraw = True
74.8457 	EXP 	up: autoDraw = True
74.8457 	EXP 	down: autoDraw = True
74.8624 	EXP 	center: autoDraw = True
74.8624 	EXP 	left: autoDraw = True
74.8624 	EXP 	right: autoDraw = True
74.8624 	EXP 	up: autoDraw = True
74.8624 	EXP 	down: autoDraw = True
74.8792 	EXP 	center: autoDraw = True
74.8792 	EXP 	left: autoDraw = True
74.8792 	EXP 	right: autoDraw = True
74.8792 	EXP 	up: autoDraw = True
74.8792 	EXP 	down: autoDraw = True
74.8960 	EXP 	center: autoDraw = True
74.8960 	EXP 	left: autoDraw = True
74.8960 	EXP 	right: autoDraw = True
74.8960 	EXP 	up: autoDraw = True
74.8960 	EXP 	down: autoDraw = True
74.9123 	EXP 	center: autoDraw = True
74.9123 	EXP 	left: autoDraw = True
74.9123 	EXP 	right: autoDraw = True
74.9123 	EXP 	up: autoDraw = True
74.9123 	EXP 	down: autoDraw = True
74.9292 	EXP 	center: autoDraw = True
74.9292 	EXP 	left: autoDraw = True
74.9292 	EXP 	right: autoDraw = True
74.9292 	EXP 	up: autoDraw = True
74.9292 	EXP 	down: autoDraw = True
74.9451 	EXP 	center: autoDraw = True
74.9451 	EXP 	left: autoDraw = True
74.9451 	EXP 	right: autoDraw = True
74.9451 	EXP 	up: autoDraw = True
74.9451 	EXP 	down: autoDraw = True
74.9625 	EXP 	center: autoDraw = True
74.9625 	EXP 	left: autoDraw = True
74.9625 	EXP 	right: autoDraw = True
74.9625 	EXP 	up: autoDraw = True
74.9625 	EXP 	down: autoDraw = True
74.9793 	EXP 	center: autoDraw = True
74.9793 	EXP 	left: autoDraw = True
74.9793 	EXP 	right: autoDraw = True
74.9793 	EXP 	up: autoDraw = True
74.9793 	EXP 	down: autoDraw = True
74.9957 	EXP 	center: autoDraw = True
74.9957 	EXP 	left: autoDraw = True
74.9957 	EXP 	right: autoDraw = True
74.9957 	EXP 	up: autoDraw = True
74.9957 	EXP 	down: autoDraw = True
75.0124 	EXP 	center: autoDraw = True
75.0124 	EXP 	left: autoDraw = True
75.0124 	EXP 	right: autoDraw = True
75.0124 	EXP 	up: autoDraw = True
75.0124 	EXP 	down: autoDraw = True
75.0292 	EXP 	center: autoDraw = True
75.0292 	EXP 	left: autoDraw = True
75.0292 	EXP 	right: autoDraw = True
75.0292 	EXP 	up: autoDraw = True
75.0292 	EXP 	down: autoDraw = True
75.0459 	EXP 	center: autoDraw = True
75.0459 	EXP 	left: autoDraw = True
75.0459 	EXP 	right: autoDraw = True
75.0459 	EXP 	up: autoDraw = True
75.0459 	EXP 	down: autoDraw = True
75.0623 	EXP 	center: autoDraw = True
75.0623 	EXP 	left: autoDraw = True
75.0623 	EXP 	right: autoDraw = True
75.0623 	EXP 	up: autoDraw = True
75.0623 	EXP 	down: autoDraw = True
75.0791 	EXP 	center: autoDraw = True
75.0791 	EXP 	left: autoDraw = True
75.0791 	EXP 	right: autoDraw = True
75.0791 	EXP 	up: autoDraw = True
75.0791 	EXP 	down: autoDraw = True
75.0958 	EXP 	center: autoDraw = True
75.0958 	EXP 	left: autoDraw = True
75.0958 	EXP 	right: autoDraw = True
75.0958 	EXP 	up: autoDraw = True
75.0958 	EXP 	down: autoDraw = True
75.1125 	EXP 	center: autoDraw = True
75.1125 	EXP 	left: autoDraw = True
75.1125 	EXP 	right: autoDraw = True
75.1125 	EXP 	up: autoDraw = True
75.1125 	EXP 	down: autoDraw = True
75.1292 	EXP 	center: autoDraw = True
75.1292 	EXP 	left: autoDraw = True
75.1292 	EXP 	right: autoDraw = True
75.1292 	EXP 	up: autoDraw = True
75.1292 	EXP 	down: autoDraw = True
75.1452 	EXP 	center: autoDraw = True
75.1452 	EXP 	left: autoDraw = True
75.1452 	EXP 	right: autoDraw = True
75.1452 	EXP 	up: autoDraw = True
75.1452 	EXP 	down: autoDraw = True
75.1623 	EXP 	center: autoDraw = True
75.1623 	EXP 	left: autoDraw = True
75.1623 	EXP 	right: autoDraw = True
75.1623 	EXP 	up: autoDraw = True
75.1623 	EXP 	down: autoDraw = True
75.1793 	EXP 	center: autoDraw = True
75.1793 	EXP 	left: autoDraw = True
75.1793 	EXP 	right: autoDraw = True
75.1793 	EXP 	up: autoDraw = True
75.1793 	EXP 	down: autoDraw = True
75.1956 	EXP 	center: autoDraw = True
75.1956 	EXP 	left: autoDraw = True
75.1956 	EXP 	right: autoDraw = True
75.1956 	EXP 	up: autoDraw = True
75.1956 	EXP 	down: autoDraw = True
75.2119 	EXP 	center: autoDraw = True
75.2119 	EXP 	left: autoDraw = True
75.2119 	EXP 	right: autoDraw = True
75.2119 	EXP 	up: autoDraw = True
75.2119 	EXP 	down: autoDraw = True
75.2289 	EXP 	center: autoDraw = True
75.2289 	EXP 	left: autoDraw = True
75.2289 	EXP 	right: autoDraw = True
75.2289 	EXP 	up: autoDraw = True
75.2289 	EXP 	down: autoDraw = True
75.2458 	EXP 	center: autoDraw = True
75.2458 	EXP 	left: autoDraw = True
75.2458 	EXP 	right: autoDraw = True
75.2458 	EXP 	up: autoDraw = True
75.2458 	EXP 	down: autoDraw = True
75.2626 	EXP 	center: autoDraw = True
75.2626 	EXP 	left: autoDraw = True
75.2626 	EXP 	right: autoDraw = True
75.2626 	EXP 	up: autoDraw = True
75.2626 	EXP 	down: autoDraw = True
75.2791 	EXP 	center: autoDraw = True
75.2791 	EXP 	left: autoDraw = True
75.2791 	EXP 	right: autoDraw = True
75.2791 	EXP 	up: autoDraw = True
75.2791 	EXP 	down: autoDraw = True
75.2959 	EXP 	center: autoDraw = True
75.2959 	EXP 	left: autoDraw = True
75.2959 	EXP 	right: autoDraw = True
75.2959 	EXP 	up: autoDraw = True
75.2959 	EXP 	down: autoDraw = True
75.3123 	EXP 	center: autoDraw = True
75.3123 	EXP 	left: autoDraw = True
75.3123 	EXP 	right: autoDraw = True
75.3123 	EXP 	up: autoDraw = True
75.3123 	EXP 	down: autoDraw = True
75.3293 	EXP 	center: autoDraw = True
75.3293 	EXP 	left: autoDraw = True
75.3293 	EXP 	right: autoDraw = True
75.3293 	EXP 	up: autoDraw = True
75.3293 	EXP 	down: autoDraw = True
75.3456 	EXP 	center: autoDraw = True
75.3456 	EXP 	left: autoDraw = True
75.3456 	EXP 	right: autoDraw = True
75.3456 	EXP 	up: autoDraw = True
75.3456 	EXP 	down: autoDraw = True
75.3624 	EXP 	center: autoDraw = True
75.3624 	EXP 	left: autoDraw = True
75.3624 	EXP 	right: autoDraw = True
75.3624 	EXP 	up: autoDraw = True
75.3624 	EXP 	down: autoDraw = True
75.3793 	EXP 	center: autoDraw = True
75.3793 	EXP 	left: autoDraw = True
75.3793 	EXP 	right: autoDraw = True
75.3793 	EXP 	up: autoDraw = True
75.3793 	EXP 	down: autoDraw = True
75.3957 	EXP 	center: autoDraw = True
75.3957 	EXP 	left: autoDraw = True
75.3957 	EXP 	right: autoDraw = True
75.3957 	EXP 	up: autoDraw = True
75.3957 	EXP 	down: autoDraw = True
75.4126 	EXP 	center: autoDraw = True
75.4126 	EXP 	left: autoDraw = True
75.4126 	EXP 	right: autoDraw = True
75.4126 	EXP 	up: autoDraw = True
75.4126 	EXP 	down: autoDraw = True
75.4290 	EXP 	center: autoDraw = True
75.4290 	EXP 	left: autoDraw = True
75.4290 	EXP 	right: autoDraw = True
75.4290 	EXP 	up: autoDraw = True
75.4290 	EXP 	down: autoDraw = True
75.4459 	EXP 	center: autoDraw = True
75.4459 	EXP 	left: autoDraw = True
75.4459 	EXP 	right: autoDraw = True
75.4459 	EXP 	up: autoDraw = True
75.4459 	EXP 	down: autoDraw = True
75.4623 	EXP 	center: autoDraw = True
75.4623 	EXP 	left: autoDraw = True
75.4623 	EXP 	right: autoDraw = True
75.4623 	EXP 	up: autoDraw = True
75.4623 	EXP 	down: autoDraw = True
75.4789 	EXP 	center: autoDraw = True
75.4789 	EXP 	left: autoDraw = True
75.4789 	EXP 	right: autoDraw = True
75.4789 	EXP 	up: autoDraw = True
75.4789 	EXP 	down: autoDraw = True
75.4956 	EXP 	center: autoDraw = True
75.4956 	EXP 	left: autoDraw = True
75.4956 	EXP 	right: autoDraw = True
75.4956 	EXP 	up: autoDraw = True
75.4956 	EXP 	down: autoDraw = True
75.5124 	EXP 	center: autoDraw = True
75.5124 	EXP 	left: autoDraw = True
75.5124 	EXP 	right: autoDraw = True
75.5124 	EXP 	up: autoDraw = True
75.5124 	EXP 	down: autoDraw = True
75.5292 	EXP 	center: autoDraw = True
75.5292 	EXP 	left: autoDraw = True
75.5292 	EXP 	right: autoDraw = True
75.5292 	EXP 	up: autoDraw = True
75.5292 	EXP 	down: autoDraw = True
75.5294 	EXP 	Sound  started
75.5333 	DATA 	s_up
75.5457 	EXP 	center: autoDraw = True
75.5457 	EXP 	left: autoDraw = True
75.5457 	EXP 	right: autoDraw = True
75.5457 	EXP 	up: autoDraw = True
75.5457 	EXP 	down: autoDraw = True
75.5617 	EXP 	center: autoDraw = True
75.5617 	EXP 	left: autoDraw = True
75.5617 	EXP 	right: autoDraw = True
75.5617 	EXP 	up: autoDraw = True
75.5617 	EXP 	down: autoDraw = True
75.5790 	EXP 	center: autoDraw = True
75.5790 	EXP 	left: autoDraw = True
75.5790 	EXP 	right: autoDraw = True
75.5790 	EXP 	up: autoDraw = True
75.5790 	EXP 	down: autoDraw = True
75.5950 	EXP 	center: autoDraw = True
75.5950 	EXP 	left: autoDraw = True
75.5950 	EXP 	right: autoDraw = True
75.5950 	EXP 	up: autoDraw = True
75.5950 	EXP 	down: autoDraw = True
75.6123 	EXP 	center: autoDraw = True
75.6123 	EXP 	left: autoDraw = True
75.6123 	EXP 	right: autoDraw = True
75.6123 	EXP 	up: autoDraw = True
75.6123 	EXP 	down: autoDraw = True
75.6291 	EXP 	center: autoDraw = True
75.6291 	EXP 	left: autoDraw = True
75.6291 	EXP 	right: autoDraw = True
75.6291 	EXP 	up: autoDraw = True
75.6291 	EXP 	down: autoDraw = True
75.6458 	EXP 	center: autoDraw = True
75.6458 	EXP 	left: autoDraw = True
75.6458 	EXP 	right: autoDraw = True
75.6458 	EXP 	up: autoDraw = True
75.6458 	EXP 	down: autoDraw = True
75.6626 	EXP 	center: autoDraw = True
75.6626 	EXP 	left: autoDraw = True
75.6626 	EXP 	right: autoDraw = True
75.6626 	EXP 	up: autoDraw = True
75.6626 	EXP 	down: autoDraw = True
75.6790 	EXP 	center: autoDraw = True
75.6790 	EXP 	left: autoDraw = True
75.6790 	EXP 	right: autoDraw = True
75.6790 	EXP 	up: autoDraw = True
75.6790 	EXP 	down: autoDraw = True
75.6957 	EXP 	center: autoDraw = True
75.6957 	EXP 	left: autoDraw = True
75.6957 	EXP 	right: autoDraw = True
75.6957 	EXP 	up: autoDraw = True
75.6957 	EXP 	down: autoDraw = True
75.7125 	EXP 	center: autoDraw = True
75.7125 	EXP 	left: autoDraw = True
75.7125 	EXP 	right: autoDraw = True
75.7125 	EXP 	up: autoDraw = True
75.7125 	EXP 	down: autoDraw = True
75.7293 	EXP 	center: autoDraw = True
75.7293 	EXP 	left: autoDraw = True
75.7293 	EXP 	right: autoDraw = True
75.7293 	EXP 	up: autoDraw = True
75.7293 	EXP 	down: autoDraw = True
75.7457 	EXP 	center: autoDraw = True
75.7457 	EXP 	left: autoDraw = True
75.7457 	EXP 	right: autoDraw = True
75.7457 	EXP 	up: autoDraw = True
75.7457 	EXP 	down: autoDraw = True
75.7625 	EXP 	center: autoDraw = True
75.7625 	EXP 	left: autoDraw = True
75.7625 	EXP 	right: autoDraw = True
75.7625 	EXP 	up: autoDraw = True
75.7625 	EXP 	down: autoDraw = True
75.7794 	EXP 	center: autoDraw = True
75.7794 	EXP 	left: autoDraw = True
75.7794 	EXP 	right: autoDraw = True
75.7794 	EXP 	up: autoDraw = True
75.7794 	EXP 	down: autoDraw = True
75.7956 	EXP 	center: autoDraw = True
75.7956 	EXP 	left: autoDraw = True
75.7956 	EXP 	right: autoDraw = True
75.7956 	EXP 	up: autoDraw = True
75.7956 	EXP 	down: autoDraw = True
75.8123 	EXP 	center: autoDraw = True
75.8123 	EXP 	left: autoDraw = True
75.8123 	EXP 	right: autoDraw = True
75.8123 	EXP 	up: autoDraw = True
75.8123 	EXP 	down: autoDraw = True
75.8292 	EXP 	center: autoDraw = True
75.8292 	EXP 	left: autoDraw = True
75.8292 	EXP 	right: autoDraw = True
75.8292 	EXP 	up: autoDraw = True
75.8292 	EXP 	down: autoDraw = True
75.8456 	EXP 	center: autoDraw = True
75.8456 	EXP 	left: autoDraw = True
75.8456 	EXP 	right: autoDraw = True
75.8456 	EXP 	up: autoDraw = True
75.8456 	EXP 	down: autoDraw = True
75.8621 	EXP 	center: autoDraw = True
75.8621 	EXP 	left: autoDraw = True
75.8621 	EXP 	right: autoDraw = True
75.8621 	EXP 	up: autoDraw = True
75.8621 	EXP 	down: autoDraw = True
75.8622 	DATA 	wsqS
75.8791 	EXP 	center: autoDraw = True
75.8791 	EXP 	left: autoDraw = True
75.8791 	EXP 	right: autoDraw = True
75.8791 	EXP 	up: autoDraw = True
75.8791 	EXP 	down: autoDraw = True
75.8791 	EXP 	whitesquare: autoDraw = True
75.8959 	EXP 	center: autoDraw = True
75.8959 	EXP 	left: autoDraw = True
75.8959 	EXP 	right: autoDraw = True
75.8959 	EXP 	up: autoDraw = True
75.8959 	EXP 	down: autoDraw = True
75.8959 	EXP 	whitesquare: autoDraw = False
75.9122 	EXP 	center: autoDraw = True
75.9122 	EXP 	left: autoDraw = True
75.9122 	EXP 	right: autoDraw = True
75.9122 	EXP 	up: autoDraw = True
75.9122 	EXP 	down: autoDraw = True
75.9290 	EXP 	center: autoDraw = True
75.9290 	EXP 	left: autoDraw = True
75.9290 	EXP 	right: autoDraw = True
75.9290 	EXP 	up: autoDraw = True
75.9290 	EXP 	down: autoDraw = True
75.9456 	EXP 	center: autoDraw = True
75.9456 	EXP 	left: autoDraw = True
75.9456 	EXP 	right: autoDraw = True
75.9456 	EXP 	up: autoDraw = True
75.9456 	EXP 	down: autoDraw = True
75.9623 	EXP 	center: autoDraw = True
75.9623 	EXP 	left: autoDraw = True
75.9623 	EXP 	right: autoDraw = True
75.9623 	EXP 	up: autoDraw = True
75.9623 	EXP 	down: autoDraw = True
75.9783 	EXP 	center: autoDraw = True
75.9783 	EXP 	left: autoDraw = True
75.9783 	EXP 	right: autoDraw = True
75.9783 	EXP 	up: autoDraw = True
75.9783 	EXP 	down: autoDraw = True
75.9956 	EXP 	center: autoDraw = True
75.9956 	EXP 	left: autoDraw = True
75.9956 	EXP 	right: autoDraw = True
75.9956 	EXP 	up: autoDraw = True
75.9956 	EXP 	down: autoDraw = True
76.0124 	EXP 	center: autoDraw = True
76.0124 	EXP 	left: autoDraw = True
76.0124 	EXP 	right: autoDraw = True
76.0124 	EXP 	up: autoDraw = True
76.0124 	EXP 	down: autoDraw = True
76.0291 	EXP 	center: autoDraw = True
76.0291 	EXP 	left: autoDraw = True
76.0291 	EXP 	right: autoDraw = True
76.0291 	EXP 	up: autoDraw = True
76.0291 	EXP 	down: autoDraw = True
76.0460 	EXP 	center: autoDraw = True
76.0460 	EXP 	left: autoDraw = True
76.0460 	EXP 	right: autoDraw = True
76.0460 	EXP 	up: autoDraw = True
76.0460 	EXP 	down: autoDraw = True
76.0622 	EXP 	center: autoDraw = True
76.0622 	EXP 	left: autoDraw = True
76.0622 	EXP 	right: autoDraw = True
76.0622 	EXP 	up: autoDraw = True
76.0622 	EXP 	down: autoDraw = True
76.0790 	EXP 	center: autoDraw = True
76.0790 	EXP 	left: autoDraw = True
76.0790 	EXP 	right: autoDraw = True
76.0790 	EXP 	up: autoDraw = True
76.0790 	EXP 	down: autoDraw = True
76.0955 	EXP 	center: autoDraw = True
76.0955 	EXP 	left: autoDraw = True
76.0955 	EXP 	right: autoDraw = True
76.0955 	EXP 	up: autoDraw = True
76.0955 	EXP 	down: autoDraw = True
76.1124 	EXP 	center: autoDraw = True
76.1124 	EXP 	left: autoDraw = True
76.1124 	EXP 	right: autoDraw = True
76.1124 	EXP 	up: autoDraw = True
76.1124 	EXP 	down: autoDraw = True
76.1290 	EXP 	center: autoDraw = True
76.1290 	EXP 	left: autoDraw = True
76.1290 	EXP 	right: autoDraw = True
76.1290 	EXP 	up: autoDraw = True
76.1290 	EXP 	down: autoDraw = True
76.1459 	EXP 	center: autoDraw = True
76.1459 	EXP 	left: autoDraw = True
76.1459 	EXP 	right: autoDraw = True
76.1459 	EXP 	up: autoDraw = True
76.1459 	EXP 	down: autoDraw = True
76.1623 	EXP 	center: autoDraw = True
76.1623 	EXP 	left: autoDraw = True
76.1623 	EXP 	right: autoDraw = True
76.1623 	EXP 	up: autoDraw = True
76.1623 	EXP 	down: autoDraw = True
76.1791 	EXP 	center: autoDraw = True
76.1791 	EXP 	left: autoDraw = True
76.1791 	EXP 	right: autoDraw = True
76.1791 	EXP 	up: autoDraw = True
76.1791 	EXP 	down: autoDraw = True
76.1958 	EXP 	center: autoDraw = True
76.1958 	EXP 	left: autoDraw = True
76.1958 	EXP 	right: autoDraw = True
76.1958 	EXP 	up: autoDraw = True
76.1958 	EXP 	down: autoDraw = True
76.2124 	EXP 	center: autoDraw = True
76.2124 	EXP 	left: autoDraw = True
76.2124 	EXP 	right: autoDraw = True
76.2124 	EXP 	up: autoDraw = True
76.2124 	EXP 	down: autoDraw = True
76.2292 	EXP 	center: autoDraw = True
76.2292 	EXP 	left: autoDraw = True
76.2292 	EXP 	right: autoDraw = True
76.2292 	EXP 	up: autoDraw = True
76.2292 	EXP 	down: autoDraw = True
76.2457 	EXP 	center: autoDraw = True
76.2457 	EXP 	left: autoDraw = True
76.2457 	EXP 	right: autoDraw = True
76.2457 	EXP 	up: autoDraw = True
76.2457 	EXP 	down: autoDraw = True
76.2625 	EXP 	center: autoDraw = True
76.2625 	EXP 	left: autoDraw = True
76.2625 	EXP 	right: autoDraw = True
76.2625 	EXP 	up: autoDraw = True
76.2625 	EXP 	down: autoDraw = True
76.2789 	EXP 	center: autoDraw = True
76.2789 	EXP 	left: autoDraw = True
76.2789 	EXP 	right: autoDraw = True
76.2789 	EXP 	up: autoDraw = True
76.2789 	EXP 	down: autoDraw = True
76.2957 	EXP 	center: autoDraw = True
76.2957 	EXP 	left: autoDraw = True
76.2957 	EXP 	right: autoDraw = True
76.2957 	EXP 	up: autoDraw = True
76.2957 	EXP 	down: autoDraw = True
76.3124 	EXP 	center: autoDraw = True
76.3124 	EXP 	left: autoDraw = True
76.3124 	EXP 	right: autoDraw = True
76.3124 	EXP 	up: autoDraw = True
76.3124 	EXP 	down: autoDraw = True
76.3289 	EXP 	center: autoDraw = True
76.3289 	EXP 	left: autoDraw = True
76.3289 	EXP 	right: autoDraw = True
76.3289 	EXP 	up: autoDraw = True
76.3289 	EXP 	down: autoDraw = True
76.3458 	EXP 	center: autoDraw = True
76.3458 	EXP 	left: autoDraw = True
76.3458 	EXP 	right: autoDraw = True
76.3458 	EXP 	up: autoDraw = True
76.3458 	EXP 	down: autoDraw = True
76.3626 	EXP 	center: autoDraw = True
76.3626 	EXP 	left: autoDraw = True
76.3626 	EXP 	right: autoDraw = True
76.3626 	EXP 	up: autoDraw = True
76.3626 	EXP 	down: autoDraw = True
76.3790 	EXP 	center: autoDraw = True
76.3790 	EXP 	left: autoDraw = True
76.3790 	EXP 	right: autoDraw = True
76.3790 	EXP 	up: autoDraw = True
76.3790 	EXP 	down: autoDraw = True
76.3958 	EXP 	center: autoDraw = True
76.3958 	EXP 	left: autoDraw = True
76.3958 	EXP 	right: autoDraw = True
76.3958 	EXP 	up: autoDraw = True
76.3958 	EXP 	down: autoDraw = True
76.4122 	EXP 	center: autoDraw = True
76.4122 	EXP 	left: autoDraw = True
76.4122 	EXP 	right: autoDraw = True
76.4122 	EXP 	up: autoDraw = True
76.4122 	EXP 	down: autoDraw = True
76.4290 	EXP 	center: autoDraw = True
76.4290 	EXP 	left: autoDraw = True
76.4290 	EXP 	right: autoDraw = True
76.4290 	EXP 	up: autoDraw = True
76.4290 	EXP 	down: autoDraw = True
76.4459 	EXP 	center: autoDraw = True
76.4459 	EXP 	left: autoDraw = True
76.4459 	EXP 	right: autoDraw = True
76.4459 	EXP 	up: autoDraw = True
76.4459 	EXP 	down: autoDraw = True
76.4622 	EXP 	center: autoDraw = True
76.4622 	EXP 	left: autoDraw = True
76.4622 	EXP 	right: autoDraw = True
76.4622 	EXP 	up: autoDraw = True
76.4622 	EXP 	down: autoDraw = True
76.4790 	EXP 	center: autoDraw = True
76.4790 	EXP 	left: autoDraw = True
76.4790 	EXP 	right: autoDraw = True
76.4790 	EXP 	up: autoDraw = True
76.4790 	EXP 	down: autoDraw = True
76.4958 	EXP 	center: autoDraw = True
76.4958 	EXP 	left: autoDraw = True
76.4958 	EXP 	right: autoDraw = True
76.4958 	EXP 	up: autoDraw = True
76.4958 	EXP 	down: autoDraw = True
76.5122 	EXP 	center: autoDraw = True
76.5122 	EXP 	left: autoDraw = True
76.5122 	EXP 	right: autoDraw = True
76.5122 	EXP 	up: autoDraw = True
76.5122 	EXP 	down: autoDraw = True
76.5290 	EXP 	center: autoDraw = True
76.5290 	EXP 	left: autoDraw = True
76.5290 	EXP 	right: autoDraw = True
76.5290 	EXP 	up: autoDraw = True
76.5290 	EXP 	down: autoDraw = True
76.5457 	EXP 	center: autoDraw = True
76.5457 	EXP 	left: autoDraw = True
76.5457 	EXP 	right: autoDraw = True
76.5457 	EXP 	up: autoDraw = True
76.5457 	EXP 	down: autoDraw = True
76.5625 	EXP 	center: autoDraw = True
76.5625 	EXP 	left: autoDraw = True
76.5625 	EXP 	right: autoDraw = True
76.5625 	EXP 	up: autoDraw = True
76.5625 	EXP 	down: autoDraw = True
76.5789 	EXP 	center: autoDraw = True
76.5789 	EXP 	left: autoDraw = True
76.5789 	EXP 	right: autoDraw = True
76.5789 	EXP 	up: autoDraw = True
76.5789 	EXP 	down: autoDraw = True
76.5958 	EXP 	center: autoDraw = True
76.5958 	EXP 	left: autoDraw = True
76.5958 	EXP 	right: autoDraw = True
76.5958 	EXP 	up: autoDraw = True
76.5958 	EXP 	down: autoDraw = True
76.6125 	EXP 	center: autoDraw = True
76.6125 	EXP 	left: autoDraw = True
76.6125 	EXP 	right: autoDraw = True
76.6125 	EXP 	up: autoDraw = True
76.6125 	EXP 	down: autoDraw = True
76.6290 	EXP 	center: autoDraw = True
76.6290 	EXP 	left: autoDraw = True
76.6290 	EXP 	right: autoDraw = True
76.6290 	EXP 	up: autoDraw = True
76.6290 	EXP 	down: autoDraw = True
76.6459 	EXP 	center: autoDraw = True
76.6459 	EXP 	left: autoDraw = True
76.6459 	EXP 	right: autoDraw = True
76.6459 	EXP 	up: autoDraw = True
76.6459 	EXP 	down: autoDraw = True
76.6623 	EXP 	center: autoDraw = True
76.6623 	EXP 	left: autoDraw = True
76.6623 	EXP 	right: autoDraw = True
76.6623 	EXP 	up: autoDraw = True
76.6623 	EXP 	down: autoDraw = True
76.6791 	EXP 	center: autoDraw = True
76.6791 	EXP 	left: autoDraw = True
76.6791 	EXP 	right: autoDraw = True
76.6791 	EXP 	up: autoDraw = True
76.6791 	EXP 	down: autoDraw = True
76.6955 	EXP 	center: autoDraw = True
76.6955 	EXP 	left: autoDraw = True
76.6955 	EXP 	right: autoDraw = True
76.6955 	EXP 	up: autoDraw = True
76.6955 	EXP 	down: autoDraw = True
76.7125 	EXP 	center: autoDraw = True
76.7125 	EXP 	left: autoDraw = True
76.7125 	EXP 	right: autoDraw = True
76.7125 	EXP 	up: autoDraw = True
76.7125 	EXP 	down: autoDraw = True
76.7288 	EXP 	center: autoDraw = True
76.7288 	EXP 	left: autoDraw = True
76.7288 	EXP 	right: autoDraw = True
76.7288 	EXP 	up: autoDraw = True
76.7288 	EXP 	down: autoDraw = True
76.7458 	EXP 	center: autoDraw = True
76.7458 	EXP 	left: autoDraw = True
76.7458 	EXP 	right: autoDraw = True
76.7458 	EXP 	up: autoDraw = True
76.7458 	EXP 	down: autoDraw = True
76.7626 	EXP 	center: autoDraw = True
76.7626 	EXP 	left: autoDraw = True
76.7626 	EXP 	right: autoDraw = True
76.7626 	EXP 	up: autoDraw = True
76.7626 	EXP 	down: autoDraw = True
76.7789 	EXP 	center: autoDraw = True
76.7789 	EXP 	left: autoDraw = True
76.7789 	EXP 	right: autoDraw = True
76.7789 	EXP 	up: autoDraw = True
76.7789 	EXP 	down: autoDraw = True
76.7957 	EXP 	center: autoDraw = True
76.7957 	EXP 	left: autoDraw = True
76.7957 	EXP 	right: autoDraw = True
76.7957 	EXP 	up: autoDraw = True
76.7957 	EXP 	down: autoDraw = True
76.8124 	EXP 	center: autoDraw = True
76.8124 	EXP 	left: autoDraw = True
76.8124 	EXP 	right: autoDraw = True
76.8124 	EXP 	up: autoDraw = True
76.8124 	EXP 	down: autoDraw = True
76.8289 	EXP 	center: autoDraw = True
76.8289 	EXP 	left: autoDraw = True
76.8289 	EXP 	right: autoDraw = True
76.8289 	EXP 	up: autoDraw = True
76.8289 	EXP 	down: autoDraw = True
76.8456 	EXP 	center: autoDraw = True
76.8456 	EXP 	left: autoDraw = True
76.8456 	EXP 	right: autoDraw = True
76.8456 	EXP 	up: autoDraw = True
76.8456 	EXP 	down: autoDraw = True
76.8624 	EXP 	center: autoDraw = True
76.8624 	EXP 	left: autoDraw = True
76.8624 	EXP 	right: autoDraw = True
76.8624 	EXP 	up: autoDraw = True
76.8624 	EXP 	down: autoDraw = True
76.8788 	EXP 	center: autoDraw = True
76.8788 	EXP 	left: autoDraw = True
76.8788 	EXP 	right: autoDraw = True
76.8788 	EXP 	up: autoDraw = True
76.8788 	EXP 	down: autoDraw = True
76.8953 	EXP 	center: autoDraw = True
76.8953 	EXP 	left: autoDraw = True
76.8953 	EXP 	right: autoDraw = True
76.8953 	EXP 	up: autoDraw = True
76.8953 	EXP 	down: autoDraw = True
76.9122 	EXP 	center: autoDraw = True
76.9122 	EXP 	left: autoDraw = True
76.9122 	EXP 	right: autoDraw = True
76.9122 	EXP 	up: autoDraw = True
76.9122 	EXP 	down: autoDraw = True
76.9290 	EXP 	center: autoDraw = True
76.9290 	EXP 	left: autoDraw = True
76.9290 	EXP 	right: autoDraw = True
76.9290 	EXP 	up: autoDraw = True
76.9290 	EXP 	down: autoDraw = True
76.9458 	EXP 	center: autoDraw = True
76.9458 	EXP 	left: autoDraw = True
76.9458 	EXP 	right: autoDraw = True
76.9458 	EXP 	up: autoDraw = True
76.9458 	EXP 	down: autoDraw = True
76.9622 	EXP 	center: autoDraw = True
76.9622 	EXP 	left: autoDraw = True
76.9622 	EXP 	right: autoDraw = True
76.9622 	EXP 	up: autoDraw = True
76.9622 	EXP 	down: autoDraw = True
76.9792 	EXP 	center: autoDraw = True
76.9792 	EXP 	left: autoDraw = True
76.9792 	EXP 	right: autoDraw = True
76.9792 	EXP 	up: autoDraw = True
76.9792 	EXP 	down: autoDraw = True
76.9954 	EXP 	center: autoDraw = True
76.9954 	EXP 	left: autoDraw = True
76.9954 	EXP 	right: autoDraw = True
76.9954 	EXP 	up: autoDraw = True
76.9954 	EXP 	down: autoDraw = True
77.0115 	EXP 	center: autoDraw = True
77.0115 	EXP 	left: autoDraw = True
77.0115 	EXP 	right: autoDraw = True
77.0115 	EXP 	up: autoDraw = True
77.0115 	EXP 	down: autoDraw = True
77.0288 	EXP 	center: autoDraw = True
77.0288 	EXP 	left: autoDraw = True
77.0288 	EXP 	right: autoDraw = True
77.0288 	EXP 	up: autoDraw = True
77.0288 	EXP 	down: autoDraw = True
77.0457 	EXP 	center: autoDraw = True
77.0457 	EXP 	left: autoDraw = True
77.0457 	EXP 	right: autoDraw = True
77.0457 	EXP 	up: autoDraw = True
77.0457 	EXP 	down: autoDraw = True
77.0621 	EXP 	center: autoDraw = True
77.0621 	EXP 	left: autoDraw = True
77.0621 	EXP 	right: autoDraw = True
77.0621 	EXP 	up: autoDraw = True
77.0621 	EXP 	down: autoDraw = True
77.0790 	EXP 	center: autoDraw = True
77.0790 	EXP 	left: autoDraw = True
77.0790 	EXP 	right: autoDraw = True
77.0790 	EXP 	up: autoDraw = True
77.0790 	EXP 	down: autoDraw = True
77.0957 	EXP 	center: autoDraw = True
77.0957 	EXP 	left: autoDraw = True
77.0957 	EXP 	right: autoDraw = True
77.0957 	EXP 	up: autoDraw = True
77.0957 	EXP 	down: autoDraw = True
77.1124 	EXP 	center: autoDraw = True
77.1124 	EXP 	left: autoDraw = True
77.1124 	EXP 	right: autoDraw = True
77.1124 	EXP 	up: autoDraw = True
77.1124 	EXP 	down: autoDraw = True
77.1290 	EXP 	center: autoDraw = True
77.1290 	EXP 	left: autoDraw = True
77.1290 	EXP 	right: autoDraw = True
77.1290 	EXP 	up: autoDraw = True
77.1290 	EXP 	down: autoDraw = True
77.1458 	EXP 	center: autoDraw = True
77.1458 	EXP 	left: autoDraw = True
77.1458 	EXP 	right: autoDraw = True
77.1458 	EXP 	up: autoDraw = True
77.1458 	EXP 	down: autoDraw = True
77.1622 	EXP 	center: autoDraw = True
77.1622 	EXP 	left: autoDraw = True
77.1622 	EXP 	right: autoDraw = True
77.1622 	EXP 	up: autoDraw = True
77.1622 	EXP 	down: autoDraw = True
77.1790 	EXP 	center: autoDraw = True
77.1790 	EXP 	left: autoDraw = True
77.1790 	EXP 	right: autoDraw = True
77.1790 	EXP 	up: autoDraw = True
77.1790 	EXP 	down: autoDraw = True
77.1957 	EXP 	center: autoDraw = True
77.1957 	EXP 	left: autoDraw = True
77.1957 	EXP 	right: autoDraw = True
77.1957 	EXP 	up: autoDraw = True
77.1957 	EXP 	down: autoDraw = True
77.2121 	EXP 	center: autoDraw = True
77.2121 	EXP 	left: autoDraw = True
77.2121 	EXP 	right: autoDraw = True
77.2121 	EXP 	up: autoDraw = True
77.2121 	EXP 	down: autoDraw = True
77.2288 	EXP 	center: autoDraw = True
77.2288 	EXP 	left: autoDraw = True
77.2288 	EXP 	right: autoDraw = True
77.2288 	EXP 	up: autoDraw = True
77.2288 	EXP 	down: autoDraw = True
77.2458 	EXP 	center: autoDraw = True
77.2458 	EXP 	left: autoDraw = True
77.2458 	EXP 	right: autoDraw = True
77.2458 	EXP 	up: autoDraw = True
77.2458 	EXP 	down: autoDraw = True
77.2622 	EXP 	center: autoDraw = True
77.2622 	EXP 	left: autoDraw = True
77.2622 	EXP 	right: autoDraw = True
77.2622 	EXP 	up: autoDraw = True
77.2622 	EXP 	down: autoDraw = True
77.2786 	EXP 	center: autoDraw = True
77.2786 	EXP 	left: autoDraw = True
77.2786 	EXP 	right: autoDraw = True
77.2786 	EXP 	up: autoDraw = True
77.2786 	EXP 	down: autoDraw = True
77.2954 	EXP 	center: autoDraw = True
77.2954 	EXP 	left: autoDraw = True
77.2954 	EXP 	right: autoDraw = True
77.2954 	EXP 	up: autoDraw = True
77.2954 	EXP 	down: autoDraw = True
77.3123 	EXP 	center: autoDraw = True
77.3123 	EXP 	left: autoDraw = True
77.3123 	EXP 	right: autoDraw = True
77.3123 	EXP 	up: autoDraw = True
77.3123 	EXP 	down: autoDraw = True
77.3292 	EXP 	center: autoDraw = True
77.3292 	EXP 	left: autoDraw = True
77.3292 	EXP 	right: autoDraw = True
77.3292 	EXP 	up: autoDraw = True
77.3292 	EXP 	down: autoDraw = True
77.3454 	EXP 	center: autoDraw = True
77.3454 	EXP 	left: autoDraw = True
77.3454 	EXP 	right: autoDraw = True
77.3454 	EXP 	up: autoDraw = True
77.3454 	EXP 	down: autoDraw = True
77.3623 	EXP 	center: autoDraw = True
77.3623 	EXP 	left: autoDraw = True
77.3623 	EXP 	right: autoDraw = True
77.3623 	EXP 	up: autoDraw = True
77.3623 	EXP 	down: autoDraw = True
77.3790 	EXP 	center: autoDraw = True
77.3790 	EXP 	left: autoDraw = True
77.3790 	EXP 	right: autoDraw = True
77.3790 	EXP 	up: autoDraw = True
77.3790 	EXP 	down: autoDraw = True
77.3957 	EXP 	center: autoDraw = True
77.3957 	EXP 	left: autoDraw = True
77.3957 	EXP 	right: autoDraw = True
77.3957 	EXP 	up: autoDraw = True
77.3957 	EXP 	down: autoDraw = True
77.4121 	EXP 	center: autoDraw = True
77.4121 	EXP 	left: autoDraw = True
77.4121 	EXP 	right: autoDraw = True
77.4121 	EXP 	up: autoDraw = True
77.4121 	EXP 	down: autoDraw = True
77.4289 	EXP 	center: autoDraw = True
77.4289 	EXP 	left: autoDraw = True
77.4289 	EXP 	right: autoDraw = True
77.4289 	EXP 	up: autoDraw = True
77.4289 	EXP 	down: autoDraw = True
77.4457 	EXP 	center: autoDraw = True
77.4457 	EXP 	left: autoDraw = True
77.4457 	EXP 	right: autoDraw = True
77.4457 	EXP 	up: autoDraw = True
77.4457 	EXP 	down: autoDraw = True
77.4626 	EXP 	center: autoDraw = True
77.4626 	EXP 	left: autoDraw = True
77.4626 	EXP 	right: autoDraw = True
77.4626 	EXP 	up: autoDraw = True
77.4626 	EXP 	down: autoDraw = True
77.4789 	EXP 	center: autoDraw = True
77.4789 	EXP 	left: autoDraw = True
77.4789 	EXP 	right: autoDraw = True
77.4789 	EXP 	up: autoDraw = True
77.4789 	EXP 	down: autoDraw = True
77.4956 	EXP 	center: autoDraw = True
77.4956 	EXP 	left: autoDraw = True
77.4956 	EXP 	right: autoDraw = True
77.4956 	EXP 	up: autoDraw = True
77.4956 	EXP 	down: autoDraw = True
77.5123 	EXP 	center: autoDraw = True
77.5123 	EXP 	left: autoDraw = True
77.5123 	EXP 	right: autoDraw = True
77.5123 	EXP 	up: autoDraw = True
77.5123 	EXP 	down: autoDraw = True
77.5291 	EXP 	center: autoDraw = True
77.5291 	EXP 	left: autoDraw = True
77.5291 	EXP 	right: autoDraw = True
77.5291 	EXP 	up: autoDraw = True
77.5291 	EXP 	down: autoDraw = True
77.5456 	EXP 	center: autoDraw = True
77.5456 	EXP 	left: autoDraw = True
77.5456 	EXP 	right: autoDraw = True
77.5456 	EXP 	up: autoDraw = True
77.5456 	EXP 	down: autoDraw = True
77.5625 	EXP 	center: autoDraw = True
77.5625 	EXP 	left: autoDraw = True
77.5625 	EXP 	right: autoDraw = True
77.5625 	EXP 	up: autoDraw = True
77.5625 	EXP 	down: autoDraw = True
77.5788 	EXP 	center: autoDraw = True
77.5788 	EXP 	left: autoDraw = True
77.5788 	EXP 	right: autoDraw = True
77.5788 	EXP 	up: autoDraw = True
77.5788 	EXP 	down: autoDraw = True
77.5956 	EXP 	center: autoDraw = True
77.5956 	EXP 	left: autoDraw = True
77.5956 	EXP 	right: autoDraw = True
77.5956 	EXP 	up: autoDraw = True
77.5956 	EXP 	down: autoDraw = True
77.6124 	EXP 	center: autoDraw = True
77.6124 	EXP 	left: autoDraw = True
77.6124 	EXP 	right: autoDraw = True
77.6124 	EXP 	up: autoDraw = True
77.6124 	EXP 	down: autoDraw = True
77.6288 	EXP 	center: autoDraw = True
77.6288 	EXP 	left: autoDraw = True
77.6288 	EXP 	right: autoDraw = True
77.6288 	EXP 	up: autoDraw = True
77.6288 	EXP 	down: autoDraw = True
77.6456 	EXP 	center: autoDraw = True
77.6456 	EXP 	left: autoDraw = True
77.6456 	EXP 	right: autoDraw = True
77.6456 	EXP 	up: autoDraw = True
77.6456 	EXP 	down: autoDraw = True
77.6616 	EXP 	center: autoDraw = True
77.6616 	EXP 	left: autoDraw = True
77.6616 	EXP 	right: autoDraw = True
77.6616 	EXP 	up: autoDraw = True
77.6616 	EXP 	down: autoDraw = True
77.6788 	EXP 	center: autoDraw = True
77.6788 	EXP 	left: autoDraw = True
77.6788 	EXP 	right: autoDraw = True
77.6788 	EXP 	up: autoDraw = True
77.6788 	EXP 	down: autoDraw = True
77.6957 	EXP 	center: autoDraw = True
77.6957 	EXP 	left: autoDraw = True
77.6957 	EXP 	right: autoDraw = True
77.6957 	EXP 	up: autoDraw = True
77.6957 	EXP 	down: autoDraw = True
77.7121 	EXP 	center: autoDraw = True
77.7121 	EXP 	left: autoDraw = True
77.7121 	EXP 	right: autoDraw = True
77.7121 	EXP 	up: autoDraw = True
77.7121 	EXP 	down: autoDraw = True
77.7287 	EXP 	center: autoDraw = True
77.7287 	EXP 	left: autoDraw = True
77.7287 	EXP 	right: autoDraw = True
77.7287 	EXP 	up: autoDraw = True
77.7287 	EXP 	down: autoDraw = True
77.7457 	EXP 	center: autoDraw = True
77.7457 	EXP 	left: autoDraw = True
77.7457 	EXP 	right: autoDraw = True
77.7457 	EXP 	up: autoDraw = True
77.7457 	EXP 	down: autoDraw = True
77.7621 	EXP 	center: autoDraw = True
77.7621 	EXP 	left: autoDraw = True
77.7621 	EXP 	right: autoDraw = True
77.7621 	EXP 	up: autoDraw = True
77.7621 	EXP 	down: autoDraw = True
77.7788 	EXP 	center: autoDraw = True
77.7788 	EXP 	left: autoDraw = True
77.7788 	EXP 	right: autoDraw = True
77.7788 	EXP 	up: autoDraw = True
77.7788 	EXP 	down: autoDraw = True
77.7957 	EXP 	center: autoDraw = True
77.7957 	EXP 	left: autoDraw = True
77.7957 	EXP 	right: autoDraw = True
77.7957 	EXP 	up: autoDraw = True
77.7957 	EXP 	down: autoDraw = True
77.8123 	EXP 	center: autoDraw = True
77.8123 	EXP 	left: autoDraw = True
77.8123 	EXP 	right: autoDraw = True
77.8123 	EXP 	up: autoDraw = True
77.8123 	EXP 	down: autoDraw = True
77.8291 	EXP 	center: autoDraw = True
77.8291 	EXP 	left: autoDraw = True
77.8291 	EXP 	right: autoDraw = True
77.8291 	EXP 	up: autoDraw = True
77.8291 	EXP 	down: autoDraw = True
77.8454 	EXP 	center: autoDraw = True
77.8454 	EXP 	left: autoDraw = True
77.8454 	EXP 	right: autoDraw = True
77.8454 	EXP 	up: autoDraw = True
77.8454 	EXP 	down: autoDraw = True
77.8623 	EXP 	center: autoDraw = True
77.8623 	EXP 	left: autoDraw = True
77.8623 	EXP 	right: autoDraw = True
77.8623 	EXP 	up: autoDraw = True
77.8623 	EXP 	down: autoDraw = True
77.8790 	EXP 	center: autoDraw = True
77.8790 	EXP 	left: autoDraw = True
77.8790 	EXP 	right: autoDraw = True
77.8790 	EXP 	up: autoDraw = True
77.8790 	EXP 	down: autoDraw = True
77.8951 	EXP 	center: autoDraw = True
77.8951 	EXP 	left: autoDraw = True
77.8951 	EXP 	right: autoDraw = True
77.8951 	EXP 	up: autoDraw = True
77.8951 	EXP 	down: autoDraw = True
77.9121 	EXP 	center: autoDraw = True
77.9121 	EXP 	left: autoDraw = True
77.9121 	EXP 	right: autoDraw = True
77.9121 	EXP 	up: autoDraw = True
77.9121 	EXP 	down: autoDraw = True
77.9285 	EXP 	center: autoDraw = True
77.9285 	EXP 	left: autoDraw = True
77.9285 	EXP 	right: autoDraw = True
77.9285 	EXP 	up: autoDraw = True
77.9285 	EXP 	down: autoDraw = True
77.9455 	EXP 	center: autoDraw = True
77.9455 	EXP 	left: autoDraw = True
77.9455 	EXP 	right: autoDraw = True
77.9455 	EXP 	up: autoDraw = True
77.9455 	EXP 	down: autoDraw = True
77.9623 	EXP 	center: autoDraw = True
77.9623 	EXP 	left: autoDraw = True
77.9623 	EXP 	right: autoDraw = True
77.9623 	EXP 	up: autoDraw = True
77.9623 	EXP 	down: autoDraw = True
77.9790 	EXP 	center: autoDraw = True
77.9790 	EXP 	left: autoDraw = True
77.9790 	EXP 	right: autoDraw = True
77.9790 	EXP 	up: autoDraw = True
77.9790 	EXP 	down: autoDraw = True
77.9954 	EXP 	center: autoDraw = True
77.9954 	EXP 	left: autoDraw = True
77.9954 	EXP 	right: autoDraw = True
77.9954 	EXP 	up: autoDraw = True
77.9954 	EXP 	down: autoDraw = True
78.0124 	EXP 	center: autoDraw = True
78.0124 	EXP 	left: autoDraw = True
78.0124 	EXP 	right: autoDraw = True
78.0124 	EXP 	up: autoDraw = True
78.0124 	EXP 	down: autoDraw = True
78.0287 	EXP 	center: autoDraw = True
78.0287 	EXP 	left: autoDraw = True
78.0287 	EXP 	right: autoDraw = True
78.0287 	EXP 	up: autoDraw = True
78.0287 	EXP 	down: autoDraw = True
78.0289 	EXP 	Sound  started
78.0334 	DATA 	slef
78.0447 	EXP 	center: autoDraw = True
78.0447 	EXP 	left: autoDraw = True
78.0447 	EXP 	right: autoDraw = True
78.0447 	EXP 	up: autoDraw = True
78.0447 	EXP 	down: autoDraw = True
78.0621 	EXP 	center: autoDraw = True
78.0621 	EXP 	left: autoDraw = True
78.0621 	EXP 	right: autoDraw = True
78.0621 	EXP 	up: autoDraw = True
78.0621 	EXP 	down: autoDraw = True
78.0788 	EXP 	center: autoDraw = True
78.0788 	EXP 	left: autoDraw = True
78.0788 	EXP 	right: autoDraw = True
78.0788 	EXP 	up: autoDraw = True
78.0788 	EXP 	down: autoDraw = True
78.0955 	EXP 	center: autoDraw = True
78.0955 	EXP 	left: autoDraw = True
78.0955 	EXP 	right: autoDraw = True
78.0955 	EXP 	up: autoDraw = True
78.0955 	EXP 	down: autoDraw = True
78.1122 	EXP 	center: autoDraw = True
78.1122 	EXP 	left: autoDraw = True
78.1122 	EXP 	right: autoDraw = True
78.1122 	EXP 	up: autoDraw = True
78.1122 	EXP 	down: autoDraw = True
78.1292 	EXP 	center: autoDraw = True
78.1292 	EXP 	left: autoDraw = True
78.1292 	EXP 	right: autoDraw = True
78.1292 	EXP 	up: autoDraw = True
78.1292 	EXP 	down: autoDraw = True
78.1454 	EXP 	center: autoDraw = True
78.1454 	EXP 	left: autoDraw = True
78.1454 	EXP 	right: autoDraw = True
78.1454 	EXP 	up: autoDraw = True
78.1454 	EXP 	down: autoDraw = True
78.1623 	EXP 	center: autoDraw = True
78.1623 	EXP 	left: autoDraw = True
78.1623 	EXP 	right: autoDraw = True
78.1623 	EXP 	up: autoDraw = True
78.1623 	EXP 	down: autoDraw = True
78.1791 	EXP 	center: autoDraw = True
78.1791 	EXP 	left: autoDraw = True
78.1791 	EXP 	right: autoDraw = True
78.1791 	EXP 	up: autoDraw = True
78.1791 	EXP 	down: autoDraw = True
78.1952 	EXP 	center: autoDraw = True
78.1952 	EXP 	left: autoDraw = True
78.1952 	EXP 	right: autoDraw = True
78.1952 	EXP 	up: autoDraw = True
78.1952 	EXP 	down: autoDraw = True
78.2122 	EXP 	center: autoDraw = True
78.2122 	EXP 	left: autoDraw = True
78.2122 	EXP 	right: autoDraw = True
78.2122 	EXP 	up: autoDraw = True
78.2122 	EXP 	down: autoDraw = True
78.2291 	EXP 	center: autoDraw = True
78.2291 	EXP 	left: autoDraw = True
78.2291 	EXP 	right: autoDraw = True
78.2291 	EXP 	up: autoDraw = True
78.2291 	EXP 	down: autoDraw = True
78.2454 	EXP 	center: autoDraw = True
78.2454 	EXP 	left: autoDraw = True
78.2454 	EXP 	right: autoDraw = True
78.2454 	EXP 	up: autoDraw = True
78.2454 	EXP 	down: autoDraw = True
78.2622 	EXP 	center: autoDraw = True
78.2622 	EXP 	left: autoDraw = True
78.2622 	EXP 	right: autoDraw = True
78.2622 	EXP 	up: autoDraw = True
78.2622 	EXP 	down: autoDraw = True
78.2783 	EXP 	center: autoDraw = True
78.2783 	EXP 	left: autoDraw = True
78.2783 	EXP 	right: autoDraw = True
78.2783 	EXP 	up: autoDraw = True
78.2783 	EXP 	down: autoDraw = True
78.2954 	EXP 	center: autoDraw = True
78.2954 	EXP 	left: autoDraw = True
78.2954 	EXP 	right: autoDraw = True
78.2954 	EXP 	up: autoDraw = True
78.2954 	EXP 	down: autoDraw = True
78.3118 	EXP 	center: autoDraw = True
78.3118 	EXP 	left: autoDraw = True
78.3118 	EXP 	right: autoDraw = True
78.3118 	EXP 	up: autoDraw = True
78.3118 	EXP 	down: autoDraw = True
78.3287 	EXP 	center: autoDraw = True
78.3287 	EXP 	left: autoDraw = True
78.3287 	EXP 	right: autoDraw = True
78.3287 	EXP 	up: autoDraw = True
78.3287 	EXP 	down: autoDraw = True
78.3456 	EXP 	center: autoDraw = True
78.3456 	EXP 	left: autoDraw = True
78.3456 	EXP 	right: autoDraw = True
78.3456 	EXP 	up: autoDraw = True
78.3456 	EXP 	down: autoDraw = True
78.3621 	EXP 	center: autoDraw = True
78.3621 	EXP 	left: autoDraw = True
78.3621 	EXP 	right: autoDraw = True
78.3621 	EXP 	up: autoDraw = True
78.3621 	EXP 	down: autoDraw = True
78.3623 	DATA 	wsqS
78.3788 	EXP 	center: autoDraw = True
78.3788 	EXP 	left: autoDraw = True
78.3788 	EXP 	right: autoDraw = True
78.3788 	EXP 	up: autoDraw = True
78.3788 	EXP 	down: autoDraw = True
78.3788 	EXP 	whitesquare: autoDraw = True
78.3954 	EXP 	center: autoDraw = True
78.3954 	EXP 	left: autoDraw = True
78.3954 	EXP 	right: autoDraw = True
78.3954 	EXP 	up: autoDraw = True
78.3954 	EXP 	down: autoDraw = True
78.3954 	EXP 	whitesquare: autoDraw = False
78.4122 	EXP 	center: autoDraw = True
78.4122 	EXP 	left: autoDraw = True
78.4122 	EXP 	right: autoDraw = True
78.4122 	EXP 	up: autoDraw = True
78.4122 	EXP 	down: autoDraw = True
78.4291 	EXP 	center: autoDraw = True
78.4291 	EXP 	left: autoDraw = True
78.4291 	EXP 	right: autoDraw = True
78.4291 	EXP 	up: autoDraw = True
78.4291 	EXP 	down: autoDraw = True
78.4454 	EXP 	center: autoDraw = True
78.4454 	EXP 	left: autoDraw = True
78.4454 	EXP 	right: autoDraw = True
78.4454 	EXP 	up: autoDraw = True
78.4454 	EXP 	down: autoDraw = True
78.4623 	EXP 	center: autoDraw = True
78.4623 	EXP 	left: autoDraw = True
78.4623 	EXP 	right: autoDraw = True
78.4623 	EXP 	up: autoDraw = True
78.4623 	EXP 	down: autoDraw = True
78.4786 	EXP 	center: autoDraw = True
78.4786 	EXP 	left: autoDraw = True
78.4786 	EXP 	right: autoDraw = True
78.4786 	EXP 	up: autoDraw = True
78.4786 	EXP 	down: autoDraw = True
78.4956 	EXP 	center: autoDraw = True
78.4956 	EXP 	left: autoDraw = True
78.4956 	EXP 	right: autoDraw = True
78.4956 	EXP 	up: autoDraw = True
78.4956 	EXP 	down: autoDraw = True
78.5120 	EXP 	center: autoDraw = True
78.5120 	EXP 	left: autoDraw = True
78.5120 	EXP 	right: autoDraw = True
78.5120 	EXP 	up: autoDraw = True
78.5120 	EXP 	down: autoDraw = True
78.5289 	EXP 	center: autoDraw = True
78.5289 	EXP 	left: autoDraw = True
78.5289 	EXP 	right: autoDraw = True
78.5289 	EXP 	up: autoDraw = True
78.5289 	EXP 	down: autoDraw = True
78.5455 	EXP 	center: autoDraw = True
78.5455 	EXP 	left: autoDraw = True
78.5455 	EXP 	right: autoDraw = True
78.5455 	EXP 	up: autoDraw = True
78.5455 	EXP 	down: autoDraw = True
78.5622 	EXP 	center: autoDraw = True
78.5622 	EXP 	left: autoDraw = True
78.5622 	EXP 	right: autoDraw = True
78.5622 	EXP 	up: autoDraw = True
78.5622 	EXP 	down: autoDraw = True
78.5787 	EXP 	center: autoDraw = True
78.5787 	EXP 	left: autoDraw = True
78.5787 	EXP 	right: autoDraw = True
78.5787 	EXP 	up: autoDraw = True
78.5787 	EXP 	down: autoDraw = True
78.5955 	EXP 	center: autoDraw = True
78.5955 	EXP 	left: autoDraw = True
78.5955 	EXP 	right: autoDraw = True
78.5955 	EXP 	up: autoDraw = True
78.5955 	EXP 	down: autoDraw = True
78.6123 	EXP 	center: autoDraw = True
78.6123 	EXP 	left: autoDraw = True
78.6123 	EXP 	right: autoDraw = True
78.6123 	EXP 	up: autoDraw = True
78.6123 	EXP 	down: autoDraw = True
78.6288 	EXP 	center: autoDraw = True
78.6288 	EXP 	left: autoDraw = True
78.6288 	EXP 	right: autoDraw = True
78.6288 	EXP 	up: autoDraw = True
78.6288 	EXP 	down: autoDraw = True
78.6456 	EXP 	center: autoDraw = True
78.6456 	EXP 	left: autoDraw = True
78.6456 	EXP 	right: autoDraw = True
78.6456 	EXP 	up: autoDraw = True
78.6456 	EXP 	down: autoDraw = True
78.6621 	EXP 	center: autoDraw = True
78.6621 	EXP 	left: autoDraw = True
78.6621 	EXP 	right: autoDraw = True
78.6621 	EXP 	up: autoDraw = True
78.6621 	EXP 	down: autoDraw = True
78.6789 	EXP 	center: autoDraw = True
78.6789 	EXP 	left: autoDraw = True
78.6789 	EXP 	right: autoDraw = True
78.6789 	EXP 	up: autoDraw = True
78.6789 	EXP 	down: autoDraw = True
78.6949 	EXP 	center: autoDraw = True
78.6949 	EXP 	left: autoDraw = True
78.6949 	EXP 	right: autoDraw = True
78.6949 	EXP 	up: autoDraw = True
78.6949 	EXP 	down: autoDraw = True
78.7121 	EXP 	center: autoDraw = True
78.7121 	EXP 	left: autoDraw = True
78.7121 	EXP 	right: autoDraw = True
78.7121 	EXP 	up: autoDraw = True
78.7121 	EXP 	down: autoDraw = True
78.7289 	EXP 	center: autoDraw = True
78.7289 	EXP 	left: autoDraw = True
78.7289 	EXP 	right: autoDraw = True
78.7289 	EXP 	up: autoDraw = True
78.7289 	EXP 	down: autoDraw = True
78.7447 	EXP 	center: autoDraw = True
78.7447 	EXP 	left: autoDraw = True
78.7447 	EXP 	right: autoDraw = True
78.7447 	EXP 	up: autoDraw = True
78.7447 	EXP 	down: autoDraw = True
78.7620 	EXP 	center: autoDraw = True
78.7620 	EXP 	left: autoDraw = True
78.7620 	EXP 	right: autoDraw = True
78.7620 	EXP 	up: autoDraw = True
78.7620 	EXP 	down: autoDraw = True
78.7790 	EXP 	center: autoDraw = True
78.7790 	EXP 	left: autoDraw = True
78.7790 	EXP 	right: autoDraw = True
78.7790 	EXP 	up: autoDraw = True
78.7790 	EXP 	down: autoDraw = True
78.7953 	EXP 	center: autoDraw = True
78.7953 	EXP 	left: autoDraw = True
78.7953 	EXP 	right: autoDraw = True
78.7953 	EXP 	up: autoDraw = True
78.7953 	EXP 	down: autoDraw = True
78.8121 	EXP 	center: autoDraw = True
78.8121 	EXP 	left: autoDraw = True
78.8121 	EXP 	right: autoDraw = True
78.8121 	EXP 	up: autoDraw = True
78.8121 	EXP 	down: autoDraw = True
78.8289 	EXP 	center: autoDraw = True
78.8289 	EXP 	left: autoDraw = True
78.8289 	EXP 	right: autoDraw = True
78.8289 	EXP 	up: autoDraw = True
78.8289 	EXP 	down: autoDraw = True
78.8454 	EXP 	center: autoDraw = True
78.8454 	EXP 	left: autoDraw = True
78.8454 	EXP 	right: autoDraw = True
78.8454 	EXP 	up: autoDraw = True
78.8454 	EXP 	down: autoDraw = True
78.8622 	EXP 	center: autoDraw = True
78.8622 	EXP 	left: autoDraw = True
78.8622 	EXP 	right: autoDraw = True
78.8622 	EXP 	up: autoDraw = True
78.8622 	EXP 	down: autoDraw = True
78.8791 	EXP 	center: autoDraw = True
78.8791 	EXP 	left: autoDraw = True
78.8791 	EXP 	right: autoDraw = True
78.8791 	EXP 	up: autoDraw = True
78.8791 	EXP 	down: autoDraw = True
78.8953 	EXP 	center: autoDraw = True
78.8953 	EXP 	left: autoDraw = True
78.8953 	EXP 	right: autoDraw = True
78.8953 	EXP 	up: autoDraw = True
78.8953 	EXP 	down: autoDraw = True
78.9121 	EXP 	center: autoDraw = True
78.9121 	EXP 	left: autoDraw = True
78.9121 	EXP 	right: autoDraw = True
78.9121 	EXP 	up: autoDraw = True
78.9121 	EXP 	down: autoDraw = True
78.9290 	EXP 	center: autoDraw = True
78.9290 	EXP 	left: autoDraw = True
78.9290 	EXP 	right: autoDraw = True
78.9290 	EXP 	up: autoDraw = True
78.9290 	EXP 	down: autoDraw = True
78.9454 	EXP 	center: autoDraw = True
78.9454 	EXP 	left: autoDraw = True
78.9454 	EXP 	right: autoDraw = True
78.9454 	EXP 	up: autoDraw = True
78.9454 	EXP 	down: autoDraw = True
78.9619 	EXP 	center: autoDraw = True
78.9619 	EXP 	left: autoDraw = True
78.9619 	EXP 	right: autoDraw = True
78.9619 	EXP 	up: autoDraw = True
78.9619 	EXP 	down: autoDraw = True
78.9789 	EXP 	center: autoDraw = True
78.9789 	EXP 	left: autoDraw = True
78.9789 	EXP 	right: autoDraw = True
78.9789 	EXP 	up: autoDraw = True
78.9789 	EXP 	down: autoDraw = True
78.9956 	EXP 	center: autoDraw = True
78.9956 	EXP 	left: autoDraw = True
78.9956 	EXP 	right: autoDraw = True
78.9956 	EXP 	up: autoDraw = True
78.9956 	EXP 	down: autoDraw = True
79.0124 	EXP 	center: autoDraw = True
79.0124 	EXP 	left: autoDraw = True
79.0124 	EXP 	right: autoDraw = True
79.0124 	EXP 	up: autoDraw = True
79.0124 	EXP 	down: autoDraw = True
79.0287 	EXP 	center: autoDraw = True
79.0287 	EXP 	left: autoDraw = True
79.0287 	EXP 	right: autoDraw = True
79.0287 	EXP 	up: autoDraw = True
79.0287 	EXP 	down: autoDraw = True
79.0456 	EXP 	center: autoDraw = True
79.0456 	EXP 	left: autoDraw = True
79.0456 	EXP 	right: autoDraw = True
79.0456 	EXP 	up: autoDraw = True
79.0456 	EXP 	down: autoDraw = True
79.0621 	EXP 	center: autoDraw = True
79.0621 	EXP 	left: autoDraw = True
79.0621 	EXP 	right: autoDraw = True
79.0621 	EXP 	up: autoDraw = True
79.0621 	EXP 	down: autoDraw = True
79.0780 	EXP 	center: autoDraw = True
79.0780 	EXP 	left: autoDraw = True
79.0780 	EXP 	right: autoDraw = True
79.0780 	EXP 	up: autoDraw = True
79.0780 	EXP 	down: autoDraw = True
79.0953 	EXP 	center: autoDraw = True
79.0953 	EXP 	left: autoDraw = True
79.0953 	EXP 	right: autoDraw = True
79.0953 	EXP 	up: autoDraw = True
79.0953 	EXP 	down: autoDraw = True
79.1122 	EXP 	center: autoDraw = True
79.1122 	EXP 	left: autoDraw = True
79.1122 	EXP 	right: autoDraw = True
79.1122 	EXP 	up: autoDraw = True
79.1122 	EXP 	down: autoDraw = True
79.1290 	EXP 	center: autoDraw = True
79.1290 	EXP 	left: autoDraw = True
79.1290 	EXP 	right: autoDraw = True
79.1290 	EXP 	up: autoDraw = True
79.1290 	EXP 	down: autoDraw = True
79.1454 	EXP 	center: autoDraw = True
79.1454 	EXP 	left: autoDraw = True
79.1454 	EXP 	right: autoDraw = True
79.1454 	EXP 	up: autoDraw = True
79.1454 	EXP 	down: autoDraw = True
79.1622 	EXP 	center: autoDraw = True
79.1622 	EXP 	left: autoDraw = True
79.1622 	EXP 	right: autoDraw = True
79.1622 	EXP 	up: autoDraw = True
79.1622 	EXP 	down: autoDraw = True
79.1787 	EXP 	center: autoDraw = True
79.1787 	EXP 	left: autoDraw = True
79.1787 	EXP 	right: autoDraw = True
79.1787 	EXP 	up: autoDraw = True
79.1787 	EXP 	down: autoDraw = True
79.1955 	EXP 	center: autoDraw = True
79.1955 	EXP 	left: autoDraw = True
79.1955 	EXP 	right: autoDraw = True
79.1955 	EXP 	up: autoDraw = True
79.1955 	EXP 	down: autoDraw = True
79.2122 	EXP 	center: autoDraw = True
79.2122 	EXP 	left: autoDraw = True
79.2122 	EXP 	right: autoDraw = True
79.2122 	EXP 	up: autoDraw = True
79.2122 	EXP 	down: autoDraw = True
79.2287 	EXP 	center: autoDraw = True
79.2287 	EXP 	left: autoDraw = True
79.2287 	EXP 	right: autoDraw = True
79.2287 	EXP 	up: autoDraw = True
79.2287 	EXP 	down: autoDraw = True
79.2456 	EXP 	center: autoDraw = True
79.2456 	EXP 	left: autoDraw = True
79.2456 	EXP 	right: autoDraw = True
79.2456 	EXP 	up: autoDraw = True
79.2456 	EXP 	down: autoDraw = True
79.2623 	EXP 	center: autoDraw = True
79.2623 	EXP 	left: autoDraw = True
79.2623 	EXP 	right: autoDraw = True
79.2623 	EXP 	up: autoDraw = True
79.2623 	EXP 	down: autoDraw = True
79.2787 	EXP 	center: autoDraw = True
79.2787 	EXP 	left: autoDraw = True
79.2787 	EXP 	right: autoDraw = True
79.2787 	EXP 	up: autoDraw = True
79.2787 	EXP 	down: autoDraw = True
79.2954 	EXP 	center: autoDraw = True
79.2954 	EXP 	left: autoDraw = True
79.2954 	EXP 	right: autoDraw = True
79.2954 	EXP 	up: autoDraw = True
79.2954 	EXP 	down: autoDraw = True
79.3123 	EXP 	center: autoDraw = True
79.3123 	EXP 	left: autoDraw = True
79.3123 	EXP 	right: autoDraw = True
79.3123 	EXP 	up: autoDraw = True
79.3123 	EXP 	down: autoDraw = True
79.3286 	EXP 	center: autoDraw = True
79.3286 	EXP 	left: autoDraw = True
79.3286 	EXP 	right: autoDraw = True
79.3286 	EXP 	up: autoDraw = True
79.3286 	EXP 	down: autoDraw = True
79.3451 	EXP 	center: autoDraw = True
79.3451 	EXP 	left: autoDraw = True
79.3451 	EXP 	right: autoDraw = True
79.3451 	EXP 	up: autoDraw = True
79.3451 	EXP 	down: autoDraw = True
79.3621 	EXP 	center: autoDraw = True
79.3621 	EXP 	left: autoDraw = True
79.3621 	EXP 	right: autoDraw = True
79.3621 	EXP 	up: autoDraw = True
79.3621 	EXP 	down: autoDraw = True
79.3789 	EXP 	center: autoDraw = True
79.3789 	EXP 	left: autoDraw = True
79.3789 	EXP 	right: autoDraw = True
79.3789 	EXP 	up: autoDraw = True
79.3789 	EXP 	down: autoDraw = True
79.3956 	EXP 	center: autoDraw = True
79.3956 	EXP 	left: autoDraw = True
79.3956 	EXP 	right: autoDraw = True
79.3956 	EXP 	up: autoDraw = True
79.3956 	EXP 	down: autoDraw = True
79.4120 	EXP 	center: autoDraw = True
79.4120 	EXP 	left: autoDraw = True
79.4120 	EXP 	right: autoDraw = True
79.4120 	EXP 	up: autoDraw = True
79.4120 	EXP 	down: autoDraw = True
79.4289 	EXP 	center: autoDraw = True
79.4289 	EXP 	left: autoDraw = True
79.4289 	EXP 	right: autoDraw = True
79.4289 	EXP 	up: autoDraw = True
79.4289 	EXP 	down: autoDraw = True
79.4453 	EXP 	center: autoDraw = True
79.4453 	EXP 	left: autoDraw = True
79.4453 	EXP 	right: autoDraw = True
79.4453 	EXP 	up: autoDraw = True
79.4453 	EXP 	down: autoDraw = True
79.4623 	EXP 	center: autoDraw = True
79.4623 	EXP 	left: autoDraw = True
79.4623 	EXP 	right: autoDraw = True
79.4623 	EXP 	up: autoDraw = True
79.4623 	EXP 	down: autoDraw = True
79.4786 	EXP 	center: autoDraw = True
79.4786 	EXP 	left: autoDraw = True
79.4786 	EXP 	right: autoDraw = True
79.4786 	EXP 	up: autoDraw = True
79.4786 	EXP 	down: autoDraw = True
79.4954 	EXP 	center: autoDraw = True
79.4954 	EXP 	left: autoDraw = True
79.4954 	EXP 	right: autoDraw = True
79.4954 	EXP 	up: autoDraw = True
79.4954 	EXP 	down: autoDraw = True
79.5122 	EXP 	center: autoDraw = True
79.5122 	EXP 	left: autoDraw = True
79.5122 	EXP 	right: autoDraw = True
79.5122 	EXP 	up: autoDraw = True
79.5122 	EXP 	down: autoDraw = True
79.5287 	EXP 	center: autoDraw = True
79.5287 	EXP 	left: autoDraw = True
79.5287 	EXP 	right: autoDraw = True
79.5287 	EXP 	up: autoDraw = True
79.5287 	EXP 	down: autoDraw = True
79.5455 	EXP 	center: autoDraw = True
79.5455 	EXP 	left: autoDraw = True
79.5455 	EXP 	right: autoDraw = True
79.5455 	EXP 	up: autoDraw = True
79.5455 	EXP 	down: autoDraw = True
79.5619 	EXP 	center: autoDraw = True
79.5619 	EXP 	left: autoDraw = True
79.5619 	EXP 	right: autoDraw = True
79.5619 	EXP 	up: autoDraw = True
79.5619 	EXP 	down: autoDraw = True
79.5790 	EXP 	center: autoDraw = True
79.5790 	EXP 	left: autoDraw = True
79.5790 	EXP 	right: autoDraw = True
79.5790 	EXP 	up: autoDraw = True
79.5790 	EXP 	down: autoDraw = True
79.5953 	EXP 	center: autoDraw = True
79.5953 	EXP 	left: autoDraw = True
79.5953 	EXP 	right: autoDraw = True
79.5953 	EXP 	up: autoDraw = True
79.5953 	EXP 	down: autoDraw = True
79.6120 	EXP 	center: autoDraw = True
79.6120 	EXP 	left: autoDraw = True
79.6120 	EXP 	right: autoDraw = True
79.6120 	EXP 	up: autoDraw = True
79.6120 	EXP 	down: autoDraw = True
79.6289 	EXP 	center: autoDraw = True
79.6289 	EXP 	left: autoDraw = True
79.6289 	EXP 	right: autoDraw = True
79.6289 	EXP 	up: autoDraw = True
79.6289 	EXP 	down: autoDraw = True
79.6454 	EXP 	center: autoDraw = True
79.6454 	EXP 	left: autoDraw = True
79.6454 	EXP 	right: autoDraw = True
79.6454 	EXP 	up: autoDraw = True
79.6454 	EXP 	down: autoDraw = True
79.6622 	EXP 	center: autoDraw = True
79.6622 	EXP 	left: autoDraw = True
79.6622 	EXP 	right: autoDraw = True
79.6622 	EXP 	up: autoDraw = True
79.6622 	EXP 	down: autoDraw = True
79.6786 	EXP 	center: autoDraw = True
79.6786 	EXP 	left: autoDraw = True
79.6786 	EXP 	right: autoDraw = True
79.6786 	EXP 	up: autoDraw = True
79.6786 	EXP 	down: autoDraw = True
79.6954 	EXP 	center: autoDraw = True
79.6954 	EXP 	left: autoDraw = True
79.6954 	EXP 	right: autoDraw = True
79.6954 	EXP 	up: autoDraw = True
79.6954 	EXP 	down: autoDraw = True
79.7122 	EXP 	center: autoDraw = True
79.7122 	EXP 	left: autoDraw = True
79.7122 	EXP 	right: autoDraw = True
79.7122 	EXP 	up: autoDraw = True
79.7122 	EXP 	down: autoDraw = True
79.7281 	EXP 	center: autoDraw = True
79.7281 	EXP 	left: autoDraw = True
79.7281 	EXP 	right: autoDraw = True
79.7281 	EXP 	up: autoDraw = True
79.7281 	EXP 	down: autoDraw = True
79.7452 	EXP 	center: autoDraw = True
79.7452 	EXP 	left: autoDraw = True
79.7452 	EXP 	right: autoDraw = True
79.7452 	EXP 	up: autoDraw = True
79.7452 	EXP 	down: autoDraw = True
79.7621 	EXP 	center: autoDraw = True
79.7621 	EXP 	left: autoDraw = True
79.7621 	EXP 	right: autoDraw = True
79.7621 	EXP 	up: autoDraw = True
79.7621 	EXP 	down: autoDraw = True
79.7788 	EXP 	center: autoDraw = True
79.7788 	EXP 	left: autoDraw = True
79.7788 	EXP 	right: autoDraw = True
79.7788 	EXP 	up: autoDraw = True
79.7788 	EXP 	down: autoDraw = True
79.7952 	EXP 	center: autoDraw = True
79.7952 	EXP 	left: autoDraw = True
79.7952 	EXP 	right: autoDraw = True
79.7952 	EXP 	up: autoDraw = True
79.7952 	EXP 	down: autoDraw = True
79.8122 	EXP 	center: autoDraw = True
79.8122 	EXP 	left: autoDraw = True
79.8122 	EXP 	right: autoDraw = True
79.8122 	EXP 	up: autoDraw = True
79.8122 	EXP 	down: autoDraw = True
79.8286 	EXP 	center: autoDraw = True
79.8286 	EXP 	left: autoDraw = True
79.8286 	EXP 	right: autoDraw = True
79.8286 	EXP 	up: autoDraw = True
79.8286 	EXP 	down: autoDraw = True
79.8454 	EXP 	center: autoDraw = True
79.8454 	EXP 	left: autoDraw = True
79.8454 	EXP 	right: autoDraw = True
79.8454 	EXP 	up: autoDraw = True
79.8454 	EXP 	down: autoDraw = True
79.8621 	EXP 	center: autoDraw = True
79.8621 	EXP 	left: autoDraw = True
79.8621 	EXP 	right: autoDraw = True
79.8621 	EXP 	up: autoDraw = True
79.8621 	EXP 	down: autoDraw = True
79.8788 	EXP 	center: autoDraw = True
79.8788 	EXP 	left: autoDraw = True
79.8788 	EXP 	right: autoDraw = True
79.8788 	EXP 	up: autoDraw = True
79.8788 	EXP 	down: autoDraw = True
79.8956 	EXP 	center: autoDraw = True
79.8956 	EXP 	left: autoDraw = True
79.8956 	EXP 	right: autoDraw = True
79.8956 	EXP 	up: autoDraw = True
79.8956 	EXP 	down: autoDraw = True
79.9120 	EXP 	center: autoDraw = True
79.9120 	EXP 	left: autoDraw = True
79.9120 	EXP 	right: autoDraw = True
79.9120 	EXP 	up: autoDraw = True
79.9120 	EXP 	down: autoDraw = True
79.9288 	EXP 	center: autoDraw = True
79.9288 	EXP 	left: autoDraw = True
79.9288 	EXP 	right: autoDraw = True
79.9288 	EXP 	up: autoDraw = True
79.9288 	EXP 	down: autoDraw = True
79.9455 	EXP 	center: autoDraw = True
79.9455 	EXP 	left: autoDraw = True
79.9455 	EXP 	right: autoDraw = True
79.9455 	EXP 	up: autoDraw = True
79.9455 	EXP 	down: autoDraw = True
79.9615 	EXP 	center: autoDraw = True
79.9615 	EXP 	left: autoDraw = True
79.9615 	EXP 	right: autoDraw = True
79.9615 	EXP 	up: autoDraw = True
79.9615 	EXP 	down: autoDraw = True
79.9786 	EXP 	center: autoDraw = True
79.9786 	EXP 	left: autoDraw = True
79.9786 	EXP 	right: autoDraw = True
79.9786 	EXP 	up: autoDraw = True
79.9786 	EXP 	down: autoDraw = True
79.9951 	EXP 	center: autoDraw = True
79.9951 	EXP 	left: autoDraw = True
79.9951 	EXP 	right: autoDraw = True
79.9951 	EXP 	up: autoDraw = True
79.9951 	EXP 	down: autoDraw = True
80.0121 	EXP 	center: autoDraw = True
80.0121 	EXP 	left: autoDraw = True
80.0121 	EXP 	right: autoDraw = True
80.0121 	EXP 	up: autoDraw = True
80.0121 	EXP 	down: autoDraw = True
80.0287 	EXP 	center: autoDraw = True
80.0287 	EXP 	left: autoDraw = True
80.0287 	EXP 	right: autoDraw = True
80.0287 	EXP 	up: autoDraw = True
80.0287 	EXP 	down: autoDraw = True
80.0456 	EXP 	center: autoDraw = True
80.0456 	EXP 	left: autoDraw = True
80.0456 	EXP 	right: autoDraw = True
80.0456 	EXP 	up: autoDraw = True
80.0456 	EXP 	down: autoDraw = True
80.0619 	EXP 	center: autoDraw = True
80.0619 	EXP 	left: autoDraw = True
80.0619 	EXP 	right: autoDraw = True
80.0619 	EXP 	up: autoDraw = True
80.0619 	EXP 	down: autoDraw = True
80.0788 	EXP 	center: autoDraw = True
80.0788 	EXP 	left: autoDraw = True
80.0788 	EXP 	right: autoDraw = True
80.0788 	EXP 	up: autoDraw = True
80.0788 	EXP 	down: autoDraw = True
80.0955 	EXP 	center: autoDraw = True
80.0955 	EXP 	left: autoDraw = True
80.0955 	EXP 	right: autoDraw = True
80.0955 	EXP 	up: autoDraw = True
80.0955 	EXP 	down: autoDraw = True
80.1112 	EXP 	center: autoDraw = True
80.1112 	EXP 	left: autoDraw = True
80.1112 	EXP 	right: autoDraw = True
80.1112 	EXP 	up: autoDraw = True
80.1112 	EXP 	down: autoDraw = True
80.1286 	EXP 	center: autoDraw = True
80.1286 	EXP 	left: autoDraw = True
80.1286 	EXP 	right: autoDraw = True
80.1286 	EXP 	up: autoDraw = True
80.1286 	EXP 	down: autoDraw = True
80.1453 	EXP 	center: autoDraw = True
80.1453 	EXP 	left: autoDraw = True
80.1453 	EXP 	right: autoDraw = True
80.1453 	EXP 	up: autoDraw = True
80.1453 	EXP 	down: autoDraw = True
80.1622 	EXP 	center: autoDraw = True
80.1622 	EXP 	left: autoDraw = True
80.1622 	EXP 	right: autoDraw = True
80.1622 	EXP 	up: autoDraw = True
80.1622 	EXP 	down: autoDraw = True
80.1785 	EXP 	center: autoDraw = True
80.1785 	EXP 	left: autoDraw = True
80.1785 	EXP 	right: autoDraw = True
80.1785 	EXP 	up: autoDraw = True
80.1785 	EXP 	down: autoDraw = True
80.1955 	EXP 	center: autoDraw = True
80.1955 	EXP 	left: autoDraw = True
80.1955 	EXP 	right: autoDraw = True
80.1955 	EXP 	up: autoDraw = True
80.1955 	EXP 	down: autoDraw = True
80.2119 	EXP 	center: autoDraw = True
80.2119 	EXP 	left: autoDraw = True
80.2119 	EXP 	right: autoDraw = True
80.2119 	EXP 	up: autoDraw = True
80.2119 	EXP 	down: autoDraw = True
80.2289 	EXP 	center: autoDraw = True
80.2289 	EXP 	left: autoDraw = True
80.2289 	EXP 	right: autoDraw = True
80.2289 	EXP 	up: autoDraw = True
80.2289 	EXP 	down: autoDraw = True
80.2453 	EXP 	center: autoDraw = True
80.2453 	EXP 	left: autoDraw = True
80.2453 	EXP 	right: autoDraw = True
80.2453 	EXP 	up: autoDraw = True
80.2453 	EXP 	down: autoDraw = True
80.2614 	EXP 	center: autoDraw = True
80.2614 	EXP 	left: autoDraw = True
80.2614 	EXP 	right: autoDraw = True
80.2614 	EXP 	up: autoDraw = True
80.2614 	EXP 	down: autoDraw = True
80.2786 	EXP 	center: autoDraw = True
80.2786 	EXP 	left: autoDraw = True
80.2786 	EXP 	right: autoDraw = True
80.2786 	EXP 	up: autoDraw = True
80.2786 	EXP 	down: autoDraw = True
80.2955 	EXP 	center: autoDraw = True
80.2955 	EXP 	left: autoDraw = True
80.2955 	EXP 	right: autoDraw = True
80.2955 	EXP 	up: autoDraw = True
80.2955 	EXP 	down: autoDraw = True
80.3119 	EXP 	center: autoDraw = True
80.3119 	EXP 	left: autoDraw = True
80.3119 	EXP 	right: autoDraw = True
80.3119 	EXP 	up: autoDraw = True
80.3119 	EXP 	down: autoDraw = True
80.3286 	EXP 	center: autoDraw = True
80.3286 	EXP 	left: autoDraw = True
80.3286 	EXP 	right: autoDraw = True
80.3286 	EXP 	up: autoDraw = True
80.3286 	EXP 	down: autoDraw = True
80.3456 	EXP 	center: autoDraw = True
80.3456 	EXP 	left: autoDraw = True
80.3456 	EXP 	right: autoDraw = True
80.3456 	EXP 	up: autoDraw = True
80.3456 	EXP 	down: autoDraw = True
80.3619 	EXP 	center: autoDraw = True
80.3619 	EXP 	left: autoDraw = True
80.3619 	EXP 	right: autoDraw = True
80.3619 	EXP 	up: autoDraw = True
80.3619 	EXP 	down: autoDraw = True
80.3782 	EXP 	center: autoDraw = True
80.3782 	EXP 	left: autoDraw = True
80.3782 	EXP 	right: autoDraw = True
80.3782 	EXP 	up: autoDraw = True
80.3782 	EXP 	down: autoDraw = True
80.3952 	EXP 	center: autoDraw = True
80.3952 	EXP 	left: autoDraw = True
80.3952 	EXP 	right: autoDraw = True
80.3952 	EXP 	up: autoDraw = True
80.3952 	EXP 	down: autoDraw = True
80.4121 	EXP 	center: autoDraw = True
80.4121 	EXP 	left: autoDraw = True
80.4121 	EXP 	right: autoDraw = True
80.4121 	EXP 	up: autoDraw = True
80.4121 	EXP 	down: autoDraw = True
80.4289 	EXP 	center: autoDraw = True
80.4289 	EXP 	left: autoDraw = True
80.4289 	EXP 	right: autoDraw = True
80.4289 	EXP 	up: autoDraw = True
80.4289 	EXP 	down: autoDraw = True
80.4453 	EXP 	center: autoDraw = True
80.4453 	EXP 	left: autoDraw = True
80.4453 	EXP 	right: autoDraw = True
80.4453 	EXP 	up: autoDraw = True
80.4453 	EXP 	down: autoDraw = True
80.4622 	EXP 	center: autoDraw = True
80.4622 	EXP 	left: autoDraw = True
80.4622 	EXP 	right: autoDraw = True
80.4622 	EXP 	up: autoDraw = True
80.4622 	EXP 	down: autoDraw = True
80.4791 	EXP 	center: autoDraw = True
80.4791 	EXP 	left: autoDraw = True
80.4791 	EXP 	right: autoDraw = True
80.4791 	EXP 	up: autoDraw = True
80.4791 	EXP 	down: autoDraw = True
80.4955 	EXP 	center: autoDraw = True
80.4955 	EXP 	left: autoDraw = True
80.4955 	EXP 	right: autoDraw = True
80.4955 	EXP 	up: autoDraw = True
80.4955 	EXP 	down: autoDraw = True
80.5119 	EXP 	center: autoDraw = True
80.5119 	EXP 	left: autoDraw = True
80.5119 	EXP 	right: autoDraw = True
80.5119 	EXP 	up: autoDraw = True
80.5119 	EXP 	down: autoDraw = True
80.5287 	EXP 	center: autoDraw = True
80.5287 	EXP 	left: autoDraw = True
80.5287 	EXP 	right: autoDraw = True
80.5287 	EXP 	up: autoDraw = True
80.5287 	EXP 	down: autoDraw = True
80.5288 	EXP 	Sound  started
80.5357 	DATA 	slef
80.5452 	EXP 	center: autoDraw = True
80.5452 	EXP 	left: autoDraw = True
80.5452 	EXP 	right: autoDraw = True
80.5452 	EXP 	up: autoDraw = True
80.5452 	EXP 	down: autoDraw = True
80.5620 	EXP 	center: autoDraw = True
80.5620 	EXP 	left: autoDraw = True
80.5620 	EXP 	right: autoDraw = True
80.5620 	EXP 	up: autoDraw = True
80.5620 	EXP 	down: autoDraw = True
80.5788 	EXP 	center: autoDraw = True
80.5788 	EXP 	left: autoDraw = True
80.5788 	EXP 	right: autoDraw = True
80.5788 	EXP 	up: autoDraw = True
80.5788 	EXP 	down: autoDraw = True
80.5953 	EXP 	center: autoDraw = True
80.5953 	EXP 	left: autoDraw = True
80.5953 	EXP 	right: autoDraw = True
80.5953 	EXP 	up: autoDraw = True
80.5953 	EXP 	down: autoDraw = True
80.6122 	EXP 	center: autoDraw = True
80.6122 	EXP 	left: autoDraw = True
80.6122 	EXP 	right: autoDraw = True
80.6122 	EXP 	up: autoDraw = True
80.6122 	EXP 	down: autoDraw = True
80.6285 	EXP 	center: autoDraw = True
80.6285 	EXP 	left: autoDraw = True
80.6285 	EXP 	right: autoDraw = True
80.6285 	EXP 	up: autoDraw = True
80.6285 	EXP 	down: autoDraw = True
80.6453 	EXP 	center: autoDraw = True
80.6453 	EXP 	left: autoDraw = True
80.6453 	EXP 	right: autoDraw = True
80.6453 	EXP 	up: autoDraw = True
80.6453 	EXP 	down: autoDraw = True
80.6620 	EXP 	center: autoDraw = True
80.6620 	EXP 	left: autoDraw = True
80.6620 	EXP 	right: autoDraw = True
80.6620 	EXP 	up: autoDraw = True
80.6620 	EXP 	down: autoDraw = True
80.6787 	EXP 	center: autoDraw = True
80.6787 	EXP 	left: autoDraw = True
80.6787 	EXP 	right: autoDraw = True
80.6787 	EXP 	up: autoDraw = True
80.6787 	EXP 	down: autoDraw = True
80.6955 	EXP 	center: autoDraw = True
80.6955 	EXP 	left: autoDraw = True
80.6955 	EXP 	right: autoDraw = True
80.6955 	EXP 	up: autoDraw = True
80.6955 	EXP 	down: autoDraw = True
80.7122 	EXP 	center: autoDraw = True
80.7122 	EXP 	left: autoDraw = True
80.7122 	EXP 	right: autoDraw = True
80.7122 	EXP 	up: autoDraw = True
80.7122 	EXP 	down: autoDraw = True
80.7285 	EXP 	center: autoDraw = True
80.7285 	EXP 	left: autoDraw = True
80.7285 	EXP 	right: autoDraw = True
80.7285 	EXP 	up: autoDraw = True
80.7285 	EXP 	down: autoDraw = True
80.7455 	EXP 	center: autoDraw = True
80.7455 	EXP 	left: autoDraw = True
80.7455 	EXP 	right: autoDraw = True
80.7455 	EXP 	up: autoDraw = True
80.7455 	EXP 	down: autoDraw = True
80.7614 	EXP 	center: autoDraw = True
80.7614 	EXP 	left: autoDraw = True
80.7614 	EXP 	right: autoDraw = True
80.7614 	EXP 	up: autoDraw = True
80.7614 	EXP 	down: autoDraw = True
80.7785 	EXP 	center: autoDraw = True
80.7785 	EXP 	left: autoDraw = True
80.7785 	EXP 	right: autoDraw = True
80.7785 	EXP 	up: autoDraw = True
80.7785 	EXP 	down: autoDraw = True
80.7954 	EXP 	center: autoDraw = True
80.7954 	EXP 	left: autoDraw = True
80.7954 	EXP 	right: autoDraw = True
80.7954 	EXP 	up: autoDraw = True
80.7954 	EXP 	down: autoDraw = True
80.8122 	EXP 	center: autoDraw = True
80.8122 	EXP 	left: autoDraw = True
80.8122 	EXP 	right: autoDraw = True
80.8122 	EXP 	up: autoDraw = True
80.8122 	EXP 	down: autoDraw = True
80.8285 	EXP 	center: autoDraw = True
80.8285 	EXP 	left: autoDraw = True
80.8285 	EXP 	right: autoDraw = True
80.8285 	EXP 	up: autoDraw = True
80.8285 	EXP 	down: autoDraw = True
80.8455 	EXP 	center: autoDraw = True
80.8455 	EXP 	left: autoDraw = True
80.8455 	EXP 	right: autoDraw = True
80.8455 	EXP 	up: autoDraw = True
80.8455 	EXP 	down: autoDraw = True
80.8619 	EXP 	center: autoDraw = True
80.8619 	EXP 	left: autoDraw = True
80.8619 	EXP 	right: autoDraw = True
80.8619 	EXP 	up: autoDraw = True
80.8619 	EXP 	down: autoDraw = True
80.8621 	DATA 	wsqS
80.8787 	EXP 	center: autoDraw = True
80.8787 	EXP 	left: autoDraw = True
80.8787 	EXP 	right: autoDraw = True
80.8787 	EXP 	up: autoDraw = True
80.8787 	EXP 	down: autoDraw = True
80.8787 	EXP 	whitesquare: autoDraw = True
80.8954 	EXP 	center: autoDraw = True
80.8954 	EXP 	left: autoDraw = True
80.8954 	EXP 	right: autoDraw = True
80.8954 	EXP 	up: autoDraw = True
80.8954 	EXP 	down: autoDraw = True
80.8954 	EXP 	whitesquare: autoDraw = False
80.9121 	EXP 	center: autoDraw = True
80.9121 	EXP 	left: autoDraw = True
80.9121 	EXP 	right: autoDraw = True
80.9121 	EXP 	up: autoDraw = True
80.9121 	EXP 	down: autoDraw = True
80.9288 	EXP 	center: autoDraw = True
80.9288 	EXP 	left: autoDraw = True
80.9288 	EXP 	right: autoDraw = True
80.9288 	EXP 	up: autoDraw = True
80.9288 	EXP 	down: autoDraw = True
80.9453 	EXP 	center: autoDraw = True
80.9453 	EXP 	left: autoDraw = True
80.9453 	EXP 	right: autoDraw = True
80.9453 	EXP 	up: autoDraw = True
80.9453 	EXP 	down: autoDraw = True
80.9620 	EXP 	center: autoDraw = True
80.9620 	EXP 	left: autoDraw = True
80.9620 	EXP 	right: autoDraw = True
80.9620 	EXP 	up: autoDraw = True
80.9620 	EXP 	down: autoDraw = True
80.9788 	EXP 	center: autoDraw = True
80.9788 	EXP 	left: autoDraw = True
80.9788 	EXP 	right: autoDraw = True
80.9788 	EXP 	up: autoDraw = True
80.9788 	EXP 	down: autoDraw = True
80.9952 	EXP 	center: autoDraw = True
80.9952 	EXP 	left: autoDraw = True
80.9952 	EXP 	right: autoDraw = True
80.9952 	EXP 	up: autoDraw = True
80.9952 	EXP 	down: autoDraw = True
81.0120 	EXP 	center: autoDraw = True
81.0120 	EXP 	left: autoDraw = True
81.0120 	EXP 	right: autoDraw = True
81.0120 	EXP 	up: autoDraw = True
81.0120 	EXP 	down: autoDraw = True
81.0285 	EXP 	center: autoDraw = True
81.0285 	EXP 	left: autoDraw = True
81.0285 	EXP 	right: autoDraw = True
81.0285 	EXP 	up: autoDraw = True
81.0285 	EXP 	down: autoDraw = True
81.0453 	EXP 	center: autoDraw = True
81.0453 	EXP 	left: autoDraw = True
81.0453 	EXP 	right: autoDraw = True
81.0453 	EXP 	up: autoDraw = True
81.0453 	EXP 	down: autoDraw = True
81.0619 	EXP 	center: autoDraw = True
81.0619 	EXP 	left: autoDraw = True
81.0619 	EXP 	right: autoDraw = True
81.0619 	EXP 	up: autoDraw = True
81.0619 	EXP 	down: autoDraw = True
81.0780 	EXP 	center: autoDraw = True
81.0780 	EXP 	left: autoDraw = True
81.0780 	EXP 	right: autoDraw = True
81.0780 	EXP 	up: autoDraw = True
81.0780 	EXP 	down: autoDraw = True
81.0954 	EXP 	center: autoDraw = True
81.0954 	EXP 	left: autoDraw = True
81.0954 	EXP 	right: autoDraw = True
81.0954 	EXP 	up: autoDraw = True
81.0954 	EXP 	down: autoDraw = True
81.1119 	EXP 	center: autoDraw = True
81.1119 	EXP 	left: autoDraw = True
81.1119 	EXP 	right: autoDraw = True
81.1119 	EXP 	up: autoDraw = True
81.1119 	EXP 	down: autoDraw = True
81.1285 	EXP 	center: autoDraw = True
81.1285 	EXP 	left: autoDraw = True
81.1285 	EXP 	right: autoDraw = True
81.1285 	EXP 	up: autoDraw = True
81.1285 	EXP 	down: autoDraw = True
81.1456 	EXP 	center: autoDraw = True
81.1456 	EXP 	left: autoDraw = True
81.1456 	EXP 	right: autoDraw = True
81.1456 	EXP 	up: autoDraw = True
81.1456 	EXP 	down: autoDraw = True
81.1618 	EXP 	center: autoDraw = True
81.1618 	EXP 	left: autoDraw = True
81.1618 	EXP 	right: autoDraw = True
81.1618 	EXP 	up: autoDraw = True
81.1618 	EXP 	down: autoDraw = True
81.1786 	EXP 	center: autoDraw = True
81.1786 	EXP 	left: autoDraw = True
81.1786 	EXP 	right: autoDraw = True
81.1786 	EXP 	up: autoDraw = True
81.1786 	EXP 	down: autoDraw = True
81.1953 	EXP 	center: autoDraw = True
81.1953 	EXP 	left: autoDraw = True
81.1953 	EXP 	right: autoDraw = True
81.1953 	EXP 	up: autoDraw = True
81.1953 	EXP 	down: autoDraw = True
81.2120 	EXP 	center: autoDraw = True
81.2120 	EXP 	left: autoDraw = True
81.2120 	EXP 	right: autoDraw = True
81.2120 	EXP 	up: autoDraw = True
81.2120 	EXP 	down: autoDraw = True
81.2284 	EXP 	center: autoDraw = True
81.2284 	EXP 	left: autoDraw = True
81.2284 	EXP 	right: autoDraw = True
81.2284 	EXP 	up: autoDraw = True
81.2284 	EXP 	down: autoDraw = True
81.2453 	EXP 	center: autoDraw = True
81.2453 	EXP 	left: autoDraw = True
81.2453 	EXP 	right: autoDraw = True
81.2453 	EXP 	up: autoDraw = True
81.2453 	EXP 	down: autoDraw = True
81.2622 	EXP 	center: autoDraw = True
81.2622 	EXP 	left: autoDraw = True
81.2622 	EXP 	right: autoDraw = True
81.2622 	EXP 	up: autoDraw = True
81.2622 	EXP 	down: autoDraw = True
81.2785 	EXP 	center: autoDraw = True
81.2785 	EXP 	left: autoDraw = True
81.2785 	EXP 	right: autoDraw = True
81.2785 	EXP 	up: autoDraw = True
81.2785 	EXP 	down: autoDraw = True
81.2952 	EXP 	center: autoDraw = True
81.2952 	EXP 	left: autoDraw = True
81.2952 	EXP 	right: autoDraw = True
81.2952 	EXP 	up: autoDraw = True
81.2952 	EXP 	down: autoDraw = True
81.3121 	EXP 	center: autoDraw = True
81.3121 	EXP 	left: autoDraw = True
81.3121 	EXP 	right: autoDraw = True
81.3121 	EXP 	up: autoDraw = True
81.3121 	EXP 	down: autoDraw = True
81.3288 	EXP 	center: autoDraw = True
81.3288 	EXP 	left: autoDraw = True
81.3288 	EXP 	right: autoDraw = True
81.3288 	EXP 	up: autoDraw = True
81.3288 	EXP 	down: autoDraw = True
81.3451 	EXP 	center: autoDraw = True
81.3451 	EXP 	left: autoDraw = True
81.3451 	EXP 	right: autoDraw = True
81.3451 	EXP 	up: autoDraw = True
81.3451 	EXP 	down: autoDraw = True
81.3619 	EXP 	center: autoDraw = True
81.3619 	EXP 	left: autoDraw = True
81.3619 	EXP 	right: autoDraw = True
81.3619 	EXP 	up: autoDraw = True
81.3619 	EXP 	down: autoDraw = True
81.3786 	EXP 	center: autoDraw = True
81.3786 	EXP 	left: autoDraw = True
81.3786 	EXP 	right: autoDraw = True
81.3786 	EXP 	up: autoDraw = True
81.3786 	EXP 	down: autoDraw = True
81.3952 	EXP 	center: autoDraw = True
81.3952 	EXP 	left: autoDraw = True
81.3952 	EXP 	right: autoDraw = True
81.3952 	EXP 	up: autoDraw = True
81.3952 	EXP 	down: autoDraw = True
81.4116 	EXP 	center: autoDraw = True
81.4116 	EXP 	left: autoDraw = True
81.4116 	EXP 	right: autoDraw = True
81.4116 	EXP 	up: autoDraw = True
81.4116 	EXP 	down: autoDraw = True
81.4286 	EXP 	center: autoDraw = True
81.4286 	EXP 	left: autoDraw = True
81.4286 	EXP 	right: autoDraw = True
81.4286 	EXP 	up: autoDraw = True
81.4286 	EXP 	down: autoDraw = True
81.4454 	EXP 	center: autoDraw = True
81.4454 	EXP 	left: autoDraw = True
81.4454 	EXP 	right: autoDraw = True
81.4454 	EXP 	up: autoDraw = True
81.4454 	EXP 	down: autoDraw = True
81.4623 	EXP 	center: autoDraw = True
81.4623 	EXP 	left: autoDraw = True
81.4623 	EXP 	right: autoDraw = True
81.4623 	EXP 	up: autoDraw = True
81.4623 	EXP 	down: autoDraw = True
81.4785 	EXP 	center: autoDraw = True
81.4785 	EXP 	left: autoDraw = True
81.4785 	EXP 	right: autoDraw = True
81.4785 	EXP 	up: autoDraw = True
81.4785 	EXP 	down: autoDraw = True
81.4954 	EXP 	center: autoDraw = True
81.4954 	EXP 	left: autoDraw = True
81.4954 	EXP 	right: autoDraw = True
81.4954 	EXP 	up: autoDraw = True
81.4954 	EXP 	down: autoDraw = True
81.5121 	EXP 	center: autoDraw = True
81.5121 	EXP 	left: autoDraw = True
81.5121 	EXP 	right: autoDraw = True
81.5121 	EXP 	up: autoDraw = True
81.5121 	EXP 	down: autoDraw = True
81.5288 	EXP 	center: autoDraw = True
81.5288 	EXP 	left: autoDraw = True
81.5288 	EXP 	right: autoDraw = True
81.5288 	EXP 	up: autoDraw = True
81.5288 	EXP 	down: autoDraw = True
81.5452 	EXP 	center: autoDraw = True
81.5452 	EXP 	left: autoDraw = True
81.5452 	EXP 	right: autoDraw = True
81.5452 	EXP 	up: autoDraw = True
81.5452 	EXP 	down: autoDraw = True
81.5619 	EXP 	center: autoDraw = True
81.5619 	EXP 	left: autoDraw = True
81.5619 	EXP 	right: autoDraw = True
81.5619 	EXP 	up: autoDraw = True
81.5619 	EXP 	down: autoDraw = True
81.5786 	EXP 	center: autoDraw = True
81.5786 	EXP 	left: autoDraw = True
81.5786 	EXP 	right: autoDraw = True
81.5786 	EXP 	up: autoDraw = True
81.5786 	EXP 	down: autoDraw = True
81.5954 	EXP 	center: autoDraw = True
81.5954 	EXP 	left: autoDraw = True
81.5954 	EXP 	right: autoDraw = True
81.5954 	EXP 	up: autoDraw = True
81.5954 	EXP 	down: autoDraw = True
81.6118 	EXP 	center: autoDraw = True
81.6118 	EXP 	left: autoDraw = True
81.6118 	EXP 	right: autoDraw = True
81.6118 	EXP 	up: autoDraw = True
81.6118 	EXP 	down: autoDraw = True
81.6285 	EXP 	center: autoDraw = True
81.6285 	EXP 	left: autoDraw = True
81.6285 	EXP 	right: autoDraw = True
81.6285 	EXP 	up: autoDraw = True
81.6285 	EXP 	down: autoDraw = True
81.6454 	EXP 	center: autoDraw = True
81.6454 	EXP 	left: autoDraw = True
81.6454 	EXP 	right: autoDraw = True
81.6454 	EXP 	up: autoDraw = True
81.6454 	EXP 	down: autoDraw = True
81.6618 	EXP 	center: autoDraw = True
81.6618 	EXP 	left: autoDraw = True
81.6618 	EXP 	right: autoDraw = True
81.6618 	EXP 	up: autoDraw = True
81.6618 	EXP 	down: autoDraw = True
81.6786 	EXP 	center: autoDraw = True
81.6786 	EXP 	left: autoDraw = True
81.6786 	EXP 	right: autoDraw = True
81.6786 	EXP 	up: autoDraw = True
81.6786 	EXP 	down: autoDraw = True
81.6954 	EXP 	center: autoDraw = True
81.6954 	EXP 	left: autoDraw = True
81.6954 	EXP 	right: autoDraw = True
81.6954 	EXP 	up: autoDraw = True
81.6954 	EXP 	down: autoDraw = True
81.7121 	EXP 	center: autoDraw = True
81.7121 	EXP 	left: autoDraw = True
81.7121 	EXP 	right: autoDraw = True
81.7121 	EXP 	up: autoDraw = True
81.7121 	EXP 	down: autoDraw = True
81.7287 	EXP 	center: autoDraw = True
81.7287 	EXP 	left: autoDraw = True
81.7287 	EXP 	right: autoDraw = True
81.7287 	EXP 	up: autoDraw = True
81.7287 	EXP 	down: autoDraw = True
81.7454 	EXP 	center: autoDraw = True
81.7454 	EXP 	left: autoDraw = True
81.7454 	EXP 	right: autoDraw = True
81.7454 	EXP 	up: autoDraw = True
81.7454 	EXP 	down: autoDraw = True
81.7618 	EXP 	center: autoDraw = True
81.7618 	EXP 	left: autoDraw = True
81.7618 	EXP 	right: autoDraw = True
81.7618 	EXP 	up: autoDraw = True
81.7618 	EXP 	down: autoDraw = True
81.7785 	EXP 	center: autoDraw = True
81.7785 	EXP 	left: autoDraw = True
81.7785 	EXP 	right: autoDraw = True
81.7785 	EXP 	up: autoDraw = True
81.7785 	EXP 	down: autoDraw = True
81.7946 	EXP 	center: autoDraw = True
81.7946 	EXP 	left: autoDraw = True
81.7946 	EXP 	right: autoDraw = True
81.7946 	EXP 	up: autoDraw = True
81.7946 	EXP 	down: autoDraw = True
81.8118 	EXP 	center: autoDraw = True
81.8118 	EXP 	left: autoDraw = True
81.8118 	EXP 	right: autoDraw = True
81.8118 	EXP 	up: autoDraw = True
81.8118 	EXP 	down: autoDraw = True
81.8281 	EXP 	center: autoDraw = True
81.8281 	EXP 	left: autoDraw = True
81.8281 	EXP 	right: autoDraw = True
81.8281 	EXP 	up: autoDraw = True
81.8281 	EXP 	down: autoDraw = True
81.8451 	EXP 	center: autoDraw = True
81.8451 	EXP 	left: autoDraw = True
81.8451 	EXP 	right: autoDraw = True
81.8451 	EXP 	up: autoDraw = True
81.8451 	EXP 	down: autoDraw = True
81.8621 	EXP 	center: autoDraw = True
81.8621 	EXP 	left: autoDraw = True
81.8621 	EXP 	right: autoDraw = True
81.8621 	EXP 	up: autoDraw = True
81.8621 	EXP 	down: autoDraw = True
81.8784 	EXP 	center: autoDraw = True
81.8784 	EXP 	left: autoDraw = True
81.8784 	EXP 	right: autoDraw = True
81.8784 	EXP 	up: autoDraw = True
81.8784 	EXP 	down: autoDraw = True
81.8955 	EXP 	center: autoDraw = True
81.8955 	EXP 	left: autoDraw = True
81.8955 	EXP 	right: autoDraw = True
81.8955 	EXP 	up: autoDraw = True
81.8955 	EXP 	down: autoDraw = True
81.9119 	EXP 	center: autoDraw = True
81.9119 	EXP 	left: autoDraw = True
81.9119 	EXP 	right: autoDraw = True
81.9119 	EXP 	up: autoDraw = True
81.9119 	EXP 	down: autoDraw = True
81.9287 	EXP 	center: autoDraw = True
81.9287 	EXP 	left: autoDraw = True
81.9287 	EXP 	right: autoDraw = True
81.9287 	EXP 	up: autoDraw = True
81.9287 	EXP 	down: autoDraw = True
81.9451 	EXP 	center: autoDraw = True
81.9451 	EXP 	left: autoDraw = True
81.9451 	EXP 	right: autoDraw = True
81.9451 	EXP 	up: autoDraw = True
81.9451 	EXP 	down: autoDraw = True
81.9619 	EXP 	center: autoDraw = True
81.9619 	EXP 	left: autoDraw = True
81.9619 	EXP 	right: autoDraw = True
81.9619 	EXP 	up: autoDraw = True
81.9619 	EXP 	down: autoDraw = True
81.9787 	EXP 	center: autoDraw = True
81.9787 	EXP 	left: autoDraw = True
81.9787 	EXP 	right: autoDraw = True
81.9787 	EXP 	up: autoDraw = True
81.9787 	EXP 	down: autoDraw = True
81.9951 	EXP 	center: autoDraw = True
81.9951 	EXP 	left: autoDraw = True
81.9951 	EXP 	right: autoDraw = True
81.9951 	EXP 	up: autoDraw = True
81.9951 	EXP 	down: autoDraw = True
82.0119 	EXP 	center: autoDraw = True
82.0119 	EXP 	left: autoDraw = True
82.0119 	EXP 	right: autoDraw = True
82.0119 	EXP 	up: autoDraw = True
82.0119 	EXP 	down: autoDraw = True
82.0287 	EXP 	center: autoDraw = True
82.0287 	EXP 	left: autoDraw = True
82.0287 	EXP 	right: autoDraw = True
82.0287 	EXP 	up: autoDraw = True
82.0287 	EXP 	down: autoDraw = True
82.0451 	EXP 	center: autoDraw = True
82.0451 	EXP 	left: autoDraw = True
82.0451 	EXP 	right: autoDraw = True
82.0451 	EXP 	up: autoDraw = True
82.0451 	EXP 	down: autoDraw = True
82.0616 	EXP 	center: autoDraw = True
82.0616 	EXP 	left: autoDraw = True
82.0616 	EXP 	right: autoDraw = True
82.0616 	EXP 	up: autoDraw = True
82.0616 	EXP 	down: autoDraw = True
82.0784 	EXP 	center: autoDraw = True
82.0784 	EXP 	left: autoDraw = True
82.0784 	EXP 	right: autoDraw = True
82.0784 	EXP 	up: autoDraw = True
82.0784 	EXP 	down: autoDraw = True
82.0952 	EXP 	center: autoDraw = True
82.0952 	EXP 	left: autoDraw = True
82.0952 	EXP 	right: autoDraw = True
82.0952 	EXP 	up: autoDraw = True
82.0952 	EXP 	down: autoDraw = True
82.1119 	EXP 	center: autoDraw = True
82.1119 	EXP 	left: autoDraw = True
82.1119 	EXP 	right: autoDraw = True
82.1119 	EXP 	up: autoDraw = True
82.1119 	EXP 	down: autoDraw = True
82.1287 	EXP 	center: autoDraw = True
82.1287 	EXP 	left: autoDraw = True
82.1287 	EXP 	right: autoDraw = True
82.1287 	EXP 	up: autoDraw = True
82.1287 	EXP 	down: autoDraw = True
82.1450 	EXP 	center: autoDraw = True
82.1450 	EXP 	left: autoDraw = True
82.1450 	EXP 	right: autoDraw = True
82.1450 	EXP 	up: autoDraw = True
82.1450 	EXP 	down: autoDraw = True
82.1620 	EXP 	center: autoDraw = True
82.1620 	EXP 	left: autoDraw = True
82.1620 	EXP 	right: autoDraw = True
82.1620 	EXP 	up: autoDraw = True
82.1620 	EXP 	down: autoDraw = True
82.1778 	EXP 	center: autoDraw = True
82.1778 	EXP 	left: autoDraw = True
82.1778 	EXP 	right: autoDraw = True
82.1778 	EXP 	up: autoDraw = True
82.1778 	EXP 	down: autoDraw = True
82.1951 	EXP 	center: autoDraw = True
82.1951 	EXP 	left: autoDraw = True
82.1951 	EXP 	right: autoDraw = True
82.1951 	EXP 	up: autoDraw = True
82.1951 	EXP 	down: autoDraw = True
82.2119 	EXP 	center: autoDraw = True
82.2119 	EXP 	left: autoDraw = True
82.2119 	EXP 	right: autoDraw = True
82.2119 	EXP 	up: autoDraw = True
82.2119 	EXP 	down: autoDraw = True
82.2287 	EXP 	center: autoDraw = True
82.2287 	EXP 	left: autoDraw = True
82.2287 	EXP 	right: autoDraw = True
82.2287 	EXP 	up: autoDraw = True
82.2287 	EXP 	down: autoDraw = True
82.2451 	EXP 	center: autoDraw = True
82.2451 	EXP 	left: autoDraw = True
82.2451 	EXP 	right: autoDraw = True
82.2451 	EXP 	up: autoDraw = True
82.2451 	EXP 	down: autoDraw = True
82.2620 	EXP 	center: autoDraw = True
82.2620 	EXP 	left: autoDraw = True
82.2620 	EXP 	right: autoDraw = True
82.2620 	EXP 	up: autoDraw = True
82.2620 	EXP 	down: autoDraw = True
82.2787 	EXP 	center: autoDraw = True
82.2787 	EXP 	left: autoDraw = True
82.2787 	EXP 	right: autoDraw = True
82.2787 	EXP 	up: autoDraw = True
82.2787 	EXP 	down: autoDraw = True
82.2952 	EXP 	center: autoDraw = True
82.2952 	EXP 	left: autoDraw = True
82.2952 	EXP 	right: autoDraw = True
82.2952 	EXP 	up: autoDraw = True
82.2952 	EXP 	down: autoDraw = True
82.3120 	EXP 	center: autoDraw = True
82.3120 	EXP 	left: autoDraw = True
82.3120 	EXP 	right: autoDraw = True
82.3120 	EXP 	up: autoDraw = True
82.3120 	EXP 	down: autoDraw = True
82.3287 	EXP 	center: autoDraw = True
82.3287 	EXP 	left: autoDraw = True
82.3287 	EXP 	right: autoDraw = True
82.3287 	EXP 	up: autoDraw = True
82.3287 	EXP 	down: autoDraw = True
82.3451 	EXP 	center: autoDraw = True
82.3451 	EXP 	left: autoDraw = True
82.3451 	EXP 	right: autoDraw = True
82.3451 	EXP 	up: autoDraw = True
82.3451 	EXP 	down: autoDraw = True
82.3619 	EXP 	center: autoDraw = True
82.3619 	EXP 	left: autoDraw = True
82.3619 	EXP 	right: autoDraw = True
82.3619 	EXP 	up: autoDraw = True
82.3619 	EXP 	down: autoDraw = True
82.3788 	EXP 	center: autoDraw = True
82.3788 	EXP 	left: autoDraw = True
82.3788 	EXP 	right: autoDraw = True
82.3788 	EXP 	up: autoDraw = True
82.3788 	EXP 	down: autoDraw = True
82.3951 	EXP 	center: autoDraw = True
82.3951 	EXP 	left: autoDraw = True
82.3951 	EXP 	right: autoDraw = True
82.3951 	EXP 	up: autoDraw = True
82.3951 	EXP 	down: autoDraw = True
82.4119 	EXP 	center: autoDraw = True
82.4119 	EXP 	left: autoDraw = True
82.4119 	EXP 	right: autoDraw = True
82.4119 	EXP 	up: autoDraw = True
82.4119 	EXP 	down: autoDraw = True
82.4287 	EXP 	center: autoDraw = True
82.4287 	EXP 	left: autoDraw = True
82.4287 	EXP 	right: autoDraw = True
82.4287 	EXP 	up: autoDraw = True
82.4287 	EXP 	down: autoDraw = True
82.4452 	EXP 	center: autoDraw = True
82.4452 	EXP 	left: autoDraw = True
82.4452 	EXP 	right: autoDraw = True
82.4452 	EXP 	up: autoDraw = True
82.4452 	EXP 	down: autoDraw = True
82.4620 	EXP 	center: autoDraw = True
82.4620 	EXP 	left: autoDraw = True
82.4620 	EXP 	right: autoDraw = True
82.4620 	EXP 	up: autoDraw = True
82.4620 	EXP 	down: autoDraw = True
82.4788 	EXP 	center: autoDraw = True
82.4788 	EXP 	left: autoDraw = True
82.4788 	EXP 	right: autoDraw = True
82.4788 	EXP 	up: autoDraw = True
82.4788 	EXP 	down: autoDraw = True
82.4951 	EXP 	center: autoDraw = True
82.4951 	EXP 	left: autoDraw = True
82.4951 	EXP 	right: autoDraw = True
82.4951 	EXP 	up: autoDraw = True
82.4951 	EXP 	down: autoDraw = True
82.5119 	EXP 	center: autoDraw = True
82.5119 	EXP 	left: autoDraw = True
82.5119 	EXP 	right: autoDraw = True
82.5119 	EXP 	up: autoDraw = True
82.5119 	EXP 	down: autoDraw = True
82.5284 	EXP 	center: autoDraw = True
82.5284 	EXP 	left: autoDraw = True
82.5284 	EXP 	right: autoDraw = True
82.5284 	EXP 	up: autoDraw = True
82.5284 	EXP 	down: autoDraw = True
82.5452 	EXP 	center: autoDraw = True
82.5452 	EXP 	left: autoDraw = True
82.5452 	EXP 	right: autoDraw = True
82.5452 	EXP 	up: autoDraw = True
82.5452 	EXP 	down: autoDraw = True
82.5622 	EXP 	center: autoDraw = True
82.5622 	EXP 	left: autoDraw = True
82.5622 	EXP 	right: autoDraw = True
82.5622 	EXP 	up: autoDraw = True
82.5622 	EXP 	down: autoDraw = True
82.5784 	EXP 	center: autoDraw = True
82.5784 	EXP 	left: autoDraw = True
82.5784 	EXP 	right: autoDraw = True
82.5784 	EXP 	up: autoDraw = True
82.5784 	EXP 	down: autoDraw = True
82.5952 	EXP 	center: autoDraw = True
82.5952 	EXP 	left: autoDraw = True
82.5952 	EXP 	right: autoDraw = True
82.5952 	EXP 	up: autoDraw = True
82.5952 	EXP 	down: autoDraw = True
82.6120 	EXP 	center: autoDraw = True
82.6120 	EXP 	left: autoDraw = True
82.6120 	EXP 	right: autoDraw = True
82.6120 	EXP 	up: autoDraw = True
82.6120 	EXP 	down: autoDraw = True
82.6284 	EXP 	center: autoDraw = True
82.6284 	EXP 	left: autoDraw = True
82.6284 	EXP 	right: autoDraw = True
82.6284 	EXP 	up: autoDraw = True
82.6284 	EXP 	down: autoDraw = True
82.6453 	EXP 	center: autoDraw = True
82.6453 	EXP 	left: autoDraw = True
82.6453 	EXP 	right: autoDraw = True
82.6453 	EXP 	up: autoDraw = True
82.6453 	EXP 	down: autoDraw = True
82.6619 	EXP 	center: autoDraw = True
82.6619 	EXP 	left: autoDraw = True
82.6619 	EXP 	right: autoDraw = True
82.6619 	EXP 	up: autoDraw = True
82.6619 	EXP 	down: autoDraw = True
82.6782 	EXP 	center: autoDraw = True
82.6782 	EXP 	left: autoDraw = True
82.6782 	EXP 	right: autoDraw = True
82.6782 	EXP 	up: autoDraw = True
82.6782 	EXP 	down: autoDraw = True
82.6952 	EXP 	center: autoDraw = True
82.6952 	EXP 	left: autoDraw = True
82.6952 	EXP 	right: autoDraw = True
82.6952 	EXP 	up: autoDraw = True
82.6952 	EXP 	down: autoDraw = True
82.7118 	EXP 	center: autoDraw = True
82.7118 	EXP 	left: autoDraw = True
82.7118 	EXP 	right: autoDraw = True
82.7118 	EXP 	up: autoDraw = True
82.7118 	EXP 	down: autoDraw = True
82.7286 	EXP 	center: autoDraw = True
82.7286 	EXP 	left: autoDraw = True
82.7286 	EXP 	right: autoDraw = True
82.7286 	EXP 	up: autoDraw = True
82.7286 	EXP 	down: autoDraw = True
82.7453 	EXP 	center: autoDraw = True
82.7453 	EXP 	left: autoDraw = True
82.7453 	EXP 	right: autoDraw = True
82.7453 	EXP 	up: autoDraw = True
82.7453 	EXP 	down: autoDraw = True
82.7618 	EXP 	center: autoDraw = True
82.7618 	EXP 	left: autoDraw = True
82.7618 	EXP 	right: autoDraw = True
82.7618 	EXP 	up: autoDraw = True
82.7618 	EXP 	down: autoDraw = True
82.7784 	EXP 	center: autoDraw = True
82.7784 	EXP 	left: autoDraw = True
82.7784 	EXP 	right: autoDraw = True
82.7784 	EXP 	up: autoDraw = True
82.7784 	EXP 	down: autoDraw = True
82.7954 	EXP 	center: autoDraw = True
82.7954 	EXP 	left: autoDraw = True
82.7954 	EXP 	right: autoDraw = True
82.7954 	EXP 	up: autoDraw = True
82.7954 	EXP 	down: autoDraw = True
82.8117 	EXP 	center: autoDraw = True
82.8117 	EXP 	left: autoDraw = True
82.8117 	EXP 	right: autoDraw = True
82.8117 	EXP 	up: autoDraw = True
82.8117 	EXP 	down: autoDraw = True
82.8280 	EXP 	center: autoDraw = True
82.8280 	EXP 	left: autoDraw = True
82.8280 	EXP 	right: autoDraw = True
82.8280 	EXP 	up: autoDraw = True
82.8280 	EXP 	down: autoDraw = True
82.8450 	EXP 	center: autoDraw = True
82.8450 	EXP 	left: autoDraw = True
82.8450 	EXP 	right: autoDraw = True
82.8450 	EXP 	up: autoDraw = True
82.8450 	EXP 	down: autoDraw = True
82.8620 	EXP 	center: autoDraw = True
82.8620 	EXP 	left: autoDraw = True
82.8620 	EXP 	right: autoDraw = True
82.8620 	EXP 	up: autoDraw = True
82.8620 	EXP 	down: autoDraw = True
82.8784 	EXP 	center: autoDraw = True
82.8784 	EXP 	left: autoDraw = True
82.8784 	EXP 	right: autoDraw = True
82.8784 	EXP 	up: autoDraw = True
82.8784 	EXP 	down: autoDraw = True
82.8951 	EXP 	center: autoDraw = True
82.8951 	EXP 	left: autoDraw = True
82.8951 	EXP 	right: autoDraw = True
82.8951 	EXP 	up: autoDraw = True
82.8951 	EXP 	down: autoDraw = True
82.9120 	EXP 	center: autoDraw = True
82.9120 	EXP 	left: autoDraw = True
82.9120 	EXP 	right: autoDraw = True
82.9120 	EXP 	up: autoDraw = True
82.9120 	EXP 	down: autoDraw = True
82.9284 	EXP 	center: autoDraw = True
82.9284 	EXP 	left: autoDraw = True
82.9284 	EXP 	right: autoDraw = True
82.9284 	EXP 	up: autoDraw = True
82.9284 	EXP 	down: autoDraw = True
82.9454 	EXP 	center: autoDraw = True
82.9454 	EXP 	left: autoDraw = True
82.9454 	EXP 	right: autoDraw = True
82.9454 	EXP 	up: autoDraw = True
82.9454 	EXP 	down: autoDraw = True
82.9617 	EXP 	center: autoDraw = True
82.9617 	EXP 	left: autoDraw = True
82.9617 	EXP 	right: autoDraw = True
82.9617 	EXP 	up: autoDraw = True
82.9617 	EXP 	down: autoDraw = True
82.9785 	EXP 	center: autoDraw = True
82.9785 	EXP 	left: autoDraw = True
82.9785 	EXP 	right: autoDraw = True
82.9785 	EXP 	up: autoDraw = True
82.9785 	EXP 	down: autoDraw = True
82.9952 	EXP 	center: autoDraw = True
82.9952 	EXP 	left: autoDraw = True
82.9952 	EXP 	right: autoDraw = True
82.9952 	EXP 	up: autoDraw = True
82.9952 	EXP 	down: autoDraw = True
83.0121 	EXP 	center: autoDraw = True
83.0121 	EXP 	left: autoDraw = True
83.0121 	EXP 	right: autoDraw = True
83.0121 	EXP 	up: autoDraw = True
83.0121 	EXP 	down: autoDraw = True
83.0284 	EXP 	center: autoDraw = True
83.0284 	EXP 	left: autoDraw = True
83.0284 	EXP 	right: autoDraw = True
83.0284 	EXP 	up: autoDraw = True
83.0284 	EXP 	down: autoDraw = True
83.0285 	EXP 	Sound  started
83.0319 	DATA 	s_up
83.0451 	EXP 	center: autoDraw = True
83.0451 	EXP 	left: autoDraw = True
83.0451 	EXP 	right: autoDraw = True
83.0451 	EXP 	up: autoDraw = True
83.0451 	EXP 	down: autoDraw = True
83.0620 	EXP 	center: autoDraw = True
83.0620 	EXP 	left: autoDraw = True
83.0620 	EXP 	right: autoDraw = True
83.0620 	EXP 	up: autoDraw = True
83.0620 	EXP 	down: autoDraw = True
83.0784 	EXP 	center: autoDraw = True
83.0784 	EXP 	left: autoDraw = True
83.0784 	EXP 	right: autoDraw = True
83.0784 	EXP 	up: autoDraw = True
83.0784 	EXP 	down: autoDraw = True
83.0949 	EXP 	center: autoDraw = True
83.0949 	EXP 	left: autoDraw = True
83.0949 	EXP 	right: autoDraw = True
83.0949 	EXP 	up: autoDraw = True
83.0949 	EXP 	down: autoDraw = True
83.1119 	EXP 	center: autoDraw = True
83.1119 	EXP 	left: autoDraw = True
83.1119 	EXP 	right: autoDraw = True
83.1119 	EXP 	up: autoDraw = True
83.1119 	EXP 	down: autoDraw = True
83.1287 	EXP 	center: autoDraw = True
83.1287 	EXP 	left: autoDraw = True
83.1287 	EXP 	right: autoDraw = True
83.1287 	EXP 	up: autoDraw = True
83.1287 	EXP 	down: autoDraw = True
83.1451 	EXP 	center: autoDraw = True
83.1451 	EXP 	left: autoDraw = True
83.1451 	EXP 	right: autoDraw = True
83.1451 	EXP 	up: autoDraw = True
83.1451 	EXP 	down: autoDraw = True
83.1618 	EXP 	center: autoDraw = True
83.1618 	EXP 	left: autoDraw = True
83.1618 	EXP 	right: autoDraw = True
83.1618 	EXP 	up: autoDraw = True
83.1618 	EXP 	down: autoDraw = True
83.1783 	EXP 	center: autoDraw = True
83.1783 	EXP 	left: autoDraw = True
83.1783 	EXP 	right: autoDraw = True
83.1783 	EXP 	up: autoDraw = True
83.1783 	EXP 	down: autoDraw = True
83.1951 	EXP 	center: autoDraw = True
83.1951 	EXP 	left: autoDraw = True
83.1951 	EXP 	right: autoDraw = True
83.1951 	EXP 	up: autoDraw = True
83.1951 	EXP 	down: autoDraw = True
83.2111 	EXP 	center: autoDraw = True
83.2111 	EXP 	left: autoDraw = True
83.2111 	EXP 	right: autoDraw = True
83.2111 	EXP 	up: autoDraw = True
83.2111 	EXP 	down: autoDraw = True
83.2283 	EXP 	center: autoDraw = True
83.2283 	EXP 	left: autoDraw = True
83.2283 	EXP 	right: autoDraw = True
83.2283 	EXP 	up: autoDraw = True
83.2283 	EXP 	down: autoDraw = True
83.2452 	EXP 	center: autoDraw = True
83.2452 	EXP 	left: autoDraw = True
83.2452 	EXP 	right: autoDraw = True
83.2452 	EXP 	up: autoDraw = True
83.2452 	EXP 	down: autoDraw = True
83.2620 	EXP 	center: autoDraw = True
83.2620 	EXP 	left: autoDraw = True
83.2620 	EXP 	right: autoDraw = True
83.2620 	EXP 	up: autoDraw = True
83.2620 	EXP 	down: autoDraw = True
83.2783 	EXP 	center: autoDraw = True
83.2783 	EXP 	left: autoDraw = True
83.2783 	EXP 	right: autoDraw = True
83.2783 	EXP 	up: autoDraw = True
83.2783 	EXP 	down: autoDraw = True
83.2953 	EXP 	center: autoDraw = True
83.2953 	EXP 	left: autoDraw = True
83.2953 	EXP 	right: autoDraw = True
83.2953 	EXP 	up: autoDraw = True
83.2953 	EXP 	down: autoDraw = True
83.3116 	EXP 	center: autoDraw = True
83.3116 	EXP 	left: autoDraw = True
83.3116 	EXP 	right: autoDraw = True
83.3116 	EXP 	up: autoDraw = True
83.3116 	EXP 	down: autoDraw = True
83.3284 	EXP 	center: autoDraw = True
83.3284 	EXP 	left: autoDraw = True
83.3284 	EXP 	right: autoDraw = True
83.3284 	EXP 	up: autoDraw = True
83.3284 	EXP 	down: autoDraw = True
83.3452 	EXP 	center: autoDraw = True
83.3452 	EXP 	left: autoDraw = True
83.3452 	EXP 	right: autoDraw = True
83.3452 	EXP 	up: autoDraw = True
83.3452 	EXP 	down: autoDraw = True
83.3619 	EXP 	center: autoDraw = True
83.3619 	EXP 	left: autoDraw = True
83.3619 	EXP 	right: autoDraw = True
83.3619 	EXP 	up: autoDraw = True
83.3619 	EXP 	down: autoDraw = True
83.3621 	DATA 	wsqS
83.3783 	EXP 	center: autoDraw = True
83.3783 	EXP 	left: autoDraw = True
83.3783 	EXP 	right: autoDraw = True
83.3783 	EXP 	up: autoDraw = True
83.3783 	EXP 	down: autoDraw = True
83.3783 	EXP 	whitesquare: autoDraw = True
83.3948 	EXP 	center: autoDraw = True
83.3948 	EXP 	left: autoDraw = True
83.3948 	EXP 	right: autoDraw = True
83.3948 	EXP 	up: autoDraw = True
83.3948 	EXP 	down: autoDraw = True
83.3948 	EXP 	whitesquare: autoDraw = False
83.4118 	EXP 	center: autoDraw = True
83.4118 	EXP 	left: autoDraw = True
83.4118 	EXP 	right: autoDraw = True
83.4118 	EXP 	up: autoDraw = True
83.4118 	EXP 	down: autoDraw = True
83.4285 	EXP 	center: autoDraw = True
83.4285 	EXP 	left: autoDraw = True
83.4285 	EXP 	right: autoDraw = True
83.4285 	EXP 	up: autoDraw = True
83.4285 	EXP 	down: autoDraw = True
83.4447 	EXP 	center: autoDraw = True
83.4447 	EXP 	left: autoDraw = True
83.4447 	EXP 	right: autoDraw = True
83.4447 	EXP 	up: autoDraw = True
83.4447 	EXP 	down: autoDraw = True
83.4616 	EXP 	center: autoDraw = True
83.4616 	EXP 	left: autoDraw = True
83.4616 	EXP 	right: autoDraw = True
83.4616 	EXP 	up: autoDraw = True
83.4616 	EXP 	down: autoDraw = True
83.4780 	EXP 	center: autoDraw = True
83.4780 	EXP 	left: autoDraw = True
83.4780 	EXP 	right: autoDraw = True
83.4780 	EXP 	up: autoDraw = True
83.4780 	EXP 	down: autoDraw = True
83.4950 	EXP 	center: autoDraw = True
83.4950 	EXP 	left: autoDraw = True
83.4950 	EXP 	right: autoDraw = True
83.4950 	EXP 	up: autoDraw = True
83.4950 	EXP 	down: autoDraw = True
83.5118 	EXP 	center: autoDraw = True
83.5118 	EXP 	left: autoDraw = True
83.5118 	EXP 	right: autoDraw = True
83.5118 	EXP 	up: autoDraw = True
83.5118 	EXP 	down: autoDraw = True
83.5284 	EXP 	center: autoDraw = True
83.5284 	EXP 	left: autoDraw = True
83.5284 	EXP 	right: autoDraw = True
83.5284 	EXP 	up: autoDraw = True
83.5284 	EXP 	down: autoDraw = True
83.5452 	EXP 	center: autoDraw = True
83.5452 	EXP 	left: autoDraw = True
83.5452 	EXP 	right: autoDraw = True
83.5452 	EXP 	up: autoDraw = True
83.5452 	EXP 	down: autoDraw = True
83.5616 	EXP 	center: autoDraw = True
83.5616 	EXP 	left: autoDraw = True
83.5616 	EXP 	right: autoDraw = True
83.5616 	EXP 	up: autoDraw = True
83.5616 	EXP 	down: autoDraw = True
83.5785 	EXP 	center: autoDraw = True
83.5785 	EXP 	left: autoDraw = True
83.5785 	EXP 	right: autoDraw = True
83.5785 	EXP 	up: autoDraw = True
83.5785 	EXP 	down: autoDraw = True
83.5954 	EXP 	center: autoDraw = True
83.5954 	EXP 	left: autoDraw = True
83.5954 	EXP 	right: autoDraw = True
83.5954 	EXP 	up: autoDraw = True
83.5954 	EXP 	down: autoDraw = True
83.6116 	EXP 	center: autoDraw = True
83.6116 	EXP 	left: autoDraw = True
83.6116 	EXP 	right: autoDraw = True
83.6116 	EXP 	up: autoDraw = True
83.6116 	EXP 	down: autoDraw = True
83.6284 	EXP 	center: autoDraw = True
83.6284 	EXP 	left: autoDraw = True
83.6284 	EXP 	right: autoDraw = True
83.6284 	EXP 	up: autoDraw = True
83.6284 	EXP 	down: autoDraw = True
83.6452 	EXP 	center: autoDraw = True
83.6452 	EXP 	left: autoDraw = True
83.6452 	EXP 	right: autoDraw = True
83.6452 	EXP 	up: autoDraw = True
83.6452 	EXP 	down: autoDraw = True
83.6617 	EXP 	center: autoDraw = True
83.6617 	EXP 	left: autoDraw = True
83.6617 	EXP 	right: autoDraw = True
83.6617 	EXP 	up: autoDraw = True
83.6617 	EXP 	down: autoDraw = True
83.6785 	EXP 	center: autoDraw = True
83.6785 	EXP 	left: autoDraw = True
83.6785 	EXP 	right: autoDraw = True
83.6785 	EXP 	up: autoDraw = True
83.6785 	EXP 	down: autoDraw = True
83.6953 	EXP 	center: autoDraw = True
83.6953 	EXP 	left: autoDraw = True
83.6953 	EXP 	right: autoDraw = True
83.6953 	EXP 	up: autoDraw = True
83.6953 	EXP 	down: autoDraw = True
83.7115 	EXP 	center: autoDraw = True
83.7115 	EXP 	left: autoDraw = True
83.7115 	EXP 	right: autoDraw = True
83.7115 	EXP 	up: autoDraw = True
83.7115 	EXP 	down: autoDraw = True
83.7284 	EXP 	center: autoDraw = True
83.7284 	EXP 	left: autoDraw = True
83.7284 	EXP 	right: autoDraw = True
83.7284 	EXP 	up: autoDraw = True
83.7284 	EXP 	down: autoDraw = True
83.7452 	EXP 	center: autoDraw = True
83.7452 	EXP 	left: autoDraw = True
83.7452 	EXP 	right: autoDraw = True
83.7452 	EXP 	up: autoDraw = True
83.7452 	EXP 	down: autoDraw = True
83.7621 	EXP 	center: autoDraw = True
83.7621 	EXP 	left: autoDraw = True
83.7621 	EXP 	right: autoDraw = True
83.7621 	EXP 	up: autoDraw = True
83.7621 	EXP 	down: autoDraw = True
83.7783 	EXP 	center: autoDraw = True
83.7783 	EXP 	left: autoDraw = True
83.7783 	EXP 	right: autoDraw = True
83.7783 	EXP 	up: autoDraw = True
83.7783 	EXP 	down: autoDraw = True
83.7951 	EXP 	center: autoDraw = True
83.7951 	EXP 	left: autoDraw = True
83.7951 	EXP 	right: autoDraw = True
83.7951 	EXP 	up: autoDraw = True
83.7951 	EXP 	down: autoDraw = True
83.8119 	EXP 	center: autoDraw = True
83.8119 	EXP 	left: autoDraw = True
83.8119 	EXP 	right: autoDraw = True
83.8119 	EXP 	up: autoDraw = True
83.8119 	EXP 	down: autoDraw = True
83.8283 	EXP 	center: autoDraw = True
83.8283 	EXP 	left: autoDraw = True
83.8283 	EXP 	right: autoDraw = True
83.8283 	EXP 	up: autoDraw = True
83.8283 	EXP 	down: autoDraw = True
83.8452 	EXP 	center: autoDraw = True
83.8452 	EXP 	left: autoDraw = True
83.8452 	EXP 	right: autoDraw = True
83.8452 	EXP 	up: autoDraw = True
83.8452 	EXP 	down: autoDraw = True
83.8611 	EXP 	center: autoDraw = True
83.8611 	EXP 	left: autoDraw = True
83.8611 	EXP 	right: autoDraw = True
83.8611 	EXP 	up: autoDraw = True
83.8611 	EXP 	down: autoDraw = True
83.8783 	EXP 	center: autoDraw = True
83.8783 	EXP 	left: autoDraw = True
83.8783 	EXP 	right: autoDraw = True
83.8783 	EXP 	up: autoDraw = True
83.8783 	EXP 	down: autoDraw = True
83.8953 	EXP 	center: autoDraw = True
83.8953 	EXP 	left: autoDraw = True
83.8953 	EXP 	right: autoDraw = True
83.8953 	EXP 	up: autoDraw = True
83.8953 	EXP 	down: autoDraw = True
83.9120 	EXP 	center: autoDraw = True
83.9120 	EXP 	left: autoDraw = True
83.9120 	EXP 	right: autoDraw = True
83.9120 	EXP 	up: autoDraw = True
83.9120 	EXP 	down: autoDraw = True
83.9283 	EXP 	center: autoDraw = True
83.9283 	EXP 	left: autoDraw = True
83.9283 	EXP 	right: autoDraw = True
83.9283 	EXP 	up: autoDraw = True
83.9283 	EXP 	down: autoDraw = True
83.9449 	EXP 	center: autoDraw = True
83.9449 	EXP 	left: autoDraw = True
83.9449 	EXP 	right: autoDraw = True
83.9449 	EXP 	up: autoDraw = True
83.9449 	EXP 	down: autoDraw = True
83.9616 	EXP 	center: autoDraw = True
83.9616 	EXP 	left: autoDraw = True
83.9616 	EXP 	right: autoDraw = True
83.9616 	EXP 	up: autoDraw = True
83.9616 	EXP 	down: autoDraw = True
83.9786 	EXP 	center: autoDraw = True
83.9786 	EXP 	left: autoDraw = True
83.9786 	EXP 	right: autoDraw = True
83.9786 	EXP 	up: autoDraw = True
83.9786 	EXP 	down: autoDraw = True
83.9950 	EXP 	center: autoDraw = True
83.9950 	EXP 	left: autoDraw = True
83.9950 	EXP 	right: autoDraw = True
83.9950 	EXP 	up: autoDraw = True
83.9950 	EXP 	down: autoDraw = True
84.0118 	EXP 	center: autoDraw = True
84.0118 	EXP 	left: autoDraw = True
84.0118 	EXP 	right: autoDraw = True
84.0118 	EXP 	up: autoDraw = True
84.0118 	EXP 	down: autoDraw = True
84.0285 	EXP 	center: autoDraw = True
84.0285 	EXP 	left: autoDraw = True
84.0285 	EXP 	right: autoDraw = True
84.0285 	EXP 	up: autoDraw = True
84.0285 	EXP 	down: autoDraw = True
84.0450 	EXP 	center: autoDraw = True
84.0450 	EXP 	left: autoDraw = True
84.0450 	EXP 	right: autoDraw = True
84.0450 	EXP 	up: autoDraw = True
84.0450 	EXP 	down: autoDraw = True
84.0618 	EXP 	center: autoDraw = True
84.0618 	EXP 	left: autoDraw = True
84.0618 	EXP 	right: autoDraw = True
84.0618 	EXP 	up: autoDraw = True
84.0618 	EXP 	down: autoDraw = True
84.0786 	EXP 	center: autoDraw = True
84.0786 	EXP 	left: autoDraw = True
84.0786 	EXP 	right: autoDraw = True
84.0786 	EXP 	up: autoDraw = True
84.0786 	EXP 	down: autoDraw = True
84.0947 	EXP 	center: autoDraw = True
84.0947 	EXP 	left: autoDraw = True
84.0947 	EXP 	right: autoDraw = True
84.0947 	EXP 	up: autoDraw = True
84.0947 	EXP 	down: autoDraw = True
84.1118 	EXP 	center: autoDraw = True
84.1118 	EXP 	left: autoDraw = True
84.1118 	EXP 	right: autoDraw = True
84.1118 	EXP 	up: autoDraw = True
84.1118 	EXP 	down: autoDraw = True
84.1283 	EXP 	center: autoDraw = True
84.1283 	EXP 	left: autoDraw = True
84.1283 	EXP 	right: autoDraw = True
84.1283 	EXP 	up: autoDraw = True
84.1283 	EXP 	down: autoDraw = True
84.1452 	EXP 	center: autoDraw = True
84.1452 	EXP 	left: autoDraw = True
84.1452 	EXP 	right: autoDraw = True
84.1452 	EXP 	up: autoDraw = True
84.1452 	EXP 	down: autoDraw = True
84.1621 	EXP 	center: autoDraw = True
84.1621 	EXP 	left: autoDraw = True
84.1621 	EXP 	right: autoDraw = True
84.1621 	EXP 	up: autoDraw = True
84.1621 	EXP 	down: autoDraw = True
84.1783 	EXP 	center: autoDraw = True
84.1783 	EXP 	left: autoDraw = True
84.1783 	EXP 	right: autoDraw = True
84.1783 	EXP 	up: autoDraw = True
84.1783 	EXP 	down: autoDraw = True
84.1951 	EXP 	center: autoDraw = True
84.1951 	EXP 	left: autoDraw = True
84.1951 	EXP 	right: autoDraw = True
84.1951 	EXP 	up: autoDraw = True
84.1951 	EXP 	down: autoDraw = True
84.2116 	EXP 	center: autoDraw = True
84.2116 	EXP 	left: autoDraw = True
84.2116 	EXP 	right: autoDraw = True
84.2116 	EXP 	up: autoDraw = True
84.2116 	EXP 	down: autoDraw = True
84.2284 	EXP 	center: autoDraw = True
84.2284 	EXP 	left: autoDraw = True
84.2284 	EXP 	right: autoDraw = True
84.2284 	EXP 	up: autoDraw = True
84.2284 	EXP 	down: autoDraw = True
84.2444 	EXP 	center: autoDraw = True
84.2444 	EXP 	left: autoDraw = True
84.2444 	EXP 	right: autoDraw = True
84.2444 	EXP 	up: autoDraw = True
84.2444 	EXP 	down: autoDraw = True
84.2617 	EXP 	center: autoDraw = True
84.2617 	EXP 	left: autoDraw = True
84.2617 	EXP 	right: autoDraw = True
84.2617 	EXP 	up: autoDraw = True
84.2617 	EXP 	down: autoDraw = True
84.2785 	EXP 	center: autoDraw = True
84.2785 	EXP 	left: autoDraw = True
84.2785 	EXP 	right: autoDraw = True
84.2785 	EXP 	up: autoDraw = True
84.2785 	EXP 	down: autoDraw = True
84.2952 	EXP 	center: autoDraw = True
84.2952 	EXP 	left: autoDraw = True
84.2952 	EXP 	right: autoDraw = True
84.2952 	EXP 	up: autoDraw = True
84.2952 	EXP 	down: autoDraw = True
84.3112 	EXP 	center: autoDraw = True
84.3112 	EXP 	left: autoDraw = True
84.3112 	EXP 	right: autoDraw = True
84.3112 	EXP 	up: autoDraw = True
84.3112 	EXP 	down: autoDraw = True
84.3282 	EXP 	center: autoDraw = True
84.3282 	EXP 	left: autoDraw = True
84.3282 	EXP 	right: autoDraw = True
84.3282 	EXP 	up: autoDraw = True
84.3282 	EXP 	down: autoDraw = True
84.3451 	EXP 	center: autoDraw = True
84.3451 	EXP 	left: autoDraw = True
84.3451 	EXP 	right: autoDraw = True
84.3451 	EXP 	up: autoDraw = True
84.3451 	EXP 	down: autoDraw = True
84.3616 	EXP 	center: autoDraw = True
84.3616 	EXP 	left: autoDraw = True
84.3616 	EXP 	right: autoDraw = True
84.3616 	EXP 	up: autoDraw = True
84.3616 	EXP 	down: autoDraw = True
84.3784 	EXP 	center: autoDraw = True
84.3784 	EXP 	left: autoDraw = True
84.3784 	EXP 	right: autoDraw = True
84.3784 	EXP 	up: autoDraw = True
84.3784 	EXP 	down: autoDraw = True
84.3950 	EXP 	center: autoDraw = True
84.3950 	EXP 	left: autoDraw = True
84.3950 	EXP 	right: autoDraw = True
84.3950 	EXP 	up: autoDraw = True
84.3950 	EXP 	down: autoDraw = True
84.4118 	EXP 	center: autoDraw = True
84.4118 	EXP 	left: autoDraw = True
84.4118 	EXP 	right: autoDraw = True
84.4118 	EXP 	up: autoDraw = True
84.4118 	EXP 	down: autoDraw = True
84.4282 	EXP 	center: autoDraw = True
84.4282 	EXP 	left: autoDraw = True
84.4282 	EXP 	right: autoDraw = True
84.4282 	EXP 	up: autoDraw = True
84.4282 	EXP 	down: autoDraw = True
84.4450 	EXP 	center: autoDraw = True
84.4450 	EXP 	left: autoDraw = True
84.4450 	EXP 	right: autoDraw = True
84.4450 	EXP 	up: autoDraw = True
84.4450 	EXP 	down: autoDraw = True
84.4618 	EXP 	center: autoDraw = True
84.4618 	EXP 	left: autoDraw = True
84.4618 	EXP 	right: autoDraw = True
84.4618 	EXP 	up: autoDraw = True
84.4618 	EXP 	down: autoDraw = True
84.4783 	EXP 	center: autoDraw = True
84.4783 	EXP 	left: autoDraw = True
84.4783 	EXP 	right: autoDraw = True
84.4783 	EXP 	up: autoDraw = True
84.4783 	EXP 	down: autoDraw = True
84.4949 	EXP 	center: autoDraw = True
84.4949 	EXP 	left: autoDraw = True
84.4949 	EXP 	right: autoDraw = True
84.4949 	EXP 	up: autoDraw = True
84.4949 	EXP 	down: autoDraw = True
84.5115 	EXP 	center: autoDraw = True
84.5115 	EXP 	left: autoDraw = True
84.5115 	EXP 	right: autoDraw = True
84.5115 	EXP 	up: autoDraw = True
84.5115 	EXP 	down: autoDraw = True
84.5282 	EXP 	center: autoDraw = True
84.5282 	EXP 	left: autoDraw = True
84.5282 	EXP 	right: autoDraw = True
84.5282 	EXP 	up: autoDraw = True
84.5282 	EXP 	down: autoDraw = True
84.5455 	EXP 	center: autoDraw = True
84.5455 	EXP 	left: autoDraw = True
84.5455 	EXP 	right: autoDraw = True
84.5455 	EXP 	up: autoDraw = True
84.5455 	EXP 	down: autoDraw = True
84.5616 	EXP 	center: autoDraw = True
84.5616 	EXP 	left: autoDraw = True
84.5616 	EXP 	right: autoDraw = True
84.5616 	EXP 	up: autoDraw = True
84.5616 	EXP 	down: autoDraw = True
84.5783 	EXP 	center: autoDraw = True
84.5783 	EXP 	left: autoDraw = True
84.5783 	EXP 	right: autoDraw = True
84.5783 	EXP 	up: autoDraw = True
84.5783 	EXP 	down: autoDraw = True
84.5951 	EXP 	center: autoDraw = True
84.5951 	EXP 	left: autoDraw = True
84.5951 	EXP 	right: autoDraw = True
84.5951 	EXP 	up: autoDraw = True
84.5951 	EXP 	down: autoDraw = True
84.6119 	EXP 	center: autoDraw = True
84.6119 	EXP 	left: autoDraw = True
84.6119 	EXP 	right: autoDraw = True
84.6119 	EXP 	up: autoDraw = True
84.6119 	EXP 	down: autoDraw = True
84.6286 	EXP 	center: autoDraw = True
84.6286 	EXP 	left: autoDraw = True
84.6286 	EXP 	right: autoDraw = True
84.6286 	EXP 	up: autoDraw = True
84.6286 	EXP 	down: autoDraw = True
84.6450 	EXP 	center: autoDraw = True
84.6450 	EXP 	left: autoDraw = True
84.6450 	EXP 	right: autoDraw = True
84.6450 	EXP 	up: autoDraw = True
84.6450 	EXP 	down: autoDraw = True
84.6619 	EXP 	center: autoDraw = True
84.6619 	EXP 	left: autoDraw = True
84.6619 	EXP 	right: autoDraw = True
84.6619 	EXP 	up: autoDraw = True
84.6619 	EXP 	down: autoDraw = True
84.6782 	EXP 	center: autoDraw = True
84.6782 	EXP 	left: autoDraw = True
84.6782 	EXP 	right: autoDraw = True
84.6782 	EXP 	up: autoDraw = True
84.6782 	EXP 	down: autoDraw = True
84.6951 	EXP 	center: autoDraw = True
84.6951 	EXP 	left: autoDraw = True
84.6951 	EXP 	right: autoDraw = True
84.6951 	EXP 	up: autoDraw = True
84.6951 	EXP 	down: autoDraw = True
84.7116 	EXP 	center: autoDraw = True
84.7116 	EXP 	left: autoDraw = True
84.7116 	EXP 	right: autoDraw = True
84.7116 	EXP 	up: autoDraw = True
84.7116 	EXP 	down: autoDraw = True
84.7284 	EXP 	center: autoDraw = True
84.7284 	EXP 	left: autoDraw = True
84.7284 	EXP 	right: autoDraw = True
84.7284 	EXP 	up: autoDraw = True
84.7284 	EXP 	down: autoDraw = True
84.7449 	EXP 	center: autoDraw = True
84.7449 	EXP 	left: autoDraw = True
84.7449 	EXP 	right: autoDraw = True
84.7449 	EXP 	up: autoDraw = True
84.7449 	EXP 	down: autoDraw = True
84.7617 	EXP 	center: autoDraw = True
84.7617 	EXP 	left: autoDraw = True
84.7617 	EXP 	right: autoDraw = True
84.7617 	EXP 	up: autoDraw = True
84.7617 	EXP 	down: autoDraw = True
84.7783 	EXP 	center: autoDraw = True
84.7783 	EXP 	left: autoDraw = True
84.7783 	EXP 	right: autoDraw = True
84.7783 	EXP 	up: autoDraw = True
84.7783 	EXP 	down: autoDraw = True
84.7950 	EXP 	center: autoDraw = True
84.7950 	EXP 	left: autoDraw = True
84.7950 	EXP 	right: autoDraw = True
84.7950 	EXP 	up: autoDraw = True
84.7950 	EXP 	down: autoDraw = True
84.8119 	EXP 	center: autoDraw = True
84.8119 	EXP 	left: autoDraw = True
84.8119 	EXP 	right: autoDraw = True
84.8119 	EXP 	up: autoDraw = True
84.8119 	EXP 	down: autoDraw = True
84.8282 	EXP 	center: autoDraw = True
84.8282 	EXP 	left: autoDraw = True
84.8282 	EXP 	right: autoDraw = True
84.8282 	EXP 	up: autoDraw = True
84.8282 	EXP 	down: autoDraw = True
84.8451 	EXP 	center: autoDraw = True
84.8451 	EXP 	left: autoDraw = True
84.8451 	EXP 	right: autoDraw = True
84.8451 	EXP 	up: autoDraw = True
84.8451 	EXP 	down: autoDraw = True
84.8617 	EXP 	center: autoDraw = True
84.8617 	EXP 	left: autoDraw = True
84.8617 	EXP 	right: autoDraw = True
84.8617 	EXP 	up: autoDraw = True
84.8617 	EXP 	down: autoDraw = True
84.8785 	EXP 	center: autoDraw = True
84.8785 	EXP 	left: autoDraw = True
84.8785 	EXP 	right: autoDraw = True
84.8785 	EXP 	up: autoDraw = True
84.8785 	EXP 	down: autoDraw = True
84.8950 	EXP 	center: autoDraw = True
84.8950 	EXP 	left: autoDraw = True
84.8950 	EXP 	right: autoDraw = True
84.8950 	EXP 	up: autoDraw = True
84.8950 	EXP 	down: autoDraw = True
84.9117 	EXP 	center: autoDraw = True
84.9117 	EXP 	left: autoDraw = True
84.9117 	EXP 	right: autoDraw = True
84.9117 	EXP 	up: autoDraw = True
84.9117 	EXP 	down: autoDraw = True
84.9285 	EXP 	center: autoDraw = True
84.9285 	EXP 	left: autoDraw = True
84.9285 	EXP 	right: autoDraw = True
84.9285 	EXP 	up: autoDraw = True
84.9285 	EXP 	down: autoDraw = True
84.9449 	EXP 	center: autoDraw = True
84.9449 	EXP 	left: autoDraw = True
84.9449 	EXP 	right: autoDraw = True
84.9449 	EXP 	up: autoDraw = True
84.9449 	EXP 	down: autoDraw = True
84.9614 	EXP 	center: autoDraw = True
84.9614 	EXP 	left: autoDraw = True
84.9614 	EXP 	right: autoDraw = True
84.9614 	EXP 	up: autoDraw = True
84.9614 	EXP 	down: autoDraw = True
84.9783 	EXP 	center: autoDraw = True
84.9783 	EXP 	left: autoDraw = True
84.9783 	EXP 	right: autoDraw = True
84.9783 	EXP 	up: autoDraw = True
84.9783 	EXP 	down: autoDraw = True
84.9952 	EXP 	center: autoDraw = True
84.9952 	EXP 	left: autoDraw = True
84.9952 	EXP 	right: autoDraw = True
84.9952 	EXP 	up: autoDraw = True
84.9952 	EXP 	down: autoDraw = True
85.0116 	EXP 	center: autoDraw = True
85.0116 	EXP 	left: autoDraw = True
85.0116 	EXP 	right: autoDraw = True
85.0116 	EXP 	up: autoDraw = True
85.0116 	EXP 	down: autoDraw = True
85.0283 	EXP 	center: autoDraw = True
85.0283 	EXP 	left: autoDraw = True
85.0283 	EXP 	right: autoDraw = True
85.0283 	EXP 	up: autoDraw = True
85.0283 	EXP 	down: autoDraw = True
85.0452 	EXP 	center: autoDraw = True
85.0452 	EXP 	left: autoDraw = True
85.0452 	EXP 	right: autoDraw = True
85.0452 	EXP 	up: autoDraw = True
85.0452 	EXP 	down: autoDraw = True
85.0616 	EXP 	center: autoDraw = True
85.0616 	EXP 	left: autoDraw = True
85.0616 	EXP 	right: autoDraw = True
85.0616 	EXP 	up: autoDraw = True
85.0616 	EXP 	down: autoDraw = True
85.0784 	EXP 	center: autoDraw = True
85.0784 	EXP 	left: autoDraw = True
85.0784 	EXP 	right: autoDraw = True
85.0784 	EXP 	up: autoDraw = True
85.0784 	EXP 	down: autoDraw = True
85.0949 	EXP 	center: autoDraw = True
85.0949 	EXP 	left: autoDraw = True
85.0949 	EXP 	right: autoDraw = True
85.0949 	EXP 	up: autoDraw = True
85.0949 	EXP 	down: autoDraw = True
85.1118 	EXP 	center: autoDraw = True
85.1118 	EXP 	left: autoDraw = True
85.1118 	EXP 	right: autoDraw = True
85.1118 	EXP 	up: autoDraw = True
85.1118 	EXP 	down: autoDraw = True
85.1280 	EXP 	center: autoDraw = True
85.1280 	EXP 	left: autoDraw = True
85.1280 	EXP 	right: autoDraw = True
85.1280 	EXP 	up: autoDraw = True
85.1280 	EXP 	down: autoDraw = True
85.1451 	EXP 	center: autoDraw = True
85.1451 	EXP 	left: autoDraw = True
85.1451 	EXP 	right: autoDraw = True
85.1451 	EXP 	up: autoDraw = True
85.1451 	EXP 	down: autoDraw = True
85.1615 	EXP 	center: autoDraw = True
85.1615 	EXP 	left: autoDraw = True
85.1615 	EXP 	right: autoDraw = True
85.1615 	EXP 	up: autoDraw = True
85.1615 	EXP 	down: autoDraw = True
85.1783 	EXP 	center: autoDraw = True
85.1783 	EXP 	left: autoDraw = True
85.1783 	EXP 	right: autoDraw = True
85.1783 	EXP 	up: autoDraw = True
85.1783 	EXP 	down: autoDraw = True
85.1951 	EXP 	center: autoDraw = True
85.1951 	EXP 	left: autoDraw = True
85.1951 	EXP 	right: autoDraw = True
85.1951 	EXP 	up: autoDraw = True
85.1951 	EXP 	down: autoDraw = True
85.2115 	EXP 	center: autoDraw = True
85.2115 	EXP 	left: autoDraw = True
85.2115 	EXP 	right: autoDraw = True
85.2115 	EXP 	up: autoDraw = True
85.2115 	EXP 	down: autoDraw = True
85.2282 	EXP 	center: autoDraw = True
85.2282 	EXP 	left: autoDraw = True
85.2282 	EXP 	right: autoDraw = True
85.2282 	EXP 	up: autoDraw = True
85.2282 	EXP 	down: autoDraw = True
85.2452 	EXP 	center: autoDraw = True
85.2452 	EXP 	left: autoDraw = True
85.2452 	EXP 	right: autoDraw = True
85.2452 	EXP 	up: autoDraw = True
85.2452 	EXP 	down: autoDraw = True
85.2615 	EXP 	center: autoDraw = True
85.2615 	EXP 	left: autoDraw = True
85.2615 	EXP 	right: autoDraw = True
85.2615 	EXP 	up: autoDraw = True
85.2615 	EXP 	down: autoDraw = True
85.2777 	EXP 	center: autoDraw = True
85.2777 	EXP 	left: autoDraw = True
85.2777 	EXP 	right: autoDraw = True
85.2777 	EXP 	up: autoDraw = True
85.2777 	EXP 	down: autoDraw = True
85.2950 	EXP 	center: autoDraw = True
85.2950 	EXP 	left: autoDraw = True
85.2950 	EXP 	right: autoDraw = True
85.2950 	EXP 	up: autoDraw = True
85.2950 	EXP 	down: autoDraw = True
85.3118 	EXP 	center: autoDraw = True
85.3118 	EXP 	left: autoDraw = True
85.3118 	EXP 	right: autoDraw = True
85.3118 	EXP 	up: autoDraw = True
85.3118 	EXP 	down: autoDraw = True
85.3282 	EXP 	center: autoDraw = True
85.3282 	EXP 	left: autoDraw = True
85.3282 	EXP 	right: autoDraw = True
85.3282 	EXP 	up: autoDraw = True
85.3282 	EXP 	down: autoDraw = True
85.3451 	EXP 	center: autoDraw = True
85.3451 	EXP 	left: autoDraw = True
85.3451 	EXP 	right: autoDraw = True
85.3451 	EXP 	up: autoDraw = True
85.3451 	EXP 	down: autoDraw = True
85.3612 	EXP 	center: autoDraw = True
85.3612 	EXP 	left: autoDraw = True
85.3612 	EXP 	right: autoDraw = True
85.3612 	EXP 	up: autoDraw = True
85.3612 	EXP 	down: autoDraw = True
85.3783 	EXP 	center: autoDraw = True
85.3783 	EXP 	left: autoDraw = True
85.3783 	EXP 	right: autoDraw = True
85.3783 	EXP 	up: autoDraw = True
85.3783 	EXP 	down: autoDraw = True
85.3949 	EXP 	center: autoDraw = True
85.3949 	EXP 	left: autoDraw = True
85.3949 	EXP 	right: autoDraw = True
85.3949 	EXP 	up: autoDraw = True
85.3949 	EXP 	down: autoDraw = True
85.4118 	EXP 	center: autoDraw = True
85.4118 	EXP 	left: autoDraw = True
85.4118 	EXP 	right: autoDraw = True
85.4118 	EXP 	up: autoDraw = True
85.4118 	EXP 	down: autoDraw = True
85.4282 	EXP 	center: autoDraw = True
85.4282 	EXP 	left: autoDraw = True
85.4282 	EXP 	right: autoDraw = True
85.4282 	EXP 	up: autoDraw = True
85.4282 	EXP 	down: autoDraw = True
85.4450 	EXP 	center: autoDraw = True
85.4450 	EXP 	left: autoDraw = True
85.4450 	EXP 	right: autoDraw = True
85.4450 	EXP 	up: autoDraw = True
85.4450 	EXP 	down: autoDraw = True
85.4617 	EXP 	center: autoDraw = True
85.4617 	EXP 	left: autoDraw = True
85.4617 	EXP 	right: autoDraw = True
85.4617 	EXP 	up: autoDraw = True
85.4617 	EXP 	down: autoDraw = True
85.4784 	EXP 	center: autoDraw = True
85.4784 	EXP 	left: autoDraw = True
85.4784 	EXP 	right: autoDraw = True
85.4784 	EXP 	up: autoDraw = True
85.4784 	EXP 	down: autoDraw = True
85.4952 	EXP 	center: autoDraw = True
85.4952 	EXP 	left: autoDraw = True
85.4952 	EXP 	right: autoDraw = True
85.4952 	EXP 	up: autoDraw = True
85.4952 	EXP 	down: autoDraw = True
85.5115 	EXP 	center: autoDraw = True
85.5115 	EXP 	left: autoDraw = True
85.5115 	EXP 	right: autoDraw = True
85.5115 	EXP 	up: autoDraw = True
85.5115 	EXP 	down: autoDraw = True
85.5283 	EXP 	center: autoDraw = True
85.5283 	EXP 	left: autoDraw = True
85.5283 	EXP 	right: autoDraw = True
85.5283 	EXP 	up: autoDraw = True
85.5283 	EXP 	down: autoDraw = True
85.5446 	EXP 	center: autoDraw = True
85.5446 	EXP 	left: autoDraw = True
85.5446 	EXP 	right: autoDraw = True
85.5446 	EXP 	up: autoDraw = True
85.5446 	EXP 	down: autoDraw = True
85.5616 	EXP 	center: autoDraw = True
85.5616 	EXP 	left: autoDraw = True
85.5616 	EXP 	right: autoDraw = True
85.5616 	EXP 	up: autoDraw = True
85.5616 	EXP 	down: autoDraw = True
85.5784 	EXP 	center: autoDraw = True
85.5784 	EXP 	left: autoDraw = True
85.5784 	EXP 	right: autoDraw = True
85.5784 	EXP 	up: autoDraw = True
85.5784 	EXP 	down: autoDraw = True
85.5952 	EXP 	center: autoDraw = True
85.5952 	EXP 	left: autoDraw = True
85.5952 	EXP 	right: autoDraw = True
85.5952 	EXP 	up: autoDraw = True
85.5952 	EXP 	down: autoDraw = True
85.6115 	EXP 	center: autoDraw = True
85.6115 	EXP 	left: autoDraw = True
85.6115 	EXP 	right: autoDraw = True
85.6115 	EXP 	up: autoDraw = True
85.6115 	EXP 	down: autoDraw = True
85.6283 	EXP 	center: autoDraw = True
85.6283 	EXP 	left: autoDraw = True
85.6283 	EXP 	right: autoDraw = True
85.6283 	EXP 	up: autoDraw = True
85.6283 	EXP 	down: autoDraw = True
85.6452 	EXP 	center: autoDraw = True
85.6452 	EXP 	left: autoDraw = True
85.6452 	EXP 	right: autoDraw = True
85.6452 	EXP 	up: autoDraw = True
85.6452 	EXP 	down: autoDraw = True
85.6619 	EXP 	center: autoDraw = True
85.6619 	EXP 	left: autoDraw = True
85.6619 	EXP 	right: autoDraw = True
85.6619 	EXP 	up: autoDraw = True
85.6619 	EXP 	down: autoDraw = True
85.6781 	EXP 	center: autoDraw = True
85.6781 	EXP 	left: autoDraw = True
85.6781 	EXP 	right: autoDraw = True
85.6781 	EXP 	up: autoDraw = True
85.6781 	EXP 	down: autoDraw = True
85.6950 	EXP 	center: autoDraw = True
85.6950 	EXP 	left: autoDraw = True
85.6950 	EXP 	right: autoDraw = True
85.6950 	EXP 	up: autoDraw = True
85.6950 	EXP 	down: autoDraw = True
85.7117 	EXP 	center: autoDraw = True
85.7117 	EXP 	left: autoDraw = True
85.7117 	EXP 	right: autoDraw = True
85.7117 	EXP 	up: autoDraw = True
85.7117 	EXP 	down: autoDraw = True
85.7285 	EXP 	center: autoDraw = True
85.7285 	EXP 	left: autoDraw = True
85.7285 	EXP 	right: autoDraw = True
85.7285 	EXP 	up: autoDraw = True
85.7285 	EXP 	down: autoDraw = True
85.7448 	EXP 	center: autoDraw = True
85.7448 	EXP 	left: autoDraw = True
85.7448 	EXP 	right: autoDraw = True
85.7448 	EXP 	up: autoDraw = True
85.7448 	EXP 	down: autoDraw = True
85.7616 	EXP 	center: autoDraw = True
85.7616 	EXP 	left: autoDraw = True
85.7616 	EXP 	right: autoDraw = True
85.7616 	EXP 	up: autoDraw = True
85.7616 	EXP 	down: autoDraw = True
85.7781 	EXP 	center: autoDraw = True
85.7781 	EXP 	left: autoDraw = True
85.7781 	EXP 	right: autoDraw = True
85.7781 	EXP 	up: autoDraw = True
85.7781 	EXP 	down: autoDraw = True
85.7949 	EXP 	center: autoDraw = True
85.7949 	EXP 	left: autoDraw = True
85.7949 	EXP 	right: autoDraw = True
85.7949 	EXP 	up: autoDraw = True
85.7949 	EXP 	down: autoDraw = True
85.8115 	EXP 	center: autoDraw = True
85.8115 	EXP 	left: autoDraw = True
85.8115 	EXP 	right: autoDraw = True
85.8115 	EXP 	up: autoDraw = True
85.8115 	EXP 	down: autoDraw = True
85.8283 	EXP 	center: autoDraw = True
85.8283 	EXP 	left: autoDraw = True
85.8283 	EXP 	right: autoDraw = True
85.8283 	EXP 	up: autoDraw = True
85.8283 	EXP 	down: autoDraw = True
85.8452 	EXP 	center: autoDraw = True
85.8452 	EXP 	left: autoDraw = True
85.8452 	EXP 	right: autoDraw = True
85.8452 	EXP 	up: autoDraw = True
85.8452 	EXP 	down: autoDraw = True
85.8615 	EXP 	center: autoDraw = True
85.8615 	EXP 	left: autoDraw = True
85.8615 	EXP 	right: autoDraw = True
85.8615 	EXP 	up: autoDraw = True
85.8615 	EXP 	down: autoDraw = True
85.8782 	EXP 	center: autoDraw = True
85.8782 	EXP 	left: autoDraw = True
85.8782 	EXP 	right: autoDraw = True
85.8782 	EXP 	up: autoDraw = True
85.8782 	EXP 	down: autoDraw = True
85.8947 	EXP 	center: autoDraw = True
85.8947 	EXP 	left: autoDraw = True
85.8947 	EXP 	right: autoDraw = True
85.8947 	EXP 	up: autoDraw = True
85.8947 	EXP 	down: autoDraw = True
85.9115 	EXP 	center: autoDraw = True
85.9115 	EXP 	left: autoDraw = True
85.9115 	EXP 	right: autoDraw = True
85.9115 	EXP 	up: autoDraw = True
85.9115 	EXP 	down: autoDraw = True
85.9278 	EXP 	center: autoDraw = True
85.9278 	EXP 	left: autoDraw = True
85.9278 	EXP 	right: autoDraw = True
85.9278 	EXP 	up: autoDraw = True
85.9278 	EXP 	down: autoDraw = True
85.9448 	EXP 	center: autoDraw = True
85.9448 	EXP 	left: autoDraw = True
85.9448 	EXP 	right: autoDraw = True
85.9448 	EXP 	up: autoDraw = True
85.9448 	EXP 	down: autoDraw = True
85.9616 	EXP 	center: autoDraw = True
85.9616 	EXP 	left: autoDraw = True
85.9616 	EXP 	right: autoDraw = True
85.9616 	EXP 	up: autoDraw = True
85.9616 	EXP 	down: autoDraw = True
85.9785 	EXP 	center: autoDraw = True
85.9785 	EXP 	left: autoDraw = True
85.9785 	EXP 	right: autoDraw = True
85.9785 	EXP 	up: autoDraw = True
85.9785 	EXP 	down: autoDraw = True
85.9948 	EXP 	center: autoDraw = True
85.9948 	EXP 	left: autoDraw = True
85.9948 	EXP 	right: autoDraw = True
85.9948 	EXP 	up: autoDraw = True
85.9948 	EXP 	down: autoDraw = True
86.0117 	EXP 	center: autoDraw = True
86.0117 	EXP 	left: autoDraw = True
86.0117 	EXP 	right: autoDraw = True
86.0117 	EXP 	up: autoDraw = True
86.0117 	EXP 	down: autoDraw = True
86.0281 	EXP 	center: autoDraw = True
86.0281 	EXP 	left: autoDraw = True
86.0281 	EXP 	right: autoDraw = True
86.0281 	EXP 	up: autoDraw = True
86.0281 	EXP 	down: autoDraw = True
86.0450 	EXP 	center: autoDraw = True
86.0450 	EXP 	left: autoDraw = True
86.0450 	EXP 	right: autoDraw = True
86.0450 	EXP 	up: autoDraw = True
86.0450 	EXP 	down: autoDraw = True
86.0617 	EXP 	center: autoDraw = True
86.0617 	EXP 	left: autoDraw = True
86.0617 	EXP 	right: autoDraw = True
86.0617 	EXP 	up: autoDraw = True
86.0617 	EXP 	down: autoDraw = True
86.0778 	EXP 	center: autoDraw = True
86.0778 	EXP 	left: autoDraw = True
86.0778 	EXP 	right: autoDraw = True
86.0778 	EXP 	up: autoDraw = True
86.0778 	EXP 	down: autoDraw = True
86.0948 	EXP 	center: autoDraw = True
86.0948 	EXP 	left: autoDraw = True
86.0948 	EXP 	right: autoDraw = True
86.0948 	EXP 	up: autoDraw = True
86.0948 	EXP 	down: autoDraw = True
86.1116 	EXP 	center: autoDraw = True
86.1116 	EXP 	left: autoDraw = True
86.1116 	EXP 	right: autoDraw = True
86.1116 	EXP 	up: autoDraw = True
86.1116 	EXP 	down: autoDraw = True
86.1283 	EXP 	center: autoDraw = True
86.1283 	EXP 	left: autoDraw = True
86.1283 	EXP 	right: autoDraw = True
86.1283 	EXP 	up: autoDraw = True
86.1283 	EXP 	down: autoDraw = True
86.1451 	EXP 	center: autoDraw = True
86.1451 	EXP 	left: autoDraw = True
86.1451 	EXP 	right: autoDraw = True
86.1451 	EXP 	up: autoDraw = True
86.1451 	EXP 	down: autoDraw = True
86.1614 	EXP 	center: autoDraw = True
86.1614 	EXP 	left: autoDraw = True
86.1614 	EXP 	right: autoDraw = True
86.1614 	EXP 	up: autoDraw = True
86.1614 	EXP 	down: autoDraw = True
86.1783 	EXP 	center: autoDraw = True
86.1783 	EXP 	left: autoDraw = True
86.1783 	EXP 	right: autoDraw = True
86.1783 	EXP 	up: autoDraw = True
86.1783 	EXP 	down: autoDraw = True
86.1949 	EXP 	center: autoDraw = True
86.1949 	EXP 	left: autoDraw = True
86.1949 	EXP 	right: autoDraw = True
86.1949 	EXP 	up: autoDraw = True
86.1949 	EXP 	down: autoDraw = True
86.2116 	EXP 	center: autoDraw = True
86.2116 	EXP 	left: autoDraw = True
86.2116 	EXP 	right: autoDraw = True
86.2116 	EXP 	up: autoDraw = True
86.2116 	EXP 	down: autoDraw = True
86.2283 	EXP 	center: autoDraw = True
86.2283 	EXP 	left: autoDraw = True
86.2283 	EXP 	right: autoDraw = True
86.2283 	EXP 	up: autoDraw = True
86.2283 	EXP 	down: autoDraw = True
86.2451 	EXP 	center: autoDraw = True
86.2451 	EXP 	left: autoDraw = True
86.2451 	EXP 	right: autoDraw = True
86.2451 	EXP 	up: autoDraw = True
86.2451 	EXP 	down: autoDraw = True
86.2614 	EXP 	center: autoDraw = True
86.2614 	EXP 	left: autoDraw = True
86.2614 	EXP 	right: autoDraw = True
86.2614 	EXP 	up: autoDraw = True
86.2614 	EXP 	down: autoDraw = True
86.2784 	EXP 	center: autoDraw = True
86.2784 	EXP 	left: autoDraw = True
86.2784 	EXP 	right: autoDraw = True
86.2784 	EXP 	up: autoDraw = True
86.2784 	EXP 	down: autoDraw = True
86.2947 	EXP 	center: autoDraw = True
86.2947 	EXP 	left: autoDraw = True
86.2947 	EXP 	right: autoDraw = True
86.2947 	EXP 	up: autoDraw = True
86.2947 	EXP 	down: autoDraw = True
86.3109 	EXP 	center: autoDraw = True
86.3109 	EXP 	left: autoDraw = True
86.3109 	EXP 	right: autoDraw = True
86.3109 	EXP 	up: autoDraw = True
86.3109 	EXP 	down: autoDraw = True
86.3281 	EXP 	center: autoDraw = True
86.3281 	EXP 	left: autoDraw = True
86.3281 	EXP 	right: autoDraw = True
86.3281 	EXP 	up: autoDraw = True
86.3281 	EXP 	down: autoDraw = True
86.3450 	EXP 	center: autoDraw = True
86.3450 	EXP 	left: autoDraw = True
86.3450 	EXP 	right: autoDraw = True
86.3450 	EXP 	up: autoDraw = True
86.3450 	EXP 	down: autoDraw = True
86.3615 	EXP 	center: autoDraw = True
86.3615 	EXP 	left: autoDraw = True
86.3615 	EXP 	right: autoDraw = True
86.3615 	EXP 	up: autoDraw = True
86.3615 	EXP 	down: autoDraw = True
86.3783 	EXP 	center: autoDraw = True
86.3783 	EXP 	left: autoDraw = True
86.3783 	EXP 	right: autoDraw = True
86.3783 	EXP 	up: autoDraw = True
86.3783 	EXP 	down: autoDraw = True
86.3950 	EXP 	center: autoDraw = True
86.3950 	EXP 	left: autoDraw = True
86.3950 	EXP 	right: autoDraw = True
86.3950 	EXP 	up: autoDraw = True
86.3950 	EXP 	down: autoDraw = True
86.4114 	EXP 	center: autoDraw = True
86.4114 	EXP 	left: autoDraw = True
86.4114 	EXP 	right: autoDraw = True
86.4114 	EXP 	up: autoDraw = True
86.4114 	EXP 	down: autoDraw = True
86.4283 	EXP 	center: autoDraw = True
86.4283 	EXP 	left: autoDraw = True
86.4283 	EXP 	right: autoDraw = True
86.4283 	EXP 	up: autoDraw = True
86.4283 	EXP 	down: autoDraw = True
86.4451 	EXP 	center: autoDraw = True
86.4451 	EXP 	left: autoDraw = True
86.4451 	EXP 	right: autoDraw = True
86.4451 	EXP 	up: autoDraw = True
86.4451 	EXP 	down: autoDraw = True
86.4615 	EXP 	center: autoDraw = True
86.4615 	EXP 	left: autoDraw = True
86.4615 	EXP 	right: autoDraw = True
86.4615 	EXP 	up: autoDraw = True
86.4615 	EXP 	down: autoDraw = True
86.4783 	EXP 	center: autoDraw = True
86.4783 	EXP 	left: autoDraw = True
86.4783 	EXP 	right: autoDraw = True
86.4783 	EXP 	up: autoDraw = True
86.4783 	EXP 	down: autoDraw = True
86.4951 	EXP 	center: autoDraw = True
86.4951 	EXP 	left: autoDraw = True
86.4951 	EXP 	right: autoDraw = True
86.4951 	EXP 	up: autoDraw = True
86.4951 	EXP 	down: autoDraw = True
86.5114 	EXP 	center: autoDraw = True
86.5114 	EXP 	left: autoDraw = True
86.5114 	EXP 	right: autoDraw = True
86.5114 	EXP 	up: autoDraw = True
86.5114 	EXP 	down: autoDraw = True
86.5281 	EXP 	center: autoDraw = True
86.5281 	EXP 	left: autoDraw = True
86.5281 	EXP 	right: autoDraw = True
86.5281 	EXP 	up: autoDraw = True
86.5281 	EXP 	down: autoDraw = True
86.5449 	EXP 	center: autoDraw = True
86.5449 	EXP 	left: autoDraw = True
86.5449 	EXP 	right: autoDraw = True
86.5449 	EXP 	up: autoDraw = True
86.5449 	EXP 	down: autoDraw = True
86.5616 	EXP 	center: autoDraw = True
86.5616 	EXP 	left: autoDraw = True
86.5616 	EXP 	right: autoDraw = True
86.5616 	EXP 	up: autoDraw = True
86.5616 	EXP 	down: autoDraw = True
86.5780 	EXP 	center: autoDraw = True
86.5780 	EXP 	left: autoDraw = True
86.5780 	EXP 	right: autoDraw = True
86.5780 	EXP 	up: autoDraw = True
86.5780 	EXP 	down: autoDraw = True
86.5949 	EXP 	center: autoDraw = True
86.5949 	EXP 	left: autoDraw = True
86.5949 	EXP 	right: autoDraw = True
86.5949 	EXP 	up: autoDraw = True
86.5949 	EXP 	down: autoDraw = True
86.6118 	EXP 	center: autoDraw = True
86.6118 	EXP 	left: autoDraw = True
86.6118 	EXP 	right: autoDraw = True
86.6118 	EXP 	up: autoDraw = True
86.6118 	EXP 	down: autoDraw = True
86.6281 	EXP 	center: autoDraw = True
86.6281 	EXP 	left: autoDraw = True
86.6281 	EXP 	right: autoDraw = True
86.6281 	EXP 	up: autoDraw = True
86.6281 	EXP 	down: autoDraw = True
86.6449 	EXP 	center: autoDraw = True
86.6449 	EXP 	left: autoDraw = True
86.6449 	EXP 	right: autoDraw = True
86.6449 	EXP 	up: autoDraw = True
86.6449 	EXP 	down: autoDraw = True
86.6618 	EXP 	center: autoDraw = True
86.6618 	EXP 	left: autoDraw = True
86.6618 	EXP 	right: autoDraw = True
86.6618 	EXP 	up: autoDraw = True
86.6618 	EXP 	down: autoDraw = True
86.6781 	EXP 	center: autoDraw = True
86.6781 	EXP 	left: autoDraw = True
86.6781 	EXP 	right: autoDraw = True
86.6781 	EXP 	up: autoDraw = True
86.6781 	EXP 	down: autoDraw = True
86.6940 	EXP 	center: autoDraw = True
86.6940 	EXP 	left: autoDraw = True
86.6940 	EXP 	right: autoDraw = True
86.6940 	EXP 	up: autoDraw = True
86.6940 	EXP 	down: autoDraw = True
86.7114 	EXP 	center: autoDraw = True
86.7114 	EXP 	left: autoDraw = True
86.7114 	EXP 	right: autoDraw = True
86.7114 	EXP 	up: autoDraw = True
86.7114 	EXP 	down: autoDraw = True
86.7283 	EXP 	center: autoDraw = True
86.7283 	EXP 	left: autoDraw = True
86.7283 	EXP 	right: autoDraw = True
86.7283 	EXP 	up: autoDraw = True
86.7283 	EXP 	down: autoDraw = True
86.7447 	EXP 	center: autoDraw = True
86.7447 	EXP 	left: autoDraw = True
86.7447 	EXP 	right: autoDraw = True
86.7447 	EXP 	up: autoDraw = True
86.7447 	EXP 	down: autoDraw = True
86.7615 	EXP 	center: autoDraw = True
86.7615 	EXP 	left: autoDraw = True
86.7615 	EXP 	right: autoDraw = True
86.7615 	EXP 	up: autoDraw = True
86.7615 	EXP 	down: autoDraw = True
86.7784 	EXP 	center: autoDraw = True
86.7784 	EXP 	left: autoDraw = True
86.7784 	EXP 	right: autoDraw = True
86.7784 	EXP 	up: autoDraw = True
86.7784 	EXP 	down: autoDraw = True
86.7944 	EXP 	center: autoDraw = True
86.7944 	EXP 	left: autoDraw = True
86.7944 	EXP 	right: autoDraw = True
86.7944 	EXP 	up: autoDraw = True
86.7944 	EXP 	down: autoDraw = True
86.8113 	EXP 	center: autoDraw = True
86.8113 	EXP 	left: autoDraw = True
86.8113 	EXP 	right: autoDraw = True
86.8113 	EXP 	up: autoDraw = True
86.8113 	EXP 	down: autoDraw = True
86.8281 	EXP 	center: autoDraw = True
86.8281 	EXP 	left: autoDraw = True
86.8281 	EXP 	right: autoDraw = True
86.8281 	EXP 	up: autoDraw = True
86.8281 	EXP 	down: autoDraw = True
86.8447 	EXP 	center: autoDraw = True
86.8447 	EXP 	left: autoDraw = True
86.8447 	EXP 	right: autoDraw = True
86.8447 	EXP 	up: autoDraw = True
86.8447 	EXP 	down: autoDraw = True
86.8615 	EXP 	center: autoDraw = True
86.8615 	EXP 	left: autoDraw = True
86.8615 	EXP 	right: autoDraw = True
86.8615 	EXP 	up: autoDraw = True
86.8615 	EXP 	down: autoDraw = True
86.8783 	EXP 	center: autoDraw = True
86.8783 	EXP 	left: autoDraw = True
86.8783 	EXP 	right: autoDraw = True
86.8783 	EXP 	up: autoDraw = True
86.8783 	EXP 	down: autoDraw = True
86.8947 	EXP 	center: autoDraw = True
86.8947 	EXP 	left: autoDraw = True
86.8947 	EXP 	right: autoDraw = True
86.8947 	EXP 	up: autoDraw = True
86.8947 	EXP 	down: autoDraw = True
86.9116 	EXP 	center: autoDraw = True
86.9116 	EXP 	left: autoDraw = True
86.9116 	EXP 	right: autoDraw = True
86.9116 	EXP 	up: autoDraw = True
86.9116 	EXP 	down: autoDraw = True
86.9281 	EXP 	center: autoDraw = True
86.9281 	EXP 	left: autoDraw = True
86.9281 	EXP 	right: autoDraw = True
86.9281 	EXP 	up: autoDraw = True
86.9281 	EXP 	down: autoDraw = True
86.9452 	EXP 	center: autoDraw = True
86.9452 	EXP 	left: autoDraw = True
86.9452 	EXP 	right: autoDraw = True
86.9452 	EXP 	up: autoDraw = True
86.9452 	EXP 	down: autoDraw = True
86.9614 	EXP 	center: autoDraw = True
86.9614 	EXP 	left: autoDraw = True
86.9614 	EXP 	right: autoDraw = True
86.9614 	EXP 	up: autoDraw = True
86.9614 	EXP 	down: autoDraw = True
86.9782 	EXP 	center: autoDraw = True
86.9782 	EXP 	left: autoDraw = True
86.9782 	EXP 	right: autoDraw = True
86.9782 	EXP 	up: autoDraw = True
86.9782 	EXP 	down: autoDraw = True
86.9951 	EXP 	center: autoDraw = True
86.9951 	EXP 	left: autoDraw = True
86.9951 	EXP 	right: autoDraw = True
86.9951 	EXP 	up: autoDraw = True
86.9951 	EXP 	down: autoDraw = True
87.0114 	EXP 	center: autoDraw = True
87.0114 	EXP 	left: autoDraw = True
87.0114 	EXP 	right: autoDraw = True
87.0114 	EXP 	up: autoDraw = True
87.0114 	EXP 	down: autoDraw = True
87.0281 	EXP 	center: autoDraw = True
87.0281 	EXP 	left: autoDraw = True
87.0281 	EXP 	right: autoDraw = True
87.0281 	EXP 	up: autoDraw = True
87.0281 	EXP 	down: autoDraw = True
87.0450 	EXP 	center: autoDraw = True
87.0450 	EXP 	left: autoDraw = True
87.0450 	EXP 	right: autoDraw = True
87.0450 	EXP 	up: autoDraw = True
87.0450 	EXP 	down: autoDraw = True
87.0614 	EXP 	center: autoDraw = True
87.0614 	EXP 	left: autoDraw = True
87.0614 	EXP 	right: autoDraw = True
87.0614 	EXP 	up: autoDraw = True
87.0614 	EXP 	down: autoDraw = True
87.0785 	EXP 	center: autoDraw = True
87.0785 	EXP 	left: autoDraw = True
87.0785 	EXP 	right: autoDraw = True
87.0785 	EXP 	up: autoDraw = True
87.0785 	EXP 	down: autoDraw = True
87.0947 	EXP 	center: autoDraw = True
87.0947 	EXP 	left: autoDraw = True
87.0947 	EXP 	right: autoDraw = True
87.0947 	EXP 	up: autoDraw = True
87.0947 	EXP 	down: autoDraw = True
87.1115 	EXP 	center: autoDraw = True
87.1115 	EXP 	left: autoDraw = True
87.1115 	EXP 	right: autoDraw = True
87.1115 	EXP 	up: autoDraw = True
87.1115 	EXP 	down: autoDraw = True
87.1282 	EXP 	center: autoDraw = True
87.1282 	EXP 	left: autoDraw = True
87.1282 	EXP 	right: autoDraw = True
87.1282 	EXP 	up: autoDraw = True
87.1282 	EXP 	down: autoDraw = True
87.1452 	EXP 	center: autoDraw = True
87.1452 	EXP 	left: autoDraw = True
87.1452 	EXP 	right: autoDraw = True
87.1452 	EXP 	up: autoDraw = True
87.1452 	EXP 	down: autoDraw = True
87.1614 	EXP 	center: autoDraw = True
87.1614 	EXP 	left: autoDraw = True
87.1614 	EXP 	right: autoDraw = True
87.1614 	EXP 	up: autoDraw = True
87.1614 	EXP 	down: autoDraw = True
87.1783 	EXP 	center: autoDraw = True
87.1783 	EXP 	left: autoDraw = True
87.1783 	EXP 	right: autoDraw = True
87.1783 	EXP 	up: autoDraw = True
87.1783 	EXP 	down: autoDraw = True
87.1945 	EXP 	center: autoDraw = True
87.1945 	EXP 	left: autoDraw = True
87.1945 	EXP 	right: autoDraw = True
87.1945 	EXP 	up: autoDraw = True
87.1945 	EXP 	down: autoDraw = True
87.2115 	EXP 	center: autoDraw = True
87.2115 	EXP 	left: autoDraw = True
87.2115 	EXP 	right: autoDraw = True
87.2115 	EXP 	up: autoDraw = True
87.2115 	EXP 	down: autoDraw = True
87.2280 	EXP 	center: autoDraw = True
87.2280 	EXP 	left: autoDraw = True
87.2280 	EXP 	right: autoDraw = True
87.2280 	EXP 	up: autoDraw = True
87.2280 	EXP 	down: autoDraw = True
87.2448 	EXP 	center: autoDraw = True
87.2448 	EXP 	left: autoDraw = True
87.2448 	EXP 	right: autoDraw = True
87.2448 	EXP 	up: autoDraw = True
87.2448 	EXP 	down: autoDraw = True
87.2616 	EXP 	center: autoDraw = True
87.2616 	EXP 	left: autoDraw = True
87.2616 	EXP 	right: autoDraw = True
87.2616 	EXP 	up: autoDraw = True
87.2616 	EXP 	down: autoDraw = True
87.2781 	EXP 	center: autoDraw = True
87.2781 	EXP 	left: autoDraw = True
87.2781 	EXP 	right: autoDraw = True
87.2781 	EXP 	up: autoDraw = True
87.2781 	EXP 	down: autoDraw = True
87.2949 	EXP 	center: autoDraw = True
87.2949 	EXP 	left: autoDraw = True
87.2949 	EXP 	right: autoDraw = True
87.2949 	EXP 	up: autoDraw = True
87.2949 	EXP 	down: autoDraw = True
87.3114 	EXP 	center: autoDraw = True
87.3114 	EXP 	left: autoDraw = True
87.3114 	EXP 	right: autoDraw = True
87.3114 	EXP 	up: autoDraw = True
87.3114 	EXP 	down: autoDraw = True
87.3282 	EXP 	center: autoDraw = True
87.3282 	EXP 	left: autoDraw = True
87.3282 	EXP 	right: autoDraw = True
87.3282 	EXP 	up: autoDraw = True
87.3282 	EXP 	down: autoDraw = True
87.3442 	EXP 	center: autoDraw = True
87.3442 	EXP 	left: autoDraw = True
87.3442 	EXP 	right: autoDraw = True
87.3442 	EXP 	up: autoDraw = True
87.3442 	EXP 	down: autoDraw = True
87.3613 	EXP 	center: autoDraw = True
87.3613 	EXP 	left: autoDraw = True
87.3613 	EXP 	right: autoDraw = True
87.3613 	EXP 	up: autoDraw = True
87.3613 	EXP 	down: autoDraw = True
87.3782 	EXP 	center: autoDraw = True
87.3782 	EXP 	left: autoDraw = True
87.3782 	EXP 	right: autoDraw = True
87.3782 	EXP 	up: autoDraw = True
87.3782 	EXP 	down: autoDraw = True
87.3950 	EXP 	center: autoDraw = True
87.3950 	EXP 	left: autoDraw = True
87.3950 	EXP 	right: autoDraw = True
87.3950 	EXP 	up: autoDraw = True
87.3950 	EXP 	down: autoDraw = True
87.4113 	EXP 	center: autoDraw = True
87.4113 	EXP 	left: autoDraw = True
87.4113 	EXP 	right: autoDraw = True
87.4113 	EXP 	up: autoDraw = True
87.4113 	EXP 	down: autoDraw = True
87.4282 	EXP 	center: autoDraw = True
87.4282 	EXP 	left: autoDraw = True
87.4282 	EXP 	right: autoDraw = True
87.4282 	EXP 	up: autoDraw = True
87.4282 	EXP 	down: autoDraw = True
87.4450 	EXP 	center: autoDraw = True
87.4450 	EXP 	left: autoDraw = True
87.4450 	EXP 	right: autoDraw = True
87.4450 	EXP 	up: autoDraw = True
87.4450 	EXP 	down: autoDraw = True
87.4615 	EXP 	center: autoDraw = True
87.4615 	EXP 	left: autoDraw = True
87.4615 	EXP 	right: autoDraw = True
87.4615 	EXP 	up: autoDraw = True
87.4615 	EXP 	down: autoDraw = True
87.4782 	EXP 	center: autoDraw = True
87.4782 	EXP 	left: autoDraw = True
87.4782 	EXP 	right: autoDraw = True
87.4782 	EXP 	up: autoDraw = True
87.4782 	EXP 	down: autoDraw = True
87.4949 	EXP 	center: autoDraw = True
87.4949 	EXP 	left: autoDraw = True
87.4949 	EXP 	right: autoDraw = True
87.4949 	EXP 	up: autoDraw = True
87.4949 	EXP 	down: autoDraw = True
87.5117 	EXP 	center: autoDraw = True
87.5117 	EXP 	left: autoDraw = True
87.5117 	EXP 	right: autoDraw = True
87.5117 	EXP 	up: autoDraw = True
87.5117 	EXP 	down: autoDraw = True
87.5280 	EXP 	center: autoDraw = True
87.5280 	EXP 	left: autoDraw = True
87.5280 	EXP 	right: autoDraw = True
87.5280 	EXP 	up: autoDraw = True
87.5280 	EXP 	down: autoDraw = True
87.5448 	EXP 	center: autoDraw = True
87.5448 	EXP 	left: autoDraw = True
87.5448 	EXP 	right: autoDraw = True
87.5448 	EXP 	up: autoDraw = True
87.5448 	EXP 	down: autoDraw = True
87.5616 	EXP 	center: autoDraw = True
87.5616 	EXP 	left: autoDraw = True
87.5616 	EXP 	right: autoDraw = True
87.5616 	EXP 	up: autoDraw = True
87.5616 	EXP 	down: autoDraw = True
87.5780 	EXP 	center: autoDraw = True
87.5780 	EXP 	left: autoDraw = True
87.5780 	EXP 	right: autoDraw = True
87.5780 	EXP 	up: autoDraw = True
87.5780 	EXP 	down: autoDraw = True
87.5948 	EXP 	center: autoDraw = True
87.5948 	EXP 	left: autoDraw = True
87.5948 	EXP 	right: autoDraw = True
87.5948 	EXP 	up: autoDraw = True
87.5948 	EXP 	down: autoDraw = True
87.6113 	EXP 	center: autoDraw = True
87.6113 	EXP 	left: autoDraw = True
87.6113 	EXP 	right: autoDraw = True
87.6113 	EXP 	up: autoDraw = True
87.6113 	EXP 	down: autoDraw = True
87.6279 	EXP 	center: autoDraw = True
87.6279 	EXP 	left: autoDraw = True
87.6279 	EXP 	right: autoDraw = True
87.6279 	EXP 	up: autoDraw = True
87.6279 	EXP 	down: autoDraw = True
87.6447 	EXP 	center: autoDraw = True
87.6447 	EXP 	left: autoDraw = True
87.6447 	EXP 	right: autoDraw = True
87.6447 	EXP 	up: autoDraw = True
87.6447 	EXP 	down: autoDraw = True
87.6614 	EXP 	center: autoDraw = True
87.6614 	EXP 	left: autoDraw = True
87.6614 	EXP 	right: autoDraw = True
87.6614 	EXP 	up: autoDraw = True
87.6614 	EXP 	down: autoDraw = True
87.6784 	EXP 	center: autoDraw = True
87.6784 	EXP 	left: autoDraw = True
87.6784 	EXP 	right: autoDraw = True
87.6784 	EXP 	up: autoDraw = True
87.6784 	EXP 	down: autoDraw = True
87.6947 	EXP 	center: autoDraw = True
87.6947 	EXP 	left: autoDraw = True
87.6947 	EXP 	right: autoDraw = True
87.6947 	EXP 	up: autoDraw = True
87.6947 	EXP 	down: autoDraw = True
87.7115 	EXP 	center: autoDraw = True
87.7115 	EXP 	left: autoDraw = True
87.7115 	EXP 	right: autoDraw = True
87.7115 	EXP 	up: autoDraw = True
87.7115 	EXP 	down: autoDraw = True
87.7273 	EXP 	center: autoDraw = True
87.7273 	EXP 	left: autoDraw = True
87.7273 	EXP 	right: autoDraw = True
87.7273 	EXP 	up: autoDraw = True
87.7273 	EXP 	down: autoDraw = True
87.7446 	EXP 	center: autoDraw = True
87.7446 	EXP 	left: autoDraw = True
87.7446 	EXP 	right: autoDraw = True
87.7446 	EXP 	up: autoDraw = True
87.7446 	EXP 	down: autoDraw = True
87.7615 	EXP 	center: autoDraw = True
87.7615 	EXP 	left: autoDraw = True
87.7615 	EXP 	right: autoDraw = True
87.7615 	EXP 	up: autoDraw = True
87.7615 	EXP 	down: autoDraw = True
87.7784 	EXP 	center: autoDraw = True
87.7784 	EXP 	left: autoDraw = True
87.7784 	EXP 	right: autoDraw = True
87.7784 	EXP 	up: autoDraw = True
87.7784 	EXP 	down: autoDraw = True
87.7947 	EXP 	center: autoDraw = True
87.7947 	EXP 	left: autoDraw = True
87.7947 	EXP 	right: autoDraw = True
87.7947 	EXP 	up: autoDraw = True
87.7947 	EXP 	down: autoDraw = True
87.8115 	EXP 	center: autoDraw = True
87.8115 	EXP 	left: autoDraw = True
87.8115 	EXP 	right: autoDraw = True
87.8115 	EXP 	up: autoDraw = True
87.8115 	EXP 	down: autoDraw = True
87.8282 	EXP 	center: autoDraw = True
87.8282 	EXP 	left: autoDraw = True
87.8282 	EXP 	right: autoDraw = True
87.8282 	EXP 	up: autoDraw = True
87.8282 	EXP 	down: autoDraw = True
87.8446 	EXP 	center: autoDraw = True
87.8446 	EXP 	left: autoDraw = True
87.8446 	EXP 	right: autoDraw = True
87.8446 	EXP 	up: autoDraw = True
87.8446 	EXP 	down: autoDraw = True
87.8614 	EXP 	center: autoDraw = True
87.8614 	EXP 	left: autoDraw = True
87.8614 	EXP 	right: autoDraw = True
87.8614 	EXP 	up: autoDraw = True
87.8614 	EXP 	down: autoDraw = True
87.8782 	EXP 	center: autoDraw = True
87.8782 	EXP 	left: autoDraw = True
87.8782 	EXP 	right: autoDraw = True
87.8782 	EXP 	up: autoDraw = True
87.8782 	EXP 	down: autoDraw = True
87.8949 	EXP 	center: autoDraw = True
87.8949 	EXP 	left: autoDraw = True
87.8949 	EXP 	right: autoDraw = True
87.8949 	EXP 	up: autoDraw = True
87.8949 	EXP 	down: autoDraw = True
87.9113 	EXP 	center: autoDraw = True
87.9113 	EXP 	left: autoDraw = True
87.9113 	EXP 	right: autoDraw = True
87.9113 	EXP 	up: autoDraw = True
87.9113 	EXP 	down: autoDraw = True
87.9281 	EXP 	center: autoDraw = True
87.9281 	EXP 	left: autoDraw = True
87.9281 	EXP 	right: autoDraw = True
87.9281 	EXP 	up: autoDraw = True
87.9281 	EXP 	down: autoDraw = True
87.9447 	EXP 	center: autoDraw = True
87.9447 	EXP 	left: autoDraw = True
87.9447 	EXP 	right: autoDraw = True
87.9447 	EXP 	up: autoDraw = True
87.9447 	EXP 	down: autoDraw = True
87.9616 	EXP 	center: autoDraw = True
87.9616 	EXP 	left: autoDraw = True
87.9616 	EXP 	right: autoDraw = True
87.9616 	EXP 	up: autoDraw = True
87.9616 	EXP 	down: autoDraw = True
87.9781 	EXP 	center: autoDraw = True
87.9781 	EXP 	left: autoDraw = True
87.9781 	EXP 	right: autoDraw = True
87.9781 	EXP 	up: autoDraw = True
87.9781 	EXP 	down: autoDraw = True
87.9943 	EXP 	center: autoDraw = True
87.9943 	EXP 	left: autoDraw = True
87.9943 	EXP 	right: autoDraw = True
87.9943 	EXP 	up: autoDraw = True
87.9943 	EXP 	down: autoDraw = True
88.0113 	EXP 	center: autoDraw = True
88.0113 	EXP 	left: autoDraw = True
88.0113 	EXP 	right: autoDraw = True
88.0113 	EXP 	up: autoDraw = True
88.0113 	EXP 	down: autoDraw = True
88.0281 	EXP 	center: autoDraw = True
88.0281 	EXP 	left: autoDraw = True
88.0281 	EXP 	right: autoDraw = True
88.0281 	EXP 	up: autoDraw = True
88.0281 	EXP 	down: autoDraw = True
88.0450 	EXP 	center: autoDraw = True
88.0450 	EXP 	left: autoDraw = True
88.0450 	EXP 	right: autoDraw = True
88.0450 	EXP 	up: autoDraw = True
88.0450 	EXP 	down: autoDraw = True
88.0614 	EXP 	center: autoDraw = True
88.0614 	EXP 	left: autoDraw = True
88.0614 	EXP 	right: autoDraw = True
88.0614 	EXP 	up: autoDraw = True
88.0614 	EXP 	down: autoDraw = True
88.0614 	EXP 	center: autoDraw = False
88.0614 	EXP 	left: autoDraw = False
88.0614 	EXP 	right: autoDraw = False
88.0614 	EXP 	up: autoDraw = False
88.0614 	EXP 	down: autoDraw = False
88.0781 	EXP 	center: autoDraw = True
88.0781 	EXP 	left: autoDraw = True
88.0781 	EXP 	right: autoDraw = True
88.0781 	EXP 	up: autoDraw = True
88.0781 	EXP 	down: autoDraw = True
88.0781 	EXP 	center: autoDraw = False
88.0781 	EXP 	left: autoDraw = False
88.0781 	EXP 	right: autoDraw = False
88.0781 	EXP 	up: autoDraw = False
88.0781 	EXP 	down: autoDraw = False
88.0947 	EXP 	center: autoDraw = True
88.0947 	EXP 	left: autoDraw = True
88.0947 	EXP 	right: autoDraw = True
88.0947 	EXP 	up: autoDraw = True
88.0947 	EXP 	down: autoDraw = True
88.0947 	EXP 	center: autoDraw = False
88.0947 	EXP 	left: autoDraw = False
88.0947 	EXP 	right: autoDraw = False
88.0947 	EXP 	up: autoDraw = False
88.0947 	EXP 	down: autoDraw = False
88.1113 	EXP 	center: autoDraw = True
88.1113 	EXP 	left: autoDraw = True
88.1113 	EXP 	right: autoDraw = True
88.1113 	EXP 	up: autoDraw = True
88.1113 	EXP 	down: autoDraw = True
88.1113 	EXP 	center: autoDraw = False
88.1113 	EXP 	left: autoDraw = False
88.1113 	EXP 	right: autoDraw = False
88.1113 	EXP 	up: autoDraw = False
88.1113 	EXP 	down: autoDraw = False
88.1279 	EXP 	center: autoDraw = True
88.1279 	EXP 	left: autoDraw = True
88.1279 	EXP 	right: autoDraw = True
88.1279 	EXP 	up: autoDraw = True
88.1279 	EXP 	down: autoDraw = True
88.1279 	EXP 	center: autoDraw = False
88.1279 	EXP 	left: autoDraw = False
88.1279 	EXP 	right: autoDraw = False
88.1279 	EXP 	up: autoDraw = False
88.1279 	EXP 	down: autoDraw = False
88.1446 	EXP 	center: autoDraw = True
88.1446 	EXP 	left: autoDraw = True
88.1446 	EXP 	right: autoDraw = True
88.1446 	EXP 	up: autoDraw = True
88.1446 	EXP 	down: autoDraw = True
88.1446 	EXP 	center: autoDraw = False
88.1446 	EXP 	left: autoDraw = False
88.1446 	EXP 	right: autoDraw = False
88.1446 	EXP 	up: autoDraw = False
88.1446 	EXP 	down: autoDraw = False
88.1612 	EXP 	center: autoDraw = True
88.1612 	EXP 	left: autoDraw = True
88.1612 	EXP 	right: autoDraw = True
88.1612 	EXP 	up: autoDraw = True
88.1612 	EXP 	down: autoDraw = True
88.1612 	EXP 	center: autoDraw = False
88.1612 	EXP 	left: autoDraw = False
88.1612 	EXP 	right: autoDraw = False
88.1612 	EXP 	up: autoDraw = False
88.1612 	EXP 	down: autoDraw = False
88.1782 	EXP 	center: autoDraw = True
88.1782 	EXP 	left: autoDraw = True
88.1782 	EXP 	right: autoDraw = True
88.1782 	EXP 	up: autoDraw = True
88.1782 	EXP 	down: autoDraw = True
88.1782 	EXP 	center: autoDraw = False
88.1782 	EXP 	left: autoDraw = False
88.1782 	EXP 	right: autoDraw = False
88.1782 	EXP 	up: autoDraw = False
88.1782 	EXP 	down: autoDraw = False
88.1946 	EXP 	center: autoDraw = True
88.1946 	EXP 	left: autoDraw = True
88.1946 	EXP 	right: autoDraw = True
88.1946 	EXP 	up: autoDraw = True
88.1946 	EXP 	down: autoDraw = True
88.1946 	EXP 	center: autoDraw = False
88.1946 	EXP 	left: autoDraw = False
88.1946 	EXP 	right: autoDraw = False
88.1946 	EXP 	up: autoDraw = False
88.1946 	EXP 	down: autoDraw = False
88.1990 	DATA 	gazE | frame count: 1450
88.2002 	EXP 	Set  sound=./sound/close_speak.wav
88.2003 	EXP 	Set  sound=./sound/open_speak.wav
88.2035 	DATA 	oc_S | frame count: -1
88.2113 	EXP 	center: autoDraw = True
88.2113 	EXP 	left: autoDraw = True
88.2113 	EXP 	right: autoDraw = True
88.2113 	EXP 	up: autoDraw = True
88.2113 	EXP 	down: autoDraw = True
88.2113 	EXP 	center: autoDraw = False
88.2113 	EXP 	left: autoDraw = False
88.2113 	EXP 	right: autoDraw = False
88.2113 	EXP 	up: autoDraw = False
88.2113 	EXP 	down: autoDraw = False
88.2282 	EXP 	center: autoDraw = True
88.2282 	EXP 	left: autoDraw = True
88.2282 	EXP 	right: autoDraw = True
88.2282 	EXP 	up: autoDraw = True
88.2282 	EXP 	down: autoDraw = True
88.2446 	EXP 	center: autoDraw = True
88.2446 	EXP 	left: autoDraw = True
88.2446 	EXP 	right: autoDraw = True
88.2446 	EXP 	up: autoDraw = True
88.2446 	EXP 	down: autoDraw = True
88.2613 	EXP 	center: autoDraw = True
88.2613 	EXP 	left: autoDraw = True
88.2613 	EXP 	right: autoDraw = True
88.2613 	EXP 	up: autoDraw = True
88.2613 	EXP 	down: autoDraw = True
88.2781 	EXP 	center: autoDraw = True
88.2781 	EXP 	left: autoDraw = True
88.2781 	EXP 	right: autoDraw = True
88.2781 	EXP 	up: autoDraw = True
88.2781 	EXP 	down: autoDraw = True
88.2948 	EXP 	center: autoDraw = True
88.2948 	EXP 	left: autoDraw = True
88.2948 	EXP 	right: autoDraw = True
88.2948 	EXP 	up: autoDraw = True
88.2948 	EXP 	down: autoDraw = True
88.3116 	EXP 	center: autoDraw = True
88.3116 	EXP 	left: autoDraw = True
88.3116 	EXP 	right: autoDraw = True
88.3116 	EXP 	up: autoDraw = True
88.3116 	EXP 	down: autoDraw = True
88.3277 	EXP 	center: autoDraw = True
88.3277 	EXP 	left: autoDraw = True
88.3277 	EXP 	right: autoDraw = True
88.3277 	EXP 	up: autoDraw = True
88.3277 	EXP 	down: autoDraw = True
88.3448 	EXP 	center: autoDraw = True
88.3448 	EXP 	left: autoDraw = True
88.3448 	EXP 	right: autoDraw = True
88.3448 	EXP 	up: autoDraw = True
88.3448 	EXP 	down: autoDraw = True
88.3615 	EXP 	center: autoDraw = True
88.3615 	EXP 	left: autoDraw = True
88.3615 	EXP 	right: autoDraw = True
88.3615 	EXP 	up: autoDraw = True
88.3615 	EXP 	down: autoDraw = True
88.3775 	EXP 	center: autoDraw = True
88.3775 	EXP 	left: autoDraw = True
88.3775 	EXP 	right: autoDraw = True
88.3775 	EXP 	up: autoDraw = True
88.3775 	EXP 	down: autoDraw = True
88.3945 	EXP 	center: autoDraw = True
88.3945 	EXP 	left: autoDraw = True
88.3945 	EXP 	right: autoDraw = True
88.3945 	EXP 	up: autoDraw = True
88.3945 	EXP 	down: autoDraw = True
88.4114 	EXP 	center: autoDraw = True
88.4114 	EXP 	left: autoDraw = True
88.4114 	EXP 	right: autoDraw = True
88.4114 	EXP 	up: autoDraw = True
88.4114 	EXP 	down: autoDraw = True
88.4282 	EXP 	center: autoDraw = True
88.4282 	EXP 	left: autoDraw = True
88.4282 	EXP 	right: autoDraw = True
88.4282 	EXP 	up: autoDraw = True
88.4282 	EXP 	down: autoDraw = True
88.4449 	EXP 	center: autoDraw = True
88.4449 	EXP 	left: autoDraw = True
88.4449 	EXP 	right: autoDraw = True
88.4449 	EXP 	up: autoDraw = True
88.4449 	EXP 	down: autoDraw = True
88.4612 	EXP 	center: autoDraw = True
88.4612 	EXP 	left: autoDraw = True
88.4612 	EXP 	right: autoDraw = True
88.4612 	EXP 	up: autoDraw = True
88.4612 	EXP 	down: autoDraw = True
88.4781 	EXP 	center: autoDraw = True
88.4781 	EXP 	left: autoDraw = True
88.4781 	EXP 	right: autoDraw = True
88.4781 	EXP 	up: autoDraw = True
88.4781 	EXP 	down: autoDraw = True
88.4948 	EXP 	center: autoDraw = True
88.4948 	EXP 	left: autoDraw = True
88.4948 	EXP 	right: autoDraw = True
88.4948 	EXP 	up: autoDraw = True
88.4948 	EXP 	down: autoDraw = True
88.5110 	EXP 	center: autoDraw = True
88.5110 	EXP 	left: autoDraw = True
88.5110 	EXP 	right: autoDraw = True
88.5110 	EXP 	up: autoDraw = True
88.5110 	EXP 	down: autoDraw = True
88.5280 	EXP 	center: autoDraw = True
88.5280 	EXP 	left: autoDraw = True
88.5280 	EXP 	right: autoDraw = True
88.5280 	EXP 	up: autoDraw = True
88.5280 	EXP 	down: autoDraw = True
88.5447 	EXP 	center: autoDraw = True
88.5447 	EXP 	left: autoDraw = True
88.5447 	EXP 	right: autoDraw = True
88.5447 	EXP 	up: autoDraw = True
88.5447 	EXP 	down: autoDraw = True
88.5616 	EXP 	center: autoDraw = True
88.5616 	EXP 	left: autoDraw = True
88.5616 	EXP 	right: autoDraw = True
88.5616 	EXP 	up: autoDraw = True
88.5616 	EXP 	down: autoDraw = True
88.5776 	EXP 	center: autoDraw = True
88.5776 	EXP 	left: autoDraw = True
88.5776 	EXP 	right: autoDraw = True
88.5776 	EXP 	up: autoDraw = True
88.5776 	EXP 	down: autoDraw = True
88.5946 	EXP 	center: autoDraw = True
88.5946 	EXP 	left: autoDraw = True
88.5946 	EXP 	right: autoDraw = True
88.5946 	EXP 	up: autoDraw = True
88.5946 	EXP 	down: autoDraw = True
88.6113 	EXP 	center: autoDraw = True
88.6113 	EXP 	left: autoDraw = True
88.6113 	EXP 	right: autoDraw = True
88.6113 	EXP 	up: autoDraw = True
88.6113 	EXP 	down: autoDraw = True
88.6281 	EXP 	center: autoDraw = True
88.6281 	EXP 	left: autoDraw = True
88.6281 	EXP 	right: autoDraw = True
88.6281 	EXP 	up: autoDraw = True
88.6281 	EXP 	down: autoDraw = True
88.6444 	EXP 	center: autoDraw = True
88.6444 	EXP 	left: autoDraw = True
88.6444 	EXP 	right: autoDraw = True
88.6444 	EXP 	up: autoDraw = True
88.6444 	EXP 	down: autoDraw = True
88.6615 	EXP 	center: autoDraw = True
88.6615 	EXP 	left: autoDraw = True
88.6615 	EXP 	right: autoDraw = True
88.6615 	EXP 	up: autoDraw = True
88.6615 	EXP 	down: autoDraw = True
88.6783 	EXP 	center: autoDraw = True
88.6783 	EXP 	left: autoDraw = True
88.6783 	EXP 	right: autoDraw = True
88.6783 	EXP 	up: autoDraw = True
88.6783 	EXP 	down: autoDraw = True
88.6943 	EXP 	center: autoDraw = True
88.6943 	EXP 	left: autoDraw = True
88.6943 	EXP 	right: autoDraw = True
88.6943 	EXP 	up: autoDraw = True
88.6943 	EXP 	down: autoDraw = True
88.7113 	EXP 	center: autoDraw = True
88.7113 	EXP 	left: autoDraw = True
88.7113 	EXP 	right: autoDraw = True
88.7113 	EXP 	up: autoDraw = True
88.7113 	EXP 	down: autoDraw = True
88.7281 	EXP 	center: autoDraw = True
88.7281 	EXP 	left: autoDraw = True
88.7281 	EXP 	right: autoDraw = True
88.7281 	EXP 	up: autoDraw = True
88.7281 	EXP 	down: autoDraw = True
88.7447 	EXP 	center: autoDraw = True
88.7447 	EXP 	left: autoDraw = True
88.7447 	EXP 	right: autoDraw = True
88.7447 	EXP 	up: autoDraw = True
88.7447 	EXP 	down: autoDraw = True
88.7606 	EXP 	center: autoDraw = True
88.7606 	EXP 	left: autoDraw = True
88.7606 	EXP 	right: autoDraw = True
88.7606 	EXP 	up: autoDraw = True
88.7606 	EXP 	down: autoDraw = True
88.7775 	EXP 	center: autoDraw = True
88.7775 	EXP 	left: autoDraw = True
88.7775 	EXP 	right: autoDraw = True
88.7775 	EXP 	up: autoDraw = True
88.7775 	EXP 	down: autoDraw = True
88.7947 	EXP 	center: autoDraw = True
88.7947 	EXP 	left: autoDraw = True
88.7947 	EXP 	right: autoDraw = True
88.7947 	EXP 	up: autoDraw = True
88.7947 	EXP 	down: autoDraw = True
88.8114 	EXP 	center: autoDraw = True
88.8114 	EXP 	left: autoDraw = True
88.8114 	EXP 	right: autoDraw = True
88.8114 	EXP 	up: autoDraw = True
88.8114 	EXP 	down: autoDraw = True
88.8282 	EXP 	center: autoDraw = True
88.8282 	EXP 	left: autoDraw = True
88.8282 	EXP 	right: autoDraw = True
88.8282 	EXP 	up: autoDraw = True
88.8282 	EXP 	down: autoDraw = True
88.8442 	EXP 	center: autoDraw = True
88.8442 	EXP 	left: autoDraw = True
88.8442 	EXP 	right: autoDraw = True
88.8442 	EXP 	up: autoDraw = True
88.8442 	EXP 	down: autoDraw = True
88.8611 	EXP 	center: autoDraw = True
88.8611 	EXP 	left: autoDraw = True
88.8611 	EXP 	right: autoDraw = True
88.8611 	EXP 	up: autoDraw = True
88.8611 	EXP 	down: autoDraw = True
88.8780 	EXP 	center: autoDraw = True
88.8780 	EXP 	left: autoDraw = True
88.8780 	EXP 	right: autoDraw = True
88.8780 	EXP 	up: autoDraw = True
88.8780 	EXP 	down: autoDraw = True
88.8947 	EXP 	center: autoDraw = True
88.8947 	EXP 	left: autoDraw = True
88.8947 	EXP 	right: autoDraw = True
88.8947 	EXP 	up: autoDraw = True
88.8947 	EXP 	down: autoDraw = True
88.9114 	EXP 	center: autoDraw = True
88.9114 	EXP 	left: autoDraw = True
88.9114 	EXP 	right: autoDraw = True
88.9114 	EXP 	up: autoDraw = True
88.9114 	EXP 	down: autoDraw = True
88.9281 	EXP 	center: autoDraw = True
88.9281 	EXP 	left: autoDraw = True
88.9281 	EXP 	right: autoDraw = True
88.9281 	EXP 	up: autoDraw = True
88.9281 	EXP 	down: autoDraw = True
88.9449 	EXP 	center: autoDraw = True
88.9449 	EXP 	left: autoDraw = True
88.9449 	EXP 	right: autoDraw = True
88.9449 	EXP 	up: autoDraw = True
88.9449 	EXP 	down: autoDraw = True
88.9609 	EXP 	center: autoDraw = True
88.9609 	EXP 	left: autoDraw = True
88.9609 	EXP 	right: autoDraw = True
88.9609 	EXP 	up: autoDraw = True
88.9609 	EXP 	down: autoDraw = True
88.9779 	EXP 	center: autoDraw = True
88.9779 	EXP 	left: autoDraw = True
88.9779 	EXP 	right: autoDraw = True
88.9779 	EXP 	up: autoDraw = True
88.9779 	EXP 	down: autoDraw = True
88.9948 	EXP 	center: autoDraw = True
88.9948 	EXP 	left: autoDraw = True
88.9948 	EXP 	right: autoDraw = True
88.9948 	EXP 	up: autoDraw = True
88.9948 	EXP 	down: autoDraw = True
89.0115 	EXP 	center: autoDraw = True
89.0115 	EXP 	left: autoDraw = True
89.0115 	EXP 	right: autoDraw = True
89.0115 	EXP 	up: autoDraw = True
89.0115 	EXP 	down: autoDraw = True
89.0275 	EXP 	center: autoDraw = True
89.0275 	EXP 	left: autoDraw = True
89.0275 	EXP 	right: autoDraw = True
89.0275 	EXP 	up: autoDraw = True
89.0275 	EXP 	down: autoDraw = True
89.0445 	EXP 	center: autoDraw = True
89.0445 	EXP 	left: autoDraw = True
89.0445 	EXP 	right: autoDraw = True
89.0445 	EXP 	up: autoDraw = True
89.0445 	EXP 	down: autoDraw = True
89.0613 	EXP 	center: autoDraw = True
89.0613 	EXP 	left: autoDraw = True
89.0613 	EXP 	right: autoDraw = True
89.0613 	EXP 	up: autoDraw = True
89.0613 	EXP 	down: autoDraw = True
89.0780 	EXP 	center: autoDraw = True
89.0780 	EXP 	left: autoDraw = True
89.0780 	EXP 	right: autoDraw = True
89.0780 	EXP 	up: autoDraw = True
89.0780 	EXP 	down: autoDraw = True
89.0947 	EXP 	center: autoDraw = True
89.0947 	EXP 	left: autoDraw = True
89.0947 	EXP 	right: autoDraw = True
89.0947 	EXP 	up: autoDraw = True
89.0947 	EXP 	down: autoDraw = True
89.1111 	EXP 	center: autoDraw = True
89.1111 	EXP 	left: autoDraw = True
89.1111 	EXP 	right: autoDraw = True
89.1111 	EXP 	up: autoDraw = True
89.1111 	EXP 	down: autoDraw = True
89.1280 	EXP 	center: autoDraw = True
89.1280 	EXP 	left: autoDraw = True
89.1280 	EXP 	right: autoDraw = True
89.1280 	EXP 	up: autoDraw = True
89.1280 	EXP 	down: autoDraw = True
89.1450 	EXP 	center: autoDraw = True
89.1450 	EXP 	left: autoDraw = True
89.1450 	EXP 	right: autoDraw = True
89.1450 	EXP 	up: autoDraw = True
89.1450 	EXP 	down: autoDraw = True
89.1610 	EXP 	center: autoDraw = True
89.1610 	EXP 	left: autoDraw = True
89.1610 	EXP 	right: autoDraw = True
89.1610 	EXP 	up: autoDraw = True
89.1610 	EXP 	down: autoDraw = True
89.1778 	EXP 	center: autoDraw = True
89.1778 	EXP 	left: autoDraw = True
89.1778 	EXP 	right: autoDraw = True
89.1778 	EXP 	up: autoDraw = True
89.1778 	EXP 	down: autoDraw = True
89.1946 	EXP 	center: autoDraw = True
89.1946 	EXP 	left: autoDraw = True
89.1946 	EXP 	right: autoDraw = True
89.1946 	EXP 	up: autoDraw = True
89.1946 	EXP 	down: autoDraw = True
89.2114 	EXP 	center: autoDraw = True
89.2114 	EXP 	left: autoDraw = True
89.2114 	EXP 	right: autoDraw = True
89.2114 	EXP 	up: autoDraw = True
89.2114 	EXP 	down: autoDraw = True
89.2282 	EXP 	center: autoDraw = True
89.2282 	EXP 	left: autoDraw = True
89.2282 	EXP 	right: autoDraw = True
89.2282 	EXP 	up: autoDraw = True
89.2282 	EXP 	down: autoDraw = True
89.2445 	EXP 	center: autoDraw = True
89.2445 	EXP 	left: autoDraw = True
89.2445 	EXP 	right: autoDraw = True
89.2445 	EXP 	up: autoDraw = True
89.2445 	EXP 	down: autoDraw = True
89.2614 	EXP 	center: autoDraw = True
89.2614 	EXP 	left: autoDraw = True
89.2614 	EXP 	right: autoDraw = True
89.2614 	EXP 	up: autoDraw = True
89.2614 	EXP 	down: autoDraw = True
89.2781 	EXP 	center: autoDraw = True
89.2781 	EXP 	left: autoDraw = True
89.2781 	EXP 	right: autoDraw = True
89.2781 	EXP 	up: autoDraw = True
89.2781 	EXP 	down: autoDraw = True
89.2944 	EXP 	center: autoDraw = True
89.2944 	EXP 	left: autoDraw = True
89.2944 	EXP 	right: autoDraw = True
89.2944 	EXP 	up: autoDraw = True
89.2944 	EXP 	down: autoDraw = True
89.3112 	EXP 	center: autoDraw = True
89.3112 	EXP 	left: autoDraw = True
89.3112 	EXP 	right: autoDraw = True
89.3112 	EXP 	up: autoDraw = True
89.3112 	EXP 	down: autoDraw = True
89.3279 	EXP 	center: autoDraw = True
89.3279 	EXP 	left: autoDraw = True
89.3279 	EXP 	right: autoDraw = True
89.3279 	EXP 	up: autoDraw = True
89.3279 	EXP 	down: autoDraw = True
89.3445 	EXP 	center: autoDraw = True
89.3445 	EXP 	left: autoDraw = True
89.3445 	EXP 	right: autoDraw = True
89.3445 	EXP 	up: autoDraw = True
89.3445 	EXP 	down: autoDraw = True
89.3612 	EXP 	center: autoDraw = True
89.3612 	EXP 	left: autoDraw = True
89.3612 	EXP 	right: autoDraw = True
89.3612 	EXP 	up: autoDraw = True
89.3612 	EXP 	down: autoDraw = True
89.3771 	EXP 	center: autoDraw = True
89.3771 	EXP 	left: autoDraw = True
89.3771 	EXP 	right: autoDraw = True
89.3771 	EXP 	up: autoDraw = True
89.3771 	EXP 	down: autoDraw = True
89.3945 	EXP 	center: autoDraw = True
89.3945 	EXP 	left: autoDraw = True
89.3945 	EXP 	right: autoDraw = True
89.3945 	EXP 	up: autoDraw = True
89.3945 	EXP 	down: autoDraw = True
89.4108 	EXP 	center: autoDraw = True
89.4108 	EXP 	left: autoDraw = True
89.4108 	EXP 	right: autoDraw = True
89.4108 	EXP 	up: autoDraw = True
89.4108 	EXP 	down: autoDraw = True
89.4279 	EXP 	center: autoDraw = True
89.4279 	EXP 	left: autoDraw = True
89.4279 	EXP 	right: autoDraw = True
89.4279 	EXP 	up: autoDraw = True
89.4279 	EXP 	down: autoDraw = True
89.4447 	EXP 	center: autoDraw = True
89.4447 	EXP 	left: autoDraw = True
89.4447 	EXP 	right: autoDraw = True
89.4447 	EXP 	up: autoDraw = True
89.4447 	EXP 	down: autoDraw = True
89.4612 	EXP 	center: autoDraw = True
89.4612 	EXP 	left: autoDraw = True
89.4612 	EXP 	right: autoDraw = True
89.4612 	EXP 	up: autoDraw = True
89.4612 	EXP 	down: autoDraw = True
89.4778 	EXP 	center: autoDraw = True
89.4778 	EXP 	left: autoDraw = True
89.4778 	EXP 	right: autoDraw = True
89.4778 	EXP 	up: autoDraw = True
89.4778 	EXP 	down: autoDraw = True
89.4945 	EXP 	center: autoDraw = True
89.4945 	EXP 	left: autoDraw = True
89.4945 	EXP 	right: autoDraw = True
89.4945 	EXP 	up: autoDraw = True
89.4945 	EXP 	down: autoDraw = True
89.5111 	EXP 	center: autoDraw = True
89.5111 	EXP 	left: autoDraw = True
89.5111 	EXP 	right: autoDraw = True
89.5111 	EXP 	up: autoDraw = True
89.5111 	EXP 	down: autoDraw = True
89.5279 	EXP 	center: autoDraw = True
89.5279 	EXP 	left: autoDraw = True
89.5279 	EXP 	right: autoDraw = True
89.5279 	EXP 	up: autoDraw = True
89.5279 	EXP 	down: autoDraw = True
89.5444 	EXP 	center: autoDraw = True
89.5444 	EXP 	left: autoDraw = True
89.5444 	EXP 	right: autoDraw = True
89.5444 	EXP 	up: autoDraw = True
89.5444 	EXP 	down: autoDraw = True
89.5613 	EXP 	center: autoDraw = True
89.5613 	EXP 	left: autoDraw = True
89.5613 	EXP 	right: autoDraw = True
89.5613 	EXP 	up: autoDraw = True
89.5613 	EXP 	down: autoDraw = True
89.5779 	EXP 	center: autoDraw = True
89.5779 	EXP 	left: autoDraw = True
89.5779 	EXP 	right: autoDraw = True
89.5779 	EXP 	up: autoDraw = True
89.5779 	EXP 	down: autoDraw = True
89.5945 	EXP 	center: autoDraw = True
89.5945 	EXP 	left: autoDraw = True
89.5945 	EXP 	right: autoDraw = True
89.5945 	EXP 	up: autoDraw = True
89.5945 	EXP 	down: autoDraw = True
89.6112 	EXP 	center: autoDraw = True
89.6112 	EXP 	left: autoDraw = True
89.6112 	EXP 	right: autoDraw = True
89.6112 	EXP 	up: autoDraw = True
89.6112 	EXP 	down: autoDraw = True
89.6279 	EXP 	center: autoDraw = True
89.6279 	EXP 	left: autoDraw = True
89.6279 	EXP 	right: autoDraw = True
89.6279 	EXP 	up: autoDraw = True
89.6279 	EXP 	down: autoDraw = True
89.6446 	EXP 	center: autoDraw = True
89.6446 	EXP 	left: autoDraw = True
89.6446 	EXP 	right: autoDraw = True
89.6446 	EXP 	up: autoDraw = True
89.6446 	EXP 	down: autoDraw = True
89.6614 	EXP 	center: autoDraw = True
89.6614 	EXP 	left: autoDraw = True
89.6614 	EXP 	right: autoDraw = True
89.6614 	EXP 	up: autoDraw = True
89.6614 	EXP 	down: autoDraw = True
89.6776 	EXP 	center: autoDraw = True
89.6776 	EXP 	left: autoDraw = True
89.6776 	EXP 	right: autoDraw = True
89.6776 	EXP 	up: autoDraw = True
89.6776 	EXP 	down: autoDraw = True
89.6946 	EXP 	center: autoDraw = True
89.6946 	EXP 	left: autoDraw = True
89.6946 	EXP 	right: autoDraw = True
89.6946 	EXP 	up: autoDraw = True
89.6946 	EXP 	down: autoDraw = True
89.7112 	EXP 	center: autoDraw = True
89.7112 	EXP 	left: autoDraw = True
89.7112 	EXP 	right: autoDraw = True
89.7112 	EXP 	up: autoDraw = True
89.7112 	EXP 	down: autoDraw = True
89.7281 	EXP 	center: autoDraw = True
89.7281 	EXP 	left: autoDraw = True
89.7281 	EXP 	right: autoDraw = True
89.7281 	EXP 	up: autoDraw = True
89.7281 	EXP 	down: autoDraw = True
89.7445 	EXP 	center: autoDraw = True
89.7445 	EXP 	left: autoDraw = True
89.7445 	EXP 	right: autoDraw = True
89.7445 	EXP 	up: autoDraw = True
89.7445 	EXP 	down: autoDraw = True
89.7614 	EXP 	center: autoDraw = True
89.7614 	EXP 	left: autoDraw = True
89.7614 	EXP 	right: autoDraw = True
89.7614 	EXP 	up: autoDraw = True
89.7614 	EXP 	down: autoDraw = True
89.7779 	EXP 	center: autoDraw = True
89.7779 	EXP 	left: autoDraw = True
89.7779 	EXP 	right: autoDraw = True
89.7779 	EXP 	up: autoDraw = True
89.7779 	EXP 	down: autoDraw = True
89.7938 	EXP 	center: autoDraw = True
89.7938 	EXP 	left: autoDraw = True
89.7938 	EXP 	right: autoDraw = True
89.7938 	EXP 	up: autoDraw = True
89.7938 	EXP 	down: autoDraw = True
89.8112 	EXP 	center: autoDraw = True
89.8112 	EXP 	left: autoDraw = True
89.8112 	EXP 	right: autoDraw = True
89.8112 	EXP 	up: autoDraw = True
89.8112 	EXP 	down: autoDraw = True
89.8280 	EXP 	center: autoDraw = True
89.8280 	EXP 	left: autoDraw = True
89.8280 	EXP 	right: autoDraw = True
89.8280 	EXP 	up: autoDraw = True
89.8280 	EXP 	down: autoDraw = True
89.8448 	EXP 	center: autoDraw = True
89.8448 	EXP 	left: autoDraw = True
89.8448 	EXP 	right: autoDraw = True
89.8448 	EXP 	up: autoDraw = True
89.8448 	EXP 	down: autoDraw = True
89.8611 	EXP 	center: autoDraw = True
89.8611 	EXP 	left: autoDraw = True
89.8611 	EXP 	right: autoDraw = True
89.8611 	EXP 	up: autoDraw = True
89.8611 	EXP 	down: autoDraw = True
89.8781 	EXP 	center: autoDraw = True
89.8781 	EXP 	left: autoDraw = True
89.8781 	EXP 	right: autoDraw = True
89.8781 	EXP 	up: autoDraw = True
89.8781 	EXP 	down: autoDraw = True
89.8947 	EXP 	center: autoDraw = True
89.8947 	EXP 	left: autoDraw = True
89.8947 	EXP 	right: autoDraw = True
89.8947 	EXP 	up: autoDraw = True
89.8947 	EXP 	down: autoDraw = True
89.9113 	EXP 	center: autoDraw = True
89.9113 	EXP 	left: autoDraw = True
89.9113 	EXP 	right: autoDraw = True
89.9113 	EXP 	up: autoDraw = True
89.9113 	EXP 	down: autoDraw = True
89.9280 	EXP 	center: autoDraw = True
89.9280 	EXP 	left: autoDraw = True
89.9280 	EXP 	right: autoDraw = True
89.9280 	EXP 	up: autoDraw = True
89.9280 	EXP 	down: autoDraw = True
89.9438 	EXP 	center: autoDraw = True
89.9438 	EXP 	left: autoDraw = True
89.9438 	EXP 	right: autoDraw = True
89.9438 	EXP 	up: autoDraw = True
89.9438 	EXP 	down: autoDraw = True
89.9612 	EXP 	center: autoDraw = True
89.9612 	EXP 	left: autoDraw = True
89.9612 	EXP 	right: autoDraw = True
89.9612 	EXP 	up: autoDraw = True
89.9612 	EXP 	down: autoDraw = True
89.9781 	EXP 	center: autoDraw = True
89.9781 	EXP 	left: autoDraw = True
89.9781 	EXP 	right: autoDraw = True
89.9781 	EXP 	up: autoDraw = True
89.9781 	EXP 	down: autoDraw = True
89.9944 	EXP 	center: autoDraw = True
89.9944 	EXP 	left: autoDraw = True
89.9944 	EXP 	right: autoDraw = True
89.9944 	EXP 	up: autoDraw = True
89.9944 	EXP 	down: autoDraw = True
90.0115 	EXP 	center: autoDraw = True
90.0115 	EXP 	left: autoDraw = True
90.0115 	EXP 	right: autoDraw = True
90.0115 	EXP 	up: autoDraw = True
90.0115 	EXP 	down: autoDraw = True
90.0278 	EXP 	center: autoDraw = True
90.0278 	EXP 	left: autoDraw = True
90.0278 	EXP 	right: autoDraw = True
90.0278 	EXP 	up: autoDraw = True
90.0278 	EXP 	down: autoDraw = True
90.0448 	EXP 	center: autoDraw = True
90.0448 	EXP 	left: autoDraw = True
90.0448 	EXP 	right: autoDraw = True
90.0448 	EXP 	up: autoDraw = True
90.0448 	EXP 	down: autoDraw = True
90.0612 	EXP 	center: autoDraw = True
90.0612 	EXP 	left: autoDraw = True
90.0612 	EXP 	right: autoDraw = True
90.0612 	EXP 	up: autoDraw = True
90.0612 	EXP 	down: autoDraw = True
90.0783 	EXP 	center: autoDraw = True
90.0783 	EXP 	left: autoDraw = True
90.0783 	EXP 	right: autoDraw = True
90.0783 	EXP 	up: autoDraw = True
90.0783 	EXP 	down: autoDraw = True
90.0946 	EXP 	center: autoDraw = True
90.0946 	EXP 	left: autoDraw = True
90.0946 	EXP 	right: autoDraw = True
90.0946 	EXP 	up: autoDraw = True
90.0946 	EXP 	down: autoDraw = True
90.1115 	EXP 	center: autoDraw = True
90.1115 	EXP 	left: autoDraw = True
90.1115 	EXP 	right: autoDraw = True
90.1115 	EXP 	up: autoDraw = True
90.1115 	EXP 	down: autoDraw = True
90.1278 	EXP 	center: autoDraw = True
90.1278 	EXP 	left: autoDraw = True
90.1278 	EXP 	right: autoDraw = True
90.1278 	EXP 	up: autoDraw = True
90.1278 	EXP 	down: autoDraw = True
90.1449 	EXP 	center: autoDraw = True
90.1449 	EXP 	left: autoDraw = True
90.1449 	EXP 	right: autoDraw = True
90.1449 	EXP 	up: autoDraw = True
90.1449 	EXP 	down: autoDraw = True
90.1611 	EXP 	center: autoDraw = True
90.1611 	EXP 	left: autoDraw = True
90.1611 	EXP 	right: autoDraw = True
90.1611 	EXP 	up: autoDraw = True
90.1611 	EXP 	down: autoDraw = True
90.1782 	EXP 	center: autoDraw = True
90.1782 	EXP 	left: autoDraw = True
90.1782 	EXP 	right: autoDraw = True
90.1782 	EXP 	up: autoDraw = True
90.1782 	EXP 	down: autoDraw = True
90.1945 	EXP 	center: autoDraw = True
90.1945 	EXP 	left: autoDraw = True
90.1945 	EXP 	right: autoDraw = True
90.1945 	EXP 	up: autoDraw = True
90.1945 	EXP 	down: autoDraw = True
90.1946 	EXP 	Sound  started
90.1984 	DATA 	sclo | frame count: 120
90.2113 	EXP 	center: autoDraw = True
90.2113 	EXP 	left: autoDraw = True
90.2113 	EXP 	right: autoDraw = True
90.2113 	EXP 	up: autoDraw = True
90.2113 	EXP 	down: autoDraw = True
90.2282 	EXP 	center: autoDraw = True
90.2282 	EXP 	left: autoDraw = True
90.2282 	EXP 	right: autoDraw = True
90.2282 	EXP 	up: autoDraw = True
90.2282 	EXP 	down: autoDraw = True
90.2445 	EXP 	center: autoDraw = True
90.2445 	EXP 	left: autoDraw = True
90.2445 	EXP 	right: autoDraw = True
90.2445 	EXP 	up: autoDraw = True
90.2445 	EXP 	down: autoDraw = True
90.2604 	EXP 	center: autoDraw = True
90.2604 	EXP 	left: autoDraw = True
90.2604 	EXP 	right: autoDraw = True
90.2604 	EXP 	up: autoDraw = True
90.2604 	EXP 	down: autoDraw = True
90.2771 	EXP 	center: autoDraw = True
90.2771 	EXP 	left: autoDraw = True
90.2771 	EXP 	right: autoDraw = True
90.2771 	EXP 	up: autoDraw = True
90.2771 	EXP 	down: autoDraw = True
90.2942 	EXP 	center: autoDraw = True
90.2942 	EXP 	left: autoDraw = True
90.2942 	EXP 	right: autoDraw = True
90.2942 	EXP 	up: autoDraw = True
90.2942 	EXP 	down: autoDraw = True
90.3111 	EXP 	center: autoDraw = True
90.3111 	EXP 	left: autoDraw = True
90.3111 	EXP 	right: autoDraw = True
90.3111 	EXP 	up: autoDraw = True
90.3111 	EXP 	down: autoDraw = True
90.3279 	EXP 	center: autoDraw = True
90.3279 	EXP 	left: autoDraw = True
90.3279 	EXP 	right: autoDraw = True
90.3279 	EXP 	up: autoDraw = True
90.3279 	EXP 	down: autoDraw = True
90.3437 	EXP 	center: autoDraw = True
90.3437 	EXP 	left: autoDraw = True
90.3437 	EXP 	right: autoDraw = True
90.3437 	EXP 	up: autoDraw = True
90.3437 	EXP 	down: autoDraw = True
90.3612 	EXP 	center: autoDraw = True
90.3612 	EXP 	left: autoDraw = True
90.3612 	EXP 	right: autoDraw = True
90.3612 	EXP 	up: autoDraw = True
90.3612 	EXP 	down: autoDraw = True
90.3771 	EXP 	center: autoDraw = True
90.3771 	EXP 	left: autoDraw = True
90.3771 	EXP 	right: autoDraw = True
90.3771 	EXP 	up: autoDraw = True
90.3771 	EXP 	down: autoDraw = True
90.3945 	EXP 	center: autoDraw = True
90.3945 	EXP 	left: autoDraw = True
90.3945 	EXP 	right: autoDraw = True
90.3945 	EXP 	up: autoDraw = True
90.3945 	EXP 	down: autoDraw = True
90.4105 	EXP 	center: autoDraw = True
90.4105 	EXP 	left: autoDraw = True
90.4105 	EXP 	right: autoDraw = True
90.4105 	EXP 	up: autoDraw = True
90.4105 	EXP 	down: autoDraw = True
90.4278 	EXP 	center: autoDraw = True
90.4278 	EXP 	left: autoDraw = True
90.4278 	EXP 	right: autoDraw = True
90.4278 	EXP 	up: autoDraw = True
90.4278 	EXP 	down: autoDraw = True
90.4439 	EXP 	center: autoDraw = True
90.4439 	EXP 	left: autoDraw = True
90.4439 	EXP 	right: autoDraw = True
90.4439 	EXP 	up: autoDraw = True
90.4439 	EXP 	down: autoDraw = True
90.4611 	EXP 	center: autoDraw = True
90.4611 	EXP 	left: autoDraw = True
90.4611 	EXP 	right: autoDraw = True
90.4611 	EXP 	up: autoDraw = True
90.4611 	EXP 	down: autoDraw = True
90.4772 	EXP 	center: autoDraw = True
90.4772 	EXP 	left: autoDraw = True
90.4772 	EXP 	right: autoDraw = True
90.4772 	EXP 	up: autoDraw = True
90.4772 	EXP 	down: autoDraw = True
90.4945 	EXP 	center: autoDraw = True
90.4945 	EXP 	left: autoDraw = True
90.4945 	EXP 	right: autoDraw = True
90.4945 	EXP 	up: autoDraw = True
90.4945 	EXP 	down: autoDraw = True
90.5104 	EXP 	center: autoDraw = True
90.5104 	EXP 	left: autoDraw = True
90.5104 	EXP 	right: autoDraw = True
90.5104 	EXP 	up: autoDraw = True
90.5104 	EXP 	down: autoDraw = True
90.5278 	EXP 	center: autoDraw = True
90.5278 	EXP 	left: autoDraw = True
90.5278 	EXP 	right: autoDraw = True
90.5278 	EXP 	up: autoDraw = True
90.5278 	EXP 	down: autoDraw = True
90.5438 	EXP 	center: autoDraw = True
90.5438 	EXP 	left: autoDraw = True
90.5438 	EXP 	right: autoDraw = True
90.5438 	EXP 	up: autoDraw = True
90.5438 	EXP 	down: autoDraw = True
90.5612 	EXP 	center: autoDraw = True
90.5612 	EXP 	left: autoDraw = True
90.5612 	EXP 	right: autoDraw = True
90.5612 	EXP 	up: autoDraw = True
90.5612 	EXP 	down: autoDraw = True
90.5771 	EXP 	center: autoDraw = True
90.5771 	EXP 	left: autoDraw = True
90.5771 	EXP 	right: autoDraw = True
90.5771 	EXP 	up: autoDraw = True
90.5771 	EXP 	down: autoDraw = True
90.5945 	EXP 	center: autoDraw = True
90.5945 	EXP 	left: autoDraw = True
90.5945 	EXP 	right: autoDraw = True
90.5945 	EXP 	up: autoDraw = True
90.5945 	EXP 	down: autoDraw = True
90.6105 	EXP 	center: autoDraw = True
90.6105 	EXP 	left: autoDraw = True
90.6105 	EXP 	right: autoDraw = True
90.6105 	EXP 	up: autoDraw = True
90.6105 	EXP 	down: autoDraw = True
90.6278 	EXP 	center: autoDraw = True
90.6278 	EXP 	left: autoDraw = True
90.6278 	EXP 	right: autoDraw = True
90.6278 	EXP 	up: autoDraw = True
90.6278 	EXP 	down: autoDraw = True
90.6439 	EXP 	center: autoDraw = True
90.6439 	EXP 	left: autoDraw = True
90.6439 	EXP 	right: autoDraw = True
90.6439 	EXP 	up: autoDraw = True
90.6439 	EXP 	down: autoDraw = True
90.6611 	EXP 	center: autoDraw = True
90.6611 	EXP 	left: autoDraw = True
90.6611 	EXP 	right: autoDraw = True
90.6611 	EXP 	up: autoDraw = True
90.6611 	EXP 	down: autoDraw = True
90.6772 	EXP 	center: autoDraw = True
90.6772 	EXP 	left: autoDraw = True
90.6772 	EXP 	right: autoDraw = True
90.6772 	EXP 	up: autoDraw = True
90.6772 	EXP 	down: autoDraw = True
90.6945 	EXP 	center: autoDraw = True
90.6945 	EXP 	left: autoDraw = True
90.6945 	EXP 	right: autoDraw = True
90.6945 	EXP 	up: autoDraw = True
90.6945 	EXP 	down: autoDraw = True
90.6946 	DATA 	wsqS
90.7110 	EXP 	center: autoDraw = True
90.7110 	EXP 	left: autoDraw = True
90.7110 	EXP 	right: autoDraw = True
90.7110 	EXP 	up: autoDraw = True
90.7110 	EXP 	down: autoDraw = True
90.7110 	EXP 	whitesquare: autoDraw = True
90.7279 	EXP 	center: autoDraw = True
90.7279 	EXP 	left: autoDraw = True
90.7279 	EXP 	right: autoDraw = True
90.7279 	EXP 	up: autoDraw = True
90.7279 	EXP 	down: autoDraw = True
90.7279 	EXP 	whitesquare: autoDraw = False
90.7439 	EXP 	center: autoDraw = True
90.7439 	EXP 	left: autoDraw = True
90.7439 	EXP 	right: autoDraw = True
90.7439 	EXP 	up: autoDraw = True
90.7439 	EXP 	down: autoDraw = True
90.7611 	EXP 	center: autoDraw = True
90.7611 	EXP 	left: autoDraw = True
90.7611 	EXP 	right: autoDraw = True
90.7611 	EXP 	up: autoDraw = True
90.7611 	EXP 	down: autoDraw = True
90.7772 	EXP 	center: autoDraw = True
90.7772 	EXP 	left: autoDraw = True
90.7772 	EXP 	right: autoDraw = True
90.7772 	EXP 	up: autoDraw = True
90.7772 	EXP 	down: autoDraw = True
90.7945 	EXP 	center: autoDraw = True
90.7945 	EXP 	left: autoDraw = True
90.7945 	EXP 	right: autoDraw = True
90.7945 	EXP 	up: autoDraw = True
90.7945 	EXP 	down: autoDraw = True
90.8115 	EXP 	center: autoDraw = True
90.8115 	EXP 	left: autoDraw = True
90.8115 	EXP 	right: autoDraw = True
90.8115 	EXP 	up: autoDraw = True
90.8115 	EXP 	down: autoDraw = True
90.8270 	EXP 	center: autoDraw = True
90.8270 	EXP 	left: autoDraw = True
90.8270 	EXP 	right: autoDraw = True
90.8270 	EXP 	up: autoDraw = True
90.8270 	EXP 	down: autoDraw = True
90.8440 	EXP 	center: autoDraw = True
90.8440 	EXP 	left: autoDraw = True
90.8440 	EXP 	right: autoDraw = True
90.8440 	EXP 	up: autoDraw = True
90.8440 	EXP 	down: autoDraw = True
90.8611 	EXP 	center: autoDraw = True
90.8611 	EXP 	left: autoDraw = True
90.8611 	EXP 	right: autoDraw = True
90.8611 	EXP 	up: autoDraw = True
90.8611 	EXP 	down: autoDraw = True
90.8774 	EXP 	center: autoDraw = True
90.8774 	EXP 	left: autoDraw = True
90.8774 	EXP 	right: autoDraw = True
90.8774 	EXP 	up: autoDraw = True
90.8774 	EXP 	down: autoDraw = True
90.8944 	EXP 	center: autoDraw = True
90.8944 	EXP 	left: autoDraw = True
90.8944 	EXP 	right: autoDraw = True
90.8944 	EXP 	up: autoDraw = True
90.8944 	EXP 	down: autoDraw = True
90.9106 	EXP 	center: autoDraw = True
90.9106 	EXP 	left: autoDraw = True
90.9106 	EXP 	right: autoDraw = True
90.9106 	EXP 	up: autoDraw = True
90.9106 	EXP 	down: autoDraw = True
90.9277 	EXP 	center: autoDraw = True
90.9277 	EXP 	left: autoDraw = True
90.9277 	EXP 	right: autoDraw = True
90.9277 	EXP 	up: autoDraw = True
90.9277 	EXP 	down: autoDraw = True
90.9444 	EXP 	center: autoDraw = True
90.9444 	EXP 	left: autoDraw = True
90.9444 	EXP 	right: autoDraw = True
90.9444 	EXP 	up: autoDraw = True
90.9444 	EXP 	down: autoDraw = True
90.9607 	EXP 	center: autoDraw = True
90.9607 	EXP 	left: autoDraw = True
90.9607 	EXP 	right: autoDraw = True
90.9607 	EXP 	up: autoDraw = True
90.9607 	EXP 	down: autoDraw = True
90.9778 	EXP 	center: autoDraw = True
90.9778 	EXP 	left: autoDraw = True
90.9778 	EXP 	right: autoDraw = True
90.9778 	EXP 	up: autoDraw = True
90.9778 	EXP 	down: autoDraw = True
90.9940 	EXP 	center: autoDraw = True
90.9940 	EXP 	left: autoDraw = True
90.9940 	EXP 	right: autoDraw = True
90.9940 	EXP 	up: autoDraw = True
90.9940 	EXP 	down: autoDraw = True
91.0111 	EXP 	center: autoDraw = True
91.0111 	EXP 	left: autoDraw = True
91.0111 	EXP 	right: autoDraw = True
91.0111 	EXP 	up: autoDraw = True
91.0111 	EXP 	down: autoDraw = True
91.0273 	EXP 	center: autoDraw = True
91.0273 	EXP 	left: autoDraw = True
91.0273 	EXP 	right: autoDraw = True
91.0273 	EXP 	up: autoDraw = True
91.0273 	EXP 	down: autoDraw = True
91.0444 	EXP 	center: autoDraw = True
91.0444 	EXP 	left: autoDraw = True
91.0444 	EXP 	right: autoDraw = True
91.0444 	EXP 	up: autoDraw = True
91.0444 	EXP 	down: autoDraw = True
91.0608 	EXP 	center: autoDraw = True
91.0608 	EXP 	left: autoDraw = True
91.0608 	EXP 	right: autoDraw = True
91.0608 	EXP 	up: autoDraw = True
91.0608 	EXP 	down: autoDraw = True
91.0780 	EXP 	center: autoDraw = True
91.0780 	EXP 	left: autoDraw = True
91.0780 	EXP 	right: autoDraw = True
91.0780 	EXP 	up: autoDraw = True
91.0780 	EXP 	down: autoDraw = True
91.0941 	EXP 	center: autoDraw = True
91.0941 	EXP 	left: autoDraw = True
91.0941 	EXP 	right: autoDraw = True
91.0941 	EXP 	up: autoDraw = True
91.0941 	EXP 	down: autoDraw = True
91.1111 	EXP 	center: autoDraw = True
91.1111 	EXP 	left: autoDraw = True
91.1111 	EXP 	right: autoDraw = True
91.1111 	EXP 	up: autoDraw = True
91.1111 	EXP 	down: autoDraw = True
91.1275 	EXP 	center: autoDraw = True
91.1275 	EXP 	left: autoDraw = True
91.1275 	EXP 	right: autoDraw = True
91.1275 	EXP 	up: autoDraw = True
91.1275 	EXP 	down: autoDraw = True
91.1443 	EXP 	center: autoDraw = True
91.1443 	EXP 	left: autoDraw = True
91.1443 	EXP 	right: autoDraw = True
91.1443 	EXP 	up: autoDraw = True
91.1443 	EXP 	down: autoDraw = True
91.1613 	EXP 	center: autoDraw = True
91.1613 	EXP 	left: autoDraw = True
91.1613 	EXP 	right: autoDraw = True
91.1613 	EXP 	up: autoDraw = True
91.1613 	EXP 	down: autoDraw = True
91.1777 	EXP 	center: autoDraw = True
91.1777 	EXP 	left: autoDraw = True
91.1777 	EXP 	right: autoDraw = True
91.1777 	EXP 	up: autoDraw = True
91.1777 	EXP 	down: autoDraw = True
91.1942 	EXP 	center: autoDraw = True
91.1942 	EXP 	left: autoDraw = True
91.1942 	EXP 	right: autoDraw = True
91.1942 	EXP 	up: autoDraw = True
91.1942 	EXP 	down: autoDraw = True
91.2113 	EXP 	center: autoDraw = True
91.2113 	EXP 	left: autoDraw = True
91.2113 	EXP 	right: autoDraw = True
91.2113 	EXP 	up: autoDraw = True
91.2113 	EXP 	down: autoDraw = True
91.2275 	EXP 	center: autoDraw = True
91.2275 	EXP 	left: autoDraw = True
91.2275 	EXP 	right: autoDraw = True
91.2275 	EXP 	up: autoDraw = True
91.2275 	EXP 	down: autoDraw = True
91.2445 	EXP 	center: autoDraw = True
91.2445 	EXP 	left: autoDraw = True
91.2445 	EXP 	right: autoDraw = True
91.2445 	EXP 	up: autoDraw = True
91.2445 	EXP 	down: autoDraw = True
91.2608 	EXP 	center: autoDraw = True
91.2608 	EXP 	left: autoDraw = True
91.2608 	EXP 	right: autoDraw = True
91.2608 	EXP 	up: autoDraw = True
91.2608 	EXP 	down: autoDraw = True
91.2777 	EXP 	center: autoDraw = True
91.2777 	EXP 	left: autoDraw = True
91.2777 	EXP 	right: autoDraw = True
91.2777 	EXP 	up: autoDraw = True
91.2777 	EXP 	down: autoDraw = True
91.2942 	EXP 	center: autoDraw = True
91.2942 	EXP 	left: autoDraw = True
91.2942 	EXP 	right: autoDraw = True
91.2942 	EXP 	up: autoDraw = True
91.2942 	EXP 	down: autoDraw = True
91.3113 	EXP 	center: autoDraw = True
91.3113 	EXP 	left: autoDraw = True
91.3113 	EXP 	right: autoDraw = True
91.3113 	EXP 	up: autoDraw = True
91.3113 	EXP 	down: autoDraw = True
91.3275 	EXP 	center: autoDraw = True
91.3275 	EXP 	left: autoDraw = True
91.3275 	EXP 	right: autoDraw = True
91.3275 	EXP 	up: autoDraw = True
91.3275 	EXP 	down: autoDraw = True
91.3445 	EXP 	center: autoDraw = True
91.3445 	EXP 	left: autoDraw = True
91.3445 	EXP 	right: autoDraw = True
91.3445 	EXP 	up: autoDraw = True
91.3445 	EXP 	down: autoDraw = True
91.3609 	EXP 	center: autoDraw = True
91.3609 	EXP 	left: autoDraw = True
91.3609 	EXP 	right: autoDraw = True
91.3609 	EXP 	up: autoDraw = True
91.3609 	EXP 	down: autoDraw = True
91.3777 	EXP 	center: autoDraw = True
91.3777 	EXP 	left: autoDraw = True
91.3777 	EXP 	right: autoDraw = True
91.3777 	EXP 	up: autoDraw = True
91.3777 	EXP 	down: autoDraw = True
91.3947 	EXP 	center: autoDraw = True
91.3947 	EXP 	left: autoDraw = True
91.3947 	EXP 	right: autoDraw = True
91.3947 	EXP 	up: autoDraw = True
91.3947 	EXP 	down: autoDraw = True
91.4110 	EXP 	center: autoDraw = True
91.4110 	EXP 	left: autoDraw = True
91.4110 	EXP 	right: autoDraw = True
91.4110 	EXP 	up: autoDraw = True
91.4110 	EXP 	down: autoDraw = True
91.4277 	EXP 	center: autoDraw = True
91.4277 	EXP 	left: autoDraw = True
91.4277 	EXP 	right: autoDraw = True
91.4277 	EXP 	up: autoDraw = True
91.4277 	EXP 	down: autoDraw = True
91.4443 	EXP 	center: autoDraw = True
91.4443 	EXP 	left: autoDraw = True
91.4443 	EXP 	right: autoDraw = True
91.4443 	EXP 	up: autoDraw = True
91.4443 	EXP 	down: autoDraw = True
91.4612 	EXP 	center: autoDraw = True
91.4612 	EXP 	left: autoDraw = True
91.4612 	EXP 	right: autoDraw = True
91.4612 	EXP 	up: autoDraw = True
91.4612 	EXP 	down: autoDraw = True
91.4772 	EXP 	center: autoDraw = True
91.4772 	EXP 	left: autoDraw = True
91.4772 	EXP 	right: autoDraw = True
91.4772 	EXP 	up: autoDraw = True
91.4772 	EXP 	down: autoDraw = True
91.4943 	EXP 	center: autoDraw = True
91.4943 	EXP 	left: autoDraw = True
91.4943 	EXP 	right: autoDraw = True
91.4943 	EXP 	up: autoDraw = True
91.4943 	EXP 	down: autoDraw = True
91.5109 	EXP 	center: autoDraw = True
91.5109 	EXP 	left: autoDraw = True
91.5109 	EXP 	right: autoDraw = True
91.5109 	EXP 	up: autoDraw = True
91.5109 	EXP 	down: autoDraw = True
91.5276 	EXP 	center: autoDraw = True
91.5276 	EXP 	left: autoDraw = True
91.5276 	EXP 	right: autoDraw = True
91.5276 	EXP 	up: autoDraw = True
91.5276 	EXP 	down: autoDraw = True
91.5443 	EXP 	center: autoDraw = True
91.5443 	EXP 	left: autoDraw = True
91.5443 	EXP 	right: autoDraw = True
91.5443 	EXP 	up: autoDraw = True
91.5443 	EXP 	down: autoDraw = True
91.5609 	EXP 	center: autoDraw = True
91.5609 	EXP 	left: autoDraw = True
91.5609 	EXP 	right: autoDraw = True
91.5609 	EXP 	up: autoDraw = True
91.5609 	EXP 	down: autoDraw = True
91.5776 	EXP 	center: autoDraw = True
91.5776 	EXP 	left: autoDraw = True
91.5776 	EXP 	right: autoDraw = True
91.5776 	EXP 	up: autoDraw = True
91.5776 	EXP 	down: autoDraw = True
91.5944 	EXP 	center: autoDraw = True
91.5944 	EXP 	left: autoDraw = True
91.5944 	EXP 	right: autoDraw = True
91.5944 	EXP 	up: autoDraw = True
91.5944 	EXP 	down: autoDraw = True
91.6110 	EXP 	center: autoDraw = True
91.6110 	EXP 	left: autoDraw = True
91.6110 	EXP 	right: autoDraw = True
91.6110 	EXP 	up: autoDraw = True
91.6110 	EXP 	down: autoDraw = True
91.6278 	EXP 	center: autoDraw = True
91.6278 	EXP 	left: autoDraw = True
91.6278 	EXP 	right: autoDraw = True
91.6278 	EXP 	up: autoDraw = True
91.6278 	EXP 	down: autoDraw = True
91.6443 	EXP 	center: autoDraw = True
91.6443 	EXP 	left: autoDraw = True
91.6443 	EXP 	right: autoDraw = True
91.6443 	EXP 	up: autoDraw = True
91.6443 	EXP 	down: autoDraw = True
91.6611 	EXP 	center: autoDraw = True
91.6611 	EXP 	left: autoDraw = True
91.6611 	EXP 	right: autoDraw = True
91.6611 	EXP 	up: autoDraw = True
91.6611 	EXP 	down: autoDraw = True
91.6777 	EXP 	center: autoDraw = True
91.6777 	EXP 	left: autoDraw = True
91.6777 	EXP 	right: autoDraw = True
91.6777 	EXP 	up: autoDraw = True
91.6777 	EXP 	down: autoDraw = True
91.6939 	EXP 	center: autoDraw = True
91.6939 	EXP 	left: autoDraw = True
91.6939 	EXP 	right: autoDraw = True
91.6939 	EXP 	up: autoDraw = True
91.6939 	EXP 	down: autoDraw = True
91.7110 	EXP 	center: autoDraw = True
91.7110 	EXP 	left: autoDraw = True
91.7110 	EXP 	right: autoDraw = True
91.7110 	EXP 	up: autoDraw = True
91.7110 	EXP 	down: autoDraw = True
91.7277 	EXP 	center: autoDraw = True
91.7277 	EXP 	left: autoDraw = True
91.7277 	EXP 	right: autoDraw = True
91.7277 	EXP 	up: autoDraw = True
91.7277 	EXP 	down: autoDraw = True
91.7441 	EXP 	center: autoDraw = True
91.7441 	EXP 	left: autoDraw = True
91.7441 	EXP 	right: autoDraw = True
91.7441 	EXP 	up: autoDraw = True
91.7441 	EXP 	down: autoDraw = True
91.7611 	EXP 	center: autoDraw = True
91.7611 	EXP 	left: autoDraw = True
91.7611 	EXP 	right: autoDraw = True
91.7611 	EXP 	up: autoDraw = True
91.7611 	EXP 	down: autoDraw = True
91.7777 	EXP 	center: autoDraw = True
91.7777 	EXP 	left: autoDraw = True
91.7777 	EXP 	right: autoDraw = True
91.7777 	EXP 	up: autoDraw = True
91.7777 	EXP 	down: autoDraw = True
91.7944 	EXP 	center: autoDraw = True
91.7944 	EXP 	left: autoDraw = True
91.7944 	EXP 	right: autoDraw = True
91.7944 	EXP 	up: autoDraw = True
91.7944 	EXP 	down: autoDraw = True
91.8110 	EXP 	center: autoDraw = True
91.8110 	EXP 	left: autoDraw = True
91.8110 	EXP 	right: autoDraw = True
91.8110 	EXP 	up: autoDraw = True
91.8110 	EXP 	down: autoDraw = True
91.8278 	EXP 	center: autoDraw = True
91.8278 	EXP 	left: autoDraw = True
91.8278 	EXP 	right: autoDraw = True
91.8278 	EXP 	up: autoDraw = True
91.8278 	EXP 	down: autoDraw = True
91.8444 	EXP 	center: autoDraw = True
91.8444 	EXP 	left: autoDraw = True
91.8444 	EXP 	right: autoDraw = True
91.8444 	EXP 	up: autoDraw = True
91.8444 	EXP 	down: autoDraw = True
91.8603 	EXP 	center: autoDraw = True
91.8603 	EXP 	left: autoDraw = True
91.8603 	EXP 	right: autoDraw = True
91.8603 	EXP 	up: autoDraw = True
91.8603 	EXP 	down: autoDraw = True
91.8776 	EXP 	center: autoDraw = True
91.8776 	EXP 	left: autoDraw = True
91.8776 	EXP 	right: autoDraw = True
91.8776 	EXP 	up: autoDraw = True
91.8776 	EXP 	down: autoDraw = True
91.8944 	EXP 	center: autoDraw = True
91.8944 	EXP 	left: autoDraw = True
91.8944 	EXP 	right: autoDraw = True
91.8944 	EXP 	up: autoDraw = True
91.8944 	EXP 	down: autoDraw = True
91.9112 	EXP 	center: autoDraw = True
91.9112 	EXP 	left: autoDraw = True
91.9112 	EXP 	right: autoDraw = True
91.9112 	EXP 	up: autoDraw = True
91.9112 	EXP 	down: autoDraw = True
91.9278 	EXP 	center: autoDraw = True
91.9278 	EXP 	left: autoDraw = True
91.9278 	EXP 	right: autoDraw = True
91.9278 	EXP 	up: autoDraw = True
91.9278 	EXP 	down: autoDraw = True
91.9446 	EXP 	center: autoDraw = True
91.9446 	EXP 	left: autoDraw = True
91.9446 	EXP 	right: autoDraw = True
91.9446 	EXP 	up: autoDraw = True
91.9446 	EXP 	down: autoDraw = True
91.9610 	EXP 	center: autoDraw = True
91.9610 	EXP 	left: autoDraw = True
91.9610 	EXP 	right: autoDraw = True
91.9610 	EXP 	up: autoDraw = True
91.9610 	EXP 	down: autoDraw = True
91.9777 	EXP 	center: autoDraw = True
91.9777 	EXP 	left: autoDraw = True
91.9777 	EXP 	right: autoDraw = True
91.9777 	EXP 	up: autoDraw = True
91.9777 	EXP 	down: autoDraw = True
91.9944 	EXP 	center: autoDraw = True
91.9944 	EXP 	left: autoDraw = True
91.9944 	EXP 	right: autoDraw = True
91.9944 	EXP 	up: autoDraw = True
91.9944 	EXP 	down: autoDraw = True
92.0110 	EXP 	center: autoDraw = True
92.0110 	EXP 	left: autoDraw = True
92.0110 	EXP 	right: autoDraw = True
92.0110 	EXP 	up: autoDraw = True
92.0110 	EXP 	down: autoDraw = True
92.0278 	EXP 	center: autoDraw = True
92.0278 	EXP 	left: autoDraw = True
92.0278 	EXP 	right: autoDraw = True
92.0278 	EXP 	up: autoDraw = True
92.0278 	EXP 	down: autoDraw = True
92.0446 	EXP 	center: autoDraw = True
92.0446 	EXP 	left: autoDraw = True
92.0446 	EXP 	right: autoDraw = True
92.0446 	EXP 	up: autoDraw = True
92.0446 	EXP 	down: autoDraw = True
92.0609 	EXP 	center: autoDraw = True
92.0609 	EXP 	left: autoDraw = True
92.0609 	EXP 	right: autoDraw = True
92.0609 	EXP 	up: autoDraw = True
92.0609 	EXP 	down: autoDraw = True
92.0777 	EXP 	center: autoDraw = True
92.0777 	EXP 	left: autoDraw = True
92.0777 	EXP 	right: autoDraw = True
92.0777 	EXP 	up: autoDraw = True
92.0777 	EXP 	down: autoDraw = True
92.0946 	EXP 	center: autoDraw = True
92.0946 	EXP 	left: autoDraw = True
92.0946 	EXP 	right: autoDraw = True
92.0946 	EXP 	up: autoDraw = True
92.0946 	EXP 	down: autoDraw = True
92.1110 	EXP 	center: autoDraw = True
92.1110 	EXP 	left: autoDraw = True
92.1110 	EXP 	right: autoDraw = True
92.1110 	EXP 	up: autoDraw = True
92.1110 	EXP 	down: autoDraw = True
92.1273 	EXP 	center: autoDraw = True
92.1273 	EXP 	left: autoDraw = True
92.1273 	EXP 	right: autoDraw = True
92.1273 	EXP 	up: autoDraw = True
92.1273 	EXP 	down: autoDraw = True
92.1443 	EXP 	center: autoDraw = True
92.1443 	EXP 	left: autoDraw = True
92.1443 	EXP 	right: autoDraw = True
92.1443 	EXP 	up: autoDraw = True
92.1443 	EXP 	down: autoDraw = True
92.1611 	EXP 	center: autoDraw = True
92.1611 	EXP 	left: autoDraw = True
92.1611 	EXP 	right: autoDraw = True
92.1611 	EXP 	up: autoDraw = True
92.1611 	EXP 	down: autoDraw = True
92.1780 	EXP 	center: autoDraw = True
92.1780 	EXP 	left: autoDraw = True
92.1780 	EXP 	right: autoDraw = True
92.1780 	EXP 	up: autoDraw = True
92.1780 	EXP 	down: autoDraw = True
92.1942 	EXP 	center: autoDraw = True
92.1942 	EXP 	left: autoDraw = True
92.1942 	EXP 	right: autoDraw = True
92.1942 	EXP 	up: autoDraw = True
92.1942 	EXP 	down: autoDraw = True
92.2111 	EXP 	center: autoDraw = True
92.2111 	EXP 	left: autoDraw = True
92.2111 	EXP 	right: autoDraw = True
92.2111 	EXP 	up: autoDraw = True
92.2111 	EXP 	down: autoDraw = True
92.2273 	EXP 	center: autoDraw = True
92.2273 	EXP 	left: autoDraw = True
92.2273 	EXP 	right: autoDraw = True
92.2273 	EXP 	up: autoDraw = True
92.2273 	EXP 	down: autoDraw = True
92.2446 	EXP 	center: autoDraw = True
92.2446 	EXP 	left: autoDraw = True
92.2446 	EXP 	right: autoDraw = True
92.2446 	EXP 	up: autoDraw = True
92.2446 	EXP 	down: autoDraw = True
92.2609 	EXP 	center: autoDraw = True
92.2609 	EXP 	left: autoDraw = True
92.2609 	EXP 	right: autoDraw = True
92.2609 	EXP 	up: autoDraw = True
92.2609 	EXP 	down: autoDraw = True
92.2777 	EXP 	center: autoDraw = True
92.2777 	EXP 	left: autoDraw = True
92.2777 	EXP 	right: autoDraw = True
92.2777 	EXP 	up: autoDraw = True
92.2777 	EXP 	down: autoDraw = True
92.2945 	EXP 	center: autoDraw = True
92.2945 	EXP 	left: autoDraw = True
92.2945 	EXP 	right: autoDraw = True
92.2945 	EXP 	up: autoDraw = True
92.2945 	EXP 	down: autoDraw = True
92.3112 	EXP 	center: autoDraw = True
92.3112 	EXP 	left: autoDraw = True
92.3112 	EXP 	right: autoDraw = True
92.3112 	EXP 	up: autoDraw = True
92.3112 	EXP 	down: autoDraw = True
92.3280 	EXP 	center: autoDraw = True
92.3280 	EXP 	left: autoDraw = True
92.3280 	EXP 	right: autoDraw = True
92.3280 	EXP 	up: autoDraw = True
92.3280 	EXP 	down: autoDraw = True
92.3443 	EXP 	center: autoDraw = True
92.3443 	EXP 	left: autoDraw = True
92.3443 	EXP 	right: autoDraw = True
92.3443 	EXP 	up: autoDraw = True
92.3443 	EXP 	down: autoDraw = True
92.3611 	EXP 	center: autoDraw = True
92.3611 	EXP 	left: autoDraw = True
92.3611 	EXP 	right: autoDraw = True
92.3611 	EXP 	up: autoDraw = True
92.3611 	EXP 	down: autoDraw = True
92.3778 	EXP 	center: autoDraw = True
92.3778 	EXP 	left: autoDraw = True
92.3778 	EXP 	right: autoDraw = True
92.3778 	EXP 	up: autoDraw = True
92.3778 	EXP 	down: autoDraw = True
92.3943 	EXP 	center: autoDraw = True
92.3943 	EXP 	left: autoDraw = True
92.3943 	EXP 	right: autoDraw = True
92.3943 	EXP 	up: autoDraw = True
92.3943 	EXP 	down: autoDraw = True
92.4111 	EXP 	center: autoDraw = True
92.4111 	EXP 	left: autoDraw = True
92.4111 	EXP 	right: autoDraw = True
92.4111 	EXP 	up: autoDraw = True
92.4111 	EXP 	down: autoDraw = True
92.4278 	EXP 	center: autoDraw = True
92.4278 	EXP 	left: autoDraw = True
92.4278 	EXP 	right: autoDraw = True
92.4278 	EXP 	up: autoDraw = True
92.4278 	EXP 	down: autoDraw = True
92.4446 	EXP 	center: autoDraw = True
92.4446 	EXP 	left: autoDraw = True
92.4446 	EXP 	right: autoDraw = True
92.4446 	EXP 	up: autoDraw = True
92.4446 	EXP 	down: autoDraw = True
92.4609 	EXP 	center: autoDraw = True
92.4609 	EXP 	left: autoDraw = True
92.4609 	EXP 	right: autoDraw = True
92.4609 	EXP 	up: autoDraw = True
92.4609 	EXP 	down: autoDraw = True
92.4778 	EXP 	center: autoDraw = True
92.4778 	EXP 	left: autoDraw = True
92.4778 	EXP 	right: autoDraw = True
92.4778 	EXP 	up: autoDraw = True
92.4778 	EXP 	down: autoDraw = True
92.4945 	EXP 	center: autoDraw = True
92.4945 	EXP 	left: autoDraw = True
92.4945 	EXP 	right: autoDraw = True
92.4945 	EXP 	up: autoDraw = True
92.4945 	EXP 	down: autoDraw = True
92.5104 	EXP 	center: autoDraw = True
92.5104 	EXP 	left: autoDraw = True
92.5104 	EXP 	right: autoDraw = True
92.5104 	EXP 	up: autoDraw = True
92.5104 	EXP 	down: autoDraw = True
92.5276 	EXP 	center: autoDraw = True
92.5276 	EXP 	left: autoDraw = True
92.5276 	EXP 	right: autoDraw = True
92.5276 	EXP 	up: autoDraw = True
92.5276 	EXP 	down: autoDraw = True
92.5444 	EXP 	center: autoDraw = True
92.5444 	EXP 	left: autoDraw = True
92.5444 	EXP 	right: autoDraw = True
92.5444 	EXP 	up: autoDraw = True
92.5444 	EXP 	down: autoDraw = True
92.5611 	EXP 	center: autoDraw = True
92.5611 	EXP 	left: autoDraw = True
92.5611 	EXP 	right: autoDraw = True
92.5611 	EXP 	up: autoDraw = True
92.5611 	EXP 	down: autoDraw = True
92.5779 	EXP 	center: autoDraw = True
92.5779 	EXP 	left: autoDraw = True
92.5779 	EXP 	right: autoDraw = True
92.5779 	EXP 	up: autoDraw = True
92.5779 	EXP 	down: autoDraw = True
92.5942 	EXP 	center: autoDraw = True
92.5942 	EXP 	left: autoDraw = True
92.5942 	EXP 	right: autoDraw = True
92.5942 	EXP 	up: autoDraw = True
92.5942 	EXP 	down: autoDraw = True
92.6112 	EXP 	center: autoDraw = True
92.6112 	EXP 	left: autoDraw = True
92.6112 	EXP 	right: autoDraw = True
92.6112 	EXP 	up: autoDraw = True
92.6112 	EXP 	down: autoDraw = True
92.6280 	EXP 	center: autoDraw = True
92.6280 	EXP 	left: autoDraw = True
92.6280 	EXP 	right: autoDraw = True
92.6280 	EXP 	up: autoDraw = True
92.6280 	EXP 	down: autoDraw = True
92.6442 	EXP 	center: autoDraw = True
92.6442 	EXP 	left: autoDraw = True
92.6442 	EXP 	right: autoDraw = True
92.6442 	EXP 	up: autoDraw = True
92.6442 	EXP 	down: autoDraw = True
92.6610 	EXP 	center: autoDraw = True
92.6610 	EXP 	left: autoDraw = True
92.6610 	EXP 	right: autoDraw = True
92.6610 	EXP 	up: autoDraw = True
92.6610 	EXP 	down: autoDraw = True
92.6777 	EXP 	center: autoDraw = True
92.6777 	EXP 	left: autoDraw = True
92.6777 	EXP 	right: autoDraw = True
92.6777 	EXP 	up: autoDraw = True
92.6777 	EXP 	down: autoDraw = True
92.6944 	EXP 	center: autoDraw = True
92.6944 	EXP 	left: autoDraw = True
92.6944 	EXP 	right: autoDraw = True
92.6944 	EXP 	up: autoDraw = True
92.6944 	EXP 	down: autoDraw = True
92.7113 	EXP 	center: autoDraw = True
92.7113 	EXP 	left: autoDraw = True
92.7113 	EXP 	right: autoDraw = True
92.7113 	EXP 	up: autoDraw = True
92.7113 	EXP 	down: autoDraw = True
92.7276 	EXP 	center: autoDraw = True
92.7276 	EXP 	left: autoDraw = True
92.7276 	EXP 	right: autoDraw = True
92.7276 	EXP 	up: autoDraw = True
92.7276 	EXP 	down: autoDraw = True
92.7445 	EXP 	center: autoDraw = True
92.7445 	EXP 	left: autoDraw = True
92.7445 	EXP 	right: autoDraw = True
92.7445 	EXP 	up: autoDraw = True
92.7445 	EXP 	down: autoDraw = True
92.7612 	EXP 	center: autoDraw = True
92.7612 	EXP 	left: autoDraw = True
92.7612 	EXP 	right: autoDraw = True
92.7612 	EXP 	up: autoDraw = True
92.7612 	EXP 	down: autoDraw = True
92.7775 	EXP 	center: autoDraw = True
92.7775 	EXP 	left: autoDraw = True
92.7775 	EXP 	right: autoDraw = True
92.7775 	EXP 	up: autoDraw = True
92.7775 	EXP 	down: autoDraw = True
92.7943 	EXP 	center: autoDraw = True
92.7943 	EXP 	left: autoDraw = True
92.7943 	EXP 	right: autoDraw = True
92.7943 	EXP 	up: autoDraw = True
92.7943 	EXP 	down: autoDraw = True
92.8109 	EXP 	center: autoDraw = True
92.8109 	EXP 	left: autoDraw = True
92.8109 	EXP 	right: autoDraw = True
92.8109 	EXP 	up: autoDraw = True
92.8109 	EXP 	down: autoDraw = True
92.8275 	EXP 	center: autoDraw = True
92.8275 	EXP 	left: autoDraw = True
92.8275 	EXP 	right: autoDraw = True
92.8275 	EXP 	up: autoDraw = True
92.8275 	EXP 	down: autoDraw = True
92.8442 	EXP 	center: autoDraw = True
92.8442 	EXP 	left: autoDraw = True
92.8442 	EXP 	right: autoDraw = True
92.8442 	EXP 	up: autoDraw = True
92.8442 	EXP 	down: autoDraw = True
92.8610 	EXP 	center: autoDraw = True
92.8610 	EXP 	left: autoDraw = True
92.8610 	EXP 	right: autoDraw = True
92.8610 	EXP 	up: autoDraw = True
92.8610 	EXP 	down: autoDraw = True
92.8778 	EXP 	center: autoDraw = True
92.8778 	EXP 	left: autoDraw = True
92.8778 	EXP 	right: autoDraw = True
92.8778 	EXP 	up: autoDraw = True
92.8778 	EXP 	down: autoDraw = True
92.8937 	EXP 	center: autoDraw = True
92.8937 	EXP 	left: autoDraw = True
92.8937 	EXP 	right: autoDraw = True
92.8937 	EXP 	up: autoDraw = True
92.8937 	EXP 	down: autoDraw = True
92.9109 	EXP 	center: autoDraw = True
92.9109 	EXP 	left: autoDraw = True
92.9109 	EXP 	right: autoDraw = True
92.9109 	EXP 	up: autoDraw = True
92.9109 	EXP 	down: autoDraw = True
92.9278 	EXP 	center: autoDraw = True
92.9278 	EXP 	left: autoDraw = True
92.9278 	EXP 	right: autoDraw = True
92.9278 	EXP 	up: autoDraw = True
92.9278 	EXP 	down: autoDraw = True
92.9445 	EXP 	center: autoDraw = True
92.9445 	EXP 	left: autoDraw = True
92.9445 	EXP 	right: autoDraw = True
92.9445 	EXP 	up: autoDraw = True
92.9445 	EXP 	down: autoDraw = True
92.9612 	EXP 	center: autoDraw = True
92.9612 	EXP 	left: autoDraw = True
92.9612 	EXP 	right: autoDraw = True
92.9612 	EXP 	up: autoDraw = True
92.9612 	EXP 	down: autoDraw = True
92.9776 	EXP 	center: autoDraw = True
92.9776 	EXP 	left: autoDraw = True
92.9776 	EXP 	right: autoDraw = True
92.9776 	EXP 	up: autoDraw = True
92.9776 	EXP 	down: autoDraw = True
92.9944 	EXP 	center: autoDraw = True
92.9944 	EXP 	left: autoDraw = True
92.9944 	EXP 	right: autoDraw = True
92.9944 	EXP 	up: autoDraw = True
92.9944 	EXP 	down: autoDraw = True
93.0109 	EXP 	center: autoDraw = True
93.0109 	EXP 	left: autoDraw = True
93.0109 	EXP 	right: autoDraw = True
93.0109 	EXP 	up: autoDraw = True
93.0109 	EXP 	down: autoDraw = True
93.0276 	EXP 	center: autoDraw = True
93.0276 	EXP 	left: autoDraw = True
93.0276 	EXP 	right: autoDraw = True
93.0276 	EXP 	up: autoDraw = True
93.0276 	EXP 	down: autoDraw = True
93.0443 	EXP 	center: autoDraw = True
93.0443 	EXP 	left: autoDraw = True
93.0443 	EXP 	right: autoDraw = True
93.0443 	EXP 	up: autoDraw = True
93.0443 	EXP 	down: autoDraw = True
93.0610 	EXP 	center: autoDraw = True
93.0610 	EXP 	left: autoDraw = True
93.0610 	EXP 	right: autoDraw = True
93.0610 	EXP 	up: autoDraw = True
93.0610 	EXP 	down: autoDraw = True
93.0779 	EXP 	center: autoDraw = True
93.0779 	EXP 	left: autoDraw = True
93.0779 	EXP 	right: autoDraw = True
93.0779 	EXP 	up: autoDraw = True
93.0779 	EXP 	down: autoDraw = True
93.0943 	EXP 	center: autoDraw = True
93.0943 	EXP 	left: autoDraw = True
93.0943 	EXP 	right: autoDraw = True
93.0943 	EXP 	up: autoDraw = True
93.0943 	EXP 	down: autoDraw = True
93.1112 	EXP 	center: autoDraw = True
93.1112 	EXP 	left: autoDraw = True
93.1112 	EXP 	right: autoDraw = True
93.1112 	EXP 	up: autoDraw = True
93.1112 	EXP 	down: autoDraw = True
93.1276 	EXP 	center: autoDraw = True
93.1276 	EXP 	left: autoDraw = True
93.1276 	EXP 	right: autoDraw = True
93.1276 	EXP 	up: autoDraw = True
93.1276 	EXP 	down: autoDraw = True
93.1444 	EXP 	center: autoDraw = True
93.1444 	EXP 	left: autoDraw = True
93.1444 	EXP 	right: autoDraw = True
93.1444 	EXP 	up: autoDraw = True
93.1444 	EXP 	down: autoDraw = True
93.1606 	EXP 	center: autoDraw = True
93.1606 	EXP 	left: autoDraw = True
93.1606 	EXP 	right: autoDraw = True
93.1606 	EXP 	up: autoDraw = True
93.1606 	EXP 	down: autoDraw = True
93.1775 	EXP 	center: autoDraw = True
93.1775 	EXP 	left: autoDraw = True
93.1775 	EXP 	right: autoDraw = True
93.1775 	EXP 	up: autoDraw = True
93.1775 	EXP 	down: autoDraw = True
93.1941 	EXP 	center: autoDraw = True
93.1941 	EXP 	left: autoDraw = True
93.1941 	EXP 	right: autoDraw = True
93.1941 	EXP 	up: autoDraw = True
93.1941 	EXP 	down: autoDraw = True
93.1943 	EXP 	Sound  started
93.1978 	DATA 	sope | frame count: 300
93.2109 	EXP 	center: autoDraw = True
93.2109 	EXP 	left: autoDraw = True
93.2109 	EXP 	right: autoDraw = True
93.2109 	EXP 	up: autoDraw = True
93.2109 	EXP 	down: autoDraw = True
93.2276 	EXP 	center: autoDraw = True
93.2276 	EXP 	left: autoDraw = True
93.2276 	EXP 	right: autoDraw = True
93.2276 	EXP 	up: autoDraw = True
93.2276 	EXP 	down: autoDraw = True
93.2446 	EXP 	center: autoDraw = True
93.2446 	EXP 	left: autoDraw = True
93.2446 	EXP 	right: autoDraw = True
93.2446 	EXP 	up: autoDraw = True
93.2446 	EXP 	down: autoDraw = True
93.2607 	EXP 	center: autoDraw = True
93.2607 	EXP 	left: autoDraw = True
93.2607 	EXP 	right: autoDraw = True
93.2607 	EXP 	up: autoDraw = True
93.2607 	EXP 	down: autoDraw = True
93.2778 	EXP 	center: autoDraw = True
93.2778 	EXP 	left: autoDraw = True
93.2778 	EXP 	right: autoDraw = True
93.2778 	EXP 	up: autoDraw = True
93.2778 	EXP 	down: autoDraw = True
93.2946 	EXP 	center: autoDraw = True
93.2946 	EXP 	left: autoDraw = True
93.2946 	EXP 	right: autoDraw = True
93.2946 	EXP 	up: autoDraw = True
93.2946 	EXP 	down: autoDraw = True
93.3110 	EXP 	center: autoDraw = True
93.3110 	EXP 	left: autoDraw = True
93.3110 	EXP 	right: autoDraw = True
93.3110 	EXP 	up: autoDraw = True
93.3110 	EXP 	down: autoDraw = True
93.3278 	EXP 	center: autoDraw = True
93.3278 	EXP 	left: autoDraw = True
93.3278 	EXP 	right: autoDraw = True
93.3278 	EXP 	up: autoDraw = True
93.3278 	EXP 	down: autoDraw = True
93.3445 	EXP 	center: autoDraw = True
93.3445 	EXP 	left: autoDraw = True
93.3445 	EXP 	right: autoDraw = True
93.3445 	EXP 	up: autoDraw = True
93.3445 	EXP 	down: autoDraw = True
93.3610 	EXP 	center: autoDraw = True
93.3610 	EXP 	left: autoDraw = True
93.3610 	EXP 	right: autoDraw = True
93.3610 	EXP 	up: autoDraw = True
93.3610 	EXP 	down: autoDraw = True
93.3779 	EXP 	center: autoDraw = True
93.3779 	EXP 	left: autoDraw = True
93.3779 	EXP 	right: autoDraw = True
93.3779 	EXP 	up: autoDraw = True
93.3779 	EXP 	down: autoDraw = True
93.3942 	EXP 	center: autoDraw = True
93.3942 	EXP 	left: autoDraw = True
93.3942 	EXP 	right: autoDraw = True
93.3942 	EXP 	up: autoDraw = True
93.3942 	EXP 	down: autoDraw = True
93.4110 	EXP 	center: autoDraw = True
93.4110 	EXP 	left: autoDraw = True
93.4110 	EXP 	right: autoDraw = True
93.4110 	EXP 	up: autoDraw = True
93.4110 	EXP 	down: autoDraw = True
93.4276 	EXP 	center: autoDraw = True
93.4276 	EXP 	left: autoDraw = True
93.4276 	EXP 	right: autoDraw = True
93.4276 	EXP 	up: autoDraw = True
93.4276 	EXP 	down: autoDraw = True
93.4444 	EXP 	center: autoDraw = True
93.4444 	EXP 	left: autoDraw = True
93.4444 	EXP 	right: autoDraw = True
93.4444 	EXP 	up: autoDraw = True
93.4444 	EXP 	down: autoDraw = True
93.4609 	EXP 	center: autoDraw = True
93.4609 	EXP 	left: autoDraw = True
93.4609 	EXP 	right: autoDraw = True
93.4609 	EXP 	up: autoDraw = True
93.4609 	EXP 	down: autoDraw = True
93.4778 	EXP 	center: autoDraw = True
93.4778 	EXP 	left: autoDraw = True
93.4778 	EXP 	right: autoDraw = True
93.4778 	EXP 	up: autoDraw = True
93.4778 	EXP 	down: autoDraw = True
93.4946 	EXP 	center: autoDraw = True
93.4946 	EXP 	left: autoDraw = True
93.4946 	EXP 	right: autoDraw = True
93.4946 	EXP 	up: autoDraw = True
93.4946 	EXP 	down: autoDraw = True
93.5109 	EXP 	center: autoDraw = True
93.5109 	EXP 	left: autoDraw = True
93.5109 	EXP 	right: autoDraw = True
93.5109 	EXP 	up: autoDraw = True
93.5109 	EXP 	down: autoDraw = True
93.5277 	EXP 	center: autoDraw = True
93.5277 	EXP 	left: autoDraw = True
93.5277 	EXP 	right: autoDraw = True
93.5277 	EXP 	up: autoDraw = True
93.5277 	EXP 	down: autoDraw = True
93.5439 	EXP 	center: autoDraw = True
93.5439 	EXP 	left: autoDraw = True
93.5439 	EXP 	right: autoDraw = True
93.5439 	EXP 	up: autoDraw = True
93.5439 	EXP 	down: autoDraw = True
93.5608 	EXP 	center: autoDraw = True
93.5608 	EXP 	left: autoDraw = True
93.5608 	EXP 	right: autoDraw = True
93.5608 	EXP 	up: autoDraw = True
93.5608 	EXP 	down: autoDraw = True
93.5776 	EXP 	center: autoDraw = True
93.5776 	EXP 	left: autoDraw = True
93.5776 	EXP 	right: autoDraw = True
93.5776 	EXP 	up: autoDraw = True
93.5776 	EXP 	down: autoDraw = True
93.5944 	EXP 	center: autoDraw = True
93.5944 	EXP 	left: autoDraw = True
93.5944 	EXP 	right: autoDraw = True
93.5944 	EXP 	up: autoDraw = True
93.5944 	EXP 	down: autoDraw = True
93.6112 	EXP 	center: autoDraw = True
93.6112 	EXP 	left: autoDraw = True
93.6112 	EXP 	right: autoDraw = True
93.6112 	EXP 	up: autoDraw = True
93.6112 	EXP 	down: autoDraw = True
93.6276 	EXP 	center: autoDraw = True
93.6276 	EXP 	left: autoDraw = True
93.6276 	EXP 	right: autoDraw = True
93.6276 	EXP 	up: autoDraw = True
93.6276 	EXP 	down: autoDraw = True
93.6446 	EXP 	center: autoDraw = True
93.6446 	EXP 	left: autoDraw = True
93.6446 	EXP 	right: autoDraw = True
93.6446 	EXP 	up: autoDraw = True
93.6446 	EXP 	down: autoDraw = True
93.6608 	EXP 	center: autoDraw = True
93.6608 	EXP 	left: autoDraw = True
93.6608 	EXP 	right: autoDraw = True
93.6608 	EXP 	up: autoDraw = True
93.6608 	EXP 	down: autoDraw = True
93.6776 	EXP 	center: autoDraw = True
93.6776 	EXP 	left: autoDraw = True
93.6776 	EXP 	right: autoDraw = True
93.6776 	EXP 	up: autoDraw = True
93.6776 	EXP 	down: autoDraw = True
93.6942 	EXP 	center: autoDraw = True
93.6942 	EXP 	left: autoDraw = True
93.6942 	EXP 	right: autoDraw = True
93.6942 	EXP 	up: autoDraw = True
93.6942 	EXP 	down: autoDraw = True
93.6944 	DATA 	wsqS
93.7109 	EXP 	center: autoDraw = True
93.7109 	EXP 	left: autoDraw = True
93.7109 	EXP 	right: autoDraw = True
93.7109 	EXP 	up: autoDraw = True
93.7109 	EXP 	down: autoDraw = True
93.7109 	EXP 	whitesquare: autoDraw = True
93.7276 	EXP 	center: autoDraw = True
93.7276 	EXP 	left: autoDraw = True
93.7276 	EXP 	right: autoDraw = True
93.7276 	EXP 	up: autoDraw = True
93.7276 	EXP 	down: autoDraw = True
93.7276 	EXP 	whitesquare: autoDraw = False
93.7436 	EXP 	center: autoDraw = True
93.7436 	EXP 	left: autoDraw = True
93.7436 	EXP 	right: autoDraw = True
93.7436 	EXP 	up: autoDraw = True
93.7436 	EXP 	down: autoDraw = True
93.7609 	EXP 	center: autoDraw = True
93.7609 	EXP 	left: autoDraw = True
93.7609 	EXP 	right: autoDraw = True
93.7609 	EXP 	up: autoDraw = True
93.7609 	EXP 	down: autoDraw = True
93.7777 	EXP 	center: autoDraw = True
93.7777 	EXP 	left: autoDraw = True
93.7777 	EXP 	right: autoDraw = True
93.7777 	EXP 	up: autoDraw = True
93.7777 	EXP 	down: autoDraw = True
93.7944 	EXP 	center: autoDraw = True
93.7944 	EXP 	left: autoDraw = True
93.7944 	EXP 	right: autoDraw = True
93.7944 	EXP 	up: autoDraw = True
93.7944 	EXP 	down: autoDraw = True
93.8108 	EXP 	center: autoDraw = True
93.8108 	EXP 	left: autoDraw = True
93.8108 	EXP 	right: autoDraw = True
93.8108 	EXP 	up: autoDraw = True
93.8108 	EXP 	down: autoDraw = True
93.8275 	EXP 	center: autoDraw = True
93.8275 	EXP 	left: autoDraw = True
93.8275 	EXP 	right: autoDraw = True
93.8275 	EXP 	up: autoDraw = True
93.8275 	EXP 	down: autoDraw = True
93.8443 	EXP 	center: autoDraw = True
93.8443 	EXP 	left: autoDraw = True
93.8443 	EXP 	right: autoDraw = True
93.8443 	EXP 	up: autoDraw = True
93.8443 	EXP 	down: autoDraw = True
93.8610 	EXP 	center: autoDraw = True
93.8610 	EXP 	left: autoDraw = True
93.8610 	EXP 	right: autoDraw = True
93.8610 	EXP 	up: autoDraw = True
93.8610 	EXP 	down: autoDraw = True
93.8777 	EXP 	center: autoDraw = True
93.8777 	EXP 	left: autoDraw = True
93.8777 	EXP 	right: autoDraw = True
93.8777 	EXP 	up: autoDraw = True
93.8777 	EXP 	down: autoDraw = True
93.8941 	EXP 	center: autoDraw = True
93.8941 	EXP 	left: autoDraw = True
93.8941 	EXP 	right: autoDraw = True
93.8941 	EXP 	up: autoDraw = True
93.8941 	EXP 	down: autoDraw = True
93.9109 	EXP 	center: autoDraw = True
93.9109 	EXP 	left: autoDraw = True
93.9109 	EXP 	right: autoDraw = True
93.9109 	EXP 	up: autoDraw = True
93.9109 	EXP 	down: autoDraw = True
93.9271 	EXP 	center: autoDraw = True
93.9271 	EXP 	left: autoDraw = True
93.9271 	EXP 	right: autoDraw = True
93.9271 	EXP 	up: autoDraw = True
93.9271 	EXP 	down: autoDraw = True
93.9443 	EXP 	center: autoDraw = True
93.9443 	EXP 	left: autoDraw = True
93.9443 	EXP 	right: autoDraw = True
93.9443 	EXP 	up: autoDraw = True
93.9443 	EXP 	down: autoDraw = True
93.9611 	EXP 	center: autoDraw = True
93.9611 	EXP 	left: autoDraw = True
93.9611 	EXP 	right: autoDraw = True
93.9611 	EXP 	up: autoDraw = True
93.9611 	EXP 	down: autoDraw = True
93.9775 	EXP 	center: autoDraw = True
93.9775 	EXP 	left: autoDraw = True
93.9775 	EXP 	right: autoDraw = True
93.9775 	EXP 	up: autoDraw = True
93.9775 	EXP 	down: autoDraw = True
93.9942 	EXP 	center: autoDraw = True
93.9942 	EXP 	left: autoDraw = True
93.9942 	EXP 	right: autoDraw = True
93.9942 	EXP 	up: autoDraw = True
93.9942 	EXP 	down: autoDraw = True
94.0109 	EXP 	center: autoDraw = True
94.0109 	EXP 	left: autoDraw = True
94.0109 	EXP 	right: autoDraw = True
94.0109 	EXP 	up: autoDraw = True
94.0109 	EXP 	down: autoDraw = True
94.0277 	EXP 	center: autoDraw = True
94.0277 	EXP 	left: autoDraw = True
94.0277 	EXP 	right: autoDraw = True
94.0277 	EXP 	up: autoDraw = True
94.0277 	EXP 	down: autoDraw = True
94.0443 	EXP 	center: autoDraw = True
94.0443 	EXP 	left: autoDraw = True
94.0443 	EXP 	right: autoDraw = True
94.0443 	EXP 	up: autoDraw = True
94.0443 	EXP 	down: autoDraw = True
94.0610 	EXP 	center: autoDraw = True
94.0610 	EXP 	left: autoDraw = True
94.0610 	EXP 	right: autoDraw = True
94.0610 	EXP 	up: autoDraw = True
94.0610 	EXP 	down: autoDraw = True
94.0777 	EXP 	center: autoDraw = True
94.0777 	EXP 	left: autoDraw = True
94.0777 	EXP 	right: autoDraw = True
94.0777 	EXP 	up: autoDraw = True
94.0777 	EXP 	down: autoDraw = True
94.0945 	EXP 	center: autoDraw = True
94.0945 	EXP 	left: autoDraw = True
94.0945 	EXP 	right: autoDraw = True
94.0945 	EXP 	up: autoDraw = True
94.0945 	EXP 	down: autoDraw = True
94.1108 	EXP 	center: autoDraw = True
94.1108 	EXP 	left: autoDraw = True
94.1108 	EXP 	right: autoDraw = True
94.1108 	EXP 	up: autoDraw = True
94.1108 	EXP 	down: autoDraw = True
94.1276 	EXP 	center: autoDraw = True
94.1276 	EXP 	left: autoDraw = True
94.1276 	EXP 	right: autoDraw = True
94.1276 	EXP 	up: autoDraw = True
94.1276 	EXP 	down: autoDraw = True
94.1443 	EXP 	center: autoDraw = True
94.1443 	EXP 	left: autoDraw = True
94.1443 	EXP 	right: autoDraw = True
94.1443 	EXP 	up: autoDraw = True
94.1443 	EXP 	down: autoDraw = True
94.1605 	EXP 	center: autoDraw = True
94.1605 	EXP 	left: autoDraw = True
94.1605 	EXP 	right: autoDraw = True
94.1605 	EXP 	up: autoDraw = True
94.1605 	EXP 	down: autoDraw = True
94.1775 	EXP 	center: autoDraw = True
94.1775 	EXP 	left: autoDraw = True
94.1775 	EXP 	right: autoDraw = True
94.1775 	EXP 	up: autoDraw = True
94.1775 	EXP 	down: autoDraw = True
94.1938 	EXP 	center: autoDraw = True
94.1938 	EXP 	left: autoDraw = True
94.1938 	EXP 	right: autoDraw = True
94.1938 	EXP 	up: autoDraw = True
94.1938 	EXP 	down: autoDraw = True
94.2108 	EXP 	center: autoDraw = True
94.2108 	EXP 	left: autoDraw = True
94.2108 	EXP 	right: autoDraw = True
94.2108 	EXP 	up: autoDraw = True
94.2108 	EXP 	down: autoDraw = True
94.2276 	EXP 	center: autoDraw = True
94.2276 	EXP 	left: autoDraw = True
94.2276 	EXP 	right: autoDraw = True
94.2276 	EXP 	up: autoDraw = True
94.2276 	EXP 	down: autoDraw = True
94.2442 	EXP 	center: autoDraw = True
94.2442 	EXP 	left: autoDraw = True
94.2442 	EXP 	right: autoDraw = True
94.2442 	EXP 	up: autoDraw = True
94.2442 	EXP 	down: autoDraw = True
94.2611 	EXP 	center: autoDraw = True
94.2611 	EXP 	left: autoDraw = True
94.2611 	EXP 	right: autoDraw = True
94.2611 	EXP 	up: autoDraw = True
94.2611 	EXP 	down: autoDraw = True
94.2775 	EXP 	center: autoDraw = True
94.2775 	EXP 	left: autoDraw = True
94.2775 	EXP 	right: autoDraw = True
94.2775 	EXP 	up: autoDraw = True
94.2775 	EXP 	down: autoDraw = True
94.2944 	EXP 	center: autoDraw = True
94.2944 	EXP 	left: autoDraw = True
94.2944 	EXP 	right: autoDraw = True
94.2944 	EXP 	up: autoDraw = True
94.2944 	EXP 	down: autoDraw = True
94.3103 	EXP 	center: autoDraw = True
94.3103 	EXP 	left: autoDraw = True
94.3103 	EXP 	right: autoDraw = True
94.3103 	EXP 	up: autoDraw = True
94.3103 	EXP 	down: autoDraw = True
94.3274 	EXP 	center: autoDraw = True
94.3274 	EXP 	left: autoDraw = True
94.3274 	EXP 	right: autoDraw = True
94.3274 	EXP 	up: autoDraw = True
94.3274 	EXP 	down: autoDraw = True
94.3443 	EXP 	center: autoDraw = True
94.3443 	EXP 	left: autoDraw = True
94.3443 	EXP 	right: autoDraw = True
94.3443 	EXP 	up: autoDraw = True
94.3443 	EXP 	down: autoDraw = True
94.3610 	EXP 	center: autoDraw = True
94.3610 	EXP 	left: autoDraw = True
94.3610 	EXP 	right: autoDraw = True
94.3610 	EXP 	up: autoDraw = True
94.3610 	EXP 	down: autoDraw = True
94.3777 	EXP 	center: autoDraw = True
94.3777 	EXP 	left: autoDraw = True
94.3777 	EXP 	right: autoDraw = True
94.3777 	EXP 	up: autoDraw = True
94.3777 	EXP 	down: autoDraw = True
94.3942 	EXP 	center: autoDraw = True
94.3942 	EXP 	left: autoDraw = True
94.3942 	EXP 	right: autoDraw = True
94.3942 	EXP 	up: autoDraw = True
94.3942 	EXP 	down: autoDraw = True
94.4108 	EXP 	center: autoDraw = True
94.4108 	EXP 	left: autoDraw = True
94.4108 	EXP 	right: autoDraw = True
94.4108 	EXP 	up: autoDraw = True
94.4108 	EXP 	down: autoDraw = True
94.4276 	EXP 	center: autoDraw = True
94.4276 	EXP 	left: autoDraw = True
94.4276 	EXP 	right: autoDraw = True
94.4276 	EXP 	up: autoDraw = True
94.4276 	EXP 	down: autoDraw = True
94.4443 	EXP 	center: autoDraw = True
94.4443 	EXP 	left: autoDraw = True
94.4443 	EXP 	right: autoDraw = True
94.4443 	EXP 	up: autoDraw = True
94.4443 	EXP 	down: autoDraw = True
94.4609 	EXP 	center: autoDraw = True
94.4609 	EXP 	left: autoDraw = True
94.4609 	EXP 	right: autoDraw = True
94.4609 	EXP 	up: autoDraw = True
94.4609 	EXP 	down: autoDraw = True
94.4776 	EXP 	center: autoDraw = True
94.4776 	EXP 	left: autoDraw = True
94.4776 	EXP 	right: autoDraw = True
94.4776 	EXP 	up: autoDraw = True
94.4776 	EXP 	down: autoDraw = True
94.4942 	EXP 	center: autoDraw = True
94.4942 	EXP 	left: autoDraw = True
94.4942 	EXP 	right: autoDraw = True
94.4942 	EXP 	up: autoDraw = True
94.4942 	EXP 	down: autoDraw = True
94.5110 	EXP 	center: autoDraw = True
94.5110 	EXP 	left: autoDraw = True
94.5110 	EXP 	right: autoDraw = True
94.5110 	EXP 	up: autoDraw = True
94.5110 	EXP 	down: autoDraw = True
94.5277 	EXP 	center: autoDraw = True
94.5277 	EXP 	left: autoDraw = True
94.5277 	EXP 	right: autoDraw = True
94.5277 	EXP 	up: autoDraw = True
94.5277 	EXP 	down: autoDraw = True
94.5441 	EXP 	center: autoDraw = True
94.5441 	EXP 	left: autoDraw = True
94.5441 	EXP 	right: autoDraw = True
94.5441 	EXP 	up: autoDraw = True
94.5441 	EXP 	down: autoDraw = True
94.5609 	EXP 	center: autoDraw = True
94.5609 	EXP 	left: autoDraw = True
94.5609 	EXP 	right: autoDraw = True
94.5609 	EXP 	up: autoDraw = True
94.5609 	EXP 	down: autoDraw = True
94.5771 	EXP 	center: autoDraw = True
94.5771 	EXP 	left: autoDraw = True
94.5771 	EXP 	right: autoDraw = True
94.5771 	EXP 	up: autoDraw = True
94.5771 	EXP 	down: autoDraw = True
94.5941 	EXP 	center: autoDraw = True
94.5941 	EXP 	left: autoDraw = True
94.5941 	EXP 	right: autoDraw = True
94.5941 	EXP 	up: autoDraw = True
94.5941 	EXP 	down: autoDraw = True
94.6110 	EXP 	center: autoDraw = True
94.6110 	EXP 	left: autoDraw = True
94.6110 	EXP 	right: autoDraw = True
94.6110 	EXP 	up: autoDraw = True
94.6110 	EXP 	down: autoDraw = True
94.6279 	EXP 	center: autoDraw = True
94.6279 	EXP 	left: autoDraw = True
94.6279 	EXP 	right: autoDraw = True
94.6279 	EXP 	up: autoDraw = True
94.6279 	EXP 	down: autoDraw = True
94.6441 	EXP 	center: autoDraw = True
94.6441 	EXP 	left: autoDraw = True
94.6441 	EXP 	right: autoDraw = True
94.6441 	EXP 	up: autoDraw = True
94.6441 	EXP 	down: autoDraw = True
94.6610 	EXP 	center: autoDraw = True
94.6610 	EXP 	left: autoDraw = True
94.6610 	EXP 	right: autoDraw = True
94.6610 	EXP 	up: autoDraw = True
94.6610 	EXP 	down: autoDraw = True
94.6778 	EXP 	center: autoDraw = True
94.6778 	EXP 	left: autoDraw = True
94.6778 	EXP 	right: autoDraw = True
94.6778 	EXP 	up: autoDraw = True
94.6778 	EXP 	down: autoDraw = True
94.6942 	EXP 	center: autoDraw = True
94.6942 	EXP 	left: autoDraw = True
94.6942 	EXP 	right: autoDraw = True
94.6942 	EXP 	up: autoDraw = True
94.6942 	EXP 	down: autoDraw = True
94.7111 	EXP 	center: autoDraw = True
94.7111 	EXP 	left: autoDraw = True
94.7111 	EXP 	right: autoDraw = True
94.7111 	EXP 	up: autoDraw = True
94.7111 	EXP 	down: autoDraw = True
94.7275 	EXP 	center: autoDraw = True
94.7275 	EXP 	left: autoDraw = True
94.7275 	EXP 	right: autoDraw = True
94.7275 	EXP 	up: autoDraw = True
94.7275 	EXP 	down: autoDraw = True
94.7443 	EXP 	center: autoDraw = True
94.7443 	EXP 	left: autoDraw = True
94.7443 	EXP 	right: autoDraw = True
94.7443 	EXP 	up: autoDraw = True
94.7443 	EXP 	down: autoDraw = True
94.7610 	EXP 	center: autoDraw = True
94.7610 	EXP 	left: autoDraw = True
94.7610 	EXP 	right: autoDraw = True
94.7610 	EXP 	up: autoDraw = True
94.7610 	EXP 	down: autoDraw = True
94.7774 	EXP 	center: autoDraw = True
94.7774 	EXP 	left: autoDraw = True
94.7774 	EXP 	right: autoDraw = True
94.7774 	EXP 	up: autoDraw = True
94.7774 	EXP 	down: autoDraw = True
94.7941 	EXP 	center: autoDraw = True
94.7941 	EXP 	left: autoDraw = True
94.7941 	EXP 	right: autoDraw = True
94.7941 	EXP 	up: autoDraw = True
94.7941 	EXP 	down: autoDraw = True
94.8110 	EXP 	center: autoDraw = True
94.8110 	EXP 	left: autoDraw = True
94.8110 	EXP 	right: autoDraw = True
94.8110 	EXP 	up: autoDraw = True
94.8110 	EXP 	down: autoDraw = True
94.8277 	EXP 	center: autoDraw = True
94.8277 	EXP 	left: autoDraw = True
94.8277 	EXP 	right: autoDraw = True
94.8277 	EXP 	up: autoDraw = True
94.8277 	EXP 	down: autoDraw = True
94.8440 	EXP 	center: autoDraw = True
94.8440 	EXP 	left: autoDraw = True
94.8440 	EXP 	right: autoDraw = True
94.8440 	EXP 	up: autoDraw = True
94.8440 	EXP 	down: autoDraw = True
94.8608 	EXP 	center: autoDraw = True
94.8608 	EXP 	left: autoDraw = True
94.8608 	EXP 	right: autoDraw = True
94.8608 	EXP 	up: autoDraw = True
94.8608 	EXP 	down: autoDraw = True
94.8775 	EXP 	center: autoDraw = True
94.8775 	EXP 	left: autoDraw = True
94.8775 	EXP 	right: autoDraw = True
94.8775 	EXP 	up: autoDraw = True
94.8775 	EXP 	down: autoDraw = True
94.8943 	EXP 	center: autoDraw = True
94.8943 	EXP 	left: autoDraw = True
94.8943 	EXP 	right: autoDraw = True
94.8943 	EXP 	up: autoDraw = True
94.8943 	EXP 	down: autoDraw = True
94.9111 	EXP 	center: autoDraw = True
94.9111 	EXP 	left: autoDraw = True
94.9111 	EXP 	right: autoDraw = True
94.9111 	EXP 	up: autoDraw = True
94.9111 	EXP 	down: autoDraw = True
94.9275 	EXP 	center: autoDraw = True
94.9275 	EXP 	left: autoDraw = True
94.9275 	EXP 	right: autoDraw = True
94.9275 	EXP 	up: autoDraw = True
94.9275 	EXP 	down: autoDraw = True
94.9441 	EXP 	center: autoDraw = True
94.9441 	EXP 	left: autoDraw = True
94.9441 	EXP 	right: autoDraw = True
94.9441 	EXP 	up: autoDraw = True
94.9441 	EXP 	down: autoDraw = True
94.9600 	EXP 	center: autoDraw = True
94.9600 	EXP 	left: autoDraw = True
94.9600 	EXP 	right: autoDraw = True
94.9600 	EXP 	up: autoDraw = True
94.9600 	EXP 	down: autoDraw = True
94.9775 	EXP 	center: autoDraw = True
94.9775 	EXP 	left: autoDraw = True
94.9775 	EXP 	right: autoDraw = True
94.9775 	EXP 	up: autoDraw = True
94.9775 	EXP 	down: autoDraw = True
94.9943 	EXP 	center: autoDraw = True
94.9943 	EXP 	left: autoDraw = True
94.9943 	EXP 	right: autoDraw = True
94.9943 	EXP 	up: autoDraw = True
94.9943 	EXP 	down: autoDraw = True
95.0111 	EXP 	center: autoDraw = True
95.0111 	EXP 	left: autoDraw = True
95.0111 	EXP 	right: autoDraw = True
95.0111 	EXP 	up: autoDraw = True
95.0111 	EXP 	down: autoDraw = True
95.0276 	EXP 	center: autoDraw = True
95.0276 	EXP 	left: autoDraw = True
95.0276 	EXP 	right: autoDraw = True
95.0276 	EXP 	up: autoDraw = True
95.0276 	EXP 	down: autoDraw = True
95.0440 	EXP 	center: autoDraw = True
95.0440 	EXP 	left: autoDraw = True
95.0440 	EXP 	right: autoDraw = True
95.0440 	EXP 	up: autoDraw = True
95.0440 	EXP 	down: autoDraw = True
95.0608 	EXP 	center: autoDraw = True
95.0608 	EXP 	left: autoDraw = True
95.0608 	EXP 	right: autoDraw = True
95.0608 	EXP 	up: autoDraw = True
95.0608 	EXP 	down: autoDraw = True
95.0775 	EXP 	center: autoDraw = True
95.0775 	EXP 	left: autoDraw = True
95.0775 	EXP 	right: autoDraw = True
95.0775 	EXP 	up: autoDraw = True
95.0775 	EXP 	down: autoDraw = True
95.0942 	EXP 	center: autoDraw = True
95.0942 	EXP 	left: autoDraw = True
95.0942 	EXP 	right: autoDraw = True
95.0942 	EXP 	up: autoDraw = True
95.0942 	EXP 	down: autoDraw = True
95.1109 	EXP 	center: autoDraw = True
95.1109 	EXP 	left: autoDraw = True
95.1109 	EXP 	right: autoDraw = True
95.1109 	EXP 	up: autoDraw = True
95.1109 	EXP 	down: autoDraw = True
95.1276 	EXP 	center: autoDraw = True
95.1276 	EXP 	left: autoDraw = True
95.1276 	EXP 	right: autoDraw = True
95.1276 	EXP 	up: autoDraw = True
95.1276 	EXP 	down: autoDraw = True
95.1444 	EXP 	center: autoDraw = True
95.1444 	EXP 	left: autoDraw = True
95.1444 	EXP 	right: autoDraw = True
95.1444 	EXP 	up: autoDraw = True
95.1444 	EXP 	down: autoDraw = True
95.1607 	EXP 	center: autoDraw = True
95.1607 	EXP 	left: autoDraw = True
95.1607 	EXP 	right: autoDraw = True
95.1607 	EXP 	up: autoDraw = True
95.1607 	EXP 	down: autoDraw = True
95.1774 	EXP 	center: autoDraw = True
95.1774 	EXP 	left: autoDraw = True
95.1774 	EXP 	right: autoDraw = True
95.1774 	EXP 	up: autoDraw = True
95.1774 	EXP 	down: autoDraw = True
95.1942 	EXP 	center: autoDraw = True
95.1942 	EXP 	left: autoDraw = True
95.1942 	EXP 	right: autoDraw = True
95.1942 	EXP 	up: autoDraw = True
95.1942 	EXP 	down: autoDraw = True
95.2109 	EXP 	center: autoDraw = True
95.2109 	EXP 	left: autoDraw = True
95.2109 	EXP 	right: autoDraw = True
95.2109 	EXP 	up: autoDraw = True
95.2109 	EXP 	down: autoDraw = True
95.2272 	EXP 	center: autoDraw = True
95.2272 	EXP 	left: autoDraw = True
95.2272 	EXP 	right: autoDraw = True
95.2272 	EXP 	up: autoDraw = True
95.2272 	EXP 	down: autoDraw = True
95.2441 	EXP 	center: autoDraw = True
95.2441 	EXP 	left: autoDraw = True
95.2441 	EXP 	right: autoDraw = True
95.2441 	EXP 	up: autoDraw = True
95.2441 	EXP 	down: autoDraw = True
95.2608 	EXP 	center: autoDraw = True
95.2608 	EXP 	left: autoDraw = True
95.2608 	EXP 	right: autoDraw = True
95.2608 	EXP 	up: autoDraw = True
95.2608 	EXP 	down: autoDraw = True
95.2776 	EXP 	center: autoDraw = True
95.2776 	EXP 	left: autoDraw = True
95.2776 	EXP 	right: autoDraw = True
95.2776 	EXP 	up: autoDraw = True
95.2776 	EXP 	down: autoDraw = True
95.2944 	EXP 	center: autoDraw = True
95.2944 	EXP 	left: autoDraw = True
95.2944 	EXP 	right: autoDraw = True
95.2944 	EXP 	up: autoDraw = True
95.2944 	EXP 	down: autoDraw = True
95.3107 	EXP 	center: autoDraw = True
95.3107 	EXP 	left: autoDraw = True
95.3107 	EXP 	right: autoDraw = True
95.3107 	EXP 	up: autoDraw = True
95.3107 	EXP 	down: autoDraw = True
95.3275 	EXP 	center: autoDraw = True
95.3275 	EXP 	left: autoDraw = True
95.3275 	EXP 	right: autoDraw = True
95.3275 	EXP 	up: autoDraw = True
95.3275 	EXP 	down: autoDraw = True
95.3444 	EXP 	center: autoDraw = True
95.3444 	EXP 	left: autoDraw = True
95.3444 	EXP 	right: autoDraw = True
95.3444 	EXP 	up: autoDraw = True
95.3444 	EXP 	down: autoDraw = True
95.3607 	EXP 	center: autoDraw = True
95.3607 	EXP 	left: autoDraw = True
95.3607 	EXP 	right: autoDraw = True
95.3607 	EXP 	up: autoDraw = True
95.3607 	EXP 	down: autoDraw = True
95.3776 	EXP 	center: autoDraw = True
95.3776 	EXP 	left: autoDraw = True
95.3776 	EXP 	right: autoDraw = True
95.3776 	EXP 	up: autoDraw = True
95.3776 	EXP 	down: autoDraw = True
95.3944 	EXP 	center: autoDraw = True
95.3944 	EXP 	left: autoDraw = True
95.3944 	EXP 	right: autoDraw = True
95.3944 	EXP 	up: autoDraw = True
95.3944 	EXP 	down: autoDraw = True
95.4107 	EXP 	center: autoDraw = True
95.4107 	EXP 	left: autoDraw = True
95.4107 	EXP 	right: autoDraw = True
95.4107 	EXP 	up: autoDraw = True
95.4107 	EXP 	down: autoDraw = True
95.4276 	EXP 	center: autoDraw = True
95.4276 	EXP 	left: autoDraw = True
95.4276 	EXP 	right: autoDraw = True
95.4276 	EXP 	up: autoDraw = True
95.4276 	EXP 	down: autoDraw = True
95.4444 	EXP 	center: autoDraw = True
95.4444 	EXP 	left: autoDraw = True
95.4444 	EXP 	right: autoDraw = True
95.4444 	EXP 	up: autoDraw = True
95.4444 	EXP 	down: autoDraw = True
95.4605 	EXP 	center: autoDraw = True
95.4605 	EXP 	left: autoDraw = True
95.4605 	EXP 	right: autoDraw = True
95.4605 	EXP 	up: autoDraw = True
95.4605 	EXP 	down: autoDraw = True
95.4775 	EXP 	center: autoDraw = True
95.4775 	EXP 	left: autoDraw = True
95.4775 	EXP 	right: autoDraw = True
95.4775 	EXP 	up: autoDraw = True
95.4775 	EXP 	down: autoDraw = True
95.4942 	EXP 	center: autoDraw = True
95.4942 	EXP 	left: autoDraw = True
95.4942 	EXP 	right: autoDraw = True
95.4942 	EXP 	up: autoDraw = True
95.4942 	EXP 	down: autoDraw = True
95.5101 	EXP 	center: autoDraw = True
95.5101 	EXP 	left: autoDraw = True
95.5101 	EXP 	right: autoDraw = True
95.5101 	EXP 	up: autoDraw = True
95.5101 	EXP 	down: autoDraw = True
95.5275 	EXP 	center: autoDraw = True
95.5275 	EXP 	left: autoDraw = True
95.5275 	EXP 	right: autoDraw = True
95.5275 	EXP 	up: autoDraw = True
95.5275 	EXP 	down: autoDraw = True
95.5442 	EXP 	center: autoDraw = True
95.5442 	EXP 	left: autoDraw = True
95.5442 	EXP 	right: autoDraw = True
95.5442 	EXP 	up: autoDraw = True
95.5442 	EXP 	down: autoDraw = True
95.5605 	EXP 	center: autoDraw = True
95.5605 	EXP 	left: autoDraw = True
95.5605 	EXP 	right: autoDraw = True
95.5605 	EXP 	up: autoDraw = True
95.5605 	EXP 	down: autoDraw = True
95.5774 	EXP 	center: autoDraw = True
95.5774 	EXP 	left: autoDraw = True
95.5774 	EXP 	right: autoDraw = True
95.5774 	EXP 	up: autoDraw = True
95.5774 	EXP 	down: autoDraw = True
95.5941 	EXP 	center: autoDraw = True
95.5941 	EXP 	left: autoDraw = True
95.5941 	EXP 	right: autoDraw = True
95.5941 	EXP 	up: autoDraw = True
95.5941 	EXP 	down: autoDraw = True
95.6103 	EXP 	center: autoDraw = True
95.6103 	EXP 	left: autoDraw = True
95.6103 	EXP 	right: autoDraw = True
95.6103 	EXP 	up: autoDraw = True
95.6103 	EXP 	down: autoDraw = True
95.6273 	EXP 	center: autoDraw = True
95.6273 	EXP 	left: autoDraw = True
95.6273 	EXP 	right: autoDraw = True
95.6273 	EXP 	up: autoDraw = True
95.6273 	EXP 	down: autoDraw = True
95.6440 	EXP 	center: autoDraw = True
95.6440 	EXP 	left: autoDraw = True
95.6440 	EXP 	right: autoDraw = True
95.6440 	EXP 	up: autoDraw = True
95.6440 	EXP 	down: autoDraw = True
95.6609 	EXP 	center: autoDraw = True
95.6609 	EXP 	left: autoDraw = True
95.6609 	EXP 	right: autoDraw = True
95.6609 	EXP 	up: autoDraw = True
95.6609 	EXP 	down: autoDraw = True
95.6777 	EXP 	center: autoDraw = True
95.6777 	EXP 	left: autoDraw = True
95.6777 	EXP 	right: autoDraw = True
95.6777 	EXP 	up: autoDraw = True
95.6777 	EXP 	down: autoDraw = True
95.6940 	EXP 	center: autoDraw = True
95.6940 	EXP 	left: autoDraw = True
95.6940 	EXP 	right: autoDraw = True
95.6940 	EXP 	up: autoDraw = True
95.6940 	EXP 	down: autoDraw = True
95.7108 	EXP 	center: autoDraw = True
95.7108 	EXP 	left: autoDraw = True
95.7108 	EXP 	right: autoDraw = True
95.7108 	EXP 	up: autoDraw = True
95.7108 	EXP 	down: autoDraw = True
95.7276 	EXP 	center: autoDraw = True
95.7276 	EXP 	left: autoDraw = True
95.7276 	EXP 	right: autoDraw = True
95.7276 	EXP 	up: autoDraw = True
95.7276 	EXP 	down: autoDraw = True
95.7443 	EXP 	center: autoDraw = True
95.7443 	EXP 	left: autoDraw = True
95.7443 	EXP 	right: autoDraw = True
95.7443 	EXP 	up: autoDraw = True
95.7443 	EXP 	down: autoDraw = True
95.7608 	EXP 	center: autoDraw = True
95.7608 	EXP 	left: autoDraw = True
95.7608 	EXP 	right: autoDraw = True
95.7608 	EXP 	up: autoDraw = True
95.7608 	EXP 	down: autoDraw = True
95.7776 	EXP 	center: autoDraw = True
95.7776 	EXP 	left: autoDraw = True
95.7776 	EXP 	right: autoDraw = True
95.7776 	EXP 	up: autoDraw = True
95.7776 	EXP 	down: autoDraw = True
95.7941 	EXP 	center: autoDraw = True
95.7941 	EXP 	left: autoDraw = True
95.7941 	EXP 	right: autoDraw = True
95.7941 	EXP 	up: autoDraw = True
95.7941 	EXP 	down: autoDraw = True
95.8109 	EXP 	center: autoDraw = True
95.8109 	EXP 	left: autoDraw = True
95.8109 	EXP 	right: autoDraw = True
95.8109 	EXP 	up: autoDraw = True
95.8109 	EXP 	down: autoDraw = True
95.8276 	EXP 	center: autoDraw = True
95.8276 	EXP 	left: autoDraw = True
95.8276 	EXP 	right: autoDraw = True
95.8276 	EXP 	up: autoDraw = True
95.8276 	EXP 	down: autoDraw = True
95.8438 	EXP 	center: autoDraw = True
95.8438 	EXP 	left: autoDraw = True
95.8438 	EXP 	right: autoDraw = True
95.8438 	EXP 	up: autoDraw = True
95.8438 	EXP 	down: autoDraw = True
95.8609 	EXP 	center: autoDraw = True
95.8609 	EXP 	left: autoDraw = True
95.8609 	EXP 	right: autoDraw = True
95.8609 	EXP 	up: autoDraw = True
95.8609 	EXP 	down: autoDraw = True
95.8773 	EXP 	center: autoDraw = True
95.8773 	EXP 	left: autoDraw = True
95.8773 	EXP 	right: autoDraw = True
95.8773 	EXP 	up: autoDraw = True
95.8773 	EXP 	down: autoDraw = True
95.8941 	EXP 	center: autoDraw = True
95.8941 	EXP 	left: autoDraw = True
95.8941 	EXP 	right: autoDraw = True
95.8941 	EXP 	up: autoDraw = True
95.8941 	EXP 	down: autoDraw = True
95.9109 	EXP 	center: autoDraw = True
95.9109 	EXP 	left: autoDraw = True
95.9109 	EXP 	right: autoDraw = True
95.9109 	EXP 	up: autoDraw = True
95.9109 	EXP 	down: autoDraw = True
95.9275 	EXP 	center: autoDraw = True
95.9275 	EXP 	left: autoDraw = True
95.9275 	EXP 	right: autoDraw = True
95.9275 	EXP 	up: autoDraw = True
95.9275 	EXP 	down: autoDraw = True
95.9443 	EXP 	center: autoDraw = True
95.9443 	EXP 	left: autoDraw = True
95.9443 	EXP 	right: autoDraw = True
95.9443 	EXP 	up: autoDraw = True
95.9443 	EXP 	down: autoDraw = True
95.9607 	EXP 	center: autoDraw = True
95.9607 	EXP 	left: autoDraw = True
95.9607 	EXP 	right: autoDraw = True
95.9607 	EXP 	up: autoDraw = True
95.9607 	EXP 	down: autoDraw = True
95.9774 	EXP 	center: autoDraw = True
95.9774 	EXP 	left: autoDraw = True
95.9774 	EXP 	right: autoDraw = True
95.9774 	EXP 	up: autoDraw = True
95.9774 	EXP 	down: autoDraw = True
95.9934 	EXP 	center: autoDraw = True
95.9934 	EXP 	left: autoDraw = True
95.9934 	EXP 	right: autoDraw = True
95.9934 	EXP 	up: autoDraw = True
95.9934 	EXP 	down: autoDraw = True
96.0107 	EXP 	center: autoDraw = True
96.0107 	EXP 	left: autoDraw = True
96.0107 	EXP 	right: autoDraw = True
96.0107 	EXP 	up: autoDraw = True
96.0107 	EXP 	down: autoDraw = True
96.0274 	EXP 	center: autoDraw = True
96.0274 	EXP 	left: autoDraw = True
96.0274 	EXP 	right: autoDraw = True
96.0274 	EXP 	up: autoDraw = True
96.0274 	EXP 	down: autoDraw = True
96.0443 	EXP 	center: autoDraw = True
96.0443 	EXP 	left: autoDraw = True
96.0443 	EXP 	right: autoDraw = True
96.0443 	EXP 	up: autoDraw = True
96.0443 	EXP 	down: autoDraw = True
96.0607 	EXP 	center: autoDraw = True
96.0607 	EXP 	left: autoDraw = True
96.0607 	EXP 	right: autoDraw = True
96.0607 	EXP 	up: autoDraw = True
96.0607 	EXP 	down: autoDraw = True
96.0776 	EXP 	center: autoDraw = True
96.0776 	EXP 	left: autoDraw = True
96.0776 	EXP 	right: autoDraw = True
96.0776 	EXP 	up: autoDraw = True
96.0776 	EXP 	down: autoDraw = True
96.0940 	EXP 	center: autoDraw = True
96.0940 	EXP 	left: autoDraw = True
96.0940 	EXP 	right: autoDraw = True
96.0940 	EXP 	up: autoDraw = True
96.0940 	EXP 	down: autoDraw = True
96.1110 	EXP 	center: autoDraw = True
96.1110 	EXP 	left: autoDraw = True
96.1110 	EXP 	right: autoDraw = True
96.1110 	EXP 	up: autoDraw = True
96.1110 	EXP 	down: autoDraw = True
96.1274 	EXP 	center: autoDraw = True
96.1274 	EXP 	left: autoDraw = True
96.1274 	EXP 	right: autoDraw = True
96.1274 	EXP 	up: autoDraw = True
96.1274 	EXP 	down: autoDraw = True
96.1441 	EXP 	center: autoDraw = True
96.1441 	EXP 	left: autoDraw = True
96.1441 	EXP 	right: autoDraw = True
96.1441 	EXP 	up: autoDraw = True
96.1441 	EXP 	down: autoDraw = True
96.1608 	EXP 	center: autoDraw = True
96.1608 	EXP 	left: autoDraw = True
96.1608 	EXP 	right: autoDraw = True
96.1608 	EXP 	up: autoDraw = True
96.1608 	EXP 	down: autoDraw = True
96.1776 	EXP 	center: autoDraw = True
96.1776 	EXP 	left: autoDraw = True
96.1776 	EXP 	right: autoDraw = True
96.1776 	EXP 	up: autoDraw = True
96.1776 	EXP 	down: autoDraw = True
96.1940 	EXP 	center: autoDraw = True
96.1940 	EXP 	left: autoDraw = True
96.1940 	EXP 	right: autoDraw = True
96.1940 	EXP 	up: autoDraw = True
96.1940 	EXP 	down: autoDraw = True
96.1941 	EXP 	Sound  started
96.1978 	DATA 	sclo | frame count: 480
96.2108 	EXP 	center: autoDraw = True
96.2108 	EXP 	left: autoDraw = True
96.2108 	EXP 	right: autoDraw = True
96.2108 	EXP 	up: autoDraw = True
96.2108 	EXP 	down: autoDraw = True
96.2276 	EXP 	center: autoDraw = True
96.2276 	EXP 	left: autoDraw = True
96.2276 	EXP 	right: autoDraw = True
96.2276 	EXP 	up: autoDraw = True
96.2276 	EXP 	down: autoDraw = True
96.2440 	EXP 	center: autoDraw = True
96.2440 	EXP 	left: autoDraw = True
96.2440 	EXP 	right: autoDraw = True
96.2440 	EXP 	up: autoDraw = True
96.2440 	EXP 	down: autoDraw = True
96.2604 	EXP 	center: autoDraw = True
96.2604 	EXP 	left: autoDraw = True
96.2604 	EXP 	right: autoDraw = True
96.2604 	EXP 	up: autoDraw = True
96.2604 	EXP 	down: autoDraw = True
96.2775 	EXP 	center: autoDraw = True
96.2775 	EXP 	left: autoDraw = True
96.2775 	EXP 	right: autoDraw = True
96.2775 	EXP 	up: autoDraw = True
96.2775 	EXP 	down: autoDraw = True
96.2942 	EXP 	center: autoDraw = True
96.2942 	EXP 	left: autoDraw = True
96.2942 	EXP 	right: autoDraw = True
96.2942 	EXP 	up: autoDraw = True
96.2942 	EXP 	down: autoDraw = True
96.3103 	EXP 	center: autoDraw = True
96.3103 	EXP 	left: autoDraw = True
96.3103 	EXP 	right: autoDraw = True
96.3103 	EXP 	up: autoDraw = True
96.3103 	EXP 	down: autoDraw = True
96.3273 	EXP 	center: autoDraw = True
96.3273 	EXP 	left: autoDraw = True
96.3273 	EXP 	right: autoDraw = True
96.3273 	EXP 	up: autoDraw = True
96.3273 	EXP 	down: autoDraw = True
96.3443 	EXP 	center: autoDraw = True
96.3443 	EXP 	left: autoDraw = True
96.3443 	EXP 	right: autoDraw = True
96.3443 	EXP 	up: autoDraw = True
96.3443 	EXP 	down: autoDraw = True
96.3606 	EXP 	center: autoDraw = True
96.3606 	EXP 	left: autoDraw = True
96.3606 	EXP 	right: autoDraw = True
96.3606 	EXP 	up: autoDraw = True
96.3606 	EXP 	down: autoDraw = True
96.3767 	EXP 	center: autoDraw = True
96.3767 	EXP 	left: autoDraw = True
96.3767 	EXP 	right: autoDraw = True
96.3767 	EXP 	up: autoDraw = True
96.3767 	EXP 	down: autoDraw = True
96.3940 	EXP 	center: autoDraw = True
96.3940 	EXP 	left: autoDraw = True
96.3940 	EXP 	right: autoDraw = True
96.3940 	EXP 	up: autoDraw = True
96.3940 	EXP 	down: autoDraw = True
96.4107 	EXP 	center: autoDraw = True
96.4107 	EXP 	left: autoDraw = True
96.4107 	EXP 	right: autoDraw = True
96.4107 	EXP 	up: autoDraw = True
96.4107 	EXP 	down: autoDraw = True
96.4275 	EXP 	center: autoDraw = True
96.4275 	EXP 	left: autoDraw = True
96.4275 	EXP 	right: autoDraw = True
96.4275 	EXP 	up: autoDraw = True
96.4275 	EXP 	down: autoDraw = True
96.4444 	EXP 	center: autoDraw = True
96.4444 	EXP 	left: autoDraw = True
96.4444 	EXP 	right: autoDraw = True
96.4444 	EXP 	up: autoDraw = True
96.4444 	EXP 	down: autoDraw = True
96.4605 	EXP 	center: autoDraw = True
96.4605 	EXP 	left: autoDraw = True
96.4605 	EXP 	right: autoDraw = True
96.4605 	EXP 	up: autoDraw = True
96.4605 	EXP 	down: autoDraw = True
96.4774 	EXP 	center: autoDraw = True
96.4774 	EXP 	left: autoDraw = True
96.4774 	EXP 	right: autoDraw = True
96.4774 	EXP 	up: autoDraw = True
96.4774 	EXP 	down: autoDraw = True
96.4943 	EXP 	center: autoDraw = True
96.4943 	EXP 	left: autoDraw = True
96.4943 	EXP 	right: autoDraw = True
96.4943 	EXP 	up: autoDraw = True
96.4943 	EXP 	down: autoDraw = True
96.5107 	EXP 	center: autoDraw = True
96.5107 	EXP 	left: autoDraw = True
96.5107 	EXP 	right: autoDraw = True
96.5107 	EXP 	up: autoDraw = True
96.5107 	EXP 	down: autoDraw = True
96.5274 	EXP 	center: autoDraw = True
96.5274 	EXP 	left: autoDraw = True
96.5274 	EXP 	right: autoDraw = True
96.5274 	EXP 	up: autoDraw = True
96.5274 	EXP 	down: autoDraw = True
96.5443 	EXP 	center: autoDraw = True
96.5443 	EXP 	left: autoDraw = True
96.5443 	EXP 	right: autoDraw = True
96.5443 	EXP 	up: autoDraw = True
96.5443 	EXP 	down: autoDraw = True
96.5607 	EXP 	center: autoDraw = True
96.5607 	EXP 	left: autoDraw = True
96.5607 	EXP 	right: autoDraw = True
96.5607 	EXP 	up: autoDraw = True
96.5607 	EXP 	down: autoDraw = True
96.5775 	EXP 	center: autoDraw = True
96.5775 	EXP 	left: autoDraw = True
96.5775 	EXP 	right: autoDraw = True
96.5775 	EXP 	up: autoDraw = True
96.5775 	EXP 	down: autoDraw = True
96.5940 	EXP 	center: autoDraw = True
96.5940 	EXP 	left: autoDraw = True
96.5940 	EXP 	right: autoDraw = True
96.5940 	EXP 	up: autoDraw = True
96.5940 	EXP 	down: autoDraw = True
96.6108 	EXP 	center: autoDraw = True
96.6108 	EXP 	left: autoDraw = True
96.6108 	EXP 	right: autoDraw = True
96.6108 	EXP 	up: autoDraw = True
96.6108 	EXP 	down: autoDraw = True
96.6275 	EXP 	center: autoDraw = True
96.6275 	EXP 	left: autoDraw = True
96.6275 	EXP 	right: autoDraw = True
96.6275 	EXP 	up: autoDraw = True
96.6275 	EXP 	down: autoDraw = True
96.6442 	EXP 	center: autoDraw = True
96.6442 	EXP 	left: autoDraw = True
96.6442 	EXP 	right: autoDraw = True
96.6442 	EXP 	up: autoDraw = True
96.6442 	EXP 	down: autoDraw = True
96.6610 	EXP 	center: autoDraw = True
96.6610 	EXP 	left: autoDraw = True
96.6610 	EXP 	right: autoDraw = True
96.6610 	EXP 	up: autoDraw = True
96.6610 	EXP 	down: autoDraw = True
96.6774 	EXP 	center: autoDraw = True
96.6774 	EXP 	left: autoDraw = True
96.6774 	EXP 	right: autoDraw = True
96.6774 	EXP 	up: autoDraw = True
96.6774 	EXP 	down: autoDraw = True
96.6942 	EXP 	center: autoDraw = True
96.6942 	EXP 	left: autoDraw = True
96.6942 	EXP 	right: autoDraw = True
96.6942 	EXP 	up: autoDraw = True
96.6942 	EXP 	down: autoDraw = True
96.6944 	DATA 	wsqS
96.7107 	EXP 	center: autoDraw = True
96.7107 	EXP 	left: autoDraw = True
96.7107 	EXP 	right: autoDraw = True
96.7107 	EXP 	up: autoDraw = True
96.7107 	EXP 	down: autoDraw = True
96.7107 	EXP 	whitesquare: autoDraw = True
96.7273 	EXP 	center: autoDraw = True
96.7273 	EXP 	left: autoDraw = True
96.7273 	EXP 	right: autoDraw = True
96.7273 	EXP 	up: autoDraw = True
96.7273 	EXP 	down: autoDraw = True
96.7273 	EXP 	whitesquare: autoDraw = False
96.7441 	EXP 	center: autoDraw = True
96.7441 	EXP 	left: autoDraw = True
96.7441 	EXP 	right: autoDraw = True
96.7441 	EXP 	up: autoDraw = True
96.7441 	EXP 	down: autoDraw = True
96.7609 	EXP 	center: autoDraw = True
96.7609 	EXP 	left: autoDraw = True
96.7609 	EXP 	right: autoDraw = True
96.7609 	EXP 	up: autoDraw = True
96.7609 	EXP 	down: autoDraw = True
96.7772 	EXP 	center: autoDraw = True
96.7772 	EXP 	left: autoDraw = True
96.7772 	EXP 	right: autoDraw = True
96.7772 	EXP 	up: autoDraw = True
96.7772 	EXP 	down: autoDraw = True
96.7941 	EXP 	center: autoDraw = True
96.7941 	EXP 	left: autoDraw = True
96.7941 	EXP 	right: autoDraw = True
96.7941 	EXP 	up: autoDraw = True
96.7941 	EXP 	down: autoDraw = True
96.8110 	EXP 	center: autoDraw = True
96.8110 	EXP 	left: autoDraw = True
96.8110 	EXP 	right: autoDraw = True
96.8110 	EXP 	up: autoDraw = True
96.8110 	EXP 	down: autoDraw = True
96.8271 	EXP 	center: autoDraw = True
96.8271 	EXP 	left: autoDraw = True
96.8271 	EXP 	right: autoDraw = True
96.8271 	EXP 	up: autoDraw = True
96.8271 	EXP 	down: autoDraw = True
96.8440 	EXP 	center: autoDraw = True
96.8440 	EXP 	left: autoDraw = True
96.8440 	EXP 	right: autoDraw = True
96.8440 	EXP 	up: autoDraw = True
96.8440 	EXP 	down: autoDraw = True
96.8607 	EXP 	center: autoDraw = True
96.8607 	EXP 	left: autoDraw = True
96.8607 	EXP 	right: autoDraw = True
96.8607 	EXP 	up: autoDraw = True
96.8607 	EXP 	down: autoDraw = True
96.8769 	EXP 	center: autoDraw = True
96.8769 	EXP 	left: autoDraw = True
96.8769 	EXP 	right: autoDraw = True
96.8769 	EXP 	up: autoDraw = True
96.8769 	EXP 	down: autoDraw = True
96.8940 	EXP 	center: autoDraw = True
96.8940 	EXP 	left: autoDraw = True
96.8940 	EXP 	right: autoDraw = True
96.8940 	EXP 	up: autoDraw = True
96.8940 	EXP 	down: autoDraw = True
96.9105 	EXP 	center: autoDraw = True
96.9105 	EXP 	left: autoDraw = True
96.9105 	EXP 	right: autoDraw = True
96.9105 	EXP 	up: autoDraw = True
96.9105 	EXP 	down: autoDraw = True
96.9274 	EXP 	center: autoDraw = True
96.9274 	EXP 	left: autoDraw = True
96.9274 	EXP 	right: autoDraw = True
96.9274 	EXP 	up: autoDraw = True
96.9274 	EXP 	down: autoDraw = True
96.9443 	EXP 	center: autoDraw = True
96.9443 	EXP 	left: autoDraw = True
96.9443 	EXP 	right: autoDraw = True
96.9443 	EXP 	up: autoDraw = True
96.9443 	EXP 	down: autoDraw = True
96.9606 	EXP 	center: autoDraw = True
96.9606 	EXP 	left: autoDraw = True
96.9606 	EXP 	right: autoDraw = True
96.9606 	EXP 	up: autoDraw = True
96.9606 	EXP 	down: autoDraw = True
96.9774 	EXP 	center: autoDraw = True
96.9774 	EXP 	left: autoDraw = True
96.9774 	EXP 	right: autoDraw = True
96.9774 	EXP 	up: autoDraw = True
96.9774 	EXP 	down: autoDraw = True
96.9939 	EXP 	center: autoDraw = True
96.9939 	EXP 	left: autoDraw = True
96.9939 	EXP 	right: autoDraw = True
96.9939 	EXP 	up: autoDraw = True
96.9939 	EXP 	down: autoDraw = True
97.0108 	EXP 	center: autoDraw = True
97.0108 	EXP 	left: autoDraw = True
97.0108 	EXP 	right: autoDraw = True
97.0108 	EXP 	up: autoDraw = True
97.0108 	EXP 	down: autoDraw = True
97.0273 	EXP 	center: autoDraw = True
97.0273 	EXP 	left: autoDraw = True
97.0273 	EXP 	right: autoDraw = True
97.0273 	EXP 	up: autoDraw = True
97.0273 	EXP 	down: autoDraw = True
97.0439 	EXP 	center: autoDraw = True
97.0439 	EXP 	left: autoDraw = True
97.0439 	EXP 	right: autoDraw = True
97.0439 	EXP 	up: autoDraw = True
97.0439 	EXP 	down: autoDraw = True
97.0609 	EXP 	center: autoDraw = True
97.0609 	EXP 	left: autoDraw = True
97.0609 	EXP 	right: autoDraw = True
97.0609 	EXP 	up: autoDraw = True
97.0609 	EXP 	down: autoDraw = True
97.0773 	EXP 	center: autoDraw = True
97.0773 	EXP 	left: autoDraw = True
97.0773 	EXP 	right: autoDraw = True
97.0773 	EXP 	up: autoDraw = True
97.0773 	EXP 	down: autoDraw = True
97.0941 	EXP 	center: autoDraw = True
97.0941 	EXP 	left: autoDraw = True
97.0941 	EXP 	right: autoDraw = True
97.0941 	EXP 	up: autoDraw = True
97.0941 	EXP 	down: autoDraw = True
97.1106 	EXP 	center: autoDraw = True
97.1106 	EXP 	left: autoDraw = True
97.1106 	EXP 	right: autoDraw = True
97.1106 	EXP 	up: autoDraw = True
97.1106 	EXP 	down: autoDraw = True
97.1274 	EXP 	center: autoDraw = True
97.1274 	EXP 	left: autoDraw = True
97.1274 	EXP 	right: autoDraw = True
97.1274 	EXP 	up: autoDraw = True
97.1274 	EXP 	down: autoDraw = True
97.1440 	EXP 	center: autoDraw = True
97.1440 	EXP 	left: autoDraw = True
97.1440 	EXP 	right: autoDraw = True
97.1440 	EXP 	up: autoDraw = True
97.1440 	EXP 	down: autoDraw = True
97.1608 	EXP 	center: autoDraw = True
97.1608 	EXP 	left: autoDraw = True
97.1608 	EXP 	right: autoDraw = True
97.1608 	EXP 	up: autoDraw = True
97.1608 	EXP 	down: autoDraw = True
97.1773 	EXP 	center: autoDraw = True
97.1773 	EXP 	left: autoDraw = True
97.1773 	EXP 	right: autoDraw = True
97.1773 	EXP 	up: autoDraw = True
97.1773 	EXP 	down: autoDraw = True
97.1941 	EXP 	center: autoDraw = True
97.1941 	EXP 	left: autoDraw = True
97.1941 	EXP 	right: autoDraw = True
97.1941 	EXP 	up: autoDraw = True
97.1941 	EXP 	down: autoDraw = True
97.2106 	EXP 	center: autoDraw = True
97.2106 	EXP 	left: autoDraw = True
97.2106 	EXP 	right: autoDraw = True
97.2106 	EXP 	up: autoDraw = True
97.2106 	EXP 	down: autoDraw = True
97.2275 	EXP 	center: autoDraw = True
97.2275 	EXP 	left: autoDraw = True
97.2275 	EXP 	right: autoDraw = True
97.2275 	EXP 	up: autoDraw = True
97.2275 	EXP 	down: autoDraw = True
97.2439 	EXP 	center: autoDraw = True
97.2439 	EXP 	left: autoDraw = True
97.2439 	EXP 	right: autoDraw = True
97.2439 	EXP 	up: autoDraw = True
97.2439 	EXP 	down: autoDraw = True
97.2607 	EXP 	center: autoDraw = True
97.2607 	EXP 	left: autoDraw = True
97.2607 	EXP 	right: autoDraw = True
97.2607 	EXP 	up: autoDraw = True
97.2607 	EXP 	down: autoDraw = True
97.2775 	EXP 	center: autoDraw = True
97.2775 	EXP 	left: autoDraw = True
97.2775 	EXP 	right: autoDraw = True
97.2775 	EXP 	up: autoDraw = True
97.2775 	EXP 	down: autoDraw = True
97.2939 	EXP 	center: autoDraw = True
97.2939 	EXP 	left: autoDraw = True
97.2939 	EXP 	right: autoDraw = True
97.2939 	EXP 	up: autoDraw = True
97.2939 	EXP 	down: autoDraw = True
97.3108 	EXP 	center: autoDraw = True
97.3108 	EXP 	left: autoDraw = True
97.3108 	EXP 	right: autoDraw = True
97.3108 	EXP 	up: autoDraw = True
97.3108 	EXP 	down: autoDraw = True
97.3273 	EXP 	center: autoDraw = True
97.3273 	EXP 	left: autoDraw = True
97.3273 	EXP 	right: autoDraw = True
97.3273 	EXP 	up: autoDraw = True
97.3273 	EXP 	down: autoDraw = True
97.3443 	EXP 	center: autoDraw = True
97.3443 	EXP 	left: autoDraw = True
97.3443 	EXP 	right: autoDraw = True
97.3443 	EXP 	up: autoDraw = True
97.3443 	EXP 	down: autoDraw = True
97.3606 	EXP 	center: autoDraw = True
97.3606 	EXP 	left: autoDraw = True
97.3606 	EXP 	right: autoDraw = True
97.3606 	EXP 	up: autoDraw = True
97.3606 	EXP 	down: autoDraw = True
97.3775 	EXP 	center: autoDraw = True
97.3775 	EXP 	left: autoDraw = True
97.3775 	EXP 	right: autoDraw = True
97.3775 	EXP 	up: autoDraw = True
97.3775 	EXP 	down: autoDraw = True
97.3939 	EXP 	center: autoDraw = True
97.3939 	EXP 	left: autoDraw = True
97.3939 	EXP 	right: autoDraw = True
97.3939 	EXP 	up: autoDraw = True
97.3939 	EXP 	down: autoDraw = True
97.4110 	EXP 	center: autoDraw = True
97.4110 	EXP 	left: autoDraw = True
97.4110 	EXP 	right: autoDraw = True
97.4110 	EXP 	up: autoDraw = True
97.4110 	EXP 	down: autoDraw = True
97.4273 	EXP 	center: autoDraw = True
97.4273 	EXP 	left: autoDraw = True
97.4273 	EXP 	right: autoDraw = True
97.4273 	EXP 	up: autoDraw = True
97.4273 	EXP 	down: autoDraw = True
97.4441 	EXP 	center: autoDraw = True
97.4441 	EXP 	left: autoDraw = True
97.4441 	EXP 	right: autoDraw = True
97.4441 	EXP 	up: autoDraw = True
97.4441 	EXP 	down: autoDraw = True
97.4606 	EXP 	center: autoDraw = True
97.4606 	EXP 	left: autoDraw = True
97.4606 	EXP 	right: autoDraw = True
97.4606 	EXP 	up: autoDraw = True
97.4606 	EXP 	down: autoDraw = True
97.4775 	EXP 	center: autoDraw = True
97.4775 	EXP 	left: autoDraw = True
97.4775 	EXP 	right: autoDraw = True
97.4775 	EXP 	up: autoDraw = True
97.4775 	EXP 	down: autoDraw = True
97.4939 	EXP 	center: autoDraw = True
97.4939 	EXP 	left: autoDraw = True
97.4939 	EXP 	right: autoDraw = True
97.4939 	EXP 	up: autoDraw = True
97.4939 	EXP 	down: autoDraw = True
97.5107 	EXP 	center: autoDraw = True
97.5107 	EXP 	left: autoDraw = True
97.5107 	EXP 	right: autoDraw = True
97.5107 	EXP 	up: autoDraw = True
97.5107 	EXP 	down: autoDraw = True
97.5276 	EXP 	center: autoDraw = True
97.5276 	EXP 	left: autoDraw = True
97.5276 	EXP 	right: autoDraw = True
97.5276 	EXP 	up: autoDraw = True
97.5276 	EXP 	down: autoDraw = True
97.5437 	EXP 	center: autoDraw = True
97.5437 	EXP 	left: autoDraw = True
97.5437 	EXP 	right: autoDraw = True
97.5437 	EXP 	up: autoDraw = True
97.5437 	EXP 	down: autoDraw = True
97.5607 	EXP 	center: autoDraw = True
97.5607 	EXP 	left: autoDraw = True
97.5607 	EXP 	right: autoDraw = True
97.5607 	EXP 	up: autoDraw = True
97.5607 	EXP 	down: autoDraw = True
97.5776 	EXP 	center: autoDraw = True
97.5776 	EXP 	left: autoDraw = True
97.5776 	EXP 	right: autoDraw = True
97.5776 	EXP 	up: autoDraw = True
97.5776 	EXP 	down: autoDraw = True
97.5939 	EXP 	center: autoDraw = True
97.5939 	EXP 	left: autoDraw = True
97.5939 	EXP 	right: autoDraw = True
97.5939 	EXP 	up: autoDraw = True
97.5939 	EXP 	down: autoDraw = True
97.6108 	EXP 	center: autoDraw = True
97.6108 	EXP 	left: autoDraw = True
97.6108 	EXP 	right: autoDraw = True
97.6108 	EXP 	up: autoDraw = True
97.6108 	EXP 	down: autoDraw = True
97.6272 	EXP 	center: autoDraw = True
97.6272 	EXP 	left: autoDraw = True
97.6272 	EXP 	right: autoDraw = True
97.6272 	EXP 	up: autoDraw = True
97.6272 	EXP 	down: autoDraw = True
97.6440 	EXP 	center: autoDraw = True
97.6440 	EXP 	left: autoDraw = True
97.6440 	EXP 	right: autoDraw = True
97.6440 	EXP 	up: autoDraw = True
97.6440 	EXP 	down: autoDraw = True
97.6608 	EXP 	center: autoDraw = True
97.6608 	EXP 	left: autoDraw = True
97.6608 	EXP 	right: autoDraw = True
97.6608 	EXP 	up: autoDraw = True
97.6608 	EXP 	down: autoDraw = True
97.6773 	EXP 	center: autoDraw = True
97.6773 	EXP 	left: autoDraw = True
97.6773 	EXP 	right: autoDraw = True
97.6773 	EXP 	up: autoDraw = True
97.6773 	EXP 	down: autoDraw = True
97.6940 	EXP 	center: autoDraw = True
97.6940 	EXP 	left: autoDraw = True
97.6940 	EXP 	right: autoDraw = True
97.6940 	EXP 	up: autoDraw = True
97.6940 	EXP 	down: autoDraw = True
97.7109 	EXP 	center: autoDraw = True
97.7109 	EXP 	left: autoDraw = True
97.7109 	EXP 	right: autoDraw = True
97.7109 	EXP 	up: autoDraw = True
97.7109 	EXP 	down: autoDraw = True
97.7272 	EXP 	center: autoDraw = True
97.7272 	EXP 	left: autoDraw = True
97.7272 	EXP 	right: autoDraw = True
97.7272 	EXP 	up: autoDraw = True
97.7272 	EXP 	down: autoDraw = True
97.7439 	EXP 	center: autoDraw = True
97.7439 	EXP 	left: autoDraw = True
97.7439 	EXP 	right: autoDraw = True
97.7439 	EXP 	up: autoDraw = True
97.7439 	EXP 	down: autoDraw = True
97.7609 	EXP 	center: autoDraw = True
97.7609 	EXP 	left: autoDraw = True
97.7609 	EXP 	right: autoDraw = True
97.7609 	EXP 	up: autoDraw = True
97.7609 	EXP 	down: autoDraw = True
97.7772 	EXP 	center: autoDraw = True
97.7772 	EXP 	left: autoDraw = True
97.7772 	EXP 	right: autoDraw = True
97.7772 	EXP 	up: autoDraw = True
97.7772 	EXP 	down: autoDraw = True
97.7940 	EXP 	center: autoDraw = True
97.7940 	EXP 	left: autoDraw = True
97.7940 	EXP 	right: autoDraw = True
97.7940 	EXP 	up: autoDraw = True
97.7940 	EXP 	down: autoDraw = True
97.8109 	EXP 	center: autoDraw = True
97.8109 	EXP 	left: autoDraw = True
97.8109 	EXP 	right: autoDraw = True
97.8109 	EXP 	up: autoDraw = True
97.8109 	EXP 	down: autoDraw = True
97.8272 	EXP 	center: autoDraw = True
97.8272 	EXP 	left: autoDraw = True
97.8272 	EXP 	right: autoDraw = True
97.8272 	EXP 	up: autoDraw = True
97.8272 	EXP 	down: autoDraw = True
97.8441 	EXP 	center: autoDraw = True
97.8441 	EXP 	left: autoDraw = True
97.8441 	EXP 	right: autoDraw = True
97.8441 	EXP 	up: autoDraw = True
97.8441 	EXP 	down: autoDraw = True
97.8606 	EXP 	center: autoDraw = True
97.8606 	EXP 	left: autoDraw = True
97.8606 	EXP 	right: autoDraw = True
97.8606 	EXP 	up: autoDraw = True
97.8606 	EXP 	down: autoDraw = True
97.8776 	EXP 	center: autoDraw = True
97.8776 	EXP 	left: autoDraw = True
97.8776 	EXP 	right: autoDraw = True
97.8776 	EXP 	up: autoDraw = True
97.8776 	EXP 	down: autoDraw = True
97.8938 	EXP 	center: autoDraw = True
97.8938 	EXP 	left: autoDraw = True
97.8938 	EXP 	right: autoDraw = True
97.8938 	EXP 	up: autoDraw = True
97.8938 	EXP 	down: autoDraw = True
97.9107 	EXP 	center: autoDraw = True
97.9107 	EXP 	left: autoDraw = True
97.9107 	EXP 	right: autoDraw = True
97.9107 	EXP 	up: autoDraw = True
97.9107 	EXP 	down: autoDraw = True
97.9274 	EXP 	center: autoDraw = True
97.9274 	EXP 	left: autoDraw = True
97.9274 	EXP 	right: autoDraw = True
97.9274 	EXP 	up: autoDraw = True
97.9274 	EXP 	down: autoDraw = True
97.9440 	EXP 	center: autoDraw = True
97.9440 	EXP 	left: autoDraw = True
97.9440 	EXP 	right: autoDraw = True
97.9440 	EXP 	up: autoDraw = True
97.9440 	EXP 	down: autoDraw = True
97.9606 	EXP 	center: autoDraw = True
97.9606 	EXP 	left: autoDraw = True
97.9606 	EXP 	right: autoDraw = True
97.9606 	EXP 	up: autoDraw = True
97.9606 	EXP 	down: autoDraw = True
97.9774 	EXP 	center: autoDraw = True
97.9774 	EXP 	left: autoDraw = True
97.9774 	EXP 	right: autoDraw = True
97.9774 	EXP 	up: autoDraw = True
97.9774 	EXP 	down: autoDraw = True
97.9941 	EXP 	center: autoDraw = True
97.9941 	EXP 	left: autoDraw = True
97.9941 	EXP 	right: autoDraw = True
97.9941 	EXP 	up: autoDraw = True
97.9941 	EXP 	down: autoDraw = True
98.0106 	EXP 	center: autoDraw = True
98.0106 	EXP 	left: autoDraw = True
98.0106 	EXP 	right: autoDraw = True
98.0106 	EXP 	up: autoDraw = True
98.0106 	EXP 	down: autoDraw = True
98.0275 	EXP 	center: autoDraw = True
98.0275 	EXP 	left: autoDraw = True
98.0275 	EXP 	right: autoDraw = True
98.0275 	EXP 	up: autoDraw = True
98.0275 	EXP 	down: autoDraw = True
98.0439 	EXP 	center: autoDraw = True
98.0439 	EXP 	left: autoDraw = True
98.0439 	EXP 	right: autoDraw = True
98.0439 	EXP 	up: autoDraw = True
98.0439 	EXP 	down: autoDraw = True
98.0599 	EXP 	center: autoDraw = True
98.0599 	EXP 	left: autoDraw = True
98.0599 	EXP 	right: autoDraw = True
98.0599 	EXP 	up: autoDraw = True
98.0599 	EXP 	down: autoDraw = True
98.0772 	EXP 	center: autoDraw = True
98.0772 	EXP 	left: autoDraw = True
98.0772 	EXP 	right: autoDraw = True
98.0772 	EXP 	up: autoDraw = True
98.0772 	EXP 	down: autoDraw = True
98.0939 	EXP 	center: autoDraw = True
98.0939 	EXP 	left: autoDraw = True
98.0939 	EXP 	right: autoDraw = True
98.0939 	EXP 	up: autoDraw = True
98.0939 	EXP 	down: autoDraw = True
98.1107 	EXP 	center: autoDraw = True
98.1107 	EXP 	left: autoDraw = True
98.1107 	EXP 	right: autoDraw = True
98.1107 	EXP 	up: autoDraw = True
98.1107 	EXP 	down: autoDraw = True
98.1272 	EXP 	center: autoDraw = True
98.1272 	EXP 	left: autoDraw = True
98.1272 	EXP 	right: autoDraw = True
98.1272 	EXP 	up: autoDraw = True
98.1272 	EXP 	down: autoDraw = True
98.1441 	EXP 	center: autoDraw = True
98.1441 	EXP 	left: autoDraw = True
98.1441 	EXP 	right: autoDraw = True
98.1441 	EXP 	up: autoDraw = True
98.1441 	EXP 	down: autoDraw = True
98.1606 	EXP 	center: autoDraw = True
98.1606 	EXP 	left: autoDraw = True
98.1606 	EXP 	right: autoDraw = True
98.1606 	EXP 	up: autoDraw = True
98.1606 	EXP 	down: autoDraw = True
98.1773 	EXP 	center: autoDraw = True
98.1773 	EXP 	left: autoDraw = True
98.1773 	EXP 	right: autoDraw = True
98.1773 	EXP 	up: autoDraw = True
98.1773 	EXP 	down: autoDraw = True
98.1940 	EXP 	center: autoDraw = True
98.1940 	EXP 	left: autoDraw = True
98.1940 	EXP 	right: autoDraw = True
98.1940 	EXP 	up: autoDraw = True
98.1940 	EXP 	down: autoDraw = True
98.2108 	EXP 	center: autoDraw = True
98.2108 	EXP 	left: autoDraw = True
98.2108 	EXP 	right: autoDraw = True
98.2108 	EXP 	up: autoDraw = True
98.2108 	EXP 	down: autoDraw = True
98.2270 	EXP 	center: autoDraw = True
98.2270 	EXP 	left: autoDraw = True
98.2270 	EXP 	right: autoDraw = True
98.2270 	EXP 	up: autoDraw = True
98.2270 	EXP 	down: autoDraw = True
98.2440 	EXP 	center: autoDraw = True
98.2440 	EXP 	left: autoDraw = True
98.2440 	EXP 	right: autoDraw = True
98.2440 	EXP 	up: autoDraw = True
98.2440 	EXP 	down: autoDraw = True
98.2608 	EXP 	center: autoDraw = True
98.2608 	EXP 	left: autoDraw = True
98.2608 	EXP 	right: autoDraw = True
98.2608 	EXP 	up: autoDraw = True
98.2608 	EXP 	down: autoDraw = True
98.2772 	EXP 	center: autoDraw = True
98.2772 	EXP 	left: autoDraw = True
98.2772 	EXP 	right: autoDraw = True
98.2772 	EXP 	up: autoDraw = True
98.2772 	EXP 	down: autoDraw = True
98.2940 	EXP 	center: autoDraw = True
98.2940 	EXP 	left: autoDraw = True
98.2940 	EXP 	right: autoDraw = True
98.2940 	EXP 	up: autoDraw = True
98.2940 	EXP 	down: autoDraw = True
98.3107 	EXP 	center: autoDraw = True
98.3107 	EXP 	left: autoDraw = True
98.3107 	EXP 	right: autoDraw = True
98.3107 	EXP 	up: autoDraw = True
98.3107 	EXP 	down: autoDraw = True
98.3272 	EXP 	center: autoDraw = True
98.3272 	EXP 	left: autoDraw = True
98.3272 	EXP 	right: autoDraw = True
98.3272 	EXP 	up: autoDraw = True
98.3272 	EXP 	down: autoDraw = True
98.3439 	EXP 	center: autoDraw = True
98.3439 	EXP 	left: autoDraw = True
98.3439 	EXP 	right: autoDraw = True
98.3439 	EXP 	up: autoDraw = True
98.3439 	EXP 	down: autoDraw = True
98.3607 	EXP 	center: autoDraw = True
98.3607 	EXP 	left: autoDraw = True
98.3607 	EXP 	right: autoDraw = True
98.3607 	EXP 	up: autoDraw = True
98.3607 	EXP 	down: autoDraw = True
98.3774 	EXP 	center: autoDraw = True
98.3774 	EXP 	left: autoDraw = True
98.3774 	EXP 	right: autoDraw = True
98.3774 	EXP 	up: autoDraw = True
98.3774 	EXP 	down: autoDraw = True
98.3938 	EXP 	center: autoDraw = True
98.3938 	EXP 	left: autoDraw = True
98.3938 	EXP 	right: autoDraw = True
98.3938 	EXP 	up: autoDraw = True
98.3938 	EXP 	down: autoDraw = True
98.4107 	EXP 	center: autoDraw = True
98.4107 	EXP 	left: autoDraw = True
98.4107 	EXP 	right: autoDraw = True
98.4107 	EXP 	up: autoDraw = True
98.4107 	EXP 	down: autoDraw = True
98.4272 	EXP 	center: autoDraw = True
98.4272 	EXP 	left: autoDraw = True
98.4272 	EXP 	right: autoDraw = True
98.4272 	EXP 	up: autoDraw = True
98.4272 	EXP 	down: autoDraw = True
98.4432 	EXP 	center: autoDraw = True
98.4432 	EXP 	left: autoDraw = True
98.4432 	EXP 	right: autoDraw = True
98.4432 	EXP 	up: autoDraw = True
98.4432 	EXP 	down: autoDraw = True
98.4605 	EXP 	center: autoDraw = True
98.4605 	EXP 	left: autoDraw = True
98.4605 	EXP 	right: autoDraw = True
98.4605 	EXP 	up: autoDraw = True
98.4605 	EXP 	down: autoDraw = True
98.4773 	EXP 	center: autoDraw = True
98.4773 	EXP 	left: autoDraw = True
98.4773 	EXP 	right: autoDraw = True
98.4773 	EXP 	up: autoDraw = True
98.4773 	EXP 	down: autoDraw = True
98.4940 	EXP 	center: autoDraw = True
98.4940 	EXP 	left: autoDraw = True
98.4940 	EXP 	right: autoDraw = True
98.4940 	EXP 	up: autoDraw = True
98.4940 	EXP 	down: autoDraw = True
98.5108 	EXP 	center: autoDraw = True
98.5108 	EXP 	left: autoDraw = True
98.5108 	EXP 	right: autoDraw = True
98.5108 	EXP 	up: autoDraw = True
98.5108 	EXP 	down: autoDraw = True
98.5271 	EXP 	center: autoDraw = True
98.5271 	EXP 	left: autoDraw = True
98.5271 	EXP 	right: autoDraw = True
98.5271 	EXP 	up: autoDraw = True
98.5271 	EXP 	down: autoDraw = True
98.5439 	EXP 	center: autoDraw = True
98.5439 	EXP 	left: autoDraw = True
98.5439 	EXP 	right: autoDraw = True
98.5439 	EXP 	up: autoDraw = True
98.5439 	EXP 	down: autoDraw = True
98.5606 	EXP 	center: autoDraw = True
98.5606 	EXP 	left: autoDraw = True
98.5606 	EXP 	right: autoDraw = True
98.5606 	EXP 	up: autoDraw = True
98.5606 	EXP 	down: autoDraw = True
98.5773 	EXP 	center: autoDraw = True
98.5773 	EXP 	left: autoDraw = True
98.5773 	EXP 	right: autoDraw = True
98.5773 	EXP 	up: autoDraw = True
98.5773 	EXP 	down: autoDraw = True
98.5939 	EXP 	center: autoDraw = True
98.5939 	EXP 	left: autoDraw = True
98.5939 	EXP 	right: autoDraw = True
98.5939 	EXP 	up: autoDraw = True
98.5939 	EXP 	down: autoDraw = True
98.6106 	EXP 	center: autoDraw = True
98.6106 	EXP 	left: autoDraw = True
98.6106 	EXP 	right: autoDraw = True
98.6106 	EXP 	up: autoDraw = True
98.6106 	EXP 	down: autoDraw = True
98.6274 	EXP 	center: autoDraw = True
98.6274 	EXP 	left: autoDraw = True
98.6274 	EXP 	right: autoDraw = True
98.6274 	EXP 	up: autoDraw = True
98.6274 	EXP 	down: autoDraw = True
98.6432 	EXP 	center: autoDraw = True
98.6432 	EXP 	left: autoDraw = True
98.6432 	EXP 	right: autoDraw = True
98.6432 	EXP 	up: autoDraw = True
98.6432 	EXP 	down: autoDraw = True
98.6606 	EXP 	center: autoDraw = True
98.6606 	EXP 	left: autoDraw = True
98.6606 	EXP 	right: autoDraw = True
98.6606 	EXP 	up: autoDraw = True
98.6606 	EXP 	down: autoDraw = True
98.6774 	EXP 	center: autoDraw = True
98.6774 	EXP 	left: autoDraw = True
98.6774 	EXP 	right: autoDraw = True
98.6774 	EXP 	up: autoDraw = True
98.6774 	EXP 	down: autoDraw = True
98.6938 	EXP 	center: autoDraw = True
98.6938 	EXP 	left: autoDraw = True
98.6938 	EXP 	right: autoDraw = True
98.6938 	EXP 	up: autoDraw = True
98.6938 	EXP 	down: autoDraw = True
98.7101 	EXP 	center: autoDraw = True
98.7101 	EXP 	left: autoDraw = True
98.7101 	EXP 	right: autoDraw = True
98.7101 	EXP 	up: autoDraw = True
98.7101 	EXP 	down: autoDraw = True
98.7271 	EXP 	center: autoDraw = True
98.7271 	EXP 	left: autoDraw = True
98.7271 	EXP 	right: autoDraw = True
98.7271 	EXP 	up: autoDraw = True
98.7271 	EXP 	down: autoDraw = True
98.7439 	EXP 	center: autoDraw = True
98.7439 	EXP 	left: autoDraw = True
98.7439 	EXP 	right: autoDraw = True
98.7439 	EXP 	up: autoDraw = True
98.7439 	EXP 	down: autoDraw = True
98.7607 	EXP 	center: autoDraw = True
98.7607 	EXP 	left: autoDraw = True
98.7607 	EXP 	right: autoDraw = True
98.7607 	EXP 	up: autoDraw = True
98.7607 	EXP 	down: autoDraw = True
98.7772 	EXP 	center: autoDraw = True
98.7772 	EXP 	left: autoDraw = True
98.7772 	EXP 	right: autoDraw = True
98.7772 	EXP 	up: autoDraw = True
98.7772 	EXP 	down: autoDraw = True
98.7940 	EXP 	center: autoDraw = True
98.7940 	EXP 	left: autoDraw = True
98.7940 	EXP 	right: autoDraw = True
98.7940 	EXP 	up: autoDraw = True
98.7940 	EXP 	down: autoDraw = True
98.8104 	EXP 	center: autoDraw = True
98.8104 	EXP 	left: autoDraw = True
98.8104 	EXP 	right: autoDraw = True
98.8104 	EXP 	up: autoDraw = True
98.8104 	EXP 	down: autoDraw = True
98.8274 	EXP 	center: autoDraw = True
98.8274 	EXP 	left: autoDraw = True
98.8274 	EXP 	right: autoDraw = True
98.8274 	EXP 	up: autoDraw = True
98.8274 	EXP 	down: autoDraw = True
98.8437 	EXP 	center: autoDraw = True
98.8437 	EXP 	left: autoDraw = True
98.8437 	EXP 	right: autoDraw = True
98.8437 	EXP 	up: autoDraw = True
98.8437 	EXP 	down: autoDraw = True
98.8608 	EXP 	center: autoDraw = True
98.8608 	EXP 	left: autoDraw = True
98.8608 	EXP 	right: autoDraw = True
98.8608 	EXP 	up: autoDraw = True
98.8608 	EXP 	down: autoDraw = True
98.8771 	EXP 	center: autoDraw = True
98.8771 	EXP 	left: autoDraw = True
98.8771 	EXP 	right: autoDraw = True
98.8771 	EXP 	up: autoDraw = True
98.8771 	EXP 	down: autoDraw = True
98.8940 	EXP 	center: autoDraw = True
98.8940 	EXP 	left: autoDraw = True
98.8940 	EXP 	right: autoDraw = True
98.8940 	EXP 	up: autoDraw = True
98.8940 	EXP 	down: autoDraw = True
98.9108 	EXP 	center: autoDraw = True
98.9108 	EXP 	left: autoDraw = True
98.9108 	EXP 	right: autoDraw = True
98.9108 	EXP 	up: autoDraw = True
98.9108 	EXP 	down: autoDraw = True
98.9271 	EXP 	center: autoDraw = True
98.9271 	EXP 	left: autoDraw = True
98.9271 	EXP 	right: autoDraw = True
98.9271 	EXP 	up: autoDraw = True
98.9271 	EXP 	down: autoDraw = True
98.9439 	EXP 	center: autoDraw = True
98.9439 	EXP 	left: autoDraw = True
98.9439 	EXP 	right: autoDraw = True
98.9439 	EXP 	up: autoDraw = True
98.9439 	EXP 	down: autoDraw = True
98.9607 	EXP 	center: autoDraw = True
98.9607 	EXP 	left: autoDraw = True
98.9607 	EXP 	right: autoDraw = True
98.9607 	EXP 	up: autoDraw = True
98.9607 	EXP 	down: autoDraw = True
98.9771 	EXP 	center: autoDraw = True
98.9771 	EXP 	left: autoDraw = True
98.9771 	EXP 	right: autoDraw = True
98.9771 	EXP 	up: autoDraw = True
98.9771 	EXP 	down: autoDraw = True
98.9939 	EXP 	center: autoDraw = True
98.9939 	EXP 	left: autoDraw = True
98.9939 	EXP 	right: autoDraw = True
98.9939 	EXP 	up: autoDraw = True
98.9939 	EXP 	down: autoDraw = True
99.0106 	EXP 	center: autoDraw = True
99.0106 	EXP 	left: autoDraw = True
99.0106 	EXP 	right: autoDraw = True
99.0106 	EXP 	up: autoDraw = True
99.0106 	EXP 	down: autoDraw = True
99.0273 	EXP 	center: autoDraw = True
99.0273 	EXP 	left: autoDraw = True
99.0273 	EXP 	right: autoDraw = True
99.0273 	EXP 	up: autoDraw = True
99.0273 	EXP 	down: autoDraw = True
99.0441 	EXP 	center: autoDraw = True
99.0441 	EXP 	left: autoDraw = True
99.0441 	EXP 	right: autoDraw = True
99.0441 	EXP 	up: autoDraw = True
99.0441 	EXP 	down: autoDraw = True
99.0605 	EXP 	center: autoDraw = True
99.0605 	EXP 	left: autoDraw = True
99.0605 	EXP 	right: autoDraw = True
99.0605 	EXP 	up: autoDraw = True
99.0605 	EXP 	down: autoDraw = True
99.0772 	EXP 	center: autoDraw = True
99.0772 	EXP 	left: autoDraw = True
99.0772 	EXP 	right: autoDraw = True
99.0772 	EXP 	up: autoDraw = True
99.0772 	EXP 	down: autoDraw = True
99.0932 	EXP 	center: autoDraw = True
99.0932 	EXP 	left: autoDraw = True
99.0932 	EXP 	right: autoDraw = True
99.0932 	EXP 	up: autoDraw = True
99.0932 	EXP 	down: autoDraw = True
99.1105 	EXP 	center: autoDraw = True
99.1105 	EXP 	left: autoDraw = True
99.1105 	EXP 	right: autoDraw = True
99.1105 	EXP 	up: autoDraw = True
99.1105 	EXP 	down: autoDraw = True
99.1273 	EXP 	center: autoDraw = True
99.1273 	EXP 	left: autoDraw = True
99.1273 	EXP 	right: autoDraw = True
99.1273 	EXP 	up: autoDraw = True
99.1273 	EXP 	down: autoDraw = True
99.1438 	EXP 	center: autoDraw = True
99.1438 	EXP 	left: autoDraw = True
99.1438 	EXP 	right: autoDraw = True
99.1438 	EXP 	up: autoDraw = True
99.1438 	EXP 	down: autoDraw = True
99.1605 	EXP 	center: autoDraw = True
99.1605 	EXP 	left: autoDraw = True
99.1605 	EXP 	right: autoDraw = True
99.1605 	EXP 	up: autoDraw = True
99.1605 	EXP 	down: autoDraw = True
99.1773 	EXP 	center: autoDraw = True
99.1773 	EXP 	left: autoDraw = True
99.1773 	EXP 	right: autoDraw = True
99.1773 	EXP 	up: autoDraw = True
99.1773 	EXP 	down: autoDraw = True
99.1940 	EXP 	center: autoDraw = True
99.1940 	EXP 	left: autoDraw = True
99.1940 	EXP 	right: autoDraw = True
99.1940 	EXP 	up: autoDraw = True
99.1940 	EXP 	down: autoDraw = True
99.1941 	EXP 	Sound  started
99.1977 	DATA 	sope | frame count: 660
99.2105 	EXP 	center: autoDraw = True
99.2105 	EXP 	left: autoDraw = True
99.2105 	EXP 	right: autoDraw = True
99.2105 	EXP 	up: autoDraw = True
99.2105 	EXP 	down: autoDraw = True
99.2273 	EXP 	center: autoDraw = True
99.2273 	EXP 	left: autoDraw = True
99.2273 	EXP 	right: autoDraw = True
99.2273 	EXP 	up: autoDraw = True
99.2273 	EXP 	down: autoDraw = True
99.2440 	EXP 	center: autoDraw = True
99.2440 	EXP 	left: autoDraw = True
99.2440 	EXP 	right: autoDraw = True
99.2440 	EXP 	up: autoDraw = True
99.2440 	EXP 	down: autoDraw = True
99.2607 	EXP 	center: autoDraw = True
99.2607 	EXP 	left: autoDraw = True
99.2607 	EXP 	right: autoDraw = True
99.2607 	EXP 	up: autoDraw = True
99.2607 	EXP 	down: autoDraw = True
99.2771 	EXP 	center: autoDraw = True
99.2771 	EXP 	left: autoDraw = True
99.2771 	EXP 	right: autoDraw = True
99.2771 	EXP 	up: autoDraw = True
99.2771 	EXP 	down: autoDraw = True
99.2939 	EXP 	center: autoDraw = True
99.2939 	EXP 	left: autoDraw = True
99.2939 	EXP 	right: autoDraw = True
99.2939 	EXP 	up: autoDraw = True
99.2939 	EXP 	down: autoDraw = True
99.3107 	EXP 	center: autoDraw = True
99.3107 	EXP 	left: autoDraw = True
99.3107 	EXP 	right: autoDraw = True
99.3107 	EXP 	up: autoDraw = True
99.3107 	EXP 	down: autoDraw = True
99.3269 	EXP 	center: autoDraw = True
99.3269 	EXP 	left: autoDraw = True
99.3269 	EXP 	right: autoDraw = True
99.3269 	EXP 	up: autoDraw = True
99.3269 	EXP 	down: autoDraw = True
99.3439 	EXP 	center: autoDraw = True
99.3439 	EXP 	left: autoDraw = True
99.3439 	EXP 	right: autoDraw = True
99.3439 	EXP 	up: autoDraw = True
99.3439 	EXP 	down: autoDraw = True
99.3602 	EXP 	center: autoDraw = True
99.3602 	EXP 	left: autoDraw = True
99.3602 	EXP 	right: autoDraw = True
99.3602 	EXP 	up: autoDraw = True
99.3602 	EXP 	down: autoDraw = True
99.3771 	EXP 	center: autoDraw = True
99.3771 	EXP 	left: autoDraw = True
99.3771 	EXP 	right: autoDraw = True
99.3771 	EXP 	up: autoDraw = True
99.3771 	EXP 	down: autoDraw = True
99.3939 	EXP 	center: autoDraw = True
99.3939 	EXP 	left: autoDraw = True
99.3939 	EXP 	right: autoDraw = True
99.3939 	EXP 	up: autoDraw = True
99.3939 	EXP 	down: autoDraw = True
99.4107 	EXP 	center: autoDraw = True
99.4107 	EXP 	left: autoDraw = True
99.4107 	EXP 	right: autoDraw = True
99.4107 	EXP 	up: autoDraw = True
99.4107 	EXP 	down: autoDraw = True
99.4271 	EXP 	center: autoDraw = True
99.4271 	EXP 	left: autoDraw = True
99.4271 	EXP 	right: autoDraw = True
99.4271 	EXP 	up: autoDraw = True
99.4271 	EXP 	down: autoDraw = True
99.4439 	EXP 	center: autoDraw = True
99.4439 	EXP 	left: autoDraw = True
99.4439 	EXP 	right: autoDraw = True
99.4439 	EXP 	up: autoDraw = True
99.4439 	EXP 	down: autoDraw = True
99.4606 	EXP 	center: autoDraw = True
99.4606 	EXP 	left: autoDraw = True
99.4606 	EXP 	right: autoDraw = True
99.4606 	EXP 	up: autoDraw = True
99.4606 	EXP 	down: autoDraw = True
99.4764 	EXP 	center: autoDraw = True
99.4764 	EXP 	left: autoDraw = True
99.4764 	EXP 	right: autoDraw = True
99.4764 	EXP 	up: autoDraw = True
99.4764 	EXP 	down: autoDraw = True
99.4938 	EXP 	center: autoDraw = True
99.4938 	EXP 	left: autoDraw = True
99.4938 	EXP 	right: autoDraw = True
99.4938 	EXP 	up: autoDraw = True
99.4938 	EXP 	down: autoDraw = True
99.5105 	EXP 	center: autoDraw = True
99.5105 	EXP 	left: autoDraw = True
99.5105 	EXP 	right: autoDraw = True
99.5105 	EXP 	up: autoDraw = True
99.5105 	EXP 	down: autoDraw = True
99.5274 	EXP 	center: autoDraw = True
99.5274 	EXP 	left: autoDraw = True
99.5274 	EXP 	right: autoDraw = True
99.5274 	EXP 	up: autoDraw = True
99.5274 	EXP 	down: autoDraw = True
99.5438 	EXP 	center: autoDraw = True
99.5438 	EXP 	left: autoDraw = True
99.5438 	EXP 	right: autoDraw = True
99.5438 	EXP 	up: autoDraw = True
99.5438 	EXP 	down: autoDraw = True
99.5606 	EXP 	center: autoDraw = True
99.5606 	EXP 	left: autoDraw = True
99.5606 	EXP 	right: autoDraw = True
99.5606 	EXP 	up: autoDraw = True
99.5606 	EXP 	down: autoDraw = True
99.5774 	EXP 	center: autoDraw = True
99.5774 	EXP 	left: autoDraw = True
99.5774 	EXP 	right: autoDraw = True
99.5774 	EXP 	up: autoDraw = True
99.5774 	EXP 	down: autoDraw = True
99.5938 	EXP 	center: autoDraw = True
99.5938 	EXP 	left: autoDraw = True
99.5938 	EXP 	right: autoDraw = True
99.5938 	EXP 	up: autoDraw = True
99.5938 	EXP 	down: autoDraw = True
99.6104 	EXP 	center: autoDraw = True
99.6104 	EXP 	left: autoDraw = True
99.6104 	EXP 	right: autoDraw = True
99.6104 	EXP 	up: autoDraw = True
99.6104 	EXP 	down: autoDraw = True
99.6272 	EXP 	center: autoDraw = True
99.6272 	EXP 	left: autoDraw = True
99.6272 	EXP 	right: autoDraw = True
99.6272 	EXP 	up: autoDraw = True
99.6272 	EXP 	down: autoDraw = True
99.6439 	EXP 	center: autoDraw = True
99.6439 	EXP 	left: autoDraw = True
99.6439 	EXP 	right: autoDraw = True
99.6439 	EXP 	up: autoDraw = True
99.6439 	EXP 	down: autoDraw = True
99.6607 	EXP 	center: autoDraw = True
99.6607 	EXP 	left: autoDraw = True
99.6607 	EXP 	right: autoDraw = True
99.6607 	EXP 	up: autoDraw = True
99.6607 	EXP 	down: autoDraw = True
99.6770 	EXP 	center: autoDraw = True
99.6770 	EXP 	left: autoDraw = True
99.6770 	EXP 	right: autoDraw = True
99.6770 	EXP 	up: autoDraw = True
99.6770 	EXP 	down: autoDraw = True
99.6939 	EXP 	center: autoDraw = True
99.6939 	EXP 	left: autoDraw = True
99.6939 	EXP 	right: autoDraw = True
99.6939 	EXP 	up: autoDraw = True
99.6939 	EXP 	down: autoDraw = True
99.6940 	DATA 	wsqS
99.7104 	EXP 	center: autoDraw = True
99.7104 	EXP 	left: autoDraw = True
99.7104 	EXP 	right: autoDraw = True
99.7104 	EXP 	up: autoDraw = True
99.7104 	EXP 	down: autoDraw = True
99.7104 	EXP 	whitesquare: autoDraw = True
99.7271 	EXP 	center: autoDraw = True
99.7271 	EXP 	left: autoDraw = True
99.7271 	EXP 	right: autoDraw = True
99.7271 	EXP 	up: autoDraw = True
99.7271 	EXP 	down: autoDraw = True
99.7271 	EXP 	whitesquare: autoDraw = False
99.7435 	EXP 	center: autoDraw = True
99.7435 	EXP 	left: autoDraw = True
99.7435 	EXP 	right: autoDraw = True
99.7435 	EXP 	up: autoDraw = True
99.7435 	EXP 	down: autoDraw = True
99.7604 	EXP 	center: autoDraw = True
99.7604 	EXP 	left: autoDraw = True
99.7604 	EXP 	right: autoDraw = True
99.7604 	EXP 	up: autoDraw = True
99.7604 	EXP 	down: autoDraw = True
99.7771 	EXP 	center: autoDraw = True
99.7771 	EXP 	left: autoDraw = True
99.7771 	EXP 	right: autoDraw = True
99.7771 	EXP 	up: autoDraw = True
99.7771 	EXP 	down: autoDraw = True
99.7940 	EXP 	center: autoDraw = True
99.7940 	EXP 	left: autoDraw = True
99.7940 	EXP 	right: autoDraw = True
99.7940 	EXP 	up: autoDraw = True
99.7940 	EXP 	down: autoDraw = True
99.8104 	EXP 	center: autoDraw = True
99.8104 	EXP 	left: autoDraw = True
99.8104 	EXP 	right: autoDraw = True
99.8104 	EXP 	up: autoDraw = True
99.8104 	EXP 	down: autoDraw = True
99.8273 	EXP 	center: autoDraw = True
99.8273 	EXP 	left: autoDraw = True
99.8273 	EXP 	right: autoDraw = True
99.8273 	EXP 	up: autoDraw = True
99.8273 	EXP 	down: autoDraw = True
99.8440 	EXP 	center: autoDraw = True
99.8440 	EXP 	left: autoDraw = True
99.8440 	EXP 	right: autoDraw = True
99.8440 	EXP 	up: autoDraw = True
99.8440 	EXP 	down: autoDraw = True
99.8606 	EXP 	center: autoDraw = True
99.8606 	EXP 	left: autoDraw = True
99.8606 	EXP 	right: autoDraw = True
99.8606 	EXP 	up: autoDraw = True
99.8606 	EXP 	down: autoDraw = True
99.8773 	EXP 	center: autoDraw = True
99.8773 	EXP 	left: autoDraw = True
99.8773 	EXP 	right: autoDraw = True
99.8773 	EXP 	up: autoDraw = True
99.8773 	EXP 	down: autoDraw = True
99.8937 	EXP 	center: autoDraw = True
99.8937 	EXP 	left: autoDraw = True
99.8937 	EXP 	right: autoDraw = True
99.8937 	EXP 	up: autoDraw = True
99.8937 	EXP 	down: autoDraw = True
99.9106 	EXP 	center: autoDraw = True
99.9106 	EXP 	left: autoDraw = True
99.9106 	EXP 	right: autoDraw = True
99.9106 	EXP 	up: autoDraw = True
99.9106 	EXP 	down: autoDraw = True
99.9273 	EXP 	center: autoDraw = True
99.9273 	EXP 	left: autoDraw = True
99.9273 	EXP 	right: autoDraw = True
99.9273 	EXP 	up: autoDraw = True
99.9273 	EXP 	down: autoDraw = True
99.9435 	EXP 	center: autoDraw = True
99.9435 	EXP 	left: autoDraw = True
99.9435 	EXP 	right: autoDraw = True
99.9435 	EXP 	up: autoDraw = True
99.9435 	EXP 	down: autoDraw = True
99.9605 	EXP 	center: autoDraw = True
99.9605 	EXP 	left: autoDraw = True
99.9605 	EXP 	right: autoDraw = True
99.9605 	EXP 	up: autoDraw = True
99.9605 	EXP 	down: autoDraw = True
99.9773 	EXP 	center: autoDraw = True
99.9773 	EXP 	left: autoDraw = True
99.9773 	EXP 	right: autoDraw = True
99.9773 	EXP 	up: autoDraw = True
99.9773 	EXP 	down: autoDraw = True
99.9940 	EXP 	center: autoDraw = True
99.9940 	EXP 	left: autoDraw = True
99.9940 	EXP 	right: autoDraw = True
99.9940 	EXP 	up: autoDraw = True
99.9940 	EXP 	down: autoDraw = True
100.0104 	EXP 	center: autoDraw = True
100.0104 	EXP 	left: autoDraw = True
100.0104 	EXP 	right: autoDraw = True
100.0104 	EXP 	up: autoDraw = True
100.0104 	EXP 	down: autoDraw = True
100.0271 	EXP 	center: autoDraw = True
100.0271 	EXP 	left: autoDraw = True
100.0271 	EXP 	right: autoDraw = True
100.0271 	EXP 	up: autoDraw = True
100.0271 	EXP 	down: autoDraw = True
100.0438 	EXP 	center: autoDraw = True
100.0438 	EXP 	left: autoDraw = True
100.0438 	EXP 	right: autoDraw = True
100.0438 	EXP 	up: autoDraw = True
100.0438 	EXP 	down: autoDraw = True
100.0607 	EXP 	center: autoDraw = True
100.0607 	EXP 	left: autoDraw = True
100.0607 	EXP 	right: autoDraw = True
100.0607 	EXP 	up: autoDraw = True
100.0607 	EXP 	down: autoDraw = True
100.0771 	EXP 	center: autoDraw = True
100.0771 	EXP 	left: autoDraw = True
100.0771 	EXP 	right: autoDraw = True
100.0771 	EXP 	up: autoDraw = True
100.0771 	EXP 	down: autoDraw = True
100.0939 	EXP 	center: autoDraw = True
100.0939 	EXP 	left: autoDraw = True
100.0939 	EXP 	right: autoDraw = True
100.0939 	EXP 	up: autoDraw = True
100.0939 	EXP 	down: autoDraw = True
100.1103 	EXP 	center: autoDraw = True
100.1103 	EXP 	left: autoDraw = True
100.1103 	EXP 	right: autoDraw = True
100.1103 	EXP 	up: autoDraw = True
100.1103 	EXP 	down: autoDraw = True
100.1264 	EXP 	center: autoDraw = True
100.1264 	EXP 	left: autoDraw = True
100.1264 	EXP 	right: autoDraw = True
100.1264 	EXP 	up: autoDraw = True
100.1264 	EXP 	down: autoDraw = True
100.1438 	EXP 	center: autoDraw = True
100.1438 	EXP 	left: autoDraw = True
100.1438 	EXP 	right: autoDraw = True
100.1438 	EXP 	up: autoDraw = True
100.1438 	EXP 	down: autoDraw = True
100.1606 	EXP 	center: autoDraw = True
100.1606 	EXP 	left: autoDraw = True
100.1606 	EXP 	right: autoDraw = True
100.1606 	EXP 	up: autoDraw = True
100.1606 	EXP 	down: autoDraw = True
100.1770 	EXP 	center: autoDraw = True
100.1770 	EXP 	left: autoDraw = True
100.1770 	EXP 	right: autoDraw = True
100.1770 	EXP 	up: autoDraw = True
100.1770 	EXP 	down: autoDraw = True
100.1938 	EXP 	center: autoDraw = True
100.1938 	EXP 	left: autoDraw = True
100.1938 	EXP 	right: autoDraw = True
100.1938 	EXP 	up: autoDraw = True
100.1938 	EXP 	down: autoDraw = True
100.2104 	EXP 	center: autoDraw = True
100.2104 	EXP 	left: autoDraw = True
100.2104 	EXP 	right: autoDraw = True
100.2104 	EXP 	up: autoDraw = True
100.2104 	EXP 	down: autoDraw = True
100.2271 	EXP 	center: autoDraw = True
100.2271 	EXP 	left: autoDraw = True
100.2271 	EXP 	right: autoDraw = True
100.2271 	EXP 	up: autoDraw = True
100.2271 	EXP 	down: autoDraw = True
100.2439 	EXP 	center: autoDraw = True
100.2439 	EXP 	left: autoDraw = True
100.2439 	EXP 	right: autoDraw = True
100.2439 	EXP 	up: autoDraw = True
100.2439 	EXP 	down: autoDraw = True
100.2604 	EXP 	center: autoDraw = True
100.2604 	EXP 	left: autoDraw = True
100.2604 	EXP 	right: autoDraw = True
100.2604 	EXP 	up: autoDraw = True
100.2604 	EXP 	down: autoDraw = True
100.2772 	EXP 	center: autoDraw = True
100.2772 	EXP 	left: autoDraw = True
100.2772 	EXP 	right: autoDraw = True
100.2772 	EXP 	up: autoDraw = True
100.2772 	EXP 	down: autoDraw = True
100.2938 	EXP 	center: autoDraw = True
100.2938 	EXP 	left: autoDraw = True
100.2938 	EXP 	right: autoDraw = True
100.2938 	EXP 	up: autoDraw = True
100.2938 	EXP 	down: autoDraw = True
100.3106 	EXP 	center: autoDraw = True
100.3106 	EXP 	left: autoDraw = True
100.3106 	EXP 	right: autoDraw = True
100.3106 	EXP 	up: autoDraw = True
100.3106 	EXP 	down: autoDraw = True
100.3270 	EXP 	center: autoDraw = True
100.3270 	EXP 	left: autoDraw = True
100.3270 	EXP 	right: autoDraw = True
100.3270 	EXP 	up: autoDraw = True
100.3270 	EXP 	down: autoDraw = True
100.3438 	EXP 	center: autoDraw = True
100.3438 	EXP 	left: autoDraw = True
100.3438 	EXP 	right: autoDraw = True
100.3438 	EXP 	up: autoDraw = True
100.3438 	EXP 	down: autoDraw = True
100.3600 	EXP 	center: autoDraw = True
100.3600 	EXP 	left: autoDraw = True
100.3600 	EXP 	right: autoDraw = True
100.3600 	EXP 	up: autoDraw = True
100.3600 	EXP 	down: autoDraw = True
100.3770 	EXP 	center: autoDraw = True
100.3770 	EXP 	left: autoDraw = True
100.3770 	EXP 	right: autoDraw = True
100.3770 	EXP 	up: autoDraw = True
100.3770 	EXP 	down: autoDraw = True
100.3933 	EXP 	center: autoDraw = True
100.3933 	EXP 	left: autoDraw = True
100.3933 	EXP 	right: autoDraw = True
100.3933 	EXP 	up: autoDraw = True
100.3933 	EXP 	down: autoDraw = True
100.4104 	EXP 	center: autoDraw = True
100.4104 	EXP 	left: autoDraw = True
100.4104 	EXP 	right: autoDraw = True
100.4104 	EXP 	up: autoDraw = True
100.4104 	EXP 	down: autoDraw = True
100.4272 	EXP 	center: autoDraw = True
100.4272 	EXP 	left: autoDraw = True
100.4272 	EXP 	right: autoDraw = True
100.4272 	EXP 	up: autoDraw = True
100.4272 	EXP 	down: autoDraw = True
100.4439 	EXP 	center: autoDraw = True
100.4439 	EXP 	left: autoDraw = True
100.4439 	EXP 	right: autoDraw = True
100.4439 	EXP 	up: autoDraw = True
100.4439 	EXP 	down: autoDraw = True
100.4604 	EXP 	center: autoDraw = True
100.4604 	EXP 	left: autoDraw = True
100.4604 	EXP 	right: autoDraw = True
100.4604 	EXP 	up: autoDraw = True
100.4604 	EXP 	down: autoDraw = True
100.4774 	EXP 	center: autoDraw = True
100.4774 	EXP 	left: autoDraw = True
100.4774 	EXP 	right: autoDraw = True
100.4774 	EXP 	up: autoDraw = True
100.4774 	EXP 	down: autoDraw = True
100.4937 	EXP 	center: autoDraw = True
100.4937 	EXP 	left: autoDraw = True
100.4937 	EXP 	right: autoDraw = True
100.4937 	EXP 	up: autoDraw = True
100.4937 	EXP 	down: autoDraw = True
100.5096 	EXP 	center: autoDraw = True
100.5096 	EXP 	left: autoDraw = True
100.5096 	EXP 	right: autoDraw = True
100.5096 	EXP 	up: autoDraw = True
100.5096 	EXP 	down: autoDraw = True
100.5270 	EXP 	center: autoDraw = True
100.5270 	EXP 	left: autoDraw = True
100.5270 	EXP 	right: autoDraw = True
100.5270 	EXP 	up: autoDraw = True
100.5270 	EXP 	down: autoDraw = True
100.5439 	EXP 	center: autoDraw = True
100.5439 	EXP 	left: autoDraw = True
100.5439 	EXP 	right: autoDraw = True
100.5439 	EXP 	up: autoDraw = True
100.5439 	EXP 	down: autoDraw = True
100.5598 	EXP 	center: autoDraw = True
100.5598 	EXP 	left: autoDraw = True
100.5598 	EXP 	right: autoDraw = True
100.5598 	EXP 	up: autoDraw = True
100.5598 	EXP 	down: autoDraw = True
100.5770 	EXP 	center: autoDraw = True
100.5770 	EXP 	left: autoDraw = True
100.5770 	EXP 	right: autoDraw = True
100.5770 	EXP 	up: autoDraw = True
100.5770 	EXP 	down: autoDraw = True
100.5938 	EXP 	center: autoDraw = True
100.5938 	EXP 	left: autoDraw = True
100.5938 	EXP 	right: autoDraw = True
100.5938 	EXP 	up: autoDraw = True
100.5938 	EXP 	down: autoDraw = True
100.6105 	EXP 	center: autoDraw = True
100.6105 	EXP 	left: autoDraw = True
100.6105 	EXP 	right: autoDraw = True
100.6105 	EXP 	up: autoDraw = True
100.6105 	EXP 	down: autoDraw = True
100.6270 	EXP 	center: autoDraw = True
100.6270 	EXP 	left: autoDraw = True
100.6270 	EXP 	right: autoDraw = True
100.6270 	EXP 	up: autoDraw = True
100.6270 	EXP 	down: autoDraw = True
100.6438 	EXP 	center: autoDraw = True
100.6438 	EXP 	left: autoDraw = True
100.6438 	EXP 	right: autoDraw = True
100.6438 	EXP 	up: autoDraw = True
100.6438 	EXP 	down: autoDraw = True
100.6605 	EXP 	center: autoDraw = True
100.6605 	EXP 	left: autoDraw = True
100.6605 	EXP 	right: autoDraw = True
100.6605 	EXP 	up: autoDraw = True
100.6605 	EXP 	down: autoDraw = True
100.6772 	EXP 	center: autoDraw = True
100.6772 	EXP 	left: autoDraw = True
100.6772 	EXP 	right: autoDraw = True
100.6772 	EXP 	up: autoDraw = True
100.6772 	EXP 	down: autoDraw = True
100.6940 	EXP 	center: autoDraw = True
100.6940 	EXP 	left: autoDraw = True
100.6940 	EXP 	right: autoDraw = True
100.6940 	EXP 	up: autoDraw = True
100.6940 	EXP 	down: autoDraw = True
100.7103 	EXP 	center: autoDraw = True
100.7103 	EXP 	left: autoDraw = True
100.7103 	EXP 	right: autoDraw = True
100.7103 	EXP 	up: autoDraw = True
100.7103 	EXP 	down: autoDraw = True
100.7270 	EXP 	center: autoDraw = True
100.7270 	EXP 	left: autoDraw = True
100.7270 	EXP 	right: autoDraw = True
100.7270 	EXP 	up: autoDraw = True
100.7270 	EXP 	down: autoDraw = True
100.7439 	EXP 	center: autoDraw = True
100.7439 	EXP 	left: autoDraw = True
100.7439 	EXP 	right: autoDraw = True
100.7439 	EXP 	up: autoDraw = True
100.7439 	EXP 	down: autoDraw = True
100.7604 	EXP 	center: autoDraw = True
100.7604 	EXP 	left: autoDraw = True
100.7604 	EXP 	right: autoDraw = True
100.7604 	EXP 	up: autoDraw = True
100.7604 	EXP 	down: autoDraw = True
100.7766 	EXP 	center: autoDraw = True
100.7766 	EXP 	left: autoDraw = True
100.7766 	EXP 	right: autoDraw = True
100.7766 	EXP 	up: autoDraw = True
100.7766 	EXP 	down: autoDraw = True
100.7936 	EXP 	center: autoDraw = True
100.7936 	EXP 	left: autoDraw = True
100.7936 	EXP 	right: autoDraw = True
100.7936 	EXP 	up: autoDraw = True
100.7936 	EXP 	down: autoDraw = True
100.8105 	EXP 	center: autoDraw = True
100.8105 	EXP 	left: autoDraw = True
100.8105 	EXP 	right: autoDraw = True
100.8105 	EXP 	up: autoDraw = True
100.8105 	EXP 	down: autoDraw = True
100.8272 	EXP 	center: autoDraw = True
100.8272 	EXP 	left: autoDraw = True
100.8272 	EXP 	right: autoDraw = True
100.8272 	EXP 	up: autoDraw = True
100.8272 	EXP 	down: autoDraw = True
100.8440 	EXP 	center: autoDraw = True
100.8440 	EXP 	left: autoDraw = True
100.8440 	EXP 	right: autoDraw = True
100.8440 	EXP 	up: autoDraw = True
100.8440 	EXP 	down: autoDraw = True
100.8603 	EXP 	center: autoDraw = True
100.8603 	EXP 	left: autoDraw = True
100.8603 	EXP 	right: autoDraw = True
100.8603 	EXP 	up: autoDraw = True
100.8603 	EXP 	down: autoDraw = True
100.8770 	EXP 	center: autoDraw = True
100.8770 	EXP 	left: autoDraw = True
100.8770 	EXP 	right: autoDraw = True
100.8770 	EXP 	up: autoDraw = True
100.8770 	EXP 	down: autoDraw = True
100.8938 	EXP 	center: autoDraw = True
100.8938 	EXP 	left: autoDraw = True
100.8938 	EXP 	right: autoDraw = True
100.8938 	EXP 	up: autoDraw = True
100.8938 	EXP 	down: autoDraw = True
100.9106 	EXP 	center: autoDraw = True
100.9106 	EXP 	left: autoDraw = True
100.9106 	EXP 	right: autoDraw = True
100.9106 	EXP 	up: autoDraw = True
100.9106 	EXP 	down: autoDraw = True
100.9270 	EXP 	center: autoDraw = True
100.9270 	EXP 	left: autoDraw = True
100.9270 	EXP 	right: autoDraw = True
100.9270 	EXP 	up: autoDraw = True
100.9270 	EXP 	down: autoDraw = True
100.9437 	EXP 	center: autoDraw = True
100.9437 	EXP 	left: autoDraw = True
100.9437 	EXP 	right: autoDraw = True
100.9437 	EXP 	up: autoDraw = True
100.9437 	EXP 	down: autoDraw = True
100.9605 	EXP 	center: autoDraw = True
100.9605 	EXP 	left: autoDraw = True
100.9605 	EXP 	right: autoDraw = True
100.9605 	EXP 	up: autoDraw = True
100.9605 	EXP 	down: autoDraw = True
100.9769 	EXP 	center: autoDraw = True
100.9769 	EXP 	left: autoDraw = True
100.9769 	EXP 	right: autoDraw = True
100.9769 	EXP 	up: autoDraw = True
100.9769 	EXP 	down: autoDraw = True
100.9936 	EXP 	center: autoDraw = True
100.9936 	EXP 	left: autoDraw = True
100.9936 	EXP 	right: autoDraw = True
100.9936 	EXP 	up: autoDraw = True
100.9936 	EXP 	down: autoDraw = True
101.0106 	EXP 	center: autoDraw = True
101.0106 	EXP 	left: autoDraw = True
101.0106 	EXP 	right: autoDraw = True
101.0106 	EXP 	up: autoDraw = True
101.0106 	EXP 	down: autoDraw = True
101.0269 	EXP 	center: autoDraw = True
101.0269 	EXP 	left: autoDraw = True
101.0269 	EXP 	right: autoDraw = True
101.0269 	EXP 	up: autoDraw = True
101.0269 	EXP 	down: autoDraw = True
101.0436 	EXP 	center: autoDraw = True
101.0436 	EXP 	left: autoDraw = True
101.0436 	EXP 	right: autoDraw = True
101.0436 	EXP 	up: autoDraw = True
101.0436 	EXP 	down: autoDraw = True
101.0603 	EXP 	center: autoDraw = True
101.0603 	EXP 	left: autoDraw = True
101.0603 	EXP 	right: autoDraw = True
101.0603 	EXP 	up: autoDraw = True
101.0603 	EXP 	down: autoDraw = True
101.0771 	EXP 	center: autoDraw = True
101.0771 	EXP 	left: autoDraw = True
101.0771 	EXP 	right: autoDraw = True
101.0771 	EXP 	up: autoDraw = True
101.0771 	EXP 	down: autoDraw = True
101.0938 	EXP 	center: autoDraw = True
101.0938 	EXP 	left: autoDraw = True
101.0938 	EXP 	right: autoDraw = True
101.0938 	EXP 	up: autoDraw = True
101.0938 	EXP 	down: autoDraw = True
101.1102 	EXP 	center: autoDraw = True
101.1102 	EXP 	left: autoDraw = True
101.1102 	EXP 	right: autoDraw = True
101.1102 	EXP 	up: autoDraw = True
101.1102 	EXP 	down: autoDraw = True
101.1271 	EXP 	center: autoDraw = True
101.1271 	EXP 	left: autoDraw = True
101.1271 	EXP 	right: autoDraw = True
101.1271 	EXP 	up: autoDraw = True
101.1271 	EXP 	down: autoDraw = True
101.1439 	EXP 	center: autoDraw = True
101.1439 	EXP 	left: autoDraw = True
101.1439 	EXP 	right: autoDraw = True
101.1439 	EXP 	up: autoDraw = True
101.1439 	EXP 	down: autoDraw = True
101.1598 	EXP 	center: autoDraw = True
101.1598 	EXP 	left: autoDraw = True
101.1598 	EXP 	right: autoDraw = True
101.1598 	EXP 	up: autoDraw = True
101.1598 	EXP 	down: autoDraw = True
101.1770 	EXP 	center: autoDraw = True
101.1770 	EXP 	left: autoDraw = True
101.1770 	EXP 	right: autoDraw = True
101.1770 	EXP 	up: autoDraw = True
101.1770 	EXP 	down: autoDraw = True
101.1938 	EXP 	center: autoDraw = True
101.1938 	EXP 	left: autoDraw = True
101.1938 	EXP 	right: autoDraw = True
101.1938 	EXP 	up: autoDraw = True
101.1938 	EXP 	down: autoDraw = True
101.2105 	EXP 	center: autoDraw = True
101.2105 	EXP 	left: autoDraw = True
101.2105 	EXP 	right: autoDraw = True
101.2105 	EXP 	up: autoDraw = True
101.2105 	EXP 	down: autoDraw = True
101.2273 	EXP 	center: autoDraw = True
101.2273 	EXP 	left: autoDraw = True
101.2273 	EXP 	right: autoDraw = True
101.2273 	EXP 	up: autoDraw = True
101.2273 	EXP 	down: autoDraw = True
101.2436 	EXP 	center: autoDraw = True
101.2436 	EXP 	left: autoDraw = True
101.2436 	EXP 	right: autoDraw = True
101.2436 	EXP 	up: autoDraw = True
101.2436 	EXP 	down: autoDraw = True
101.2604 	EXP 	center: autoDraw = True
101.2604 	EXP 	left: autoDraw = True
101.2604 	EXP 	right: autoDraw = True
101.2604 	EXP 	up: autoDraw = True
101.2604 	EXP 	down: autoDraw = True
101.2773 	EXP 	center: autoDraw = True
101.2773 	EXP 	left: autoDraw = True
101.2773 	EXP 	right: autoDraw = True
101.2773 	EXP 	up: autoDraw = True
101.2773 	EXP 	down: autoDraw = True
101.2936 	EXP 	center: autoDraw = True
101.2936 	EXP 	left: autoDraw = True
101.2936 	EXP 	right: autoDraw = True
101.2936 	EXP 	up: autoDraw = True
101.2936 	EXP 	down: autoDraw = True
101.3104 	EXP 	center: autoDraw = True
101.3104 	EXP 	left: autoDraw = True
101.3104 	EXP 	right: autoDraw = True
101.3104 	EXP 	up: autoDraw = True
101.3104 	EXP 	down: autoDraw = True
101.3271 	EXP 	center: autoDraw = True
101.3271 	EXP 	left: autoDraw = True
101.3271 	EXP 	right: autoDraw = True
101.3271 	EXP 	up: autoDraw = True
101.3271 	EXP 	down: autoDraw = True
101.3439 	EXP 	center: autoDraw = True
101.3439 	EXP 	left: autoDraw = True
101.3439 	EXP 	right: autoDraw = True
101.3439 	EXP 	up: autoDraw = True
101.3439 	EXP 	down: autoDraw = True
101.3600 	EXP 	center: autoDraw = True
101.3600 	EXP 	left: autoDraw = True
101.3600 	EXP 	right: autoDraw = True
101.3600 	EXP 	up: autoDraw = True
101.3600 	EXP 	down: autoDraw = True
101.3771 	EXP 	center: autoDraw = True
101.3771 	EXP 	left: autoDraw = True
101.3771 	EXP 	right: autoDraw = True
101.3771 	EXP 	up: autoDraw = True
101.3771 	EXP 	down: autoDraw = True
101.3931 	EXP 	center: autoDraw = True
101.3931 	EXP 	left: autoDraw = True
101.3931 	EXP 	right: autoDraw = True
101.3931 	EXP 	up: autoDraw = True
101.3931 	EXP 	down: autoDraw = True
101.4102 	EXP 	center: autoDraw = True
101.4102 	EXP 	left: autoDraw = True
101.4102 	EXP 	right: autoDraw = True
101.4102 	EXP 	up: autoDraw = True
101.4102 	EXP 	down: autoDraw = True
101.4271 	EXP 	center: autoDraw = True
101.4271 	EXP 	left: autoDraw = True
101.4271 	EXP 	right: autoDraw = True
101.4271 	EXP 	up: autoDraw = True
101.4271 	EXP 	down: autoDraw = True
101.4440 	EXP 	center: autoDraw = True
101.4440 	EXP 	left: autoDraw = True
101.4440 	EXP 	right: autoDraw = True
101.4440 	EXP 	up: autoDraw = True
101.4440 	EXP 	down: autoDraw = True
101.4603 	EXP 	center: autoDraw = True
101.4603 	EXP 	left: autoDraw = True
101.4603 	EXP 	right: autoDraw = True
101.4603 	EXP 	up: autoDraw = True
101.4603 	EXP 	down: autoDraw = True
101.4771 	EXP 	center: autoDraw = True
101.4771 	EXP 	left: autoDraw = True
101.4771 	EXP 	right: autoDraw = True
101.4771 	EXP 	up: autoDraw = True
101.4771 	EXP 	down: autoDraw = True
101.4937 	EXP 	center: autoDraw = True
101.4937 	EXP 	left: autoDraw = True
101.4937 	EXP 	right: autoDraw = True
101.4937 	EXP 	up: autoDraw = True
101.4937 	EXP 	down: autoDraw = True
101.5102 	EXP 	center: autoDraw = True
101.5102 	EXP 	left: autoDraw = True
101.5102 	EXP 	right: autoDraw = True
101.5102 	EXP 	up: autoDraw = True
101.5102 	EXP 	down: autoDraw = True
101.5269 	EXP 	center: autoDraw = True
101.5269 	EXP 	left: autoDraw = True
101.5269 	EXP 	right: autoDraw = True
101.5269 	EXP 	up: autoDraw = True
101.5269 	EXP 	down: autoDraw = True
101.5429 	EXP 	center: autoDraw = True
101.5429 	EXP 	left: autoDraw = True
101.5429 	EXP 	right: autoDraw = True
101.5429 	EXP 	up: autoDraw = True
101.5429 	EXP 	down: autoDraw = True
101.5602 	EXP 	center: autoDraw = True
101.5602 	EXP 	left: autoDraw = True
101.5602 	EXP 	right: autoDraw = True
101.5602 	EXP 	up: autoDraw = True
101.5602 	EXP 	down: autoDraw = True
101.5770 	EXP 	center: autoDraw = True
101.5770 	EXP 	left: autoDraw = True
101.5770 	EXP 	right: autoDraw = True
101.5770 	EXP 	up: autoDraw = True
101.5770 	EXP 	down: autoDraw = True
101.5937 	EXP 	center: autoDraw = True
101.5937 	EXP 	left: autoDraw = True
101.5937 	EXP 	right: autoDraw = True
101.5937 	EXP 	up: autoDraw = True
101.5937 	EXP 	down: autoDraw = True
101.6104 	EXP 	center: autoDraw = True
101.6104 	EXP 	left: autoDraw = True
101.6104 	EXP 	right: autoDraw = True
101.6104 	EXP 	up: autoDraw = True
101.6104 	EXP 	down: autoDraw = True
101.6273 	EXP 	center: autoDraw = True
101.6273 	EXP 	left: autoDraw = True
101.6273 	EXP 	right: autoDraw = True
101.6273 	EXP 	up: autoDraw = True
101.6273 	EXP 	down: autoDraw = True
101.6435 	EXP 	center: autoDraw = True
101.6435 	EXP 	left: autoDraw = True
101.6435 	EXP 	right: autoDraw = True
101.6435 	EXP 	up: autoDraw = True
101.6435 	EXP 	down: autoDraw = True
101.6603 	EXP 	center: autoDraw = True
101.6603 	EXP 	left: autoDraw = True
101.6603 	EXP 	right: autoDraw = True
101.6603 	EXP 	up: autoDraw = True
101.6603 	EXP 	down: autoDraw = True
101.6771 	EXP 	center: autoDraw = True
101.6771 	EXP 	left: autoDraw = True
101.6771 	EXP 	right: autoDraw = True
101.6771 	EXP 	up: autoDraw = True
101.6771 	EXP 	down: autoDraw = True
101.6937 	EXP 	center: autoDraw = True
101.6937 	EXP 	left: autoDraw = True
101.6937 	EXP 	right: autoDraw = True
101.6937 	EXP 	up: autoDraw = True
101.6937 	EXP 	down: autoDraw = True
101.7106 	EXP 	center: autoDraw = True
101.7106 	EXP 	left: autoDraw = True
101.7106 	EXP 	right: autoDraw = True
101.7106 	EXP 	up: autoDraw = True
101.7106 	EXP 	down: autoDraw = True
101.7269 	EXP 	center: autoDraw = True
101.7269 	EXP 	left: autoDraw = True
101.7269 	EXP 	right: autoDraw = True
101.7269 	EXP 	up: autoDraw = True
101.7269 	EXP 	down: autoDraw = True
101.7438 	EXP 	center: autoDraw = True
101.7438 	EXP 	left: autoDraw = True
101.7438 	EXP 	right: autoDraw = True
101.7438 	EXP 	up: autoDraw = True
101.7438 	EXP 	down: autoDraw = True
101.7605 	EXP 	center: autoDraw = True
101.7605 	EXP 	left: autoDraw = True
101.7605 	EXP 	right: autoDraw = True
101.7605 	EXP 	up: autoDraw = True
101.7605 	EXP 	down: autoDraw = True
101.7769 	EXP 	center: autoDraw = True
101.7769 	EXP 	left: autoDraw = True
101.7769 	EXP 	right: autoDraw = True
101.7769 	EXP 	up: autoDraw = True
101.7769 	EXP 	down: autoDraw = True
101.7937 	EXP 	center: autoDraw = True
101.7937 	EXP 	left: autoDraw = True
101.7937 	EXP 	right: autoDraw = True
101.7937 	EXP 	up: autoDraw = True
101.7937 	EXP 	down: autoDraw = True
101.8099 	EXP 	center: autoDraw = True
101.8099 	EXP 	left: autoDraw = True
101.8099 	EXP 	right: autoDraw = True
101.8099 	EXP 	up: autoDraw = True
101.8099 	EXP 	down: autoDraw = True
101.8269 	EXP 	center: autoDraw = True
101.8269 	EXP 	left: autoDraw = True
101.8269 	EXP 	right: autoDraw = True
101.8269 	EXP 	up: autoDraw = True
101.8269 	EXP 	down: autoDraw = True
101.8437 	EXP 	center: autoDraw = True
101.8437 	EXP 	left: autoDraw = True
101.8437 	EXP 	right: autoDraw = True
101.8437 	EXP 	up: autoDraw = True
101.8437 	EXP 	down: autoDraw = True
101.8604 	EXP 	center: autoDraw = True
101.8604 	EXP 	left: autoDraw = True
101.8604 	EXP 	right: autoDraw = True
101.8604 	EXP 	up: autoDraw = True
101.8604 	EXP 	down: autoDraw = True
101.8773 	EXP 	center: autoDraw = True
101.8773 	EXP 	left: autoDraw = True
101.8773 	EXP 	right: autoDraw = True
101.8773 	EXP 	up: autoDraw = True
101.8773 	EXP 	down: autoDraw = True
101.8937 	EXP 	center: autoDraw = True
101.8937 	EXP 	left: autoDraw = True
101.8937 	EXP 	right: autoDraw = True
101.8937 	EXP 	up: autoDraw = True
101.8937 	EXP 	down: autoDraw = True
101.9105 	EXP 	center: autoDraw = True
101.9105 	EXP 	left: autoDraw = True
101.9105 	EXP 	right: autoDraw = True
101.9105 	EXP 	up: autoDraw = True
101.9105 	EXP 	down: autoDraw = True
101.9271 	EXP 	center: autoDraw = True
101.9271 	EXP 	left: autoDraw = True
101.9271 	EXP 	right: autoDraw = True
101.9271 	EXP 	up: autoDraw = True
101.9271 	EXP 	down: autoDraw = True
101.9438 	EXP 	center: autoDraw = True
101.9438 	EXP 	left: autoDraw = True
101.9438 	EXP 	right: autoDraw = True
101.9438 	EXP 	up: autoDraw = True
101.9438 	EXP 	down: autoDraw = True
101.9603 	EXP 	center: autoDraw = True
101.9603 	EXP 	left: autoDraw = True
101.9603 	EXP 	right: autoDraw = True
101.9603 	EXP 	up: autoDraw = True
101.9603 	EXP 	down: autoDraw = True
101.9771 	EXP 	center: autoDraw = True
101.9771 	EXP 	left: autoDraw = True
101.9771 	EXP 	right: autoDraw = True
101.9771 	EXP 	up: autoDraw = True
101.9771 	EXP 	down: autoDraw = True
101.9931 	EXP 	center: autoDraw = True
101.9931 	EXP 	left: autoDraw = True
101.9931 	EXP 	right: autoDraw = True
101.9931 	EXP 	up: autoDraw = True
101.9931 	EXP 	down: autoDraw = True
102.0104 	EXP 	center: autoDraw = True
102.0104 	EXP 	left: autoDraw = True
102.0104 	EXP 	right: autoDraw = True
102.0104 	EXP 	up: autoDraw = True
102.0104 	EXP 	down: autoDraw = True
102.0271 	EXP 	center: autoDraw = True
102.0271 	EXP 	left: autoDraw = True
102.0271 	EXP 	right: autoDraw = True
102.0271 	EXP 	up: autoDraw = True
102.0271 	EXP 	down: autoDraw = True
102.0434 	EXP 	center: autoDraw = True
102.0434 	EXP 	left: autoDraw = True
102.0434 	EXP 	right: autoDraw = True
102.0434 	EXP 	up: autoDraw = True
102.0434 	EXP 	down: autoDraw = True
102.0603 	EXP 	center: autoDraw = True
102.0603 	EXP 	left: autoDraw = True
102.0603 	EXP 	right: autoDraw = True
102.0603 	EXP 	up: autoDraw = True
102.0603 	EXP 	down: autoDraw = True
102.0769 	EXP 	center: autoDraw = True
102.0769 	EXP 	left: autoDraw = True
102.0769 	EXP 	right: autoDraw = True
102.0769 	EXP 	up: autoDraw = True
102.0769 	EXP 	down: autoDraw = True
102.0938 	EXP 	center: autoDraw = True
102.0938 	EXP 	left: autoDraw = True
102.0938 	EXP 	right: autoDraw = True
102.0938 	EXP 	up: autoDraw = True
102.0938 	EXP 	down: autoDraw = True
102.1103 	EXP 	center: autoDraw = True
102.1103 	EXP 	left: autoDraw = True
102.1103 	EXP 	right: autoDraw = True
102.1103 	EXP 	up: autoDraw = True
102.1103 	EXP 	down: autoDraw = True
102.1269 	EXP 	center: autoDraw = True
102.1269 	EXP 	left: autoDraw = True
102.1269 	EXP 	right: autoDraw = True
102.1269 	EXP 	up: autoDraw = True
102.1269 	EXP 	down: autoDraw = True
102.1438 	EXP 	center: autoDraw = True
102.1438 	EXP 	left: autoDraw = True
102.1438 	EXP 	right: autoDraw = True
102.1438 	EXP 	up: autoDraw = True
102.1438 	EXP 	down: autoDraw = True
102.1602 	EXP 	center: autoDraw = True
102.1602 	EXP 	left: autoDraw = True
102.1602 	EXP 	right: autoDraw = True
102.1602 	EXP 	up: autoDraw = True
102.1602 	EXP 	down: autoDraw = True
102.1770 	EXP 	center: autoDraw = True
102.1770 	EXP 	left: autoDraw = True
102.1770 	EXP 	right: autoDraw = True
102.1770 	EXP 	up: autoDraw = True
102.1770 	EXP 	down: autoDraw = True
102.1931 	EXP 	center: autoDraw = True
102.1931 	EXP 	left: autoDraw = True
102.1931 	EXP 	right: autoDraw = True
102.1931 	EXP 	up: autoDraw = True
102.1931 	EXP 	down: autoDraw = True
102.2102 	EXP 	center: autoDraw = True
102.2102 	EXP 	left: autoDraw = True
102.2102 	EXP 	right: autoDraw = True
102.2102 	EXP 	up: autoDraw = True
102.2102 	EXP 	down: autoDraw = True
102.2269 	EXP 	center: autoDraw = True
102.2269 	EXP 	left: autoDraw = True
102.2269 	EXP 	right: autoDraw = True
102.2269 	EXP 	up: autoDraw = True
102.2269 	EXP 	down: autoDraw = True
102.2269 	EXP 	center: autoDraw = False
102.2269 	EXP 	left: autoDraw = False
102.2269 	EXP 	right: autoDraw = False
102.2269 	EXP 	up: autoDraw = False
102.2269 	EXP 	down: autoDraw = False
102.2437 	EXP 	center: autoDraw = True
102.2437 	EXP 	left: autoDraw = True
102.2437 	EXP 	right: autoDraw = True
102.2437 	EXP 	up: autoDraw = True
102.2437 	EXP 	down: autoDraw = True
102.2437 	EXP 	center: autoDraw = False
102.2437 	EXP 	left: autoDraw = False
102.2437 	EXP 	right: autoDraw = False
102.2437 	EXP 	up: autoDraw = False
102.2437 	EXP 	down: autoDraw = False
102.2603 	EXP 	center: autoDraw = True
102.2603 	EXP 	left: autoDraw = True
102.2603 	EXP 	right: autoDraw = True
102.2603 	EXP 	up: autoDraw = True
102.2603 	EXP 	down: autoDraw = True
102.2603 	EXP 	center: autoDraw = False
102.2603 	EXP 	left: autoDraw = False
102.2603 	EXP 	right: autoDraw = False
102.2603 	EXP 	up: autoDraw = False
102.2603 	EXP 	down: autoDraw = False
102.2770 	EXP 	center: autoDraw = True
102.2770 	EXP 	left: autoDraw = True
102.2770 	EXP 	right: autoDraw = True
102.2770 	EXP 	up: autoDraw = True
102.2770 	EXP 	down: autoDraw = True
102.2770 	EXP 	center: autoDraw = False
102.2770 	EXP 	left: autoDraw = False
102.2770 	EXP 	right: autoDraw = False
102.2770 	EXP 	up: autoDraw = False
102.2770 	EXP 	down: autoDraw = False
102.2936 	EXP 	center: autoDraw = True
102.2936 	EXP 	left: autoDraw = True
102.2936 	EXP 	right: autoDraw = True
102.2936 	EXP 	up: autoDraw = True
102.2936 	EXP 	down: autoDraw = True
102.2936 	EXP 	center: autoDraw = False
102.2936 	EXP 	left: autoDraw = False
102.2936 	EXP 	right: autoDraw = False
102.2936 	EXP 	up: autoDraw = False
102.2936 	EXP 	down: autoDraw = False
102.3103 	EXP 	center: autoDraw = True
102.3103 	EXP 	left: autoDraw = True
102.3103 	EXP 	right: autoDraw = True
102.3103 	EXP 	up: autoDraw = True
102.3103 	EXP 	down: autoDraw = True
102.3103 	EXP 	center: autoDraw = False
102.3103 	EXP 	left: autoDraw = False
102.3103 	EXP 	right: autoDraw = False
102.3103 	EXP 	up: autoDraw = False
102.3103 	EXP 	down: autoDraw = False
102.3270 	EXP 	center: autoDraw = True
102.3270 	EXP 	left: autoDraw = True
102.3270 	EXP 	right: autoDraw = True
102.3270 	EXP 	up: autoDraw = True
102.3270 	EXP 	down: autoDraw = True
102.3270 	EXP 	center: autoDraw = False
102.3270 	EXP 	left: autoDraw = False
102.3270 	EXP 	right: autoDraw = False
102.3270 	EXP 	up: autoDraw = False
102.3270 	EXP 	down: autoDraw = False
102.3438 	EXP 	center: autoDraw = True
102.3438 	EXP 	left: autoDraw = True
102.3438 	EXP 	right: autoDraw = True
102.3438 	EXP 	up: autoDraw = True
102.3438 	EXP 	down: autoDraw = True
102.3438 	EXP 	center: autoDraw = False
102.3438 	EXP 	left: autoDraw = False
102.3438 	EXP 	right: autoDraw = False
102.3438 	EXP 	up: autoDraw = False
102.3438 	EXP 	down: autoDraw = False
102.3603 	EXP 	center: autoDraw = True
102.3603 	EXP 	left: autoDraw = True
102.3603 	EXP 	right: autoDraw = True
102.3603 	EXP 	up: autoDraw = True
102.3603 	EXP 	down: autoDraw = True
102.3603 	EXP 	center: autoDraw = False
102.3603 	EXP 	left: autoDraw = False
102.3603 	EXP 	right: autoDraw = False
102.3603 	EXP 	up: autoDraw = False
102.3603 	EXP 	down: autoDraw = False
102.4599 	DATA 	oc_E | frame count: 850
102.4656 	EXP 	Set  sound=./sound/left_speak.wav
102.4658 	EXP 	Set  sound=./sound/right_speak.wav
102.4659 	EXP 	Set  sound=./sound/up_speak.wav
102.4660 	EXP 	Set  sound=./sound/down_speak.wav
102.4714 	DATA 	gazS | frame count: -1
102.4843 	EXP 	center: autoDraw = True
102.4843 	EXP 	left: autoDraw = True
102.4843 	EXP 	right: autoDraw = True
102.4843 	EXP 	up: autoDraw = True
102.4843 	EXP 	down: autoDraw = True
102.4843 	EXP 	center: autoDraw = False
102.4843 	EXP 	left: autoDraw = False
102.4843 	EXP 	right: autoDraw = False
102.4843 	EXP 	up: autoDraw = False
102.4843 	EXP 	down: autoDraw = False
102.4935 	EXP 	center: autoDraw = True
102.4935 	EXP 	left: autoDraw = True
102.4935 	EXP 	right: autoDraw = True
102.4935 	EXP 	up: autoDraw = True
102.4935 	EXP 	down: autoDraw = True
102.5104 	EXP 	center: autoDraw = True
102.5104 	EXP 	left: autoDraw = True
102.5104 	EXP 	right: autoDraw = True
102.5104 	EXP 	up: autoDraw = True
102.5104 	EXP 	down: autoDraw = True
102.5268 	EXP 	center: autoDraw = True
102.5268 	EXP 	left: autoDraw = True
102.5268 	EXP 	right: autoDraw = True
102.5268 	EXP 	up: autoDraw = True
102.5268 	EXP 	down: autoDraw = True
102.5438 	EXP 	center: autoDraw = True
102.5438 	EXP 	left: autoDraw = True
102.5438 	EXP 	right: autoDraw = True
102.5438 	EXP 	up: autoDraw = True
102.5438 	EXP 	down: autoDraw = True
102.5599 	EXP 	center: autoDraw = True
102.5599 	EXP 	left: autoDraw = True
102.5599 	EXP 	right: autoDraw = True
102.5599 	EXP 	up: autoDraw = True
102.5599 	EXP 	down: autoDraw = True
102.5762 	EXP 	center: autoDraw = True
102.5762 	EXP 	left: autoDraw = True
102.5762 	EXP 	right: autoDraw = True
102.5762 	EXP 	up: autoDraw = True
102.5762 	EXP 	down: autoDraw = True
102.5935 	EXP 	center: autoDraw = True
102.5935 	EXP 	left: autoDraw = True
102.5935 	EXP 	right: autoDraw = True
102.5935 	EXP 	up: autoDraw = True
102.5935 	EXP 	down: autoDraw = True
102.6103 	EXP 	center: autoDraw = True
102.6103 	EXP 	left: autoDraw = True
102.6103 	EXP 	right: autoDraw = True
102.6103 	EXP 	up: autoDraw = True
102.6103 	EXP 	down: autoDraw = True
102.6270 	EXP 	center: autoDraw = True
102.6270 	EXP 	left: autoDraw = True
102.6270 	EXP 	right: autoDraw = True
102.6270 	EXP 	up: autoDraw = True
102.6270 	EXP 	down: autoDraw = True
102.6437 	EXP 	center: autoDraw = True
102.6437 	EXP 	left: autoDraw = True
102.6437 	EXP 	right: autoDraw = True
102.6437 	EXP 	up: autoDraw = True
102.6437 	EXP 	down: autoDraw = True
102.6602 	EXP 	center: autoDraw = True
102.6602 	EXP 	left: autoDraw = True
102.6602 	EXP 	right: autoDraw = True
102.6602 	EXP 	up: autoDraw = True
102.6602 	EXP 	down: autoDraw = True
102.6769 	EXP 	center: autoDraw = True
102.6769 	EXP 	left: autoDraw = True
102.6769 	EXP 	right: autoDraw = True
102.6769 	EXP 	up: autoDraw = True
102.6769 	EXP 	down: autoDraw = True
102.6937 	EXP 	center: autoDraw = True
102.6937 	EXP 	left: autoDraw = True
102.6937 	EXP 	right: autoDraw = True
102.6937 	EXP 	up: autoDraw = True
102.6937 	EXP 	down: autoDraw = True
102.7102 	EXP 	center: autoDraw = True
102.7102 	EXP 	left: autoDraw = True
102.7102 	EXP 	right: autoDraw = True
102.7102 	EXP 	up: autoDraw = True
102.7102 	EXP 	down: autoDraw = True
102.7269 	EXP 	center: autoDraw = True
102.7269 	EXP 	left: autoDraw = True
102.7269 	EXP 	right: autoDraw = True
102.7269 	EXP 	up: autoDraw = True
102.7269 	EXP 	down: autoDraw = True
102.7427 	EXP 	center: autoDraw = True
102.7427 	EXP 	left: autoDraw = True
102.7427 	EXP 	right: autoDraw = True
102.7427 	EXP 	up: autoDraw = True
102.7427 	EXP 	down: autoDraw = True
102.7602 	EXP 	center: autoDraw = True
102.7602 	EXP 	left: autoDraw = True
102.7602 	EXP 	right: autoDraw = True
102.7602 	EXP 	up: autoDraw = True
102.7602 	EXP 	down: autoDraw = True
102.7769 	EXP 	center: autoDraw = True
102.7769 	EXP 	left: autoDraw = True
102.7769 	EXP 	right: autoDraw = True
102.7769 	EXP 	up: autoDraw = True
102.7769 	EXP 	down: autoDraw = True
102.7936 	EXP 	center: autoDraw = True
102.7936 	EXP 	left: autoDraw = True
102.7936 	EXP 	right: autoDraw = True
102.7936 	EXP 	up: autoDraw = True
102.7936 	EXP 	down: autoDraw = True
102.8099 	EXP 	center: autoDraw = True
102.8099 	EXP 	left: autoDraw = True
102.8099 	EXP 	right: autoDraw = True
102.8099 	EXP 	up: autoDraw = True
102.8099 	EXP 	down: autoDraw = True
102.8268 	EXP 	center: autoDraw = True
102.8268 	EXP 	left: autoDraw = True
102.8268 	EXP 	right: autoDraw = True
102.8268 	EXP 	up: autoDraw = True
102.8268 	EXP 	down: autoDraw = True
102.8432 	EXP 	center: autoDraw = True
102.8432 	EXP 	left: autoDraw = True
102.8432 	EXP 	right: autoDraw = True
102.8432 	EXP 	up: autoDraw = True
102.8432 	EXP 	down: autoDraw = True
102.8601 	EXP 	center: autoDraw = True
102.8601 	EXP 	left: autoDraw = True
102.8601 	EXP 	right: autoDraw = True
102.8601 	EXP 	up: autoDraw = True
102.8601 	EXP 	down: autoDraw = True
102.8770 	EXP 	center: autoDraw = True
102.8770 	EXP 	left: autoDraw = True
102.8770 	EXP 	right: autoDraw = True
102.8770 	EXP 	up: autoDraw = True
102.8770 	EXP 	down: autoDraw = True
102.8938 	EXP 	center: autoDraw = True
102.8938 	EXP 	left: autoDraw = True
102.8938 	EXP 	right: autoDraw = True
102.8938 	EXP 	up: autoDraw = True
102.8938 	EXP 	down: autoDraw = True
102.9102 	EXP 	center: autoDraw = True
102.9102 	EXP 	left: autoDraw = True
102.9102 	EXP 	right: autoDraw = True
102.9102 	EXP 	up: autoDraw = True
102.9102 	EXP 	down: autoDraw = True
102.9270 	EXP 	center: autoDraw = True
102.9270 	EXP 	left: autoDraw = True
102.9270 	EXP 	right: autoDraw = True
102.9270 	EXP 	up: autoDraw = True
102.9270 	EXP 	down: autoDraw = True
102.9437 	EXP 	center: autoDraw = True
102.9437 	EXP 	left: autoDraw = True
102.9437 	EXP 	right: autoDraw = True
102.9437 	EXP 	up: autoDraw = True
102.9437 	EXP 	down: autoDraw = True
102.9604 	EXP 	center: autoDraw = True
102.9604 	EXP 	left: autoDraw = True
102.9604 	EXP 	right: autoDraw = True
102.9604 	EXP 	up: autoDraw = True
102.9604 	EXP 	down: autoDraw = True
102.9769 	EXP 	center: autoDraw = True
102.9769 	EXP 	left: autoDraw = True
102.9769 	EXP 	right: autoDraw = True
102.9769 	EXP 	up: autoDraw = True
102.9769 	EXP 	down: autoDraw = True
102.9936 	EXP 	center: autoDraw = True
102.9936 	EXP 	left: autoDraw = True
102.9936 	EXP 	right: autoDraw = True
102.9936 	EXP 	up: autoDraw = True
102.9936 	EXP 	down: autoDraw = True
103.0104 	EXP 	center: autoDraw = True
103.0104 	EXP 	left: autoDraw = True
103.0104 	EXP 	right: autoDraw = True
103.0104 	EXP 	up: autoDraw = True
103.0104 	EXP 	down: autoDraw = True
103.0268 	EXP 	center: autoDraw = True
103.0268 	EXP 	left: autoDraw = True
103.0268 	EXP 	right: autoDraw = True
103.0268 	EXP 	up: autoDraw = True
103.0268 	EXP 	down: autoDraw = True
103.0437 	EXP 	center: autoDraw = True
103.0437 	EXP 	left: autoDraw = True
103.0437 	EXP 	right: autoDraw = True
103.0437 	EXP 	up: autoDraw = True
103.0437 	EXP 	down: autoDraw = True
103.0602 	EXP 	center: autoDraw = True
103.0602 	EXP 	left: autoDraw = True
103.0602 	EXP 	right: autoDraw = True
103.0602 	EXP 	up: autoDraw = True
103.0602 	EXP 	down: autoDraw = True
103.0771 	EXP 	center: autoDraw = True
103.0771 	EXP 	left: autoDraw = True
103.0771 	EXP 	right: autoDraw = True
103.0771 	EXP 	up: autoDraw = True
103.0771 	EXP 	down: autoDraw = True
103.0934 	EXP 	center: autoDraw = True
103.0934 	EXP 	left: autoDraw = True
103.0934 	EXP 	right: autoDraw = True
103.0934 	EXP 	up: autoDraw = True
103.0934 	EXP 	down: autoDraw = True
103.1102 	EXP 	center: autoDraw = True
103.1102 	EXP 	left: autoDraw = True
103.1102 	EXP 	right: autoDraw = True
103.1102 	EXP 	up: autoDraw = True
103.1102 	EXP 	down: autoDraw = True
103.1270 	EXP 	center: autoDraw = True
103.1270 	EXP 	left: autoDraw = True
103.1270 	EXP 	right: autoDraw = True
103.1270 	EXP 	up: autoDraw = True
103.1270 	EXP 	down: autoDraw = True
103.1437 	EXP 	center: autoDraw = True
103.1437 	EXP 	left: autoDraw = True
103.1437 	EXP 	right: autoDraw = True
103.1437 	EXP 	up: autoDraw = True
103.1437 	EXP 	down: autoDraw = True
103.1602 	EXP 	center: autoDraw = True
103.1602 	EXP 	left: autoDraw = True
103.1602 	EXP 	right: autoDraw = True
103.1602 	EXP 	up: autoDraw = True
103.1602 	EXP 	down: autoDraw = True
103.1769 	EXP 	center: autoDraw = True
103.1769 	EXP 	left: autoDraw = True
103.1769 	EXP 	right: autoDraw = True
103.1769 	EXP 	up: autoDraw = True
103.1769 	EXP 	down: autoDraw = True
103.1936 	EXP 	center: autoDraw = True
103.1936 	EXP 	left: autoDraw = True
103.1936 	EXP 	right: autoDraw = True
103.1936 	EXP 	up: autoDraw = True
103.1936 	EXP 	down: autoDraw = True
103.2104 	EXP 	center: autoDraw = True
103.2104 	EXP 	left: autoDraw = True
103.2104 	EXP 	right: autoDraw = True
103.2104 	EXP 	up: autoDraw = True
103.2104 	EXP 	down: autoDraw = True
103.2268 	EXP 	center: autoDraw = True
103.2268 	EXP 	left: autoDraw = True
103.2268 	EXP 	right: autoDraw = True
103.2268 	EXP 	up: autoDraw = True
103.2268 	EXP 	down: autoDraw = True
103.2436 	EXP 	center: autoDraw = True
103.2436 	EXP 	left: autoDraw = True
103.2436 	EXP 	right: autoDraw = True
103.2436 	EXP 	up: autoDraw = True
103.2436 	EXP 	down: autoDraw = True
103.2605 	EXP 	center: autoDraw = True
103.2605 	EXP 	left: autoDraw = True
103.2605 	EXP 	right: autoDraw = True
103.2605 	EXP 	up: autoDraw = True
103.2605 	EXP 	down: autoDraw = True
103.2765 	EXP 	center: autoDraw = True
103.2765 	EXP 	left: autoDraw = True
103.2765 	EXP 	right: autoDraw = True
103.2765 	EXP 	up: autoDraw = True
103.2765 	EXP 	down: autoDraw = True
103.2935 	EXP 	center: autoDraw = True
103.2935 	EXP 	left: autoDraw = True
103.2935 	EXP 	right: autoDraw = True
103.2935 	EXP 	up: autoDraw = True
103.2935 	EXP 	down: autoDraw = True
103.3101 	EXP 	center: autoDraw = True
103.3101 	EXP 	left: autoDraw = True
103.3101 	EXP 	right: autoDraw = True
103.3101 	EXP 	up: autoDraw = True
103.3101 	EXP 	down: autoDraw = True
103.3269 	EXP 	center: autoDraw = True
103.3269 	EXP 	left: autoDraw = True
103.3269 	EXP 	right: autoDraw = True
103.3269 	EXP 	up: autoDraw = True
103.3269 	EXP 	down: autoDraw = True
103.3431 	EXP 	center: autoDraw = True
103.3431 	EXP 	left: autoDraw = True
103.3431 	EXP 	right: autoDraw = True
103.3431 	EXP 	up: autoDraw = True
103.3431 	EXP 	down: autoDraw = True
103.3600 	EXP 	center: autoDraw = True
103.3600 	EXP 	left: autoDraw = True
103.3600 	EXP 	right: autoDraw = True
103.3600 	EXP 	up: autoDraw = True
103.3600 	EXP 	down: autoDraw = True
103.3770 	EXP 	center: autoDraw = True
103.3770 	EXP 	left: autoDraw = True
103.3770 	EXP 	right: autoDraw = True
103.3770 	EXP 	up: autoDraw = True
103.3770 	EXP 	down: autoDraw = True
103.3937 	EXP 	center: autoDraw = True
103.3937 	EXP 	left: autoDraw = True
103.3937 	EXP 	right: autoDraw = True
103.3937 	EXP 	up: autoDraw = True
103.3937 	EXP 	down: autoDraw = True
103.4101 	EXP 	center: autoDraw = True
103.4101 	EXP 	left: autoDraw = True
103.4101 	EXP 	right: autoDraw = True
103.4101 	EXP 	up: autoDraw = True
103.4101 	EXP 	down: autoDraw = True
103.4269 	EXP 	center: autoDraw = True
103.4269 	EXP 	left: autoDraw = True
103.4269 	EXP 	right: autoDraw = True
103.4269 	EXP 	up: autoDraw = True
103.4269 	EXP 	down: autoDraw = True
103.4436 	EXP 	center: autoDraw = True
103.4436 	EXP 	left: autoDraw = True
103.4436 	EXP 	right: autoDraw = True
103.4436 	EXP 	up: autoDraw = True
103.4436 	EXP 	down: autoDraw = True
103.4597 	EXP 	center: autoDraw = True
103.4597 	EXP 	left: autoDraw = True
103.4597 	EXP 	right: autoDraw = True
103.4597 	EXP 	up: autoDraw = True
103.4597 	EXP 	down: autoDraw = True
103.4769 	EXP 	center: autoDraw = True
103.4769 	EXP 	left: autoDraw = True
103.4769 	EXP 	right: autoDraw = True
103.4769 	EXP 	up: autoDraw = True
103.4769 	EXP 	down: autoDraw = True
103.4933 	EXP 	center: autoDraw = True
103.4933 	EXP 	left: autoDraw = True
103.4933 	EXP 	right: autoDraw = True
103.4933 	EXP 	up: autoDraw = True
103.4933 	EXP 	down: autoDraw = True
103.5102 	EXP 	center: autoDraw = True
103.5102 	EXP 	left: autoDraw = True
103.5102 	EXP 	right: autoDraw = True
103.5102 	EXP 	up: autoDraw = True
103.5102 	EXP 	down: autoDraw = True
103.5270 	EXP 	center: autoDraw = True
103.5270 	EXP 	left: autoDraw = True
103.5270 	EXP 	right: autoDraw = True
103.5270 	EXP 	up: autoDraw = True
103.5270 	EXP 	down: autoDraw = True
103.5437 	EXP 	center: autoDraw = True
103.5437 	EXP 	left: autoDraw = True
103.5437 	EXP 	right: autoDraw = True
103.5437 	EXP 	up: autoDraw = True
103.5437 	EXP 	down: autoDraw = True
103.5601 	EXP 	center: autoDraw = True
103.5601 	EXP 	left: autoDraw = True
103.5601 	EXP 	right: autoDraw = True
103.5601 	EXP 	up: autoDraw = True
103.5601 	EXP 	down: autoDraw = True
103.5771 	EXP 	center: autoDraw = True
103.5771 	EXP 	left: autoDraw = True
103.5771 	EXP 	right: autoDraw = True
103.5771 	EXP 	up: autoDraw = True
103.5771 	EXP 	down: autoDraw = True
103.5935 	EXP 	center: autoDraw = True
103.5935 	EXP 	left: autoDraw = True
103.5935 	EXP 	right: autoDraw = True
103.5935 	EXP 	up: autoDraw = True
103.5935 	EXP 	down: autoDraw = True
103.6094 	EXP 	center: autoDraw = True
103.6094 	EXP 	left: autoDraw = True
103.6094 	EXP 	right: autoDraw = True
103.6094 	EXP 	up: autoDraw = True
103.6094 	EXP 	down: autoDraw = True
103.6267 	EXP 	center: autoDraw = True
103.6267 	EXP 	left: autoDraw = True
103.6267 	EXP 	right: autoDraw = True
103.6267 	EXP 	up: autoDraw = True
103.6267 	EXP 	down: autoDraw = True
103.6435 	EXP 	center: autoDraw = True
103.6435 	EXP 	left: autoDraw = True
103.6435 	EXP 	right: autoDraw = True
103.6435 	EXP 	up: autoDraw = True
103.6435 	EXP 	down: autoDraw = True
103.6604 	EXP 	center: autoDraw = True
103.6604 	EXP 	left: autoDraw = True
103.6604 	EXP 	right: autoDraw = True
103.6604 	EXP 	up: autoDraw = True
103.6604 	EXP 	down: autoDraw = True
103.6768 	EXP 	center: autoDraw = True
103.6768 	EXP 	left: autoDraw = True
103.6768 	EXP 	right: autoDraw = True
103.6768 	EXP 	up: autoDraw = True
103.6768 	EXP 	down: autoDraw = True
103.6936 	EXP 	center: autoDraw = True
103.6936 	EXP 	left: autoDraw = True
103.6936 	EXP 	right: autoDraw = True
103.6936 	EXP 	up: autoDraw = True
103.6936 	EXP 	down: autoDraw = True
103.7103 	EXP 	center: autoDraw = True
103.7103 	EXP 	left: autoDraw = True
103.7103 	EXP 	right: autoDraw = True
103.7103 	EXP 	up: autoDraw = True
103.7103 	EXP 	down: autoDraw = True
103.7266 	EXP 	center: autoDraw = True
103.7266 	EXP 	left: autoDraw = True
103.7266 	EXP 	right: autoDraw = True
103.7266 	EXP 	up: autoDraw = True
103.7266 	EXP 	down: autoDraw = True
103.7434 	EXP 	center: autoDraw = True
103.7434 	EXP 	left: autoDraw = True
103.7434 	EXP 	right: autoDraw = True
103.7434 	EXP 	up: autoDraw = True
103.7434 	EXP 	down: autoDraw = True
103.7602 	EXP 	center: autoDraw = True
103.7602 	EXP 	left: autoDraw = True
103.7602 	EXP 	right: autoDraw = True
103.7602 	EXP 	up: autoDraw = True
103.7602 	EXP 	down: autoDraw = True
103.7770 	EXP 	center: autoDraw = True
103.7770 	EXP 	left: autoDraw = True
103.7770 	EXP 	right: autoDraw = True
103.7770 	EXP 	up: autoDraw = True
103.7770 	EXP 	down: autoDraw = True
103.7934 	EXP 	center: autoDraw = True
103.7934 	EXP 	left: autoDraw = True
103.7934 	EXP 	right: autoDraw = True
103.7934 	EXP 	up: autoDraw = True
103.7934 	EXP 	down: autoDraw = True
103.8102 	EXP 	center: autoDraw = True
103.8102 	EXP 	left: autoDraw = True
103.8102 	EXP 	right: autoDraw = True
103.8102 	EXP 	up: autoDraw = True
103.8102 	EXP 	down: autoDraw = True
103.8270 	EXP 	center: autoDraw = True
103.8270 	EXP 	left: autoDraw = True
103.8270 	EXP 	right: autoDraw = True
103.8270 	EXP 	up: autoDraw = True
103.8270 	EXP 	down: autoDraw = True
103.8434 	EXP 	center: autoDraw = True
103.8434 	EXP 	left: autoDraw = True
103.8434 	EXP 	right: autoDraw = True
103.8434 	EXP 	up: autoDraw = True
103.8434 	EXP 	down: autoDraw = True
103.8602 	EXP 	center: autoDraw = True
103.8602 	EXP 	left: autoDraw = True
103.8602 	EXP 	right: autoDraw = True
103.8602 	EXP 	up: autoDraw = True
103.8602 	EXP 	down: autoDraw = True
103.8764 	EXP 	center: autoDraw = True
103.8764 	EXP 	left: autoDraw = True
103.8764 	EXP 	right: autoDraw = True
103.8764 	EXP 	up: autoDraw = True
103.8764 	EXP 	down: autoDraw = True
103.8934 	EXP 	center: autoDraw = True
103.8934 	EXP 	left: autoDraw = True
103.8934 	EXP 	right: autoDraw = True
103.8934 	EXP 	up: autoDraw = True
103.8934 	EXP 	down: autoDraw = True
103.9103 	EXP 	center: autoDraw = True
103.9103 	EXP 	left: autoDraw = True
103.9103 	EXP 	right: autoDraw = True
103.9103 	EXP 	up: autoDraw = True
103.9103 	EXP 	down: autoDraw = True
103.9270 	EXP 	center: autoDraw = True
103.9270 	EXP 	left: autoDraw = True
103.9270 	EXP 	right: autoDraw = True
103.9270 	EXP 	up: autoDraw = True
103.9270 	EXP 	down: autoDraw = True
103.9434 	EXP 	center: autoDraw = True
103.9434 	EXP 	left: autoDraw = True
103.9434 	EXP 	right: autoDraw = True
103.9434 	EXP 	up: autoDraw = True
103.9434 	EXP 	down: autoDraw = True
103.9604 	EXP 	center: autoDraw = True
103.9604 	EXP 	left: autoDraw = True
103.9604 	EXP 	right: autoDraw = True
103.9604 	EXP 	up: autoDraw = True
103.9604 	EXP 	down: autoDraw = True
103.9606 	EXP 	Sound  started
103.9735 	DATA 	sdow
103.9838 	EXP 	center: autoDraw = True
103.9838 	EXP 	left: autoDraw = True
103.9838 	EXP 	right: autoDraw = True
103.9838 	EXP 	up: autoDraw = True
103.9838 	EXP 	down: autoDraw = True
103.9938 	EXP 	center: autoDraw = True
103.9938 	EXP 	left: autoDraw = True
103.9938 	EXP 	right: autoDraw = True
103.9938 	EXP 	up: autoDraw = True
103.9938 	EXP 	down: autoDraw = True
104.0101 	EXP 	center: autoDraw = True
104.0101 	EXP 	left: autoDraw = True
104.0101 	EXP 	right: autoDraw = True
104.0101 	EXP 	up: autoDraw = True
104.0101 	EXP 	down: autoDraw = True
104.0269 	EXP 	center: autoDraw = True
104.0269 	EXP 	left: autoDraw = True
104.0269 	EXP 	right: autoDraw = True
104.0269 	EXP 	up: autoDraw = True
104.0269 	EXP 	down: autoDraw = True
104.0436 	EXP 	center: autoDraw = True
104.0436 	EXP 	left: autoDraw = True
104.0436 	EXP 	right: autoDraw = True
104.0436 	EXP 	up: autoDraw = True
104.0436 	EXP 	down: autoDraw = True
104.0600 	EXP 	center: autoDraw = True
104.0600 	EXP 	left: autoDraw = True
104.0600 	EXP 	right: autoDraw = True
104.0600 	EXP 	up: autoDraw = True
104.0600 	EXP 	down: autoDraw = True
104.0769 	EXP 	center: autoDraw = True
104.0769 	EXP 	left: autoDraw = True
104.0769 	EXP 	right: autoDraw = True
104.0769 	EXP 	up: autoDraw = True
104.0769 	EXP 	down: autoDraw = True
104.0937 	EXP 	center: autoDraw = True
104.0937 	EXP 	left: autoDraw = True
104.0937 	EXP 	right: autoDraw = True
104.0937 	EXP 	up: autoDraw = True
104.0937 	EXP 	down: autoDraw = True
104.1100 	EXP 	center: autoDraw = True
104.1100 	EXP 	left: autoDraw = True
104.1100 	EXP 	right: autoDraw = True
104.1100 	EXP 	up: autoDraw = True
104.1100 	EXP 	down: autoDraw = True
104.1268 	EXP 	center: autoDraw = True
104.1268 	EXP 	left: autoDraw = True
104.1268 	EXP 	right: autoDraw = True
104.1268 	EXP 	up: autoDraw = True
104.1268 	EXP 	down: autoDraw = True
104.1434 	EXP 	center: autoDraw = True
104.1434 	EXP 	left: autoDraw = True
104.1434 	EXP 	right: autoDraw = True
104.1434 	EXP 	up: autoDraw = True
104.1434 	EXP 	down: autoDraw = True
104.1603 	EXP 	center: autoDraw = True
104.1603 	EXP 	left: autoDraw = True
104.1603 	EXP 	right: autoDraw = True
104.1603 	EXP 	up: autoDraw = True
104.1603 	EXP 	down: autoDraw = True
104.1770 	EXP 	center: autoDraw = True
104.1770 	EXP 	left: autoDraw = True
104.1770 	EXP 	right: autoDraw = True
104.1770 	EXP 	up: autoDraw = True
104.1770 	EXP 	down: autoDraw = True
104.1934 	EXP 	center: autoDraw = True
104.1934 	EXP 	left: autoDraw = True
104.1934 	EXP 	right: autoDraw = True
104.1934 	EXP 	up: autoDraw = True
104.1934 	EXP 	down: autoDraw = True
104.2101 	EXP 	center: autoDraw = True
104.2101 	EXP 	left: autoDraw = True
104.2101 	EXP 	right: autoDraw = True
104.2101 	EXP 	up: autoDraw = True
104.2101 	EXP 	down: autoDraw = True
104.2270 	EXP 	center: autoDraw = True
104.2270 	EXP 	left: autoDraw = True
104.2270 	EXP 	right: autoDraw = True
104.2270 	EXP 	up: autoDraw = True
104.2270 	EXP 	down: autoDraw = True
104.2434 	EXP 	center: autoDraw = True
104.2434 	EXP 	left: autoDraw = True
104.2434 	EXP 	right: autoDraw = True
104.2434 	EXP 	up: autoDraw = True
104.2434 	EXP 	down: autoDraw = True
104.2596 	EXP 	center: autoDraw = True
104.2596 	EXP 	left: autoDraw = True
104.2596 	EXP 	right: autoDraw = True
104.2596 	EXP 	up: autoDraw = True
104.2596 	EXP 	down: autoDraw = True
104.2767 	EXP 	center: autoDraw = True
104.2767 	EXP 	left: autoDraw = True
104.2767 	EXP 	right: autoDraw = True
104.2767 	EXP 	up: autoDraw = True
104.2767 	EXP 	down: autoDraw = True
104.2935 	EXP 	center: autoDraw = True
104.2935 	EXP 	left: autoDraw = True
104.2935 	EXP 	right: autoDraw = True
104.2935 	EXP 	up: autoDraw = True
104.2935 	EXP 	down: autoDraw = True
104.2937 	DATA 	wsqS
104.3100 	EXP 	center: autoDraw = True
104.3100 	EXP 	left: autoDraw = True
104.3100 	EXP 	right: autoDraw = True
104.3100 	EXP 	up: autoDraw = True
104.3100 	EXP 	down: autoDraw = True
104.3100 	EXP 	whitesquare: autoDraw = True
104.3267 	EXP 	center: autoDraw = True
104.3267 	EXP 	left: autoDraw = True
104.3267 	EXP 	right: autoDraw = True
104.3267 	EXP 	up: autoDraw = True
104.3267 	EXP 	down: autoDraw = True
104.3267 	EXP 	whitesquare: autoDraw = False
104.3436 	EXP 	center: autoDraw = True
104.3436 	EXP 	left: autoDraw = True
104.3436 	EXP 	right: autoDraw = True
104.3436 	EXP 	up: autoDraw = True
104.3436 	EXP 	down: autoDraw = True
104.3603 	EXP 	center: autoDraw = True
104.3603 	EXP 	left: autoDraw = True
104.3603 	EXP 	right: autoDraw = True
104.3603 	EXP 	up: autoDraw = True
104.3603 	EXP 	down: autoDraw = True
104.3769 	EXP 	center: autoDraw = True
104.3769 	EXP 	left: autoDraw = True
104.3769 	EXP 	right: autoDraw = True
104.3769 	EXP 	up: autoDraw = True
104.3769 	EXP 	down: autoDraw = True
104.3936 	EXP 	center: autoDraw = True
104.3936 	EXP 	left: autoDraw = True
104.3936 	EXP 	right: autoDraw = True
104.3936 	EXP 	up: autoDraw = True
104.3936 	EXP 	down: autoDraw = True
104.4102 	EXP 	center: autoDraw = True
104.4102 	EXP 	left: autoDraw = True
104.4102 	EXP 	right: autoDraw = True
104.4102 	EXP 	up: autoDraw = True
104.4102 	EXP 	down: autoDraw = True
104.4270 	EXP 	center: autoDraw = True
104.4270 	EXP 	left: autoDraw = True
104.4270 	EXP 	right: autoDraw = True
104.4270 	EXP 	up: autoDraw = True
104.4270 	EXP 	down: autoDraw = True
104.4434 	EXP 	center: autoDraw = True
104.4434 	EXP 	left: autoDraw = True
104.4434 	EXP 	right: autoDraw = True
104.4434 	EXP 	up: autoDraw = True
104.4434 	EXP 	down: autoDraw = True
104.4602 	EXP 	center: autoDraw = True
104.4602 	EXP 	left: autoDraw = True
104.4602 	EXP 	right: autoDraw = True
104.4602 	EXP 	up: autoDraw = True
104.4602 	EXP 	down: autoDraw = True
104.4768 	EXP 	center: autoDraw = True
104.4768 	EXP 	left: autoDraw = True
104.4768 	EXP 	right: autoDraw = True
104.4768 	EXP 	up: autoDraw = True
104.4768 	EXP 	down: autoDraw = True
104.4936 	EXP 	center: autoDraw = True
104.4936 	EXP 	left: autoDraw = True
104.4936 	EXP 	right: autoDraw = True
104.4936 	EXP 	up: autoDraw = True
104.4936 	EXP 	down: autoDraw = True
104.5103 	EXP 	center: autoDraw = True
104.5103 	EXP 	left: autoDraw = True
104.5103 	EXP 	right: autoDraw = True
104.5103 	EXP 	up: autoDraw = True
104.5103 	EXP 	down: autoDraw = True
104.5266 	EXP 	center: autoDraw = True
104.5266 	EXP 	left: autoDraw = True
104.5266 	EXP 	right: autoDraw = True
104.5266 	EXP 	up: autoDraw = True
104.5266 	EXP 	down: autoDraw = True
104.5434 	EXP 	center: autoDraw = True
104.5434 	EXP 	left: autoDraw = True
104.5434 	EXP 	right: autoDraw = True
104.5434 	EXP 	up: autoDraw = True
104.5434 	EXP 	down: autoDraw = True
104.5601 	EXP 	center: autoDraw = True
104.5601 	EXP 	left: autoDraw = True
104.5601 	EXP 	right: autoDraw = True
104.5601 	EXP 	up: autoDraw = True
104.5601 	EXP 	down: autoDraw = True
104.5768 	EXP 	center: autoDraw = True
104.5768 	EXP 	left: autoDraw = True
104.5768 	EXP 	right: autoDraw = True
104.5768 	EXP 	up: autoDraw = True
104.5768 	EXP 	down: autoDraw = True
104.5935 	EXP 	center: autoDraw = True
104.5935 	EXP 	left: autoDraw = True
104.5935 	EXP 	right: autoDraw = True
104.5935 	EXP 	up: autoDraw = True
104.5935 	EXP 	down: autoDraw = True
104.6100 	EXP 	center: autoDraw = True
104.6100 	EXP 	left: autoDraw = True
104.6100 	EXP 	right: autoDraw = True
104.6100 	EXP 	up: autoDraw = True
104.6100 	EXP 	down: autoDraw = True
104.6268 	EXP 	center: autoDraw = True
104.6268 	EXP 	left: autoDraw = True
104.6268 	EXP 	right: autoDraw = True
104.6268 	EXP 	up: autoDraw = True
104.6268 	EXP 	down: autoDraw = True
104.6428 	EXP 	center: autoDraw = True
104.6428 	EXP 	left: autoDraw = True
104.6428 	EXP 	right: autoDraw = True
104.6428 	EXP 	up: autoDraw = True
104.6428 	EXP 	down: autoDraw = True
104.6599 	EXP 	center: autoDraw = True
104.6599 	EXP 	left: autoDraw = True
104.6599 	EXP 	right: autoDraw = True
104.6599 	EXP 	up: autoDraw = True
104.6599 	EXP 	down: autoDraw = True
104.6768 	EXP 	center: autoDraw = True
104.6768 	EXP 	left: autoDraw = True
104.6768 	EXP 	right: autoDraw = True
104.6768 	EXP 	up: autoDraw = True
104.6768 	EXP 	down: autoDraw = True
104.6935 	EXP 	center: autoDraw = True
104.6935 	EXP 	left: autoDraw = True
104.6935 	EXP 	right: autoDraw = True
104.6935 	EXP 	up: autoDraw = True
104.6935 	EXP 	down: autoDraw = True
104.7104 	EXP 	center: autoDraw = True
104.7104 	EXP 	left: autoDraw = True
104.7104 	EXP 	right: autoDraw = True
104.7104 	EXP 	up: autoDraw = True
104.7104 	EXP 	down: autoDraw = True
104.7260 	EXP 	center: autoDraw = True
104.7260 	EXP 	left: autoDraw = True
104.7260 	EXP 	right: autoDraw = True
104.7260 	EXP 	up: autoDraw = True
104.7260 	EXP 	down: autoDraw = True
104.7434 	EXP 	center: autoDraw = True
104.7434 	EXP 	left: autoDraw = True
104.7434 	EXP 	right: autoDraw = True
104.7434 	EXP 	up: autoDraw = True
104.7434 	EXP 	down: autoDraw = True
104.7602 	EXP 	center: autoDraw = True
104.7602 	EXP 	left: autoDraw = True
104.7602 	EXP 	right: autoDraw = True
104.7602 	EXP 	up: autoDraw = True
104.7602 	EXP 	down: autoDraw = True
104.7768 	EXP 	center: autoDraw = True
104.7768 	EXP 	left: autoDraw = True
104.7768 	EXP 	right: autoDraw = True
104.7768 	EXP 	up: autoDraw = True
104.7768 	EXP 	down: autoDraw = True
104.7936 	EXP 	center: autoDraw = True
104.7936 	EXP 	left: autoDraw = True
104.7936 	EXP 	right: autoDraw = True
104.7936 	EXP 	up: autoDraw = True
104.7936 	EXP 	down: autoDraw = True
104.8101 	EXP 	center: autoDraw = True
104.8101 	EXP 	left: autoDraw = True
104.8101 	EXP 	right: autoDraw = True
104.8101 	EXP 	up: autoDraw = True
104.8101 	EXP 	down: autoDraw = True
104.8269 	EXP 	center: autoDraw = True
104.8269 	EXP 	left: autoDraw = True
104.8269 	EXP 	right: autoDraw = True
104.8269 	EXP 	up: autoDraw = True
104.8269 	EXP 	down: autoDraw = True
104.8433 	EXP 	center: autoDraw = True
104.8433 	EXP 	left: autoDraw = True
104.8433 	EXP 	right: autoDraw = True
104.8433 	EXP 	up: autoDraw = True
104.8433 	EXP 	down: autoDraw = True
104.8601 	EXP 	center: autoDraw = True
104.8601 	EXP 	left: autoDraw = True
104.8601 	EXP 	right: autoDraw = True
104.8601 	EXP 	up: autoDraw = True
104.8601 	EXP 	down: autoDraw = True
104.8762 	EXP 	center: autoDraw = True
104.8762 	EXP 	left: autoDraw = True
104.8762 	EXP 	right: autoDraw = True
104.8762 	EXP 	up: autoDraw = True
104.8762 	EXP 	down: autoDraw = True
104.8933 	EXP 	center: autoDraw = True
104.8933 	EXP 	left: autoDraw = True
104.8933 	EXP 	right: autoDraw = True
104.8933 	EXP 	up: autoDraw = True
104.8933 	EXP 	down: autoDraw = True
104.9098 	EXP 	center: autoDraw = True
104.9098 	EXP 	left: autoDraw = True
104.9098 	EXP 	right: autoDraw = True
104.9098 	EXP 	up: autoDraw = True
104.9098 	EXP 	down: autoDraw = True
104.9267 	EXP 	center: autoDraw = True
104.9267 	EXP 	left: autoDraw = True
104.9267 	EXP 	right: autoDraw = True
104.9267 	EXP 	up: autoDraw = True
104.9267 	EXP 	down: autoDraw = True
104.9436 	EXP 	center: autoDraw = True
104.9436 	EXP 	left: autoDraw = True
104.9436 	EXP 	right: autoDraw = True
104.9436 	EXP 	up: autoDraw = True
104.9436 	EXP 	down: autoDraw = True
104.9600 	EXP 	center: autoDraw = True
104.9600 	EXP 	left: autoDraw = True
104.9600 	EXP 	right: autoDraw = True
104.9600 	EXP 	up: autoDraw = True
104.9600 	EXP 	down: autoDraw = True
104.9767 	EXP 	center: autoDraw = True
104.9767 	EXP 	left: autoDraw = True
104.9767 	EXP 	right: autoDraw = True
104.9767 	EXP 	up: autoDraw = True
104.9767 	EXP 	down: autoDraw = True
104.9935 	EXP 	center: autoDraw = True
104.9935 	EXP 	left: autoDraw = True
104.9935 	EXP 	right: autoDraw = True
104.9935 	EXP 	up: autoDraw = True
104.9935 	EXP 	down: autoDraw = True
105.0103 	EXP 	center: autoDraw = True
105.0103 	EXP 	left: autoDraw = True
105.0103 	EXP 	right: autoDraw = True
105.0103 	EXP 	up: autoDraw = True
105.0103 	EXP 	down: autoDraw = True
105.0269 	EXP 	center: autoDraw = True
105.0269 	EXP 	left: autoDraw = True
105.0269 	EXP 	right: autoDraw = True
105.0269 	EXP 	up: autoDraw = True
105.0269 	EXP 	down: autoDraw = True
105.0433 	EXP 	center: autoDraw = True
105.0433 	EXP 	left: autoDraw = True
105.0433 	EXP 	right: autoDraw = True
105.0433 	EXP 	up: autoDraw = True
105.0433 	EXP 	down: autoDraw = True
105.0601 	EXP 	center: autoDraw = True
105.0601 	EXP 	left: autoDraw = True
105.0601 	EXP 	right: autoDraw = True
105.0601 	EXP 	up: autoDraw = True
105.0601 	EXP 	down: autoDraw = True
105.0769 	EXP 	center: autoDraw = True
105.0769 	EXP 	left: autoDraw = True
105.0769 	EXP 	right: autoDraw = True
105.0769 	EXP 	up: autoDraw = True
105.0769 	EXP 	down: autoDraw = True
105.0933 	EXP 	center: autoDraw = True
105.0933 	EXP 	left: autoDraw = True
105.0933 	EXP 	right: autoDraw = True
105.0933 	EXP 	up: autoDraw = True
105.0933 	EXP 	down: autoDraw = True
105.1101 	EXP 	center: autoDraw = True
105.1101 	EXP 	left: autoDraw = True
105.1101 	EXP 	right: autoDraw = True
105.1101 	EXP 	up: autoDraw = True
105.1101 	EXP 	down: autoDraw = True
105.1268 	EXP 	center: autoDraw = True
105.1268 	EXP 	left: autoDraw = True
105.1268 	EXP 	right: autoDraw = True
105.1268 	EXP 	up: autoDraw = True
105.1268 	EXP 	down: autoDraw = True
105.1432 	EXP 	center: autoDraw = True
105.1432 	EXP 	left: autoDraw = True
105.1432 	EXP 	right: autoDraw = True
105.1432 	EXP 	up: autoDraw = True
105.1432 	EXP 	down: autoDraw = True
105.1600 	EXP 	center: autoDraw = True
105.1600 	EXP 	left: autoDraw = True
105.1600 	EXP 	right: autoDraw = True
105.1600 	EXP 	up: autoDraw = True
105.1600 	EXP 	down: autoDraw = True
105.1767 	EXP 	center: autoDraw = True
105.1767 	EXP 	left: autoDraw = True
105.1767 	EXP 	right: autoDraw = True
105.1767 	EXP 	up: autoDraw = True
105.1767 	EXP 	down: autoDraw = True
105.1934 	EXP 	center: autoDraw = True
105.1934 	EXP 	left: autoDraw = True
105.1934 	EXP 	right: autoDraw = True
105.1934 	EXP 	up: autoDraw = True
105.1934 	EXP 	down: autoDraw = True
105.2102 	EXP 	center: autoDraw = True
105.2102 	EXP 	left: autoDraw = True
105.2102 	EXP 	right: autoDraw = True
105.2102 	EXP 	up: autoDraw = True
105.2102 	EXP 	down: autoDraw = True
105.2269 	EXP 	center: autoDraw = True
105.2269 	EXP 	left: autoDraw = True
105.2269 	EXP 	right: autoDraw = True
105.2269 	EXP 	up: autoDraw = True
105.2269 	EXP 	down: autoDraw = True
105.2433 	EXP 	center: autoDraw = True
105.2433 	EXP 	left: autoDraw = True
105.2433 	EXP 	right: autoDraw = True
105.2433 	EXP 	up: autoDraw = True
105.2433 	EXP 	down: autoDraw = True
105.2602 	EXP 	center: autoDraw = True
105.2602 	EXP 	left: autoDraw = True
105.2602 	EXP 	right: autoDraw = True
105.2602 	EXP 	up: autoDraw = True
105.2602 	EXP 	down: autoDraw = True
105.2766 	EXP 	center: autoDraw = True
105.2766 	EXP 	left: autoDraw = True
105.2766 	EXP 	right: autoDraw = True
105.2766 	EXP 	up: autoDraw = True
105.2766 	EXP 	down: autoDraw = True
105.2935 	EXP 	center: autoDraw = True
105.2935 	EXP 	left: autoDraw = True
105.2935 	EXP 	right: autoDraw = True
105.2935 	EXP 	up: autoDraw = True
105.2935 	EXP 	down: autoDraw = True
105.3102 	EXP 	center: autoDraw = True
105.3102 	EXP 	left: autoDraw = True
105.3102 	EXP 	right: autoDraw = True
105.3102 	EXP 	up: autoDraw = True
105.3102 	EXP 	down: autoDraw = True
105.3267 	EXP 	center: autoDraw = True
105.3267 	EXP 	left: autoDraw = True
105.3267 	EXP 	right: autoDraw = True
105.3267 	EXP 	up: autoDraw = True
105.3267 	EXP 	down: autoDraw = True
105.3435 	EXP 	center: autoDraw = True
105.3435 	EXP 	left: autoDraw = True
105.3435 	EXP 	right: autoDraw = True
105.3435 	EXP 	up: autoDraw = True
105.3435 	EXP 	down: autoDraw = True
105.3603 	EXP 	center: autoDraw = True
105.3603 	EXP 	left: autoDraw = True
105.3603 	EXP 	right: autoDraw = True
105.3603 	EXP 	up: autoDraw = True
105.3603 	EXP 	down: autoDraw = True
105.3766 	EXP 	center: autoDraw = True
105.3766 	EXP 	left: autoDraw = True
105.3766 	EXP 	right: autoDraw = True
105.3766 	EXP 	up: autoDraw = True
105.3766 	EXP 	down: autoDraw = True
105.3934 	EXP 	center: autoDraw = True
105.3934 	EXP 	left: autoDraw = True
105.3934 	EXP 	right: autoDraw = True
105.3934 	EXP 	up: autoDraw = True
105.3934 	EXP 	down: autoDraw = True
105.4101 	EXP 	center: autoDraw = True
105.4101 	EXP 	left: autoDraw = True
105.4101 	EXP 	right: autoDraw = True
105.4101 	EXP 	up: autoDraw = True
105.4101 	EXP 	down: autoDraw = True
105.4269 	EXP 	center: autoDraw = True
105.4269 	EXP 	left: autoDraw = True
105.4269 	EXP 	right: autoDraw = True
105.4269 	EXP 	up: autoDraw = True
105.4269 	EXP 	down: autoDraw = True
105.4433 	EXP 	center: autoDraw = True
105.4433 	EXP 	left: autoDraw = True
105.4433 	EXP 	right: autoDraw = True
105.4433 	EXP 	up: autoDraw = True
105.4433 	EXP 	down: autoDraw = True
105.4600 	EXP 	center: autoDraw = True
105.4600 	EXP 	left: autoDraw = True
105.4600 	EXP 	right: autoDraw = True
105.4600 	EXP 	up: autoDraw = True
105.4600 	EXP 	down: autoDraw = True
105.4768 	EXP 	center: autoDraw = True
105.4768 	EXP 	left: autoDraw = True
105.4768 	EXP 	right: autoDraw = True
105.4768 	EXP 	up: autoDraw = True
105.4768 	EXP 	down: autoDraw = True
105.4932 	EXP 	center: autoDraw = True
105.4932 	EXP 	left: autoDraw = True
105.4932 	EXP 	right: autoDraw = True
105.4932 	EXP 	up: autoDraw = True
105.4932 	EXP 	down: autoDraw = True
105.5093 	EXP 	center: autoDraw = True
105.5093 	EXP 	left: autoDraw = True
105.5093 	EXP 	right: autoDraw = True
105.5093 	EXP 	up: autoDraw = True
105.5093 	EXP 	down: autoDraw = True
105.5262 	EXP 	center: autoDraw = True
105.5262 	EXP 	left: autoDraw = True
105.5262 	EXP 	right: autoDraw = True
105.5262 	EXP 	up: autoDraw = True
105.5262 	EXP 	down: autoDraw = True
105.5432 	EXP 	center: autoDraw = True
105.5432 	EXP 	left: autoDraw = True
105.5432 	EXP 	right: autoDraw = True
105.5432 	EXP 	up: autoDraw = True
105.5432 	EXP 	down: autoDraw = True
105.5600 	EXP 	center: autoDraw = True
105.5600 	EXP 	left: autoDraw = True
105.5600 	EXP 	right: autoDraw = True
105.5600 	EXP 	up: autoDraw = True
105.5600 	EXP 	down: autoDraw = True
105.5768 	EXP 	center: autoDraw = True
105.5768 	EXP 	left: autoDraw = True
105.5768 	EXP 	right: autoDraw = True
105.5768 	EXP 	up: autoDraw = True
105.5768 	EXP 	down: autoDraw = True
105.5933 	EXP 	center: autoDraw = True
105.5933 	EXP 	left: autoDraw = True
105.5933 	EXP 	right: autoDraw = True
105.5933 	EXP 	up: autoDraw = True
105.5933 	EXP 	down: autoDraw = True
105.6101 	EXP 	center: autoDraw = True
105.6101 	EXP 	left: autoDraw = True
105.6101 	EXP 	right: autoDraw = True
105.6101 	EXP 	up: autoDraw = True
105.6101 	EXP 	down: autoDraw = True
105.6268 	EXP 	center: autoDraw = True
105.6268 	EXP 	left: autoDraw = True
105.6268 	EXP 	right: autoDraw = True
105.6268 	EXP 	up: autoDraw = True
105.6268 	EXP 	down: autoDraw = True
105.6433 	EXP 	center: autoDraw = True
105.6433 	EXP 	left: autoDraw = True
105.6433 	EXP 	right: autoDraw = True
105.6433 	EXP 	up: autoDraw = True
105.6433 	EXP 	down: autoDraw = True
105.6601 	EXP 	center: autoDraw = True
105.6601 	EXP 	left: autoDraw = True
105.6601 	EXP 	right: autoDraw = True
105.6601 	EXP 	up: autoDraw = True
105.6601 	EXP 	down: autoDraw = True
105.6760 	EXP 	center: autoDraw = True
105.6760 	EXP 	left: autoDraw = True
105.6760 	EXP 	right: autoDraw = True
105.6760 	EXP 	up: autoDraw = True
105.6760 	EXP 	down: autoDraw = True
105.6933 	EXP 	center: autoDraw = True
105.6933 	EXP 	left: autoDraw = True
105.6933 	EXP 	right: autoDraw = True
105.6933 	EXP 	up: autoDraw = True
105.6933 	EXP 	down: autoDraw = True
105.7102 	EXP 	center: autoDraw = True
105.7102 	EXP 	left: autoDraw = True
105.7102 	EXP 	right: autoDraw = True
105.7102 	EXP 	up: autoDraw = True
105.7102 	EXP 	down: autoDraw = True
105.7265 	EXP 	center: autoDraw = True
105.7265 	EXP 	left: autoDraw = True
105.7265 	EXP 	right: autoDraw = True
105.7265 	EXP 	up: autoDraw = True
105.7265 	EXP 	down: autoDraw = True
105.7433 	EXP 	center: autoDraw = True
105.7433 	EXP 	left: autoDraw = True
105.7433 	EXP 	right: autoDraw = True
105.7433 	EXP 	up: autoDraw = True
105.7433 	EXP 	down: autoDraw = True
105.7602 	EXP 	center: autoDraw = True
105.7602 	EXP 	left: autoDraw = True
105.7602 	EXP 	right: autoDraw = True
105.7602 	EXP 	up: autoDraw = True
105.7602 	EXP 	down: autoDraw = True
105.7765 	EXP 	center: autoDraw = True
105.7765 	EXP 	left: autoDraw = True
105.7765 	EXP 	right: autoDraw = True
105.7765 	EXP 	up: autoDraw = True
105.7765 	EXP 	down: autoDraw = True
105.7932 	EXP 	center: autoDraw = True
105.7932 	EXP 	left: autoDraw = True
105.7932 	EXP 	right: autoDraw = True
105.7932 	EXP 	up: autoDraw = True
105.7932 	EXP 	down: autoDraw = True
105.8101 	EXP 	center: autoDraw = True
105.8101 	EXP 	left: autoDraw = True
105.8101 	EXP 	right: autoDraw = True
105.8101 	EXP 	up: autoDraw = True
105.8101 	EXP 	down: autoDraw = True
105.8268 	EXP 	center: autoDraw = True
105.8268 	EXP 	left: autoDraw = True
105.8268 	EXP 	right: autoDraw = True
105.8268 	EXP 	up: autoDraw = True
105.8268 	EXP 	down: autoDraw = True
105.8431 	EXP 	center: autoDraw = True
105.8431 	EXP 	left: autoDraw = True
105.8431 	EXP 	right: autoDraw = True
105.8431 	EXP 	up: autoDraw = True
105.8431 	EXP 	down: autoDraw = True
105.8602 	EXP 	center: autoDraw = True
105.8602 	EXP 	left: autoDraw = True
105.8602 	EXP 	right: autoDraw = True
105.8602 	EXP 	up: autoDraw = True
105.8602 	EXP 	down: autoDraw = True
105.8766 	EXP 	center: autoDraw = True
105.8766 	EXP 	left: autoDraw = True
105.8766 	EXP 	right: autoDraw = True
105.8766 	EXP 	up: autoDraw = True
105.8766 	EXP 	down: autoDraw = True
105.8933 	EXP 	center: autoDraw = True
105.8933 	EXP 	left: autoDraw = True
105.8933 	EXP 	right: autoDraw = True
105.8933 	EXP 	up: autoDraw = True
105.8933 	EXP 	down: autoDraw = True
105.9102 	EXP 	center: autoDraw = True
105.9102 	EXP 	left: autoDraw = True
105.9102 	EXP 	right: autoDraw = True
105.9102 	EXP 	up: autoDraw = True
105.9102 	EXP 	down: autoDraw = True
105.9265 	EXP 	center: autoDraw = True
105.9265 	EXP 	left: autoDraw = True
105.9265 	EXP 	right: autoDraw = True
105.9265 	EXP 	up: autoDraw = True
105.9265 	EXP 	down: autoDraw = True
105.9429 	EXP 	center: autoDraw = True
105.9429 	EXP 	left: autoDraw = True
105.9429 	EXP 	right: autoDraw = True
105.9429 	EXP 	up: autoDraw = True
105.9429 	EXP 	down: autoDraw = True
105.9599 	EXP 	center: autoDraw = True
105.9599 	EXP 	left: autoDraw = True
105.9599 	EXP 	right: autoDraw = True
105.9599 	EXP 	up: autoDraw = True
105.9599 	EXP 	down: autoDraw = True
105.9766 	EXP 	center: autoDraw = True
105.9766 	EXP 	left: autoDraw = True
105.9766 	EXP 	right: autoDraw = True
105.9766 	EXP 	up: autoDraw = True
105.9766 	EXP 	down: autoDraw = True
105.9934 	EXP 	center: autoDraw = True
105.9934 	EXP 	left: autoDraw = True
105.9934 	EXP 	right: autoDraw = True
105.9934 	EXP 	up: autoDraw = True
105.9934 	EXP 	down: autoDraw = True
106.0103 	EXP 	center: autoDraw = True
106.0103 	EXP 	left: autoDraw = True
106.0103 	EXP 	right: autoDraw = True
106.0103 	EXP 	up: autoDraw = True
106.0103 	EXP 	down: autoDraw = True
106.0265 	EXP 	center: autoDraw = True
106.0265 	EXP 	left: autoDraw = True
106.0265 	EXP 	right: autoDraw = True
106.0265 	EXP 	up: autoDraw = True
106.0265 	EXP 	down: autoDraw = True
106.0434 	EXP 	center: autoDraw = True
106.0434 	EXP 	left: autoDraw = True
106.0434 	EXP 	right: autoDraw = True
106.0434 	EXP 	up: autoDraw = True
106.0434 	EXP 	down: autoDraw = True
106.0602 	EXP 	center: autoDraw = True
106.0602 	EXP 	left: autoDraw = True
106.0602 	EXP 	right: autoDraw = True
106.0602 	EXP 	up: autoDraw = True
106.0602 	EXP 	down: autoDraw = True
106.0765 	EXP 	center: autoDraw = True
106.0765 	EXP 	left: autoDraw = True
106.0765 	EXP 	right: autoDraw = True
106.0765 	EXP 	up: autoDraw = True
106.0765 	EXP 	down: autoDraw = True
106.0935 	EXP 	center: autoDraw = True
106.0935 	EXP 	left: autoDraw = True
106.0935 	EXP 	right: autoDraw = True
106.0935 	EXP 	up: autoDraw = True
106.0935 	EXP 	down: autoDraw = True
106.1098 	EXP 	center: autoDraw = True
106.1098 	EXP 	left: autoDraw = True
106.1098 	EXP 	right: autoDraw = True
106.1098 	EXP 	up: autoDraw = True
106.1098 	EXP 	down: autoDraw = True
106.1268 	EXP 	center: autoDraw = True
106.1268 	EXP 	left: autoDraw = True
106.1268 	EXP 	right: autoDraw = True
106.1268 	EXP 	up: autoDraw = True
106.1268 	EXP 	down: autoDraw = True
106.1431 	EXP 	center: autoDraw = True
106.1431 	EXP 	left: autoDraw = True
106.1431 	EXP 	right: autoDraw = True
106.1431 	EXP 	up: autoDraw = True
106.1431 	EXP 	down: autoDraw = True
106.1600 	EXP 	center: autoDraw = True
106.1600 	EXP 	left: autoDraw = True
106.1600 	EXP 	right: autoDraw = True
106.1600 	EXP 	up: autoDraw = True
106.1600 	EXP 	down: autoDraw = True
106.1764 	EXP 	center: autoDraw = True
106.1764 	EXP 	left: autoDraw = True
106.1764 	EXP 	right: autoDraw = True
106.1764 	EXP 	up: autoDraw = True
106.1764 	EXP 	down: autoDraw = True
106.1933 	EXP 	center: autoDraw = True
106.1933 	EXP 	left: autoDraw = True
106.1933 	EXP 	right: autoDraw = True
106.1933 	EXP 	up: autoDraw = True
106.1933 	EXP 	down: autoDraw = True
106.2099 	EXP 	center: autoDraw = True
106.2099 	EXP 	left: autoDraw = True
106.2099 	EXP 	right: autoDraw = True
106.2099 	EXP 	up: autoDraw = True
106.2099 	EXP 	down: autoDraw = True
106.2266 	EXP 	center: autoDraw = True
106.2266 	EXP 	left: autoDraw = True
106.2266 	EXP 	right: autoDraw = True
106.2266 	EXP 	up: autoDraw = True
106.2266 	EXP 	down: autoDraw = True
106.2434 	EXP 	center: autoDraw = True
106.2434 	EXP 	left: autoDraw = True
106.2434 	EXP 	right: autoDraw = True
106.2434 	EXP 	up: autoDraw = True
106.2434 	EXP 	down: autoDraw = True
106.2601 	EXP 	center: autoDraw = True
106.2601 	EXP 	left: autoDraw = True
106.2601 	EXP 	right: autoDraw = True
106.2601 	EXP 	up: autoDraw = True
106.2601 	EXP 	down: autoDraw = True
106.2769 	EXP 	center: autoDraw = True
106.2769 	EXP 	left: autoDraw = True
106.2769 	EXP 	right: autoDraw = True
106.2769 	EXP 	up: autoDraw = True
106.2769 	EXP 	down: autoDraw = True
106.2932 	EXP 	center: autoDraw = True
106.2932 	EXP 	left: autoDraw = True
106.2932 	EXP 	right: autoDraw = True
106.2932 	EXP 	up: autoDraw = True
106.2932 	EXP 	down: autoDraw = True
106.3099 	EXP 	center: autoDraw = True
106.3099 	EXP 	left: autoDraw = True
106.3099 	EXP 	right: autoDraw = True
106.3099 	EXP 	up: autoDraw = True
106.3099 	EXP 	down: autoDraw = True
106.3260 	EXP 	center: autoDraw = True
106.3260 	EXP 	left: autoDraw = True
106.3260 	EXP 	right: autoDraw = True
106.3260 	EXP 	up: autoDraw = True
106.3260 	EXP 	down: autoDraw = True
106.3432 	EXP 	center: autoDraw = True
106.3432 	EXP 	left: autoDraw = True
106.3432 	EXP 	right: autoDraw = True
106.3432 	EXP 	up: autoDraw = True
106.3432 	EXP 	down: autoDraw = True
106.3601 	EXP 	center: autoDraw = True
106.3601 	EXP 	left: autoDraw = True
106.3601 	EXP 	right: autoDraw = True
106.3601 	EXP 	up: autoDraw = True
106.3601 	EXP 	down: autoDraw = True
106.3765 	EXP 	center: autoDraw = True
106.3765 	EXP 	left: autoDraw = True
106.3765 	EXP 	right: autoDraw = True
106.3765 	EXP 	up: autoDraw = True
106.3765 	EXP 	down: autoDraw = True
106.3933 	EXP 	center: autoDraw = True
106.3933 	EXP 	left: autoDraw = True
106.3933 	EXP 	right: autoDraw = True
106.3933 	EXP 	up: autoDraw = True
106.3933 	EXP 	down: autoDraw = True
106.4101 	EXP 	center: autoDraw = True
106.4101 	EXP 	left: autoDraw = True
106.4101 	EXP 	right: autoDraw = True
106.4101 	EXP 	up: autoDraw = True
106.4101 	EXP 	down: autoDraw = True
106.4266 	EXP 	center: autoDraw = True
106.4266 	EXP 	left: autoDraw = True
106.4266 	EXP 	right: autoDraw = True
106.4266 	EXP 	up: autoDraw = True
106.4266 	EXP 	down: autoDraw = True
106.4434 	EXP 	center: autoDraw = True
106.4434 	EXP 	left: autoDraw = True
106.4434 	EXP 	right: autoDraw = True
106.4434 	EXP 	up: autoDraw = True
106.4434 	EXP 	down: autoDraw = True
106.4601 	EXP 	center: autoDraw = True
106.4601 	EXP 	left: autoDraw = True
106.4601 	EXP 	right: autoDraw = True
106.4601 	EXP 	up: autoDraw = True
106.4601 	EXP 	down: autoDraw = True
106.4602 	EXP 	Sound  started
106.4777 	DATA 	srig
106.4835 	EXP 	center: autoDraw = True
106.4835 	EXP 	left: autoDraw = True
106.4835 	EXP 	right: autoDraw = True
106.4835 	EXP 	up: autoDraw = True
106.4835 	EXP 	down: autoDraw = True
106.4929 	EXP 	center: autoDraw = True
106.4929 	EXP 	left: autoDraw = True
106.4929 	EXP 	right: autoDraw = True
106.4929 	EXP 	up: autoDraw = True
106.4929 	EXP 	down: autoDraw = True
106.5099 	EXP 	center: autoDraw = True
106.5099 	EXP 	left: autoDraw = True
106.5099 	EXP 	right: autoDraw = True
106.5099 	EXP 	up: autoDraw = True
106.5099 	EXP 	down: autoDraw = True
106.5267 	EXP 	center: autoDraw = True
106.5267 	EXP 	left: autoDraw = True
106.5267 	EXP 	right: autoDraw = True
106.5267 	EXP 	up: autoDraw = True
106.5267 	EXP 	down: autoDraw = True
106.5434 	EXP 	center: autoDraw = True
106.5434 	EXP 	left: autoDraw = True
106.5434 	EXP 	right: autoDraw = True
106.5434 	EXP 	up: autoDraw = True
106.5434 	EXP 	down: autoDraw = True
106.5596 	EXP 	center: autoDraw = True
106.5596 	EXP 	left: autoDraw = True
106.5596 	EXP 	right: autoDraw = True
106.5596 	EXP 	up: autoDraw = True
106.5596 	EXP 	down: autoDraw = True
106.5765 	EXP 	center: autoDraw = True
106.5765 	EXP 	left: autoDraw = True
106.5765 	EXP 	right: autoDraw = True
106.5765 	EXP 	up: autoDraw = True
106.5765 	EXP 	down: autoDraw = True
106.5931 	EXP 	center: autoDraw = True
106.5931 	EXP 	left: autoDraw = True
106.5931 	EXP 	right: autoDraw = True
106.5931 	EXP 	up: autoDraw = True
106.5931 	EXP 	down: autoDraw = True
106.6099 	EXP 	center: autoDraw = True
106.6099 	EXP 	left: autoDraw = True
106.6099 	EXP 	right: autoDraw = True
106.6099 	EXP 	up: autoDraw = True
106.6099 	EXP 	down: autoDraw = True
106.6266 	EXP 	center: autoDraw = True
106.6266 	EXP 	left: autoDraw = True
106.6266 	EXP 	right: autoDraw = True
106.6266 	EXP 	up: autoDraw = True
106.6266 	EXP 	down: autoDraw = True
106.6434 	EXP 	center: autoDraw = True
106.6434 	EXP 	left: autoDraw = True
106.6434 	EXP 	right: autoDraw = True
106.6434 	EXP 	up: autoDraw = True
106.6434 	EXP 	down: autoDraw = True
106.6599 	EXP 	center: autoDraw = True
106.6599 	EXP 	left: autoDraw = True
106.6599 	EXP 	right: autoDraw = True
106.6599 	EXP 	up: autoDraw = True
106.6599 	EXP 	down: autoDraw = True
106.6768 	EXP 	center: autoDraw = True
106.6768 	EXP 	left: autoDraw = True
106.6768 	EXP 	right: autoDraw = True
106.6768 	EXP 	up: autoDraw = True
106.6768 	EXP 	down: autoDraw = True
106.6932 	EXP 	center: autoDraw = True
106.6932 	EXP 	left: autoDraw = True
106.6932 	EXP 	right: autoDraw = True
106.6932 	EXP 	up: autoDraw = True
106.6932 	EXP 	down: autoDraw = True
106.7092 	EXP 	center: autoDraw = True
106.7092 	EXP 	left: autoDraw = True
106.7092 	EXP 	right: autoDraw = True
106.7092 	EXP 	up: autoDraw = True
106.7092 	EXP 	down: autoDraw = True
106.7265 	EXP 	center: autoDraw = True
106.7265 	EXP 	left: autoDraw = True
106.7265 	EXP 	right: autoDraw = True
106.7265 	EXP 	up: autoDraw = True
106.7265 	EXP 	down: autoDraw = True
106.7433 	EXP 	center: autoDraw = True
106.7433 	EXP 	left: autoDraw = True
106.7433 	EXP 	right: autoDraw = True
106.7433 	EXP 	up: autoDraw = True
106.7433 	EXP 	down: autoDraw = True
106.7601 	EXP 	center: autoDraw = True
106.7601 	EXP 	left: autoDraw = True
106.7601 	EXP 	right: autoDraw = True
106.7601 	EXP 	up: autoDraw = True
106.7601 	EXP 	down: autoDraw = True
106.7767 	EXP 	center: autoDraw = True
106.7767 	EXP 	left: autoDraw = True
106.7767 	EXP 	right: autoDraw = True
106.7767 	EXP 	up: autoDraw = True
106.7767 	EXP 	down: autoDraw = True
106.7932 	EXP 	center: autoDraw = True
106.7932 	EXP 	left: autoDraw = True
106.7932 	EXP 	right: autoDraw = True
106.7932 	EXP 	up: autoDraw = True
106.7932 	EXP 	down: autoDraw = True
106.7934 	DATA 	wsqS
106.8100 	EXP 	center: autoDraw = True
106.8100 	EXP 	left: autoDraw = True
106.8100 	EXP 	right: autoDraw = True
106.8100 	EXP 	up: autoDraw = True
106.8100 	EXP 	down: autoDraw = True
106.8100 	EXP 	whitesquare: autoDraw = True
106.8261 	EXP 	center: autoDraw = True
106.8261 	EXP 	left: autoDraw = True
106.8261 	EXP 	right: autoDraw = True
106.8261 	EXP 	up: autoDraw = True
106.8261 	EXP 	down: autoDraw = True
106.8261 	EXP 	whitesquare: autoDraw = False
106.8432 	EXP 	center: autoDraw = True
106.8432 	EXP 	left: autoDraw = True
106.8432 	EXP 	right: autoDraw = True
106.8432 	EXP 	up: autoDraw = True
106.8432 	EXP 	down: autoDraw = True
106.8600 	EXP 	center: autoDraw = True
106.8600 	EXP 	left: autoDraw = True
106.8600 	EXP 	right: autoDraw = True
106.8600 	EXP 	up: autoDraw = True
106.8600 	EXP 	down: autoDraw = True
106.8765 	EXP 	center: autoDraw = True
106.8765 	EXP 	left: autoDraw = True
106.8765 	EXP 	right: autoDraw = True
106.8765 	EXP 	up: autoDraw = True
106.8765 	EXP 	down: autoDraw = True
106.8932 	EXP 	center: autoDraw = True
106.8932 	EXP 	left: autoDraw = True
106.8932 	EXP 	right: autoDraw = True
106.8932 	EXP 	up: autoDraw = True
106.8932 	EXP 	down: autoDraw = True
106.9101 	EXP 	center: autoDraw = True
106.9101 	EXP 	left: autoDraw = True
106.9101 	EXP 	right: autoDraw = True
106.9101 	EXP 	up: autoDraw = True
106.9101 	EXP 	down: autoDraw = True
106.9265 	EXP 	center: autoDraw = True
106.9265 	EXP 	left: autoDraw = True
106.9265 	EXP 	right: autoDraw = True
106.9265 	EXP 	up: autoDraw = True
106.9265 	EXP 	down: autoDraw = True
106.9433 	EXP 	center: autoDraw = True
106.9433 	EXP 	left: autoDraw = True
106.9433 	EXP 	right: autoDraw = True
106.9433 	EXP 	up: autoDraw = True
106.9433 	EXP 	down: autoDraw = True
106.9601 	EXP 	center: autoDraw = True
106.9601 	EXP 	left: autoDraw = True
106.9601 	EXP 	right: autoDraw = True
106.9601 	EXP 	up: autoDraw = True
106.9601 	EXP 	down: autoDraw = True
106.9765 	EXP 	center: autoDraw = True
106.9765 	EXP 	left: autoDraw = True
106.9765 	EXP 	right: autoDraw = True
106.9765 	EXP 	up: autoDraw = True
106.9765 	EXP 	down: autoDraw = True
106.9933 	EXP 	center: autoDraw = True
106.9933 	EXP 	left: autoDraw = True
106.9933 	EXP 	right: autoDraw = True
106.9933 	EXP 	up: autoDraw = True
106.9933 	EXP 	down: autoDraw = True
107.0101 	EXP 	center: autoDraw = True
107.0101 	EXP 	left: autoDraw = True
107.0101 	EXP 	right: autoDraw = True
107.0101 	EXP 	up: autoDraw = True
107.0101 	EXP 	down: autoDraw = True
107.0264 	EXP 	center: autoDraw = True
107.0264 	EXP 	left: autoDraw = True
107.0264 	EXP 	right: autoDraw = True
107.0264 	EXP 	up: autoDraw = True
107.0264 	EXP 	down: autoDraw = True
107.0432 	EXP 	center: autoDraw = True
107.0432 	EXP 	left: autoDraw = True
107.0432 	EXP 	right: autoDraw = True
107.0432 	EXP 	up: autoDraw = True
107.0432 	EXP 	down: autoDraw = True
107.0602 	EXP 	center: autoDraw = True
107.0602 	EXP 	left: autoDraw = True
107.0602 	EXP 	right: autoDraw = True
107.0602 	EXP 	up: autoDraw = True
107.0602 	EXP 	down: autoDraw = True
107.0765 	EXP 	center: autoDraw = True
107.0765 	EXP 	left: autoDraw = True
107.0765 	EXP 	right: autoDraw = True
107.0765 	EXP 	up: autoDraw = True
107.0765 	EXP 	down: autoDraw = True
107.0936 	EXP 	center: autoDraw = True
107.0936 	EXP 	left: autoDraw = True
107.0936 	EXP 	right: autoDraw = True
107.0936 	EXP 	up: autoDraw = True
107.0936 	EXP 	down: autoDraw = True
107.1098 	EXP 	center: autoDraw = True
107.1098 	EXP 	left: autoDraw = True
107.1098 	EXP 	right: autoDraw = True
107.1098 	EXP 	up: autoDraw = True
107.1098 	EXP 	down: autoDraw = True
107.1267 	EXP 	center: autoDraw = True
107.1267 	EXP 	left: autoDraw = True
107.1267 	EXP 	right: autoDraw = True
107.1267 	EXP 	up: autoDraw = True
107.1267 	EXP 	down: autoDraw = True
107.1435 	EXP 	center: autoDraw = True
107.1435 	EXP 	left: autoDraw = True
107.1435 	EXP 	right: autoDraw = True
107.1435 	EXP 	up: autoDraw = True
107.1435 	EXP 	down: autoDraw = True
107.1597 	EXP 	center: autoDraw = True
107.1597 	EXP 	left: autoDraw = True
107.1597 	EXP 	right: autoDraw = True
107.1597 	EXP 	up: autoDraw = True
107.1597 	EXP 	down: autoDraw = True
107.1766 	EXP 	center: autoDraw = True
107.1766 	EXP 	left: autoDraw = True
107.1766 	EXP 	right: autoDraw = True
107.1766 	EXP 	up: autoDraw = True
107.1766 	EXP 	down: autoDraw = True
107.1933 	EXP 	center: autoDraw = True
107.1933 	EXP 	left: autoDraw = True
107.1933 	EXP 	right: autoDraw = True
107.1933 	EXP 	up: autoDraw = True
107.1933 	EXP 	down: autoDraw = True
107.2096 	EXP 	center: autoDraw = True
107.2096 	EXP 	left: autoDraw = True
107.2096 	EXP 	right: autoDraw = True
107.2096 	EXP 	up: autoDraw = True
107.2096 	EXP 	down: autoDraw = True
107.2265 	EXP 	center: autoDraw = True
107.2265 	EXP 	left: autoDraw = True
107.2265 	EXP 	right: autoDraw = True
107.2265 	EXP 	up: autoDraw = True
107.2265 	EXP 	down: autoDraw = True
107.2432 	EXP 	center: autoDraw = True
107.2432 	EXP 	left: autoDraw = True
107.2432 	EXP 	right: autoDraw = True
107.2432 	EXP 	up: autoDraw = True
107.2432 	EXP 	down: autoDraw = True
107.2600 	EXP 	center: autoDraw = True
107.2600 	EXP 	left: autoDraw = True
107.2600 	EXP 	right: autoDraw = True
107.2600 	EXP 	up: autoDraw = True
107.2600 	EXP 	down: autoDraw = True
107.2768 	EXP 	center: autoDraw = True
107.2768 	EXP 	left: autoDraw = True
107.2768 	EXP 	right: autoDraw = True
107.2768 	EXP 	up: autoDraw = True
107.2768 	EXP 	down: autoDraw = True
107.2931 	EXP 	center: autoDraw = True
107.2931 	EXP 	left: autoDraw = True
107.2931 	EXP 	right: autoDraw = True
107.2931 	EXP 	up: autoDraw = True
107.2931 	EXP 	down: autoDraw = True
107.3098 	EXP 	center: autoDraw = True
107.3098 	EXP 	left: autoDraw = True
107.3098 	EXP 	right: autoDraw = True
107.3098 	EXP 	up: autoDraw = True
107.3098 	EXP 	down: autoDraw = True
107.3268 	EXP 	center: autoDraw = True
107.3268 	EXP 	left: autoDraw = True
107.3268 	EXP 	right: autoDraw = True
107.3268 	EXP 	up: autoDraw = True
107.3268 	EXP 	down: autoDraw = True
107.3432 	EXP 	center: autoDraw = True
107.3432 	EXP 	left: autoDraw = True
107.3432 	EXP 	right: autoDraw = True
107.3432 	EXP 	up: autoDraw = True
107.3432 	EXP 	down: autoDraw = True
107.3592 	EXP 	center: autoDraw = True
107.3592 	EXP 	left: autoDraw = True
107.3592 	EXP 	right: autoDraw = True
107.3592 	EXP 	up: autoDraw = True
107.3592 	EXP 	down: autoDraw = True
107.3764 	EXP 	center: autoDraw = True
107.3764 	EXP 	left: autoDraw = True
107.3764 	EXP 	right: autoDraw = True
107.3764 	EXP 	up: autoDraw = True
107.3764 	EXP 	down: autoDraw = True
107.3933 	EXP 	center: autoDraw = True
107.3933 	EXP 	left: autoDraw = True
107.3933 	EXP 	right: autoDraw = True
107.3933 	EXP 	up: autoDraw = True
107.3933 	EXP 	down: autoDraw = True
107.4102 	EXP 	center: autoDraw = True
107.4102 	EXP 	left: autoDraw = True
107.4102 	EXP 	right: autoDraw = True
107.4102 	EXP 	up: autoDraw = True
107.4102 	EXP 	down: autoDraw = True
107.4265 	EXP 	center: autoDraw = True
107.4265 	EXP 	left: autoDraw = True
107.4265 	EXP 	right: autoDraw = True
107.4265 	EXP 	up: autoDraw = True
107.4265 	EXP 	down: autoDraw = True
107.4434 	EXP 	center: autoDraw = True
107.4434 	EXP 	left: autoDraw = True
107.4434 	EXP 	right: autoDraw = True
107.4434 	EXP 	up: autoDraw = True
107.4434 	EXP 	down: autoDraw = True
107.4600 	EXP 	center: autoDraw = True
107.4600 	EXP 	left: autoDraw = True
107.4600 	EXP 	right: autoDraw = True
107.4600 	EXP 	up: autoDraw = True
107.4600 	EXP 	down: autoDraw = True
107.4766 	EXP 	center: autoDraw = True
107.4766 	EXP 	left: autoDraw = True
107.4766 	EXP 	right: autoDraw = True
107.4766 	EXP 	up: autoDraw = True
107.4766 	EXP 	down: autoDraw = True
107.4934 	EXP 	center: autoDraw = True
107.4934 	EXP 	left: autoDraw = True
107.4934 	EXP 	right: autoDraw = True
107.4934 	EXP 	up: autoDraw = True
107.4934 	EXP 	down: autoDraw = True
107.5098 	EXP 	center: autoDraw = True
107.5098 	EXP 	left: autoDraw = True
107.5098 	EXP 	right: autoDraw = True
107.5098 	EXP 	up: autoDraw = True
107.5098 	EXP 	down: autoDraw = True
107.5265 	EXP 	center: autoDraw = True
107.5265 	EXP 	left: autoDraw = True
107.5265 	EXP 	right: autoDraw = True
107.5265 	EXP 	up: autoDraw = True
107.5265 	EXP 	down: autoDraw = True
107.5433 	EXP 	center: autoDraw = True
107.5433 	EXP 	left: autoDraw = True
107.5433 	EXP 	right: autoDraw = True
107.5433 	EXP 	up: autoDraw = True
107.5433 	EXP 	down: autoDraw = True
107.5601 	EXP 	center: autoDraw = True
107.5601 	EXP 	left: autoDraw = True
107.5601 	EXP 	right: autoDraw = True
107.5601 	EXP 	up: autoDraw = True
107.5601 	EXP 	down: autoDraw = True
107.5765 	EXP 	center: autoDraw = True
107.5765 	EXP 	left: autoDraw = True
107.5765 	EXP 	right: autoDraw = True
107.5765 	EXP 	up: autoDraw = True
107.5765 	EXP 	down: autoDraw = True
107.5933 	EXP 	center: autoDraw = True
107.5933 	EXP 	left: autoDraw = True
107.5933 	EXP 	right: autoDraw = True
107.5933 	EXP 	up: autoDraw = True
107.5933 	EXP 	down: autoDraw = True
107.6100 	EXP 	center: autoDraw = True
107.6100 	EXP 	left: autoDraw = True
107.6100 	EXP 	right: autoDraw = True
107.6100 	EXP 	up: autoDraw = True
107.6100 	EXP 	down: autoDraw = True
107.6265 	EXP 	center: autoDraw = True
107.6265 	EXP 	left: autoDraw = True
107.6265 	EXP 	right: autoDraw = True
107.6265 	EXP 	up: autoDraw = True
107.6265 	EXP 	down: autoDraw = True
107.6432 	EXP 	center: autoDraw = True
107.6432 	EXP 	left: autoDraw = True
107.6432 	EXP 	right: autoDraw = True
107.6432 	EXP 	up: autoDraw = True
107.6432 	EXP 	down: autoDraw = True
107.6601 	EXP 	center: autoDraw = True
107.6601 	EXP 	left: autoDraw = True
107.6601 	EXP 	right: autoDraw = True
107.6601 	EXP 	up: autoDraw = True
107.6601 	EXP 	down: autoDraw = True
107.6764 	EXP 	center: autoDraw = True
107.6764 	EXP 	left: autoDraw = True
107.6764 	EXP 	right: autoDraw = True
107.6764 	EXP 	up: autoDraw = True
107.6764 	EXP 	down: autoDraw = True
107.6932 	EXP 	center: autoDraw = True
107.6932 	EXP 	left: autoDraw = True
107.6932 	EXP 	right: autoDraw = True
107.6932 	EXP 	up: autoDraw = True
107.6932 	EXP 	down: autoDraw = True
107.7100 	EXP 	center: autoDraw = True
107.7100 	EXP 	left: autoDraw = True
107.7100 	EXP 	right: autoDraw = True
107.7100 	EXP 	up: autoDraw = True
107.7100 	EXP 	down: autoDraw = True
107.7264 	EXP 	center: autoDraw = True
107.7264 	EXP 	left: autoDraw = True
107.7264 	EXP 	right: autoDraw = True
107.7264 	EXP 	up: autoDraw = True
107.7264 	EXP 	down: autoDraw = True
107.7425 	EXP 	center: autoDraw = True
107.7425 	EXP 	left: autoDraw = True
107.7425 	EXP 	right: autoDraw = True
107.7425 	EXP 	up: autoDraw = True
107.7425 	EXP 	down: autoDraw = True
107.7598 	EXP 	center: autoDraw = True
107.7598 	EXP 	left: autoDraw = True
107.7598 	EXP 	right: autoDraw = True
107.7598 	EXP 	up: autoDraw = True
107.7598 	EXP 	down: autoDraw = True
107.7766 	EXP 	center: autoDraw = True
107.7766 	EXP 	left: autoDraw = True
107.7766 	EXP 	right: autoDraw = True
107.7766 	EXP 	up: autoDraw = True
107.7766 	EXP 	down: autoDraw = True
107.7933 	EXP 	center: autoDraw = True
107.7933 	EXP 	left: autoDraw = True
107.7933 	EXP 	right: autoDraw = True
107.7933 	EXP 	up: autoDraw = True
107.7933 	EXP 	down: autoDraw = True
107.8097 	EXP 	center: autoDraw = True
107.8097 	EXP 	left: autoDraw = True
107.8097 	EXP 	right: autoDraw = True
107.8097 	EXP 	up: autoDraw = True
107.8097 	EXP 	down: autoDraw = True
107.8266 	EXP 	center: autoDraw = True
107.8266 	EXP 	left: autoDraw = True
107.8266 	EXP 	right: autoDraw = True
107.8266 	EXP 	up: autoDraw = True
107.8266 	EXP 	down: autoDraw = True
107.8434 	EXP 	center: autoDraw = True
107.8434 	EXP 	left: autoDraw = True
107.8434 	EXP 	right: autoDraw = True
107.8434 	EXP 	up: autoDraw = True
107.8434 	EXP 	down: autoDraw = True
107.8599 	EXP 	center: autoDraw = True
107.8599 	EXP 	left: autoDraw = True
107.8599 	EXP 	right: autoDraw = True
107.8599 	EXP 	up: autoDraw = True
107.8599 	EXP 	down: autoDraw = True
107.8766 	EXP 	center: autoDraw = True
107.8766 	EXP 	left: autoDraw = True
107.8766 	EXP 	right: autoDraw = True
107.8766 	EXP 	up: autoDraw = True
107.8766 	EXP 	down: autoDraw = True
107.8933 	EXP 	center: autoDraw = True
107.8933 	EXP 	left: autoDraw = True
107.8933 	EXP 	right: autoDraw = True
107.8933 	EXP 	up: autoDraw = True
107.8933 	EXP 	down: autoDraw = True
107.9101 	EXP 	center: autoDraw = True
107.9101 	EXP 	left: autoDraw = True
107.9101 	EXP 	right: autoDraw = True
107.9101 	EXP 	up: autoDraw = True
107.9101 	EXP 	down: autoDraw = True
107.9264 	EXP 	center: autoDraw = True
107.9264 	EXP 	left: autoDraw = True
107.9264 	EXP 	right: autoDraw = True
107.9264 	EXP 	up: autoDraw = True
107.9264 	EXP 	down: autoDraw = True
107.9432 	EXP 	center: autoDraw = True
107.9432 	EXP 	left: autoDraw = True
107.9432 	EXP 	right: autoDraw = True
107.9432 	EXP 	up: autoDraw = True
107.9432 	EXP 	down: autoDraw = True
107.9599 	EXP 	center: autoDraw = True
107.9599 	EXP 	left: autoDraw = True
107.9599 	EXP 	right: autoDraw = True
107.9599 	EXP 	up: autoDraw = True
107.9599 	EXP 	down: autoDraw = True
107.9762 	EXP 	center: autoDraw = True
107.9762 	EXP 	left: autoDraw = True
107.9762 	EXP 	right: autoDraw = True
107.9762 	EXP 	up: autoDraw = True
107.9762 	EXP 	down: autoDraw = True
107.9933 	EXP 	center: autoDraw = True
107.9933 	EXP 	left: autoDraw = True
107.9933 	EXP 	right: autoDraw = True
107.9933 	EXP 	up: autoDraw = True
107.9933 	EXP 	down: autoDraw = True
108.0095 	EXP 	center: autoDraw = True
108.0095 	EXP 	left: autoDraw = True
108.0095 	EXP 	right: autoDraw = True
108.0095 	EXP 	up: autoDraw = True
108.0095 	EXP 	down: autoDraw = True
108.0266 	EXP 	center: autoDraw = True
108.0266 	EXP 	left: autoDraw = True
108.0266 	EXP 	right: autoDraw = True
108.0266 	EXP 	up: autoDraw = True
108.0266 	EXP 	down: autoDraw = True
108.0429 	EXP 	center: autoDraw = True
108.0429 	EXP 	left: autoDraw = True
108.0429 	EXP 	right: autoDraw = True
108.0429 	EXP 	up: autoDraw = True
108.0429 	EXP 	down: autoDraw = True
108.0598 	EXP 	center: autoDraw = True
108.0598 	EXP 	left: autoDraw = True
108.0598 	EXP 	right: autoDraw = True
108.0598 	EXP 	up: autoDraw = True
108.0598 	EXP 	down: autoDraw = True
108.0766 	EXP 	center: autoDraw = True
108.0766 	EXP 	left: autoDraw = True
108.0766 	EXP 	right: autoDraw = True
108.0766 	EXP 	up: autoDraw = True
108.0766 	EXP 	down: autoDraw = True
108.0931 	EXP 	center: autoDraw = True
108.0931 	EXP 	left: autoDraw = True
108.0931 	EXP 	right: autoDraw = True
108.0931 	EXP 	up: autoDraw = True
108.0931 	EXP 	down: autoDraw = True
108.1098 	EXP 	center: autoDraw = True
108.1098 	EXP 	left: autoDraw = True
108.1098 	EXP 	right: autoDraw = True
108.1098 	EXP 	up: autoDraw = True
108.1098 	EXP 	down: autoDraw = True
108.1267 	EXP 	center: autoDraw = True
108.1267 	EXP 	left: autoDraw = True
108.1267 	EXP 	right: autoDraw = True
108.1267 	EXP 	up: autoDraw = True
108.1267 	EXP 	down: autoDraw = True
108.1431 	EXP 	center: autoDraw = True
108.1431 	EXP 	left: autoDraw = True
108.1431 	EXP 	right: autoDraw = True
108.1431 	EXP 	up: autoDraw = True
108.1431 	EXP 	down: autoDraw = True
108.1598 	EXP 	center: autoDraw = True
108.1598 	EXP 	left: autoDraw = True
108.1598 	EXP 	right: autoDraw = True
108.1598 	EXP 	up: autoDraw = True
108.1598 	EXP 	down: autoDraw = True
108.1767 	EXP 	center: autoDraw = True
108.1767 	EXP 	left: autoDraw = True
108.1767 	EXP 	right: autoDraw = True
108.1767 	EXP 	up: autoDraw = True
108.1767 	EXP 	down: autoDraw = True
108.1931 	EXP 	center: autoDraw = True
108.1931 	EXP 	left: autoDraw = True
108.1931 	EXP 	right: autoDraw = True
108.1931 	EXP 	up: autoDraw = True
108.1931 	EXP 	down: autoDraw = True
108.2099 	EXP 	center: autoDraw = True
108.2099 	EXP 	left: autoDraw = True
108.2099 	EXP 	right: autoDraw = True
108.2099 	EXP 	up: autoDraw = True
108.2099 	EXP 	down: autoDraw = True
108.2267 	EXP 	center: autoDraw = True
108.2267 	EXP 	left: autoDraw = True
108.2267 	EXP 	right: autoDraw = True
108.2267 	EXP 	up: autoDraw = True
108.2267 	EXP 	down: autoDraw = True
108.2429 	EXP 	center: autoDraw = True
108.2429 	EXP 	left: autoDraw = True
108.2429 	EXP 	right: autoDraw = True
108.2429 	EXP 	up: autoDraw = True
108.2429 	EXP 	down: autoDraw = True
108.2598 	EXP 	center: autoDraw = True
108.2598 	EXP 	left: autoDraw = True
108.2598 	EXP 	right: autoDraw = True
108.2598 	EXP 	up: autoDraw = True
108.2598 	EXP 	down: autoDraw = True
108.2766 	EXP 	center: autoDraw = True
108.2766 	EXP 	left: autoDraw = True
108.2766 	EXP 	right: autoDraw = True
108.2766 	EXP 	up: autoDraw = True
108.2766 	EXP 	down: autoDraw = True
108.2930 	EXP 	center: autoDraw = True
108.2930 	EXP 	left: autoDraw = True
108.2930 	EXP 	right: autoDraw = True
108.2930 	EXP 	up: autoDraw = True
108.2930 	EXP 	down: autoDraw = True
108.3098 	EXP 	center: autoDraw = True
108.3098 	EXP 	left: autoDraw = True
108.3098 	EXP 	right: autoDraw = True
108.3098 	EXP 	up: autoDraw = True
108.3098 	EXP 	down: autoDraw = True
108.3268 	EXP 	center: autoDraw = True
108.3268 	EXP 	left: autoDraw = True
108.3268 	EXP 	right: autoDraw = True
108.3268 	EXP 	up: autoDraw = True
108.3268 	EXP 	down: autoDraw = True
108.3430 	EXP 	center: autoDraw = True
108.3430 	EXP 	left: autoDraw = True
108.3430 	EXP 	right: autoDraw = True
108.3430 	EXP 	up: autoDraw = True
108.3430 	EXP 	down: autoDraw = True
108.3599 	EXP 	center: autoDraw = True
108.3599 	EXP 	left: autoDraw = True
108.3599 	EXP 	right: autoDraw = True
108.3599 	EXP 	up: autoDraw = True
108.3599 	EXP 	down: autoDraw = True
108.3766 	EXP 	center: autoDraw = True
108.3766 	EXP 	left: autoDraw = True
108.3766 	EXP 	right: autoDraw = True
108.3766 	EXP 	up: autoDraw = True
108.3766 	EXP 	down: autoDraw = True
108.3932 	EXP 	center: autoDraw = True
108.3932 	EXP 	left: autoDraw = True
108.3932 	EXP 	right: autoDraw = True
108.3932 	EXP 	up: autoDraw = True
108.3932 	EXP 	down: autoDraw = True
108.4100 	EXP 	center: autoDraw = True
108.4100 	EXP 	left: autoDraw = True
108.4100 	EXP 	right: autoDraw = True
108.4100 	EXP 	up: autoDraw = True
108.4100 	EXP 	down: autoDraw = True
108.4265 	EXP 	center: autoDraw = True
108.4265 	EXP 	left: autoDraw = True
108.4265 	EXP 	right: autoDraw = True
108.4265 	EXP 	up: autoDraw = True
108.4265 	EXP 	down: autoDraw = True
108.4433 	EXP 	center: autoDraw = True
108.4433 	EXP 	left: autoDraw = True
108.4433 	EXP 	right: autoDraw = True
108.4433 	EXP 	up: autoDraw = True
108.4433 	EXP 	down: autoDraw = True
108.4596 	EXP 	center: autoDraw = True
108.4596 	EXP 	left: autoDraw = True
108.4596 	EXP 	right: autoDraw = True
108.4596 	EXP 	up: autoDraw = True
108.4596 	EXP 	down: autoDraw = True
108.4765 	EXP 	center: autoDraw = True
108.4765 	EXP 	left: autoDraw = True
108.4765 	EXP 	right: autoDraw = True
108.4765 	EXP 	up: autoDraw = True
108.4765 	EXP 	down: autoDraw = True
108.4931 	EXP 	center: autoDraw = True
108.4931 	EXP 	left: autoDraw = True
108.4931 	EXP 	right: autoDraw = True
108.4931 	EXP 	up: autoDraw = True
108.4931 	EXP 	down: autoDraw = True
108.5099 	EXP 	center: autoDraw = True
108.5099 	EXP 	left: autoDraw = True
108.5099 	EXP 	right: autoDraw = True
108.5099 	EXP 	up: autoDraw = True
108.5099 	EXP 	down: autoDraw = True
108.5267 	EXP 	center: autoDraw = True
108.5267 	EXP 	left: autoDraw = True
108.5267 	EXP 	right: autoDraw = True
108.5267 	EXP 	up: autoDraw = True
108.5267 	EXP 	down: autoDraw = True
108.5431 	EXP 	center: autoDraw = True
108.5431 	EXP 	left: autoDraw = True
108.5431 	EXP 	right: autoDraw = True
108.5431 	EXP 	up: autoDraw = True
108.5431 	EXP 	down: autoDraw = True
108.5598 	EXP 	center: autoDraw = True
108.5598 	EXP 	left: autoDraw = True
108.5598 	EXP 	right: autoDraw = True
108.5598 	EXP 	up: autoDraw = True
108.5598 	EXP 	down: autoDraw = True
108.5765 	EXP 	center: autoDraw = True
108.5765 	EXP 	left: autoDraw = True
108.5765 	EXP 	right: autoDraw = True
108.5765 	EXP 	up: autoDraw = True
108.5765 	EXP 	down: autoDraw = True
108.5934 	EXP 	center: autoDraw = True
108.5934 	EXP 	left: autoDraw = True
108.5934 	EXP 	right: autoDraw = True
108.5934 	EXP 	up: autoDraw = True
108.5934 	EXP 	down: autoDraw = True
108.6097 	EXP 	center: autoDraw = True
108.6097 	EXP 	left: autoDraw = True
108.6097 	EXP 	right: autoDraw = True
108.6097 	EXP 	up: autoDraw = True
108.6097 	EXP 	down: autoDraw = True
108.6265 	EXP 	center: autoDraw = True
108.6265 	EXP 	left: autoDraw = True
108.6265 	EXP 	right: autoDraw = True
108.6265 	EXP 	up: autoDraw = True
108.6265 	EXP 	down: autoDraw = True
108.6434 	EXP 	center: autoDraw = True
108.6434 	EXP 	left: autoDraw = True
108.6434 	EXP 	right: autoDraw = True
108.6434 	EXP 	up: autoDraw = True
108.6434 	EXP 	down: autoDraw = True
108.6596 	EXP 	center: autoDraw = True
108.6596 	EXP 	left: autoDraw = True
108.6596 	EXP 	right: autoDraw = True
108.6596 	EXP 	up: autoDraw = True
108.6596 	EXP 	down: autoDraw = True
108.6764 	EXP 	center: autoDraw = True
108.6764 	EXP 	left: autoDraw = True
108.6764 	EXP 	right: autoDraw = True
108.6764 	EXP 	up: autoDraw = True
108.6764 	EXP 	down: autoDraw = True
108.6932 	EXP 	center: autoDraw = True
108.6932 	EXP 	left: autoDraw = True
108.6932 	EXP 	right: autoDraw = True
108.6932 	EXP 	up: autoDraw = True
108.6932 	EXP 	down: autoDraw = True
108.7099 	EXP 	center: autoDraw = True
108.7099 	EXP 	left: autoDraw = True
108.7099 	EXP 	right: autoDraw = True
108.7099 	EXP 	up: autoDraw = True
108.7099 	EXP 	down: autoDraw = True
108.7264 	EXP 	center: autoDraw = True
108.7264 	EXP 	left: autoDraw = True
108.7264 	EXP 	right: autoDraw = True
108.7264 	EXP 	up: autoDraw = True
108.7264 	EXP 	down: autoDraw = True
108.7431 	EXP 	center: autoDraw = True
108.7431 	EXP 	left: autoDraw = True
108.7431 	EXP 	right: autoDraw = True
108.7431 	EXP 	up: autoDraw = True
108.7431 	EXP 	down: autoDraw = True
108.7599 	EXP 	center: autoDraw = True
108.7599 	EXP 	left: autoDraw = True
108.7599 	EXP 	right: autoDraw = True
108.7599 	EXP 	up: autoDraw = True
108.7599 	EXP 	down: autoDraw = True
108.7759 	EXP 	center: autoDraw = True
108.7759 	EXP 	left: autoDraw = True
108.7759 	EXP 	right: autoDraw = True
108.7759 	EXP 	up: autoDraw = True
108.7759 	EXP 	down: autoDraw = True
108.7930 	EXP 	center: autoDraw = True
108.7930 	EXP 	left: autoDraw = True
108.7930 	EXP 	right: autoDraw = True
108.7930 	EXP 	up: autoDraw = True
108.7930 	EXP 	down: autoDraw = True
108.8099 	EXP 	center: autoDraw = True
108.8099 	EXP 	left: autoDraw = True
108.8099 	EXP 	right: autoDraw = True
108.8099 	EXP 	up: autoDraw = True
108.8099 	EXP 	down: autoDraw = True
108.8267 	EXP 	center: autoDraw = True
108.8267 	EXP 	left: autoDraw = True
108.8267 	EXP 	right: autoDraw = True
108.8267 	EXP 	up: autoDraw = True
108.8267 	EXP 	down: autoDraw = True
108.8432 	EXP 	center: autoDraw = True
108.8432 	EXP 	left: autoDraw = True
108.8432 	EXP 	right: autoDraw = True
108.8432 	EXP 	up: autoDraw = True
108.8432 	EXP 	down: autoDraw = True
108.8600 	EXP 	center: autoDraw = True
108.8600 	EXP 	left: autoDraw = True
108.8600 	EXP 	right: autoDraw = True
108.8600 	EXP 	up: autoDraw = True
108.8600 	EXP 	down: autoDraw = True
108.8763 	EXP 	center: autoDraw = True
108.8763 	EXP 	left: autoDraw = True
108.8763 	EXP 	right: autoDraw = True
108.8763 	EXP 	up: autoDraw = True
108.8763 	EXP 	down: autoDraw = True
108.8932 	EXP 	center: autoDraw = True
108.8932 	EXP 	left: autoDraw = True
108.8932 	EXP 	right: autoDraw = True
108.8932 	EXP 	up: autoDraw = True
108.8932 	EXP 	down: autoDraw = True
108.9099 	EXP 	center: autoDraw = True
108.9099 	EXP 	left: autoDraw = True
108.9099 	EXP 	right: autoDraw = True
108.9099 	EXP 	up: autoDraw = True
108.9099 	EXP 	down: autoDraw = True
108.9264 	EXP 	center: autoDraw = True
108.9264 	EXP 	left: autoDraw = True
108.9264 	EXP 	right: autoDraw = True
108.9264 	EXP 	up: autoDraw = True
108.9264 	EXP 	down: autoDraw = True
108.9431 	EXP 	center: autoDraw = True
108.9431 	EXP 	left: autoDraw = True
108.9431 	EXP 	right: autoDraw = True
108.9431 	EXP 	up: autoDraw = True
108.9431 	EXP 	down: autoDraw = True
108.9599 	EXP 	center: autoDraw = True
108.9599 	EXP 	left: autoDraw = True
108.9599 	EXP 	right: autoDraw = True
108.9599 	EXP 	up: autoDraw = True
108.9599 	EXP 	down: autoDraw = True
108.9601 	EXP 	Sound  started
108.9734 	DATA 	srig
108.9858 	EXP 	center: autoDraw = True
108.9858 	EXP 	left: autoDraw = True
108.9858 	EXP 	right: autoDraw = True
108.9858 	EXP 	up: autoDraw = True
108.9858 	EXP 	down: autoDraw = True
108.9930 	EXP 	center: autoDraw = True
108.9930 	EXP 	left: autoDraw = True
108.9930 	EXP 	right: autoDraw = True
108.9930 	EXP 	up: autoDraw = True
108.9930 	EXP 	down: autoDraw = True
109.0099 	EXP 	center: autoDraw = True
109.0099 	EXP 	left: autoDraw = True
109.0099 	EXP 	right: autoDraw = True
109.0099 	EXP 	up: autoDraw = True
109.0099 	EXP 	down: autoDraw = True
109.0264 	EXP 	center: autoDraw = True
109.0264 	EXP 	left: autoDraw = True
109.0264 	EXP 	right: autoDraw = True
109.0264 	EXP 	up: autoDraw = True
109.0264 	EXP 	down: autoDraw = True
109.0427 	EXP 	center: autoDraw = True
109.0427 	EXP 	left: autoDraw = True
109.0427 	EXP 	right: autoDraw = True
109.0427 	EXP 	up: autoDraw = True
109.0427 	EXP 	down: autoDraw = True
109.0597 	EXP 	center: autoDraw = True
109.0597 	EXP 	left: autoDraw = True
109.0597 	EXP 	right: autoDraw = True
109.0597 	EXP 	up: autoDraw = True
109.0597 	EXP 	down: autoDraw = True
109.0765 	EXP 	center: autoDraw = True
109.0765 	EXP 	left: autoDraw = True
109.0765 	EXP 	right: autoDraw = True
109.0765 	EXP 	up: autoDraw = True
109.0765 	EXP 	down: autoDraw = True
109.0933 	EXP 	center: autoDraw = True
109.0933 	EXP 	left: autoDraw = True
109.0933 	EXP 	right: autoDraw = True
109.0933 	EXP 	up: autoDraw = True
109.0933 	EXP 	down: autoDraw = True
109.1096 	EXP 	center: autoDraw = True
109.1096 	EXP 	left: autoDraw = True
109.1096 	EXP 	right: autoDraw = True
109.1096 	EXP 	up: autoDraw = True
109.1096 	EXP 	down: autoDraw = True
109.1265 	EXP 	center: autoDraw = True
109.1265 	EXP 	left: autoDraw = True
109.1265 	EXP 	right: autoDraw = True
109.1265 	EXP 	up: autoDraw = True
109.1265 	EXP 	down: autoDraw = True
109.1433 	EXP 	center: autoDraw = True
109.1433 	EXP 	left: autoDraw = True
109.1433 	EXP 	right: autoDraw = True
109.1433 	EXP 	up: autoDraw = True
109.1433 	EXP 	down: autoDraw = True
109.1601 	EXP 	center: autoDraw = True
109.1601 	EXP 	left: autoDraw = True
109.1601 	EXP 	right: autoDraw = True
109.1601 	EXP 	up: autoDraw = True
109.1601 	EXP 	down: autoDraw = True
109.1765 	EXP 	center: autoDraw = True
109.1765 	EXP 	left: autoDraw = True
109.1765 	EXP 	right: autoDraw = True
109.1765 	EXP 	up: autoDraw = True
109.1765 	EXP 	down: autoDraw = True
109.1934 	EXP 	center: autoDraw = True
109.1934 	EXP 	left: autoDraw = True
109.1934 	EXP 	right: autoDraw = True
109.1934 	EXP 	up: autoDraw = True
109.1934 	EXP 	down: autoDraw = True
109.2097 	EXP 	center: autoDraw = True
109.2097 	EXP 	left: autoDraw = True
109.2097 	EXP 	right: autoDraw = True
109.2097 	EXP 	up: autoDraw = True
109.2097 	EXP 	down: autoDraw = True
109.2265 	EXP 	center: autoDraw = True
109.2265 	EXP 	left: autoDraw = True
109.2265 	EXP 	right: autoDraw = True
109.2265 	EXP 	up: autoDraw = True
109.2265 	EXP 	down: autoDraw = True
109.2430 	EXP 	center: autoDraw = True
109.2430 	EXP 	left: autoDraw = True
109.2430 	EXP 	right: autoDraw = True
109.2430 	EXP 	up: autoDraw = True
109.2430 	EXP 	down: autoDraw = True
109.2598 	EXP 	center: autoDraw = True
109.2598 	EXP 	left: autoDraw = True
109.2598 	EXP 	right: autoDraw = True
109.2598 	EXP 	up: autoDraw = True
109.2598 	EXP 	down: autoDraw = True
109.2766 	EXP 	center: autoDraw = True
109.2766 	EXP 	left: autoDraw = True
109.2766 	EXP 	right: autoDraw = True
109.2766 	EXP 	up: autoDraw = True
109.2766 	EXP 	down: autoDraw = True
109.2929 	EXP 	center: autoDraw = True
109.2929 	EXP 	left: autoDraw = True
109.2929 	EXP 	right: autoDraw = True
109.2929 	EXP 	up: autoDraw = True
109.2929 	EXP 	down: autoDraw = True
109.2931 	DATA 	wsqS
109.3098 	EXP 	center: autoDraw = True
109.3098 	EXP 	left: autoDraw = True
109.3098 	EXP 	right: autoDraw = True
109.3098 	EXP 	up: autoDraw = True
109.3098 	EXP 	down: autoDraw = True
109.3098 	EXP 	whitesquare: autoDraw = True
109.3266 	EXP 	center: autoDraw = True
109.3266 	EXP 	left: autoDraw = True
109.3266 	EXP 	right: autoDraw = True
109.3266 	EXP 	up: autoDraw = True
109.3266 	EXP 	down: autoDraw = True
109.3266 	EXP 	whitesquare: autoDraw = False
109.3430 	EXP 	center: autoDraw = True
109.3430 	EXP 	left: autoDraw = True
109.3430 	EXP 	right: autoDraw = True
109.3430 	EXP 	up: autoDraw = True
109.3430 	EXP 	down: autoDraw = True
109.3599 	EXP 	center: autoDraw = True
109.3599 	EXP 	left: autoDraw = True
109.3599 	EXP 	right: autoDraw = True
109.3599 	EXP 	up: autoDraw = True
109.3599 	EXP 	down: autoDraw = True
109.3763 	EXP 	center: autoDraw = True
109.3763 	EXP 	left: autoDraw = True
109.3763 	EXP 	right: autoDraw = True
109.3763 	EXP 	up: autoDraw = True
109.3763 	EXP 	down: autoDraw = True
109.3931 	EXP 	center: autoDraw = True
109.3931 	EXP 	left: autoDraw = True
109.3931 	EXP 	right: autoDraw = True
109.3931 	EXP 	up: autoDraw = True
109.3931 	EXP 	down: autoDraw = True
109.4099 	EXP 	center: autoDraw = True
109.4099 	EXP 	left: autoDraw = True
109.4099 	EXP 	right: autoDraw = True
109.4099 	EXP 	up: autoDraw = True
109.4099 	EXP 	down: autoDraw = True
109.4263 	EXP 	center: autoDraw = True
109.4263 	EXP 	left: autoDraw = True
109.4263 	EXP 	right: autoDraw = True
109.4263 	EXP 	up: autoDraw = True
109.4263 	EXP 	down: autoDraw = True
109.4430 	EXP 	center: autoDraw = True
109.4430 	EXP 	left: autoDraw = True
109.4430 	EXP 	right: autoDraw = True
109.4430 	EXP 	up: autoDraw = True
109.4430 	EXP 	down: autoDraw = True
109.4599 	EXP 	center: autoDraw = True
109.4599 	EXP 	left: autoDraw = True
109.4599 	EXP 	right: autoDraw = True
109.4599 	EXP 	up: autoDraw = True
109.4599 	EXP 	down: autoDraw = True
109.4765 	EXP 	center: autoDraw = True
109.4765 	EXP 	left: autoDraw = True
109.4765 	EXP 	right: autoDraw = True
109.4765 	EXP 	up: autoDraw = True
109.4765 	EXP 	down: autoDraw = True
109.4933 	EXP 	center: autoDraw = True
109.4933 	EXP 	left: autoDraw = True
109.4933 	EXP 	right: autoDraw = True
109.4933 	EXP 	up: autoDraw = True
109.4933 	EXP 	down: autoDraw = True
109.5097 	EXP 	center: autoDraw = True
109.5097 	EXP 	left: autoDraw = True
109.5097 	EXP 	right: autoDraw = True
109.5097 	EXP 	up: autoDraw = True
109.5097 	EXP 	down: autoDraw = True
109.5264 	EXP 	center: autoDraw = True
109.5264 	EXP 	left: autoDraw = True
109.5264 	EXP 	right: autoDraw = True
109.5264 	EXP 	up: autoDraw = True
109.5264 	EXP 	down: autoDraw = True
109.5433 	EXP 	center: autoDraw = True
109.5433 	EXP 	left: autoDraw = True
109.5433 	EXP 	right: autoDraw = True
109.5433 	EXP 	up: autoDraw = True
109.5433 	EXP 	down: autoDraw = True
109.5596 	EXP 	center: autoDraw = True
109.5596 	EXP 	left: autoDraw = True
109.5596 	EXP 	right: autoDraw = True
109.5596 	EXP 	up: autoDraw = True
109.5596 	EXP 	down: autoDraw = True
109.5764 	EXP 	center: autoDraw = True
109.5764 	EXP 	left: autoDraw = True
109.5764 	EXP 	right: autoDraw = True
109.5764 	EXP 	up: autoDraw = True
109.5764 	EXP 	down: autoDraw = True
109.5931 	EXP 	center: autoDraw = True
109.5931 	EXP 	left: autoDraw = True
109.5931 	EXP 	right: autoDraw = True
109.5931 	EXP 	up: autoDraw = True
109.5931 	EXP 	down: autoDraw = True
109.6096 	EXP 	center: autoDraw = True
109.6096 	EXP 	left: autoDraw = True
109.6096 	EXP 	right: autoDraw = True
109.6096 	EXP 	up: autoDraw = True
109.6096 	EXP 	down: autoDraw = True
109.6264 	EXP 	center: autoDraw = True
109.6264 	EXP 	left: autoDraw = True
109.6264 	EXP 	right: autoDraw = True
109.6264 	EXP 	up: autoDraw = True
109.6264 	EXP 	down: autoDraw = True
109.6432 	EXP 	center: autoDraw = True
109.6432 	EXP 	left: autoDraw = True
109.6432 	EXP 	right: autoDraw = True
109.6432 	EXP 	up: autoDraw = True
109.6432 	EXP 	down: autoDraw = True
109.6594 	EXP 	center: autoDraw = True
109.6594 	EXP 	left: autoDraw = True
109.6594 	EXP 	right: autoDraw = True
109.6594 	EXP 	up: autoDraw = True
109.6594 	EXP 	down: autoDraw = True
109.6764 	EXP 	center: autoDraw = True
109.6764 	EXP 	left: autoDraw = True
109.6764 	EXP 	right: autoDraw = True
109.6764 	EXP 	up: autoDraw = True
109.6764 	EXP 	down: autoDraw = True
109.6928 	EXP 	center: autoDraw = True
109.6928 	EXP 	left: autoDraw = True
109.6928 	EXP 	right: autoDraw = True
109.6928 	EXP 	up: autoDraw = True
109.6928 	EXP 	down: autoDraw = True
109.7096 	EXP 	center: autoDraw = True
109.7096 	EXP 	left: autoDraw = True
109.7096 	EXP 	right: autoDraw = True
109.7096 	EXP 	up: autoDraw = True
109.7096 	EXP 	down: autoDraw = True
109.7265 	EXP 	center: autoDraw = True
109.7265 	EXP 	left: autoDraw = True
109.7265 	EXP 	right: autoDraw = True
109.7265 	EXP 	up: autoDraw = True
109.7265 	EXP 	down: autoDraw = True
109.7433 	EXP 	center: autoDraw = True
109.7433 	EXP 	left: autoDraw = True
109.7433 	EXP 	right: autoDraw = True
109.7433 	EXP 	up: autoDraw = True
109.7433 	EXP 	down: autoDraw = True
109.7596 	EXP 	center: autoDraw = True
109.7596 	EXP 	left: autoDraw = True
109.7596 	EXP 	right: autoDraw = True
109.7596 	EXP 	up: autoDraw = True
109.7596 	EXP 	down: autoDraw = True
109.7766 	EXP 	center: autoDraw = True
109.7766 	EXP 	left: autoDraw = True
109.7766 	EXP 	right: autoDraw = True
109.7766 	EXP 	up: autoDraw = True
109.7766 	EXP 	down: autoDraw = True
109.7928 	EXP 	center: autoDraw = True
109.7928 	EXP 	left: autoDraw = True
109.7928 	EXP 	right: autoDraw = True
109.7928 	EXP 	up: autoDraw = True
109.7928 	EXP 	down: autoDraw = True
109.8090 	EXP 	center: autoDraw = True
109.8090 	EXP 	left: autoDraw = True
109.8090 	EXP 	right: autoDraw = True
109.8090 	EXP 	up: autoDraw = True
109.8090 	EXP 	down: autoDraw = True
109.8263 	EXP 	center: autoDraw = True
109.8263 	EXP 	left: autoDraw = True
109.8263 	EXP 	right: autoDraw = True
109.8263 	EXP 	up: autoDraw = True
109.8263 	EXP 	down: autoDraw = True
109.8431 	EXP 	center: autoDraw = True
109.8431 	EXP 	left: autoDraw = True
109.8431 	EXP 	right: autoDraw = True
109.8431 	EXP 	up: autoDraw = True
109.8431 	EXP 	down: autoDraw = True
109.8599 	EXP 	center: autoDraw = True
109.8599 	EXP 	left: autoDraw = True
109.8599 	EXP 	right: autoDraw = True
109.8599 	EXP 	up: autoDraw = True
109.8599 	EXP 	down: autoDraw = True
109.8764 	EXP 	center: autoDraw = True
109.8764 	EXP 	left: autoDraw = True
109.8764 	EXP 	right: autoDraw = True
109.8764 	EXP 	up: autoDraw = True
109.8764 	EXP 	down: autoDraw = True
109.8932 	EXP 	center: autoDraw = True
109.8932 	EXP 	left: autoDraw = True
109.8932 	EXP 	right: autoDraw = True
109.8932 	EXP 	up: autoDraw = True
109.8932 	EXP 	down: autoDraw = True
109.9096 	EXP 	center: autoDraw = True
109.9096 	EXP 	left: autoDraw = True
109.9096 	EXP 	right: autoDraw = True
109.9096 	EXP 	up: autoDraw = True
109.9096 	EXP 	down: autoDraw = True
109.9264 	EXP 	center: autoDraw = True
109.9264 	EXP 	left: autoDraw = True
109.9264 	EXP 	right: autoDraw = True
109.9264 	EXP 	up: autoDraw = True
109.9264 	EXP 	down: autoDraw = True
109.9432 	EXP 	center: autoDraw = True
109.9432 	EXP 	left: autoDraw = True
109.9432 	EXP 	right: autoDraw = True
109.9432 	EXP 	up: autoDraw = True
109.9432 	EXP 	down: autoDraw = True
109.9596 	EXP 	center: autoDraw = True
109.9596 	EXP 	left: autoDraw = True
109.9596 	EXP 	right: autoDraw = True
109.9596 	EXP 	up: autoDraw = True
109.9596 	EXP 	down: autoDraw = True
109.9764 	EXP 	center: autoDraw = True
109.9764 	EXP 	left: autoDraw = True
109.9764 	EXP 	right: autoDraw = True
109.9764 	EXP 	up: autoDraw = True
109.9764 	EXP 	down: autoDraw = True
109.9932 	EXP 	center: autoDraw = True
109.9932 	EXP 	left: autoDraw = True
109.9932 	EXP 	right: autoDraw = True
109.9932 	EXP 	up: autoDraw = True
109.9932 	EXP 	down: autoDraw = True
110.0096 	EXP 	center: autoDraw = True
110.0096 	EXP 	left: autoDraw = True
110.0096 	EXP 	right: autoDraw = True
110.0096 	EXP 	up: autoDraw = True
110.0096 	EXP 	down: autoDraw = True
110.0263 	EXP 	center: autoDraw = True
110.0263 	EXP 	left: autoDraw = True
110.0263 	EXP 	right: autoDraw = True
110.0263 	EXP 	up: autoDraw = True
110.0263 	EXP 	down: autoDraw = True
110.0431 	EXP 	center: autoDraw = True
110.0431 	EXP 	left: autoDraw = True
110.0431 	EXP 	right: autoDraw = True
110.0431 	EXP 	up: autoDraw = True
110.0431 	EXP 	down: autoDraw = True
110.0596 	EXP 	center: autoDraw = True
110.0596 	EXP 	left: autoDraw = True
110.0596 	EXP 	right: autoDraw = True
110.0596 	EXP 	up: autoDraw = True
110.0596 	EXP 	down: autoDraw = True
110.0761 	EXP 	center: autoDraw = True
110.0761 	EXP 	left: autoDraw = True
110.0761 	EXP 	right: autoDraw = True
110.0761 	EXP 	up: autoDraw = True
110.0761 	EXP 	down: autoDraw = True
110.0930 	EXP 	center: autoDraw = True
110.0930 	EXP 	left: autoDraw = True
110.0930 	EXP 	right: autoDraw = True
110.0930 	EXP 	up: autoDraw = True
110.0930 	EXP 	down: autoDraw = True
110.1099 	EXP 	center: autoDraw = True
110.1099 	EXP 	left: autoDraw = True
110.1099 	EXP 	right: autoDraw = True
110.1099 	EXP 	up: autoDraw = True
110.1099 	EXP 	down: autoDraw = True
110.1262 	EXP 	center: autoDraw = True
110.1262 	EXP 	left: autoDraw = True
110.1262 	EXP 	right: autoDraw = True
110.1262 	EXP 	up: autoDraw = True
110.1262 	EXP 	down: autoDraw = True
110.1431 	EXP 	center: autoDraw = True
110.1431 	EXP 	left: autoDraw = True
110.1431 	EXP 	right: autoDraw = True
110.1431 	EXP 	up: autoDraw = True
110.1431 	EXP 	down: autoDraw = True
110.1596 	EXP 	center: autoDraw = True
110.1596 	EXP 	left: autoDraw = True
110.1596 	EXP 	right: autoDraw = True
110.1596 	EXP 	up: autoDraw = True
110.1596 	EXP 	down: autoDraw = True
110.1763 	EXP 	center: autoDraw = True
110.1763 	EXP 	left: autoDraw = True
110.1763 	EXP 	right: autoDraw = True
110.1763 	EXP 	up: autoDraw = True
110.1763 	EXP 	down: autoDraw = True
110.1921 	EXP 	center: autoDraw = True
110.1921 	EXP 	left: autoDraw = True
110.1921 	EXP 	right: autoDraw = True
110.1921 	EXP 	up: autoDraw = True
110.1921 	EXP 	down: autoDraw = True
110.2095 	EXP 	center: autoDraw = True
110.2095 	EXP 	left: autoDraw = True
110.2095 	EXP 	right: autoDraw = True
110.2095 	EXP 	up: autoDraw = True
110.2095 	EXP 	down: autoDraw = True
110.2263 	EXP 	center: autoDraw = True
110.2263 	EXP 	left: autoDraw = True
110.2263 	EXP 	right: autoDraw = True
110.2263 	EXP 	up: autoDraw = True
110.2263 	EXP 	down: autoDraw = True
110.2432 	EXP 	center: autoDraw = True
110.2432 	EXP 	left: autoDraw = True
110.2432 	EXP 	right: autoDraw = True
110.2432 	EXP 	up: autoDraw = True
110.2432 	EXP 	down: autoDraw = True
110.2595 	EXP 	center: autoDraw = True
110.2595 	EXP 	left: autoDraw = True
110.2595 	EXP 	right: autoDraw = True
110.2595 	EXP 	up: autoDraw = True
110.2595 	EXP 	down: autoDraw = True
110.2763 	EXP 	center: autoDraw = True
110.2763 	EXP 	left: autoDraw = True
110.2763 	EXP 	right: autoDraw = True
110.2763 	EXP 	up: autoDraw = True
110.2763 	EXP 	down: autoDraw = True
110.2931 	EXP 	center: autoDraw = True
110.2931 	EXP 	left: autoDraw = True
110.2931 	EXP 	right: autoDraw = True
110.2931 	EXP 	up: autoDraw = True
110.2931 	EXP 	down: autoDraw = True
110.3095 	EXP 	center: autoDraw = True
110.3095 	EXP 	left: autoDraw = True
110.3095 	EXP 	right: autoDraw = True
110.3095 	EXP 	up: autoDraw = True
110.3095 	EXP 	down: autoDraw = True
110.3262 	EXP 	center: autoDraw = True
110.3262 	EXP 	left: autoDraw = True
110.3262 	EXP 	right: autoDraw = True
110.3262 	EXP 	up: autoDraw = True
110.3262 	EXP 	down: autoDraw = True
110.3429 	EXP 	center: autoDraw = True
110.3429 	EXP 	left: autoDraw = True
110.3429 	EXP 	right: autoDraw = True
110.3429 	EXP 	up: autoDraw = True
110.3429 	EXP 	down: autoDraw = True
110.3597 	EXP 	center: autoDraw = True
110.3597 	EXP 	left: autoDraw = True
110.3597 	EXP 	right: autoDraw = True
110.3597 	EXP 	up: autoDraw = True
110.3597 	EXP 	down: autoDraw = True
110.3765 	EXP 	center: autoDraw = True
110.3765 	EXP 	left: autoDraw = True
110.3765 	EXP 	right: autoDraw = True
110.3765 	EXP 	up: autoDraw = True
110.3765 	EXP 	down: autoDraw = True
110.3929 	EXP 	center: autoDraw = True
110.3929 	EXP 	left: autoDraw = True
110.3929 	EXP 	right: autoDraw = True
110.3929 	EXP 	up: autoDraw = True
110.3929 	EXP 	down: autoDraw = True
110.4098 	EXP 	center: autoDraw = True
110.4098 	EXP 	left: autoDraw = True
110.4098 	EXP 	right: autoDraw = True
110.4098 	EXP 	up: autoDraw = True
110.4098 	EXP 	down: autoDraw = True
110.4263 	EXP 	center: autoDraw = True
110.4263 	EXP 	left: autoDraw = True
110.4263 	EXP 	right: autoDraw = True
110.4263 	EXP 	up: autoDraw = True
110.4263 	EXP 	down: autoDraw = True
110.4431 	EXP 	center: autoDraw = True
110.4431 	EXP 	left: autoDraw = True
110.4431 	EXP 	right: autoDraw = True
110.4431 	EXP 	up: autoDraw = True
110.4431 	EXP 	down: autoDraw = True
110.4591 	EXP 	center: autoDraw = True
110.4591 	EXP 	left: autoDraw = True
110.4591 	EXP 	right: autoDraw = True
110.4591 	EXP 	up: autoDraw = True
110.4591 	EXP 	down: autoDraw = True
110.4762 	EXP 	center: autoDraw = True
110.4762 	EXP 	left: autoDraw = True
110.4762 	EXP 	right: autoDraw = True
110.4762 	EXP 	up: autoDraw = True
110.4762 	EXP 	down: autoDraw = True
110.4929 	EXP 	center: autoDraw = True
110.4929 	EXP 	left: autoDraw = True
110.4929 	EXP 	right: autoDraw = True
110.4929 	EXP 	up: autoDraw = True
110.4929 	EXP 	down: autoDraw = True
110.5098 	EXP 	center: autoDraw = True
110.5098 	EXP 	left: autoDraw = True
110.5098 	EXP 	right: autoDraw = True
110.5098 	EXP 	up: autoDraw = True
110.5098 	EXP 	down: autoDraw = True
110.5264 	EXP 	center: autoDraw = True
110.5264 	EXP 	left: autoDraw = True
110.5264 	EXP 	right: autoDraw = True
110.5264 	EXP 	up: autoDraw = True
110.5264 	EXP 	down: autoDraw = True
110.5431 	EXP 	center: autoDraw = True
110.5431 	EXP 	left: autoDraw = True
110.5431 	EXP 	right: autoDraw = True
110.5431 	EXP 	up: autoDraw = True
110.5431 	EXP 	down: autoDraw = True
110.5596 	EXP 	center: autoDraw = True
110.5596 	EXP 	left: autoDraw = True
110.5596 	EXP 	right: autoDraw = True
110.5596 	EXP 	up: autoDraw = True
110.5596 	EXP 	down: autoDraw = True
110.5765 	EXP 	center: autoDraw = True
110.5765 	EXP 	left: autoDraw = True
110.5765 	EXP 	right: autoDraw = True
110.5765 	EXP 	up: autoDraw = True
110.5765 	EXP 	down: autoDraw = True
110.5928 	EXP 	center: autoDraw = True
110.5928 	EXP 	left: autoDraw = True
110.5928 	EXP 	right: autoDraw = True
110.5928 	EXP 	up: autoDraw = True
110.5928 	EXP 	down: autoDraw = True
110.6097 	EXP 	center: autoDraw = True
110.6097 	EXP 	left: autoDraw = True
110.6097 	EXP 	right: autoDraw = True
110.6097 	EXP 	up: autoDraw = True
110.6097 	EXP 	down: autoDraw = True
110.6264 	EXP 	center: autoDraw = True
110.6264 	EXP 	left: autoDraw = True
110.6264 	EXP 	right: autoDraw = True
110.6264 	EXP 	up: autoDraw = True
110.6264 	EXP 	down: autoDraw = True
110.6430 	EXP 	center: autoDraw = True
110.6430 	EXP 	left: autoDraw = True
110.6430 	EXP 	right: autoDraw = True
110.6430 	EXP 	up: autoDraw = True
110.6430 	EXP 	down: autoDraw = True
110.6599 	EXP 	center: autoDraw = True
110.6599 	EXP 	left: autoDraw = True
110.6599 	EXP 	right: autoDraw = True
110.6599 	EXP 	up: autoDraw = True
110.6599 	EXP 	down: autoDraw = True
110.6762 	EXP 	center: autoDraw = True
110.6762 	EXP 	left: autoDraw = True
110.6762 	EXP 	right: autoDraw = True
110.6762 	EXP 	up: autoDraw = True
110.6762 	EXP 	down: autoDraw = True
110.6931 	EXP 	center: autoDraw = True
110.6931 	EXP 	left: autoDraw = True
110.6931 	EXP 	right: autoDraw = True
110.6931 	EXP 	up: autoDraw = True
110.6931 	EXP 	down: autoDraw = True
110.7095 	EXP 	center: autoDraw = True
110.7095 	EXP 	left: autoDraw = True
110.7095 	EXP 	right: autoDraw = True
110.7095 	EXP 	up: autoDraw = True
110.7095 	EXP 	down: autoDraw = True
110.7261 	EXP 	center: autoDraw = True
110.7261 	EXP 	left: autoDraw = True
110.7261 	EXP 	right: autoDraw = True
110.7261 	EXP 	up: autoDraw = True
110.7261 	EXP 	down: autoDraw = True
110.7430 	EXP 	center: autoDraw = True
110.7430 	EXP 	left: autoDraw = True
110.7430 	EXP 	right: autoDraw = True
110.7430 	EXP 	up: autoDraw = True
110.7430 	EXP 	down: autoDraw = True
110.7597 	EXP 	center: autoDraw = True
110.7597 	EXP 	left: autoDraw = True
110.7597 	EXP 	right: autoDraw = True
110.7597 	EXP 	up: autoDraw = True
110.7597 	EXP 	down: autoDraw = True
110.7765 	EXP 	center: autoDraw = True
110.7765 	EXP 	left: autoDraw = True
110.7765 	EXP 	right: autoDraw = True
110.7765 	EXP 	up: autoDraw = True
110.7765 	EXP 	down: autoDraw = True
110.7929 	EXP 	center: autoDraw = True
110.7929 	EXP 	left: autoDraw = True
110.7929 	EXP 	right: autoDraw = True
110.7929 	EXP 	up: autoDraw = True
110.7929 	EXP 	down: autoDraw = True
110.8099 	EXP 	center: autoDraw = True
110.8099 	EXP 	left: autoDraw = True
110.8099 	EXP 	right: autoDraw = True
110.8099 	EXP 	up: autoDraw = True
110.8099 	EXP 	down: autoDraw = True
110.8262 	EXP 	center: autoDraw = True
110.8262 	EXP 	left: autoDraw = True
110.8262 	EXP 	right: autoDraw = True
110.8262 	EXP 	up: autoDraw = True
110.8262 	EXP 	down: autoDraw = True
110.8423 	EXP 	center: autoDraw = True
110.8423 	EXP 	left: autoDraw = True
110.8423 	EXP 	right: autoDraw = True
110.8423 	EXP 	up: autoDraw = True
110.8423 	EXP 	down: autoDraw = True
110.8595 	EXP 	center: autoDraw = True
110.8595 	EXP 	left: autoDraw = True
110.8595 	EXP 	right: autoDraw = True
110.8595 	EXP 	up: autoDraw = True
110.8595 	EXP 	down: autoDraw = True
110.8763 	EXP 	center: autoDraw = True
110.8763 	EXP 	left: autoDraw = True
110.8763 	EXP 	right: autoDraw = True
110.8763 	EXP 	up: autoDraw = True
110.8763 	EXP 	down: autoDraw = True
110.8931 	EXP 	center: autoDraw = True
110.8931 	EXP 	left: autoDraw = True
110.8931 	EXP 	right: autoDraw = True
110.8931 	EXP 	up: autoDraw = True
110.8931 	EXP 	down: autoDraw = True
110.9097 	EXP 	center: autoDraw = True
110.9097 	EXP 	left: autoDraw = True
110.9097 	EXP 	right: autoDraw = True
110.9097 	EXP 	up: autoDraw = True
110.9097 	EXP 	down: autoDraw = True
110.9265 	EXP 	center: autoDraw = True
110.9265 	EXP 	left: autoDraw = True
110.9265 	EXP 	right: autoDraw = True
110.9265 	EXP 	up: autoDraw = True
110.9265 	EXP 	down: autoDraw = True
110.9428 	EXP 	center: autoDraw = True
110.9428 	EXP 	left: autoDraw = True
110.9428 	EXP 	right: autoDraw = True
110.9428 	EXP 	up: autoDraw = True
110.9428 	EXP 	down: autoDraw = True
110.9596 	EXP 	center: autoDraw = True
110.9596 	EXP 	left: autoDraw = True
110.9596 	EXP 	right: autoDraw = True
110.9596 	EXP 	up: autoDraw = True
110.9596 	EXP 	down: autoDraw = True
110.9764 	EXP 	center: autoDraw = True
110.9764 	EXP 	left: autoDraw = True
110.9764 	EXP 	right: autoDraw = True
110.9764 	EXP 	up: autoDraw = True
110.9764 	EXP 	down: autoDraw = True
110.9930 	EXP 	center: autoDraw = True
110.9930 	EXP 	left: autoDraw = True
110.9930 	EXP 	right: autoDraw = True
110.9930 	EXP 	up: autoDraw = True
110.9930 	EXP 	down: autoDraw = True
111.0097 	EXP 	center: autoDraw = True
111.0097 	EXP 	left: autoDraw = True
111.0097 	EXP 	right: autoDraw = True
111.0097 	EXP 	up: autoDraw = True
111.0097 	EXP 	down: autoDraw = True
111.0265 	EXP 	center: autoDraw = True
111.0265 	EXP 	left: autoDraw = True
111.0265 	EXP 	right: autoDraw = True
111.0265 	EXP 	up: autoDraw = True
111.0265 	EXP 	down: autoDraw = True
111.0428 	EXP 	center: autoDraw = True
111.0428 	EXP 	left: autoDraw = True
111.0428 	EXP 	right: autoDraw = True
111.0428 	EXP 	up: autoDraw = True
111.0428 	EXP 	down: autoDraw = True
111.0595 	EXP 	center: autoDraw = True
111.0595 	EXP 	left: autoDraw = True
111.0595 	EXP 	right: autoDraw = True
111.0595 	EXP 	up: autoDraw = True
111.0595 	EXP 	down: autoDraw = True
111.0764 	EXP 	center: autoDraw = True
111.0764 	EXP 	left: autoDraw = True
111.0764 	EXP 	right: autoDraw = True
111.0764 	EXP 	up: autoDraw = True
111.0764 	EXP 	down: autoDraw = True
111.0931 	EXP 	center: autoDraw = True
111.0931 	EXP 	left: autoDraw = True
111.0931 	EXP 	right: autoDraw = True
111.0931 	EXP 	up: autoDraw = True
111.0931 	EXP 	down: autoDraw = True
111.1094 	EXP 	center: autoDraw = True
111.1094 	EXP 	left: autoDraw = True
111.1094 	EXP 	right: autoDraw = True
111.1094 	EXP 	up: autoDraw = True
111.1094 	EXP 	down: autoDraw = True
111.1263 	EXP 	center: autoDraw = True
111.1263 	EXP 	left: autoDraw = True
111.1263 	EXP 	right: autoDraw = True
111.1263 	EXP 	up: autoDraw = True
111.1263 	EXP 	down: autoDraw = True
111.1431 	EXP 	center: autoDraw = True
111.1431 	EXP 	left: autoDraw = True
111.1431 	EXP 	right: autoDraw = True
111.1431 	EXP 	up: autoDraw = True
111.1431 	EXP 	down: autoDraw = True
111.1593 	EXP 	center: autoDraw = True
111.1593 	EXP 	left: autoDraw = True
111.1593 	EXP 	right: autoDraw = True
111.1593 	EXP 	up: autoDraw = True
111.1593 	EXP 	down: autoDraw = True
111.1763 	EXP 	center: autoDraw = True
111.1763 	EXP 	left: autoDraw = True
111.1763 	EXP 	right: autoDraw = True
111.1763 	EXP 	up: autoDraw = True
111.1763 	EXP 	down: autoDraw = True
111.1930 	EXP 	center: autoDraw = True
111.1930 	EXP 	left: autoDraw = True
111.1930 	EXP 	right: autoDraw = True
111.1930 	EXP 	up: autoDraw = True
111.1930 	EXP 	down: autoDraw = True
111.2095 	EXP 	center: autoDraw = True
111.2095 	EXP 	left: autoDraw = True
111.2095 	EXP 	right: autoDraw = True
111.2095 	EXP 	up: autoDraw = True
111.2095 	EXP 	down: autoDraw = True
111.2254 	EXP 	center: autoDraw = True
111.2254 	EXP 	left: autoDraw = True
111.2254 	EXP 	right: autoDraw = True
111.2254 	EXP 	up: autoDraw = True
111.2254 	EXP 	down: autoDraw = True
111.2429 	EXP 	center: autoDraw = True
111.2429 	EXP 	left: autoDraw = True
111.2429 	EXP 	right: autoDraw = True
111.2429 	EXP 	up: autoDraw = True
111.2429 	EXP 	down: autoDraw = True
111.2597 	EXP 	center: autoDraw = True
111.2597 	EXP 	left: autoDraw = True
111.2597 	EXP 	right: autoDraw = True
111.2597 	EXP 	up: autoDraw = True
111.2597 	EXP 	down: autoDraw = True
111.2764 	EXP 	center: autoDraw = True
111.2764 	EXP 	left: autoDraw = True
111.2764 	EXP 	right: autoDraw = True
111.2764 	EXP 	up: autoDraw = True
111.2764 	EXP 	down: autoDraw = True
111.2928 	EXP 	center: autoDraw = True
111.2928 	EXP 	left: autoDraw = True
111.2928 	EXP 	right: autoDraw = True
111.2928 	EXP 	up: autoDraw = True
111.2928 	EXP 	down: autoDraw = True
111.3097 	EXP 	center: autoDraw = True
111.3097 	EXP 	left: autoDraw = True
111.3097 	EXP 	right: autoDraw = True
111.3097 	EXP 	up: autoDraw = True
111.3097 	EXP 	down: autoDraw = True
111.3265 	EXP 	center: autoDraw = True
111.3265 	EXP 	left: autoDraw = True
111.3265 	EXP 	right: autoDraw = True
111.3265 	EXP 	up: autoDraw = True
111.3265 	EXP 	down: autoDraw = True
111.3427 	EXP 	center: autoDraw = True
111.3427 	EXP 	left: autoDraw = True
111.3427 	EXP 	right: autoDraw = True
111.3427 	EXP 	up: autoDraw = True
111.3427 	EXP 	down: autoDraw = True
111.3594 	EXP 	center: autoDraw = True
111.3594 	EXP 	left: autoDraw = True
111.3594 	EXP 	right: autoDraw = True
111.3594 	EXP 	up: autoDraw = True
111.3594 	EXP 	down: autoDraw = True
111.3763 	EXP 	center: autoDraw = True
111.3763 	EXP 	left: autoDraw = True
111.3763 	EXP 	right: autoDraw = True
111.3763 	EXP 	up: autoDraw = True
111.3763 	EXP 	down: autoDraw = True
111.3931 	EXP 	center: autoDraw = True
111.3931 	EXP 	left: autoDraw = True
111.3931 	EXP 	right: autoDraw = True
111.3931 	EXP 	up: autoDraw = True
111.3931 	EXP 	down: autoDraw = True
111.4095 	EXP 	center: autoDraw = True
111.4095 	EXP 	left: autoDraw = True
111.4095 	EXP 	right: autoDraw = True
111.4095 	EXP 	up: autoDraw = True
111.4095 	EXP 	down: autoDraw = True
111.4262 	EXP 	center: autoDraw = True
111.4262 	EXP 	left: autoDraw = True
111.4262 	EXP 	right: autoDraw = True
111.4262 	EXP 	up: autoDraw = True
111.4262 	EXP 	down: autoDraw = True
111.4430 	EXP 	center: autoDraw = True
111.4430 	EXP 	left: autoDraw = True
111.4430 	EXP 	right: autoDraw = True
111.4430 	EXP 	up: autoDraw = True
111.4430 	EXP 	down: autoDraw = True
111.4595 	EXP 	center: autoDraw = True
111.4595 	EXP 	left: autoDraw = True
111.4595 	EXP 	right: autoDraw = True
111.4595 	EXP 	up: autoDraw = True
111.4595 	EXP 	down: autoDraw = True
111.4596 	EXP 	Sound  started
111.4675 	DATA 	sdow
111.4860 	EXP 	center: autoDraw = True
111.4860 	EXP 	left: autoDraw = True
111.4860 	EXP 	right: autoDraw = True
111.4860 	EXP 	up: autoDraw = True
111.4860 	EXP 	down: autoDraw = True
111.4929 	EXP 	center: autoDraw = True
111.4929 	EXP 	left: autoDraw = True
111.4929 	EXP 	right: autoDraw = True
111.4929 	EXP 	up: autoDraw = True
111.4929 	EXP 	down: autoDraw = True
111.5098 	EXP 	center: autoDraw = True
111.5098 	EXP 	left: autoDraw = True
111.5098 	EXP 	right: autoDraw = True
111.5098 	EXP 	up: autoDraw = True
111.5098 	EXP 	down: autoDraw = True
111.5261 	EXP 	center: autoDraw = True
111.5261 	EXP 	left: autoDraw = True
111.5261 	EXP 	right: autoDraw = True
111.5261 	EXP 	up: autoDraw = True
111.5261 	EXP 	down: autoDraw = True
111.5429 	EXP 	center: autoDraw = True
111.5429 	EXP 	left: autoDraw = True
111.5429 	EXP 	right: autoDraw = True
111.5429 	EXP 	up: autoDraw = True
111.5429 	EXP 	down: autoDraw = True
111.5596 	EXP 	center: autoDraw = True
111.5596 	EXP 	left: autoDraw = True
111.5596 	EXP 	right: autoDraw = True
111.5596 	EXP 	up: autoDraw = True
111.5596 	EXP 	down: autoDraw = True
111.5765 	EXP 	center: autoDraw = True
111.5765 	EXP 	left: autoDraw = True
111.5765 	EXP 	right: autoDraw = True
111.5765 	EXP 	up: autoDraw = True
111.5765 	EXP 	down: autoDraw = True
111.5927 	EXP 	center: autoDraw = True
111.5927 	EXP 	left: autoDraw = True
111.5927 	EXP 	right: autoDraw = True
111.5927 	EXP 	up: autoDraw = True
111.5927 	EXP 	down: autoDraw = True
111.6099 	EXP 	center: autoDraw = True
111.6099 	EXP 	left: autoDraw = True
111.6099 	EXP 	right: autoDraw = True
111.6099 	EXP 	up: autoDraw = True
111.6099 	EXP 	down: autoDraw = True
111.6261 	EXP 	center: autoDraw = True
111.6261 	EXP 	left: autoDraw = True
111.6261 	EXP 	right: autoDraw = True
111.6261 	EXP 	up: autoDraw = True
111.6261 	EXP 	down: autoDraw = True
111.6429 	EXP 	center: autoDraw = True
111.6429 	EXP 	left: autoDraw = True
111.6429 	EXP 	right: autoDraw = True
111.6429 	EXP 	up: autoDraw = True
111.6429 	EXP 	down: autoDraw = True
111.6596 	EXP 	center: autoDraw = True
111.6596 	EXP 	left: autoDraw = True
111.6596 	EXP 	right: autoDraw = True
111.6596 	EXP 	up: autoDraw = True
111.6596 	EXP 	down: autoDraw = True
111.6762 	EXP 	center: autoDraw = True
111.6762 	EXP 	left: autoDraw = True
111.6762 	EXP 	right: autoDraw = True
111.6762 	EXP 	up: autoDraw = True
111.6762 	EXP 	down: autoDraw = True
111.6931 	EXP 	center: autoDraw = True
111.6931 	EXP 	left: autoDraw = True
111.6931 	EXP 	right: autoDraw = True
111.6931 	EXP 	up: autoDraw = True
111.6931 	EXP 	down: autoDraw = True
111.7095 	EXP 	center: autoDraw = True
111.7095 	EXP 	left: autoDraw = True
111.7095 	EXP 	right: autoDraw = True
111.7095 	EXP 	up: autoDraw = True
111.7095 	EXP 	down: autoDraw = True
111.7264 	EXP 	center: autoDraw = True
111.7264 	EXP 	left: autoDraw = True
111.7264 	EXP 	right: autoDraw = True
111.7264 	EXP 	up: autoDraw = True
111.7264 	EXP 	down: autoDraw = True
111.7432 	EXP 	center: autoDraw = True
111.7432 	EXP 	left: autoDraw = True
111.7432 	EXP 	right: autoDraw = True
111.7432 	EXP 	up: autoDraw = True
111.7432 	EXP 	down: autoDraw = True
111.7594 	EXP 	center: autoDraw = True
111.7594 	EXP 	left: autoDraw = True
111.7594 	EXP 	right: autoDraw = True
111.7594 	EXP 	up: autoDraw = True
111.7594 	EXP 	down: autoDraw = True
111.7763 	EXP 	center: autoDraw = True
111.7763 	EXP 	left: autoDraw = True
111.7763 	EXP 	right: autoDraw = True
111.7763 	EXP 	up: autoDraw = True
111.7763 	EXP 	down: autoDraw = True
111.7931 	EXP 	center: autoDraw = True
111.7931 	EXP 	left: autoDraw = True
111.7931 	EXP 	right: autoDraw = True
111.7931 	EXP 	up: autoDraw = True
111.7931 	EXP 	down: autoDraw = True
111.7933 	DATA 	wsqS
111.8095 	EXP 	center: autoDraw = True
111.8095 	EXP 	left: autoDraw = True
111.8095 	EXP 	right: autoDraw = True
111.8095 	EXP 	up: autoDraw = True
111.8095 	EXP 	down: autoDraw = True
111.8095 	EXP 	whitesquare: autoDraw = True
111.8263 	EXP 	center: autoDraw = True
111.8263 	EXP 	left: autoDraw = True
111.8263 	EXP 	right: autoDraw = True
111.8263 	EXP 	up: autoDraw = True
111.8263 	EXP 	down: autoDraw = True
111.8263 	EXP 	whitesquare: autoDraw = False
111.8429 	EXP 	center: autoDraw = True
111.8429 	EXP 	left: autoDraw = True
111.8429 	EXP 	right: autoDraw = True
111.8429 	EXP 	up: autoDraw = True
111.8429 	EXP 	down: autoDraw = True
111.8596 	EXP 	center: autoDraw = True
111.8596 	EXP 	left: autoDraw = True
111.8596 	EXP 	right: autoDraw = True
111.8596 	EXP 	up: autoDraw = True
111.8596 	EXP 	down: autoDraw = True
111.8757 	EXP 	center: autoDraw = True
111.8757 	EXP 	left: autoDraw = True
111.8757 	EXP 	right: autoDraw = True
111.8757 	EXP 	up: autoDraw = True
111.8757 	EXP 	down: autoDraw = True
111.8928 	EXP 	center: autoDraw = True
111.8928 	EXP 	left: autoDraw = True
111.8928 	EXP 	right: autoDraw = True
111.8928 	EXP 	up: autoDraw = True
111.8928 	EXP 	down: autoDraw = True
111.9097 	EXP 	center: autoDraw = True
111.9097 	EXP 	left: autoDraw = True
111.9097 	EXP 	right: autoDraw = True
111.9097 	EXP 	up: autoDraw = True
111.9097 	EXP 	down: autoDraw = True
111.9261 	EXP 	center: autoDraw = True
111.9261 	EXP 	left: autoDraw = True
111.9261 	EXP 	right: autoDraw = True
111.9261 	EXP 	up: autoDraw = True
111.9261 	EXP 	down: autoDraw = True
111.9430 	EXP 	center: autoDraw = True
111.9430 	EXP 	left: autoDraw = True
111.9430 	EXP 	right: autoDraw = True
111.9430 	EXP 	up: autoDraw = True
111.9430 	EXP 	down: autoDraw = True
111.9594 	EXP 	center: autoDraw = True
111.9594 	EXP 	left: autoDraw = True
111.9594 	EXP 	right: autoDraw = True
111.9594 	EXP 	up: autoDraw = True
111.9594 	EXP 	down: autoDraw = True
111.9762 	EXP 	center: autoDraw = True
111.9762 	EXP 	left: autoDraw = True
111.9762 	EXP 	right: autoDraw = True
111.9762 	EXP 	up: autoDraw = True
111.9762 	EXP 	down: autoDraw = True
111.9929 	EXP 	center: autoDraw = True
111.9929 	EXP 	left: autoDraw = True
111.9929 	EXP 	right: autoDraw = True
111.9929 	EXP 	up: autoDraw = True
111.9929 	EXP 	down: autoDraw = True
112.0096 	EXP 	center: autoDraw = True
112.0096 	EXP 	left: autoDraw = True
112.0096 	EXP 	right: autoDraw = True
112.0096 	EXP 	up: autoDraw = True
112.0096 	EXP 	down: autoDraw = True
112.0264 	EXP 	center: autoDraw = True
112.0264 	EXP 	left: autoDraw = True
112.0264 	EXP 	right: autoDraw = True
112.0264 	EXP 	up: autoDraw = True
112.0264 	EXP 	down: autoDraw = True
112.0427 	EXP 	center: autoDraw = True
112.0427 	EXP 	left: autoDraw = True
112.0427 	EXP 	right: autoDraw = True
112.0427 	EXP 	up: autoDraw = True
112.0427 	EXP 	down: autoDraw = True
112.0597 	EXP 	center: autoDraw = True
112.0597 	EXP 	left: autoDraw = True
112.0597 	EXP 	right: autoDraw = True
112.0597 	EXP 	up: autoDraw = True
112.0597 	EXP 	down: autoDraw = True
112.0762 	EXP 	center: autoDraw = True
112.0762 	EXP 	left: autoDraw = True
112.0762 	EXP 	right: autoDraw = True
112.0762 	EXP 	up: autoDraw = True
112.0762 	EXP 	down: autoDraw = True
112.0930 	EXP 	center: autoDraw = True
112.0930 	EXP 	left: autoDraw = True
112.0930 	EXP 	right: autoDraw = True
112.0930 	EXP 	up: autoDraw = True
112.0930 	EXP 	down: autoDraw = True
112.1091 	EXP 	center: autoDraw = True
112.1091 	EXP 	left: autoDraw = True
112.1091 	EXP 	right: autoDraw = True
112.1091 	EXP 	up: autoDraw = True
112.1091 	EXP 	down: autoDraw = True
112.1261 	EXP 	center: autoDraw = True
112.1261 	EXP 	left: autoDraw = True
112.1261 	EXP 	right: autoDraw = True
112.1261 	EXP 	up: autoDraw = True
112.1261 	EXP 	down: autoDraw = True
112.1426 	EXP 	center: autoDraw = True
112.1426 	EXP 	left: autoDraw = True
112.1426 	EXP 	right: autoDraw = True
112.1426 	EXP 	up: autoDraw = True
112.1426 	EXP 	down: autoDraw = True
112.1594 	EXP 	center: autoDraw = True
112.1594 	EXP 	left: autoDraw = True
112.1594 	EXP 	right: autoDraw = True
112.1594 	EXP 	up: autoDraw = True
112.1594 	EXP 	down: autoDraw = True
112.1762 	EXP 	center: autoDraw = True
112.1762 	EXP 	left: autoDraw = True
112.1762 	EXP 	right: autoDraw = True
112.1762 	EXP 	up: autoDraw = True
112.1762 	EXP 	down: autoDraw = True
112.1932 	EXP 	center: autoDraw = True
112.1932 	EXP 	left: autoDraw = True
112.1932 	EXP 	right: autoDraw = True
112.1932 	EXP 	up: autoDraw = True
112.1932 	EXP 	down: autoDraw = True
112.2093 	EXP 	center: autoDraw = True
112.2093 	EXP 	left: autoDraw = True
112.2093 	EXP 	right: autoDraw = True
112.2093 	EXP 	up: autoDraw = True
112.2093 	EXP 	down: autoDraw = True
112.2264 	EXP 	center: autoDraw = True
112.2264 	EXP 	left: autoDraw = True
112.2264 	EXP 	right: autoDraw = True
112.2264 	EXP 	up: autoDraw = True
112.2264 	EXP 	down: autoDraw = True
112.2428 	EXP 	center: autoDraw = True
112.2428 	EXP 	left: autoDraw = True
112.2428 	EXP 	right: autoDraw = True
112.2428 	EXP 	up: autoDraw = True
112.2428 	EXP 	down: autoDraw = True
112.2587 	EXP 	center: autoDraw = True
112.2587 	EXP 	left: autoDraw = True
112.2587 	EXP 	right: autoDraw = True
112.2587 	EXP 	up: autoDraw = True
112.2587 	EXP 	down: autoDraw = True
112.2761 	EXP 	center: autoDraw = True
112.2761 	EXP 	left: autoDraw = True
112.2761 	EXP 	right: autoDraw = True
112.2761 	EXP 	up: autoDraw = True
112.2761 	EXP 	down: autoDraw = True
112.2927 	EXP 	center: autoDraw = True
112.2927 	EXP 	left: autoDraw = True
112.2927 	EXP 	right: autoDraw = True
112.2927 	EXP 	up: autoDraw = True
112.2927 	EXP 	down: autoDraw = True
112.3095 	EXP 	center: autoDraw = True
112.3095 	EXP 	left: autoDraw = True
112.3095 	EXP 	right: autoDraw = True
112.3095 	EXP 	up: autoDraw = True
112.3095 	EXP 	down: autoDraw = True
112.3266 	EXP 	center: autoDraw = True
112.3266 	EXP 	left: autoDraw = True
112.3266 	EXP 	right: autoDraw = True
112.3266 	EXP 	up: autoDraw = True
112.3266 	EXP 	down: autoDraw = True
112.3428 	EXP 	center: autoDraw = True
112.3428 	EXP 	left: autoDraw = True
112.3428 	EXP 	right: autoDraw = True
112.3428 	EXP 	up: autoDraw = True
112.3428 	EXP 	down: autoDraw = True
112.3595 	EXP 	center: autoDraw = True
112.3595 	EXP 	left: autoDraw = True
112.3595 	EXP 	right: autoDraw = True
112.3595 	EXP 	up: autoDraw = True
112.3595 	EXP 	down: autoDraw = True
112.3763 	EXP 	center: autoDraw = True
112.3763 	EXP 	left: autoDraw = True
112.3763 	EXP 	right: autoDraw = True
112.3763 	EXP 	up: autoDraw = True
112.3763 	EXP 	down: autoDraw = True
112.3931 	EXP 	center: autoDraw = True
112.3931 	EXP 	left: autoDraw = True
112.3931 	EXP 	right: autoDraw = True
112.3931 	EXP 	up: autoDraw = True
112.3931 	EXP 	down: autoDraw = True
112.4095 	EXP 	center: autoDraw = True
112.4095 	EXP 	left: autoDraw = True
112.4095 	EXP 	right: autoDraw = True
112.4095 	EXP 	up: autoDraw = True
112.4095 	EXP 	down: autoDraw = True
112.4262 	EXP 	center: autoDraw = True
112.4262 	EXP 	left: autoDraw = True
112.4262 	EXP 	right: autoDraw = True
112.4262 	EXP 	up: autoDraw = True
112.4262 	EXP 	down: autoDraw = True
112.4430 	EXP 	center: autoDraw = True
112.4430 	EXP 	left: autoDraw = True
112.4430 	EXP 	right: autoDraw = True
112.4430 	EXP 	up: autoDraw = True
112.4430 	EXP 	down: autoDraw = True
112.4594 	EXP 	center: autoDraw = True
112.4594 	EXP 	left: autoDraw = True
112.4594 	EXP 	right: autoDraw = True
112.4594 	EXP 	up: autoDraw = True
112.4594 	EXP 	down: autoDraw = True
112.4761 	EXP 	center: autoDraw = True
112.4761 	EXP 	left: autoDraw = True
112.4761 	EXP 	right: autoDraw = True
112.4761 	EXP 	up: autoDraw = True
112.4761 	EXP 	down: autoDraw = True
112.4929 	EXP 	center: autoDraw = True
112.4929 	EXP 	left: autoDraw = True
112.4929 	EXP 	right: autoDraw = True
112.4929 	EXP 	up: autoDraw = True
112.4929 	EXP 	down: autoDraw = True
112.5097 	EXP 	center: autoDraw = True
112.5097 	EXP 	left: autoDraw = True
112.5097 	EXP 	right: autoDraw = True
112.5097 	EXP 	up: autoDraw = True
112.5097 	EXP 	down: autoDraw = True
112.5261 	EXP 	center: autoDraw = True
112.5261 	EXP 	left: autoDraw = True
112.5261 	EXP 	right: autoDraw = True
112.5261 	EXP 	up: autoDraw = True
112.5261 	EXP 	down: autoDraw = True
112.5421 	EXP 	center: autoDraw = True
112.5421 	EXP 	left: autoDraw = True
112.5421 	EXP 	right: autoDraw = True
112.5421 	EXP 	up: autoDraw = True
112.5421 	EXP 	down: autoDraw = True
112.5594 	EXP 	center: autoDraw = True
112.5594 	EXP 	left: autoDraw = True
112.5594 	EXP 	right: autoDraw = True
112.5594 	EXP 	up: autoDraw = True
112.5594 	EXP 	down: autoDraw = True
112.5761 	EXP 	center: autoDraw = True
112.5761 	EXP 	left: autoDraw = True
112.5761 	EXP 	right: autoDraw = True
112.5761 	EXP 	up: autoDraw = True
112.5761 	EXP 	down: autoDraw = True
112.5930 	EXP 	center: autoDraw = True
112.5930 	EXP 	left: autoDraw = True
112.5930 	EXP 	right: autoDraw = True
112.5930 	EXP 	up: autoDraw = True
112.5930 	EXP 	down: autoDraw = True
112.6094 	EXP 	center: autoDraw = True
112.6094 	EXP 	left: autoDraw = True
112.6094 	EXP 	right: autoDraw = True
112.6094 	EXP 	up: autoDraw = True
112.6094 	EXP 	down: autoDraw = True
112.6262 	EXP 	center: autoDraw = True
112.6262 	EXP 	left: autoDraw = True
112.6262 	EXP 	right: autoDraw = True
112.6262 	EXP 	up: autoDraw = True
112.6262 	EXP 	down: autoDraw = True
112.6430 	EXP 	center: autoDraw = True
112.6430 	EXP 	left: autoDraw = True
112.6430 	EXP 	right: autoDraw = True
112.6430 	EXP 	up: autoDraw = True
112.6430 	EXP 	down: autoDraw = True
112.6593 	EXP 	center: autoDraw = True
112.6593 	EXP 	left: autoDraw = True
112.6593 	EXP 	right: autoDraw = True
112.6593 	EXP 	up: autoDraw = True
112.6593 	EXP 	down: autoDraw = True
112.6761 	EXP 	center: autoDraw = True
112.6761 	EXP 	left: autoDraw = True
112.6761 	EXP 	right: autoDraw = True
112.6761 	EXP 	up: autoDraw = True
112.6761 	EXP 	down: autoDraw = True
112.6929 	EXP 	center: autoDraw = True
112.6929 	EXP 	left: autoDraw = True
112.6929 	EXP 	right: autoDraw = True
112.6929 	EXP 	up: autoDraw = True
112.6929 	EXP 	down: autoDraw = True
112.7096 	EXP 	center: autoDraw = True
112.7096 	EXP 	left: autoDraw = True
112.7096 	EXP 	right: autoDraw = True
112.7096 	EXP 	up: autoDraw = True
112.7096 	EXP 	down: autoDraw = True
112.7260 	EXP 	center: autoDraw = True
112.7260 	EXP 	left: autoDraw = True
112.7260 	EXP 	right: autoDraw = True
112.7260 	EXP 	up: autoDraw = True
112.7260 	EXP 	down: autoDraw = True
112.7429 	EXP 	center: autoDraw = True
112.7429 	EXP 	left: autoDraw = True
112.7429 	EXP 	right: autoDraw = True
112.7429 	EXP 	up: autoDraw = True
112.7429 	EXP 	down: autoDraw = True
112.7591 	EXP 	center: autoDraw = True
112.7591 	EXP 	left: autoDraw = True
112.7591 	EXP 	right: autoDraw = True
112.7591 	EXP 	up: autoDraw = True
112.7591 	EXP 	down: autoDraw = True
112.7760 	EXP 	center: autoDraw = True
112.7760 	EXP 	left: autoDraw = True
112.7760 	EXP 	right: autoDraw = True
112.7760 	EXP 	up: autoDraw = True
112.7760 	EXP 	down: autoDraw = True
112.7929 	EXP 	center: autoDraw = True
112.7929 	EXP 	left: autoDraw = True
112.7929 	EXP 	right: autoDraw = True
112.7929 	EXP 	up: autoDraw = True
112.7929 	EXP 	down: autoDraw = True
112.8098 	EXP 	center: autoDraw = True
112.8098 	EXP 	left: autoDraw = True
112.8098 	EXP 	right: autoDraw = True
112.8098 	EXP 	up: autoDraw = True
112.8098 	EXP 	down: autoDraw = True
112.8261 	EXP 	center: autoDraw = True
112.8261 	EXP 	left: autoDraw = True
112.8261 	EXP 	right: autoDraw = True
112.8261 	EXP 	up: autoDraw = True
112.8261 	EXP 	down: autoDraw = True
112.8429 	EXP 	center: autoDraw = True
112.8429 	EXP 	left: autoDraw = True
112.8429 	EXP 	right: autoDraw = True
112.8429 	EXP 	up: autoDraw = True
112.8429 	EXP 	down: autoDraw = True
112.8597 	EXP 	center: autoDraw = True
112.8597 	EXP 	left: autoDraw = True
112.8597 	EXP 	right: autoDraw = True
112.8597 	EXP 	up: autoDraw = True
112.8597 	EXP 	down: autoDraw = True
112.8760 	EXP 	center: autoDraw = True
112.8760 	EXP 	left: autoDraw = True
112.8760 	EXP 	right: autoDraw = True
112.8760 	EXP 	up: autoDraw = True
112.8760 	EXP 	down: autoDraw = True
112.8929 	EXP 	center: autoDraw = True
112.8929 	EXP 	left: autoDraw = True
112.8929 	EXP 	right: autoDraw = True
112.8929 	EXP 	up: autoDraw = True
112.8929 	EXP 	down: autoDraw = True
112.9089 	EXP 	center: autoDraw = True
112.9089 	EXP 	left: autoDraw = True
112.9089 	EXP 	right: autoDraw = True
112.9089 	EXP 	up: autoDraw = True
112.9089 	EXP 	down: autoDraw = True
112.9260 	EXP 	center: autoDraw = True
112.9260 	EXP 	left: autoDraw = True
112.9260 	EXP 	right: autoDraw = True
112.9260 	EXP 	up: autoDraw = True
112.9260 	EXP 	down: autoDraw = True
112.9430 	EXP 	center: autoDraw = True
112.9430 	EXP 	left: autoDraw = True
112.9430 	EXP 	right: autoDraw = True
112.9430 	EXP 	up: autoDraw = True
112.9430 	EXP 	down: autoDraw = True
112.9593 	EXP 	center: autoDraw = True
112.9593 	EXP 	left: autoDraw = True
112.9593 	EXP 	right: autoDraw = True
112.9593 	EXP 	up: autoDraw = True
112.9593 	EXP 	down: autoDraw = True
112.9761 	EXP 	center: autoDraw = True
112.9761 	EXP 	left: autoDraw = True
112.9761 	EXP 	right: autoDraw = True
112.9761 	EXP 	up: autoDraw = True
112.9761 	EXP 	down: autoDraw = True
112.9929 	EXP 	center: autoDraw = True
112.9929 	EXP 	left: autoDraw = True
112.9929 	EXP 	right: autoDraw = True
112.9929 	EXP 	up: autoDraw = True
112.9929 	EXP 	down: autoDraw = True
113.0098 	EXP 	center: autoDraw = True
113.0098 	EXP 	left: autoDraw = True
113.0098 	EXP 	right: autoDraw = True
113.0098 	EXP 	up: autoDraw = True
113.0098 	EXP 	down: autoDraw = True
113.0261 	EXP 	center: autoDraw = True
113.0261 	EXP 	left: autoDraw = True
113.0261 	EXP 	right: autoDraw = True
113.0261 	EXP 	up: autoDraw = True
113.0261 	EXP 	down: autoDraw = True
113.0430 	EXP 	center: autoDraw = True
113.0430 	EXP 	left: autoDraw = True
113.0430 	EXP 	right: autoDraw = True
113.0430 	EXP 	up: autoDraw = True
113.0430 	EXP 	down: autoDraw = True
113.0594 	EXP 	center: autoDraw = True
113.0594 	EXP 	left: autoDraw = True
113.0594 	EXP 	right: autoDraw = True
113.0594 	EXP 	up: autoDraw = True
113.0594 	EXP 	down: autoDraw = True
113.0761 	EXP 	center: autoDraw = True
113.0761 	EXP 	left: autoDraw = True
113.0761 	EXP 	right: autoDraw = True
113.0761 	EXP 	up: autoDraw = True
113.0761 	EXP 	down: autoDraw = True
113.0931 	EXP 	center: autoDraw = True
113.0931 	EXP 	left: autoDraw = True
113.0931 	EXP 	right: autoDraw = True
113.0931 	EXP 	up: autoDraw = True
113.0931 	EXP 	down: autoDraw = True
113.1093 	EXP 	center: autoDraw = True
113.1093 	EXP 	left: autoDraw = True
113.1093 	EXP 	right: autoDraw = True
113.1093 	EXP 	up: autoDraw = True
113.1093 	EXP 	down: autoDraw = True
113.1261 	EXP 	center: autoDraw = True
113.1261 	EXP 	left: autoDraw = True
113.1261 	EXP 	right: autoDraw = True
113.1261 	EXP 	up: autoDraw = True
113.1261 	EXP 	down: autoDraw = True
113.1422 	EXP 	center: autoDraw = True
113.1422 	EXP 	left: autoDraw = True
113.1422 	EXP 	right: autoDraw = True
113.1422 	EXP 	up: autoDraw = True
113.1422 	EXP 	down: autoDraw = True
113.1593 	EXP 	center: autoDraw = True
113.1593 	EXP 	left: autoDraw = True
113.1593 	EXP 	right: autoDraw = True
113.1593 	EXP 	up: autoDraw = True
113.1593 	EXP 	down: autoDraw = True
113.1759 	EXP 	center: autoDraw = True
113.1759 	EXP 	left: autoDraw = True
113.1759 	EXP 	right: autoDraw = True
113.1759 	EXP 	up: autoDraw = True
113.1759 	EXP 	down: autoDraw = True
113.1928 	EXP 	center: autoDraw = True
113.1928 	EXP 	left: autoDraw = True
113.1928 	EXP 	right: autoDraw = True
113.1928 	EXP 	up: autoDraw = True
113.1928 	EXP 	down: autoDraw = True
113.2098 	EXP 	center: autoDraw = True
113.2098 	EXP 	left: autoDraw = True
113.2098 	EXP 	right: autoDraw = True
113.2098 	EXP 	up: autoDraw = True
113.2098 	EXP 	down: autoDraw = True
113.2260 	EXP 	center: autoDraw = True
113.2260 	EXP 	left: autoDraw = True
113.2260 	EXP 	right: autoDraw = True
113.2260 	EXP 	up: autoDraw = True
113.2260 	EXP 	down: autoDraw = True
113.2428 	EXP 	center: autoDraw = True
113.2428 	EXP 	left: autoDraw = True
113.2428 	EXP 	right: autoDraw = True
113.2428 	EXP 	up: autoDraw = True
113.2428 	EXP 	down: autoDraw = True
113.2597 	EXP 	center: autoDraw = True
113.2597 	EXP 	left: autoDraw = True
113.2597 	EXP 	right: autoDraw = True
113.2597 	EXP 	up: autoDraw = True
113.2597 	EXP 	down: autoDraw = True
113.2759 	EXP 	center: autoDraw = True
113.2759 	EXP 	left: autoDraw = True
113.2759 	EXP 	right: autoDraw = True
113.2759 	EXP 	up: autoDraw = True
113.2759 	EXP 	down: autoDraw = True
113.2920 	EXP 	center: autoDraw = True
113.2920 	EXP 	left: autoDraw = True
113.2920 	EXP 	right: autoDraw = True
113.2920 	EXP 	up: autoDraw = True
113.2920 	EXP 	down: autoDraw = True
113.3092 	EXP 	center: autoDraw = True
113.3092 	EXP 	left: autoDraw = True
113.3092 	EXP 	right: autoDraw = True
113.3092 	EXP 	up: autoDraw = True
113.3092 	EXP 	down: autoDraw = True
113.3261 	EXP 	center: autoDraw = True
113.3261 	EXP 	left: autoDraw = True
113.3261 	EXP 	right: autoDraw = True
113.3261 	EXP 	up: autoDraw = True
113.3261 	EXP 	down: autoDraw = True
113.3428 	EXP 	center: autoDraw = True
113.3428 	EXP 	left: autoDraw = True
113.3428 	EXP 	right: autoDraw = True
113.3428 	EXP 	up: autoDraw = True
113.3428 	EXP 	down: autoDraw = True
113.3597 	EXP 	center: autoDraw = True
113.3597 	EXP 	left: autoDraw = True
113.3597 	EXP 	right: autoDraw = True
113.3597 	EXP 	up: autoDraw = True
113.3597 	EXP 	down: autoDraw = True
113.3761 	EXP 	center: autoDraw = True
113.3761 	EXP 	left: autoDraw = True
113.3761 	EXP 	right: autoDraw = True
113.3761 	EXP 	up: autoDraw = True
113.3761 	EXP 	down: autoDraw = True
113.3929 	EXP 	center: autoDraw = True
113.3929 	EXP 	left: autoDraw = True
113.3929 	EXP 	right: autoDraw = True
113.3929 	EXP 	up: autoDraw = True
113.3929 	EXP 	down: autoDraw = True
113.4094 	EXP 	center: autoDraw = True
113.4094 	EXP 	left: autoDraw = True
113.4094 	EXP 	right: autoDraw = True
113.4094 	EXP 	up: autoDraw = True
113.4094 	EXP 	down: autoDraw = True
113.4261 	EXP 	center: autoDraw = True
113.4261 	EXP 	left: autoDraw = True
113.4261 	EXP 	right: autoDraw = True
113.4261 	EXP 	up: autoDraw = True
113.4261 	EXP 	down: autoDraw = True
113.4429 	EXP 	center: autoDraw = True
113.4429 	EXP 	left: autoDraw = True
113.4429 	EXP 	right: autoDraw = True
113.4429 	EXP 	up: autoDraw = True
113.4429 	EXP 	down: autoDraw = True
113.4597 	EXP 	center: autoDraw = True
113.4597 	EXP 	left: autoDraw = True
113.4597 	EXP 	right: autoDraw = True
113.4597 	EXP 	up: autoDraw = True
113.4597 	EXP 	down: autoDraw = True
113.4761 	EXP 	center: autoDraw = True
113.4761 	EXP 	left: autoDraw = True
113.4761 	EXP 	right: autoDraw = True
113.4761 	EXP 	up: autoDraw = True
113.4761 	EXP 	down: autoDraw = True
113.4930 	EXP 	center: autoDraw = True
113.4930 	EXP 	left: autoDraw = True
113.4930 	EXP 	right: autoDraw = True
113.4930 	EXP 	up: autoDraw = True
113.4930 	EXP 	down: autoDraw = True
113.5093 	EXP 	center: autoDraw = True
113.5093 	EXP 	left: autoDraw = True
113.5093 	EXP 	right: autoDraw = True
113.5093 	EXP 	up: autoDraw = True
113.5093 	EXP 	down: autoDraw = True
113.5263 	EXP 	center: autoDraw = True
113.5263 	EXP 	left: autoDraw = True
113.5263 	EXP 	right: autoDraw = True
113.5263 	EXP 	up: autoDraw = True
113.5263 	EXP 	down: autoDraw = True
113.5426 	EXP 	center: autoDraw = True
113.5426 	EXP 	left: autoDraw = True
113.5426 	EXP 	right: autoDraw = True
113.5426 	EXP 	up: autoDraw = True
113.5426 	EXP 	down: autoDraw = True
113.5590 	EXP 	center: autoDraw = True
113.5590 	EXP 	left: autoDraw = True
113.5590 	EXP 	right: autoDraw = True
113.5590 	EXP 	up: autoDraw = True
113.5590 	EXP 	down: autoDraw = True
113.5759 	EXP 	center: autoDraw = True
113.5759 	EXP 	left: autoDraw = True
113.5759 	EXP 	right: autoDraw = True
113.5759 	EXP 	up: autoDraw = True
113.5759 	EXP 	down: autoDraw = True
113.5928 	EXP 	center: autoDraw = True
113.5928 	EXP 	left: autoDraw = True
113.5928 	EXP 	right: autoDraw = True
113.5928 	EXP 	up: autoDraw = True
113.5928 	EXP 	down: autoDraw = True
113.6096 	EXP 	center: autoDraw = True
113.6096 	EXP 	left: autoDraw = True
113.6096 	EXP 	right: autoDraw = True
113.6096 	EXP 	up: autoDraw = True
113.6096 	EXP 	down: autoDraw = True
113.6260 	EXP 	center: autoDraw = True
113.6260 	EXP 	left: autoDraw = True
113.6260 	EXP 	right: autoDraw = True
113.6260 	EXP 	up: autoDraw = True
113.6260 	EXP 	down: autoDraw = True
113.6430 	EXP 	center: autoDraw = True
113.6430 	EXP 	left: autoDraw = True
113.6430 	EXP 	right: autoDraw = True
113.6430 	EXP 	up: autoDraw = True
113.6430 	EXP 	down: autoDraw = True
113.6593 	EXP 	center: autoDraw = True
113.6593 	EXP 	left: autoDraw = True
113.6593 	EXP 	right: autoDraw = True
113.6593 	EXP 	up: autoDraw = True
113.6593 	EXP 	down: autoDraw = True
113.6764 	EXP 	center: autoDraw = True
113.6764 	EXP 	left: autoDraw = True
113.6764 	EXP 	right: autoDraw = True
113.6764 	EXP 	up: autoDraw = True
113.6764 	EXP 	down: autoDraw = True
113.6926 	EXP 	center: autoDraw = True
113.6926 	EXP 	left: autoDraw = True
113.6926 	EXP 	right: autoDraw = True
113.6926 	EXP 	up: autoDraw = True
113.6926 	EXP 	down: autoDraw = True
113.7095 	EXP 	center: autoDraw = True
113.7095 	EXP 	left: autoDraw = True
113.7095 	EXP 	right: autoDraw = True
113.7095 	EXP 	up: autoDraw = True
113.7095 	EXP 	down: autoDraw = True
113.7263 	EXP 	center: autoDraw = True
113.7263 	EXP 	left: autoDraw = True
113.7263 	EXP 	right: autoDraw = True
113.7263 	EXP 	up: autoDraw = True
113.7263 	EXP 	down: autoDraw = True
113.7427 	EXP 	center: autoDraw = True
113.7427 	EXP 	left: autoDraw = True
113.7427 	EXP 	right: autoDraw = True
113.7427 	EXP 	up: autoDraw = True
113.7427 	EXP 	down: autoDraw = True
113.7594 	EXP 	center: autoDraw = True
113.7594 	EXP 	left: autoDraw = True
113.7594 	EXP 	right: autoDraw = True
113.7594 	EXP 	up: autoDraw = True
113.7594 	EXP 	down: autoDraw = True
113.7762 	EXP 	center: autoDraw = True
113.7762 	EXP 	left: autoDraw = True
113.7762 	EXP 	right: autoDraw = True
113.7762 	EXP 	up: autoDraw = True
113.7762 	EXP 	down: autoDraw = True
113.7924 	EXP 	center: autoDraw = True
113.7924 	EXP 	left: autoDraw = True
113.7924 	EXP 	right: autoDraw = True
113.7924 	EXP 	up: autoDraw = True
113.7924 	EXP 	down: autoDraw = True
113.8094 	EXP 	center: autoDraw = True
113.8094 	EXP 	left: autoDraw = True
113.8094 	EXP 	right: autoDraw = True
113.8094 	EXP 	up: autoDraw = True
113.8094 	EXP 	down: autoDraw = True
113.8260 	EXP 	center: autoDraw = True
113.8260 	EXP 	left: autoDraw = True
113.8260 	EXP 	right: autoDraw = True
113.8260 	EXP 	up: autoDraw = True
113.8260 	EXP 	down: autoDraw = True
113.8427 	EXP 	center: autoDraw = True
113.8427 	EXP 	left: autoDraw = True
113.8427 	EXP 	right: autoDraw = True
113.8427 	EXP 	up: autoDraw = True
113.8427 	EXP 	down: autoDraw = True
113.8595 	EXP 	center: autoDraw = True
113.8595 	EXP 	left: autoDraw = True
113.8595 	EXP 	right: autoDraw = True
113.8595 	EXP 	up: autoDraw = True
113.8595 	EXP 	down: autoDraw = True
113.8763 	EXP 	center: autoDraw = True
113.8763 	EXP 	left: autoDraw = True
113.8763 	EXP 	right: autoDraw = True
113.8763 	EXP 	up: autoDraw = True
113.8763 	EXP 	down: autoDraw = True
113.8924 	EXP 	center: autoDraw = True
113.8924 	EXP 	left: autoDraw = True
113.8924 	EXP 	right: autoDraw = True
113.8924 	EXP 	up: autoDraw = True
113.8924 	EXP 	down: autoDraw = True
113.9094 	EXP 	center: autoDraw = True
113.9094 	EXP 	left: autoDraw = True
113.9094 	EXP 	right: autoDraw = True
113.9094 	EXP 	up: autoDraw = True
113.9094 	EXP 	down: autoDraw = True
113.9257 	EXP 	center: autoDraw = True
113.9257 	EXP 	left: autoDraw = True
113.9257 	EXP 	right: autoDraw = True
113.9257 	EXP 	up: autoDraw = True
113.9257 	EXP 	down: autoDraw = True
113.9421 	EXP 	center: autoDraw = True
113.9421 	EXP 	left: autoDraw = True
113.9421 	EXP 	right: autoDraw = True
113.9421 	EXP 	up: autoDraw = True
113.9421 	EXP 	down: autoDraw = True
113.9591 	EXP 	center: autoDraw = True
113.9591 	EXP 	left: autoDraw = True
113.9591 	EXP 	right: autoDraw = True
113.9591 	EXP 	up: autoDraw = True
113.9591 	EXP 	down: autoDraw = True
113.9593 	EXP 	Sound  started
113.9769 	DATA 	s_up
113.9894 	EXP 	center: autoDraw = True
113.9894 	EXP 	left: autoDraw = True
113.9894 	EXP 	right: autoDraw = True
113.9894 	EXP 	up: autoDraw = True
113.9894 	EXP 	down: autoDraw = True
114.0053 	EXP 	center: autoDraw = True
114.0053 	EXP 	left: autoDraw = True
114.0053 	EXP 	right: autoDraw = True
114.0053 	EXP 	up: autoDraw = True
114.0053 	EXP 	down: autoDraw = True
114.0221 	EXP 	center: autoDraw = True
114.0221 	EXP 	left: autoDraw = True
114.0221 	EXP 	right: autoDraw = True
114.0221 	EXP 	up: autoDraw = True
114.0221 	EXP 	down: autoDraw = True
114.0388 	EXP 	center: autoDraw = True
114.0388 	EXP 	left: autoDraw = True
114.0388 	EXP 	right: autoDraw = True
114.0388 	EXP 	up: autoDraw = True
114.0388 	EXP 	down: autoDraw = True
114.0556 	EXP 	center: autoDraw = True
114.0556 	EXP 	left: autoDraw = True
114.0556 	EXP 	right: autoDraw = True
114.0556 	EXP 	up: autoDraw = True
114.0556 	EXP 	down: autoDraw = True
114.0724 	EXP 	center: autoDraw = True
114.0724 	EXP 	left: autoDraw = True
114.0724 	EXP 	right: autoDraw = True
114.0724 	EXP 	up: autoDraw = True
114.0724 	EXP 	down: autoDraw = True
114.0889 	EXP 	center: autoDraw = True
114.0889 	EXP 	left: autoDraw = True
114.0889 	EXP 	right: autoDraw = True
114.0889 	EXP 	up: autoDraw = True
114.0889 	EXP 	down: autoDraw = True
114.1060 	EXP 	center: autoDraw = True
114.1060 	EXP 	left: autoDraw = True
114.1060 	EXP 	right: autoDraw = True
114.1060 	EXP 	up: autoDraw = True
114.1060 	EXP 	down: autoDraw = True
114.1218 	EXP 	center: autoDraw = True
114.1218 	EXP 	left: autoDraw = True
114.1218 	EXP 	right: autoDraw = True
114.1218 	EXP 	up: autoDraw = True
114.1218 	EXP 	down: autoDraw = True
114.1387 	EXP 	center: autoDraw = True
114.1387 	EXP 	left: autoDraw = True
114.1387 	EXP 	right: autoDraw = True
114.1387 	EXP 	up: autoDraw = True
114.1387 	EXP 	down: autoDraw = True
114.1555 	EXP 	center: autoDraw = True
114.1555 	EXP 	left: autoDraw = True
114.1555 	EXP 	right: autoDraw = True
114.1555 	EXP 	up: autoDraw = True
114.1555 	EXP 	down: autoDraw = True
114.1723 	EXP 	center: autoDraw = True
114.1723 	EXP 	left: autoDraw = True
114.1723 	EXP 	right: autoDraw = True
114.1723 	EXP 	up: autoDraw = True
114.1723 	EXP 	down: autoDraw = True
114.1889 	EXP 	center: autoDraw = True
114.1889 	EXP 	left: autoDraw = True
114.1889 	EXP 	right: autoDraw = True
114.1889 	EXP 	up: autoDraw = True
114.1889 	EXP 	down: autoDraw = True
114.2051 	EXP 	center: autoDraw = True
114.2051 	EXP 	left: autoDraw = True
114.2051 	EXP 	right: autoDraw = True
114.2051 	EXP 	up: autoDraw = True
114.2051 	EXP 	down: autoDraw = True
114.2222 	EXP 	center: autoDraw = True
114.2222 	EXP 	left: autoDraw = True
114.2222 	EXP 	right: autoDraw = True
114.2222 	EXP 	up: autoDraw = True
114.2222 	EXP 	down: autoDraw = True
114.2389 	EXP 	center: autoDraw = True
114.2389 	EXP 	left: autoDraw = True
114.2389 	EXP 	right: autoDraw = True
114.2389 	EXP 	up: autoDraw = True
114.2389 	EXP 	down: autoDraw = True
114.2556 	EXP 	center: autoDraw = True
114.2556 	EXP 	left: autoDraw = True
114.2556 	EXP 	right: autoDraw = True
114.2556 	EXP 	up: autoDraw = True
114.2556 	EXP 	down: autoDraw = True
114.2723 	EXP 	center: autoDraw = True
114.2723 	EXP 	left: autoDraw = True
114.2723 	EXP 	right: autoDraw = True
114.2723 	EXP 	up: autoDraw = True
114.2723 	EXP 	down: autoDraw = True
114.2890 	EXP 	center: autoDraw = True
114.2890 	EXP 	left: autoDraw = True
114.2890 	EXP 	right: autoDraw = True
114.2890 	EXP 	up: autoDraw = True
114.2890 	EXP 	down: autoDraw = True
114.3056 	EXP 	center: autoDraw = True
114.3056 	EXP 	left: autoDraw = True
114.3056 	EXP 	right: autoDraw = True
114.3056 	EXP 	up: autoDraw = True
114.3056 	EXP 	down: autoDraw = True
114.3058 	DATA 	wsqS
114.3222 	EXP 	center: autoDraw = True
114.3222 	EXP 	left: autoDraw = True
114.3222 	EXP 	right: autoDraw = True
114.3222 	EXP 	up: autoDraw = True
114.3222 	EXP 	down: autoDraw = True
114.3222 	EXP 	whitesquare: autoDraw = True
114.3383 	EXP 	center: autoDraw = True
114.3383 	EXP 	left: autoDraw = True
114.3383 	EXP 	right: autoDraw = True
114.3383 	EXP 	up: autoDraw = True
114.3383 	EXP 	down: autoDraw = True
114.3383 	EXP 	whitesquare: autoDraw = False
114.3553 	EXP 	center: autoDraw = True
114.3553 	EXP 	left: autoDraw = True
114.3553 	EXP 	right: autoDraw = True
114.3553 	EXP 	up: autoDraw = True
114.3553 	EXP 	down: autoDraw = True
114.3717 	EXP 	center: autoDraw = True
114.3717 	EXP 	left: autoDraw = True
114.3717 	EXP 	right: autoDraw = True
114.3717 	EXP 	up: autoDraw = True
114.3717 	EXP 	down: autoDraw = True
114.3886 	EXP 	center: autoDraw = True
114.3886 	EXP 	left: autoDraw = True
114.3886 	EXP 	right: autoDraw = True
114.3886 	EXP 	up: autoDraw = True
114.3886 	EXP 	down: autoDraw = True
114.4055 	EXP 	center: autoDraw = True
114.4055 	EXP 	left: autoDraw = True
114.4055 	EXP 	right: autoDraw = True
114.4055 	EXP 	up: autoDraw = True
114.4055 	EXP 	down: autoDraw = True
114.4224 	EXP 	center: autoDraw = True
114.4224 	EXP 	left: autoDraw = True
114.4224 	EXP 	right: autoDraw = True
114.4224 	EXP 	up: autoDraw = True
114.4224 	EXP 	down: autoDraw = True
114.4390 	EXP 	center: autoDraw = True
114.4390 	EXP 	left: autoDraw = True
114.4390 	EXP 	right: autoDraw = True
114.4390 	EXP 	up: autoDraw = True
114.4390 	EXP 	down: autoDraw = True
114.4557 	EXP 	center: autoDraw = True
114.4557 	EXP 	left: autoDraw = True
114.4557 	EXP 	right: autoDraw = True
114.4557 	EXP 	up: autoDraw = True
114.4557 	EXP 	down: autoDraw = True
114.4724 	EXP 	center: autoDraw = True
114.4724 	EXP 	left: autoDraw = True
114.4724 	EXP 	right: autoDraw = True
114.4724 	EXP 	up: autoDraw = True
114.4724 	EXP 	down: autoDraw = True
114.4891 	EXP 	center: autoDraw = True
114.4891 	EXP 	left: autoDraw = True
114.4891 	EXP 	right: autoDraw = True
114.4891 	EXP 	up: autoDraw = True
114.4891 	EXP 	down: autoDraw = True
114.5058 	EXP 	center: autoDraw = True
114.5058 	EXP 	left: autoDraw = True
114.5058 	EXP 	right: autoDraw = True
114.5058 	EXP 	up: autoDraw = True
114.5058 	EXP 	down: autoDraw = True
114.5225 	EXP 	center: autoDraw = True
114.5225 	EXP 	left: autoDraw = True
114.5225 	EXP 	right: autoDraw = True
114.5225 	EXP 	up: autoDraw = True
114.5225 	EXP 	down: autoDraw = True
114.5390 	EXP 	center: autoDraw = True
114.5390 	EXP 	left: autoDraw = True
114.5390 	EXP 	right: autoDraw = True
114.5390 	EXP 	up: autoDraw = True
114.5390 	EXP 	down: autoDraw = True
114.5557 	EXP 	center: autoDraw = True
114.5557 	EXP 	left: autoDraw = True
114.5557 	EXP 	right: autoDraw = True
114.5557 	EXP 	up: autoDraw = True
114.5557 	EXP 	down: autoDraw = True
114.5726 	EXP 	center: autoDraw = True
114.5726 	EXP 	left: autoDraw = True
114.5726 	EXP 	right: autoDraw = True
114.5726 	EXP 	up: autoDraw = True
114.5726 	EXP 	down: autoDraw = True
114.5884 	EXP 	center: autoDraw = True
114.5884 	EXP 	left: autoDraw = True
114.5884 	EXP 	right: autoDraw = True
114.5884 	EXP 	up: autoDraw = True
114.5884 	EXP 	down: autoDraw = True
114.6053 	EXP 	center: autoDraw = True
114.6053 	EXP 	left: autoDraw = True
114.6053 	EXP 	right: autoDraw = True
114.6053 	EXP 	up: autoDraw = True
114.6053 	EXP 	down: autoDraw = True
114.6222 	EXP 	center: autoDraw = True
114.6222 	EXP 	left: autoDraw = True
114.6222 	EXP 	right: autoDraw = True
114.6222 	EXP 	up: autoDraw = True
114.6222 	EXP 	down: autoDraw = True
114.6388 	EXP 	center: autoDraw = True
114.6388 	EXP 	left: autoDraw = True
114.6388 	EXP 	right: autoDraw = True
114.6388 	EXP 	up: autoDraw = True
114.6388 	EXP 	down: autoDraw = True
114.6558 	EXP 	center: autoDraw = True
114.6558 	EXP 	left: autoDraw = True
114.6558 	EXP 	right: autoDraw = True
114.6558 	EXP 	up: autoDraw = True
114.6558 	EXP 	down: autoDraw = True
114.6727 	EXP 	center: autoDraw = True
114.6727 	EXP 	left: autoDraw = True
114.6727 	EXP 	right: autoDraw = True
114.6727 	EXP 	up: autoDraw = True
114.6727 	EXP 	down: autoDraw = True
114.6885 	EXP 	center: autoDraw = True
114.6885 	EXP 	left: autoDraw = True
114.6885 	EXP 	right: autoDraw = True
114.6885 	EXP 	up: autoDraw = True
114.6885 	EXP 	down: autoDraw = True
114.7054 	EXP 	center: autoDraw = True
114.7054 	EXP 	left: autoDraw = True
114.7054 	EXP 	right: autoDraw = True
114.7054 	EXP 	up: autoDraw = True
114.7054 	EXP 	down: autoDraw = True
114.7225 	EXP 	center: autoDraw = True
114.7225 	EXP 	left: autoDraw = True
114.7225 	EXP 	right: autoDraw = True
114.7225 	EXP 	up: autoDraw = True
114.7225 	EXP 	down: autoDraw = True
114.7392 	EXP 	center: autoDraw = True
114.7392 	EXP 	left: autoDraw = True
114.7392 	EXP 	right: autoDraw = True
114.7392 	EXP 	up: autoDraw = True
114.7392 	EXP 	down: autoDraw = True
114.7560 	EXP 	center: autoDraw = True
114.7560 	EXP 	left: autoDraw = True
114.7560 	EXP 	right: autoDraw = True
114.7560 	EXP 	up: autoDraw = True
114.7560 	EXP 	down: autoDraw = True
114.7717 	EXP 	center: autoDraw = True
114.7717 	EXP 	left: autoDraw = True
114.7717 	EXP 	right: autoDraw = True
114.7717 	EXP 	up: autoDraw = True
114.7717 	EXP 	down: autoDraw = True
114.7886 	EXP 	center: autoDraw = True
114.7886 	EXP 	left: autoDraw = True
114.7886 	EXP 	right: autoDraw = True
114.7886 	EXP 	up: autoDraw = True
114.7886 	EXP 	down: autoDraw = True
114.8055 	EXP 	center: autoDraw = True
114.8055 	EXP 	left: autoDraw = True
114.8055 	EXP 	right: autoDraw = True
114.8055 	EXP 	up: autoDraw = True
114.8055 	EXP 	down: autoDraw = True
114.8225 	EXP 	center: autoDraw = True
114.8225 	EXP 	left: autoDraw = True
114.8225 	EXP 	right: autoDraw = True
114.8225 	EXP 	up: autoDraw = True
114.8225 	EXP 	down: autoDraw = True
114.8383 	EXP 	center: autoDraw = True
114.8383 	EXP 	left: autoDraw = True
114.8383 	EXP 	right: autoDraw = True
114.8383 	EXP 	up: autoDraw = True
114.8383 	EXP 	down: autoDraw = True
114.8551 	EXP 	center: autoDraw = True
114.8551 	EXP 	left: autoDraw = True
114.8551 	EXP 	right: autoDraw = True
114.8551 	EXP 	up: autoDraw = True
114.8551 	EXP 	down: autoDraw = True
114.8723 	EXP 	center: autoDraw = True
114.8723 	EXP 	left: autoDraw = True
114.8723 	EXP 	right: autoDraw = True
114.8723 	EXP 	up: autoDraw = True
114.8723 	EXP 	down: autoDraw = True
114.8892 	EXP 	center: autoDraw = True
114.8892 	EXP 	left: autoDraw = True
114.8892 	EXP 	right: autoDraw = True
114.8892 	EXP 	up: autoDraw = True
114.8892 	EXP 	down: autoDraw = True
114.9051 	EXP 	center: autoDraw = True
114.9051 	EXP 	left: autoDraw = True
114.9051 	EXP 	right: autoDraw = True
114.9051 	EXP 	up: autoDraw = True
114.9051 	EXP 	down: autoDraw = True
114.9221 	EXP 	center: autoDraw = True
114.9221 	EXP 	left: autoDraw = True
114.9221 	EXP 	right: autoDraw = True
114.9221 	EXP 	up: autoDraw = True
114.9221 	EXP 	down: autoDraw = True
114.9390 	EXP 	center: autoDraw = True
114.9390 	EXP 	left: autoDraw = True
114.9390 	EXP 	right: autoDraw = True
114.9390 	EXP 	up: autoDraw = True
114.9390 	EXP 	down: autoDraw = True
114.9559 	EXP 	center: autoDraw = True
114.9559 	EXP 	left: autoDraw = True
114.9559 	EXP 	right: autoDraw = True
114.9559 	EXP 	up: autoDraw = True
114.9559 	EXP 	down: autoDraw = True
114.9717 	EXP 	center: autoDraw = True
114.9717 	EXP 	left: autoDraw = True
114.9717 	EXP 	right: autoDraw = True
114.9717 	EXP 	up: autoDraw = True
114.9717 	EXP 	down: autoDraw = True
114.9886 	EXP 	center: autoDraw = True
114.9886 	EXP 	left: autoDraw = True
114.9886 	EXP 	right: autoDraw = True
114.9886 	EXP 	up: autoDraw = True
114.9886 	EXP 	down: autoDraw = True
115.0052 	EXP 	center: autoDraw = True
115.0052 	EXP 	left: autoDraw = True
115.0052 	EXP 	right: autoDraw = True
115.0052 	EXP 	up: autoDraw = True
115.0052 	EXP 	down: autoDraw = True
115.0218 	EXP 	center: autoDraw = True
115.0218 	EXP 	left: autoDraw = True
115.0218 	EXP 	right: autoDraw = True
115.0218 	EXP 	up: autoDraw = True
115.0218 	EXP 	down: autoDraw = True
115.0387 	EXP 	center: autoDraw = True
115.0387 	EXP 	left: autoDraw = True
115.0387 	EXP 	right: autoDraw = True
115.0387 	EXP 	up: autoDraw = True
115.0387 	EXP 	down: autoDraw = True
115.0560 	EXP 	center: autoDraw = True
115.0560 	EXP 	left: autoDraw = True
115.0560 	EXP 	right: autoDraw = True
115.0560 	EXP 	up: autoDraw = True
115.0560 	EXP 	down: autoDraw = True
115.0718 	EXP 	center: autoDraw = True
115.0718 	EXP 	left: autoDraw = True
115.0718 	EXP 	right: autoDraw = True
115.0718 	EXP 	up: autoDraw = True
115.0718 	EXP 	down: autoDraw = True
115.0885 	EXP 	center: autoDraw = True
115.0885 	EXP 	left: autoDraw = True
115.0885 	EXP 	right: autoDraw = True
115.0885 	EXP 	up: autoDraw = True
115.0885 	EXP 	down: autoDraw = True
115.1056 	EXP 	center: autoDraw = True
115.1056 	EXP 	left: autoDraw = True
115.1056 	EXP 	right: autoDraw = True
115.1056 	EXP 	up: autoDraw = True
115.1056 	EXP 	down: autoDraw = True
115.1225 	EXP 	center: autoDraw = True
115.1225 	EXP 	left: autoDraw = True
115.1225 	EXP 	right: autoDraw = True
115.1225 	EXP 	up: autoDraw = True
115.1225 	EXP 	down: autoDraw = True
115.1391 	EXP 	center: autoDraw = True
115.1391 	EXP 	left: autoDraw = True
115.1391 	EXP 	right: autoDraw = True
115.1391 	EXP 	up: autoDraw = True
115.1391 	EXP 	down: autoDraw = True
115.1549 	EXP 	center: autoDraw = True
115.1549 	EXP 	left: autoDraw = True
115.1549 	EXP 	right: autoDraw = True
115.1549 	EXP 	up: autoDraw = True
115.1549 	EXP 	down: autoDraw = True
115.1719 	EXP 	center: autoDraw = True
115.1719 	EXP 	left: autoDraw = True
115.1719 	EXP 	right: autoDraw = True
115.1719 	EXP 	up: autoDraw = True
115.1719 	EXP 	down: autoDraw = True
115.1888 	EXP 	center: autoDraw = True
115.1888 	EXP 	left: autoDraw = True
115.1888 	EXP 	right: autoDraw = True
115.1888 	EXP 	up: autoDraw = True
115.1888 	EXP 	down: autoDraw = True
115.2057 	EXP 	center: autoDraw = True
115.2057 	EXP 	left: autoDraw = True
115.2057 	EXP 	right: autoDraw = True
115.2057 	EXP 	up: autoDraw = True
115.2057 	EXP 	down: autoDraw = True
115.2216 	EXP 	center: autoDraw = True
115.2216 	EXP 	left: autoDraw = True
115.2216 	EXP 	right: autoDraw = True
115.2216 	EXP 	up: autoDraw = True
115.2216 	EXP 	down: autoDraw = True
115.2385 	EXP 	center: autoDraw = True
115.2385 	EXP 	left: autoDraw = True
115.2385 	EXP 	right: autoDraw = True
115.2385 	EXP 	up: autoDraw = True
115.2385 	EXP 	down: autoDraw = True
115.2556 	EXP 	center: autoDraw = True
115.2556 	EXP 	left: autoDraw = True
115.2556 	EXP 	right: autoDraw = True
115.2556 	EXP 	up: autoDraw = True
115.2556 	EXP 	down: autoDraw = True
115.2725 	EXP 	center: autoDraw = True
115.2725 	EXP 	left: autoDraw = True
115.2725 	EXP 	right: autoDraw = True
115.2725 	EXP 	up: autoDraw = True
115.2725 	EXP 	down: autoDraw = True
115.2884 	EXP 	center: autoDraw = True
115.2884 	EXP 	left: autoDraw = True
115.2884 	EXP 	right: autoDraw = True
115.2884 	EXP 	up: autoDraw = True
115.2884 	EXP 	down: autoDraw = True
115.3053 	EXP 	center: autoDraw = True
115.3053 	EXP 	left: autoDraw = True
115.3053 	EXP 	right: autoDraw = True
115.3053 	EXP 	up: autoDraw = True
115.3053 	EXP 	down: autoDraw = True
115.3221 	EXP 	center: autoDraw = True
115.3221 	EXP 	left: autoDraw = True
115.3221 	EXP 	right: autoDraw = True
115.3221 	EXP 	up: autoDraw = True
115.3221 	EXP 	down: autoDraw = True
115.3390 	EXP 	center: autoDraw = True
115.3390 	EXP 	left: autoDraw = True
115.3390 	EXP 	right: autoDraw = True
115.3390 	EXP 	up: autoDraw = True
115.3390 	EXP 	down: autoDraw = True
115.3553 	EXP 	center: autoDraw = True
115.3553 	EXP 	left: autoDraw = True
115.3553 	EXP 	right: autoDraw = True
115.3553 	EXP 	up: autoDraw = True
115.3553 	EXP 	down: autoDraw = True
115.3722 	EXP 	center: autoDraw = True
115.3722 	EXP 	left: autoDraw = True
115.3722 	EXP 	right: autoDraw = True
115.3722 	EXP 	up: autoDraw = True
115.3722 	EXP 	down: autoDraw = True
115.3891 	EXP 	center: autoDraw = True
115.3891 	EXP 	left: autoDraw = True
115.3891 	EXP 	right: autoDraw = True
115.3891 	EXP 	up: autoDraw = True
115.3891 	EXP 	down: autoDraw = True
115.4049 	EXP 	center: autoDraw = True
115.4049 	EXP 	left: autoDraw = True
115.4049 	EXP 	right: autoDraw = True
115.4049 	EXP 	up: autoDraw = True
115.4049 	EXP 	down: autoDraw = True
115.4218 	EXP 	center: autoDraw = True
115.4218 	EXP 	left: autoDraw = True
115.4218 	EXP 	right: autoDraw = True
115.4218 	EXP 	up: autoDraw = True
115.4218 	EXP 	down: autoDraw = True
115.4386 	EXP 	center: autoDraw = True
115.4386 	EXP 	left: autoDraw = True
115.4386 	EXP 	right: autoDraw = True
115.4386 	EXP 	up: autoDraw = True
115.4386 	EXP 	down: autoDraw = True
115.4554 	EXP 	center: autoDraw = True
115.4554 	EXP 	left: autoDraw = True
115.4554 	EXP 	right: autoDraw = True
115.4554 	EXP 	up: autoDraw = True
115.4554 	EXP 	down: autoDraw = True
115.4721 	EXP 	center: autoDraw = True
115.4721 	EXP 	left: autoDraw = True
115.4721 	EXP 	right: autoDraw = True
115.4721 	EXP 	up: autoDraw = True
115.4721 	EXP 	down: autoDraw = True
115.4890 	EXP 	center: autoDraw = True
115.4890 	EXP 	left: autoDraw = True
115.4890 	EXP 	right: autoDraw = True
115.4890 	EXP 	up: autoDraw = True
115.4890 	EXP 	down: autoDraw = True
115.5059 	EXP 	center: autoDraw = True
115.5059 	EXP 	left: autoDraw = True
115.5059 	EXP 	right: autoDraw = True
115.5059 	EXP 	up: autoDraw = True
115.5059 	EXP 	down: autoDraw = True
115.5223 	EXP 	center: autoDraw = True
115.5223 	EXP 	left: autoDraw = True
115.5223 	EXP 	right: autoDraw = True
115.5223 	EXP 	up: autoDraw = True
115.5223 	EXP 	down: autoDraw = True
115.5392 	EXP 	center: autoDraw = True
115.5392 	EXP 	left: autoDraw = True
115.5392 	EXP 	right: autoDraw = True
115.5392 	EXP 	up: autoDraw = True
115.5392 	EXP 	down: autoDraw = True
115.5551 	EXP 	center: autoDraw = True
115.5551 	EXP 	left: autoDraw = True
115.5551 	EXP 	right: autoDraw = True
115.5551 	EXP 	up: autoDraw = True
115.5551 	EXP 	down: autoDraw = True
115.5720 	EXP 	center: autoDraw = True
115.5720 	EXP 	left: autoDraw = True
115.5720 	EXP 	right: autoDraw = True
115.5720 	EXP 	up: autoDraw = True
115.5720 	EXP 	down: autoDraw = True
115.5888 	EXP 	center: autoDraw = True
115.5888 	EXP 	left: autoDraw = True
115.5888 	EXP 	right: autoDraw = True
115.5888 	EXP 	up: autoDraw = True
115.5888 	EXP 	down: autoDraw = True
115.6056 	EXP 	center: autoDraw = True
115.6056 	EXP 	left: autoDraw = True
115.6056 	EXP 	right: autoDraw = True
115.6056 	EXP 	up: autoDraw = True
115.6056 	EXP 	down: autoDraw = True
115.6225 	EXP 	center: autoDraw = True
115.6225 	EXP 	left: autoDraw = True
115.6225 	EXP 	right: autoDraw = True
115.6225 	EXP 	up: autoDraw = True
115.6225 	EXP 	down: autoDraw = True
115.6386 	EXP 	center: autoDraw = True
115.6386 	EXP 	left: autoDraw = True
115.6386 	EXP 	right: autoDraw = True
115.6386 	EXP 	up: autoDraw = True
115.6386 	EXP 	down: autoDraw = True
115.6556 	EXP 	center: autoDraw = True
115.6556 	EXP 	left: autoDraw = True
115.6556 	EXP 	right: autoDraw = True
115.6556 	EXP 	up: autoDraw = True
115.6556 	EXP 	down: autoDraw = True
115.6719 	EXP 	center: autoDraw = True
115.6719 	EXP 	left: autoDraw = True
115.6719 	EXP 	right: autoDraw = True
115.6719 	EXP 	up: autoDraw = True
115.6719 	EXP 	down: autoDraw = True
115.6890 	EXP 	center: autoDraw = True
115.6890 	EXP 	left: autoDraw = True
115.6890 	EXP 	right: autoDraw = True
115.6890 	EXP 	up: autoDraw = True
115.6890 	EXP 	down: autoDraw = True
115.7058 	EXP 	center: autoDraw = True
115.7058 	EXP 	left: autoDraw = True
115.7058 	EXP 	right: autoDraw = True
115.7058 	EXP 	up: autoDraw = True
115.7058 	EXP 	down: autoDraw = True
115.7218 	EXP 	center: autoDraw = True
115.7218 	EXP 	left: autoDraw = True
115.7218 	EXP 	right: autoDraw = True
115.7218 	EXP 	up: autoDraw = True
115.7218 	EXP 	down: autoDraw = True
115.7385 	EXP 	center: autoDraw = True
115.7385 	EXP 	left: autoDraw = True
115.7385 	EXP 	right: autoDraw = True
115.7385 	EXP 	up: autoDraw = True
115.7385 	EXP 	down: autoDraw = True
115.7555 	EXP 	center: autoDraw = True
115.7555 	EXP 	left: autoDraw = True
115.7555 	EXP 	right: autoDraw = True
115.7555 	EXP 	up: autoDraw = True
115.7555 	EXP 	down: autoDraw = True
115.7719 	EXP 	center: autoDraw = True
115.7719 	EXP 	left: autoDraw = True
115.7719 	EXP 	right: autoDraw = True
115.7719 	EXP 	up: autoDraw = True
115.7719 	EXP 	down: autoDraw = True
115.7893 	EXP 	center: autoDraw = True
115.7893 	EXP 	left: autoDraw = True
115.7893 	EXP 	right: autoDraw = True
115.7893 	EXP 	up: autoDraw = True
115.7893 	EXP 	down: autoDraw = True
115.8051 	EXP 	center: autoDraw = True
115.8051 	EXP 	left: autoDraw = True
115.8051 	EXP 	right: autoDraw = True
115.8051 	EXP 	up: autoDraw = True
115.8051 	EXP 	down: autoDraw = True
115.8221 	EXP 	center: autoDraw = True
115.8221 	EXP 	left: autoDraw = True
115.8221 	EXP 	right: autoDraw = True
115.8221 	EXP 	up: autoDraw = True
115.8221 	EXP 	down: autoDraw = True
115.8390 	EXP 	center: autoDraw = True
115.8390 	EXP 	left: autoDraw = True
115.8390 	EXP 	right: autoDraw = True
115.8390 	EXP 	up: autoDraw = True
115.8390 	EXP 	down: autoDraw = True
115.8559 	EXP 	center: autoDraw = True
115.8559 	EXP 	left: autoDraw = True
115.8559 	EXP 	right: autoDraw = True
115.8559 	EXP 	up: autoDraw = True
115.8559 	EXP 	down: autoDraw = True
115.8717 	EXP 	center: autoDraw = True
115.8717 	EXP 	left: autoDraw = True
115.8717 	EXP 	right: autoDraw = True
115.8717 	EXP 	up: autoDraw = True
115.8717 	EXP 	down: autoDraw = True
115.8885 	EXP 	center: autoDraw = True
115.8885 	EXP 	left: autoDraw = True
115.8885 	EXP 	right: autoDraw = True
115.8885 	EXP 	up: autoDraw = True
115.8885 	EXP 	down: autoDraw = True
115.9054 	EXP 	center: autoDraw = True
115.9054 	EXP 	left: autoDraw = True
115.9054 	EXP 	right: autoDraw = True
115.9054 	EXP 	up: autoDraw = True
115.9054 	EXP 	down: autoDraw = True
115.9223 	EXP 	center: autoDraw = True
115.9223 	EXP 	left: autoDraw = True
115.9223 	EXP 	right: autoDraw = True
115.9223 	EXP 	up: autoDraw = True
115.9223 	EXP 	down: autoDraw = True
115.9390 	EXP 	center: autoDraw = True
115.9390 	EXP 	left: autoDraw = True
115.9390 	EXP 	right: autoDraw = True
115.9390 	EXP 	up: autoDraw = True
115.9390 	EXP 	down: autoDraw = True
115.9558 	EXP 	center: autoDraw = True
115.9558 	EXP 	left: autoDraw = True
115.9558 	EXP 	right: autoDraw = True
115.9558 	EXP 	up: autoDraw = True
115.9558 	EXP 	down: autoDraw = True
115.9717 	EXP 	center: autoDraw = True
115.9717 	EXP 	left: autoDraw = True
115.9717 	EXP 	right: autoDraw = True
115.9717 	EXP 	up: autoDraw = True
115.9717 	EXP 	down: autoDraw = True
115.9886 	EXP 	center: autoDraw = True
115.9886 	EXP 	left: autoDraw = True
115.9886 	EXP 	right: autoDraw = True
115.9886 	EXP 	up: autoDraw = True
115.9886 	EXP 	down: autoDraw = True
116.0054 	EXP 	center: autoDraw = True
116.0054 	EXP 	left: autoDraw = True
116.0054 	EXP 	right: autoDraw = True
116.0054 	EXP 	up: autoDraw = True
116.0054 	EXP 	down: autoDraw = True
116.0224 	EXP 	center: autoDraw = True
116.0224 	EXP 	left: autoDraw = True
116.0224 	EXP 	right: autoDraw = True
116.0224 	EXP 	up: autoDraw = True
116.0224 	EXP 	down: autoDraw = True
116.0392 	EXP 	center: autoDraw = True
116.0392 	EXP 	left: autoDraw = True
116.0392 	EXP 	right: autoDraw = True
116.0392 	EXP 	up: autoDraw = True
116.0392 	EXP 	down: autoDraw = True
116.0560 	EXP 	center: autoDraw = True
116.0560 	EXP 	left: autoDraw = True
116.0560 	EXP 	right: autoDraw = True
116.0560 	EXP 	up: autoDraw = True
116.0560 	EXP 	down: autoDraw = True
116.0718 	EXP 	center: autoDraw = True
116.0718 	EXP 	left: autoDraw = True
116.0718 	EXP 	right: autoDraw = True
116.0718 	EXP 	up: autoDraw = True
116.0718 	EXP 	down: autoDraw = True
116.0885 	EXP 	center: autoDraw = True
116.0885 	EXP 	left: autoDraw = True
116.0885 	EXP 	right: autoDraw = True
116.0885 	EXP 	up: autoDraw = True
116.0885 	EXP 	down: autoDraw = True
116.1053 	EXP 	center: autoDraw = True
116.1053 	EXP 	left: autoDraw = True
116.1053 	EXP 	right: autoDraw = True
116.1053 	EXP 	up: autoDraw = True
116.1053 	EXP 	down: autoDraw = True
116.1223 	EXP 	center: autoDraw = True
116.1223 	EXP 	left: autoDraw = True
116.1223 	EXP 	right: autoDraw = True
116.1223 	EXP 	up: autoDraw = True
116.1223 	EXP 	down: autoDraw = True
116.1391 	EXP 	center: autoDraw = True
116.1391 	EXP 	left: autoDraw = True
116.1391 	EXP 	right: autoDraw = True
116.1391 	EXP 	up: autoDraw = True
116.1391 	EXP 	down: autoDraw = True
116.1551 	EXP 	center: autoDraw = True
116.1551 	EXP 	left: autoDraw = True
116.1551 	EXP 	right: autoDraw = True
116.1551 	EXP 	up: autoDraw = True
116.1551 	EXP 	down: autoDraw = True
116.1723 	EXP 	center: autoDraw = True
116.1723 	EXP 	left: autoDraw = True
116.1723 	EXP 	right: autoDraw = True
116.1723 	EXP 	up: autoDraw = True
116.1723 	EXP 	down: autoDraw = True
116.1892 	EXP 	center: autoDraw = True
116.1892 	EXP 	left: autoDraw = True
116.1892 	EXP 	right: autoDraw = True
116.1892 	EXP 	up: autoDraw = True
116.1892 	EXP 	down: autoDraw = True
116.2052 	EXP 	center: autoDraw = True
116.2052 	EXP 	left: autoDraw = True
116.2052 	EXP 	right: autoDraw = True
116.2052 	EXP 	up: autoDraw = True
116.2052 	EXP 	down: autoDraw = True
116.2222 	EXP 	center: autoDraw = True
116.2222 	EXP 	left: autoDraw = True
116.2222 	EXP 	right: autoDraw = True
116.2222 	EXP 	up: autoDraw = True
116.2222 	EXP 	down: autoDraw = True
116.2391 	EXP 	center: autoDraw = True
116.2391 	EXP 	left: autoDraw = True
116.2391 	EXP 	right: autoDraw = True
116.2391 	EXP 	up: autoDraw = True
116.2391 	EXP 	down: autoDraw = True
116.2549 	EXP 	center: autoDraw = True
116.2549 	EXP 	left: autoDraw = True
116.2549 	EXP 	right: autoDraw = True
116.2549 	EXP 	up: autoDraw = True
116.2549 	EXP 	down: autoDraw = True
116.2717 	EXP 	center: autoDraw = True
116.2717 	EXP 	left: autoDraw = True
116.2717 	EXP 	right: autoDraw = True
116.2717 	EXP 	up: autoDraw = True
116.2717 	EXP 	down: autoDraw = True
116.2885 	EXP 	center: autoDraw = True
116.2885 	EXP 	left: autoDraw = True
116.2885 	EXP 	right: autoDraw = True
116.2885 	EXP 	up: autoDraw = True
116.2885 	EXP 	down: autoDraw = True
116.3053 	EXP 	center: autoDraw = True
116.3053 	EXP 	left: autoDraw = True
116.3053 	EXP 	right: autoDraw = True
116.3053 	EXP 	up: autoDraw = True
116.3053 	EXP 	down: autoDraw = True
116.3220 	EXP 	center: autoDraw = True
116.3220 	EXP 	left: autoDraw = True
116.3220 	EXP 	right: autoDraw = True
116.3220 	EXP 	up: autoDraw = True
116.3220 	EXP 	down: autoDraw = True
116.3389 	EXP 	center: autoDraw = True
116.3389 	EXP 	left: autoDraw = True
116.3389 	EXP 	right: autoDraw = True
116.3389 	EXP 	up: autoDraw = True
116.3389 	EXP 	down: autoDraw = True
116.3557 	EXP 	center: autoDraw = True
116.3557 	EXP 	left: autoDraw = True
116.3557 	EXP 	right: autoDraw = True
116.3557 	EXP 	up: autoDraw = True
116.3557 	EXP 	down: autoDraw = True
116.3715 	EXP 	center: autoDraw = True
116.3715 	EXP 	left: autoDraw = True
116.3715 	EXP 	right: autoDraw = True
116.3715 	EXP 	up: autoDraw = True
116.3715 	EXP 	down: autoDraw = True
116.3884 	EXP 	center: autoDraw = True
116.3884 	EXP 	left: autoDraw = True
116.3884 	EXP 	right: autoDraw = True
116.3884 	EXP 	up: autoDraw = True
116.3884 	EXP 	down: autoDraw = True
116.4053 	EXP 	center: autoDraw = True
116.4053 	EXP 	left: autoDraw = True
116.4053 	EXP 	right: autoDraw = True
116.4053 	EXP 	up: autoDraw = True
116.4053 	EXP 	down: autoDraw = True
116.4223 	EXP 	center: autoDraw = True
116.4223 	EXP 	left: autoDraw = True
116.4223 	EXP 	right: autoDraw = True
116.4223 	EXP 	up: autoDraw = True
116.4223 	EXP 	down: autoDraw = True
116.4382 	EXP 	center: autoDraw = True
116.4382 	EXP 	left: autoDraw = True
116.4382 	EXP 	right: autoDraw = True
116.4382 	EXP 	up: autoDraw = True
116.4382 	EXP 	down: autoDraw = True
116.4551 	EXP 	center: autoDraw = True
116.4551 	EXP 	left: autoDraw = True
116.4551 	EXP 	right: autoDraw = True
116.4551 	EXP 	up: autoDraw = True
116.4551 	EXP 	down: autoDraw = True
116.4723 	EXP 	center: autoDraw = True
116.4723 	EXP 	left: autoDraw = True
116.4723 	EXP 	right: autoDraw = True
116.4723 	EXP 	up: autoDraw = True
116.4723 	EXP 	down: autoDraw = True
116.4724 	EXP 	Sound  started
116.4782 	DATA 	slef
116.4883 	EXP 	center: autoDraw = True
116.4883 	EXP 	left: autoDraw = True
116.4883 	EXP 	right: autoDraw = True
116.4883 	EXP 	up: autoDraw = True
116.4883 	EXP 	down: autoDraw = True
116.5051 	EXP 	center: autoDraw = True
116.5051 	EXP 	left: autoDraw = True
116.5051 	EXP 	right: autoDraw = True
116.5051 	EXP 	up: autoDraw = True
116.5051 	EXP 	down: autoDraw = True
116.5222 	EXP 	center: autoDraw = True
116.5222 	EXP 	left: autoDraw = True
116.5222 	EXP 	right: autoDraw = True
116.5222 	EXP 	up: autoDraw = True
116.5222 	EXP 	down: autoDraw = True
116.5390 	EXP 	center: autoDraw = True
116.5390 	EXP 	left: autoDraw = True
116.5390 	EXP 	right: autoDraw = True
116.5390 	EXP 	up: autoDraw = True
116.5390 	EXP 	down: autoDraw = True
116.5557 	EXP 	center: autoDraw = True
116.5557 	EXP 	left: autoDraw = True
116.5557 	EXP 	right: autoDraw = True
116.5557 	EXP 	up: autoDraw = True
116.5557 	EXP 	down: autoDraw = True
116.5715 	EXP 	center: autoDraw = True
116.5715 	EXP 	left: autoDraw = True
116.5715 	EXP 	right: autoDraw = True
116.5715 	EXP 	up: autoDraw = True
116.5715 	EXP 	down: autoDraw = True
116.5883 	EXP 	center: autoDraw = True
116.5883 	EXP 	left: autoDraw = True
116.5883 	EXP 	right: autoDraw = True
116.5883 	EXP 	up: autoDraw = True
116.5883 	EXP 	down: autoDraw = True
116.6053 	EXP 	center: autoDraw = True
116.6053 	EXP 	left: autoDraw = True
116.6053 	EXP 	right: autoDraw = True
116.6053 	EXP 	up: autoDraw = True
116.6053 	EXP 	down: autoDraw = True
116.6222 	EXP 	center: autoDraw = True
116.6222 	EXP 	left: autoDraw = True
116.6222 	EXP 	right: autoDraw = True
116.6222 	EXP 	up: autoDraw = True
116.6222 	EXP 	down: autoDraw = True
116.6391 	EXP 	center: autoDraw = True
116.6391 	EXP 	left: autoDraw = True
116.6391 	EXP 	right: autoDraw = True
116.6391 	EXP 	up: autoDraw = True
116.6391 	EXP 	down: autoDraw = True
116.6549 	EXP 	center: autoDraw = True
116.6549 	EXP 	left: autoDraw = True
116.6549 	EXP 	right: autoDraw = True
116.6549 	EXP 	up: autoDraw = True
116.6549 	EXP 	down: autoDraw = True
116.6719 	EXP 	center: autoDraw = True
116.6719 	EXP 	left: autoDraw = True
116.6719 	EXP 	right: autoDraw = True
116.6719 	EXP 	up: autoDraw = True
116.6719 	EXP 	down: autoDraw = True
116.6882 	EXP 	center: autoDraw = True
116.6882 	EXP 	left: autoDraw = True
116.6882 	EXP 	right: autoDraw = True
116.6882 	EXP 	up: autoDraw = True
116.6882 	EXP 	down: autoDraw = True
116.7050 	EXP 	center: autoDraw = True
116.7050 	EXP 	left: autoDraw = True
116.7050 	EXP 	right: autoDraw = True
116.7050 	EXP 	up: autoDraw = True
116.7050 	EXP 	down: autoDraw = True
116.7220 	EXP 	center: autoDraw = True
116.7220 	EXP 	left: autoDraw = True
116.7220 	EXP 	right: autoDraw = True
116.7220 	EXP 	up: autoDraw = True
116.7220 	EXP 	down: autoDraw = True
116.7387 	EXP 	center: autoDraw = True
116.7387 	EXP 	left: autoDraw = True
116.7387 	EXP 	right: autoDraw = True
116.7387 	EXP 	up: autoDraw = True
116.7387 	EXP 	down: autoDraw = True
116.7555 	EXP 	center: autoDraw = True
116.7555 	EXP 	left: autoDraw = True
116.7555 	EXP 	right: autoDraw = True
116.7555 	EXP 	up: autoDraw = True
116.7555 	EXP 	down: autoDraw = True
116.7723 	EXP 	center: autoDraw = True
116.7723 	EXP 	left: autoDraw = True
116.7723 	EXP 	right: autoDraw = True
116.7723 	EXP 	up: autoDraw = True
116.7723 	EXP 	down: autoDraw = True
116.7885 	EXP 	center: autoDraw = True
116.7885 	EXP 	left: autoDraw = True
116.7885 	EXP 	right: autoDraw = True
116.7885 	EXP 	up: autoDraw = True
116.7885 	EXP 	down: autoDraw = True
116.8052 	EXP 	center: autoDraw = True
116.8052 	EXP 	left: autoDraw = True
116.8052 	EXP 	right: autoDraw = True
116.8052 	EXP 	up: autoDraw = True
116.8052 	EXP 	down: autoDraw = True
116.8054 	DATA 	wsqS
116.8226 	EXP 	center: autoDraw = True
116.8226 	EXP 	left: autoDraw = True
116.8226 	EXP 	right: autoDraw = True
116.8226 	EXP 	up: autoDraw = True
116.8226 	EXP 	down: autoDraw = True
116.8226 	EXP 	whitesquare: autoDraw = True
116.8384 	EXP 	center: autoDraw = True
116.8384 	EXP 	left: autoDraw = True
116.8384 	EXP 	right: autoDraw = True
116.8384 	EXP 	up: autoDraw = True
116.8384 	EXP 	down: autoDraw = True
116.8384 	EXP 	whitesquare: autoDraw = False
116.8553 	EXP 	center: autoDraw = True
116.8553 	EXP 	left: autoDraw = True
116.8553 	EXP 	right: autoDraw = True
116.8553 	EXP 	up: autoDraw = True
116.8553 	EXP 	down: autoDraw = True
116.8721 	EXP 	center: autoDraw = True
116.8721 	EXP 	left: autoDraw = True
116.8721 	EXP 	right: autoDraw = True
116.8721 	EXP 	up: autoDraw = True
116.8721 	EXP 	down: autoDraw = True
116.8890 	EXP 	center: autoDraw = True
116.8890 	EXP 	left: autoDraw = True
116.8890 	EXP 	right: autoDraw = True
116.8890 	EXP 	up: autoDraw = True
116.8890 	EXP 	down: autoDraw = True
116.9049 	EXP 	center: autoDraw = True
116.9049 	EXP 	left: autoDraw = True
116.9049 	EXP 	right: autoDraw = True
116.9049 	EXP 	up: autoDraw = True
116.9049 	EXP 	down: autoDraw = True
116.9219 	EXP 	center: autoDraw = True
116.9219 	EXP 	left: autoDraw = True
116.9219 	EXP 	right: autoDraw = True
116.9219 	EXP 	up: autoDraw = True
116.9219 	EXP 	down: autoDraw = True
116.9387 	EXP 	center: autoDraw = True
116.9387 	EXP 	left: autoDraw = True
116.9387 	EXP 	right: autoDraw = True
116.9387 	EXP 	up: autoDraw = True
116.9387 	EXP 	down: autoDraw = True
116.9556 	EXP 	center: autoDraw = True
116.9556 	EXP 	left: autoDraw = True
116.9556 	EXP 	right: autoDraw = True
116.9556 	EXP 	up: autoDraw = True
116.9556 	EXP 	down: autoDraw = True
116.9723 	EXP 	center: autoDraw = True
116.9723 	EXP 	left: autoDraw = True
116.9723 	EXP 	right: autoDraw = True
116.9723 	EXP 	up: autoDraw = True
116.9723 	EXP 	down: autoDraw = True
116.9892 	EXP 	center: autoDraw = True
116.9892 	EXP 	left: autoDraw = True
116.9892 	EXP 	right: autoDraw = True
116.9892 	EXP 	up: autoDraw = True
116.9892 	EXP 	down: autoDraw = True
117.0052 	EXP 	center: autoDraw = True
117.0052 	EXP 	left: autoDraw = True
117.0052 	EXP 	right: autoDraw = True
117.0052 	EXP 	up: autoDraw = True
117.0052 	EXP 	down: autoDraw = True
117.0220 	EXP 	center: autoDraw = True
117.0220 	EXP 	left: autoDraw = True
117.0220 	EXP 	right: autoDraw = True
117.0220 	EXP 	up: autoDraw = True
117.0220 	EXP 	down: autoDraw = True
117.0389 	EXP 	center: autoDraw = True
117.0389 	EXP 	left: autoDraw = True
117.0389 	EXP 	right: autoDraw = True
117.0389 	EXP 	up: autoDraw = True
117.0389 	EXP 	down: autoDraw = True
117.0548 	EXP 	center: autoDraw = True
117.0548 	EXP 	left: autoDraw = True
117.0548 	EXP 	right: autoDraw = True
117.0548 	EXP 	up: autoDraw = True
117.0548 	EXP 	down: autoDraw = True
117.0717 	EXP 	center: autoDraw = True
117.0717 	EXP 	left: autoDraw = True
117.0717 	EXP 	right: autoDraw = True
117.0717 	EXP 	up: autoDraw = True
117.0717 	EXP 	down: autoDraw = True
117.0884 	EXP 	center: autoDraw = True
117.0884 	EXP 	left: autoDraw = True
117.0884 	EXP 	right: autoDraw = True
117.0884 	EXP 	up: autoDraw = True
117.0884 	EXP 	down: autoDraw = True
117.1057 	EXP 	center: autoDraw = True
117.1057 	EXP 	left: autoDraw = True
117.1057 	EXP 	right: autoDraw = True
117.1057 	EXP 	up: autoDraw = True
117.1057 	EXP 	down: autoDraw = True
117.1216 	EXP 	center: autoDraw = True
117.1216 	EXP 	left: autoDraw = True
117.1216 	EXP 	right: autoDraw = True
117.1216 	EXP 	up: autoDraw = True
117.1216 	EXP 	down: autoDraw = True
117.1385 	EXP 	center: autoDraw = True
117.1385 	EXP 	left: autoDraw = True
117.1385 	EXP 	right: autoDraw = True
117.1385 	EXP 	up: autoDraw = True
117.1385 	EXP 	down: autoDraw = True
117.1553 	EXP 	center: autoDraw = True
117.1553 	EXP 	left: autoDraw = True
117.1553 	EXP 	right: autoDraw = True
117.1553 	EXP 	up: autoDraw = True
117.1553 	EXP 	down: autoDraw = True
117.1720 	EXP 	center: autoDraw = True
117.1720 	EXP 	left: autoDraw = True
117.1720 	EXP 	right: autoDraw = True
117.1720 	EXP 	up: autoDraw = True
117.1720 	EXP 	down: autoDraw = True
117.1889 	EXP 	center: autoDraw = True
117.1889 	EXP 	left: autoDraw = True
117.1889 	EXP 	right: autoDraw = True
117.1889 	EXP 	up: autoDraw = True
117.1889 	EXP 	down: autoDraw = True
117.2057 	EXP 	center: autoDraw = True
117.2057 	EXP 	left: autoDraw = True
117.2057 	EXP 	right: autoDraw = True
117.2057 	EXP 	up: autoDraw = True
117.2057 	EXP 	down: autoDraw = True
117.2215 	EXP 	center: autoDraw = True
117.2215 	EXP 	left: autoDraw = True
117.2215 	EXP 	right: autoDraw = True
117.2215 	EXP 	up: autoDraw = True
117.2215 	EXP 	down: autoDraw = True
117.2385 	EXP 	center: autoDraw = True
117.2385 	EXP 	left: autoDraw = True
117.2385 	EXP 	right: autoDraw = True
117.2385 	EXP 	up: autoDraw = True
117.2385 	EXP 	down: autoDraw = True
117.2553 	EXP 	center: autoDraw = True
117.2553 	EXP 	left: autoDraw = True
117.2553 	EXP 	right: autoDraw = True
117.2553 	EXP 	up: autoDraw = True
117.2553 	EXP 	down: autoDraw = True
117.2722 	EXP 	center: autoDraw = True
117.2722 	EXP 	left: autoDraw = True
117.2722 	EXP 	right: autoDraw = True
117.2722 	EXP 	up: autoDraw = True
117.2722 	EXP 	down: autoDraw = True
117.2890 	EXP 	center: autoDraw = True
117.2890 	EXP 	left: autoDraw = True
117.2890 	EXP 	right: autoDraw = True
117.2890 	EXP 	up: autoDraw = True
117.2890 	EXP 	down: autoDraw = True
117.3048 	EXP 	center: autoDraw = True
117.3048 	EXP 	left: autoDraw = True
117.3048 	EXP 	right: autoDraw = True
117.3048 	EXP 	up: autoDraw = True
117.3048 	EXP 	down: autoDraw = True
117.3250 	EXP 	center: autoDraw = True
117.3250 	EXP 	left: autoDraw = True
117.3250 	EXP 	right: autoDraw = True
117.3250 	EXP 	up: autoDraw = True
117.3250 	EXP 	down: autoDraw = True
117.3423 	EXP 	center: autoDraw = True
117.3423 	EXP 	left: autoDraw = True
117.3423 	EXP 	right: autoDraw = True
117.3423 	EXP 	up: autoDraw = True
117.3423 	EXP 	down: autoDraw = True
117.3592 	EXP 	center: autoDraw = True
117.3592 	EXP 	left: autoDraw = True
117.3592 	EXP 	right: autoDraw = True
117.3592 	EXP 	up: autoDraw = True
117.3592 	EXP 	down: autoDraw = True
117.3760 	EXP 	center: autoDraw = True
117.3760 	EXP 	left: autoDraw = True
117.3760 	EXP 	right: autoDraw = True
117.3760 	EXP 	up: autoDraw = True
117.3760 	EXP 	down: autoDraw = True
117.3923 	EXP 	center: autoDraw = True
117.3923 	EXP 	left: autoDraw = True
117.3923 	EXP 	right: autoDraw = True
117.3923 	EXP 	up: autoDraw = True
117.3923 	EXP 	down: autoDraw = True
117.4091 	EXP 	center: autoDraw = True
117.4091 	EXP 	left: autoDraw = True
117.4091 	EXP 	right: autoDraw = True
117.4091 	EXP 	up: autoDraw = True
117.4091 	EXP 	down: autoDraw = True
117.4251 	EXP 	center: autoDraw = True
117.4251 	EXP 	left: autoDraw = True
117.4251 	EXP 	right: autoDraw = True
117.4251 	EXP 	up: autoDraw = True
117.4251 	EXP 	down: autoDraw = True
117.4425 	EXP 	center: autoDraw = True
117.4425 	EXP 	left: autoDraw = True
117.4425 	EXP 	right: autoDraw = True
117.4425 	EXP 	up: autoDraw = True
117.4425 	EXP 	down: autoDraw = True
117.4593 	EXP 	center: autoDraw = True
117.4593 	EXP 	left: autoDraw = True
117.4593 	EXP 	right: autoDraw = True
117.4593 	EXP 	up: autoDraw = True
117.4593 	EXP 	down: autoDraw = True
117.4757 	EXP 	center: autoDraw = True
117.4757 	EXP 	left: autoDraw = True
117.4757 	EXP 	right: autoDraw = True
117.4757 	EXP 	up: autoDraw = True
117.4757 	EXP 	down: autoDraw = True
117.4925 	EXP 	center: autoDraw = True
117.4925 	EXP 	left: autoDraw = True
117.4925 	EXP 	right: autoDraw = True
117.4925 	EXP 	up: autoDraw = True
117.4925 	EXP 	down: autoDraw = True
117.5085 	EXP 	center: autoDraw = True
117.5085 	EXP 	left: autoDraw = True
117.5085 	EXP 	right: autoDraw = True
117.5085 	EXP 	up: autoDraw = True
117.5085 	EXP 	down: autoDraw = True
117.5256 	EXP 	center: autoDraw = True
117.5256 	EXP 	left: autoDraw = True
117.5256 	EXP 	right: autoDraw = True
117.5256 	EXP 	up: autoDraw = True
117.5256 	EXP 	down: autoDraw = True
117.5424 	EXP 	center: autoDraw = True
117.5424 	EXP 	left: autoDraw = True
117.5424 	EXP 	right: autoDraw = True
117.5424 	EXP 	up: autoDraw = True
117.5424 	EXP 	down: autoDraw = True
117.5591 	EXP 	center: autoDraw = True
117.5591 	EXP 	left: autoDraw = True
117.5591 	EXP 	right: autoDraw = True
117.5591 	EXP 	up: autoDraw = True
117.5591 	EXP 	down: autoDraw = True
117.5759 	EXP 	center: autoDraw = True
117.5759 	EXP 	left: autoDraw = True
117.5759 	EXP 	right: autoDraw = True
117.5759 	EXP 	up: autoDraw = True
117.5759 	EXP 	down: autoDraw = True
117.5919 	EXP 	center: autoDraw = True
117.5919 	EXP 	left: autoDraw = True
117.5919 	EXP 	right: autoDraw = True
117.5919 	EXP 	up: autoDraw = True
117.5919 	EXP 	down: autoDraw = True
117.6090 	EXP 	center: autoDraw = True
117.6090 	EXP 	left: autoDraw = True
117.6090 	EXP 	right: autoDraw = True
117.6090 	EXP 	up: autoDraw = True
117.6090 	EXP 	down: autoDraw = True
117.6259 	EXP 	center: autoDraw = True
117.6259 	EXP 	left: autoDraw = True
117.6259 	EXP 	right: autoDraw = True
117.6259 	EXP 	up: autoDraw = True
117.6259 	EXP 	down: autoDraw = True
117.6426 	EXP 	center: autoDraw = True
117.6426 	EXP 	left: autoDraw = True
117.6426 	EXP 	right: autoDraw = True
117.6426 	EXP 	up: autoDraw = True
117.6426 	EXP 	down: autoDraw = True
117.6589 	EXP 	center: autoDraw = True
117.6589 	EXP 	left: autoDraw = True
117.6589 	EXP 	right: autoDraw = True
117.6589 	EXP 	up: autoDraw = True
117.6589 	EXP 	down: autoDraw = True
117.6755 	EXP 	center: autoDraw = True
117.6755 	EXP 	left: autoDraw = True
117.6755 	EXP 	right: autoDraw = True
117.6755 	EXP 	up: autoDraw = True
117.6755 	EXP 	down: autoDraw = True
117.6920 	EXP 	center: autoDraw = True
117.6920 	EXP 	left: autoDraw = True
117.6920 	EXP 	right: autoDraw = True
117.6920 	EXP 	up: autoDraw = True
117.6920 	EXP 	down: autoDraw = True
117.7089 	EXP 	center: autoDraw = True
117.7089 	EXP 	left: autoDraw = True
117.7089 	EXP 	right: autoDraw = True
117.7089 	EXP 	up: autoDraw = True
117.7089 	EXP 	down: autoDraw = True
117.7257 	EXP 	center: autoDraw = True
117.7257 	EXP 	left: autoDraw = True
117.7257 	EXP 	right: autoDraw = True
117.7257 	EXP 	up: autoDraw = True
117.7257 	EXP 	down: autoDraw = True
117.7425 	EXP 	center: autoDraw = True
117.7425 	EXP 	left: autoDraw = True
117.7425 	EXP 	right: autoDraw = True
117.7425 	EXP 	up: autoDraw = True
117.7425 	EXP 	down: autoDraw = True
117.7593 	EXP 	center: autoDraw = True
117.7593 	EXP 	left: autoDraw = True
117.7593 	EXP 	right: autoDraw = True
117.7593 	EXP 	up: autoDraw = True
117.7593 	EXP 	down: autoDraw = True
117.7756 	EXP 	center: autoDraw = True
117.7756 	EXP 	left: autoDraw = True
117.7756 	EXP 	right: autoDraw = True
117.7756 	EXP 	up: autoDraw = True
117.7756 	EXP 	down: autoDraw = True
117.7924 	EXP 	center: autoDraw = True
117.7924 	EXP 	left: autoDraw = True
117.7924 	EXP 	right: autoDraw = True
117.7924 	EXP 	up: autoDraw = True
117.7924 	EXP 	down: autoDraw = True
117.8094 	EXP 	center: autoDraw = True
117.8094 	EXP 	left: autoDraw = True
117.8094 	EXP 	right: autoDraw = True
117.8094 	EXP 	up: autoDraw = True
117.8094 	EXP 	down: autoDraw = True
117.8255 	EXP 	center: autoDraw = True
117.8255 	EXP 	left: autoDraw = True
117.8255 	EXP 	right: autoDraw = True
117.8255 	EXP 	up: autoDraw = True
117.8255 	EXP 	down: autoDraw = True
117.8424 	EXP 	center: autoDraw = True
117.8424 	EXP 	left: autoDraw = True
117.8424 	EXP 	right: autoDraw = True
117.8424 	EXP 	up: autoDraw = True
117.8424 	EXP 	down: autoDraw = True
117.8591 	EXP 	center: autoDraw = True
117.8591 	EXP 	left: autoDraw = True
117.8591 	EXP 	right: autoDraw = True
117.8591 	EXP 	up: autoDraw = True
117.8591 	EXP 	down: autoDraw = True
117.8759 	EXP 	center: autoDraw = True
117.8759 	EXP 	left: autoDraw = True
117.8759 	EXP 	right: autoDraw = True
117.8759 	EXP 	up: autoDraw = True
117.8759 	EXP 	down: autoDraw = True
117.8920 	EXP 	center: autoDraw = True
117.8920 	EXP 	left: autoDraw = True
117.8920 	EXP 	right: autoDraw = True
117.8920 	EXP 	up: autoDraw = True
117.8920 	EXP 	down: autoDraw = True
117.9088 	EXP 	center: autoDraw = True
117.9088 	EXP 	left: autoDraw = True
117.9088 	EXP 	right: autoDraw = True
117.9088 	EXP 	up: autoDraw = True
117.9088 	EXP 	down: autoDraw = True
117.9256 	EXP 	center: autoDraw = True
117.9256 	EXP 	left: autoDraw = True
117.9256 	EXP 	right: autoDraw = True
117.9256 	EXP 	up: autoDraw = True
117.9256 	EXP 	down: autoDraw = True
117.9423 	EXP 	center: autoDraw = True
117.9423 	EXP 	left: autoDraw = True
117.9423 	EXP 	right: autoDraw = True
117.9423 	EXP 	up: autoDraw = True
117.9423 	EXP 	down: autoDraw = True
117.9588 	EXP 	center: autoDraw = True
117.9588 	EXP 	left: autoDraw = True
117.9588 	EXP 	right: autoDraw = True
117.9588 	EXP 	up: autoDraw = True
117.9588 	EXP 	down: autoDraw = True
117.9759 	EXP 	center: autoDraw = True
117.9759 	EXP 	left: autoDraw = True
117.9759 	EXP 	right: autoDraw = True
117.9759 	EXP 	up: autoDraw = True
117.9759 	EXP 	down: autoDraw = True
117.9921 	EXP 	center: autoDraw = True
117.9921 	EXP 	left: autoDraw = True
117.9921 	EXP 	right: autoDraw = True
117.9921 	EXP 	up: autoDraw = True
117.9921 	EXP 	down: autoDraw = True
118.0090 	EXP 	center: autoDraw = True
118.0090 	EXP 	left: autoDraw = True
118.0090 	EXP 	right: autoDraw = True
118.0090 	EXP 	up: autoDraw = True
118.0090 	EXP 	down: autoDraw = True
118.0258 	EXP 	center: autoDraw = True
118.0258 	EXP 	left: autoDraw = True
118.0258 	EXP 	right: autoDraw = True
118.0258 	EXP 	up: autoDraw = True
118.0258 	EXP 	down: autoDraw = True
118.0420 	EXP 	center: autoDraw = True
118.0420 	EXP 	left: autoDraw = True
118.0420 	EXP 	right: autoDraw = True
118.0420 	EXP 	up: autoDraw = True
118.0420 	EXP 	down: autoDraw = True
118.0590 	EXP 	center: autoDraw = True
118.0590 	EXP 	left: autoDraw = True
118.0590 	EXP 	right: autoDraw = True
118.0590 	EXP 	up: autoDraw = True
118.0590 	EXP 	down: autoDraw = True
118.0751 	EXP 	center: autoDraw = True
118.0751 	EXP 	left: autoDraw = True
118.0751 	EXP 	right: autoDraw = True
118.0751 	EXP 	up: autoDraw = True
118.0751 	EXP 	down: autoDraw = True
118.0921 	EXP 	center: autoDraw = True
118.0921 	EXP 	left: autoDraw = True
118.0921 	EXP 	right: autoDraw = True
118.0921 	EXP 	up: autoDraw = True
118.0921 	EXP 	down: autoDraw = True
118.1089 	EXP 	center: autoDraw = True
118.1089 	EXP 	left: autoDraw = True
118.1089 	EXP 	right: autoDraw = True
118.1089 	EXP 	up: autoDraw = True
118.1089 	EXP 	down: autoDraw = True
118.1256 	EXP 	center: autoDraw = True
118.1256 	EXP 	left: autoDraw = True
118.1256 	EXP 	right: autoDraw = True
118.1256 	EXP 	up: autoDraw = True
118.1256 	EXP 	down: autoDraw = True
118.1423 	EXP 	center: autoDraw = True
118.1423 	EXP 	left: autoDraw = True
118.1423 	EXP 	right: autoDraw = True
118.1423 	EXP 	up: autoDraw = True
118.1423 	EXP 	down: autoDraw = True
118.1592 	EXP 	center: autoDraw = True
118.1592 	EXP 	left: autoDraw = True
118.1592 	EXP 	right: autoDraw = True
118.1592 	EXP 	up: autoDraw = True
118.1592 	EXP 	down: autoDraw = True
118.1758 	EXP 	center: autoDraw = True
118.1758 	EXP 	left: autoDraw = True
118.1758 	EXP 	right: autoDraw = True
118.1758 	EXP 	up: autoDraw = True
118.1758 	EXP 	down: autoDraw = True
118.1926 	EXP 	center: autoDraw = True
118.1926 	EXP 	left: autoDraw = True
118.1926 	EXP 	right: autoDraw = True
118.1926 	EXP 	up: autoDraw = True
118.1926 	EXP 	down: autoDraw = True
118.2088 	EXP 	center: autoDraw = True
118.2088 	EXP 	left: autoDraw = True
118.2088 	EXP 	right: autoDraw = True
118.2088 	EXP 	up: autoDraw = True
118.2088 	EXP 	down: autoDraw = True
118.2258 	EXP 	center: autoDraw = True
118.2258 	EXP 	left: autoDraw = True
118.2258 	EXP 	right: autoDraw = True
118.2258 	EXP 	up: autoDraw = True
118.2258 	EXP 	down: autoDraw = True
118.2425 	EXP 	center: autoDraw = True
118.2425 	EXP 	left: autoDraw = True
118.2425 	EXP 	right: autoDraw = True
118.2425 	EXP 	up: autoDraw = True
118.2425 	EXP 	down: autoDraw = True
118.2592 	EXP 	center: autoDraw = True
118.2592 	EXP 	left: autoDraw = True
118.2592 	EXP 	right: autoDraw = True
118.2592 	EXP 	up: autoDraw = True
118.2592 	EXP 	down: autoDraw = True
118.2756 	EXP 	center: autoDraw = True
118.2756 	EXP 	left: autoDraw = True
118.2756 	EXP 	right: autoDraw = True
118.2756 	EXP 	up: autoDraw = True
118.2756 	EXP 	down: autoDraw = True
118.2924 	EXP 	center: autoDraw = True
118.2924 	EXP 	left: autoDraw = True
118.2924 	EXP 	right: autoDraw = True
118.2924 	EXP 	up: autoDraw = True
118.2924 	EXP 	down: autoDraw = True
118.3087 	EXP 	center: autoDraw = True
118.3087 	EXP 	left: autoDraw = True
118.3087 	EXP 	right: autoDraw = True
118.3087 	EXP 	up: autoDraw = True
118.3087 	EXP 	down: autoDraw = True
118.3255 	EXP 	center: autoDraw = True
118.3255 	EXP 	left: autoDraw = True
118.3255 	EXP 	right: autoDraw = True
118.3255 	EXP 	up: autoDraw = True
118.3255 	EXP 	down: autoDraw = True
118.3422 	EXP 	center: autoDraw = True
118.3422 	EXP 	left: autoDraw = True
118.3422 	EXP 	right: autoDraw = True
118.3422 	EXP 	up: autoDraw = True
118.3422 	EXP 	down: autoDraw = True
118.3589 	EXP 	center: autoDraw = True
118.3589 	EXP 	left: autoDraw = True
118.3589 	EXP 	right: autoDraw = True
118.3589 	EXP 	up: autoDraw = True
118.3589 	EXP 	down: autoDraw = True
118.3756 	EXP 	center: autoDraw = True
118.3756 	EXP 	left: autoDraw = True
118.3756 	EXP 	right: autoDraw = True
118.3756 	EXP 	up: autoDraw = True
118.3756 	EXP 	down: autoDraw = True
118.3924 	EXP 	center: autoDraw = True
118.3924 	EXP 	left: autoDraw = True
118.3924 	EXP 	right: autoDraw = True
118.3924 	EXP 	up: autoDraw = True
118.3924 	EXP 	down: autoDraw = True
118.4089 	EXP 	center: autoDraw = True
118.4089 	EXP 	left: autoDraw = True
118.4089 	EXP 	right: autoDraw = True
118.4089 	EXP 	up: autoDraw = True
118.4089 	EXP 	down: autoDraw = True
118.4256 	EXP 	center: autoDraw = True
118.4256 	EXP 	left: autoDraw = True
118.4256 	EXP 	right: autoDraw = True
118.4256 	EXP 	up: autoDraw = True
118.4256 	EXP 	down: autoDraw = True
118.4423 	EXP 	center: autoDraw = True
118.4423 	EXP 	left: autoDraw = True
118.4423 	EXP 	right: autoDraw = True
118.4423 	EXP 	up: autoDraw = True
118.4423 	EXP 	down: autoDraw = True
118.4589 	EXP 	center: autoDraw = True
118.4589 	EXP 	left: autoDraw = True
118.4589 	EXP 	right: autoDraw = True
118.4589 	EXP 	up: autoDraw = True
118.4589 	EXP 	down: autoDraw = True
118.4756 	EXP 	center: autoDraw = True
118.4756 	EXP 	left: autoDraw = True
118.4756 	EXP 	right: autoDraw = True
118.4756 	EXP 	up: autoDraw = True
118.4756 	EXP 	down: autoDraw = True
118.4924 	EXP 	center: autoDraw = True
118.4924 	EXP 	left: autoDraw = True
118.4924 	EXP 	right: autoDraw = True
118.4924 	EXP 	up: autoDraw = True
118.4924 	EXP 	down: autoDraw = True
118.5090 	EXP 	center: autoDraw = True
118.5090 	EXP 	left: autoDraw = True
118.5090 	EXP 	right: autoDraw = True
118.5090 	EXP 	up: autoDraw = True
118.5090 	EXP 	down: autoDraw = True
118.5256 	EXP 	center: autoDraw = True
118.5256 	EXP 	left: autoDraw = True
118.5256 	EXP 	right: autoDraw = True
118.5256 	EXP 	up: autoDraw = True
118.5256 	EXP 	down: autoDraw = True
118.5423 	EXP 	center: autoDraw = True
118.5423 	EXP 	left: autoDraw = True
118.5423 	EXP 	right: autoDraw = True
118.5423 	EXP 	up: autoDraw = True
118.5423 	EXP 	down: autoDraw = True
118.5589 	EXP 	center: autoDraw = True
118.5589 	EXP 	left: autoDraw = True
118.5589 	EXP 	right: autoDraw = True
118.5589 	EXP 	up: autoDraw = True
118.5589 	EXP 	down: autoDraw = True
118.5757 	EXP 	center: autoDraw = True
118.5757 	EXP 	left: autoDraw = True
118.5757 	EXP 	right: autoDraw = True
118.5757 	EXP 	up: autoDraw = True
118.5757 	EXP 	down: autoDraw = True
118.5917 	EXP 	center: autoDraw = True
118.5917 	EXP 	left: autoDraw = True
118.5917 	EXP 	right: autoDraw = True
118.5917 	EXP 	up: autoDraw = True
118.5917 	EXP 	down: autoDraw = True
118.6090 	EXP 	center: autoDraw = True
118.6090 	EXP 	left: autoDraw = True
118.6090 	EXP 	right: autoDraw = True
118.6090 	EXP 	up: autoDraw = True
118.6090 	EXP 	down: autoDraw = True
118.6259 	EXP 	center: autoDraw = True
118.6259 	EXP 	left: autoDraw = True
118.6259 	EXP 	right: autoDraw = True
118.6259 	EXP 	up: autoDraw = True
118.6259 	EXP 	down: autoDraw = True
118.6423 	EXP 	center: autoDraw = True
118.6423 	EXP 	left: autoDraw = True
118.6423 	EXP 	right: autoDraw = True
118.6423 	EXP 	up: autoDraw = True
118.6423 	EXP 	down: autoDraw = True
118.6590 	EXP 	center: autoDraw = True
118.6590 	EXP 	left: autoDraw = True
118.6590 	EXP 	right: autoDraw = True
118.6590 	EXP 	up: autoDraw = True
118.6590 	EXP 	down: autoDraw = True
118.6758 	EXP 	center: autoDraw = True
118.6758 	EXP 	left: autoDraw = True
118.6758 	EXP 	right: autoDraw = True
118.6758 	EXP 	up: autoDraw = True
118.6758 	EXP 	down: autoDraw = True
118.6922 	EXP 	center: autoDraw = True
118.6922 	EXP 	left: autoDraw = True
118.6922 	EXP 	right: autoDraw = True
118.6922 	EXP 	up: autoDraw = True
118.6922 	EXP 	down: autoDraw = True
118.7090 	EXP 	center: autoDraw = True
118.7090 	EXP 	left: autoDraw = True
118.7090 	EXP 	right: autoDraw = True
118.7090 	EXP 	up: autoDraw = True
118.7090 	EXP 	down: autoDraw = True
118.7253 	EXP 	center: autoDraw = True
118.7253 	EXP 	left: autoDraw = True
118.7253 	EXP 	right: autoDraw = True
118.7253 	EXP 	up: autoDraw = True
118.7253 	EXP 	down: autoDraw = True
118.7424 	EXP 	center: autoDraw = True
118.7424 	EXP 	left: autoDraw = True
118.7424 	EXP 	right: autoDraw = True
118.7424 	EXP 	up: autoDraw = True
118.7424 	EXP 	down: autoDraw = True
118.7592 	EXP 	center: autoDraw = True
118.7592 	EXP 	left: autoDraw = True
118.7592 	EXP 	right: autoDraw = True
118.7592 	EXP 	up: autoDraw = True
118.7592 	EXP 	down: autoDraw = True
118.7756 	EXP 	center: autoDraw = True
118.7756 	EXP 	left: autoDraw = True
118.7756 	EXP 	right: autoDraw = True
118.7756 	EXP 	up: autoDraw = True
118.7756 	EXP 	down: autoDraw = True
118.7923 	EXP 	center: autoDraw = True
118.7923 	EXP 	left: autoDraw = True
118.7923 	EXP 	right: autoDraw = True
118.7923 	EXP 	up: autoDraw = True
118.7923 	EXP 	down: autoDraw = True
118.8089 	EXP 	center: autoDraw = True
118.8089 	EXP 	left: autoDraw = True
118.8089 	EXP 	right: autoDraw = True
118.8089 	EXP 	up: autoDraw = True
118.8089 	EXP 	down: autoDraw = True
118.8257 	EXP 	center: autoDraw = True
118.8257 	EXP 	left: autoDraw = True
118.8257 	EXP 	right: autoDraw = True
118.8257 	EXP 	up: autoDraw = True
118.8257 	EXP 	down: autoDraw = True
118.8425 	EXP 	center: autoDraw = True
118.8425 	EXP 	left: autoDraw = True
118.8425 	EXP 	right: autoDraw = True
118.8425 	EXP 	up: autoDraw = True
118.8425 	EXP 	down: autoDraw = True
118.8589 	EXP 	center: autoDraw = True
118.8589 	EXP 	left: autoDraw = True
118.8589 	EXP 	right: autoDraw = True
118.8589 	EXP 	up: autoDraw = True
118.8589 	EXP 	down: autoDraw = True
118.8757 	EXP 	center: autoDraw = True
118.8757 	EXP 	left: autoDraw = True
118.8757 	EXP 	right: autoDraw = True
118.8757 	EXP 	up: autoDraw = True
118.8757 	EXP 	down: autoDraw = True
118.8925 	EXP 	center: autoDraw = True
118.8925 	EXP 	left: autoDraw = True
118.8925 	EXP 	right: autoDraw = True
118.8925 	EXP 	up: autoDraw = True
118.8925 	EXP 	down: autoDraw = True
118.9091 	EXP 	center: autoDraw = True
118.9091 	EXP 	left: autoDraw = True
118.9091 	EXP 	right: autoDraw = True
118.9091 	EXP 	up: autoDraw = True
118.9091 	EXP 	down: autoDraw = True
118.9255 	EXP 	center: autoDraw = True
118.9255 	EXP 	left: autoDraw = True
118.9255 	EXP 	right: autoDraw = True
118.9255 	EXP 	up: autoDraw = True
118.9255 	EXP 	down: autoDraw = True
118.9424 	EXP 	center: autoDraw = True
118.9424 	EXP 	left: autoDraw = True
118.9424 	EXP 	right: autoDraw = True
118.9424 	EXP 	up: autoDraw = True
118.9424 	EXP 	down: autoDraw = True
118.9587 	EXP 	center: autoDraw = True
118.9587 	EXP 	left: autoDraw = True
118.9587 	EXP 	right: autoDraw = True
118.9587 	EXP 	up: autoDraw = True
118.9587 	EXP 	down: autoDraw = True
118.9757 	EXP 	center: autoDraw = True
118.9757 	EXP 	left: autoDraw = True
118.9757 	EXP 	right: autoDraw = True
118.9757 	EXP 	up: autoDraw = True
118.9757 	EXP 	down: autoDraw = True
118.9758 	EXP 	Sound  started
118.9817 	DATA 	slef
118.9925 	EXP 	center: autoDraw = True
118.9925 	EXP 	left: autoDraw = True
118.9925 	EXP 	right: autoDraw = True
118.9925 	EXP 	up: autoDraw = True
118.9925 	EXP 	down: autoDraw = True
119.0089 	EXP 	center: autoDraw = True
119.0089 	EXP 	left: autoDraw = True
119.0089 	EXP 	right: autoDraw = True
119.0089 	EXP 	up: autoDraw = True
119.0089 	EXP 	down: autoDraw = True
119.0258 	EXP 	center: autoDraw = True
119.0258 	EXP 	left: autoDraw = True
119.0258 	EXP 	right: autoDraw = True
119.0258 	EXP 	up: autoDraw = True
119.0258 	EXP 	down: autoDraw = True
119.0422 	EXP 	center: autoDraw = True
119.0422 	EXP 	left: autoDraw = True
119.0422 	EXP 	right: autoDraw = True
119.0422 	EXP 	up: autoDraw = True
119.0422 	EXP 	down: autoDraw = True
119.0591 	EXP 	center: autoDraw = True
119.0591 	EXP 	left: autoDraw = True
119.0591 	EXP 	right: autoDraw = True
119.0591 	EXP 	up: autoDraw = True
119.0591 	EXP 	down: autoDraw = True
119.0755 	EXP 	center: autoDraw = True
119.0755 	EXP 	left: autoDraw = True
119.0755 	EXP 	right: autoDraw = True
119.0755 	EXP 	up: autoDraw = True
119.0755 	EXP 	down: autoDraw = True
119.0924 	EXP 	center: autoDraw = True
119.0924 	EXP 	left: autoDraw = True
119.0924 	EXP 	right: autoDraw = True
119.0924 	EXP 	up: autoDraw = True
119.0924 	EXP 	down: autoDraw = True
119.1085 	EXP 	center: autoDraw = True
119.1085 	EXP 	left: autoDraw = True
119.1085 	EXP 	right: autoDraw = True
119.1085 	EXP 	up: autoDraw = True
119.1085 	EXP 	down: autoDraw = True
119.1255 	EXP 	center: autoDraw = True
119.1255 	EXP 	left: autoDraw = True
119.1255 	EXP 	right: autoDraw = True
119.1255 	EXP 	up: autoDraw = True
119.1255 	EXP 	down: autoDraw = True
119.1425 	EXP 	center: autoDraw = True
119.1425 	EXP 	left: autoDraw = True
119.1425 	EXP 	right: autoDraw = True
119.1425 	EXP 	up: autoDraw = True
119.1425 	EXP 	down: autoDraw = True
119.1588 	EXP 	center: autoDraw = True
119.1588 	EXP 	left: autoDraw = True
119.1588 	EXP 	right: autoDraw = True
119.1588 	EXP 	up: autoDraw = True
119.1588 	EXP 	down: autoDraw = True
119.1759 	EXP 	center: autoDraw = True
119.1759 	EXP 	left: autoDraw = True
119.1759 	EXP 	right: autoDraw = True
119.1759 	EXP 	up: autoDraw = True
119.1759 	EXP 	down: autoDraw = True
119.1922 	EXP 	center: autoDraw = True
119.1922 	EXP 	left: autoDraw = True
119.1922 	EXP 	right: autoDraw = True
119.1922 	EXP 	up: autoDraw = True
119.1922 	EXP 	down: autoDraw = True
119.2092 	EXP 	center: autoDraw = True
119.2092 	EXP 	left: autoDraw = True
119.2092 	EXP 	right: autoDraw = True
119.2092 	EXP 	up: autoDraw = True
119.2092 	EXP 	down: autoDraw = True
119.2256 	EXP 	center: autoDraw = True
119.2256 	EXP 	left: autoDraw = True
119.2256 	EXP 	right: autoDraw = True
119.2256 	EXP 	up: autoDraw = True
119.2256 	EXP 	down: autoDraw = True
119.2426 	EXP 	center: autoDraw = True
119.2426 	EXP 	left: autoDraw = True
119.2426 	EXP 	right: autoDraw = True
119.2426 	EXP 	up: autoDraw = True
119.2426 	EXP 	down: autoDraw = True
119.2589 	EXP 	center: autoDraw = True
119.2589 	EXP 	left: autoDraw = True
119.2589 	EXP 	right: autoDraw = True
119.2589 	EXP 	up: autoDraw = True
119.2589 	EXP 	down: autoDraw = True
119.2747 	EXP 	center: autoDraw = True
119.2747 	EXP 	left: autoDraw = True
119.2747 	EXP 	right: autoDraw = True
119.2747 	EXP 	up: autoDraw = True
119.2747 	EXP 	down: autoDraw = True
119.2916 	EXP 	center: autoDraw = True
119.2916 	EXP 	left: autoDraw = True
119.2916 	EXP 	right: autoDraw = True
119.2916 	EXP 	up: autoDraw = True
119.2916 	EXP 	down: autoDraw = True
119.3090 	EXP 	center: autoDraw = True
119.3090 	EXP 	left: autoDraw = True
119.3090 	EXP 	right: autoDraw = True
119.3090 	EXP 	up: autoDraw = True
119.3090 	EXP 	down: autoDraw = True
119.3092 	DATA 	wsqS
119.3255 	EXP 	center: autoDraw = True
119.3255 	EXP 	left: autoDraw = True
119.3255 	EXP 	right: autoDraw = True
119.3255 	EXP 	up: autoDraw = True
119.3255 	EXP 	down: autoDraw = True
119.3255 	EXP 	whitesquare: autoDraw = True
119.3414 	EXP 	center: autoDraw = True
119.3414 	EXP 	left: autoDraw = True
119.3414 	EXP 	right: autoDraw = True
119.3414 	EXP 	up: autoDraw = True
119.3414 	EXP 	down: autoDraw = True
119.3414 	EXP 	whitesquare: autoDraw = False
119.3588 	EXP 	center: autoDraw = True
119.3588 	EXP 	left: autoDraw = True
119.3588 	EXP 	right: autoDraw = True
119.3588 	EXP 	up: autoDraw = True
119.3588 	EXP 	down: autoDraw = True
119.3755 	EXP 	center: autoDraw = True
119.3755 	EXP 	left: autoDraw = True
119.3755 	EXP 	right: autoDraw = True
119.3755 	EXP 	up: autoDraw = True
119.3755 	EXP 	down: autoDraw = True
119.3915 	EXP 	center: autoDraw = True
119.3915 	EXP 	left: autoDraw = True
119.3915 	EXP 	right: autoDraw = True
119.3915 	EXP 	up: autoDraw = True
119.3915 	EXP 	down: autoDraw = True
119.4089 	EXP 	center: autoDraw = True
119.4089 	EXP 	left: autoDraw = True
119.4089 	EXP 	right: autoDraw = True
119.4089 	EXP 	up: autoDraw = True
119.4089 	EXP 	down: autoDraw = True
119.4248 	EXP 	center: autoDraw = True
119.4248 	EXP 	left: autoDraw = True
119.4248 	EXP 	right: autoDraw = True
119.4248 	EXP 	up: autoDraw = True
119.4248 	EXP 	down: autoDraw = True
119.4422 	EXP 	center: autoDraw = True
119.4422 	EXP 	left: autoDraw = True
119.4422 	EXP 	right: autoDraw = True
119.4422 	EXP 	up: autoDraw = True
119.4422 	EXP 	down: autoDraw = True
119.4582 	EXP 	center: autoDraw = True
119.4582 	EXP 	left: autoDraw = True
119.4582 	EXP 	right: autoDraw = True
119.4582 	EXP 	up: autoDraw = True
119.4582 	EXP 	down: autoDraw = True
119.4755 	EXP 	center: autoDraw = True
119.4755 	EXP 	left: autoDraw = True
119.4755 	EXP 	right: autoDraw = True
119.4755 	EXP 	up: autoDraw = True
119.4755 	EXP 	down: autoDraw = True
119.4916 	EXP 	center: autoDraw = True
119.4916 	EXP 	left: autoDraw = True
119.4916 	EXP 	right: autoDraw = True
119.4916 	EXP 	up: autoDraw = True
119.4916 	EXP 	down: autoDraw = True
119.5089 	EXP 	center: autoDraw = True
119.5089 	EXP 	left: autoDraw = True
119.5089 	EXP 	right: autoDraw = True
119.5089 	EXP 	up: autoDraw = True
119.5089 	EXP 	down: autoDraw = True
119.5249 	EXP 	center: autoDraw = True
119.5249 	EXP 	left: autoDraw = True
119.5249 	EXP 	right: autoDraw = True
119.5249 	EXP 	up: autoDraw = True
119.5249 	EXP 	down: autoDraw = True
119.5421 	EXP 	center: autoDraw = True
119.5421 	EXP 	left: autoDraw = True
119.5421 	EXP 	right: autoDraw = True
119.5421 	EXP 	up: autoDraw = True
119.5421 	EXP 	down: autoDraw = True
119.5582 	EXP 	center: autoDraw = True
119.5582 	EXP 	left: autoDraw = True
119.5582 	EXP 	right: autoDraw = True
119.5582 	EXP 	up: autoDraw = True
119.5582 	EXP 	down: autoDraw = True
119.5755 	EXP 	center: autoDraw = True
119.5755 	EXP 	left: autoDraw = True
119.5755 	EXP 	right: autoDraw = True
119.5755 	EXP 	up: autoDraw = True
119.5755 	EXP 	down: autoDraw = True
119.5916 	EXP 	center: autoDraw = True
119.5916 	EXP 	left: autoDraw = True
119.5916 	EXP 	right: autoDraw = True
119.5916 	EXP 	up: autoDraw = True
119.5916 	EXP 	down: autoDraw = True
119.6085 	EXP 	center: autoDraw = True
119.6085 	EXP 	left: autoDraw = True
119.6085 	EXP 	right: autoDraw = True
119.6085 	EXP 	up: autoDraw = True
119.6085 	EXP 	down: autoDraw = True
119.6255 	EXP 	center: autoDraw = True
119.6255 	EXP 	left: autoDraw = True
119.6255 	EXP 	right: autoDraw = True
119.6255 	EXP 	up: autoDraw = True
119.6255 	EXP 	down: autoDraw = True
119.6417 	EXP 	center: autoDraw = True
119.6417 	EXP 	left: autoDraw = True
119.6417 	EXP 	right: autoDraw = True
119.6417 	EXP 	up: autoDraw = True
119.6417 	EXP 	down: autoDraw = True
119.6588 	EXP 	center: autoDraw = True
119.6588 	EXP 	left: autoDraw = True
119.6588 	EXP 	right: autoDraw = True
119.6588 	EXP 	up: autoDraw = True
119.6588 	EXP 	down: autoDraw = True
119.6750 	EXP 	center: autoDraw = True
119.6750 	EXP 	left: autoDraw = True
119.6750 	EXP 	right: autoDraw = True
119.6750 	EXP 	up: autoDraw = True
119.6750 	EXP 	down: autoDraw = True
119.6923 	EXP 	center: autoDraw = True
119.6923 	EXP 	left: autoDraw = True
119.6923 	EXP 	right: autoDraw = True
119.6923 	EXP 	up: autoDraw = True
119.6923 	EXP 	down: autoDraw = True
119.7082 	EXP 	center: autoDraw = True
119.7082 	EXP 	left: autoDraw = True
119.7082 	EXP 	right: autoDraw = True
119.7082 	EXP 	up: autoDraw = True
119.7082 	EXP 	down: autoDraw = True
119.7255 	EXP 	center: autoDraw = True
119.7255 	EXP 	left: autoDraw = True
119.7255 	EXP 	right: autoDraw = True
119.7255 	EXP 	up: autoDraw = True
119.7255 	EXP 	down: autoDraw = True
119.7416 	EXP 	center: autoDraw = True
119.7416 	EXP 	left: autoDraw = True
119.7416 	EXP 	right: autoDraw = True
119.7416 	EXP 	up: autoDraw = True
119.7416 	EXP 	down: autoDraw = True
119.7589 	EXP 	center: autoDraw = True
119.7589 	EXP 	left: autoDraw = True
119.7589 	EXP 	right: autoDraw = True
119.7589 	EXP 	up: autoDraw = True
119.7589 	EXP 	down: autoDraw = True
119.7750 	EXP 	center: autoDraw = True
119.7750 	EXP 	left: autoDraw = True
119.7750 	EXP 	right: autoDraw = True
119.7750 	EXP 	up: autoDraw = True
119.7750 	EXP 	down: autoDraw = True
119.7921 	EXP 	center: autoDraw = True
119.7921 	EXP 	left: autoDraw = True
119.7921 	EXP 	right: autoDraw = True
119.7921 	EXP 	up: autoDraw = True
119.7921 	EXP 	down: autoDraw = True
119.8083 	EXP 	center: autoDraw = True
119.8083 	EXP 	left: autoDraw = True
119.8083 	EXP 	right: autoDraw = True
119.8083 	EXP 	up: autoDraw = True
119.8083 	EXP 	down: autoDraw = True
119.8254 	EXP 	center: autoDraw = True
119.8254 	EXP 	left: autoDraw = True
119.8254 	EXP 	right: autoDraw = True
119.8254 	EXP 	up: autoDraw = True
119.8254 	EXP 	down: autoDraw = True
119.8416 	EXP 	center: autoDraw = True
119.8416 	EXP 	left: autoDraw = True
119.8416 	EXP 	right: autoDraw = True
119.8416 	EXP 	up: autoDraw = True
119.8416 	EXP 	down: autoDraw = True
119.8588 	EXP 	center: autoDraw = True
119.8588 	EXP 	left: autoDraw = True
119.8588 	EXP 	right: autoDraw = True
119.8588 	EXP 	up: autoDraw = True
119.8588 	EXP 	down: autoDraw = True
119.8749 	EXP 	center: autoDraw = True
119.8749 	EXP 	left: autoDraw = True
119.8749 	EXP 	right: autoDraw = True
119.8749 	EXP 	up: autoDraw = True
119.8749 	EXP 	down: autoDraw = True
119.8921 	EXP 	center: autoDraw = True
119.8921 	EXP 	left: autoDraw = True
119.8921 	EXP 	right: autoDraw = True
119.8921 	EXP 	up: autoDraw = True
119.8921 	EXP 	down: autoDraw = True
119.9083 	EXP 	center: autoDraw = True
119.9083 	EXP 	left: autoDraw = True
119.9083 	EXP 	right: autoDraw = True
119.9083 	EXP 	up: autoDraw = True
119.9083 	EXP 	down: autoDraw = True
119.9255 	EXP 	center: autoDraw = True
119.9255 	EXP 	left: autoDraw = True
119.9255 	EXP 	right: autoDraw = True
119.9255 	EXP 	up: autoDraw = True
119.9255 	EXP 	down: autoDraw = True
119.9418 	EXP 	center: autoDraw = True
119.9418 	EXP 	left: autoDraw = True
119.9418 	EXP 	right: autoDraw = True
119.9418 	EXP 	up: autoDraw = True
119.9418 	EXP 	down: autoDraw = True
119.9586 	EXP 	center: autoDraw = True
119.9586 	EXP 	left: autoDraw = True
119.9586 	EXP 	right: autoDraw = True
119.9586 	EXP 	up: autoDraw = True
119.9586 	EXP 	down: autoDraw = True
119.9757 	EXP 	center: autoDraw = True
119.9757 	EXP 	left: autoDraw = True
119.9757 	EXP 	right: autoDraw = True
119.9757 	EXP 	up: autoDraw = True
119.9757 	EXP 	down: autoDraw = True
119.9917 	EXP 	center: autoDraw = True
119.9917 	EXP 	left: autoDraw = True
119.9917 	EXP 	right: autoDraw = True
119.9917 	EXP 	up: autoDraw = True
119.9917 	EXP 	down: autoDraw = True
120.0088 	EXP 	center: autoDraw = True
120.0088 	EXP 	left: autoDraw = True
120.0088 	EXP 	right: autoDraw = True
120.0088 	EXP 	up: autoDraw = True
120.0088 	EXP 	down: autoDraw = True
120.0252 	EXP 	center: autoDraw = True
120.0252 	EXP 	left: autoDraw = True
120.0252 	EXP 	right: autoDraw = True
120.0252 	EXP 	up: autoDraw = True
120.0252 	EXP 	down: autoDraw = True
120.0421 	EXP 	center: autoDraw = True
120.0421 	EXP 	left: autoDraw = True
120.0421 	EXP 	right: autoDraw = True
120.0421 	EXP 	up: autoDraw = True
120.0421 	EXP 	down: autoDraw = True
120.0584 	EXP 	center: autoDraw = True
120.0584 	EXP 	left: autoDraw = True
120.0584 	EXP 	right: autoDraw = True
120.0584 	EXP 	up: autoDraw = True
120.0584 	EXP 	down: autoDraw = True
120.0754 	EXP 	center: autoDraw = True
120.0754 	EXP 	left: autoDraw = True
120.0754 	EXP 	right: autoDraw = True
120.0754 	EXP 	up: autoDraw = True
120.0754 	EXP 	down: autoDraw = True
120.0918 	EXP 	center: autoDraw = True
120.0918 	EXP 	left: autoDraw = True
120.0918 	EXP 	right: autoDraw = True
120.0918 	EXP 	up: autoDraw = True
120.0918 	EXP 	down: autoDraw = True
120.1089 	EXP 	center: autoDraw = True
120.1089 	EXP 	left: autoDraw = True
120.1089 	EXP 	right: autoDraw = True
120.1089 	EXP 	up: autoDraw = True
120.1089 	EXP 	down: autoDraw = True
120.1251 	EXP 	center: autoDraw = True
120.1251 	EXP 	left: autoDraw = True
120.1251 	EXP 	right: autoDraw = True
120.1251 	EXP 	up: autoDraw = True
120.1251 	EXP 	down: autoDraw = True
120.1417 	EXP 	center: autoDraw = True
120.1417 	EXP 	left: autoDraw = True
120.1417 	EXP 	right: autoDraw = True
120.1417 	EXP 	up: autoDraw = True
120.1417 	EXP 	down: autoDraw = True
120.1587 	EXP 	center: autoDraw = True
120.1587 	EXP 	left: autoDraw = True
120.1587 	EXP 	right: autoDraw = True
120.1587 	EXP 	up: autoDraw = True
120.1587 	EXP 	down: autoDraw = True
120.1758 	EXP 	center: autoDraw = True
120.1758 	EXP 	left: autoDraw = True
120.1758 	EXP 	right: autoDraw = True
120.1758 	EXP 	up: autoDraw = True
120.1758 	EXP 	down: autoDraw = True
120.1921 	EXP 	center: autoDraw = True
120.1921 	EXP 	left: autoDraw = True
120.1921 	EXP 	right: autoDraw = True
120.1921 	EXP 	up: autoDraw = True
120.1921 	EXP 	down: autoDraw = True
120.2085 	EXP 	center: autoDraw = True
120.2085 	EXP 	left: autoDraw = True
120.2085 	EXP 	right: autoDraw = True
120.2085 	EXP 	up: autoDraw = True
120.2085 	EXP 	down: autoDraw = True
120.2257 	EXP 	center: autoDraw = True
120.2257 	EXP 	left: autoDraw = True
120.2257 	EXP 	right: autoDraw = True
120.2257 	EXP 	up: autoDraw = True
120.2257 	EXP 	down: autoDraw = True
120.2421 	EXP 	center: autoDraw = True
120.2421 	EXP 	left: autoDraw = True
120.2421 	EXP 	right: autoDraw = True
120.2421 	EXP 	up: autoDraw = True
120.2421 	EXP 	down: autoDraw = True
120.2585 	EXP 	center: autoDraw = True
120.2585 	EXP 	left: autoDraw = True
120.2585 	EXP 	right: autoDraw = True
120.2585 	EXP 	up: autoDraw = True
120.2585 	EXP 	down: autoDraw = True
120.2755 	EXP 	center: autoDraw = True
120.2755 	EXP 	left: autoDraw = True
120.2755 	EXP 	right: autoDraw = True
120.2755 	EXP 	up: autoDraw = True
120.2755 	EXP 	down: autoDraw = True
120.2919 	EXP 	center: autoDraw = True
120.2919 	EXP 	left: autoDraw = True
120.2919 	EXP 	right: autoDraw = True
120.2919 	EXP 	up: autoDraw = True
120.2919 	EXP 	down: autoDraw = True
120.3087 	EXP 	center: autoDraw = True
120.3087 	EXP 	left: autoDraw = True
120.3087 	EXP 	right: autoDraw = True
120.3087 	EXP 	up: autoDraw = True
120.3087 	EXP 	down: autoDraw = True
120.3253 	EXP 	center: autoDraw = True
120.3253 	EXP 	left: autoDraw = True
120.3253 	EXP 	right: autoDraw = True
120.3253 	EXP 	up: autoDraw = True
120.3253 	EXP 	down: autoDraw = True
120.3419 	EXP 	center: autoDraw = True
120.3419 	EXP 	left: autoDraw = True
120.3419 	EXP 	right: autoDraw = True
120.3419 	EXP 	up: autoDraw = True
120.3419 	EXP 	down: autoDraw = True
120.3588 	EXP 	center: autoDraw = True
120.3588 	EXP 	left: autoDraw = True
120.3588 	EXP 	right: autoDraw = True
120.3588 	EXP 	up: autoDraw = True
120.3588 	EXP 	down: autoDraw = True
120.3753 	EXP 	center: autoDraw = True
120.3753 	EXP 	left: autoDraw = True
120.3753 	EXP 	right: autoDraw = True
120.3753 	EXP 	up: autoDraw = True
120.3753 	EXP 	down: autoDraw = True
120.3921 	EXP 	center: autoDraw = True
120.3921 	EXP 	left: autoDraw = True
120.3921 	EXP 	right: autoDraw = True
120.3921 	EXP 	up: autoDraw = True
120.3921 	EXP 	down: autoDraw = True
120.4086 	EXP 	center: autoDraw = True
120.4086 	EXP 	left: autoDraw = True
120.4086 	EXP 	right: autoDraw = True
120.4086 	EXP 	up: autoDraw = True
120.4086 	EXP 	down: autoDraw = True
120.4255 	EXP 	center: autoDraw = True
120.4255 	EXP 	left: autoDraw = True
120.4255 	EXP 	right: autoDraw = True
120.4255 	EXP 	up: autoDraw = True
120.4255 	EXP 	down: autoDraw = True
120.4420 	EXP 	center: autoDraw = True
120.4420 	EXP 	left: autoDraw = True
120.4420 	EXP 	right: autoDraw = True
120.4420 	EXP 	up: autoDraw = True
120.4420 	EXP 	down: autoDraw = True
120.4586 	EXP 	center: autoDraw = True
120.4586 	EXP 	left: autoDraw = True
120.4586 	EXP 	right: autoDraw = True
120.4586 	EXP 	up: autoDraw = True
120.4586 	EXP 	down: autoDraw = True
120.4753 	EXP 	center: autoDraw = True
120.4753 	EXP 	left: autoDraw = True
120.4753 	EXP 	right: autoDraw = True
120.4753 	EXP 	up: autoDraw = True
120.4753 	EXP 	down: autoDraw = True
120.4920 	EXP 	center: autoDraw = True
120.4920 	EXP 	left: autoDraw = True
120.4920 	EXP 	right: autoDraw = True
120.4920 	EXP 	up: autoDraw = True
120.4920 	EXP 	down: autoDraw = True
120.5087 	EXP 	center: autoDraw = True
120.5087 	EXP 	left: autoDraw = True
120.5087 	EXP 	right: autoDraw = True
120.5087 	EXP 	up: autoDraw = True
120.5087 	EXP 	down: autoDraw = True
120.5249 	EXP 	center: autoDraw = True
120.5249 	EXP 	left: autoDraw = True
120.5249 	EXP 	right: autoDraw = True
120.5249 	EXP 	up: autoDraw = True
120.5249 	EXP 	down: autoDraw = True
120.5420 	EXP 	center: autoDraw = True
120.5420 	EXP 	left: autoDraw = True
120.5420 	EXP 	right: autoDraw = True
120.5420 	EXP 	up: autoDraw = True
120.5420 	EXP 	down: autoDraw = True
120.5588 	EXP 	center: autoDraw = True
120.5588 	EXP 	left: autoDraw = True
120.5588 	EXP 	right: autoDraw = True
120.5588 	EXP 	up: autoDraw = True
120.5588 	EXP 	down: autoDraw = True
120.5747 	EXP 	center: autoDraw = True
120.5747 	EXP 	left: autoDraw = True
120.5747 	EXP 	right: autoDraw = True
120.5747 	EXP 	up: autoDraw = True
120.5747 	EXP 	down: autoDraw = True
120.5920 	EXP 	center: autoDraw = True
120.5920 	EXP 	left: autoDraw = True
120.5920 	EXP 	right: autoDraw = True
120.5920 	EXP 	up: autoDraw = True
120.5920 	EXP 	down: autoDraw = True
120.6087 	EXP 	center: autoDraw = True
120.6087 	EXP 	left: autoDraw = True
120.6087 	EXP 	right: autoDraw = True
120.6087 	EXP 	up: autoDraw = True
120.6087 	EXP 	down: autoDraw = True
120.6255 	EXP 	center: autoDraw = True
120.6255 	EXP 	left: autoDraw = True
120.6255 	EXP 	right: autoDraw = True
120.6255 	EXP 	up: autoDraw = True
120.6255 	EXP 	down: autoDraw = True
120.6422 	EXP 	center: autoDraw = True
120.6422 	EXP 	left: autoDraw = True
120.6422 	EXP 	right: autoDraw = True
120.6422 	EXP 	up: autoDraw = True
120.6422 	EXP 	down: autoDraw = True
120.6587 	EXP 	center: autoDraw = True
120.6587 	EXP 	left: autoDraw = True
120.6587 	EXP 	right: autoDraw = True
120.6587 	EXP 	up: autoDraw = True
120.6587 	EXP 	down: autoDraw = True
120.6755 	EXP 	center: autoDraw = True
120.6755 	EXP 	left: autoDraw = True
120.6755 	EXP 	right: autoDraw = True
120.6755 	EXP 	up: autoDraw = True
120.6755 	EXP 	down: autoDraw = True
120.6922 	EXP 	center: autoDraw = True
120.6922 	EXP 	left: autoDraw = True
120.6922 	EXP 	right: autoDraw = True
120.6922 	EXP 	up: autoDraw = True
120.6922 	EXP 	down: autoDraw = True
120.7087 	EXP 	center: autoDraw = True
120.7087 	EXP 	left: autoDraw = True
120.7087 	EXP 	right: autoDraw = True
120.7087 	EXP 	up: autoDraw = True
120.7087 	EXP 	down: autoDraw = True
120.7254 	EXP 	center: autoDraw = True
120.7254 	EXP 	left: autoDraw = True
120.7254 	EXP 	right: autoDraw = True
120.7254 	EXP 	up: autoDraw = True
120.7254 	EXP 	down: autoDraw = True
120.7421 	EXP 	center: autoDraw = True
120.7421 	EXP 	left: autoDraw = True
120.7421 	EXP 	right: autoDraw = True
120.7421 	EXP 	up: autoDraw = True
120.7421 	EXP 	down: autoDraw = True
120.7587 	EXP 	center: autoDraw = True
120.7587 	EXP 	left: autoDraw = True
120.7587 	EXP 	right: autoDraw = True
120.7587 	EXP 	up: autoDraw = True
120.7587 	EXP 	down: autoDraw = True
120.7755 	EXP 	center: autoDraw = True
120.7755 	EXP 	left: autoDraw = True
120.7755 	EXP 	right: autoDraw = True
120.7755 	EXP 	up: autoDraw = True
120.7755 	EXP 	down: autoDraw = True
120.7920 	EXP 	center: autoDraw = True
120.7920 	EXP 	left: autoDraw = True
120.7920 	EXP 	right: autoDraw = True
120.7920 	EXP 	up: autoDraw = True
120.7920 	EXP 	down: autoDraw = True
120.8088 	EXP 	center: autoDraw = True
120.8088 	EXP 	left: autoDraw = True
120.8088 	EXP 	right: autoDraw = True
120.8088 	EXP 	up: autoDraw = True
120.8088 	EXP 	down: autoDraw = True
120.8256 	EXP 	center: autoDraw = True
120.8256 	EXP 	left: autoDraw = True
120.8256 	EXP 	right: autoDraw = True
120.8256 	EXP 	up: autoDraw = True
120.8256 	EXP 	down: autoDraw = True
120.8421 	EXP 	center: autoDraw = True
120.8421 	EXP 	left: autoDraw = True
120.8421 	EXP 	right: autoDraw = True
120.8421 	EXP 	up: autoDraw = True
120.8421 	EXP 	down: autoDraw = True
120.8588 	EXP 	center: autoDraw = True
120.8588 	EXP 	left: autoDraw = True
120.8588 	EXP 	right: autoDraw = True
120.8588 	EXP 	up: autoDraw = True
120.8588 	EXP 	down: autoDraw = True
120.8755 	EXP 	center: autoDraw = True
120.8755 	EXP 	left: autoDraw = True
120.8755 	EXP 	right: autoDraw = True
120.8755 	EXP 	up: autoDraw = True
120.8755 	EXP 	down: autoDraw = True
120.8922 	EXP 	center: autoDraw = True
120.8922 	EXP 	left: autoDraw = True
120.8922 	EXP 	right: autoDraw = True
120.8922 	EXP 	up: autoDraw = True
120.8922 	EXP 	down: autoDraw = True
120.9081 	EXP 	center: autoDraw = True
120.9081 	EXP 	left: autoDraw = True
120.9081 	EXP 	right: autoDraw = True
120.9081 	EXP 	up: autoDraw = True
120.9081 	EXP 	down: autoDraw = True
120.9254 	EXP 	center: autoDraw = True
120.9254 	EXP 	left: autoDraw = True
120.9254 	EXP 	right: autoDraw = True
120.9254 	EXP 	up: autoDraw = True
120.9254 	EXP 	down: autoDraw = True
120.9421 	EXP 	center: autoDraw = True
120.9421 	EXP 	left: autoDraw = True
120.9421 	EXP 	right: autoDraw = True
120.9421 	EXP 	up: autoDraw = True
120.9421 	EXP 	down: autoDraw = True
120.9581 	EXP 	center: autoDraw = True
120.9581 	EXP 	left: autoDraw = True
120.9581 	EXP 	right: autoDraw = True
120.9581 	EXP 	up: autoDraw = True
120.9581 	EXP 	down: autoDraw = True
120.9754 	EXP 	center: autoDraw = True
120.9754 	EXP 	left: autoDraw = True
120.9754 	EXP 	right: autoDraw = True
120.9754 	EXP 	up: autoDraw = True
120.9754 	EXP 	down: autoDraw = True
120.9922 	EXP 	center: autoDraw = True
120.9922 	EXP 	left: autoDraw = True
120.9922 	EXP 	right: autoDraw = True
120.9922 	EXP 	up: autoDraw = True
120.9922 	EXP 	down: autoDraw = True
121.0089 	EXP 	center: autoDraw = True
121.0089 	EXP 	left: autoDraw = True
121.0089 	EXP 	right: autoDraw = True
121.0089 	EXP 	up: autoDraw = True
121.0089 	EXP 	down: autoDraw = True
121.0253 	EXP 	center: autoDraw = True
121.0253 	EXP 	left: autoDraw = True
121.0253 	EXP 	right: autoDraw = True
121.0253 	EXP 	up: autoDraw = True
121.0253 	EXP 	down: autoDraw = True
121.0422 	EXP 	center: autoDraw = True
121.0422 	EXP 	left: autoDraw = True
121.0422 	EXP 	right: autoDraw = True
121.0422 	EXP 	up: autoDraw = True
121.0422 	EXP 	down: autoDraw = True
121.0589 	EXP 	center: autoDraw = True
121.0589 	EXP 	left: autoDraw = True
121.0589 	EXP 	right: autoDraw = True
121.0589 	EXP 	up: autoDraw = True
121.0589 	EXP 	down: autoDraw = True
121.0756 	EXP 	center: autoDraw = True
121.0756 	EXP 	left: autoDraw = True
121.0756 	EXP 	right: autoDraw = True
121.0756 	EXP 	up: autoDraw = True
121.0756 	EXP 	down: autoDraw = True
121.0921 	EXP 	center: autoDraw = True
121.0921 	EXP 	left: autoDraw = True
121.0921 	EXP 	right: autoDraw = True
121.0921 	EXP 	up: autoDraw = True
121.0921 	EXP 	down: autoDraw = True
121.1089 	EXP 	center: autoDraw = True
121.1089 	EXP 	left: autoDraw = True
121.1089 	EXP 	right: autoDraw = True
121.1089 	EXP 	up: autoDraw = True
121.1089 	EXP 	down: autoDraw = True
121.1257 	EXP 	center: autoDraw = True
121.1257 	EXP 	left: autoDraw = True
121.1257 	EXP 	right: autoDraw = True
121.1257 	EXP 	up: autoDraw = True
121.1257 	EXP 	down: autoDraw = True
121.1418 	EXP 	center: autoDraw = True
121.1418 	EXP 	left: autoDraw = True
121.1418 	EXP 	right: autoDraw = True
121.1418 	EXP 	up: autoDraw = True
121.1418 	EXP 	down: autoDraw = True
121.1589 	EXP 	center: autoDraw = True
121.1589 	EXP 	left: autoDraw = True
121.1589 	EXP 	right: autoDraw = True
121.1589 	EXP 	up: autoDraw = True
121.1589 	EXP 	down: autoDraw = True
121.1754 	EXP 	center: autoDraw = True
121.1754 	EXP 	left: autoDraw = True
121.1754 	EXP 	right: autoDraw = True
121.1754 	EXP 	up: autoDraw = True
121.1754 	EXP 	down: autoDraw = True
121.1922 	EXP 	center: autoDraw = True
121.1922 	EXP 	left: autoDraw = True
121.1922 	EXP 	right: autoDraw = True
121.1922 	EXP 	up: autoDraw = True
121.1922 	EXP 	down: autoDraw = True
121.2090 	EXP 	center: autoDraw = True
121.2090 	EXP 	left: autoDraw = True
121.2090 	EXP 	right: autoDraw = True
121.2090 	EXP 	up: autoDraw = True
121.2090 	EXP 	down: autoDraw = True
121.2254 	EXP 	center: autoDraw = True
121.2254 	EXP 	left: autoDraw = True
121.2254 	EXP 	right: autoDraw = True
121.2254 	EXP 	up: autoDraw = True
121.2254 	EXP 	down: autoDraw = True
121.2421 	EXP 	center: autoDraw = True
121.2421 	EXP 	left: autoDraw = True
121.2421 	EXP 	right: autoDraw = True
121.2421 	EXP 	up: autoDraw = True
121.2421 	EXP 	down: autoDraw = True
121.2589 	EXP 	center: autoDraw = True
121.2589 	EXP 	left: autoDraw = True
121.2589 	EXP 	right: autoDraw = True
121.2589 	EXP 	up: autoDraw = True
121.2589 	EXP 	down: autoDraw = True
121.2756 	EXP 	center: autoDraw = True
121.2756 	EXP 	left: autoDraw = True
121.2756 	EXP 	right: autoDraw = True
121.2756 	EXP 	up: autoDraw = True
121.2756 	EXP 	down: autoDraw = True
121.2922 	EXP 	center: autoDraw = True
121.2922 	EXP 	left: autoDraw = True
121.2922 	EXP 	right: autoDraw = True
121.2922 	EXP 	up: autoDraw = True
121.2922 	EXP 	down: autoDraw = True
121.3089 	EXP 	center: autoDraw = True
121.3089 	EXP 	left: autoDraw = True
121.3089 	EXP 	right: autoDraw = True
121.3089 	EXP 	up: autoDraw = True
121.3089 	EXP 	down: autoDraw = True
121.3257 	EXP 	center: autoDraw = True
121.3257 	EXP 	left: autoDraw = True
121.3257 	EXP 	right: autoDraw = True
121.3257 	EXP 	up: autoDraw = True
121.3257 	EXP 	down: autoDraw = True
121.3419 	EXP 	center: autoDraw = True
121.3419 	EXP 	left: autoDraw = True
121.3419 	EXP 	right: autoDraw = True
121.3419 	EXP 	up: autoDraw = True
121.3419 	EXP 	down: autoDraw = True
121.3588 	EXP 	center: autoDraw = True
121.3588 	EXP 	left: autoDraw = True
121.3588 	EXP 	right: autoDraw = True
121.3588 	EXP 	up: autoDraw = True
121.3588 	EXP 	down: autoDraw = True
121.3756 	EXP 	center: autoDraw = True
121.3756 	EXP 	left: autoDraw = True
121.3756 	EXP 	right: autoDraw = True
121.3756 	EXP 	up: autoDraw = True
121.3756 	EXP 	down: autoDraw = True
121.3923 	EXP 	center: autoDraw = True
121.3923 	EXP 	left: autoDraw = True
121.3923 	EXP 	right: autoDraw = True
121.3923 	EXP 	up: autoDraw = True
121.3923 	EXP 	down: autoDraw = True
121.4084 	EXP 	center: autoDraw = True
121.4084 	EXP 	left: autoDraw = True
121.4084 	EXP 	right: autoDraw = True
121.4084 	EXP 	up: autoDraw = True
121.4084 	EXP 	down: autoDraw = True
121.4253 	EXP 	center: autoDraw = True
121.4253 	EXP 	left: autoDraw = True
121.4253 	EXP 	right: autoDraw = True
121.4253 	EXP 	up: autoDraw = True
121.4253 	EXP 	down: autoDraw = True
121.4419 	EXP 	center: autoDraw = True
121.4419 	EXP 	left: autoDraw = True
121.4419 	EXP 	right: autoDraw = True
121.4419 	EXP 	up: autoDraw = True
121.4419 	EXP 	down: autoDraw = True
121.4587 	EXP 	center: autoDraw = True
121.4587 	EXP 	left: autoDraw = True
121.4587 	EXP 	right: autoDraw = True
121.4587 	EXP 	up: autoDraw = True
121.4587 	EXP 	down: autoDraw = True
121.4755 	EXP 	center: autoDraw = True
121.4755 	EXP 	left: autoDraw = True
121.4755 	EXP 	right: autoDraw = True
121.4755 	EXP 	up: autoDraw = True
121.4755 	EXP 	down: autoDraw = True
121.4757 	EXP 	Sound  started
121.4789 	DATA 	s_up
121.4920 	EXP 	center: autoDraw = True
121.4920 	EXP 	left: autoDraw = True
121.4920 	EXP 	right: autoDraw = True
121.4920 	EXP 	up: autoDraw = True
121.4920 	EXP 	down: autoDraw = True
121.5088 	EXP 	center: autoDraw = True
121.5088 	EXP 	left: autoDraw = True
121.5088 	EXP 	right: autoDraw = True
121.5088 	EXP 	up: autoDraw = True
121.5088 	EXP 	down: autoDraw = True
121.5256 	EXP 	center: autoDraw = True
121.5256 	EXP 	left: autoDraw = True
121.5256 	EXP 	right: autoDraw = True
121.5256 	EXP 	up: autoDraw = True
121.5256 	EXP 	down: autoDraw = True
121.5420 	EXP 	center: autoDraw = True
121.5420 	EXP 	left: autoDraw = True
121.5420 	EXP 	right: autoDraw = True
121.5420 	EXP 	up: autoDraw = True
121.5420 	EXP 	down: autoDraw = True
121.5582 	EXP 	center: autoDraw = True
121.5582 	EXP 	left: autoDraw = True
121.5582 	EXP 	right: autoDraw = True
121.5582 	EXP 	up: autoDraw = True
121.5582 	EXP 	down: autoDraw = True
121.5753 	EXP 	center: autoDraw = True
121.5753 	EXP 	left: autoDraw = True
121.5753 	EXP 	right: autoDraw = True
121.5753 	EXP 	up: autoDraw = True
121.5753 	EXP 	down: autoDraw = True
121.5922 	EXP 	center: autoDraw = True
121.5922 	EXP 	left: autoDraw = True
121.5922 	EXP 	right: autoDraw = True
121.5922 	EXP 	up: autoDraw = True
121.5922 	EXP 	down: autoDraw = True
121.6090 	EXP 	center: autoDraw = True
121.6090 	EXP 	left: autoDraw = True
121.6090 	EXP 	right: autoDraw = True
121.6090 	EXP 	up: autoDraw = True
121.6090 	EXP 	down: autoDraw = True
121.6254 	EXP 	center: autoDraw = True
121.6254 	EXP 	left: autoDraw = True
121.6254 	EXP 	right: autoDraw = True
121.6254 	EXP 	up: autoDraw = True
121.6254 	EXP 	down: autoDraw = True
121.6424 	EXP 	center: autoDraw = True
121.6424 	EXP 	left: autoDraw = True
121.6424 	EXP 	right: autoDraw = True
121.6424 	EXP 	up: autoDraw = True
121.6424 	EXP 	down: autoDraw = True
121.6586 	EXP 	center: autoDraw = True
121.6586 	EXP 	left: autoDraw = True
121.6586 	EXP 	right: autoDraw = True
121.6586 	EXP 	up: autoDraw = True
121.6586 	EXP 	down: autoDraw = True
121.6753 	EXP 	center: autoDraw = True
121.6753 	EXP 	left: autoDraw = True
121.6753 	EXP 	right: autoDraw = True
121.6753 	EXP 	up: autoDraw = True
121.6753 	EXP 	down: autoDraw = True
121.6920 	EXP 	center: autoDraw = True
121.6920 	EXP 	left: autoDraw = True
121.6920 	EXP 	right: autoDraw = True
121.6920 	EXP 	up: autoDraw = True
121.6920 	EXP 	down: autoDraw = True
121.7088 	EXP 	center: autoDraw = True
121.7088 	EXP 	left: autoDraw = True
121.7088 	EXP 	right: autoDraw = True
121.7088 	EXP 	up: autoDraw = True
121.7088 	EXP 	down: autoDraw = True
121.7249 	EXP 	center: autoDraw = True
121.7249 	EXP 	left: autoDraw = True
121.7249 	EXP 	right: autoDraw = True
121.7249 	EXP 	up: autoDraw = True
121.7249 	EXP 	down: autoDraw = True
121.7420 	EXP 	center: autoDraw = True
121.7420 	EXP 	left: autoDraw = True
121.7420 	EXP 	right: autoDraw = True
121.7420 	EXP 	up: autoDraw = True
121.7420 	EXP 	down: autoDraw = True
121.7588 	EXP 	center: autoDraw = True
121.7588 	EXP 	left: autoDraw = True
121.7588 	EXP 	right: autoDraw = True
121.7588 	EXP 	up: autoDraw = True
121.7588 	EXP 	down: autoDraw = True
121.7755 	EXP 	center: autoDraw = True
121.7755 	EXP 	left: autoDraw = True
121.7755 	EXP 	right: autoDraw = True
121.7755 	EXP 	up: autoDraw = True
121.7755 	EXP 	down: autoDraw = True
121.7915 	EXP 	center: autoDraw = True
121.7915 	EXP 	left: autoDraw = True
121.7915 	EXP 	right: autoDraw = True
121.7915 	EXP 	up: autoDraw = True
121.7915 	EXP 	down: autoDraw = True
121.8087 	EXP 	center: autoDraw = True
121.8087 	EXP 	left: autoDraw = True
121.8087 	EXP 	right: autoDraw = True
121.8087 	EXP 	up: autoDraw = True
121.8087 	EXP 	down: autoDraw = True
121.8089 	DATA 	wsqS
121.8251 	EXP 	center: autoDraw = True
121.8251 	EXP 	left: autoDraw = True
121.8251 	EXP 	right: autoDraw = True
121.8251 	EXP 	up: autoDraw = True
121.8251 	EXP 	down: autoDraw = True
121.8251 	EXP 	whitesquare: autoDraw = True
121.8421 	EXP 	center: autoDraw = True
121.8421 	EXP 	left: autoDraw = True
121.8421 	EXP 	right: autoDraw = True
121.8421 	EXP 	up: autoDraw = True
121.8421 	EXP 	down: autoDraw = True
121.8421 	EXP 	whitesquare: autoDraw = False
121.8590 	EXP 	center: autoDraw = True
121.8590 	EXP 	left: autoDraw = True
121.8590 	EXP 	right: autoDraw = True
121.8590 	EXP 	up: autoDraw = True
121.8590 	EXP 	down: autoDraw = True
121.8752 	EXP 	center: autoDraw = True
121.8752 	EXP 	left: autoDraw = True
121.8752 	EXP 	right: autoDraw = True
121.8752 	EXP 	up: autoDraw = True
121.8752 	EXP 	down: autoDraw = True
121.8924 	EXP 	center: autoDraw = True
121.8924 	EXP 	left: autoDraw = True
121.8924 	EXP 	right: autoDraw = True
121.8924 	EXP 	up: autoDraw = True
121.8924 	EXP 	down: autoDraw = True
121.9087 	EXP 	center: autoDraw = True
121.9087 	EXP 	left: autoDraw = True
121.9087 	EXP 	right: autoDraw = True
121.9087 	EXP 	up: autoDraw = True
121.9087 	EXP 	down: autoDraw = True
121.9254 	EXP 	center: autoDraw = True
121.9254 	EXP 	left: autoDraw = True
121.9254 	EXP 	right: autoDraw = True
121.9254 	EXP 	up: autoDraw = True
121.9254 	EXP 	down: autoDraw = True
121.9413 	EXP 	center: autoDraw = True
121.9413 	EXP 	left: autoDraw = True
121.9413 	EXP 	right: autoDraw = True
121.9413 	EXP 	up: autoDraw = True
121.9413 	EXP 	down: autoDraw = True
121.9588 	EXP 	center: autoDraw = True
121.9588 	EXP 	left: autoDraw = True
121.9588 	EXP 	right: autoDraw = True
121.9588 	EXP 	up: autoDraw = True
121.9588 	EXP 	down: autoDraw = True
121.9753 	EXP 	center: autoDraw = True
121.9753 	EXP 	left: autoDraw = True
121.9753 	EXP 	right: autoDraw = True
121.9753 	EXP 	up: autoDraw = True
121.9753 	EXP 	down: autoDraw = True
121.9921 	EXP 	center: autoDraw = True
121.9921 	EXP 	left: autoDraw = True
121.9921 	EXP 	right: autoDraw = True
121.9921 	EXP 	up: autoDraw = True
121.9921 	EXP 	down: autoDraw = True
122.0088 	EXP 	center: autoDraw = True
122.0088 	EXP 	left: autoDraw = True
122.0088 	EXP 	right: autoDraw = True
122.0088 	EXP 	up: autoDraw = True
122.0088 	EXP 	down: autoDraw = True
122.0255 	EXP 	center: autoDraw = True
122.0255 	EXP 	left: autoDraw = True
122.0255 	EXP 	right: autoDraw = True
122.0255 	EXP 	up: autoDraw = True
122.0255 	EXP 	down: autoDraw = True
122.0422 	EXP 	center: autoDraw = True
122.0422 	EXP 	left: autoDraw = True
122.0422 	EXP 	right: autoDraw = True
122.0422 	EXP 	up: autoDraw = True
122.0422 	EXP 	down: autoDraw = True
122.0588 	EXP 	center: autoDraw = True
122.0588 	EXP 	left: autoDraw = True
122.0588 	EXP 	right: autoDraw = True
122.0588 	EXP 	up: autoDraw = True
122.0588 	EXP 	down: autoDraw = True
122.0755 	EXP 	center: autoDraw = True
122.0755 	EXP 	left: autoDraw = True
122.0755 	EXP 	right: autoDraw = True
122.0755 	EXP 	up: autoDraw = True
122.0755 	EXP 	down: autoDraw = True
122.0921 	EXP 	center: autoDraw = True
122.0921 	EXP 	left: autoDraw = True
122.0921 	EXP 	right: autoDraw = True
122.0921 	EXP 	up: autoDraw = True
122.0921 	EXP 	down: autoDraw = True
122.1089 	EXP 	center: autoDraw = True
122.1089 	EXP 	left: autoDraw = True
122.1089 	EXP 	right: autoDraw = True
122.1089 	EXP 	up: autoDraw = True
122.1089 	EXP 	down: autoDraw = True
122.1254 	EXP 	center: autoDraw = True
122.1254 	EXP 	left: autoDraw = True
122.1254 	EXP 	right: autoDraw = True
122.1254 	EXP 	up: autoDraw = True
122.1254 	EXP 	down: autoDraw = True
122.1422 	EXP 	center: autoDraw = True
122.1422 	EXP 	left: autoDraw = True
122.1422 	EXP 	right: autoDraw = True
122.1422 	EXP 	up: autoDraw = True
122.1422 	EXP 	down: autoDraw = True
122.1589 	EXP 	center: autoDraw = True
122.1589 	EXP 	left: autoDraw = True
122.1589 	EXP 	right: autoDraw = True
122.1589 	EXP 	up: autoDraw = True
122.1589 	EXP 	down: autoDraw = True
122.1753 	EXP 	center: autoDraw = True
122.1753 	EXP 	left: autoDraw = True
122.1753 	EXP 	right: autoDraw = True
122.1753 	EXP 	up: autoDraw = True
122.1753 	EXP 	down: autoDraw = True
122.1920 	EXP 	center: autoDraw = True
122.1920 	EXP 	left: autoDraw = True
122.1920 	EXP 	right: autoDraw = True
122.1920 	EXP 	up: autoDraw = True
122.1920 	EXP 	down: autoDraw = True
122.2083 	EXP 	center: autoDraw = True
122.2083 	EXP 	left: autoDraw = True
122.2083 	EXP 	right: autoDraw = True
122.2083 	EXP 	up: autoDraw = True
122.2083 	EXP 	down: autoDraw = True
122.2252 	EXP 	center: autoDraw = True
122.2252 	EXP 	left: autoDraw = True
122.2252 	EXP 	right: autoDraw = True
122.2252 	EXP 	up: autoDraw = True
122.2252 	EXP 	down: autoDraw = True
122.2421 	EXP 	center: autoDraw = True
122.2421 	EXP 	left: autoDraw = True
122.2421 	EXP 	right: autoDraw = True
122.2421 	EXP 	up: autoDraw = True
122.2421 	EXP 	down: autoDraw = True
122.2588 	EXP 	center: autoDraw = True
122.2588 	EXP 	left: autoDraw = True
122.2588 	EXP 	right: autoDraw = True
122.2588 	EXP 	up: autoDraw = True
122.2588 	EXP 	down: autoDraw = True
122.2755 	EXP 	center: autoDraw = True
122.2755 	EXP 	left: autoDraw = True
122.2755 	EXP 	right: autoDraw = True
122.2755 	EXP 	up: autoDraw = True
122.2755 	EXP 	down: autoDraw = True
122.2921 	EXP 	center: autoDraw = True
122.2921 	EXP 	left: autoDraw = True
122.2921 	EXP 	right: autoDraw = True
122.2921 	EXP 	up: autoDraw = True
122.2921 	EXP 	down: autoDraw = True
122.3088 	EXP 	center: autoDraw = True
122.3088 	EXP 	left: autoDraw = True
122.3088 	EXP 	right: autoDraw = True
122.3088 	EXP 	up: autoDraw = True
122.3088 	EXP 	down: autoDraw = True
122.3255 	EXP 	center: autoDraw = True
122.3255 	EXP 	left: autoDraw = True
122.3255 	EXP 	right: autoDraw = True
122.3255 	EXP 	up: autoDraw = True
122.3255 	EXP 	down: autoDraw = True
122.3421 	EXP 	center: autoDraw = True
122.3421 	EXP 	left: autoDraw = True
122.3421 	EXP 	right: autoDraw = True
122.3421 	EXP 	up: autoDraw = True
122.3421 	EXP 	down: autoDraw = True
122.3589 	EXP 	center: autoDraw = True
122.3589 	EXP 	left: autoDraw = True
122.3589 	EXP 	right: autoDraw = True
122.3589 	EXP 	up: autoDraw = True
122.3589 	EXP 	down: autoDraw = True
122.3753 	EXP 	center: autoDraw = True
122.3753 	EXP 	left: autoDraw = True
122.3753 	EXP 	right: autoDraw = True
122.3753 	EXP 	up: autoDraw = True
122.3753 	EXP 	down: autoDraw = True
122.3921 	EXP 	center: autoDraw = True
122.3921 	EXP 	left: autoDraw = True
122.3921 	EXP 	right: autoDraw = True
122.3921 	EXP 	up: autoDraw = True
122.3921 	EXP 	down: autoDraw = True
122.4089 	EXP 	center: autoDraw = True
122.4089 	EXP 	left: autoDraw = True
122.4089 	EXP 	right: autoDraw = True
122.4089 	EXP 	up: autoDraw = True
122.4089 	EXP 	down: autoDraw = True
122.4253 	EXP 	center: autoDraw = True
122.4253 	EXP 	left: autoDraw = True
122.4253 	EXP 	right: autoDraw = True
122.4253 	EXP 	up: autoDraw = True
122.4253 	EXP 	down: autoDraw = True
122.4422 	EXP 	center: autoDraw = True
122.4422 	EXP 	left: autoDraw = True
122.4422 	EXP 	right: autoDraw = True
122.4422 	EXP 	up: autoDraw = True
122.4422 	EXP 	down: autoDraw = True
122.4590 	EXP 	center: autoDraw = True
122.4590 	EXP 	left: autoDraw = True
122.4590 	EXP 	right: autoDraw = True
122.4590 	EXP 	up: autoDraw = True
122.4590 	EXP 	down: autoDraw = True
122.4752 	EXP 	center: autoDraw = True
122.4752 	EXP 	left: autoDraw = True
122.4752 	EXP 	right: autoDraw = True
122.4752 	EXP 	up: autoDraw = True
122.4752 	EXP 	down: autoDraw = True
122.4920 	EXP 	center: autoDraw = True
122.4920 	EXP 	left: autoDraw = True
122.4920 	EXP 	right: autoDraw = True
122.4920 	EXP 	up: autoDraw = True
122.4920 	EXP 	down: autoDraw = True
122.5087 	EXP 	center: autoDraw = True
122.5087 	EXP 	left: autoDraw = True
122.5087 	EXP 	right: autoDraw = True
122.5087 	EXP 	up: autoDraw = True
122.5087 	EXP 	down: autoDraw = True
122.5255 	EXP 	center: autoDraw = True
122.5255 	EXP 	left: autoDraw = True
122.5255 	EXP 	right: autoDraw = True
122.5255 	EXP 	up: autoDraw = True
122.5255 	EXP 	down: autoDraw = True
122.5422 	EXP 	center: autoDraw = True
122.5422 	EXP 	left: autoDraw = True
122.5422 	EXP 	right: autoDraw = True
122.5422 	EXP 	up: autoDraw = True
122.5422 	EXP 	down: autoDraw = True
122.5587 	EXP 	center: autoDraw = True
122.5587 	EXP 	left: autoDraw = True
122.5587 	EXP 	right: autoDraw = True
122.5587 	EXP 	up: autoDraw = True
122.5587 	EXP 	down: autoDraw = True
122.5754 	EXP 	center: autoDraw = True
122.5754 	EXP 	left: autoDraw = True
122.5754 	EXP 	right: autoDraw = True
122.5754 	EXP 	up: autoDraw = True
122.5754 	EXP 	down: autoDraw = True
122.5915 	EXP 	center: autoDraw = True
122.5915 	EXP 	left: autoDraw = True
122.5915 	EXP 	right: autoDraw = True
122.5915 	EXP 	up: autoDraw = True
122.5915 	EXP 	down: autoDraw = True
122.6085 	EXP 	center: autoDraw = True
122.6085 	EXP 	left: autoDraw = True
122.6085 	EXP 	right: autoDraw = True
122.6085 	EXP 	up: autoDraw = True
122.6085 	EXP 	down: autoDraw = True
122.6256 	EXP 	center: autoDraw = True
122.6256 	EXP 	left: autoDraw = True
122.6256 	EXP 	right: autoDraw = True
122.6256 	EXP 	up: autoDraw = True
122.6256 	EXP 	down: autoDraw = True
122.6419 	EXP 	center: autoDraw = True
122.6419 	EXP 	left: autoDraw = True
122.6419 	EXP 	right: autoDraw = True
122.6419 	EXP 	up: autoDraw = True
122.6419 	EXP 	down: autoDraw = True
122.6590 	EXP 	center: autoDraw = True
122.6590 	EXP 	left: autoDraw = True
122.6590 	EXP 	right: autoDraw = True
122.6590 	EXP 	up: autoDraw = True
122.6590 	EXP 	down: autoDraw = True
122.6753 	EXP 	center: autoDraw = True
122.6753 	EXP 	left: autoDraw = True
122.6753 	EXP 	right: autoDraw = True
122.6753 	EXP 	up: autoDraw = True
122.6753 	EXP 	down: autoDraw = True
122.6921 	EXP 	center: autoDraw = True
122.6921 	EXP 	left: autoDraw = True
122.6921 	EXP 	right: autoDraw = True
122.6921 	EXP 	up: autoDraw = True
122.6921 	EXP 	down: autoDraw = True
122.7089 	EXP 	center: autoDraw = True
122.7089 	EXP 	left: autoDraw = True
122.7089 	EXP 	right: autoDraw = True
122.7089 	EXP 	up: autoDraw = True
122.7089 	EXP 	down: autoDraw = True
122.7253 	EXP 	center: autoDraw = True
122.7253 	EXP 	left: autoDraw = True
122.7253 	EXP 	right: autoDraw = True
122.7253 	EXP 	up: autoDraw = True
122.7253 	EXP 	down: autoDraw = True
122.7420 	EXP 	center: autoDraw = True
122.7420 	EXP 	left: autoDraw = True
122.7420 	EXP 	right: autoDraw = True
122.7420 	EXP 	up: autoDraw = True
122.7420 	EXP 	down: autoDraw = True
122.7587 	EXP 	center: autoDraw = True
122.7587 	EXP 	left: autoDraw = True
122.7587 	EXP 	right: autoDraw = True
122.7587 	EXP 	up: autoDraw = True
122.7587 	EXP 	down: autoDraw = True
122.7753 	EXP 	center: autoDraw = True
122.7753 	EXP 	left: autoDraw = True
122.7753 	EXP 	right: autoDraw = True
122.7753 	EXP 	up: autoDraw = True
122.7753 	EXP 	down: autoDraw = True
122.7921 	EXP 	center: autoDraw = True
122.7921 	EXP 	left: autoDraw = True
122.7921 	EXP 	right: autoDraw = True
122.7921 	EXP 	up: autoDraw = True
122.7921 	EXP 	down: autoDraw = True
122.8089 	EXP 	center: autoDraw = True
122.8089 	EXP 	left: autoDraw = True
122.8089 	EXP 	right: autoDraw = True
122.8089 	EXP 	up: autoDraw = True
122.8089 	EXP 	down: autoDraw = True
122.8253 	EXP 	center: autoDraw = True
122.8253 	EXP 	left: autoDraw = True
122.8253 	EXP 	right: autoDraw = True
122.8253 	EXP 	up: autoDraw = True
122.8253 	EXP 	down: autoDraw = True
122.8421 	EXP 	center: autoDraw = True
122.8421 	EXP 	left: autoDraw = True
122.8421 	EXP 	right: autoDraw = True
122.8421 	EXP 	up: autoDraw = True
122.8421 	EXP 	down: autoDraw = True
122.8584 	EXP 	center: autoDraw = True
122.8584 	EXP 	left: autoDraw = True
122.8584 	EXP 	right: autoDraw = True
122.8584 	EXP 	up: autoDraw = True
122.8584 	EXP 	down: autoDraw = True
122.8752 	EXP 	center: autoDraw = True
122.8752 	EXP 	left: autoDraw = True
122.8752 	EXP 	right: autoDraw = True
122.8752 	EXP 	up: autoDraw = True
122.8752 	EXP 	down: autoDraw = True
122.8921 	EXP 	center: autoDraw = True
122.8921 	EXP 	left: autoDraw = True
122.8921 	EXP 	right: autoDraw = True
122.8921 	EXP 	up: autoDraw = True
122.8921 	EXP 	down: autoDraw = True
122.9088 	EXP 	center: autoDraw = True
122.9088 	EXP 	left: autoDraw = True
122.9088 	EXP 	right: autoDraw = True
122.9088 	EXP 	up: autoDraw = True
122.9088 	EXP 	down: autoDraw = True
122.9256 	EXP 	center: autoDraw = True
122.9256 	EXP 	left: autoDraw = True
122.9256 	EXP 	right: autoDraw = True
122.9256 	EXP 	up: autoDraw = True
122.9256 	EXP 	down: autoDraw = True
122.9419 	EXP 	center: autoDraw = True
122.9419 	EXP 	left: autoDraw = True
122.9419 	EXP 	right: autoDraw = True
122.9419 	EXP 	up: autoDraw = True
122.9419 	EXP 	down: autoDraw = True
122.9587 	EXP 	center: autoDraw = True
122.9587 	EXP 	left: autoDraw = True
122.9587 	EXP 	right: autoDraw = True
122.9587 	EXP 	up: autoDraw = True
122.9587 	EXP 	down: autoDraw = True
122.9745 	EXP 	center: autoDraw = True
122.9745 	EXP 	left: autoDraw = True
122.9745 	EXP 	right: autoDraw = True
122.9745 	EXP 	up: autoDraw = True
122.9745 	EXP 	down: autoDraw = True
122.9919 	EXP 	center: autoDraw = True
122.9919 	EXP 	left: autoDraw = True
122.9919 	EXP 	right: autoDraw = True
122.9919 	EXP 	up: autoDraw = True
122.9919 	EXP 	down: autoDraw = True
123.0087 	EXP 	center: autoDraw = True
123.0087 	EXP 	left: autoDraw = True
123.0087 	EXP 	right: autoDraw = True
123.0087 	EXP 	up: autoDraw = True
123.0087 	EXP 	down: autoDraw = True
123.0254 	EXP 	center: autoDraw = True
123.0254 	EXP 	left: autoDraw = True
123.0254 	EXP 	right: autoDraw = True
123.0254 	EXP 	up: autoDraw = True
123.0254 	EXP 	down: autoDraw = True
123.0422 	EXP 	center: autoDraw = True
123.0422 	EXP 	left: autoDraw = True
123.0422 	EXP 	right: autoDraw = True
123.0422 	EXP 	up: autoDraw = True
123.0422 	EXP 	down: autoDraw = True
123.0585 	EXP 	center: autoDraw = True
123.0585 	EXP 	left: autoDraw = True
123.0585 	EXP 	right: autoDraw = True
123.0585 	EXP 	up: autoDraw = True
123.0585 	EXP 	down: autoDraw = True
123.0753 	EXP 	center: autoDraw = True
123.0753 	EXP 	left: autoDraw = True
123.0753 	EXP 	right: autoDraw = True
123.0753 	EXP 	up: autoDraw = True
123.0753 	EXP 	down: autoDraw = True
123.0921 	EXP 	center: autoDraw = True
123.0921 	EXP 	left: autoDraw = True
123.0921 	EXP 	right: autoDraw = True
123.0921 	EXP 	up: autoDraw = True
123.0921 	EXP 	down: autoDraw = True
123.1085 	EXP 	center: autoDraw = True
123.1085 	EXP 	left: autoDraw = True
123.1085 	EXP 	right: autoDraw = True
123.1085 	EXP 	up: autoDraw = True
123.1085 	EXP 	down: autoDraw = True
123.1252 	EXP 	center: autoDraw = True
123.1252 	EXP 	left: autoDraw = True
123.1252 	EXP 	right: autoDraw = True
123.1252 	EXP 	up: autoDraw = True
123.1252 	EXP 	down: autoDraw = True
123.1420 	EXP 	center: autoDraw = True
123.1420 	EXP 	left: autoDraw = True
123.1420 	EXP 	right: autoDraw = True
123.1420 	EXP 	up: autoDraw = True
123.1420 	EXP 	down: autoDraw = True
123.1587 	EXP 	center: autoDraw = True
123.1587 	EXP 	left: autoDraw = True
123.1587 	EXP 	right: autoDraw = True
123.1587 	EXP 	up: autoDraw = True
123.1587 	EXP 	down: autoDraw = True
123.1754 	EXP 	center: autoDraw = True
123.1754 	EXP 	left: autoDraw = True
123.1754 	EXP 	right: autoDraw = True
123.1754 	EXP 	up: autoDraw = True
123.1754 	EXP 	down: autoDraw = True
123.1923 	EXP 	center: autoDraw = True
123.1923 	EXP 	left: autoDraw = True
123.1923 	EXP 	right: autoDraw = True
123.1923 	EXP 	up: autoDraw = True
123.1923 	EXP 	down: autoDraw = True
123.2085 	EXP 	center: autoDraw = True
123.2085 	EXP 	left: autoDraw = True
123.2085 	EXP 	right: autoDraw = True
123.2085 	EXP 	up: autoDraw = True
123.2085 	EXP 	down: autoDraw = True
123.2253 	EXP 	center: autoDraw = True
123.2253 	EXP 	left: autoDraw = True
123.2253 	EXP 	right: autoDraw = True
123.2253 	EXP 	up: autoDraw = True
123.2253 	EXP 	down: autoDraw = True
123.2416 	EXP 	center: autoDraw = True
123.2416 	EXP 	left: autoDraw = True
123.2416 	EXP 	right: autoDraw = True
123.2416 	EXP 	up: autoDraw = True
123.2416 	EXP 	down: autoDraw = True
123.2586 	EXP 	center: autoDraw = True
123.2586 	EXP 	left: autoDraw = True
123.2586 	EXP 	right: autoDraw = True
123.2586 	EXP 	up: autoDraw = True
123.2586 	EXP 	down: autoDraw = True
123.2754 	EXP 	center: autoDraw = True
123.2754 	EXP 	left: autoDraw = True
123.2754 	EXP 	right: autoDraw = True
123.2754 	EXP 	up: autoDraw = True
123.2754 	EXP 	down: autoDraw = True
123.2913 	EXP 	center: autoDraw = True
123.2913 	EXP 	left: autoDraw = True
123.2913 	EXP 	right: autoDraw = True
123.2913 	EXP 	up: autoDraw = True
123.2913 	EXP 	down: autoDraw = True
123.3085 	EXP 	center: autoDraw = True
123.3085 	EXP 	left: autoDraw = True
123.3085 	EXP 	right: autoDraw = True
123.3085 	EXP 	up: autoDraw = True
123.3085 	EXP 	down: autoDraw = True
123.3252 	EXP 	center: autoDraw = True
123.3252 	EXP 	left: autoDraw = True
123.3252 	EXP 	right: autoDraw = True
123.3252 	EXP 	up: autoDraw = True
123.3252 	EXP 	down: autoDraw = True
123.3419 	EXP 	center: autoDraw = True
123.3419 	EXP 	left: autoDraw = True
123.3419 	EXP 	right: autoDraw = True
123.3419 	EXP 	up: autoDraw = True
123.3419 	EXP 	down: autoDraw = True
123.3589 	EXP 	center: autoDraw = True
123.3589 	EXP 	left: autoDraw = True
123.3589 	EXP 	right: autoDraw = True
123.3589 	EXP 	up: autoDraw = True
123.3589 	EXP 	down: autoDraw = True
123.3752 	EXP 	center: autoDraw = True
123.3752 	EXP 	left: autoDraw = True
123.3752 	EXP 	right: autoDraw = True
123.3752 	EXP 	up: autoDraw = True
123.3752 	EXP 	down: autoDraw = True
123.3921 	EXP 	center: autoDraw = True
123.3921 	EXP 	left: autoDraw = True
123.3921 	EXP 	right: autoDraw = True
123.3921 	EXP 	up: autoDraw = True
123.3921 	EXP 	down: autoDraw = True
123.4088 	EXP 	center: autoDraw = True
123.4088 	EXP 	left: autoDraw = True
123.4088 	EXP 	right: autoDraw = True
123.4088 	EXP 	up: autoDraw = True
123.4088 	EXP 	down: autoDraw = True
123.4255 	EXP 	center: autoDraw = True
123.4255 	EXP 	left: autoDraw = True
123.4255 	EXP 	right: autoDraw = True
123.4255 	EXP 	up: autoDraw = True
123.4255 	EXP 	down: autoDraw = True
123.4418 	EXP 	center: autoDraw = True
123.4418 	EXP 	left: autoDraw = True
123.4418 	EXP 	right: autoDraw = True
123.4418 	EXP 	up: autoDraw = True
123.4418 	EXP 	down: autoDraw = True
123.4587 	EXP 	center: autoDraw = True
123.4587 	EXP 	left: autoDraw = True
123.4587 	EXP 	right: autoDraw = True
123.4587 	EXP 	up: autoDraw = True
123.4587 	EXP 	down: autoDraw = True
123.4750 	EXP 	center: autoDraw = True
123.4750 	EXP 	left: autoDraw = True
123.4750 	EXP 	right: autoDraw = True
123.4750 	EXP 	up: autoDraw = True
123.4750 	EXP 	down: autoDraw = True
123.4920 	EXP 	center: autoDraw = True
123.4920 	EXP 	left: autoDraw = True
123.4920 	EXP 	right: autoDraw = True
123.4920 	EXP 	up: autoDraw = True
123.4920 	EXP 	down: autoDraw = True
123.5086 	EXP 	center: autoDraw = True
123.5086 	EXP 	left: autoDraw = True
123.5086 	EXP 	right: autoDraw = True
123.5086 	EXP 	up: autoDraw = True
123.5086 	EXP 	down: autoDraw = True
123.5254 	EXP 	center: autoDraw = True
123.5254 	EXP 	left: autoDraw = True
123.5254 	EXP 	right: autoDraw = True
123.5254 	EXP 	up: autoDraw = True
123.5254 	EXP 	down: autoDraw = True
123.5422 	EXP 	center: autoDraw = True
123.5422 	EXP 	left: autoDraw = True
123.5422 	EXP 	right: autoDraw = True
123.5422 	EXP 	up: autoDraw = True
123.5422 	EXP 	down: autoDraw = True
123.5586 	EXP 	center: autoDraw = True
123.5586 	EXP 	left: autoDraw = True
123.5586 	EXP 	right: autoDraw = True
123.5586 	EXP 	up: autoDraw = True
123.5586 	EXP 	down: autoDraw = True
123.5754 	EXP 	center: autoDraw = True
123.5754 	EXP 	left: autoDraw = True
123.5754 	EXP 	right: autoDraw = True
123.5754 	EXP 	up: autoDraw = True
123.5754 	EXP 	down: autoDraw = True
123.5918 	EXP 	center: autoDraw = True
123.5918 	EXP 	left: autoDraw = True
123.5918 	EXP 	right: autoDraw = True
123.5918 	EXP 	up: autoDraw = True
123.5918 	EXP 	down: autoDraw = True
123.6087 	EXP 	center: autoDraw = True
123.6087 	EXP 	left: autoDraw = True
123.6087 	EXP 	right: autoDraw = True
123.6087 	EXP 	up: autoDraw = True
123.6087 	EXP 	down: autoDraw = True
123.6248 	EXP 	center: autoDraw = True
123.6248 	EXP 	left: autoDraw = True
123.6248 	EXP 	right: autoDraw = True
123.6248 	EXP 	up: autoDraw = True
123.6248 	EXP 	down: autoDraw = True
123.6419 	EXP 	center: autoDraw = True
123.6419 	EXP 	left: autoDraw = True
123.6419 	EXP 	right: autoDraw = True
123.6419 	EXP 	up: autoDraw = True
123.6419 	EXP 	down: autoDraw = True
123.6587 	EXP 	center: autoDraw = True
123.6587 	EXP 	left: autoDraw = True
123.6587 	EXP 	right: autoDraw = True
123.6587 	EXP 	up: autoDraw = True
123.6587 	EXP 	down: autoDraw = True
123.6752 	EXP 	center: autoDraw = True
123.6752 	EXP 	left: autoDraw = True
123.6752 	EXP 	right: autoDraw = True
123.6752 	EXP 	up: autoDraw = True
123.6752 	EXP 	down: autoDraw = True
123.6923 	EXP 	center: autoDraw = True
123.6923 	EXP 	left: autoDraw = True
123.6923 	EXP 	right: autoDraw = True
123.6923 	EXP 	up: autoDraw = True
123.6923 	EXP 	down: autoDraw = True
123.7085 	EXP 	center: autoDraw = True
123.7085 	EXP 	left: autoDraw = True
123.7085 	EXP 	right: autoDraw = True
123.7085 	EXP 	up: autoDraw = True
123.7085 	EXP 	down: autoDraw = True
123.7252 	EXP 	center: autoDraw = True
123.7252 	EXP 	left: autoDraw = True
123.7252 	EXP 	right: autoDraw = True
123.7252 	EXP 	up: autoDraw = True
123.7252 	EXP 	down: autoDraw = True
123.7419 	EXP 	center: autoDraw = True
123.7419 	EXP 	left: autoDraw = True
123.7419 	EXP 	right: autoDraw = True
123.7419 	EXP 	up: autoDraw = True
123.7419 	EXP 	down: autoDraw = True
123.7588 	EXP 	center: autoDraw = True
123.7588 	EXP 	left: autoDraw = True
123.7588 	EXP 	right: autoDraw = True
123.7588 	EXP 	up: autoDraw = True
123.7588 	EXP 	down: autoDraw = True
123.7752 	EXP 	center: autoDraw = True
123.7752 	EXP 	left: autoDraw = True
123.7752 	EXP 	right: autoDraw = True
123.7752 	EXP 	up: autoDraw = True
123.7752 	EXP 	down: autoDraw = True
123.7919 	EXP 	center: autoDraw = True
123.7919 	EXP 	left: autoDraw = True
123.7919 	EXP 	right: autoDraw = True
123.7919 	EXP 	up: autoDraw = True
123.7919 	EXP 	down: autoDraw = True
123.8086 	EXP 	center: autoDraw = True
123.8086 	EXP 	left: autoDraw = True
123.8086 	EXP 	right: autoDraw = True
123.8086 	EXP 	up: autoDraw = True
123.8086 	EXP 	down: autoDraw = True
123.8254 	EXP 	center: autoDraw = True
123.8254 	EXP 	left: autoDraw = True
123.8254 	EXP 	right: autoDraw = True
123.8254 	EXP 	up: autoDraw = True
123.8254 	EXP 	down: autoDraw = True
123.8418 	EXP 	center: autoDraw = True
123.8418 	EXP 	left: autoDraw = True
123.8418 	EXP 	right: autoDraw = True
123.8418 	EXP 	up: autoDraw = True
123.8418 	EXP 	down: autoDraw = True
123.8587 	EXP 	center: autoDraw = True
123.8587 	EXP 	left: autoDraw = True
123.8587 	EXP 	right: autoDraw = True
123.8587 	EXP 	up: autoDraw = True
123.8587 	EXP 	down: autoDraw = True
123.8754 	EXP 	center: autoDraw = True
123.8754 	EXP 	left: autoDraw = True
123.8754 	EXP 	right: autoDraw = True
123.8754 	EXP 	up: autoDraw = True
123.8754 	EXP 	down: autoDraw = True
123.8918 	EXP 	center: autoDraw = True
123.8918 	EXP 	left: autoDraw = True
123.8918 	EXP 	right: autoDraw = True
123.8918 	EXP 	up: autoDraw = True
123.8918 	EXP 	down: autoDraw = True
123.9086 	EXP 	center: autoDraw = True
123.9086 	EXP 	left: autoDraw = True
123.9086 	EXP 	right: autoDraw = True
123.9086 	EXP 	up: autoDraw = True
123.9086 	EXP 	down: autoDraw = True
123.9254 	EXP 	center: autoDraw = True
123.9254 	EXP 	left: autoDraw = True
123.9254 	EXP 	right: autoDraw = True
123.9254 	EXP 	up: autoDraw = True
123.9254 	EXP 	down: autoDraw = True
123.9418 	EXP 	center: autoDraw = True
123.9418 	EXP 	left: autoDraw = True
123.9418 	EXP 	right: autoDraw = True
123.9418 	EXP 	up: autoDraw = True
123.9418 	EXP 	down: autoDraw = True
123.9586 	EXP 	center: autoDraw = True
123.9586 	EXP 	left: autoDraw = True
123.9586 	EXP 	right: autoDraw = True
123.9586 	EXP 	up: autoDraw = True
123.9586 	EXP 	down: autoDraw = True
123.9751 	EXP 	center: autoDraw = True
123.9751 	EXP 	left: autoDraw = True
123.9751 	EXP 	right: autoDraw = True
123.9751 	EXP 	up: autoDraw = True
123.9751 	EXP 	down: autoDraw = True
123.9918 	EXP 	center: autoDraw = True
123.9918 	EXP 	left: autoDraw = True
123.9918 	EXP 	right: autoDraw = True
123.9918 	EXP 	up: autoDraw = True
123.9918 	EXP 	down: autoDraw = True
124.0078 	EXP 	center: autoDraw = True
124.0078 	EXP 	left: autoDraw = True
124.0078 	EXP 	right: autoDraw = True
124.0078 	EXP 	up: autoDraw = True
124.0078 	EXP 	down: autoDraw = True
124.0252 	EXP 	center: autoDraw = True
124.0252 	EXP 	left: autoDraw = True
124.0252 	EXP 	right: autoDraw = True
124.0252 	EXP 	up: autoDraw = True
124.0252 	EXP 	down: autoDraw = True
124.0419 	EXP 	center: autoDraw = True
124.0419 	EXP 	left: autoDraw = True
124.0419 	EXP 	right: autoDraw = True
124.0419 	EXP 	up: autoDraw = True
124.0419 	EXP 	down: autoDraw = True
124.0588 	EXP 	center: autoDraw = True
124.0588 	EXP 	left: autoDraw = True
124.0588 	EXP 	right: autoDraw = True
124.0588 	EXP 	up: autoDraw = True
124.0588 	EXP 	down: autoDraw = True
124.0752 	EXP 	center: autoDraw = True
124.0752 	EXP 	left: autoDraw = True
124.0752 	EXP 	right: autoDraw = True
124.0752 	EXP 	up: autoDraw = True
124.0752 	EXP 	down: autoDraw = True
124.0913 	EXP 	center: autoDraw = True
124.0913 	EXP 	left: autoDraw = True
124.0913 	EXP 	right: autoDraw = True
124.0913 	EXP 	up: autoDraw = True
124.0913 	EXP 	down: autoDraw = True
124.1086 	EXP 	center: autoDraw = True
124.1086 	EXP 	left: autoDraw = True
124.1086 	EXP 	right: autoDraw = True
124.1086 	EXP 	up: autoDraw = True
124.1086 	EXP 	down: autoDraw = True
124.1254 	EXP 	center: autoDraw = True
124.1254 	EXP 	left: autoDraw = True
124.1254 	EXP 	right: autoDraw = True
124.1254 	EXP 	up: autoDraw = True
124.1254 	EXP 	down: autoDraw = True
124.1420 	EXP 	center: autoDraw = True
124.1420 	EXP 	left: autoDraw = True
124.1420 	EXP 	right: autoDraw = True
124.1420 	EXP 	up: autoDraw = True
124.1420 	EXP 	down: autoDraw = True
124.1585 	EXP 	center: autoDraw = True
124.1585 	EXP 	left: autoDraw = True
124.1585 	EXP 	right: autoDraw = True
124.1585 	EXP 	up: autoDraw = True
124.1585 	EXP 	down: autoDraw = True
124.1752 	EXP 	center: autoDraw = True
124.1752 	EXP 	left: autoDraw = True
124.1752 	EXP 	right: autoDraw = True
124.1752 	EXP 	up: autoDraw = True
124.1752 	EXP 	down: autoDraw = True
124.1919 	EXP 	center: autoDraw = True
124.1919 	EXP 	left: autoDraw = True
124.1919 	EXP 	right: autoDraw = True
124.1919 	EXP 	up: autoDraw = True
124.1919 	EXP 	down: autoDraw = True
124.2087 	EXP 	center: autoDraw = True
124.2087 	EXP 	left: autoDraw = True
124.2087 	EXP 	right: autoDraw = True
124.2087 	EXP 	up: autoDraw = True
124.2087 	EXP 	down: autoDraw = True
124.2253 	EXP 	center: autoDraw = True
124.2253 	EXP 	left: autoDraw = True
124.2253 	EXP 	right: autoDraw = True
124.2253 	EXP 	up: autoDraw = True
124.2253 	EXP 	down: autoDraw = True
124.2418 	EXP 	center: autoDraw = True
124.2418 	EXP 	left: autoDraw = True
124.2418 	EXP 	right: autoDraw = True
124.2418 	EXP 	up: autoDraw = True
124.2418 	EXP 	down: autoDraw = True
124.2586 	EXP 	center: autoDraw = True
124.2586 	EXP 	left: autoDraw = True
124.2586 	EXP 	right: autoDraw = True
124.2586 	EXP 	up: autoDraw = True
124.2586 	EXP 	down: autoDraw = True
124.2755 	EXP 	center: autoDraw = True
124.2755 	EXP 	left: autoDraw = True
124.2755 	EXP 	right: autoDraw = True
124.2755 	EXP 	up: autoDraw = True
124.2755 	EXP 	down: autoDraw = True
124.2919 	EXP 	center: autoDraw = True
124.2919 	EXP 	left: autoDraw = True
124.2919 	EXP 	right: autoDraw = True
124.2919 	EXP 	up: autoDraw = True
124.2919 	EXP 	down: autoDraw = True
124.3087 	EXP 	center: autoDraw = True
124.3087 	EXP 	left: autoDraw = True
124.3087 	EXP 	right: autoDraw = True
124.3087 	EXP 	up: autoDraw = True
124.3087 	EXP 	down: autoDraw = True
124.3252 	EXP 	center: autoDraw = True
124.3252 	EXP 	left: autoDraw = True
124.3252 	EXP 	right: autoDraw = True
124.3252 	EXP 	up: autoDraw = True
124.3252 	EXP 	down: autoDraw = True
124.3420 	EXP 	center: autoDraw = True
124.3420 	EXP 	left: autoDraw = True
124.3420 	EXP 	right: autoDraw = True
124.3420 	EXP 	up: autoDraw = True
124.3420 	EXP 	down: autoDraw = True
124.3585 	EXP 	center: autoDraw = True
124.3585 	EXP 	left: autoDraw = True
124.3585 	EXP 	right: autoDraw = True
124.3585 	EXP 	up: autoDraw = True
124.3585 	EXP 	down: autoDraw = True
124.3752 	EXP 	center: autoDraw = True
124.3752 	EXP 	left: autoDraw = True
124.3752 	EXP 	right: autoDraw = True
124.3752 	EXP 	up: autoDraw = True
124.3752 	EXP 	down: autoDraw = True
124.3921 	EXP 	center: autoDraw = True
124.3921 	EXP 	left: autoDraw = True
124.3921 	EXP 	right: autoDraw = True
124.3921 	EXP 	up: autoDraw = True
124.3921 	EXP 	down: autoDraw = True
124.4084 	EXP 	center: autoDraw = True
124.4084 	EXP 	left: autoDraw = True
124.4084 	EXP 	right: autoDraw = True
124.4084 	EXP 	up: autoDraw = True
124.4084 	EXP 	down: autoDraw = True
124.4252 	EXP 	center: autoDraw = True
124.4252 	EXP 	left: autoDraw = True
124.4252 	EXP 	right: autoDraw = True
124.4252 	EXP 	up: autoDraw = True
124.4252 	EXP 	down: autoDraw = True
124.4419 	EXP 	center: autoDraw = True
124.4419 	EXP 	left: autoDraw = True
124.4419 	EXP 	right: autoDraw = True
124.4419 	EXP 	up: autoDraw = True
124.4419 	EXP 	down: autoDraw = True
124.4586 	EXP 	center: autoDraw = True
124.4586 	EXP 	left: autoDraw = True
124.4586 	EXP 	right: autoDraw = True
124.4586 	EXP 	up: autoDraw = True
124.4586 	EXP 	down: autoDraw = True
124.4754 	EXP 	center: autoDraw = True
124.4754 	EXP 	left: autoDraw = True
124.4754 	EXP 	right: autoDraw = True
124.4754 	EXP 	up: autoDraw = True
124.4754 	EXP 	down: autoDraw = True
124.4917 	EXP 	center: autoDraw = True
124.4917 	EXP 	left: autoDraw = True
124.4917 	EXP 	right: autoDraw = True
124.4917 	EXP 	up: autoDraw = True
124.4917 	EXP 	down: autoDraw = True
124.5086 	EXP 	center: autoDraw = True
124.5086 	EXP 	left: autoDraw = True
124.5086 	EXP 	right: autoDraw = True
124.5086 	EXP 	up: autoDraw = True
124.5086 	EXP 	down: autoDraw = True
124.5253 	EXP 	center: autoDraw = True
124.5253 	EXP 	left: autoDraw = True
124.5253 	EXP 	right: autoDraw = True
124.5253 	EXP 	up: autoDraw = True
124.5253 	EXP 	down: autoDraw = True
124.5417 	EXP 	center: autoDraw = True
124.5417 	EXP 	left: autoDraw = True
124.5417 	EXP 	right: autoDraw = True
124.5417 	EXP 	up: autoDraw = True
124.5417 	EXP 	down: autoDraw = True
124.5586 	EXP 	center: autoDraw = True
124.5586 	EXP 	left: autoDraw = True
124.5586 	EXP 	right: autoDraw = True
124.5586 	EXP 	up: autoDraw = True
124.5586 	EXP 	down: autoDraw = True
124.5754 	EXP 	center: autoDraw = True
124.5754 	EXP 	left: autoDraw = True
124.5754 	EXP 	right: autoDraw = True
124.5754 	EXP 	up: autoDraw = True
124.5754 	EXP 	down: autoDraw = True
124.5918 	EXP 	center: autoDraw = True
124.5918 	EXP 	left: autoDraw = True
124.5918 	EXP 	right: autoDraw = True
124.5918 	EXP 	up: autoDraw = True
124.5918 	EXP 	down: autoDraw = True
124.6085 	EXP 	center: autoDraw = True
124.6085 	EXP 	left: autoDraw = True
124.6085 	EXP 	right: autoDraw = True
124.6085 	EXP 	up: autoDraw = True
124.6085 	EXP 	down: autoDraw = True
124.6251 	EXP 	center: autoDraw = True
124.6251 	EXP 	left: autoDraw = True
124.6251 	EXP 	right: autoDraw = True
124.6251 	EXP 	up: autoDraw = True
124.6251 	EXP 	down: autoDraw = True
124.6418 	EXP 	center: autoDraw = True
124.6418 	EXP 	left: autoDraw = True
124.6418 	EXP 	right: autoDraw = True
124.6418 	EXP 	up: autoDraw = True
124.6418 	EXP 	down: autoDraw = True
124.6579 	EXP 	center: autoDraw = True
124.6579 	EXP 	left: autoDraw = True
124.6579 	EXP 	right: autoDraw = True
124.6579 	EXP 	up: autoDraw = True
124.6579 	EXP 	down: autoDraw = True
124.6752 	EXP 	center: autoDraw = True
124.6752 	EXP 	left: autoDraw = True
124.6752 	EXP 	right: autoDraw = True
124.6752 	EXP 	up: autoDraw = True
124.6752 	EXP 	down: autoDraw = True
124.6921 	EXP 	center: autoDraw = True
124.6921 	EXP 	left: autoDraw = True
124.6921 	EXP 	right: autoDraw = True
124.6921 	EXP 	up: autoDraw = True
124.6921 	EXP 	down: autoDraw = True
124.7084 	EXP 	center: autoDraw = True
124.7084 	EXP 	left: autoDraw = True
124.7084 	EXP 	right: autoDraw = True
124.7084 	EXP 	up: autoDraw = True
124.7084 	EXP 	down: autoDraw = True
124.7251 	EXP 	center: autoDraw = True
124.7251 	EXP 	left: autoDraw = True
124.7251 	EXP 	right: autoDraw = True
124.7251 	EXP 	up: autoDraw = True
124.7251 	EXP 	down: autoDraw = True
124.7420 	EXP 	center: autoDraw = True
124.7420 	EXP 	left: autoDraw = True
124.7420 	EXP 	right: autoDraw = True
124.7420 	EXP 	up: autoDraw = True
124.7420 	EXP 	down: autoDraw = True
124.7585 	EXP 	center: autoDraw = True
124.7585 	EXP 	left: autoDraw = True
124.7585 	EXP 	right: autoDraw = True
124.7585 	EXP 	up: autoDraw = True
124.7585 	EXP 	down: autoDraw = True
124.7755 	EXP 	center: autoDraw = True
124.7755 	EXP 	left: autoDraw = True
124.7755 	EXP 	right: autoDraw = True
124.7755 	EXP 	up: autoDraw = True
124.7755 	EXP 	down: autoDraw = True
124.7917 	EXP 	center: autoDraw = True
124.7917 	EXP 	left: autoDraw = True
124.7917 	EXP 	right: autoDraw = True
124.7917 	EXP 	up: autoDraw = True
124.7917 	EXP 	down: autoDraw = True
124.8085 	EXP 	center: autoDraw = True
124.8085 	EXP 	left: autoDraw = True
124.8085 	EXP 	right: autoDraw = True
124.8085 	EXP 	up: autoDraw = True
124.8085 	EXP 	down: autoDraw = True
124.8253 	EXP 	center: autoDraw = True
124.8253 	EXP 	left: autoDraw = True
124.8253 	EXP 	right: autoDraw = True
124.8253 	EXP 	up: autoDraw = True
124.8253 	EXP 	down: autoDraw = True
124.8419 	EXP 	center: autoDraw = True
124.8419 	EXP 	left: autoDraw = True
124.8419 	EXP 	right: autoDraw = True
124.8419 	EXP 	up: autoDraw = True
124.8419 	EXP 	down: autoDraw = True
124.8585 	EXP 	center: autoDraw = True
124.8585 	EXP 	left: autoDraw = True
124.8585 	EXP 	right: autoDraw = True
124.8585 	EXP 	up: autoDraw = True
124.8585 	EXP 	down: autoDraw = True
124.8752 	EXP 	center: autoDraw = True
124.8752 	EXP 	left: autoDraw = True
124.8752 	EXP 	right: autoDraw = True
124.8752 	EXP 	up: autoDraw = True
124.8752 	EXP 	down: autoDraw = True
124.8915 	EXP 	center: autoDraw = True
124.8915 	EXP 	left: autoDraw = True
124.8915 	EXP 	right: autoDraw = True
124.8915 	EXP 	up: autoDraw = True
124.8915 	EXP 	down: autoDraw = True
124.9085 	EXP 	center: autoDraw = True
124.9085 	EXP 	left: autoDraw = True
124.9085 	EXP 	right: autoDraw = True
124.9085 	EXP 	up: autoDraw = True
124.9085 	EXP 	down: autoDraw = True
124.9248 	EXP 	center: autoDraw = True
124.9248 	EXP 	left: autoDraw = True
124.9248 	EXP 	right: autoDraw = True
124.9248 	EXP 	up: autoDraw = True
124.9248 	EXP 	down: autoDraw = True
124.9419 	EXP 	center: autoDraw = True
124.9419 	EXP 	left: autoDraw = True
124.9419 	EXP 	right: autoDraw = True
124.9419 	EXP 	up: autoDraw = True
124.9419 	EXP 	down: autoDraw = True
124.9586 	EXP 	center: autoDraw = True
124.9586 	EXP 	left: autoDraw = True
124.9586 	EXP 	right: autoDraw = True
124.9586 	EXP 	up: autoDraw = True
124.9586 	EXP 	down: autoDraw = True
124.9751 	EXP 	center: autoDraw = True
124.9751 	EXP 	left: autoDraw = True
124.9751 	EXP 	right: autoDraw = True
124.9751 	EXP 	up: autoDraw = True
124.9751 	EXP 	down: autoDraw = True
124.9919 	EXP 	center: autoDraw = True
124.9919 	EXP 	left: autoDraw = True
124.9919 	EXP 	right: autoDraw = True
124.9919 	EXP 	up: autoDraw = True
124.9919 	EXP 	down: autoDraw = True
125.0084 	EXP 	center: autoDraw = True
125.0084 	EXP 	left: autoDraw = True
125.0084 	EXP 	right: autoDraw = True
125.0084 	EXP 	up: autoDraw = True
125.0084 	EXP 	down: autoDraw = True
125.0252 	EXP 	center: autoDraw = True
125.0252 	EXP 	left: autoDraw = True
125.0252 	EXP 	right: autoDraw = True
125.0252 	EXP 	up: autoDraw = True
125.0252 	EXP 	down: autoDraw = True
125.0411 	EXP 	center: autoDraw = True
125.0411 	EXP 	left: autoDraw = True
125.0411 	EXP 	right: autoDraw = True
125.0411 	EXP 	up: autoDraw = True
125.0411 	EXP 	down: autoDraw = True
125.0584 	EXP 	center: autoDraw = True
125.0584 	EXP 	left: autoDraw = True
125.0584 	EXP 	right: autoDraw = True
125.0584 	EXP 	up: autoDraw = True
125.0584 	EXP 	down: autoDraw = True
125.0751 	EXP 	center: autoDraw = True
125.0751 	EXP 	left: autoDraw = True
125.0751 	EXP 	right: autoDraw = True
125.0751 	EXP 	up: autoDraw = True
125.0751 	EXP 	down: autoDraw = True
125.0919 	EXP 	center: autoDraw = True
125.0919 	EXP 	left: autoDraw = True
125.0919 	EXP 	right: autoDraw = True
125.0919 	EXP 	up: autoDraw = True
125.0919 	EXP 	down: autoDraw = True
125.1087 	EXP 	center: autoDraw = True
125.1087 	EXP 	left: autoDraw = True
125.1087 	EXP 	right: autoDraw = True
125.1087 	EXP 	up: autoDraw = True
125.1087 	EXP 	down: autoDraw = True
125.1251 	EXP 	center: autoDraw = True
125.1251 	EXP 	left: autoDraw = True
125.1251 	EXP 	right: autoDraw = True
125.1251 	EXP 	up: autoDraw = True
125.1251 	EXP 	down: autoDraw = True
125.1418 	EXP 	center: autoDraw = True
125.1418 	EXP 	left: autoDraw = True
125.1418 	EXP 	right: autoDraw = True
125.1418 	EXP 	up: autoDraw = True
125.1418 	EXP 	down: autoDraw = True
125.1587 	EXP 	center: autoDraw = True
125.1587 	EXP 	left: autoDraw = True
125.1587 	EXP 	right: autoDraw = True
125.1587 	EXP 	up: autoDraw = True
125.1587 	EXP 	down: autoDraw = True
125.1751 	EXP 	center: autoDraw = True
125.1751 	EXP 	left: autoDraw = True
125.1751 	EXP 	right: autoDraw = True
125.1751 	EXP 	up: autoDraw = True
125.1751 	EXP 	down: autoDraw = True
125.1918 	EXP 	center: autoDraw = True
125.1918 	EXP 	left: autoDraw = True
125.1918 	EXP 	right: autoDraw = True
125.1918 	EXP 	up: autoDraw = True
125.1918 	EXP 	down: autoDraw = True
125.2085 	EXP 	center: autoDraw = True
125.2085 	EXP 	left: autoDraw = True
125.2085 	EXP 	right: autoDraw = True
125.2085 	EXP 	up: autoDraw = True
125.2085 	EXP 	down: autoDraw = True
125.2253 	EXP 	center: autoDraw = True
125.2253 	EXP 	left: autoDraw = True
125.2253 	EXP 	right: autoDraw = True
125.2253 	EXP 	up: autoDraw = True
125.2253 	EXP 	down: autoDraw = True
125.2417 	EXP 	center: autoDraw = True
125.2417 	EXP 	left: autoDraw = True
125.2417 	EXP 	right: autoDraw = True
125.2417 	EXP 	up: autoDraw = True
125.2417 	EXP 	down: autoDraw = True
125.2585 	EXP 	center: autoDraw = True
125.2585 	EXP 	left: autoDraw = True
125.2585 	EXP 	right: autoDraw = True
125.2585 	EXP 	up: autoDraw = True
125.2585 	EXP 	down: autoDraw = True
125.2754 	EXP 	center: autoDraw = True
125.2754 	EXP 	left: autoDraw = True
125.2754 	EXP 	right: autoDraw = True
125.2754 	EXP 	up: autoDraw = True
125.2754 	EXP 	down: autoDraw = True
125.2917 	EXP 	center: autoDraw = True
125.2917 	EXP 	left: autoDraw = True
125.2917 	EXP 	right: autoDraw = True
125.2917 	EXP 	up: autoDraw = True
125.2917 	EXP 	down: autoDraw = True
125.3081 	EXP 	center: autoDraw = True
125.3081 	EXP 	left: autoDraw = True
125.3081 	EXP 	right: autoDraw = True
125.3081 	EXP 	up: autoDraw = True
125.3081 	EXP 	down: autoDraw = True
125.3252 	EXP 	center: autoDraw = True
125.3252 	EXP 	left: autoDraw = True
125.3252 	EXP 	right: autoDraw = True
125.3252 	EXP 	up: autoDraw = True
125.3252 	EXP 	down: autoDraw = True
125.3418 	EXP 	center: autoDraw = True
125.3418 	EXP 	left: autoDraw = True
125.3418 	EXP 	right: autoDraw = True
125.3418 	EXP 	up: autoDraw = True
125.3418 	EXP 	down: autoDraw = True
125.3585 	EXP 	center: autoDraw = True
125.3585 	EXP 	left: autoDraw = True
125.3585 	EXP 	right: autoDraw = True
125.3585 	EXP 	up: autoDraw = True
125.3585 	EXP 	down: autoDraw = True
125.3753 	EXP 	center: autoDraw = True
125.3753 	EXP 	left: autoDraw = True
125.3753 	EXP 	right: autoDraw = True
125.3753 	EXP 	up: autoDraw = True
125.3753 	EXP 	down: autoDraw = True
125.3918 	EXP 	center: autoDraw = True
125.3918 	EXP 	left: autoDraw = True
125.3918 	EXP 	right: autoDraw = True
125.3918 	EXP 	up: autoDraw = True
125.3918 	EXP 	down: autoDraw = True
125.4085 	EXP 	center: autoDraw = True
125.4085 	EXP 	left: autoDraw = True
125.4085 	EXP 	right: autoDraw = True
125.4085 	EXP 	up: autoDraw = True
125.4085 	EXP 	down: autoDraw = True
125.4253 	EXP 	center: autoDraw = True
125.4253 	EXP 	left: autoDraw = True
125.4253 	EXP 	right: autoDraw = True
125.4253 	EXP 	up: autoDraw = True
125.4253 	EXP 	down: autoDraw = True
125.4417 	EXP 	center: autoDraw = True
125.4417 	EXP 	left: autoDraw = True
125.4417 	EXP 	right: autoDraw = True
125.4417 	EXP 	up: autoDraw = True
125.4417 	EXP 	down: autoDraw = True
125.4585 	EXP 	center: autoDraw = True
125.4585 	EXP 	left: autoDraw = True
125.4585 	EXP 	right: autoDraw = True
125.4585 	EXP 	up: autoDraw = True
125.4585 	EXP 	down: autoDraw = True
125.4753 	EXP 	center: autoDraw = True
125.4753 	EXP 	left: autoDraw = True
125.4753 	EXP 	right: autoDraw = True
125.4753 	EXP 	up: autoDraw = True
125.4753 	EXP 	down: autoDraw = True
125.4917 	EXP 	center: autoDraw = True
125.4917 	EXP 	left: autoDraw = True
125.4917 	EXP 	right: autoDraw = True
125.4917 	EXP 	up: autoDraw = True
125.4917 	EXP 	down: autoDraw = True
125.5085 	EXP 	center: autoDraw = True
125.5085 	EXP 	left: autoDraw = True
125.5085 	EXP 	right: autoDraw = True
125.5085 	EXP 	up: autoDraw = True
125.5085 	EXP 	down: autoDraw = True
125.5253 	EXP 	center: autoDraw = True
125.5253 	EXP 	left: autoDraw = True
125.5253 	EXP 	right: autoDraw = True
125.5253 	EXP 	up: autoDraw = True
125.5253 	EXP 	down: autoDraw = True
125.5417 	EXP 	center: autoDraw = True
125.5417 	EXP 	left: autoDraw = True
125.5417 	EXP 	right: autoDraw = True
125.5417 	EXP 	up: autoDraw = True
125.5417 	EXP 	down: autoDraw = True
125.5584 	EXP 	center: autoDraw = True
125.5584 	EXP 	left: autoDraw = True
125.5584 	EXP 	right: autoDraw = True
125.5584 	EXP 	up: autoDraw = True
125.5584 	EXP 	down: autoDraw = True
125.5750 	EXP 	center: autoDraw = True
125.5750 	EXP 	left: autoDraw = True
125.5750 	EXP 	right: autoDraw = True
125.5750 	EXP 	up: autoDraw = True
125.5750 	EXP 	down: autoDraw = True
125.5918 	EXP 	center: autoDraw = True
125.5918 	EXP 	left: autoDraw = True
125.5918 	EXP 	right: autoDraw = True
125.5918 	EXP 	up: autoDraw = True
125.5918 	EXP 	down: autoDraw = True
125.6085 	EXP 	center: autoDraw = True
125.6085 	EXP 	left: autoDraw = True
125.6085 	EXP 	right: autoDraw = True
125.6085 	EXP 	up: autoDraw = True
125.6085 	EXP 	down: autoDraw = True
125.6254 	EXP 	center: autoDraw = True
125.6254 	EXP 	left: autoDraw = True
125.6254 	EXP 	right: autoDraw = True
125.6254 	EXP 	up: autoDraw = True
125.6254 	EXP 	down: autoDraw = True
125.6417 	EXP 	center: autoDraw = True
125.6417 	EXP 	left: autoDraw = True
125.6417 	EXP 	right: autoDraw = True
125.6417 	EXP 	up: autoDraw = True
125.6417 	EXP 	down: autoDraw = True
125.6583 	EXP 	center: autoDraw = True
125.6583 	EXP 	left: autoDraw = True
125.6583 	EXP 	right: autoDraw = True
125.6583 	EXP 	up: autoDraw = True
125.6583 	EXP 	down: autoDraw = True
125.6751 	EXP 	center: autoDraw = True
125.6751 	EXP 	left: autoDraw = True
125.6751 	EXP 	right: autoDraw = True
125.6751 	EXP 	up: autoDraw = True
125.6751 	EXP 	down: autoDraw = True
125.6912 	EXP 	center: autoDraw = True
125.6912 	EXP 	left: autoDraw = True
125.6912 	EXP 	right: autoDraw = True
125.6912 	EXP 	up: autoDraw = True
125.6912 	EXP 	down: autoDraw = True
125.7085 	EXP 	center: autoDraw = True
125.7085 	EXP 	left: autoDraw = True
125.7085 	EXP 	right: autoDraw = True
125.7085 	EXP 	up: autoDraw = True
125.7085 	EXP 	down: autoDraw = True
125.7253 	EXP 	center: autoDraw = True
125.7253 	EXP 	left: autoDraw = True
125.7253 	EXP 	right: autoDraw = True
125.7253 	EXP 	up: autoDraw = True
125.7253 	EXP 	down: autoDraw = True
125.7417 	EXP 	center: autoDraw = True
125.7417 	EXP 	left: autoDraw = True
125.7417 	EXP 	right: autoDraw = True
125.7417 	EXP 	up: autoDraw = True
125.7417 	EXP 	down: autoDraw = True
125.7585 	EXP 	center: autoDraw = True
125.7585 	EXP 	left: autoDraw = True
125.7585 	EXP 	right: autoDraw = True
125.7585 	EXP 	up: autoDraw = True
125.7585 	EXP 	down: autoDraw = True
125.7750 	EXP 	center: autoDraw = True
125.7750 	EXP 	left: autoDraw = True
125.7750 	EXP 	right: autoDraw = True
125.7750 	EXP 	up: autoDraw = True
125.7750 	EXP 	down: autoDraw = True
125.7918 	EXP 	center: autoDraw = True
125.7918 	EXP 	left: autoDraw = True
125.7918 	EXP 	right: autoDraw = True
125.7918 	EXP 	up: autoDraw = True
125.7918 	EXP 	down: autoDraw = True
125.8085 	EXP 	center: autoDraw = True
125.8085 	EXP 	left: autoDraw = True
125.8085 	EXP 	right: autoDraw = True
125.8085 	EXP 	up: autoDraw = True
125.8085 	EXP 	down: autoDraw = True
125.8252 	EXP 	center: autoDraw = True
125.8252 	EXP 	left: autoDraw = True
125.8252 	EXP 	right: autoDraw = True
125.8252 	EXP 	up: autoDraw = True
125.8252 	EXP 	down: autoDraw = True
125.8417 	EXP 	center: autoDraw = True
125.8417 	EXP 	left: autoDraw = True
125.8417 	EXP 	right: autoDraw = True
125.8417 	EXP 	up: autoDraw = True
125.8417 	EXP 	down: autoDraw = True
125.8586 	EXP 	center: autoDraw = True
125.8586 	EXP 	left: autoDraw = True
125.8586 	EXP 	right: autoDraw = True
125.8586 	EXP 	up: autoDraw = True
125.8586 	EXP 	down: autoDraw = True
125.8750 	EXP 	center: autoDraw = True
125.8750 	EXP 	left: autoDraw = True
125.8750 	EXP 	right: autoDraw = True
125.8750 	EXP 	up: autoDraw = True
125.8750 	EXP 	down: autoDraw = True
125.8919 	EXP 	center: autoDraw = True
125.8919 	EXP 	left: autoDraw = True
125.8919 	EXP 	right: autoDraw = True
125.8919 	EXP 	up: autoDraw = True
125.8919 	EXP 	down: autoDraw = True
125.9083 	EXP 	center: autoDraw = True
125.9083 	EXP 	left: autoDraw = True
125.9083 	EXP 	right: autoDraw = True
125.9083 	EXP 	up: autoDraw = True
125.9083 	EXP 	down: autoDraw = True
125.9252 	EXP 	center: autoDraw = True
125.9252 	EXP 	left: autoDraw = True
125.9252 	EXP 	right: autoDraw = True
125.9252 	EXP 	up: autoDraw = True
125.9252 	EXP 	down: autoDraw = True
125.9410 	EXP 	center: autoDraw = True
125.9410 	EXP 	left: autoDraw = True
125.9410 	EXP 	right: autoDraw = True
125.9410 	EXP 	up: autoDraw = True
125.9410 	EXP 	down: autoDraw = True
125.9582 	EXP 	center: autoDraw = True
125.9582 	EXP 	left: autoDraw = True
125.9582 	EXP 	right: autoDraw = True
125.9582 	EXP 	up: autoDraw = True
125.9582 	EXP 	down: autoDraw = True
125.9752 	EXP 	center: autoDraw = True
125.9752 	EXP 	left: autoDraw = True
125.9752 	EXP 	right: autoDraw = True
125.9752 	EXP 	up: autoDraw = True
125.9752 	EXP 	down: autoDraw = True
125.9917 	EXP 	center: autoDraw = True
125.9917 	EXP 	left: autoDraw = True
125.9917 	EXP 	right: autoDraw = True
125.9917 	EXP 	up: autoDraw = True
125.9917 	EXP 	down: autoDraw = True
126.0086 	EXP 	center: autoDraw = True
126.0086 	EXP 	left: autoDraw = True
126.0086 	EXP 	right: autoDraw = True
126.0086 	EXP 	up: autoDraw = True
126.0086 	EXP 	down: autoDraw = True
126.0250 	EXP 	center: autoDraw = True
126.0250 	EXP 	left: autoDraw = True
126.0250 	EXP 	right: autoDraw = True
126.0250 	EXP 	up: autoDraw = True
126.0250 	EXP 	down: autoDraw = True
126.0419 	EXP 	center: autoDraw = True
126.0419 	EXP 	left: autoDraw = True
126.0419 	EXP 	right: autoDraw = True
126.0419 	EXP 	up: autoDraw = True
126.0419 	EXP 	down: autoDraw = True
126.0584 	EXP 	center: autoDraw = True
126.0584 	EXP 	left: autoDraw = True
126.0584 	EXP 	right: autoDraw = True
126.0584 	EXP 	up: autoDraw = True
126.0584 	EXP 	down: autoDraw = True
126.0744 	EXP 	center: autoDraw = True
126.0744 	EXP 	left: autoDraw = True
126.0744 	EXP 	right: autoDraw = True
126.0744 	EXP 	up: autoDraw = True
126.0744 	EXP 	down: autoDraw = True
126.0917 	EXP 	center: autoDraw = True
126.0917 	EXP 	left: autoDraw = True
126.0917 	EXP 	right: autoDraw = True
126.0917 	EXP 	up: autoDraw = True
126.0917 	EXP 	down: autoDraw = True
126.1084 	EXP 	center: autoDraw = True
126.1084 	EXP 	left: autoDraw = True
126.1084 	EXP 	right: autoDraw = True
126.1084 	EXP 	up: autoDraw = True
126.1084 	EXP 	down: autoDraw = True
126.1254 	EXP 	center: autoDraw = True
126.1254 	EXP 	left: autoDraw = True
126.1254 	EXP 	right: autoDraw = True
126.1254 	EXP 	up: autoDraw = True
126.1254 	EXP 	down: autoDraw = True
126.1417 	EXP 	center: autoDraw = True
126.1417 	EXP 	left: autoDraw = True
126.1417 	EXP 	right: autoDraw = True
126.1417 	EXP 	up: autoDraw = True
126.1417 	EXP 	down: autoDraw = True
126.1585 	EXP 	center: autoDraw = True
126.1585 	EXP 	left: autoDraw = True
126.1585 	EXP 	right: autoDraw = True
126.1585 	EXP 	up: autoDraw = True
126.1585 	EXP 	down: autoDraw = True
126.1749 	EXP 	center: autoDraw = True
126.1749 	EXP 	left: autoDraw = True
126.1749 	EXP 	right: autoDraw = True
126.1749 	EXP 	up: autoDraw = True
126.1749 	EXP 	down: autoDraw = True
126.1918 	EXP 	center: autoDraw = True
126.1918 	EXP 	left: autoDraw = True
126.1918 	EXP 	right: autoDraw = True
126.1918 	EXP 	up: autoDraw = True
126.1918 	EXP 	down: autoDraw = True
126.2086 	EXP 	center: autoDraw = True
126.2086 	EXP 	left: autoDraw = True
126.2086 	EXP 	right: autoDraw = True
126.2086 	EXP 	up: autoDraw = True
126.2086 	EXP 	down: autoDraw = True
126.2250 	EXP 	center: autoDraw = True
126.2250 	EXP 	left: autoDraw = True
126.2250 	EXP 	right: autoDraw = True
126.2250 	EXP 	up: autoDraw = True
126.2250 	EXP 	down: autoDraw = True
126.2418 	EXP 	center: autoDraw = True
126.2418 	EXP 	left: autoDraw = True
126.2418 	EXP 	right: autoDraw = True
126.2418 	EXP 	up: autoDraw = True
126.2418 	EXP 	down: autoDraw = True
126.2586 	EXP 	center: autoDraw = True
126.2586 	EXP 	left: autoDraw = True
126.2586 	EXP 	right: autoDraw = True
126.2586 	EXP 	up: autoDraw = True
126.2586 	EXP 	down: autoDraw = True
126.2749 	EXP 	center: autoDraw = True
126.2749 	EXP 	left: autoDraw = True
126.2749 	EXP 	right: autoDraw = True
126.2749 	EXP 	up: autoDraw = True
126.2749 	EXP 	down: autoDraw = True
126.2918 	EXP 	center: autoDraw = True
126.2918 	EXP 	left: autoDraw = True
126.2918 	EXP 	right: autoDraw = True
126.2918 	EXP 	up: autoDraw = True
126.2918 	EXP 	down: autoDraw = True
126.3083 	EXP 	center: autoDraw = True
126.3083 	EXP 	left: autoDraw = True
126.3083 	EXP 	right: autoDraw = True
126.3083 	EXP 	up: autoDraw = True
126.3083 	EXP 	down: autoDraw = True
126.3251 	EXP 	center: autoDraw = True
126.3251 	EXP 	left: autoDraw = True
126.3251 	EXP 	right: autoDraw = True
126.3251 	EXP 	up: autoDraw = True
126.3251 	EXP 	down: autoDraw = True
126.3413 	EXP 	center: autoDraw = True
126.3413 	EXP 	left: autoDraw = True
126.3413 	EXP 	right: autoDraw = True
126.3413 	EXP 	up: autoDraw = True
126.3413 	EXP 	down: autoDraw = True
126.3584 	EXP 	center: autoDraw = True
126.3584 	EXP 	left: autoDraw = True
126.3584 	EXP 	right: autoDraw = True
126.3584 	EXP 	up: autoDraw = True
126.3584 	EXP 	down: autoDraw = True
126.3752 	EXP 	center: autoDraw = True
126.3752 	EXP 	left: autoDraw = True
126.3752 	EXP 	right: autoDraw = True
126.3752 	EXP 	up: autoDraw = True
126.3752 	EXP 	down: autoDraw = True
126.3916 	EXP 	center: autoDraw = True
126.3916 	EXP 	left: autoDraw = True
126.3916 	EXP 	right: autoDraw = True
126.3916 	EXP 	up: autoDraw = True
126.3916 	EXP 	down: autoDraw = True
126.4084 	EXP 	center: autoDraw = True
126.4084 	EXP 	left: autoDraw = True
126.4084 	EXP 	right: autoDraw = True
126.4084 	EXP 	up: autoDraw = True
126.4084 	EXP 	down: autoDraw = True
126.4249 	EXP 	center: autoDraw = True
126.4249 	EXP 	left: autoDraw = True
126.4249 	EXP 	right: autoDraw = True
126.4249 	EXP 	up: autoDraw = True
126.4249 	EXP 	down: autoDraw = True
126.4417 	EXP 	center: autoDraw = True
126.4417 	EXP 	left: autoDraw = True
126.4417 	EXP 	right: autoDraw = True
126.4417 	EXP 	up: autoDraw = True
126.4417 	EXP 	down: autoDraw = True
126.4587 	EXP 	center: autoDraw = True
126.4587 	EXP 	left: autoDraw = True
126.4587 	EXP 	right: autoDraw = True
126.4587 	EXP 	up: autoDraw = True
126.4587 	EXP 	down: autoDraw = True
126.4749 	EXP 	center: autoDraw = True
126.4749 	EXP 	left: autoDraw = True
126.4749 	EXP 	right: autoDraw = True
126.4749 	EXP 	up: autoDraw = True
126.4749 	EXP 	down: autoDraw = True
126.4918 	EXP 	center: autoDraw = True
126.4918 	EXP 	left: autoDraw = True
126.4918 	EXP 	right: autoDraw = True
126.4918 	EXP 	up: autoDraw = True
126.4918 	EXP 	down: autoDraw = True
126.5083 	EXP 	center: autoDraw = True
126.5083 	EXP 	left: autoDraw = True
126.5083 	EXP 	right: autoDraw = True
126.5083 	EXP 	up: autoDraw = True
126.5083 	EXP 	down: autoDraw = True
126.5083 	EXP 	center: autoDraw = False
126.5083 	EXP 	left: autoDraw = False
126.5083 	EXP 	right: autoDraw = False
126.5083 	EXP 	up: autoDraw = False
126.5083 	EXP 	down: autoDraw = False
126.5250 	EXP 	center: autoDraw = True
126.5250 	EXP 	left: autoDraw = True
126.5250 	EXP 	right: autoDraw = True
126.5250 	EXP 	up: autoDraw = True
126.5250 	EXP 	down: autoDraw = True
126.5250 	EXP 	center: autoDraw = False
126.5250 	EXP 	left: autoDraw = False
126.5250 	EXP 	right: autoDraw = False
126.5250 	EXP 	up: autoDraw = False
126.5250 	EXP 	down: autoDraw = False
126.5417 	EXP 	center: autoDraw = True
126.5417 	EXP 	left: autoDraw = True
126.5417 	EXP 	right: autoDraw = True
126.5417 	EXP 	up: autoDraw = True
126.5417 	EXP 	down: autoDraw = True
126.5417 	EXP 	center: autoDraw = False
126.5417 	EXP 	left: autoDraw = False
126.5417 	EXP 	right: autoDraw = False
126.5417 	EXP 	up: autoDraw = False
126.5417 	EXP 	down: autoDraw = False
126.5585 	EXP 	center: autoDraw = True
126.5585 	EXP 	left: autoDraw = True
126.5585 	EXP 	right: autoDraw = True
126.5585 	EXP 	up: autoDraw = True
126.5585 	EXP 	down: autoDraw = True
126.5585 	EXP 	center: autoDraw = False
126.5585 	EXP 	left: autoDraw = False
126.5585 	EXP 	right: autoDraw = False
126.5585 	EXP 	up: autoDraw = False
126.5585 	EXP 	down: autoDraw = False
126.5751 	EXP 	center: autoDraw = True
126.5751 	EXP 	left: autoDraw = True
126.5751 	EXP 	right: autoDraw = True
126.5751 	EXP 	up: autoDraw = True
126.5751 	EXP 	down: autoDraw = True
126.5751 	EXP 	center: autoDraw = False
126.5751 	EXP 	left: autoDraw = False
126.5751 	EXP 	right: autoDraw = False
126.5751 	EXP 	up: autoDraw = False
126.5751 	EXP 	down: autoDraw = False
126.5918 	EXP 	center: autoDraw = True
126.5918 	EXP 	left: autoDraw = True
126.5918 	EXP 	right: autoDraw = True
126.5918 	EXP 	up: autoDraw = True
126.5918 	EXP 	down: autoDraw = True
126.5918 	EXP 	center: autoDraw = False
126.5918 	EXP 	left: autoDraw = False
126.5918 	EXP 	right: autoDraw = False
126.5918 	EXP 	up: autoDraw = False
126.5918 	EXP 	down: autoDraw = False
126.6084 	EXP 	center: autoDraw = True
126.6084 	EXP 	left: autoDraw = True
126.6084 	EXP 	right: autoDraw = True
126.6084 	EXP 	up: autoDraw = True
126.6084 	EXP 	down: autoDraw = True
126.6084 	EXP 	center: autoDraw = False
126.6084 	EXP 	left: autoDraw = False
126.6084 	EXP 	right: autoDraw = False
126.6084 	EXP 	up: autoDraw = False
126.6084 	EXP 	down: autoDraw = False
126.6251 	EXP 	center: autoDraw = True
126.6251 	EXP 	left: autoDraw = True
126.6251 	EXP 	right: autoDraw = True
126.6251 	EXP 	up: autoDraw = True
126.6251 	EXP 	down: autoDraw = True
126.6251 	EXP 	center: autoDraw = False
126.6251 	EXP 	left: autoDraw = False
126.6251 	EXP 	right: autoDraw = False
126.6251 	EXP 	up: autoDraw = False
126.6251 	EXP 	down: autoDraw = False
126.6416 	EXP 	center: autoDraw = True
126.6416 	EXP 	left: autoDraw = True
126.6416 	EXP 	right: autoDraw = True
126.6416 	EXP 	up: autoDraw = True
126.6416 	EXP 	down: autoDraw = True
126.6416 	EXP 	center: autoDraw = False
126.6416 	EXP 	left: autoDraw = False
126.6416 	EXP 	right: autoDraw = False
126.6416 	EXP 	up: autoDraw = False
126.6416 	EXP 	down: autoDraw = False
126.6456 	DATA 	gazE | frame count: 1450
126.6466 	EXP 	Set  sound=./sound/close_speak.wav
126.6467 	EXP 	Set  sound=./sound/open_speak.wav
126.6498 	DATA 	oc_S | frame count: -1
126.6582 	EXP 	center: autoDraw = True
126.6582 	EXP 	left: autoDraw = True
126.6582 	EXP 	right: autoDraw = True
126.6582 	EXP 	up: autoDraw = True
126.6582 	EXP 	down: autoDraw = True
126.6582 	EXP 	center: autoDraw = False
126.6582 	EXP 	left: autoDraw = False
126.6582 	EXP 	right: autoDraw = False
126.6582 	EXP 	up: autoDraw = False
126.6582 	EXP 	down: autoDraw = False
126.6750 	EXP 	center: autoDraw = True
126.6750 	EXP 	left: autoDraw = True
126.6750 	EXP 	right: autoDraw = True
126.6750 	EXP 	up: autoDraw = True
126.6750 	EXP 	down: autoDraw = True
126.6916 	EXP 	center: autoDraw = True
126.6916 	EXP 	left: autoDraw = True
126.6916 	EXP 	right: autoDraw = True
126.6916 	EXP 	up: autoDraw = True
126.6916 	EXP 	down: autoDraw = True
126.7084 	EXP 	center: autoDraw = True
126.7084 	EXP 	left: autoDraw = True
126.7084 	EXP 	right: autoDraw = True
126.7084 	EXP 	up: autoDraw = True
126.7084 	EXP 	down: autoDraw = True
126.7244 	EXP 	center: autoDraw = True
126.7244 	EXP 	left: autoDraw = True
126.7244 	EXP 	right: autoDraw = True
126.7244 	EXP 	up: autoDraw = True
126.7244 	EXP 	down: autoDraw = True
126.7416 	EXP 	center: autoDraw = True
126.7416 	EXP 	left: autoDraw = True
126.7416 	EXP 	right: autoDraw = True
126.7416 	EXP 	up: autoDraw = True
126.7416 	EXP 	down: autoDraw = True
126.7585 	EXP 	center: autoDraw = True
126.7585 	EXP 	left: autoDraw = True
126.7585 	EXP 	right: autoDraw = True
126.7585 	EXP 	up: autoDraw = True
126.7585 	EXP 	down: autoDraw = True
126.7750 	EXP 	center: autoDraw = True
126.7750 	EXP 	left: autoDraw = True
126.7750 	EXP 	right: autoDraw = True
126.7750 	EXP 	up: autoDraw = True
126.7750 	EXP 	down: autoDraw = True
126.7919 	EXP 	center: autoDraw = True
126.7919 	EXP 	left: autoDraw = True
126.7919 	EXP 	right: autoDraw = True
126.7919 	EXP 	up: autoDraw = True
126.7919 	EXP 	down: autoDraw = True
126.8083 	EXP 	center: autoDraw = True
126.8083 	EXP 	left: autoDraw = True
126.8083 	EXP 	right: autoDraw = True
126.8083 	EXP 	up: autoDraw = True
126.8083 	EXP 	down: autoDraw = True
126.8251 	EXP 	center: autoDraw = True
126.8251 	EXP 	left: autoDraw = True
126.8251 	EXP 	right: autoDraw = True
126.8251 	EXP 	up: autoDraw = True
126.8251 	EXP 	down: autoDraw = True
126.8416 	EXP 	center: autoDraw = True
126.8416 	EXP 	left: autoDraw = True
126.8416 	EXP 	right: autoDraw = True
126.8416 	EXP 	up: autoDraw = True
126.8416 	EXP 	down: autoDraw = True
126.8585 	EXP 	center: autoDraw = True
126.8585 	EXP 	left: autoDraw = True
126.8585 	EXP 	right: autoDraw = True
126.8585 	EXP 	up: autoDraw = True
126.8585 	EXP 	down: autoDraw = True
126.8750 	EXP 	center: autoDraw = True
126.8750 	EXP 	left: autoDraw = True
126.8750 	EXP 	right: autoDraw = True
126.8750 	EXP 	up: autoDraw = True
126.8750 	EXP 	down: autoDraw = True
126.8918 	EXP 	center: autoDraw = True
126.8918 	EXP 	left: autoDraw = True
126.8918 	EXP 	right: autoDraw = True
126.8918 	EXP 	up: autoDraw = True
126.8918 	EXP 	down: autoDraw = True
126.9083 	EXP 	center: autoDraw = True
126.9083 	EXP 	left: autoDraw = True
126.9083 	EXP 	right: autoDraw = True
126.9083 	EXP 	up: autoDraw = True
126.9083 	EXP 	down: autoDraw = True
126.9251 	EXP 	center: autoDraw = True
126.9251 	EXP 	left: autoDraw = True
126.9251 	EXP 	right: autoDraw = True
126.9251 	EXP 	up: autoDraw = True
126.9251 	EXP 	down: autoDraw = True
126.9415 	EXP 	center: autoDraw = True
126.9415 	EXP 	left: autoDraw = True
126.9415 	EXP 	right: autoDraw = True
126.9415 	EXP 	up: autoDraw = True
126.9415 	EXP 	down: autoDraw = True
126.9583 	EXP 	center: autoDraw = True
126.9583 	EXP 	left: autoDraw = True
126.9583 	EXP 	right: autoDraw = True
126.9583 	EXP 	up: autoDraw = True
126.9583 	EXP 	down: autoDraw = True
126.9752 	EXP 	center: autoDraw = True
126.9752 	EXP 	left: autoDraw = True
126.9752 	EXP 	right: autoDraw = True
126.9752 	EXP 	up: autoDraw = True
126.9752 	EXP 	down: autoDraw = True
126.9914 	EXP 	center: autoDraw = True
126.9914 	EXP 	left: autoDraw = True
126.9914 	EXP 	right: autoDraw = True
126.9914 	EXP 	up: autoDraw = True
126.9914 	EXP 	down: autoDraw = True
127.0083 	EXP 	center: autoDraw = True
127.0083 	EXP 	left: autoDraw = True
127.0083 	EXP 	right: autoDraw = True
127.0083 	EXP 	up: autoDraw = True
127.0083 	EXP 	down: autoDraw = True
127.0250 	EXP 	center: autoDraw = True
127.0250 	EXP 	left: autoDraw = True
127.0250 	EXP 	right: autoDraw = True
127.0250 	EXP 	up: autoDraw = True
127.0250 	EXP 	down: autoDraw = True
127.0417 	EXP 	center: autoDraw = True
127.0417 	EXP 	left: autoDraw = True
127.0417 	EXP 	right: autoDraw = True
127.0417 	EXP 	up: autoDraw = True
127.0417 	EXP 	down: autoDraw = True
127.0585 	EXP 	center: autoDraw = True
127.0585 	EXP 	left: autoDraw = True
127.0585 	EXP 	right: autoDraw = True
127.0585 	EXP 	up: autoDraw = True
127.0585 	EXP 	down: autoDraw = True
127.0749 	EXP 	center: autoDraw = True
127.0749 	EXP 	left: autoDraw = True
127.0749 	EXP 	right: autoDraw = True
127.0749 	EXP 	up: autoDraw = True
127.0749 	EXP 	down: autoDraw = True
127.0917 	EXP 	center: autoDraw = True
127.0917 	EXP 	left: autoDraw = True
127.0917 	EXP 	right: autoDraw = True
127.0917 	EXP 	up: autoDraw = True
127.0917 	EXP 	down: autoDraw = True
127.1078 	EXP 	center: autoDraw = True
127.1078 	EXP 	left: autoDraw = True
127.1078 	EXP 	right: autoDraw = True
127.1078 	EXP 	up: autoDraw = True
127.1078 	EXP 	down: autoDraw = True
127.1249 	EXP 	center: autoDraw = True
127.1249 	EXP 	left: autoDraw = True
127.1249 	EXP 	right: autoDraw = True
127.1249 	EXP 	up: autoDraw = True
127.1249 	EXP 	down: autoDraw = True
127.1417 	EXP 	center: autoDraw = True
127.1417 	EXP 	left: autoDraw = True
127.1417 	EXP 	right: autoDraw = True
127.1417 	EXP 	up: autoDraw = True
127.1417 	EXP 	down: autoDraw = True
127.1584 	EXP 	center: autoDraw = True
127.1584 	EXP 	left: autoDraw = True
127.1584 	EXP 	right: autoDraw = True
127.1584 	EXP 	up: autoDraw = True
127.1584 	EXP 	down: autoDraw = True
127.1751 	EXP 	center: autoDraw = True
127.1751 	EXP 	left: autoDraw = True
127.1751 	EXP 	right: autoDraw = True
127.1751 	EXP 	up: autoDraw = True
127.1751 	EXP 	down: autoDraw = True
127.1916 	EXP 	center: autoDraw = True
127.1916 	EXP 	left: autoDraw = True
127.1916 	EXP 	right: autoDraw = True
127.1916 	EXP 	up: autoDraw = True
127.1916 	EXP 	down: autoDraw = True
127.2085 	EXP 	center: autoDraw = True
127.2085 	EXP 	left: autoDraw = True
127.2085 	EXP 	right: autoDraw = True
127.2085 	EXP 	up: autoDraw = True
127.2085 	EXP 	down: autoDraw = True
127.2249 	EXP 	center: autoDraw = True
127.2249 	EXP 	left: autoDraw = True
127.2249 	EXP 	right: autoDraw = True
127.2249 	EXP 	up: autoDraw = True
127.2249 	EXP 	down: autoDraw = True
127.2419 	EXP 	center: autoDraw = True
127.2419 	EXP 	left: autoDraw = True
127.2419 	EXP 	right: autoDraw = True
127.2419 	EXP 	up: autoDraw = True
127.2419 	EXP 	down: autoDraw = True
127.2582 	EXP 	center: autoDraw = True
127.2582 	EXP 	left: autoDraw = True
127.2582 	EXP 	right: autoDraw = True
127.2582 	EXP 	up: autoDraw = True
127.2582 	EXP 	down: autoDraw = True
127.2750 	EXP 	center: autoDraw = True
127.2750 	EXP 	left: autoDraw = True
127.2750 	EXP 	right: autoDraw = True
127.2750 	EXP 	up: autoDraw = True
127.2750 	EXP 	down: autoDraw = True
127.2919 	EXP 	center: autoDraw = True
127.2919 	EXP 	left: autoDraw = True
127.2919 	EXP 	right: autoDraw = True
127.2919 	EXP 	up: autoDraw = True
127.2919 	EXP 	down: autoDraw = True
127.3082 	EXP 	center: autoDraw = True
127.3082 	EXP 	left: autoDraw = True
127.3082 	EXP 	right: autoDraw = True
127.3082 	EXP 	up: autoDraw = True
127.3082 	EXP 	down: autoDraw = True
127.3249 	EXP 	center: autoDraw = True
127.3249 	EXP 	left: autoDraw = True
127.3249 	EXP 	right: autoDraw = True
127.3249 	EXP 	up: autoDraw = True
127.3249 	EXP 	down: autoDraw = True
127.3419 	EXP 	center: autoDraw = True
127.3419 	EXP 	left: autoDraw = True
127.3419 	EXP 	right: autoDraw = True
127.3419 	EXP 	up: autoDraw = True
127.3419 	EXP 	down: autoDraw = True
127.3582 	EXP 	center: autoDraw = True
127.3582 	EXP 	left: autoDraw = True
127.3582 	EXP 	right: autoDraw = True
127.3582 	EXP 	up: autoDraw = True
127.3582 	EXP 	down: autoDraw = True
127.3745 	EXP 	center: autoDraw = True
127.3745 	EXP 	left: autoDraw = True
127.3745 	EXP 	right: autoDraw = True
127.3745 	EXP 	up: autoDraw = True
127.3745 	EXP 	down: autoDraw = True
127.3915 	EXP 	center: autoDraw = True
127.3915 	EXP 	left: autoDraw = True
127.3915 	EXP 	right: autoDraw = True
127.3915 	EXP 	up: autoDraw = True
127.3915 	EXP 	down: autoDraw = True
127.4085 	EXP 	center: autoDraw = True
127.4085 	EXP 	left: autoDraw = True
127.4085 	EXP 	right: autoDraw = True
127.4085 	EXP 	up: autoDraw = True
127.4085 	EXP 	down: autoDraw = True
127.4250 	EXP 	center: autoDraw = True
127.4250 	EXP 	left: autoDraw = True
127.4250 	EXP 	right: autoDraw = True
127.4250 	EXP 	up: autoDraw = True
127.4250 	EXP 	down: autoDraw = True
127.4417 	EXP 	center: autoDraw = True
127.4417 	EXP 	left: autoDraw = True
127.4417 	EXP 	right: autoDraw = True
127.4417 	EXP 	up: autoDraw = True
127.4417 	EXP 	down: autoDraw = True
127.4583 	EXP 	center: autoDraw = True
127.4583 	EXP 	left: autoDraw = True
127.4583 	EXP 	right: autoDraw = True
127.4583 	EXP 	up: autoDraw = True
127.4583 	EXP 	down: autoDraw = True
127.4750 	EXP 	center: autoDraw = True
127.4750 	EXP 	left: autoDraw = True
127.4750 	EXP 	right: autoDraw = True
127.4750 	EXP 	up: autoDraw = True
127.4750 	EXP 	down: autoDraw = True
127.4918 	EXP 	center: autoDraw = True
127.4918 	EXP 	left: autoDraw = True
127.4918 	EXP 	right: autoDraw = True
127.4918 	EXP 	up: autoDraw = True
127.4918 	EXP 	down: autoDraw = True
127.5082 	EXP 	center: autoDraw = True
127.5082 	EXP 	left: autoDraw = True
127.5082 	EXP 	right: autoDraw = True
127.5082 	EXP 	up: autoDraw = True
127.5082 	EXP 	down: autoDraw = True
127.5250 	EXP 	center: autoDraw = True
127.5250 	EXP 	left: autoDraw = True
127.5250 	EXP 	right: autoDraw = True
127.5250 	EXP 	up: autoDraw = True
127.5250 	EXP 	down: autoDraw = True
127.5418 	EXP 	center: autoDraw = True
127.5418 	EXP 	left: autoDraw = True
127.5418 	EXP 	right: autoDraw = True
127.5418 	EXP 	up: autoDraw = True
127.5418 	EXP 	down: autoDraw = True
127.5584 	EXP 	center: autoDraw = True
127.5584 	EXP 	left: autoDraw = True
127.5584 	EXP 	right: autoDraw = True
127.5584 	EXP 	up: autoDraw = True
127.5584 	EXP 	down: autoDraw = True
127.5749 	EXP 	center: autoDraw = True
127.5749 	EXP 	left: autoDraw = True
127.5749 	EXP 	right: autoDraw = True
127.5749 	EXP 	up: autoDraw = True
127.5749 	EXP 	down: autoDraw = True
127.5917 	EXP 	center: autoDraw = True
127.5917 	EXP 	left: autoDraw = True
127.5917 	EXP 	right: autoDraw = True
127.5917 	EXP 	up: autoDraw = True
127.5917 	EXP 	down: autoDraw = True
127.6085 	EXP 	center: autoDraw = True
127.6085 	EXP 	left: autoDraw = True
127.6085 	EXP 	right: autoDraw = True
127.6085 	EXP 	up: autoDraw = True
127.6085 	EXP 	down: autoDraw = True
127.6249 	EXP 	center: autoDraw = True
127.6249 	EXP 	left: autoDraw = True
127.6249 	EXP 	right: autoDraw = True
127.6249 	EXP 	up: autoDraw = True
127.6249 	EXP 	down: autoDraw = True
127.6417 	EXP 	center: autoDraw = True
127.6417 	EXP 	left: autoDraw = True
127.6417 	EXP 	right: autoDraw = True
127.6417 	EXP 	up: autoDraw = True
127.6417 	EXP 	down: autoDraw = True
127.6586 	EXP 	center: autoDraw = True
127.6586 	EXP 	left: autoDraw = True
127.6586 	EXP 	right: autoDraw = True
127.6586 	EXP 	up: autoDraw = True
127.6586 	EXP 	down: autoDraw = True
127.6749 	EXP 	center: autoDraw = True
127.6749 	EXP 	left: autoDraw = True
127.6749 	EXP 	right: autoDraw = True
127.6749 	EXP 	up: autoDraw = True
127.6749 	EXP 	down: autoDraw = True
127.6917 	EXP 	center: autoDraw = True
127.6917 	EXP 	left: autoDraw = True
127.6917 	EXP 	right: autoDraw = True
127.6917 	EXP 	up: autoDraw = True
127.6917 	EXP 	down: autoDraw = True
127.7079 	EXP 	center: autoDraw = True
127.7079 	EXP 	left: autoDraw = True
127.7079 	EXP 	right: autoDraw = True
127.7079 	EXP 	up: autoDraw = True
127.7079 	EXP 	down: autoDraw = True
127.7249 	EXP 	center: autoDraw = True
127.7249 	EXP 	left: autoDraw = True
127.7249 	EXP 	right: autoDraw = True
127.7249 	EXP 	up: autoDraw = True
127.7249 	EXP 	down: autoDraw = True
127.7415 	EXP 	center: autoDraw = True
127.7415 	EXP 	left: autoDraw = True
127.7415 	EXP 	right: autoDraw = True
127.7415 	EXP 	up: autoDraw = True
127.7415 	EXP 	down: autoDraw = True
127.7577 	EXP 	center: autoDraw = True
127.7577 	EXP 	left: autoDraw = True
127.7577 	EXP 	right: autoDraw = True
127.7577 	EXP 	up: autoDraw = True
127.7577 	EXP 	down: autoDraw = True
127.7749 	EXP 	center: autoDraw = True
127.7749 	EXP 	left: autoDraw = True
127.7749 	EXP 	right: autoDraw = True
127.7749 	EXP 	up: autoDraw = True
127.7749 	EXP 	down: autoDraw = True
127.7917 	EXP 	center: autoDraw = True
127.7917 	EXP 	left: autoDraw = True
127.7917 	EXP 	right: autoDraw = True
127.7917 	EXP 	up: autoDraw = True
127.7917 	EXP 	down: autoDraw = True
127.8085 	EXP 	center: autoDraw = True
127.8085 	EXP 	left: autoDraw = True
127.8085 	EXP 	right: autoDraw = True
127.8085 	EXP 	up: autoDraw = True
127.8085 	EXP 	down: autoDraw = True
127.8249 	EXP 	center: autoDraw = True
127.8249 	EXP 	left: autoDraw = True
127.8249 	EXP 	right: autoDraw = True
127.8249 	EXP 	up: autoDraw = True
127.8249 	EXP 	down: autoDraw = True
127.8417 	EXP 	center: autoDraw = True
127.8417 	EXP 	left: autoDraw = True
127.8417 	EXP 	right: autoDraw = True
127.8417 	EXP 	up: autoDraw = True
127.8417 	EXP 	down: autoDraw = True
127.8583 	EXP 	center: autoDraw = True
127.8583 	EXP 	left: autoDraw = True
127.8583 	EXP 	right: autoDraw = True
127.8583 	EXP 	up: autoDraw = True
127.8583 	EXP 	down: autoDraw = True
127.8750 	EXP 	center: autoDraw = True
127.8750 	EXP 	left: autoDraw = True
127.8750 	EXP 	right: autoDraw = True
127.8750 	EXP 	up: autoDraw = True
127.8750 	EXP 	down: autoDraw = True
127.8919 	EXP 	center: autoDraw = True
127.8919 	EXP 	left: autoDraw = True
127.8919 	EXP 	right: autoDraw = True
127.8919 	EXP 	up: autoDraw = True
127.8919 	EXP 	down: autoDraw = True
127.9082 	EXP 	center: autoDraw = True
127.9082 	EXP 	left: autoDraw = True
127.9082 	EXP 	right: autoDraw = True
127.9082 	EXP 	up: autoDraw = True
127.9082 	EXP 	down: autoDraw = True
127.9250 	EXP 	center: autoDraw = True
127.9250 	EXP 	left: autoDraw = True
127.9250 	EXP 	right: autoDraw = True
127.9250 	EXP 	up: autoDraw = True
127.9250 	EXP 	down: autoDraw = True
127.9417 	EXP 	center: autoDraw = True
127.9417 	EXP 	left: autoDraw = True
127.9417 	EXP 	right: autoDraw = True
127.9417 	EXP 	up: autoDraw = True
127.9417 	EXP 	down: autoDraw = True
127.9581 	EXP 	center: autoDraw = True
127.9581 	EXP 	left: autoDraw = True
127.9581 	EXP 	right: autoDraw = True
127.9581 	EXP 	up: autoDraw = True
127.9581 	EXP 	down: autoDraw = True
127.9750 	EXP 	center: autoDraw = True
127.9750 	EXP 	left: autoDraw = True
127.9750 	EXP 	right: autoDraw = True
127.9750 	EXP 	up: autoDraw = True
127.9750 	EXP 	down: autoDraw = True
127.9913 	EXP 	center: autoDraw = True
127.9913 	EXP 	left: autoDraw = True
127.9913 	EXP 	right: autoDraw = True
127.9913 	EXP 	up: autoDraw = True
127.9913 	EXP 	down: autoDraw = True
128.0084 	EXP 	center: autoDraw = True
128.0084 	EXP 	left: autoDraw = True
128.0084 	EXP 	right: autoDraw = True
128.0084 	EXP 	up: autoDraw = True
128.0084 	EXP 	down: autoDraw = True
128.0246 	EXP 	center: autoDraw = True
128.0246 	EXP 	left: autoDraw = True
128.0246 	EXP 	right: autoDraw = True
128.0246 	EXP 	up: autoDraw = True
128.0246 	EXP 	down: autoDraw = True
128.0416 	EXP 	center: autoDraw = True
128.0416 	EXP 	left: autoDraw = True
128.0416 	EXP 	right: autoDraw = True
128.0416 	EXP 	up: autoDraw = True
128.0416 	EXP 	down: autoDraw = True
128.0584 	EXP 	center: autoDraw = True
128.0584 	EXP 	left: autoDraw = True
128.0584 	EXP 	right: autoDraw = True
128.0584 	EXP 	up: autoDraw = True
128.0584 	EXP 	down: autoDraw = True
128.0745 	EXP 	center: autoDraw = True
128.0745 	EXP 	left: autoDraw = True
128.0745 	EXP 	right: autoDraw = True
128.0745 	EXP 	up: autoDraw = True
128.0745 	EXP 	down: autoDraw = True
128.0915 	EXP 	center: autoDraw = True
128.0915 	EXP 	left: autoDraw = True
128.0915 	EXP 	right: autoDraw = True
128.0915 	EXP 	up: autoDraw = True
128.0915 	EXP 	down: autoDraw = True
128.1084 	EXP 	center: autoDraw = True
128.1084 	EXP 	left: autoDraw = True
128.1084 	EXP 	right: autoDraw = True
128.1084 	EXP 	up: autoDraw = True
128.1084 	EXP 	down: autoDraw = True
128.1251 	EXP 	center: autoDraw = True
128.1251 	EXP 	left: autoDraw = True
128.1251 	EXP 	right: autoDraw = True
128.1251 	EXP 	up: autoDraw = True
128.1251 	EXP 	down: autoDraw = True
128.1408 	EXP 	center: autoDraw = True
128.1408 	EXP 	left: autoDraw = True
128.1408 	EXP 	right: autoDraw = True
128.1408 	EXP 	up: autoDraw = True
128.1408 	EXP 	down: autoDraw = True
128.1582 	EXP 	center: autoDraw = True
128.1582 	EXP 	left: autoDraw = True
128.1582 	EXP 	right: autoDraw = True
128.1582 	EXP 	up: autoDraw = True
128.1582 	EXP 	down: autoDraw = True
128.1751 	EXP 	center: autoDraw = True
128.1751 	EXP 	left: autoDraw = True
128.1751 	EXP 	right: autoDraw = True
128.1751 	EXP 	up: autoDraw = True
128.1751 	EXP 	down: autoDraw = True
128.1918 	EXP 	center: autoDraw = True
128.1918 	EXP 	left: autoDraw = True
128.1918 	EXP 	right: autoDraw = True
128.1918 	EXP 	up: autoDraw = True
128.1918 	EXP 	down: autoDraw = True
128.2083 	EXP 	center: autoDraw = True
128.2083 	EXP 	left: autoDraw = True
128.2083 	EXP 	right: autoDraw = True
128.2083 	EXP 	up: autoDraw = True
128.2083 	EXP 	down: autoDraw = True
128.2251 	EXP 	center: autoDraw = True
128.2251 	EXP 	left: autoDraw = True
128.2251 	EXP 	right: autoDraw = True
128.2251 	EXP 	up: autoDraw = True
128.2251 	EXP 	down: autoDraw = True
128.2415 	EXP 	center: autoDraw = True
128.2415 	EXP 	left: autoDraw = True
128.2415 	EXP 	right: autoDraw = True
128.2415 	EXP 	up: autoDraw = True
128.2415 	EXP 	down: autoDraw = True
128.2583 	EXP 	center: autoDraw = True
128.2583 	EXP 	left: autoDraw = True
128.2583 	EXP 	right: autoDraw = True
128.2583 	EXP 	up: autoDraw = True
128.2583 	EXP 	down: autoDraw = True
128.2750 	EXP 	center: autoDraw = True
128.2750 	EXP 	left: autoDraw = True
128.2750 	EXP 	right: autoDraw = True
128.2750 	EXP 	up: autoDraw = True
128.2750 	EXP 	down: autoDraw = True
128.2917 	EXP 	center: autoDraw = True
128.2917 	EXP 	left: autoDraw = True
128.2917 	EXP 	right: autoDraw = True
128.2917 	EXP 	up: autoDraw = True
128.2917 	EXP 	down: autoDraw = True
128.3085 	EXP 	center: autoDraw = True
128.3085 	EXP 	left: autoDraw = True
128.3085 	EXP 	right: autoDraw = True
128.3085 	EXP 	up: autoDraw = True
128.3085 	EXP 	down: autoDraw = True
128.3246 	EXP 	center: autoDraw = True
128.3246 	EXP 	left: autoDraw = True
128.3246 	EXP 	right: autoDraw = True
128.3246 	EXP 	up: autoDraw = True
128.3246 	EXP 	down: autoDraw = True
128.3417 	EXP 	center: autoDraw = True
128.3417 	EXP 	left: autoDraw = True
128.3417 	EXP 	right: autoDraw = True
128.3417 	EXP 	up: autoDraw = True
128.3417 	EXP 	down: autoDraw = True
128.3585 	EXP 	center: autoDraw = True
128.3585 	EXP 	left: autoDraw = True
128.3585 	EXP 	right: autoDraw = True
128.3585 	EXP 	up: autoDraw = True
128.3585 	EXP 	down: autoDraw = True
128.3748 	EXP 	center: autoDraw = True
128.3748 	EXP 	left: autoDraw = True
128.3748 	EXP 	right: autoDraw = True
128.3748 	EXP 	up: autoDraw = True
128.3748 	EXP 	down: autoDraw = True
128.3917 	EXP 	center: autoDraw = True
128.3917 	EXP 	left: autoDraw = True
128.3917 	EXP 	right: autoDraw = True
128.3917 	EXP 	up: autoDraw = True
128.3917 	EXP 	down: autoDraw = True
128.4079 	EXP 	center: autoDraw = True
128.4079 	EXP 	left: autoDraw = True
128.4079 	EXP 	right: autoDraw = True
128.4079 	EXP 	up: autoDraw = True
128.4079 	EXP 	down: autoDraw = True
128.4248 	EXP 	center: autoDraw = True
128.4248 	EXP 	left: autoDraw = True
128.4248 	EXP 	right: autoDraw = True
128.4248 	EXP 	up: autoDraw = True
128.4248 	EXP 	down: autoDraw = True
128.4417 	EXP 	center: autoDraw = True
128.4417 	EXP 	left: autoDraw = True
128.4417 	EXP 	right: autoDraw = True
128.4417 	EXP 	up: autoDraw = True
128.4417 	EXP 	down: autoDraw = True
128.4583 	EXP 	center: autoDraw = True
128.4583 	EXP 	left: autoDraw = True
128.4583 	EXP 	right: autoDraw = True
128.4583 	EXP 	up: autoDraw = True
128.4583 	EXP 	down: autoDraw = True
128.4751 	EXP 	center: autoDraw = True
128.4751 	EXP 	left: autoDraw = True
128.4751 	EXP 	right: autoDraw = True
128.4751 	EXP 	up: autoDraw = True
128.4751 	EXP 	down: autoDraw = True
128.4915 	EXP 	center: autoDraw = True
128.4915 	EXP 	left: autoDraw = True
128.4915 	EXP 	right: autoDraw = True
128.4915 	EXP 	up: autoDraw = True
128.4915 	EXP 	down: autoDraw = True
128.5082 	EXP 	center: autoDraw = True
128.5082 	EXP 	left: autoDraw = True
128.5082 	EXP 	right: autoDraw = True
128.5082 	EXP 	up: autoDraw = True
128.5082 	EXP 	down: autoDraw = True
128.5251 	EXP 	center: autoDraw = True
128.5251 	EXP 	left: autoDraw = True
128.5251 	EXP 	right: autoDraw = True
128.5251 	EXP 	up: autoDraw = True
128.5251 	EXP 	down: autoDraw = True
128.5414 	EXP 	center: autoDraw = True
128.5414 	EXP 	left: autoDraw = True
128.5414 	EXP 	right: autoDraw = True
128.5414 	EXP 	up: autoDraw = True
128.5414 	EXP 	down: autoDraw = True
128.5581 	EXP 	center: autoDraw = True
128.5581 	EXP 	left: autoDraw = True
128.5581 	EXP 	right: autoDraw = True
128.5581 	EXP 	up: autoDraw = True
128.5581 	EXP 	down: autoDraw = True
128.5749 	EXP 	center: autoDraw = True
128.5749 	EXP 	left: autoDraw = True
128.5749 	EXP 	right: autoDraw = True
128.5749 	EXP 	up: autoDraw = True
128.5749 	EXP 	down: autoDraw = True
128.5917 	EXP 	center: autoDraw = True
128.5917 	EXP 	left: autoDraw = True
128.5917 	EXP 	right: autoDraw = True
128.5917 	EXP 	up: autoDraw = True
128.5917 	EXP 	down: autoDraw = True
128.6081 	EXP 	center: autoDraw = True
128.6081 	EXP 	left: autoDraw = True
128.6081 	EXP 	right: autoDraw = True
128.6081 	EXP 	up: autoDraw = True
128.6081 	EXP 	down: autoDraw = True
128.6249 	EXP 	center: autoDraw = True
128.6249 	EXP 	left: autoDraw = True
128.6249 	EXP 	right: autoDraw = True
128.6249 	EXP 	up: autoDraw = True
128.6249 	EXP 	down: autoDraw = True
128.6418 	EXP 	center: autoDraw = True
128.6418 	EXP 	left: autoDraw = True
128.6418 	EXP 	right: autoDraw = True
128.6418 	EXP 	up: autoDraw = True
128.6418 	EXP 	down: autoDraw = True
128.6420 	EXP 	Sound  started
128.6450 	DATA 	sclo | frame count: 120
128.6582 	EXP 	center: autoDraw = True
128.6582 	EXP 	left: autoDraw = True
128.6582 	EXP 	right: autoDraw = True
128.6582 	EXP 	up: autoDraw = True
128.6582 	EXP 	down: autoDraw = True
128.6748 	EXP 	center: autoDraw = True
128.6748 	EXP 	left: autoDraw = True
128.6748 	EXP 	right: autoDraw = True
128.6748 	EXP 	up: autoDraw = True
128.6748 	EXP 	down: autoDraw = True
128.6915 	EXP 	center: autoDraw = True
128.6915 	EXP 	left: autoDraw = True
128.6915 	EXP 	right: autoDraw = True
128.6915 	EXP 	up: autoDraw = True
128.6915 	EXP 	down: autoDraw = True
128.7082 	EXP 	center: autoDraw = True
128.7082 	EXP 	left: autoDraw = True
128.7082 	EXP 	right: autoDraw = True
128.7082 	EXP 	up: autoDraw = True
128.7082 	EXP 	down: autoDraw = True
128.7250 	EXP 	center: autoDraw = True
128.7250 	EXP 	left: autoDraw = True
128.7250 	EXP 	right: autoDraw = True
128.7250 	EXP 	up: autoDraw = True
128.7250 	EXP 	down: autoDraw = True
128.7415 	EXP 	center: autoDraw = True
128.7415 	EXP 	left: autoDraw = True
128.7415 	EXP 	right: autoDraw = True
128.7415 	EXP 	up: autoDraw = True
128.7415 	EXP 	down: autoDraw = True
128.7584 	EXP 	center: autoDraw = True
128.7584 	EXP 	left: autoDraw = True
128.7584 	EXP 	right: autoDraw = True
128.7584 	EXP 	up: autoDraw = True
128.7584 	EXP 	down: autoDraw = True
128.7748 	EXP 	center: autoDraw = True
128.7748 	EXP 	left: autoDraw = True
128.7748 	EXP 	right: autoDraw = True
128.7748 	EXP 	up: autoDraw = True
128.7748 	EXP 	down: autoDraw = True
128.7910 	EXP 	center: autoDraw = True
128.7910 	EXP 	left: autoDraw = True
128.7910 	EXP 	right: autoDraw = True
128.7910 	EXP 	up: autoDraw = True
128.7910 	EXP 	down: autoDraw = True
128.8082 	EXP 	center: autoDraw = True
128.8082 	EXP 	left: autoDraw = True
128.8082 	EXP 	right: autoDraw = True
128.8082 	EXP 	up: autoDraw = True
128.8082 	EXP 	down: autoDraw = True
128.8251 	EXP 	center: autoDraw = True
128.8251 	EXP 	left: autoDraw = True
128.8251 	EXP 	right: autoDraw = True
128.8251 	EXP 	up: autoDraw = True
128.8251 	EXP 	down: autoDraw = True
128.8415 	EXP 	center: autoDraw = True
128.8415 	EXP 	left: autoDraw = True
128.8415 	EXP 	right: autoDraw = True
128.8415 	EXP 	up: autoDraw = True
128.8415 	EXP 	down: autoDraw = True
128.8582 	EXP 	center: autoDraw = True
128.8582 	EXP 	left: autoDraw = True
128.8582 	EXP 	right: autoDraw = True
128.8582 	EXP 	up: autoDraw = True
128.8582 	EXP 	down: autoDraw = True
128.8752 	EXP 	center: autoDraw = True
128.8752 	EXP 	left: autoDraw = True
128.8752 	EXP 	right: autoDraw = True
128.8752 	EXP 	up: autoDraw = True
128.8752 	EXP 	down: autoDraw = True
128.8914 	EXP 	center: autoDraw = True
128.8914 	EXP 	left: autoDraw = True
128.8914 	EXP 	right: autoDraw = True
128.8914 	EXP 	up: autoDraw = True
128.8914 	EXP 	down: autoDraw = True
128.9082 	EXP 	center: autoDraw = True
128.9082 	EXP 	left: autoDraw = True
128.9082 	EXP 	right: autoDraw = True
128.9082 	EXP 	up: autoDraw = True
128.9082 	EXP 	down: autoDraw = True
128.9249 	EXP 	center: autoDraw = True
128.9249 	EXP 	left: autoDraw = True
128.9249 	EXP 	right: autoDraw = True
128.9249 	EXP 	up: autoDraw = True
128.9249 	EXP 	down: autoDraw = True
128.9416 	EXP 	center: autoDraw = True
128.9416 	EXP 	left: autoDraw = True
128.9416 	EXP 	right: autoDraw = True
128.9416 	EXP 	up: autoDraw = True
128.9416 	EXP 	down: autoDraw = True
128.9582 	EXP 	center: autoDraw = True
128.9582 	EXP 	left: autoDraw = True
128.9582 	EXP 	right: autoDraw = True
128.9582 	EXP 	up: autoDraw = True
128.9582 	EXP 	down: autoDraw = True
128.9749 	EXP 	center: autoDraw = True
128.9749 	EXP 	left: autoDraw = True
128.9749 	EXP 	right: autoDraw = True
128.9749 	EXP 	up: autoDraw = True
128.9749 	EXP 	down: autoDraw = True
128.9917 	EXP 	center: autoDraw = True
128.9917 	EXP 	left: autoDraw = True
128.9917 	EXP 	right: autoDraw = True
128.9917 	EXP 	up: autoDraw = True
128.9917 	EXP 	down: autoDraw = True
129.0081 	EXP 	center: autoDraw = True
129.0081 	EXP 	left: autoDraw = True
129.0081 	EXP 	right: autoDraw = True
129.0081 	EXP 	up: autoDraw = True
129.0081 	EXP 	down: autoDraw = True
129.0248 	EXP 	center: autoDraw = True
129.0248 	EXP 	left: autoDraw = True
129.0248 	EXP 	right: autoDraw = True
129.0248 	EXP 	up: autoDraw = True
129.0248 	EXP 	down: autoDraw = True
129.0416 	EXP 	center: autoDraw = True
129.0416 	EXP 	left: autoDraw = True
129.0416 	EXP 	right: autoDraw = True
129.0416 	EXP 	up: autoDraw = True
129.0416 	EXP 	down: autoDraw = True
129.0580 	EXP 	center: autoDraw = True
129.0580 	EXP 	left: autoDraw = True
129.0580 	EXP 	right: autoDraw = True
129.0580 	EXP 	up: autoDraw = True
129.0580 	EXP 	down: autoDraw = True
129.0748 	EXP 	center: autoDraw = True
129.0748 	EXP 	left: autoDraw = True
129.0748 	EXP 	right: autoDraw = True
129.0748 	EXP 	up: autoDraw = True
129.0748 	EXP 	down: autoDraw = True
129.0917 	EXP 	center: autoDraw = True
129.0917 	EXP 	left: autoDraw = True
129.0917 	EXP 	right: autoDraw = True
129.0917 	EXP 	up: autoDraw = True
129.0917 	EXP 	down: autoDraw = True
129.1084 	EXP 	center: autoDraw = True
129.1084 	EXP 	left: autoDraw = True
129.1084 	EXP 	right: autoDraw = True
129.1084 	EXP 	up: autoDraw = True
129.1084 	EXP 	down: autoDraw = True
129.1248 	EXP 	center: autoDraw = True
129.1248 	EXP 	left: autoDraw = True
129.1248 	EXP 	right: autoDraw = True
129.1248 	EXP 	up: autoDraw = True
129.1248 	EXP 	down: autoDraw = True
129.1417 	EXP 	center: autoDraw = True
129.1417 	EXP 	left: autoDraw = True
129.1417 	EXP 	right: autoDraw = True
129.1417 	EXP 	up: autoDraw = True
129.1417 	EXP 	down: autoDraw = True
129.1419 	DATA 	wsqS
129.1581 	EXP 	center: autoDraw = True
129.1581 	EXP 	left: autoDraw = True
129.1581 	EXP 	right: autoDraw = True
129.1581 	EXP 	up: autoDraw = True
129.1581 	EXP 	down: autoDraw = True
129.1581 	EXP 	whitesquare: autoDraw = True
129.1741 	EXP 	center: autoDraw = True
129.1741 	EXP 	left: autoDraw = True
129.1741 	EXP 	right: autoDraw = True
129.1741 	EXP 	up: autoDraw = True
129.1741 	EXP 	down: autoDraw = True
129.1741 	EXP 	whitesquare: autoDraw = False
129.1914 	EXP 	center: autoDraw = True
129.1914 	EXP 	left: autoDraw = True
129.1914 	EXP 	right: autoDraw = True
129.1914 	EXP 	up: autoDraw = True
129.1914 	EXP 	down: autoDraw = True
129.2082 	EXP 	center: autoDraw = True
129.2082 	EXP 	left: autoDraw = True
129.2082 	EXP 	right: autoDraw = True
129.2082 	EXP 	up: autoDraw = True
129.2082 	EXP 	down: autoDraw = True
129.2251 	EXP 	center: autoDraw = True
129.2251 	EXP 	left: autoDraw = True
129.2251 	EXP 	right: autoDraw = True
129.2251 	EXP 	up: autoDraw = True
129.2251 	EXP 	down: autoDraw = True
129.2414 	EXP 	center: autoDraw = True
129.2414 	EXP 	left: autoDraw = True
129.2414 	EXP 	right: autoDraw = True
129.2414 	EXP 	up: autoDraw = True
129.2414 	EXP 	down: autoDraw = True
129.2583 	EXP 	center: autoDraw = True
129.2583 	EXP 	left: autoDraw = True
129.2583 	EXP 	right: autoDraw = True
129.2583 	EXP 	up: autoDraw = True
129.2583 	EXP 	down: autoDraw = True
129.2750 	EXP 	center: autoDraw = True
129.2750 	EXP 	left: autoDraw = True
129.2750 	EXP 	right: autoDraw = True
129.2750 	EXP 	up: autoDraw = True
129.2750 	EXP 	down: autoDraw = True
129.2915 	EXP 	center: autoDraw = True
129.2915 	EXP 	left: autoDraw = True
129.2915 	EXP 	right: autoDraw = True
129.2915 	EXP 	up: autoDraw = True
129.2915 	EXP 	down: autoDraw = True
129.3082 	EXP 	center: autoDraw = True
129.3082 	EXP 	left: autoDraw = True
129.3082 	EXP 	right: autoDraw = True
129.3082 	EXP 	up: autoDraw = True
129.3082 	EXP 	down: autoDraw = True
129.3249 	EXP 	center: autoDraw = True
129.3249 	EXP 	left: autoDraw = True
129.3249 	EXP 	right: autoDraw = True
129.3249 	EXP 	up: autoDraw = True
129.3249 	EXP 	down: autoDraw = True
129.3414 	EXP 	center: autoDraw = True
129.3414 	EXP 	left: autoDraw = True
129.3414 	EXP 	right: autoDraw = True
129.3414 	EXP 	up: autoDraw = True
129.3414 	EXP 	down: autoDraw = True
129.3583 	EXP 	center: autoDraw = True
129.3583 	EXP 	left: autoDraw = True
129.3583 	EXP 	right: autoDraw = True
129.3583 	EXP 	up: autoDraw = True
129.3583 	EXP 	down: autoDraw = True
129.3747 	EXP 	center: autoDraw = True
129.3747 	EXP 	left: autoDraw = True
129.3747 	EXP 	right: autoDraw = True
129.3747 	EXP 	up: autoDraw = True
129.3747 	EXP 	down: autoDraw = True
129.3914 	EXP 	center: autoDraw = True
129.3914 	EXP 	left: autoDraw = True
129.3914 	EXP 	right: autoDraw = True
129.3914 	EXP 	up: autoDraw = True
129.3914 	EXP 	down: autoDraw = True
129.4083 	EXP 	center: autoDraw = True
129.4083 	EXP 	left: autoDraw = True
129.4083 	EXP 	right: autoDraw = True
129.4083 	EXP 	up: autoDraw = True
129.4083 	EXP 	down: autoDraw = True
129.4247 	EXP 	center: autoDraw = True
129.4247 	EXP 	left: autoDraw = True
129.4247 	EXP 	right: autoDraw = True
129.4247 	EXP 	up: autoDraw = True
129.4247 	EXP 	down: autoDraw = True
129.4411 	EXP 	center: autoDraw = True
129.4411 	EXP 	left: autoDraw = True
129.4411 	EXP 	right: autoDraw = True
129.4411 	EXP 	up: autoDraw = True
129.4411 	EXP 	down: autoDraw = True
129.4581 	EXP 	center: autoDraw = True
129.4581 	EXP 	left: autoDraw = True
129.4581 	EXP 	right: autoDraw = True
129.4581 	EXP 	up: autoDraw = True
129.4581 	EXP 	down: autoDraw = True
129.4748 	EXP 	center: autoDraw = True
129.4748 	EXP 	left: autoDraw = True
129.4748 	EXP 	right: autoDraw = True
129.4748 	EXP 	up: autoDraw = True
129.4748 	EXP 	down: autoDraw = True
129.4915 	EXP 	center: autoDraw = True
129.4915 	EXP 	left: autoDraw = True
129.4915 	EXP 	right: autoDraw = True
129.4915 	EXP 	up: autoDraw = True
129.4915 	EXP 	down: autoDraw = True
129.5082 	EXP 	center: autoDraw = True
129.5082 	EXP 	left: autoDraw = True
129.5082 	EXP 	right: autoDraw = True
129.5082 	EXP 	up: autoDraw = True
129.5082 	EXP 	down: autoDraw = True
129.5247 	EXP 	center: autoDraw = True
129.5247 	EXP 	left: autoDraw = True
129.5247 	EXP 	right: autoDraw = True
129.5247 	EXP 	up: autoDraw = True
129.5247 	EXP 	down: autoDraw = True
129.5415 	EXP 	center: autoDraw = True
129.5415 	EXP 	left: autoDraw = True
129.5415 	EXP 	right: autoDraw = True
129.5415 	EXP 	up: autoDraw = True
129.5415 	EXP 	down: autoDraw = True
129.5585 	EXP 	center: autoDraw = True
129.5585 	EXP 	left: autoDraw = True
129.5585 	EXP 	right: autoDraw = True
129.5585 	EXP 	up: autoDraw = True
129.5585 	EXP 	down: autoDraw = True
129.5747 	EXP 	center: autoDraw = True
129.5747 	EXP 	left: autoDraw = True
129.5747 	EXP 	right: autoDraw = True
129.5747 	EXP 	up: autoDraw = True
129.5747 	EXP 	down: autoDraw = True
129.5915 	EXP 	center: autoDraw = True
129.5915 	EXP 	left: autoDraw = True
129.5915 	EXP 	right: autoDraw = True
129.5915 	EXP 	up: autoDraw = True
129.5915 	EXP 	down: autoDraw = True
129.6083 	EXP 	center: autoDraw = True
129.6083 	EXP 	left: autoDraw = True
129.6083 	EXP 	right: autoDraw = True
129.6083 	EXP 	up: autoDraw = True
129.6083 	EXP 	down: autoDraw = True
129.6250 	EXP 	center: autoDraw = True
129.6250 	EXP 	left: autoDraw = True
129.6250 	EXP 	right: autoDraw = True
129.6250 	EXP 	up: autoDraw = True
129.6250 	EXP 	down: autoDraw = True
129.6413 	EXP 	center: autoDraw = True
129.6413 	EXP 	left: autoDraw = True
129.6413 	EXP 	right: autoDraw = True
129.6413 	EXP 	up: autoDraw = True
129.6413 	EXP 	down: autoDraw = True
129.6580 	EXP 	center: autoDraw = True
129.6580 	EXP 	left: autoDraw = True
129.6580 	EXP 	right: autoDraw = True
129.6580 	EXP 	up: autoDraw = True
129.6580 	EXP 	down: autoDraw = True
129.6749 	EXP 	center: autoDraw = True
129.6749 	EXP 	left: autoDraw = True
129.6749 	EXP 	right: autoDraw = True
129.6749 	EXP 	up: autoDraw = True
129.6749 	EXP 	down: autoDraw = True
129.6917 	EXP 	center: autoDraw = True
129.6917 	EXP 	left: autoDraw = True
129.6917 	EXP 	right: autoDraw = True
129.6917 	EXP 	up: autoDraw = True
129.6917 	EXP 	down: autoDraw = True
129.7080 	EXP 	center: autoDraw = True
129.7080 	EXP 	left: autoDraw = True
129.7080 	EXP 	right: autoDraw = True
129.7080 	EXP 	up: autoDraw = True
129.7080 	EXP 	down: autoDraw = True
129.7248 	EXP 	center: autoDraw = True
129.7248 	EXP 	left: autoDraw = True
129.7248 	EXP 	right: autoDraw = True
129.7248 	EXP 	up: autoDraw = True
129.7248 	EXP 	down: autoDraw = True
129.7416 	EXP 	center: autoDraw = True
129.7416 	EXP 	left: autoDraw = True
129.7416 	EXP 	right: autoDraw = True
129.7416 	EXP 	up: autoDraw = True
129.7416 	EXP 	down: autoDraw = True
129.7581 	EXP 	center: autoDraw = True
129.7581 	EXP 	left: autoDraw = True
129.7581 	EXP 	right: autoDraw = True
129.7581 	EXP 	up: autoDraw = True
129.7581 	EXP 	down: autoDraw = True
129.7748 	EXP 	center: autoDraw = True
129.7748 	EXP 	left: autoDraw = True
129.7748 	EXP 	right: autoDraw = True
129.7748 	EXP 	up: autoDraw = True
129.7748 	EXP 	down: autoDraw = True
129.7914 	EXP 	center: autoDraw = True
129.7914 	EXP 	left: autoDraw = True
129.7914 	EXP 	right: autoDraw = True
129.7914 	EXP 	up: autoDraw = True
129.7914 	EXP 	down: autoDraw = True
129.8082 	EXP 	center: autoDraw = True
129.8082 	EXP 	left: autoDraw = True
129.8082 	EXP 	right: autoDraw = True
129.8082 	EXP 	up: autoDraw = True
129.8082 	EXP 	down: autoDraw = True
129.8243 	EXP 	center: autoDraw = True
129.8243 	EXP 	left: autoDraw = True
129.8243 	EXP 	right: autoDraw = True
129.8243 	EXP 	up: autoDraw = True
129.8243 	EXP 	down: autoDraw = True
129.8413 	EXP 	center: autoDraw = True
129.8413 	EXP 	left: autoDraw = True
129.8413 	EXP 	right: autoDraw = True
129.8413 	EXP 	up: autoDraw = True
129.8413 	EXP 	down: autoDraw = True
129.8583 	EXP 	center: autoDraw = True
129.8583 	EXP 	left: autoDraw = True
129.8583 	EXP 	right: autoDraw = True
129.8583 	EXP 	up: autoDraw = True
129.8583 	EXP 	down: autoDraw = True
129.8746 	EXP 	center: autoDraw = True
129.8746 	EXP 	left: autoDraw = True
129.8746 	EXP 	right: autoDraw = True
129.8746 	EXP 	up: autoDraw = True
129.8746 	EXP 	down: autoDraw = True
129.8915 	EXP 	center: autoDraw = True
129.8915 	EXP 	left: autoDraw = True
129.8915 	EXP 	right: autoDraw = True
129.8915 	EXP 	up: autoDraw = True
129.8915 	EXP 	down: autoDraw = True
129.9081 	EXP 	center: autoDraw = True
129.9081 	EXP 	left: autoDraw = True
129.9081 	EXP 	right: autoDraw = True
129.9081 	EXP 	up: autoDraw = True
129.9081 	EXP 	down: autoDraw = True
129.9248 	EXP 	center: autoDraw = True
129.9248 	EXP 	left: autoDraw = True
129.9248 	EXP 	right: autoDraw = True
129.9248 	EXP 	up: autoDraw = True
129.9248 	EXP 	down: autoDraw = True
129.9416 	EXP 	center: autoDraw = True
129.9416 	EXP 	left: autoDraw = True
129.9416 	EXP 	right: autoDraw = True
129.9416 	EXP 	up: autoDraw = True
129.9416 	EXP 	down: autoDraw = True
129.9580 	EXP 	center: autoDraw = True
129.9580 	EXP 	left: autoDraw = True
129.9580 	EXP 	right: autoDraw = True
129.9580 	EXP 	up: autoDraw = True
129.9580 	EXP 	down: autoDraw = True
129.9748 	EXP 	center: autoDraw = True
129.9748 	EXP 	left: autoDraw = True
129.9748 	EXP 	right: autoDraw = True
129.9748 	EXP 	up: autoDraw = True
129.9748 	EXP 	down: autoDraw = True
129.9916 	EXP 	center: autoDraw = True
129.9916 	EXP 	left: autoDraw = True
129.9916 	EXP 	right: autoDraw = True
129.9916 	EXP 	up: autoDraw = True
129.9916 	EXP 	down: autoDraw = True
130.0080 	EXP 	center: autoDraw = True
130.0080 	EXP 	left: autoDraw = True
130.0080 	EXP 	right: autoDraw = True
130.0080 	EXP 	up: autoDraw = True
130.0080 	EXP 	down: autoDraw = True
130.0249 	EXP 	center: autoDraw = True
130.0249 	EXP 	left: autoDraw = True
130.0249 	EXP 	right: autoDraw = True
130.0249 	EXP 	up: autoDraw = True
130.0249 	EXP 	down: autoDraw = True
130.0413 	EXP 	center: autoDraw = True
130.0413 	EXP 	left: autoDraw = True
130.0413 	EXP 	right: autoDraw = True
130.0413 	EXP 	up: autoDraw = True
130.0413 	EXP 	down: autoDraw = True
130.0584 	EXP 	center: autoDraw = True
130.0584 	EXP 	left: autoDraw = True
130.0584 	EXP 	right: autoDraw = True
130.0584 	EXP 	up: autoDraw = True
130.0584 	EXP 	down: autoDraw = True
130.0746 	EXP 	center: autoDraw = True
130.0746 	EXP 	left: autoDraw = True
130.0746 	EXP 	right: autoDraw = True
130.0746 	EXP 	up: autoDraw = True
130.0746 	EXP 	down: autoDraw = True
130.0914 	EXP 	center: autoDraw = True
130.0914 	EXP 	left: autoDraw = True
130.0914 	EXP 	right: autoDraw = True
130.0914 	EXP 	up: autoDraw = True
130.0914 	EXP 	down: autoDraw = True
130.1081 	EXP 	center: autoDraw = True
130.1081 	EXP 	left: autoDraw = True
130.1081 	EXP 	right: autoDraw = True
130.1081 	EXP 	up: autoDraw = True
130.1081 	EXP 	down: autoDraw = True
130.1248 	EXP 	center: autoDraw = True
130.1248 	EXP 	left: autoDraw = True
130.1248 	EXP 	right: autoDraw = True
130.1248 	EXP 	up: autoDraw = True
130.1248 	EXP 	down: autoDraw = True
130.1416 	EXP 	center: autoDraw = True
130.1416 	EXP 	left: autoDraw = True
130.1416 	EXP 	right: autoDraw = True
130.1416 	EXP 	up: autoDraw = True
130.1416 	EXP 	down: autoDraw = True
130.1580 	EXP 	center: autoDraw = True
130.1580 	EXP 	left: autoDraw = True
130.1580 	EXP 	right: autoDraw = True
130.1580 	EXP 	up: autoDraw = True
130.1580 	EXP 	down: autoDraw = True
130.1749 	EXP 	center: autoDraw = True
130.1749 	EXP 	left: autoDraw = True
130.1749 	EXP 	right: autoDraw = True
130.1749 	EXP 	up: autoDraw = True
130.1749 	EXP 	down: autoDraw = True
130.1917 	EXP 	center: autoDraw = True
130.1917 	EXP 	left: autoDraw = True
130.1917 	EXP 	right: autoDraw = True
130.1917 	EXP 	up: autoDraw = True
130.1917 	EXP 	down: autoDraw = True
130.2074 	EXP 	center: autoDraw = True
130.2074 	EXP 	left: autoDraw = True
130.2074 	EXP 	right: autoDraw = True
130.2074 	EXP 	up: autoDraw = True
130.2074 	EXP 	down: autoDraw = True
130.2247 	EXP 	center: autoDraw = True
130.2247 	EXP 	left: autoDraw = True
130.2247 	EXP 	right: autoDraw = True
130.2247 	EXP 	up: autoDraw = True
130.2247 	EXP 	down: autoDraw = True
130.2415 	EXP 	center: autoDraw = True
130.2415 	EXP 	left: autoDraw = True
130.2415 	EXP 	right: autoDraw = True
130.2415 	EXP 	up: autoDraw = True
130.2415 	EXP 	down: autoDraw = True
130.2582 	EXP 	center: autoDraw = True
130.2582 	EXP 	left: autoDraw = True
130.2582 	EXP 	right: autoDraw = True
130.2582 	EXP 	up: autoDraw = True
130.2582 	EXP 	down: autoDraw = True
130.2747 	EXP 	center: autoDraw = True
130.2747 	EXP 	left: autoDraw = True
130.2747 	EXP 	right: autoDraw = True
130.2747 	EXP 	up: autoDraw = True
130.2747 	EXP 	down: autoDraw = True
130.2916 	EXP 	center: autoDraw = True
130.2916 	EXP 	left: autoDraw = True
130.2916 	EXP 	right: autoDraw = True
130.2916 	EXP 	up: autoDraw = True
130.2916 	EXP 	down: autoDraw = True
130.3080 	EXP 	center: autoDraw = True
130.3080 	EXP 	left: autoDraw = True
130.3080 	EXP 	right: autoDraw = True
130.3080 	EXP 	up: autoDraw = True
130.3080 	EXP 	down: autoDraw = True
130.3248 	EXP 	center: autoDraw = True
130.3248 	EXP 	left: autoDraw = True
130.3248 	EXP 	right: autoDraw = True
130.3248 	EXP 	up: autoDraw = True
130.3248 	EXP 	down: autoDraw = True
130.3415 	EXP 	center: autoDraw = True
130.3415 	EXP 	left: autoDraw = True
130.3415 	EXP 	right: autoDraw = True
130.3415 	EXP 	up: autoDraw = True
130.3415 	EXP 	down: autoDraw = True
130.3580 	EXP 	center: autoDraw = True
130.3580 	EXP 	left: autoDraw = True
130.3580 	EXP 	right: autoDraw = True
130.3580 	EXP 	up: autoDraw = True
130.3580 	EXP 	down: autoDraw = True
130.3747 	EXP 	center: autoDraw = True
130.3747 	EXP 	left: autoDraw = True
130.3747 	EXP 	right: autoDraw = True
130.3747 	EXP 	up: autoDraw = True
130.3747 	EXP 	down: autoDraw = True
130.3916 	EXP 	center: autoDraw = True
130.3916 	EXP 	left: autoDraw = True
130.3916 	EXP 	right: autoDraw = True
130.3916 	EXP 	up: autoDraw = True
130.3916 	EXP 	down: autoDraw = True
130.4080 	EXP 	center: autoDraw = True
130.4080 	EXP 	left: autoDraw = True
130.4080 	EXP 	right: autoDraw = True
130.4080 	EXP 	up: autoDraw = True
130.4080 	EXP 	down: autoDraw = True
130.4248 	EXP 	center: autoDraw = True
130.4248 	EXP 	left: autoDraw = True
130.4248 	EXP 	right: autoDraw = True
130.4248 	EXP 	up: autoDraw = True
130.4248 	EXP 	down: autoDraw = True
130.4413 	EXP 	center: autoDraw = True
130.4413 	EXP 	left: autoDraw = True
130.4413 	EXP 	right: autoDraw = True
130.4413 	EXP 	up: autoDraw = True
130.4413 	EXP 	down: autoDraw = True
130.4581 	EXP 	center: autoDraw = True
130.4581 	EXP 	left: autoDraw = True
130.4581 	EXP 	right: autoDraw = True
130.4581 	EXP 	up: autoDraw = True
130.4581 	EXP 	down: autoDraw = True
130.4744 	EXP 	center: autoDraw = True
130.4744 	EXP 	left: autoDraw = True
130.4744 	EXP 	right: autoDraw = True
130.4744 	EXP 	up: autoDraw = True
130.4744 	EXP 	down: autoDraw = True
130.4915 	EXP 	center: autoDraw = True
130.4915 	EXP 	left: autoDraw = True
130.4915 	EXP 	right: autoDraw = True
130.4915 	EXP 	up: autoDraw = True
130.4915 	EXP 	down: autoDraw = True
130.5073 	EXP 	center: autoDraw = True
130.5073 	EXP 	left: autoDraw = True
130.5073 	EXP 	right: autoDraw = True
130.5073 	EXP 	up: autoDraw = True
130.5073 	EXP 	down: autoDraw = True
130.5246 	EXP 	center: autoDraw = True
130.5246 	EXP 	left: autoDraw = True
130.5246 	EXP 	right: autoDraw = True
130.5246 	EXP 	up: autoDraw = True
130.5246 	EXP 	down: autoDraw = True
130.5414 	EXP 	center: autoDraw = True
130.5414 	EXP 	left: autoDraw = True
130.5414 	EXP 	right: autoDraw = True
130.5414 	EXP 	up: autoDraw = True
130.5414 	EXP 	down: autoDraw = True
130.5579 	EXP 	center: autoDraw = True
130.5579 	EXP 	left: autoDraw = True
130.5579 	EXP 	right: autoDraw = True
130.5579 	EXP 	up: autoDraw = True
130.5579 	EXP 	down: autoDraw = True
130.5747 	EXP 	center: autoDraw = True
130.5747 	EXP 	left: autoDraw = True
130.5747 	EXP 	right: autoDraw = True
130.5747 	EXP 	up: autoDraw = True
130.5747 	EXP 	down: autoDraw = True
130.5917 	EXP 	center: autoDraw = True
130.5917 	EXP 	left: autoDraw = True
130.5917 	EXP 	right: autoDraw = True
130.5917 	EXP 	up: autoDraw = True
130.5917 	EXP 	down: autoDraw = True
130.6080 	EXP 	center: autoDraw = True
130.6080 	EXP 	left: autoDraw = True
130.6080 	EXP 	right: autoDraw = True
130.6080 	EXP 	up: autoDraw = True
130.6080 	EXP 	down: autoDraw = True
130.6249 	EXP 	center: autoDraw = True
130.6249 	EXP 	left: autoDraw = True
130.6249 	EXP 	right: autoDraw = True
130.6249 	EXP 	up: autoDraw = True
130.6249 	EXP 	down: autoDraw = True
130.6413 	EXP 	center: autoDraw = True
130.6413 	EXP 	left: autoDraw = True
130.6413 	EXP 	right: autoDraw = True
130.6413 	EXP 	up: autoDraw = True
130.6413 	EXP 	down: autoDraw = True
130.6582 	EXP 	center: autoDraw = True
130.6582 	EXP 	left: autoDraw = True
130.6582 	EXP 	right: autoDraw = True
130.6582 	EXP 	up: autoDraw = True
130.6582 	EXP 	down: autoDraw = True
130.6746 	EXP 	center: autoDraw = True
130.6746 	EXP 	left: autoDraw = True
130.6746 	EXP 	right: autoDraw = True
130.6746 	EXP 	up: autoDraw = True
130.6746 	EXP 	down: autoDraw = True
130.6914 	EXP 	center: autoDraw = True
130.6914 	EXP 	left: autoDraw = True
130.6914 	EXP 	right: autoDraw = True
130.6914 	EXP 	up: autoDraw = True
130.6914 	EXP 	down: autoDraw = True
130.7081 	EXP 	center: autoDraw = True
130.7081 	EXP 	left: autoDraw = True
130.7081 	EXP 	right: autoDraw = True
130.7081 	EXP 	up: autoDraw = True
130.7081 	EXP 	down: autoDraw = True
130.7249 	EXP 	center: autoDraw = True
130.7249 	EXP 	left: autoDraw = True
130.7249 	EXP 	right: autoDraw = True
130.7249 	EXP 	up: autoDraw = True
130.7249 	EXP 	down: autoDraw = True
130.7414 	EXP 	center: autoDraw = True
130.7414 	EXP 	left: autoDraw = True
130.7414 	EXP 	right: autoDraw = True
130.7414 	EXP 	up: autoDraw = True
130.7414 	EXP 	down: autoDraw = True
130.7581 	EXP 	center: autoDraw = True
130.7581 	EXP 	left: autoDraw = True
130.7581 	EXP 	right: autoDraw = True
130.7581 	EXP 	up: autoDraw = True
130.7581 	EXP 	down: autoDraw = True
130.7749 	EXP 	center: autoDraw = True
130.7749 	EXP 	left: autoDraw = True
130.7749 	EXP 	right: autoDraw = True
130.7749 	EXP 	up: autoDraw = True
130.7749 	EXP 	down: autoDraw = True
130.7913 	EXP 	center: autoDraw = True
130.7913 	EXP 	left: autoDraw = True
130.7913 	EXP 	right: autoDraw = True
130.7913 	EXP 	up: autoDraw = True
130.7913 	EXP 	down: autoDraw = True
130.8081 	EXP 	center: autoDraw = True
130.8081 	EXP 	left: autoDraw = True
130.8081 	EXP 	right: autoDraw = True
130.8081 	EXP 	up: autoDraw = True
130.8081 	EXP 	down: autoDraw = True
130.8245 	EXP 	center: autoDraw = True
130.8245 	EXP 	left: autoDraw = True
130.8245 	EXP 	right: autoDraw = True
130.8245 	EXP 	up: autoDraw = True
130.8245 	EXP 	down: autoDraw = True
130.8412 	EXP 	center: autoDraw = True
130.8412 	EXP 	left: autoDraw = True
130.8412 	EXP 	right: autoDraw = True
130.8412 	EXP 	up: autoDraw = True
130.8412 	EXP 	down: autoDraw = True
130.8575 	EXP 	center: autoDraw = True
130.8575 	EXP 	left: autoDraw = True
130.8575 	EXP 	right: autoDraw = True
130.8575 	EXP 	up: autoDraw = True
130.8575 	EXP 	down: autoDraw = True
130.8746 	EXP 	center: autoDraw = True
130.8746 	EXP 	left: autoDraw = True
130.8746 	EXP 	right: autoDraw = True
130.8746 	EXP 	up: autoDraw = True
130.8746 	EXP 	down: autoDraw = True
130.8915 	EXP 	center: autoDraw = True
130.8915 	EXP 	left: autoDraw = True
130.8915 	EXP 	right: autoDraw = True
130.8915 	EXP 	up: autoDraw = True
130.8915 	EXP 	down: autoDraw = True
130.9083 	EXP 	center: autoDraw = True
130.9083 	EXP 	left: autoDraw = True
130.9083 	EXP 	right: autoDraw = True
130.9083 	EXP 	up: autoDraw = True
130.9083 	EXP 	down: autoDraw = True
130.9246 	EXP 	center: autoDraw = True
130.9246 	EXP 	left: autoDraw = True
130.9246 	EXP 	right: autoDraw = True
130.9246 	EXP 	up: autoDraw = True
130.9246 	EXP 	down: autoDraw = True
130.9415 	EXP 	center: autoDraw = True
130.9415 	EXP 	left: autoDraw = True
130.9415 	EXP 	right: autoDraw = True
130.9415 	EXP 	up: autoDraw = True
130.9415 	EXP 	down: autoDraw = True
130.9582 	EXP 	center: autoDraw = True
130.9582 	EXP 	left: autoDraw = True
130.9582 	EXP 	right: autoDraw = True
130.9582 	EXP 	up: autoDraw = True
130.9582 	EXP 	down: autoDraw = True
130.9747 	EXP 	center: autoDraw = True
130.9747 	EXP 	left: autoDraw = True
130.9747 	EXP 	right: autoDraw = True
130.9747 	EXP 	up: autoDraw = True
130.9747 	EXP 	down: autoDraw = True
130.9915 	EXP 	center: autoDraw = True
130.9915 	EXP 	left: autoDraw = True
130.9915 	EXP 	right: autoDraw = True
130.9915 	EXP 	up: autoDraw = True
130.9915 	EXP 	down: autoDraw = True
131.0081 	EXP 	center: autoDraw = True
131.0081 	EXP 	left: autoDraw = True
131.0081 	EXP 	right: autoDraw = True
131.0081 	EXP 	up: autoDraw = True
131.0081 	EXP 	down: autoDraw = True
131.0249 	EXP 	center: autoDraw = True
131.0249 	EXP 	left: autoDraw = True
131.0249 	EXP 	right: autoDraw = True
131.0249 	EXP 	up: autoDraw = True
131.0249 	EXP 	down: autoDraw = True
131.0413 	EXP 	center: autoDraw = True
131.0413 	EXP 	left: autoDraw = True
131.0413 	EXP 	right: autoDraw = True
131.0413 	EXP 	up: autoDraw = True
131.0413 	EXP 	down: autoDraw = True
131.0582 	EXP 	center: autoDraw = True
131.0582 	EXP 	left: autoDraw = True
131.0582 	EXP 	right: autoDraw = True
131.0582 	EXP 	up: autoDraw = True
131.0582 	EXP 	down: autoDraw = True
131.0746 	EXP 	center: autoDraw = True
131.0746 	EXP 	left: autoDraw = True
131.0746 	EXP 	right: autoDraw = True
131.0746 	EXP 	up: autoDraw = True
131.0746 	EXP 	down: autoDraw = True
131.0914 	EXP 	center: autoDraw = True
131.0914 	EXP 	left: autoDraw = True
131.0914 	EXP 	right: autoDraw = True
131.0914 	EXP 	up: autoDraw = True
131.0914 	EXP 	down: autoDraw = True
131.1083 	EXP 	center: autoDraw = True
131.1083 	EXP 	left: autoDraw = True
131.1083 	EXP 	right: autoDraw = True
131.1083 	EXP 	up: autoDraw = True
131.1083 	EXP 	down: autoDraw = True
131.1246 	EXP 	center: autoDraw = True
131.1246 	EXP 	left: autoDraw = True
131.1246 	EXP 	right: autoDraw = True
131.1246 	EXP 	up: autoDraw = True
131.1246 	EXP 	down: autoDraw = True
131.1415 	EXP 	center: autoDraw = True
131.1415 	EXP 	left: autoDraw = True
131.1415 	EXP 	right: autoDraw = True
131.1415 	EXP 	up: autoDraw = True
131.1415 	EXP 	down: autoDraw = True
131.1581 	EXP 	center: autoDraw = True
131.1581 	EXP 	left: autoDraw = True
131.1581 	EXP 	right: autoDraw = True
131.1581 	EXP 	up: autoDraw = True
131.1581 	EXP 	down: autoDraw = True
131.1740 	EXP 	center: autoDraw = True
131.1740 	EXP 	left: autoDraw = True
131.1740 	EXP 	right: autoDraw = True
131.1740 	EXP 	up: autoDraw = True
131.1740 	EXP 	down: autoDraw = True
131.1914 	EXP 	center: autoDraw = True
131.1914 	EXP 	left: autoDraw = True
131.1914 	EXP 	right: autoDraw = True
131.1914 	EXP 	up: autoDraw = True
131.1914 	EXP 	down: autoDraw = True
131.2079 	EXP 	center: autoDraw = True
131.2079 	EXP 	left: autoDraw = True
131.2079 	EXP 	right: autoDraw = True
131.2079 	EXP 	up: autoDraw = True
131.2079 	EXP 	down: autoDraw = True
131.2241 	EXP 	center: autoDraw = True
131.2241 	EXP 	left: autoDraw = True
131.2241 	EXP 	right: autoDraw = True
131.2241 	EXP 	up: autoDraw = True
131.2241 	EXP 	down: autoDraw = True
131.2408 	EXP 	center: autoDraw = True
131.2408 	EXP 	left: autoDraw = True
131.2408 	EXP 	right: autoDraw = True
131.2408 	EXP 	up: autoDraw = True
131.2408 	EXP 	down: autoDraw = True
131.2578 	EXP 	center: autoDraw = True
131.2578 	EXP 	left: autoDraw = True
131.2578 	EXP 	right: autoDraw = True
131.2578 	EXP 	up: autoDraw = True
131.2578 	EXP 	down: autoDraw = True
131.2748 	EXP 	center: autoDraw = True
131.2748 	EXP 	left: autoDraw = True
131.2748 	EXP 	right: autoDraw = True
131.2748 	EXP 	up: autoDraw = True
131.2748 	EXP 	down: autoDraw = True
131.2912 	EXP 	center: autoDraw = True
131.2912 	EXP 	left: autoDraw = True
131.2912 	EXP 	right: autoDraw = True
131.2912 	EXP 	up: autoDraw = True
131.2912 	EXP 	down: autoDraw = True
131.3080 	EXP 	center: autoDraw = True
131.3080 	EXP 	left: autoDraw = True
131.3080 	EXP 	right: autoDraw = True
131.3080 	EXP 	up: autoDraw = True
131.3080 	EXP 	down: autoDraw = True
131.3246 	EXP 	center: autoDraw = True
131.3246 	EXP 	left: autoDraw = True
131.3246 	EXP 	right: autoDraw = True
131.3246 	EXP 	up: autoDraw = True
131.3246 	EXP 	down: autoDraw = True
131.3414 	EXP 	center: autoDraw = True
131.3414 	EXP 	left: autoDraw = True
131.3414 	EXP 	right: autoDraw = True
131.3414 	EXP 	up: autoDraw = True
131.3414 	EXP 	down: autoDraw = True
131.3581 	EXP 	center: autoDraw = True
131.3581 	EXP 	left: autoDraw = True
131.3581 	EXP 	right: autoDraw = True
131.3581 	EXP 	up: autoDraw = True
131.3581 	EXP 	down: autoDraw = True
131.3748 	EXP 	center: autoDraw = True
131.3748 	EXP 	left: autoDraw = True
131.3748 	EXP 	right: autoDraw = True
131.3748 	EXP 	up: autoDraw = True
131.3748 	EXP 	down: autoDraw = True
131.3915 	EXP 	center: autoDraw = True
131.3915 	EXP 	left: autoDraw = True
131.3915 	EXP 	right: autoDraw = True
131.3915 	EXP 	up: autoDraw = True
131.3915 	EXP 	down: autoDraw = True
131.4079 	EXP 	center: autoDraw = True
131.4079 	EXP 	left: autoDraw = True
131.4079 	EXP 	right: autoDraw = True
131.4079 	EXP 	up: autoDraw = True
131.4079 	EXP 	down: autoDraw = True
131.4246 	EXP 	center: autoDraw = True
131.4246 	EXP 	left: autoDraw = True
131.4246 	EXP 	right: autoDraw = True
131.4246 	EXP 	up: autoDraw = True
131.4246 	EXP 	down: autoDraw = True
131.4414 	EXP 	center: autoDraw = True
131.4414 	EXP 	left: autoDraw = True
131.4414 	EXP 	right: autoDraw = True
131.4414 	EXP 	up: autoDraw = True
131.4414 	EXP 	down: autoDraw = True
131.4583 	EXP 	center: autoDraw = True
131.4583 	EXP 	left: autoDraw = True
131.4583 	EXP 	right: autoDraw = True
131.4583 	EXP 	up: autoDraw = True
131.4583 	EXP 	down: autoDraw = True
131.4745 	EXP 	center: autoDraw = True
131.4745 	EXP 	left: autoDraw = True
131.4745 	EXP 	right: autoDraw = True
131.4745 	EXP 	up: autoDraw = True
131.4745 	EXP 	down: autoDraw = True
131.4914 	EXP 	center: autoDraw = True
131.4914 	EXP 	left: autoDraw = True
131.4914 	EXP 	right: autoDraw = True
131.4914 	EXP 	up: autoDraw = True
131.4914 	EXP 	down: autoDraw = True
131.5077 	EXP 	center: autoDraw = True
131.5077 	EXP 	left: autoDraw = True
131.5077 	EXP 	right: autoDraw = True
131.5077 	EXP 	up: autoDraw = True
131.5077 	EXP 	down: autoDraw = True
131.5247 	EXP 	center: autoDraw = True
131.5247 	EXP 	left: autoDraw = True
131.5247 	EXP 	right: autoDraw = True
131.5247 	EXP 	up: autoDraw = True
131.5247 	EXP 	down: autoDraw = True
131.5416 	EXP 	center: autoDraw = True
131.5416 	EXP 	left: autoDraw = True
131.5416 	EXP 	right: autoDraw = True
131.5416 	EXP 	up: autoDraw = True
131.5416 	EXP 	down: autoDraw = True
131.5579 	EXP 	center: autoDraw = True
131.5579 	EXP 	left: autoDraw = True
131.5579 	EXP 	right: autoDraw = True
131.5579 	EXP 	up: autoDraw = True
131.5579 	EXP 	down: autoDraw = True
131.5747 	EXP 	center: autoDraw = True
131.5747 	EXP 	left: autoDraw = True
131.5747 	EXP 	right: autoDraw = True
131.5747 	EXP 	up: autoDraw = True
131.5747 	EXP 	down: autoDraw = True
131.5917 	EXP 	center: autoDraw = True
131.5917 	EXP 	left: autoDraw = True
131.5917 	EXP 	right: autoDraw = True
131.5917 	EXP 	up: autoDraw = True
131.5917 	EXP 	down: autoDraw = True
131.6078 	EXP 	center: autoDraw = True
131.6078 	EXP 	left: autoDraw = True
131.6078 	EXP 	right: autoDraw = True
131.6078 	EXP 	up: autoDraw = True
131.6078 	EXP 	down: autoDraw = True
131.6249 	EXP 	center: autoDraw = True
131.6249 	EXP 	left: autoDraw = True
131.6249 	EXP 	right: autoDraw = True
131.6249 	EXP 	up: autoDraw = True
131.6249 	EXP 	down: autoDraw = True
131.6412 	EXP 	center: autoDraw = True
131.6412 	EXP 	left: autoDraw = True
131.6412 	EXP 	right: autoDraw = True
131.6412 	EXP 	up: autoDraw = True
131.6412 	EXP 	down: autoDraw = True
131.6413 	EXP 	Sound  started
131.6451 	DATA 	sope | frame count: 300
131.6579 	EXP 	center: autoDraw = True
131.6579 	EXP 	left: autoDraw = True
131.6579 	EXP 	right: autoDraw = True
131.6579 	EXP 	up: autoDraw = True
131.6579 	EXP 	down: autoDraw = True
131.6746 	EXP 	center: autoDraw = True
131.6746 	EXP 	left: autoDraw = True
131.6746 	EXP 	right: autoDraw = True
131.6746 	EXP 	up: autoDraw = True
131.6746 	EXP 	down: autoDraw = True
131.6914 	EXP 	center: autoDraw = True
131.6914 	EXP 	left: autoDraw = True
131.6914 	EXP 	right: autoDraw = True
131.6914 	EXP 	up: autoDraw = True
131.6914 	EXP 	down: autoDraw = True
131.7079 	EXP 	center: autoDraw = True
131.7079 	EXP 	left: autoDraw = True
131.7079 	EXP 	right: autoDraw = True
131.7079 	EXP 	up: autoDraw = True
131.7079 	EXP 	down: autoDraw = True
131.7246 	EXP 	center: autoDraw = True
131.7246 	EXP 	left: autoDraw = True
131.7246 	EXP 	right: autoDraw = True
131.7246 	EXP 	up: autoDraw = True
131.7246 	EXP 	down: autoDraw = True
131.7416 	EXP 	center: autoDraw = True
131.7416 	EXP 	left: autoDraw = True
131.7416 	EXP 	right: autoDraw = True
131.7416 	EXP 	up: autoDraw = True
131.7416 	EXP 	down: autoDraw = True
131.7579 	EXP 	center: autoDraw = True
131.7579 	EXP 	left: autoDraw = True
131.7579 	EXP 	right: autoDraw = True
131.7579 	EXP 	up: autoDraw = True
131.7579 	EXP 	down: autoDraw = True
131.7745 	EXP 	center: autoDraw = True
131.7745 	EXP 	left: autoDraw = True
131.7745 	EXP 	right: autoDraw = True
131.7745 	EXP 	up: autoDraw = True
131.7745 	EXP 	down: autoDraw = True
131.7913 	EXP 	center: autoDraw = True
131.7913 	EXP 	left: autoDraw = True
131.7913 	EXP 	right: autoDraw = True
131.7913 	EXP 	up: autoDraw = True
131.7913 	EXP 	down: autoDraw = True
131.8081 	EXP 	center: autoDraw = True
131.8081 	EXP 	left: autoDraw = True
131.8081 	EXP 	right: autoDraw = True
131.8081 	EXP 	up: autoDraw = True
131.8081 	EXP 	down: autoDraw = True
131.8249 	EXP 	center: autoDraw = True
131.8249 	EXP 	left: autoDraw = True
131.8249 	EXP 	right: autoDraw = True
131.8249 	EXP 	up: autoDraw = True
131.8249 	EXP 	down: autoDraw = True
131.8412 	EXP 	center: autoDraw = True
131.8412 	EXP 	left: autoDraw = True
131.8412 	EXP 	right: autoDraw = True
131.8412 	EXP 	up: autoDraw = True
131.8412 	EXP 	down: autoDraw = True
131.8582 	EXP 	center: autoDraw = True
131.8582 	EXP 	left: autoDraw = True
131.8582 	EXP 	right: autoDraw = True
131.8582 	EXP 	up: autoDraw = True
131.8582 	EXP 	down: autoDraw = True
131.8745 	EXP 	center: autoDraw = True
131.8745 	EXP 	left: autoDraw = True
131.8745 	EXP 	right: autoDraw = True
131.8745 	EXP 	up: autoDraw = True
131.8745 	EXP 	down: autoDraw = True
131.8914 	EXP 	center: autoDraw = True
131.8914 	EXP 	left: autoDraw = True
131.8914 	EXP 	right: autoDraw = True
131.8914 	EXP 	up: autoDraw = True
131.8914 	EXP 	down: autoDraw = True
131.9081 	EXP 	center: autoDraw = True
131.9081 	EXP 	left: autoDraw = True
131.9081 	EXP 	right: autoDraw = True
131.9081 	EXP 	up: autoDraw = True
131.9081 	EXP 	down: autoDraw = True
131.9245 	EXP 	center: autoDraw = True
131.9245 	EXP 	left: autoDraw = True
131.9245 	EXP 	right: autoDraw = True
131.9245 	EXP 	up: autoDraw = True
131.9245 	EXP 	down: autoDraw = True
131.9407 	EXP 	center: autoDraw = True
131.9407 	EXP 	left: autoDraw = True
131.9407 	EXP 	right: autoDraw = True
131.9407 	EXP 	up: autoDraw = True
131.9407 	EXP 	down: autoDraw = True
131.9579 	EXP 	center: autoDraw = True
131.9579 	EXP 	left: autoDraw = True
131.9579 	EXP 	right: autoDraw = True
131.9579 	EXP 	up: autoDraw = True
131.9579 	EXP 	down: autoDraw = True
131.9747 	EXP 	center: autoDraw = True
131.9747 	EXP 	left: autoDraw = True
131.9747 	EXP 	right: autoDraw = True
131.9747 	EXP 	up: autoDraw = True
131.9747 	EXP 	down: autoDraw = True
131.9915 	EXP 	center: autoDraw = True
131.9915 	EXP 	left: autoDraw = True
131.9915 	EXP 	right: autoDraw = True
131.9915 	EXP 	up: autoDraw = True
131.9915 	EXP 	down: autoDraw = True
132.0079 	EXP 	center: autoDraw = True
132.0079 	EXP 	left: autoDraw = True
132.0079 	EXP 	right: autoDraw = True
132.0079 	EXP 	up: autoDraw = True
132.0079 	EXP 	down: autoDraw = True
132.0248 	EXP 	center: autoDraw = True
132.0248 	EXP 	left: autoDraw = True
132.0248 	EXP 	right: autoDraw = True
132.0248 	EXP 	up: autoDraw = True
132.0248 	EXP 	down: autoDraw = True
132.0412 	EXP 	center: autoDraw = True
132.0412 	EXP 	left: autoDraw = True
132.0412 	EXP 	right: autoDraw = True
132.0412 	EXP 	up: autoDraw = True
132.0412 	EXP 	down: autoDraw = True
132.0578 	EXP 	center: autoDraw = True
132.0578 	EXP 	left: autoDraw = True
132.0578 	EXP 	right: autoDraw = True
132.0578 	EXP 	up: autoDraw = True
132.0578 	EXP 	down: autoDraw = True
132.0746 	EXP 	center: autoDraw = True
132.0746 	EXP 	left: autoDraw = True
132.0746 	EXP 	right: autoDraw = True
132.0746 	EXP 	up: autoDraw = True
132.0746 	EXP 	down: autoDraw = True
132.0914 	EXP 	center: autoDraw = True
132.0914 	EXP 	left: autoDraw = True
132.0914 	EXP 	right: autoDraw = True
132.0914 	EXP 	up: autoDraw = True
132.0914 	EXP 	down: autoDraw = True
132.1078 	EXP 	center: autoDraw = True
132.1078 	EXP 	left: autoDraw = True
132.1078 	EXP 	right: autoDraw = True
132.1078 	EXP 	up: autoDraw = True
132.1078 	EXP 	down: autoDraw = True
132.1246 	EXP 	center: autoDraw = True
132.1246 	EXP 	left: autoDraw = True
132.1246 	EXP 	right: autoDraw = True
132.1246 	EXP 	up: autoDraw = True
132.1246 	EXP 	down: autoDraw = True
132.1413 	EXP 	center: autoDraw = True
132.1413 	EXP 	left: autoDraw = True
132.1413 	EXP 	right: autoDraw = True
132.1413 	EXP 	up: autoDraw = True
132.1413 	EXP 	down: autoDraw = True
132.1415 	DATA 	wsqS
132.1578 	EXP 	center: autoDraw = True
132.1578 	EXP 	left: autoDraw = True
132.1578 	EXP 	right: autoDraw = True
132.1578 	EXP 	up: autoDraw = True
132.1578 	EXP 	down: autoDraw = True
132.1578 	EXP 	whitesquare: autoDraw = True
132.1746 	EXP 	center: autoDraw = True
132.1746 	EXP 	left: autoDraw = True
132.1746 	EXP 	right: autoDraw = True
132.1746 	EXP 	up: autoDraw = True
132.1746 	EXP 	down: autoDraw = True
132.1746 	EXP 	whitesquare: autoDraw = False
132.1913 	EXP 	center: autoDraw = True
132.1913 	EXP 	left: autoDraw = True
132.1913 	EXP 	right: autoDraw = True
132.1913 	EXP 	up: autoDraw = True
132.1913 	EXP 	down: autoDraw = True
132.2081 	EXP 	center: autoDraw = True
132.2081 	EXP 	left: autoDraw = True
132.2081 	EXP 	right: autoDraw = True
132.2081 	EXP 	up: autoDraw = True
132.2081 	EXP 	down: autoDraw = True
132.2245 	EXP 	center: autoDraw = True
132.2245 	EXP 	left: autoDraw = True
132.2245 	EXP 	right: autoDraw = True
132.2245 	EXP 	up: autoDraw = True
132.2245 	EXP 	down: autoDraw = True
132.2414 	EXP 	center: autoDraw = True
132.2414 	EXP 	left: autoDraw = True
132.2414 	EXP 	right: autoDraw = True
132.2414 	EXP 	up: autoDraw = True
132.2414 	EXP 	down: autoDraw = True
132.2579 	EXP 	center: autoDraw = True
132.2579 	EXP 	left: autoDraw = True
132.2579 	EXP 	right: autoDraw = True
132.2579 	EXP 	up: autoDraw = True
132.2579 	EXP 	down: autoDraw = True
132.2740 	EXP 	center: autoDraw = True
132.2740 	EXP 	left: autoDraw = True
132.2740 	EXP 	right: autoDraw = True
132.2740 	EXP 	up: autoDraw = True
132.2740 	EXP 	down: autoDraw = True
132.2912 	EXP 	center: autoDraw = True
132.2912 	EXP 	left: autoDraw = True
132.2912 	EXP 	right: autoDraw = True
132.2912 	EXP 	up: autoDraw = True
132.2912 	EXP 	down: autoDraw = True
132.3079 	EXP 	center: autoDraw = True
132.3079 	EXP 	left: autoDraw = True
132.3079 	EXP 	right: autoDraw = True
132.3079 	EXP 	up: autoDraw = True
132.3079 	EXP 	down: autoDraw = True
132.3248 	EXP 	center: autoDraw = True
132.3248 	EXP 	left: autoDraw = True
132.3248 	EXP 	right: autoDraw = True
132.3248 	EXP 	up: autoDraw = True
132.3248 	EXP 	down: autoDraw = True
132.3411 	EXP 	center: autoDraw = True
132.3411 	EXP 	left: autoDraw = True
132.3411 	EXP 	right: autoDraw = True
132.3411 	EXP 	up: autoDraw = True
132.3411 	EXP 	down: autoDraw = True
132.3581 	EXP 	center: autoDraw = True
132.3581 	EXP 	left: autoDraw = True
132.3581 	EXP 	right: autoDraw = True
132.3581 	EXP 	up: autoDraw = True
132.3581 	EXP 	down: autoDraw = True
132.3747 	EXP 	center: autoDraw = True
132.3747 	EXP 	left: autoDraw = True
132.3747 	EXP 	right: autoDraw = True
132.3747 	EXP 	up: autoDraw = True
132.3747 	EXP 	down: autoDraw = True
132.3913 	EXP 	center: autoDraw = True
132.3913 	EXP 	left: autoDraw = True
132.3913 	EXP 	right: autoDraw = True
132.3913 	EXP 	up: autoDraw = True
132.3913 	EXP 	down: autoDraw = True
132.4079 	EXP 	center: autoDraw = True
132.4079 	EXP 	left: autoDraw = True
132.4079 	EXP 	right: autoDraw = True
132.4079 	EXP 	up: autoDraw = True
132.4079 	EXP 	down: autoDraw = True
132.4246 	EXP 	center: autoDraw = True
132.4246 	EXP 	left: autoDraw = True
132.4246 	EXP 	right: autoDraw = True
132.4246 	EXP 	up: autoDraw = True
132.4246 	EXP 	down: autoDraw = True
132.4413 	EXP 	center: autoDraw = True
132.4413 	EXP 	left: autoDraw = True
132.4413 	EXP 	right: autoDraw = True
132.4413 	EXP 	up: autoDraw = True
132.4413 	EXP 	down: autoDraw = True
132.4581 	EXP 	center: autoDraw = True
132.4581 	EXP 	left: autoDraw = True
132.4581 	EXP 	right: autoDraw = True
132.4581 	EXP 	up: autoDraw = True
132.4581 	EXP 	down: autoDraw = True
132.4745 	EXP 	center: autoDraw = True
132.4745 	EXP 	left: autoDraw = True
132.4745 	EXP 	right: autoDraw = True
132.4745 	EXP 	up: autoDraw = True
132.4745 	EXP 	down: autoDraw = True
132.4913 	EXP 	center: autoDraw = True
132.4913 	EXP 	left: autoDraw = True
132.4913 	EXP 	right: autoDraw = True
132.4913 	EXP 	up: autoDraw = True
132.4913 	EXP 	down: autoDraw = True
132.5075 	EXP 	center: autoDraw = True
132.5075 	EXP 	left: autoDraw = True
132.5075 	EXP 	right: autoDraw = True
132.5075 	EXP 	up: autoDraw = True
132.5075 	EXP 	down: autoDraw = True
132.5245 	EXP 	center: autoDraw = True
132.5245 	EXP 	left: autoDraw = True
132.5245 	EXP 	right: autoDraw = True
132.5245 	EXP 	up: autoDraw = True
132.5245 	EXP 	down: autoDraw = True
132.5409 	EXP 	center: autoDraw = True
132.5409 	EXP 	left: autoDraw = True
132.5409 	EXP 	right: autoDraw = True
132.5409 	EXP 	up: autoDraw = True
132.5409 	EXP 	down: autoDraw = True
132.5578 	EXP 	center: autoDraw = True
132.5578 	EXP 	left: autoDraw = True
132.5578 	EXP 	right: autoDraw = True
132.5578 	EXP 	up: autoDraw = True
132.5578 	EXP 	down: autoDraw = True
132.5745 	EXP 	center: autoDraw = True
132.5745 	EXP 	left: autoDraw = True
132.5745 	EXP 	right: autoDraw = True
132.5745 	EXP 	up: autoDraw = True
132.5745 	EXP 	down: autoDraw = True
132.5913 	EXP 	center: autoDraw = True
132.5913 	EXP 	left: autoDraw = True
132.5913 	EXP 	right: autoDraw = True
132.5913 	EXP 	up: autoDraw = True
132.5913 	EXP 	down: autoDraw = True
132.6081 	EXP 	center: autoDraw = True
132.6081 	EXP 	left: autoDraw = True
132.6081 	EXP 	right: autoDraw = True
132.6081 	EXP 	up: autoDraw = True
132.6081 	EXP 	down: autoDraw = True
132.6245 	EXP 	center: autoDraw = True
132.6245 	EXP 	left: autoDraw = True
132.6245 	EXP 	right: autoDraw = True
132.6245 	EXP 	up: autoDraw = True
132.6245 	EXP 	down: autoDraw = True
132.6412 	EXP 	center: autoDraw = True
132.6412 	EXP 	left: autoDraw = True
132.6412 	EXP 	right: autoDraw = True
132.6412 	EXP 	up: autoDraw = True
132.6412 	EXP 	down: autoDraw = True
132.6573 	EXP 	center: autoDraw = True
132.6573 	EXP 	left: autoDraw = True
132.6573 	EXP 	right: autoDraw = True
132.6573 	EXP 	up: autoDraw = True
132.6573 	EXP 	down: autoDraw = True
132.6744 	EXP 	center: autoDraw = True
132.6744 	EXP 	left: autoDraw = True
132.6744 	EXP 	right: autoDraw = True
132.6744 	EXP 	up: autoDraw = True
132.6744 	EXP 	down: autoDraw = True
132.6913 	EXP 	center: autoDraw = True
132.6913 	EXP 	left: autoDraw = True
132.6913 	EXP 	right: autoDraw = True
132.6913 	EXP 	up: autoDraw = True
132.6913 	EXP 	down: autoDraw = True
132.7080 	EXP 	center: autoDraw = True
132.7080 	EXP 	left: autoDraw = True
132.7080 	EXP 	right: autoDraw = True
132.7080 	EXP 	up: autoDraw = True
132.7080 	EXP 	down: autoDraw = True
132.7248 	EXP 	center: autoDraw = True
132.7248 	EXP 	left: autoDraw = True
132.7248 	EXP 	right: autoDraw = True
132.7248 	EXP 	up: autoDraw = True
132.7248 	EXP 	down: autoDraw = True
132.7411 	EXP 	center: autoDraw = True
132.7411 	EXP 	left: autoDraw = True
132.7411 	EXP 	right: autoDraw = True
132.7411 	EXP 	up: autoDraw = True
132.7411 	EXP 	down: autoDraw = True
132.7579 	EXP 	center: autoDraw = True
132.7579 	EXP 	left: autoDraw = True
132.7579 	EXP 	right: autoDraw = True
132.7579 	EXP 	up: autoDraw = True
132.7579 	EXP 	down: autoDraw = True
132.7748 	EXP 	center: autoDraw = True
132.7748 	EXP 	left: autoDraw = True
132.7748 	EXP 	right: autoDraw = True
132.7748 	EXP 	up: autoDraw = True
132.7748 	EXP 	down: autoDraw = True
132.7911 	EXP 	center: autoDraw = True
132.7911 	EXP 	left: autoDraw = True
132.7911 	EXP 	right: autoDraw = True
132.7911 	EXP 	up: autoDraw = True
132.7911 	EXP 	down: autoDraw = True
132.8077 	EXP 	center: autoDraw = True
132.8077 	EXP 	left: autoDraw = True
132.8077 	EXP 	right: autoDraw = True
132.8077 	EXP 	up: autoDraw = True
132.8077 	EXP 	down: autoDraw = True
132.8245 	EXP 	center: autoDraw = True
132.8245 	EXP 	left: autoDraw = True
132.8245 	EXP 	right: autoDraw = True
132.8245 	EXP 	up: autoDraw = True
132.8245 	EXP 	down: autoDraw = True
132.8412 	EXP 	center: autoDraw = True
132.8412 	EXP 	left: autoDraw = True
132.8412 	EXP 	right: autoDraw = True
132.8412 	EXP 	up: autoDraw = True
132.8412 	EXP 	down: autoDraw = True
132.8580 	EXP 	center: autoDraw = True
132.8580 	EXP 	left: autoDraw = True
132.8580 	EXP 	right: autoDraw = True
132.8580 	EXP 	up: autoDraw = True
132.8580 	EXP 	down: autoDraw = True
132.8747 	EXP 	center: autoDraw = True
132.8747 	EXP 	left: autoDraw = True
132.8747 	EXP 	right: autoDraw = True
132.8747 	EXP 	up: autoDraw = True
132.8747 	EXP 	down: autoDraw = True
132.8912 	EXP 	center: autoDraw = True
132.8912 	EXP 	left: autoDraw = True
132.8912 	EXP 	right: autoDraw = True
132.8912 	EXP 	up: autoDraw = True
132.8912 	EXP 	down: autoDraw = True
132.9079 	EXP 	center: autoDraw = True
132.9079 	EXP 	left: autoDraw = True
132.9079 	EXP 	right: autoDraw = True
132.9079 	EXP 	up: autoDraw = True
132.9079 	EXP 	down: autoDraw = True
132.9240 	EXP 	center: autoDraw = True
132.9240 	EXP 	left: autoDraw = True
132.9240 	EXP 	right: autoDraw = True
132.9240 	EXP 	up: autoDraw = True
132.9240 	EXP 	down: autoDraw = True
132.9411 	EXP 	center: autoDraw = True
132.9411 	EXP 	left: autoDraw = True
132.9411 	EXP 	right: autoDraw = True
132.9411 	EXP 	up: autoDraw = True
132.9411 	EXP 	down: autoDraw = True
132.9580 	EXP 	center: autoDraw = True
132.9580 	EXP 	left: autoDraw = True
132.9580 	EXP 	right: autoDraw = True
132.9580 	EXP 	up: autoDraw = True
132.9580 	EXP 	down: autoDraw = True
132.9744 	EXP 	center: autoDraw = True
132.9744 	EXP 	left: autoDraw = True
132.9744 	EXP 	right: autoDraw = True
132.9744 	EXP 	up: autoDraw = True
132.9744 	EXP 	down: autoDraw = True
132.9911 	EXP 	center: autoDraw = True
132.9911 	EXP 	left: autoDraw = True
132.9911 	EXP 	right: autoDraw = True
132.9911 	EXP 	up: autoDraw = True
132.9911 	EXP 	down: autoDraw = True
133.0081 	EXP 	center: autoDraw = True
133.0081 	EXP 	left: autoDraw = True
133.0081 	EXP 	right: autoDraw = True
133.0081 	EXP 	up: autoDraw = True
133.0081 	EXP 	down: autoDraw = True
133.0244 	EXP 	center: autoDraw = True
133.0244 	EXP 	left: autoDraw = True
133.0244 	EXP 	right: autoDraw = True
133.0244 	EXP 	up: autoDraw = True
133.0244 	EXP 	down: autoDraw = True
133.0414 	EXP 	center: autoDraw = True
133.0414 	EXP 	left: autoDraw = True
133.0414 	EXP 	right: autoDraw = True
133.0414 	EXP 	up: autoDraw = True
133.0414 	EXP 	down: autoDraw = True
133.0577 	EXP 	center: autoDraw = True
133.0577 	EXP 	left: autoDraw = True
133.0577 	EXP 	right: autoDraw = True
133.0577 	EXP 	up: autoDraw = True
133.0577 	EXP 	down: autoDraw = True
133.0746 	EXP 	center: autoDraw = True
133.0746 	EXP 	left: autoDraw = True
133.0746 	EXP 	right: autoDraw = True
133.0746 	EXP 	up: autoDraw = True
133.0746 	EXP 	down: autoDraw = True
133.0914 	EXP 	center: autoDraw = True
133.0914 	EXP 	left: autoDraw = True
133.0914 	EXP 	right: autoDraw = True
133.0914 	EXP 	up: autoDraw = True
133.0914 	EXP 	down: autoDraw = True
133.1078 	EXP 	center: autoDraw = True
133.1078 	EXP 	left: autoDraw = True
133.1078 	EXP 	right: autoDraw = True
133.1078 	EXP 	up: autoDraw = True
133.1078 	EXP 	down: autoDraw = True
133.1247 	EXP 	center: autoDraw = True
133.1247 	EXP 	left: autoDraw = True
133.1247 	EXP 	right: autoDraw = True
133.1247 	EXP 	up: autoDraw = True
133.1247 	EXP 	down: autoDraw = True
133.1412 	EXP 	center: autoDraw = True
133.1412 	EXP 	left: autoDraw = True
133.1412 	EXP 	right: autoDraw = True
133.1412 	EXP 	up: autoDraw = True
133.1412 	EXP 	down: autoDraw = True
133.1580 	EXP 	center: autoDraw = True
133.1580 	EXP 	left: autoDraw = True
133.1580 	EXP 	right: autoDraw = True
133.1580 	EXP 	up: autoDraw = True
133.1580 	EXP 	down: autoDraw = True
133.1745 	EXP 	center: autoDraw = True
133.1745 	EXP 	left: autoDraw = True
133.1745 	EXP 	right: autoDraw = True
133.1745 	EXP 	up: autoDraw = True
133.1745 	EXP 	down: autoDraw = True
133.1910 	EXP 	center: autoDraw = True
133.1910 	EXP 	left: autoDraw = True
133.1910 	EXP 	right: autoDraw = True
133.1910 	EXP 	up: autoDraw = True
133.1910 	EXP 	down: autoDraw = True
133.2079 	EXP 	center: autoDraw = True
133.2079 	EXP 	left: autoDraw = True
133.2079 	EXP 	right: autoDraw = True
133.2079 	EXP 	up: autoDraw = True
133.2079 	EXP 	down: autoDraw = True
133.2246 	EXP 	center: autoDraw = True
133.2246 	EXP 	left: autoDraw = True
133.2246 	EXP 	right: autoDraw = True
133.2246 	EXP 	up: autoDraw = True
133.2246 	EXP 	down: autoDraw = True
133.2415 	EXP 	center: autoDraw = True
133.2415 	EXP 	left: autoDraw = True
133.2415 	EXP 	right: autoDraw = True
133.2415 	EXP 	up: autoDraw = True
133.2415 	EXP 	down: autoDraw = True
133.2577 	EXP 	center: autoDraw = True
133.2577 	EXP 	left: autoDraw = True
133.2577 	EXP 	right: autoDraw = True
133.2577 	EXP 	up: autoDraw = True
133.2577 	EXP 	down: autoDraw = True
133.2747 	EXP 	center: autoDraw = True
133.2747 	EXP 	left: autoDraw = True
133.2747 	EXP 	right: autoDraw = True
133.2747 	EXP 	up: autoDraw = True
133.2747 	EXP 	down: autoDraw = True
133.2910 	EXP 	center: autoDraw = True
133.2910 	EXP 	left: autoDraw = True
133.2910 	EXP 	right: autoDraw = True
133.2910 	EXP 	up: autoDraw = True
133.2910 	EXP 	down: autoDraw = True
133.3071 	EXP 	center: autoDraw = True
133.3071 	EXP 	left: autoDraw = True
133.3071 	EXP 	right: autoDraw = True
133.3071 	EXP 	up: autoDraw = True
133.3071 	EXP 	down: autoDraw = True
133.3245 	EXP 	center: autoDraw = True
133.3245 	EXP 	left: autoDraw = True
133.3245 	EXP 	right: autoDraw = True
133.3245 	EXP 	up: autoDraw = True
133.3245 	EXP 	down: autoDraw = True
133.3413 	EXP 	center: autoDraw = True
133.3413 	EXP 	left: autoDraw = True
133.3413 	EXP 	right: autoDraw = True
133.3413 	EXP 	up: autoDraw = True
133.3413 	EXP 	down: autoDraw = True
133.3578 	EXP 	center: autoDraw = True
133.3578 	EXP 	left: autoDraw = True
133.3578 	EXP 	right: autoDraw = True
133.3578 	EXP 	up: autoDraw = True
133.3578 	EXP 	down: autoDraw = True
133.3739 	EXP 	center: autoDraw = True
133.3739 	EXP 	left: autoDraw = True
133.3739 	EXP 	right: autoDraw = True
133.3739 	EXP 	up: autoDraw = True
133.3739 	EXP 	down: autoDraw = True
133.3911 	EXP 	center: autoDraw = True
133.3911 	EXP 	left: autoDraw = True
133.3911 	EXP 	right: autoDraw = True
133.3911 	EXP 	up: autoDraw = True
133.3911 	EXP 	down: autoDraw = True
133.4078 	EXP 	center: autoDraw = True
133.4078 	EXP 	left: autoDraw = True
133.4078 	EXP 	right: autoDraw = True
133.4078 	EXP 	up: autoDraw = True
133.4078 	EXP 	down: autoDraw = True
133.4247 	EXP 	center: autoDraw = True
133.4247 	EXP 	left: autoDraw = True
133.4247 	EXP 	right: autoDraw = True
133.4247 	EXP 	up: autoDraw = True
133.4247 	EXP 	down: autoDraw = True
133.4411 	EXP 	center: autoDraw = True
133.4411 	EXP 	left: autoDraw = True
133.4411 	EXP 	right: autoDraw = True
133.4411 	EXP 	up: autoDraw = True
133.4411 	EXP 	down: autoDraw = True
133.4579 	EXP 	center: autoDraw = True
133.4579 	EXP 	left: autoDraw = True
133.4579 	EXP 	right: autoDraw = True
133.4579 	EXP 	up: autoDraw = True
133.4579 	EXP 	down: autoDraw = True
133.4748 	EXP 	center: autoDraw = True
133.4748 	EXP 	left: autoDraw = True
133.4748 	EXP 	right: autoDraw = True
133.4748 	EXP 	up: autoDraw = True
133.4748 	EXP 	down: autoDraw = True
133.4911 	EXP 	center: autoDraw = True
133.4911 	EXP 	left: autoDraw = True
133.4911 	EXP 	right: autoDraw = True
133.4911 	EXP 	up: autoDraw = True
133.4911 	EXP 	down: autoDraw = True
133.5079 	EXP 	center: autoDraw = True
133.5079 	EXP 	left: autoDraw = True
133.5079 	EXP 	right: autoDraw = True
133.5079 	EXP 	up: autoDraw = True
133.5079 	EXP 	down: autoDraw = True
133.5247 	EXP 	center: autoDraw = True
133.5247 	EXP 	left: autoDraw = True
133.5247 	EXP 	right: autoDraw = True
133.5247 	EXP 	up: autoDraw = True
133.5247 	EXP 	down: autoDraw = True
133.5411 	EXP 	center: autoDraw = True
133.5411 	EXP 	left: autoDraw = True
133.5411 	EXP 	right: autoDraw = True
133.5411 	EXP 	up: autoDraw = True
133.5411 	EXP 	down: autoDraw = True
133.5578 	EXP 	center: autoDraw = True
133.5578 	EXP 	left: autoDraw = True
133.5578 	EXP 	right: autoDraw = True
133.5578 	EXP 	up: autoDraw = True
133.5578 	EXP 	down: autoDraw = True
133.5742 	EXP 	center: autoDraw = True
133.5742 	EXP 	left: autoDraw = True
133.5742 	EXP 	right: autoDraw = True
133.5742 	EXP 	up: autoDraw = True
133.5742 	EXP 	down: autoDraw = True
133.5912 	EXP 	center: autoDraw = True
133.5912 	EXP 	left: autoDraw = True
133.5912 	EXP 	right: autoDraw = True
133.5912 	EXP 	up: autoDraw = True
133.5912 	EXP 	down: autoDraw = True
133.6080 	EXP 	center: autoDraw = True
133.6080 	EXP 	left: autoDraw = True
133.6080 	EXP 	right: autoDraw = True
133.6080 	EXP 	up: autoDraw = True
133.6080 	EXP 	down: autoDraw = True
133.6244 	EXP 	center: autoDraw = True
133.6244 	EXP 	left: autoDraw = True
133.6244 	EXP 	right: autoDraw = True
133.6244 	EXP 	up: autoDraw = True
133.6244 	EXP 	down: autoDraw = True
133.6411 	EXP 	center: autoDraw = True
133.6411 	EXP 	left: autoDraw = True
133.6411 	EXP 	right: autoDraw = True
133.6411 	EXP 	up: autoDraw = True
133.6411 	EXP 	down: autoDraw = True
133.6580 	EXP 	center: autoDraw = True
133.6580 	EXP 	left: autoDraw = True
133.6580 	EXP 	right: autoDraw = True
133.6580 	EXP 	up: autoDraw = True
133.6580 	EXP 	down: autoDraw = True
133.6744 	EXP 	center: autoDraw = True
133.6744 	EXP 	left: autoDraw = True
133.6744 	EXP 	right: autoDraw = True
133.6744 	EXP 	up: autoDraw = True
133.6744 	EXP 	down: autoDraw = True
133.6904 	EXP 	center: autoDraw = True
133.6904 	EXP 	left: autoDraw = True
133.6904 	EXP 	right: autoDraw = True
133.6904 	EXP 	up: autoDraw = True
133.6904 	EXP 	down: autoDraw = True
133.7077 	EXP 	center: autoDraw = True
133.7077 	EXP 	left: autoDraw = True
133.7077 	EXP 	right: autoDraw = True
133.7077 	EXP 	up: autoDraw = True
133.7077 	EXP 	down: autoDraw = True
133.7245 	EXP 	center: autoDraw = True
133.7245 	EXP 	left: autoDraw = True
133.7245 	EXP 	right: autoDraw = True
133.7245 	EXP 	up: autoDraw = True
133.7245 	EXP 	down: autoDraw = True
133.7411 	EXP 	center: autoDraw = True
133.7411 	EXP 	left: autoDraw = True
133.7411 	EXP 	right: autoDraw = True
133.7411 	EXP 	up: autoDraw = True
133.7411 	EXP 	down: autoDraw = True
133.7578 	EXP 	center: autoDraw = True
133.7578 	EXP 	left: autoDraw = True
133.7578 	EXP 	right: autoDraw = True
133.7578 	EXP 	up: autoDraw = True
133.7578 	EXP 	down: autoDraw = True
133.7747 	EXP 	center: autoDraw = True
133.7747 	EXP 	left: autoDraw = True
133.7747 	EXP 	right: autoDraw = True
133.7747 	EXP 	up: autoDraw = True
133.7747 	EXP 	down: autoDraw = True
133.7910 	EXP 	center: autoDraw = True
133.7910 	EXP 	left: autoDraw = True
133.7910 	EXP 	right: autoDraw = True
133.7910 	EXP 	up: autoDraw = True
133.7910 	EXP 	down: autoDraw = True
133.8078 	EXP 	center: autoDraw = True
133.8078 	EXP 	left: autoDraw = True
133.8078 	EXP 	right: autoDraw = True
133.8078 	EXP 	up: autoDraw = True
133.8078 	EXP 	down: autoDraw = True
133.8245 	EXP 	center: autoDraw = True
133.8245 	EXP 	left: autoDraw = True
133.8245 	EXP 	right: autoDraw = True
133.8245 	EXP 	up: autoDraw = True
133.8245 	EXP 	down: autoDraw = True
133.8412 	EXP 	center: autoDraw = True
133.8412 	EXP 	left: autoDraw = True
133.8412 	EXP 	right: autoDraw = True
133.8412 	EXP 	up: autoDraw = True
133.8412 	EXP 	down: autoDraw = True
133.8579 	EXP 	center: autoDraw = True
133.8579 	EXP 	left: autoDraw = True
133.8579 	EXP 	right: autoDraw = True
133.8579 	EXP 	up: autoDraw = True
133.8579 	EXP 	down: autoDraw = True
133.8746 	EXP 	center: autoDraw = True
133.8746 	EXP 	left: autoDraw = True
133.8746 	EXP 	right: autoDraw = True
133.8746 	EXP 	up: autoDraw = True
133.8746 	EXP 	down: autoDraw = True
133.8910 	EXP 	center: autoDraw = True
133.8910 	EXP 	left: autoDraw = True
133.8910 	EXP 	right: autoDraw = True
133.8910 	EXP 	up: autoDraw = True
133.8910 	EXP 	down: autoDraw = True
133.9077 	EXP 	center: autoDraw = True
133.9077 	EXP 	left: autoDraw = True
133.9077 	EXP 	right: autoDraw = True
133.9077 	EXP 	up: autoDraw = True
133.9077 	EXP 	down: autoDraw = True
133.9247 	EXP 	center: autoDraw = True
133.9247 	EXP 	left: autoDraw = True
133.9247 	EXP 	right: autoDraw = True
133.9247 	EXP 	up: autoDraw = True
133.9247 	EXP 	down: autoDraw = True
133.9410 	EXP 	center: autoDraw = True
133.9410 	EXP 	left: autoDraw = True
133.9410 	EXP 	right: autoDraw = True
133.9410 	EXP 	up: autoDraw = True
133.9410 	EXP 	down: autoDraw = True
133.9573 	EXP 	center: autoDraw = True
133.9573 	EXP 	left: autoDraw = True
133.9573 	EXP 	right: autoDraw = True
133.9573 	EXP 	up: autoDraw = True
133.9573 	EXP 	down: autoDraw = True
133.9744 	EXP 	center: autoDraw = True
133.9744 	EXP 	left: autoDraw = True
133.9744 	EXP 	right: autoDraw = True
133.9744 	EXP 	up: autoDraw = True
133.9744 	EXP 	down: autoDraw = True
133.9912 	EXP 	center: autoDraw = True
133.9912 	EXP 	left: autoDraw = True
133.9912 	EXP 	right: autoDraw = True
133.9912 	EXP 	up: autoDraw = True
133.9912 	EXP 	down: autoDraw = True
134.0080 	EXP 	center: autoDraw = True
134.0080 	EXP 	left: autoDraw = True
134.0080 	EXP 	right: autoDraw = True
134.0080 	EXP 	up: autoDraw = True
134.0080 	EXP 	down: autoDraw = True
134.0244 	EXP 	center: autoDraw = True
134.0244 	EXP 	left: autoDraw = True
134.0244 	EXP 	right: autoDraw = True
134.0244 	EXP 	up: autoDraw = True
134.0244 	EXP 	down: autoDraw = True
134.0413 	EXP 	center: autoDraw = True
134.0413 	EXP 	left: autoDraw = True
134.0413 	EXP 	right: autoDraw = True
134.0413 	EXP 	up: autoDraw = True
134.0413 	EXP 	down: autoDraw = True
134.0577 	EXP 	center: autoDraw = True
134.0577 	EXP 	left: autoDraw = True
134.0577 	EXP 	right: autoDraw = True
134.0577 	EXP 	up: autoDraw = True
134.0577 	EXP 	down: autoDraw = True
134.0745 	EXP 	center: autoDraw = True
134.0745 	EXP 	left: autoDraw = True
134.0745 	EXP 	right: autoDraw = True
134.0745 	EXP 	up: autoDraw = True
134.0745 	EXP 	down: autoDraw = True
134.0905 	EXP 	center: autoDraw = True
134.0905 	EXP 	left: autoDraw = True
134.0905 	EXP 	right: autoDraw = True
134.0905 	EXP 	up: autoDraw = True
134.0905 	EXP 	down: autoDraw = True
134.1078 	EXP 	center: autoDraw = True
134.1078 	EXP 	left: autoDraw = True
134.1078 	EXP 	right: autoDraw = True
134.1078 	EXP 	up: autoDraw = True
134.1078 	EXP 	down: autoDraw = True
134.1246 	EXP 	center: autoDraw = True
134.1246 	EXP 	left: autoDraw = True
134.1246 	EXP 	right: autoDraw = True
134.1246 	EXP 	up: autoDraw = True
134.1246 	EXP 	down: autoDraw = True
134.1413 	EXP 	center: autoDraw = True
134.1413 	EXP 	left: autoDraw = True
134.1413 	EXP 	right: autoDraw = True
134.1413 	EXP 	up: autoDraw = True
134.1413 	EXP 	down: autoDraw = True
134.1576 	EXP 	center: autoDraw = True
134.1576 	EXP 	left: autoDraw = True
134.1576 	EXP 	right: autoDraw = True
134.1576 	EXP 	up: autoDraw = True
134.1576 	EXP 	down: autoDraw = True
134.1744 	EXP 	center: autoDraw = True
134.1744 	EXP 	left: autoDraw = True
134.1744 	EXP 	right: autoDraw = True
134.1744 	EXP 	up: autoDraw = True
134.1744 	EXP 	down: autoDraw = True
134.1913 	EXP 	center: autoDraw = True
134.1913 	EXP 	left: autoDraw = True
134.1913 	EXP 	right: autoDraw = True
134.1913 	EXP 	up: autoDraw = True
134.1913 	EXP 	down: autoDraw = True
134.2077 	EXP 	center: autoDraw = True
134.2077 	EXP 	left: autoDraw = True
134.2077 	EXP 	right: autoDraw = True
134.2077 	EXP 	up: autoDraw = True
134.2077 	EXP 	down: autoDraw = True
134.2243 	EXP 	center: autoDraw = True
134.2243 	EXP 	left: autoDraw = True
134.2243 	EXP 	right: autoDraw = True
134.2243 	EXP 	up: autoDraw = True
134.2243 	EXP 	down: autoDraw = True
134.2410 	EXP 	center: autoDraw = True
134.2410 	EXP 	left: autoDraw = True
134.2410 	EXP 	right: autoDraw = True
134.2410 	EXP 	up: autoDraw = True
134.2410 	EXP 	down: autoDraw = True
134.2577 	EXP 	center: autoDraw = True
134.2577 	EXP 	left: autoDraw = True
134.2577 	EXP 	right: autoDraw = True
134.2577 	EXP 	up: autoDraw = True
134.2577 	EXP 	down: autoDraw = True
134.2744 	EXP 	center: autoDraw = True
134.2744 	EXP 	left: autoDraw = True
134.2744 	EXP 	right: autoDraw = True
134.2744 	EXP 	up: autoDraw = True
134.2744 	EXP 	down: autoDraw = True
134.2912 	EXP 	center: autoDraw = True
134.2912 	EXP 	left: autoDraw = True
134.2912 	EXP 	right: autoDraw = True
134.2912 	EXP 	up: autoDraw = True
134.2912 	EXP 	down: autoDraw = True
134.3077 	EXP 	center: autoDraw = True
134.3077 	EXP 	left: autoDraw = True
134.3077 	EXP 	right: autoDraw = True
134.3077 	EXP 	up: autoDraw = True
134.3077 	EXP 	down: autoDraw = True
134.3244 	EXP 	center: autoDraw = True
134.3244 	EXP 	left: autoDraw = True
134.3244 	EXP 	right: autoDraw = True
134.3244 	EXP 	up: autoDraw = True
134.3244 	EXP 	down: autoDraw = True
134.3406 	EXP 	center: autoDraw = True
134.3406 	EXP 	left: autoDraw = True
134.3406 	EXP 	right: autoDraw = True
134.3406 	EXP 	up: autoDraw = True
134.3406 	EXP 	down: autoDraw = True
134.3576 	EXP 	center: autoDraw = True
134.3576 	EXP 	left: autoDraw = True
134.3576 	EXP 	right: autoDraw = True
134.3576 	EXP 	up: autoDraw = True
134.3576 	EXP 	down: autoDraw = True
134.3745 	EXP 	center: autoDraw = True
134.3745 	EXP 	left: autoDraw = True
134.3745 	EXP 	right: autoDraw = True
134.3745 	EXP 	up: autoDraw = True
134.3745 	EXP 	down: autoDraw = True
134.3912 	EXP 	center: autoDraw = True
134.3912 	EXP 	left: autoDraw = True
134.3912 	EXP 	right: autoDraw = True
134.3912 	EXP 	up: autoDraw = True
134.3912 	EXP 	down: autoDraw = True
134.4080 	EXP 	center: autoDraw = True
134.4080 	EXP 	left: autoDraw = True
134.4080 	EXP 	right: autoDraw = True
134.4080 	EXP 	up: autoDraw = True
134.4080 	EXP 	down: autoDraw = True
134.4243 	EXP 	center: autoDraw = True
134.4243 	EXP 	left: autoDraw = True
134.4243 	EXP 	right: autoDraw = True
134.4243 	EXP 	up: autoDraw = True
134.4243 	EXP 	down: autoDraw = True
134.4410 	EXP 	center: autoDraw = True
134.4410 	EXP 	left: autoDraw = True
134.4410 	EXP 	right: autoDraw = True
134.4410 	EXP 	up: autoDraw = True
134.4410 	EXP 	down: autoDraw = True
134.4579 	EXP 	center: autoDraw = True
134.4579 	EXP 	left: autoDraw = True
134.4579 	EXP 	right: autoDraw = True
134.4579 	EXP 	up: autoDraw = True
134.4579 	EXP 	down: autoDraw = True
134.4744 	EXP 	center: autoDraw = True
134.4744 	EXP 	left: autoDraw = True
134.4744 	EXP 	right: autoDraw = True
134.4744 	EXP 	up: autoDraw = True
134.4744 	EXP 	down: autoDraw = True
134.4911 	EXP 	center: autoDraw = True
134.4911 	EXP 	left: autoDraw = True
134.4911 	EXP 	right: autoDraw = True
134.4911 	EXP 	up: autoDraw = True
134.4911 	EXP 	down: autoDraw = True
134.5079 	EXP 	center: autoDraw = True
134.5079 	EXP 	left: autoDraw = True
134.5079 	EXP 	right: autoDraw = True
134.5079 	EXP 	up: autoDraw = True
134.5079 	EXP 	down: autoDraw = True
134.5243 	EXP 	center: autoDraw = True
134.5243 	EXP 	left: autoDraw = True
134.5243 	EXP 	right: autoDraw = True
134.5243 	EXP 	up: autoDraw = True
134.5243 	EXP 	down: autoDraw = True
134.5411 	EXP 	center: autoDraw = True
134.5411 	EXP 	left: autoDraw = True
134.5411 	EXP 	right: autoDraw = True
134.5411 	EXP 	up: autoDraw = True
134.5411 	EXP 	down: autoDraw = True
134.5578 	EXP 	center: autoDraw = True
134.5578 	EXP 	left: autoDraw = True
134.5578 	EXP 	right: autoDraw = True
134.5578 	EXP 	up: autoDraw = True
134.5578 	EXP 	down: autoDraw = True
134.5738 	EXP 	center: autoDraw = True
134.5738 	EXP 	left: autoDraw = True
134.5738 	EXP 	right: autoDraw = True
134.5738 	EXP 	up: autoDraw = True
134.5738 	EXP 	down: autoDraw = True
134.5909 	EXP 	center: autoDraw = True
134.5909 	EXP 	left: autoDraw = True
134.5909 	EXP 	right: autoDraw = True
134.5909 	EXP 	up: autoDraw = True
134.5909 	EXP 	down: autoDraw = True
134.6075 	EXP 	center: autoDraw = True
134.6075 	EXP 	left: autoDraw = True
134.6075 	EXP 	right: autoDraw = True
134.6075 	EXP 	up: autoDraw = True
134.6075 	EXP 	down: autoDraw = True
134.6245 	EXP 	center: autoDraw = True
134.6245 	EXP 	left: autoDraw = True
134.6245 	EXP 	right: autoDraw = True
134.6245 	EXP 	up: autoDraw = True
134.6245 	EXP 	down: autoDraw = True
134.6413 	EXP 	center: autoDraw = True
134.6413 	EXP 	left: autoDraw = True
134.6413 	EXP 	right: autoDraw = True
134.6413 	EXP 	up: autoDraw = True
134.6413 	EXP 	down: autoDraw = True
134.6415 	EXP 	Sound  started
134.6476 	DATA 	sclo | frame count: 480
134.6652 	EXP 	center: autoDraw = True
134.6652 	EXP 	left: autoDraw = True
134.6652 	EXP 	right: autoDraw = True
134.6652 	EXP 	up: autoDraw = True
134.6652 	EXP 	down: autoDraw = True
134.6743 	EXP 	center: autoDraw = True
134.6743 	EXP 	left: autoDraw = True
134.6743 	EXP 	right: autoDraw = True
134.6743 	EXP 	up: autoDraw = True
134.6743 	EXP 	down: autoDraw = True
134.6912 	EXP 	center: autoDraw = True
134.6912 	EXP 	left: autoDraw = True
134.6912 	EXP 	right: autoDraw = True
134.6912 	EXP 	up: autoDraw = True
134.6912 	EXP 	down: autoDraw = True
134.7077 	EXP 	center: autoDraw = True
134.7077 	EXP 	left: autoDraw = True
134.7077 	EXP 	right: autoDraw = True
134.7077 	EXP 	up: autoDraw = True
134.7077 	EXP 	down: autoDraw = True
134.7246 	EXP 	center: autoDraw = True
134.7246 	EXP 	left: autoDraw = True
134.7246 	EXP 	right: autoDraw = True
134.7246 	EXP 	up: autoDraw = True
134.7246 	EXP 	down: autoDraw = True
134.7409 	EXP 	center: autoDraw = True
134.7409 	EXP 	left: autoDraw = True
134.7409 	EXP 	right: autoDraw = True
134.7409 	EXP 	up: autoDraw = True
134.7409 	EXP 	down: autoDraw = True
134.7578 	EXP 	center: autoDraw = True
134.7578 	EXP 	left: autoDraw = True
134.7578 	EXP 	right: autoDraw = True
134.7578 	EXP 	up: autoDraw = True
134.7578 	EXP 	down: autoDraw = True
134.7746 	EXP 	center: autoDraw = True
134.7746 	EXP 	left: autoDraw = True
134.7746 	EXP 	right: autoDraw = True
134.7746 	EXP 	up: autoDraw = True
134.7746 	EXP 	down: autoDraw = True
134.7911 	EXP 	center: autoDraw = True
134.7911 	EXP 	left: autoDraw = True
134.7911 	EXP 	right: autoDraw = True
134.7911 	EXP 	up: autoDraw = True
134.7911 	EXP 	down: autoDraw = True
134.8071 	EXP 	center: autoDraw = True
134.8071 	EXP 	left: autoDraw = True
134.8071 	EXP 	right: autoDraw = True
134.8071 	EXP 	up: autoDraw = True
134.8071 	EXP 	down: autoDraw = True
134.8243 	EXP 	center: autoDraw = True
134.8243 	EXP 	left: autoDraw = True
134.8243 	EXP 	right: autoDraw = True
134.8243 	EXP 	up: autoDraw = True
134.8243 	EXP 	down: autoDraw = True
134.8412 	EXP 	center: autoDraw = True
134.8412 	EXP 	left: autoDraw = True
134.8412 	EXP 	right: autoDraw = True
134.8412 	EXP 	up: autoDraw = True
134.8412 	EXP 	down: autoDraw = True
134.8577 	EXP 	center: autoDraw = True
134.8577 	EXP 	left: autoDraw = True
134.8577 	EXP 	right: autoDraw = True
134.8577 	EXP 	up: autoDraw = True
134.8577 	EXP 	down: autoDraw = True
134.8739 	EXP 	center: autoDraw = True
134.8739 	EXP 	left: autoDraw = True
134.8739 	EXP 	right: autoDraw = True
134.8739 	EXP 	up: autoDraw = True
134.8739 	EXP 	down: autoDraw = True
134.8909 	EXP 	center: autoDraw = True
134.8909 	EXP 	left: autoDraw = True
134.8909 	EXP 	right: autoDraw = True
134.8909 	EXP 	up: autoDraw = True
134.8909 	EXP 	down: autoDraw = True
134.9078 	EXP 	center: autoDraw = True
134.9078 	EXP 	left: autoDraw = True
134.9078 	EXP 	right: autoDraw = True
134.9078 	EXP 	up: autoDraw = True
134.9078 	EXP 	down: autoDraw = True
134.9246 	EXP 	center: autoDraw = True
134.9246 	EXP 	left: autoDraw = True
134.9246 	EXP 	right: autoDraw = True
134.9246 	EXP 	up: autoDraw = True
134.9246 	EXP 	down: autoDraw = True
134.9409 	EXP 	center: autoDraw = True
134.9409 	EXP 	left: autoDraw = True
134.9409 	EXP 	right: autoDraw = True
134.9409 	EXP 	up: autoDraw = True
134.9409 	EXP 	down: autoDraw = True
134.9579 	EXP 	center: autoDraw = True
134.9579 	EXP 	left: autoDraw = True
134.9579 	EXP 	right: autoDraw = True
134.9579 	EXP 	up: autoDraw = True
134.9579 	EXP 	down: autoDraw = True
134.9746 	EXP 	center: autoDraw = True
134.9746 	EXP 	left: autoDraw = True
134.9746 	EXP 	right: autoDraw = True
134.9746 	EXP 	up: autoDraw = True
134.9746 	EXP 	down: autoDraw = True
134.9910 	EXP 	center: autoDraw = True
134.9910 	EXP 	left: autoDraw = True
134.9910 	EXP 	right: autoDraw = True
134.9910 	EXP 	up: autoDraw = True
134.9910 	EXP 	down: autoDraw = True
135.0078 	EXP 	center: autoDraw = True
135.0078 	EXP 	left: autoDraw = True
135.0078 	EXP 	right: autoDraw = True
135.0078 	EXP 	up: autoDraw = True
135.0078 	EXP 	down: autoDraw = True
135.0247 	EXP 	center: autoDraw = True
135.0247 	EXP 	left: autoDraw = True
135.0247 	EXP 	right: autoDraw = True
135.0247 	EXP 	up: autoDraw = True
135.0247 	EXP 	down: autoDraw = True
135.0410 	EXP 	center: autoDraw = True
135.0410 	EXP 	left: autoDraw = True
135.0410 	EXP 	right: autoDraw = True
135.0410 	EXP 	up: autoDraw = True
135.0410 	EXP 	down: autoDraw = True
135.0577 	EXP 	center: autoDraw = True
135.0577 	EXP 	left: autoDraw = True
135.0577 	EXP 	right: autoDraw = True
135.0577 	EXP 	up: autoDraw = True
135.0577 	EXP 	down: autoDraw = True
135.0745 	EXP 	center: autoDraw = True
135.0745 	EXP 	left: autoDraw = True
135.0745 	EXP 	right: autoDraw = True
135.0745 	EXP 	up: autoDraw = True
135.0745 	EXP 	down: autoDraw = True
135.0908 	EXP 	center: autoDraw = True
135.0908 	EXP 	left: autoDraw = True
135.0908 	EXP 	right: autoDraw = True
135.0908 	EXP 	up: autoDraw = True
135.0908 	EXP 	down: autoDraw = True
135.1079 	EXP 	center: autoDraw = True
135.1079 	EXP 	left: autoDraw = True
135.1079 	EXP 	right: autoDraw = True
135.1079 	EXP 	up: autoDraw = True
135.1079 	EXP 	down: autoDraw = True
135.1243 	EXP 	center: autoDraw = True
135.1243 	EXP 	left: autoDraw = True
135.1243 	EXP 	right: autoDraw = True
135.1243 	EXP 	up: autoDraw = True
135.1243 	EXP 	down: autoDraw = True
135.1411 	EXP 	center: autoDraw = True
135.1411 	EXP 	left: autoDraw = True
135.1411 	EXP 	right: autoDraw = True
135.1411 	EXP 	up: autoDraw = True
135.1411 	EXP 	down: autoDraw = True
135.1413 	DATA 	wsqS
135.1576 	EXP 	center: autoDraw = True
135.1576 	EXP 	left: autoDraw = True
135.1576 	EXP 	right: autoDraw = True
135.1576 	EXP 	up: autoDraw = True
135.1576 	EXP 	down: autoDraw = True
135.1576 	EXP 	whitesquare: autoDraw = True
135.1744 	EXP 	center: autoDraw = True
135.1744 	EXP 	left: autoDraw = True
135.1744 	EXP 	right: autoDraw = True
135.1744 	EXP 	up: autoDraw = True
135.1744 	EXP 	down: autoDraw = True
135.1744 	EXP 	whitesquare: autoDraw = False
135.1912 	EXP 	center: autoDraw = True
135.1912 	EXP 	left: autoDraw = True
135.1912 	EXP 	right: autoDraw = True
135.1912 	EXP 	up: autoDraw = True
135.1912 	EXP 	down: autoDraw = True
135.2076 	EXP 	center: autoDraw = True
135.2076 	EXP 	left: autoDraw = True
135.2076 	EXP 	right: autoDraw = True
135.2076 	EXP 	up: autoDraw = True
135.2076 	EXP 	down: autoDraw = True
135.2245 	EXP 	center: autoDraw = True
135.2245 	EXP 	left: autoDraw = True
135.2245 	EXP 	right: autoDraw = True
135.2245 	EXP 	up: autoDraw = True
135.2245 	EXP 	down: autoDraw = True
135.2412 	EXP 	center: autoDraw = True
135.2412 	EXP 	left: autoDraw = True
135.2412 	EXP 	right: autoDraw = True
135.2412 	EXP 	up: autoDraw = True
135.2412 	EXP 	down: autoDraw = True
135.2576 	EXP 	center: autoDraw = True
135.2576 	EXP 	left: autoDraw = True
135.2576 	EXP 	right: autoDraw = True
135.2576 	EXP 	up: autoDraw = True
135.2576 	EXP 	down: autoDraw = True
135.2744 	EXP 	center: autoDraw = True
135.2744 	EXP 	left: autoDraw = True
135.2744 	EXP 	right: autoDraw = True
135.2744 	EXP 	up: autoDraw = True
135.2744 	EXP 	down: autoDraw = True
135.2912 	EXP 	center: autoDraw = True
135.2912 	EXP 	left: autoDraw = True
135.2912 	EXP 	right: autoDraw = True
135.2912 	EXP 	up: autoDraw = True
135.2912 	EXP 	down: autoDraw = True
135.3076 	EXP 	center: autoDraw = True
135.3076 	EXP 	left: autoDraw = True
135.3076 	EXP 	right: autoDraw = True
135.3076 	EXP 	up: autoDraw = True
135.3076 	EXP 	down: autoDraw = True
135.3243 	EXP 	center: autoDraw = True
135.3243 	EXP 	left: autoDraw = True
135.3243 	EXP 	right: autoDraw = True
135.3243 	EXP 	up: autoDraw = True
135.3243 	EXP 	down: autoDraw = True
135.3414 	EXP 	center: autoDraw = True
135.3414 	EXP 	left: autoDraw = True
135.3414 	EXP 	right: autoDraw = True
135.3414 	EXP 	up: autoDraw = True
135.3414 	EXP 	down: autoDraw = True
135.3576 	EXP 	center: autoDraw = True
135.3576 	EXP 	left: autoDraw = True
135.3576 	EXP 	right: autoDraw = True
135.3576 	EXP 	up: autoDraw = True
135.3576 	EXP 	down: autoDraw = True
135.3745 	EXP 	center: autoDraw = True
135.3745 	EXP 	left: autoDraw = True
135.3745 	EXP 	right: autoDraw = True
135.3745 	EXP 	up: autoDraw = True
135.3745 	EXP 	down: autoDraw = True
135.3911 	EXP 	center: autoDraw = True
135.3911 	EXP 	left: autoDraw = True
135.3911 	EXP 	right: autoDraw = True
135.3911 	EXP 	up: autoDraw = True
135.3911 	EXP 	down: autoDraw = True
135.4079 	EXP 	center: autoDraw = True
135.4079 	EXP 	left: autoDraw = True
135.4079 	EXP 	right: autoDraw = True
135.4079 	EXP 	up: autoDraw = True
135.4079 	EXP 	down: autoDraw = True
135.4242 	EXP 	center: autoDraw = True
135.4242 	EXP 	left: autoDraw = True
135.4242 	EXP 	right: autoDraw = True
135.4242 	EXP 	up: autoDraw = True
135.4242 	EXP 	down: autoDraw = True
135.4411 	EXP 	center: autoDraw = True
135.4411 	EXP 	left: autoDraw = True
135.4411 	EXP 	right: autoDraw = True
135.4411 	EXP 	up: autoDraw = True
135.4411 	EXP 	down: autoDraw = True
135.4575 	EXP 	center: autoDraw = True
135.4575 	EXP 	left: autoDraw = True
135.4575 	EXP 	right: autoDraw = True
135.4575 	EXP 	up: autoDraw = True
135.4575 	EXP 	down: autoDraw = True
135.4743 	EXP 	center: autoDraw = True
135.4743 	EXP 	left: autoDraw = True
135.4743 	EXP 	right: autoDraw = True
135.4743 	EXP 	up: autoDraw = True
135.4743 	EXP 	down: autoDraw = True
135.4911 	EXP 	center: autoDraw = True
135.4911 	EXP 	left: autoDraw = True
135.4911 	EXP 	right: autoDraw = True
135.4911 	EXP 	up: autoDraw = True
135.4911 	EXP 	down: autoDraw = True
135.5079 	EXP 	center: autoDraw = True
135.5079 	EXP 	left: autoDraw = True
135.5079 	EXP 	right: autoDraw = True
135.5079 	EXP 	up: autoDraw = True
135.5079 	EXP 	down: autoDraw = True
135.5243 	EXP 	center: autoDraw = True
135.5243 	EXP 	left: autoDraw = True
135.5243 	EXP 	right: autoDraw = True
135.5243 	EXP 	up: autoDraw = True
135.5243 	EXP 	down: autoDraw = True
135.5410 	EXP 	center: autoDraw = True
135.5410 	EXP 	left: autoDraw = True
135.5410 	EXP 	right: autoDraw = True
135.5410 	EXP 	up: autoDraw = True
135.5410 	EXP 	down: autoDraw = True
135.5578 	EXP 	center: autoDraw = True
135.5578 	EXP 	left: autoDraw = True
135.5578 	EXP 	right: autoDraw = True
135.5578 	EXP 	up: autoDraw = True
135.5578 	EXP 	down: autoDraw = True
135.5742 	EXP 	center: autoDraw = True
135.5742 	EXP 	left: autoDraw = True
135.5742 	EXP 	right: autoDraw = True
135.5742 	EXP 	up: autoDraw = True
135.5742 	EXP 	down: autoDraw = True
135.5910 	EXP 	center: autoDraw = True
135.5910 	EXP 	left: autoDraw = True
135.5910 	EXP 	right: autoDraw = True
135.5910 	EXP 	up: autoDraw = True
135.5910 	EXP 	down: autoDraw = True
135.6077 	EXP 	center: autoDraw = True
135.6077 	EXP 	left: autoDraw = True
135.6077 	EXP 	right: autoDraw = True
135.6077 	EXP 	up: autoDraw = True
135.6077 	EXP 	down: autoDraw = True
135.6244 	EXP 	center: autoDraw = True
135.6244 	EXP 	left: autoDraw = True
135.6244 	EXP 	right: autoDraw = True
135.6244 	EXP 	up: autoDraw = True
135.6244 	EXP 	down: autoDraw = True
135.6406 	EXP 	center: autoDraw = True
135.6406 	EXP 	left: autoDraw = True
135.6406 	EXP 	right: autoDraw = True
135.6406 	EXP 	up: autoDraw = True
135.6406 	EXP 	down: autoDraw = True
135.6577 	EXP 	center: autoDraw = True
135.6577 	EXP 	left: autoDraw = True
135.6577 	EXP 	right: autoDraw = True
135.6577 	EXP 	up: autoDraw = True
135.6577 	EXP 	down: autoDraw = True
135.6744 	EXP 	center: autoDraw = True
135.6744 	EXP 	left: autoDraw = True
135.6744 	EXP 	right: autoDraw = True
135.6744 	EXP 	up: autoDraw = True
135.6744 	EXP 	down: autoDraw = True
135.6912 	EXP 	center: autoDraw = True
135.6912 	EXP 	left: autoDraw = True
135.6912 	EXP 	right: autoDraw = True
135.6912 	EXP 	up: autoDraw = True
135.6912 	EXP 	down: autoDraw = True
135.7075 	EXP 	center: autoDraw = True
135.7075 	EXP 	left: autoDraw = True
135.7075 	EXP 	right: autoDraw = True
135.7075 	EXP 	up: autoDraw = True
135.7075 	EXP 	down: autoDraw = True
135.7244 	EXP 	center: autoDraw = True
135.7244 	EXP 	left: autoDraw = True
135.7244 	EXP 	right: autoDraw = True
135.7244 	EXP 	up: autoDraw = True
135.7244 	EXP 	down: autoDraw = True
135.7411 	EXP 	center: autoDraw = True
135.7411 	EXP 	left: autoDraw = True
135.7411 	EXP 	right: autoDraw = True
135.7411 	EXP 	up: autoDraw = True
135.7411 	EXP 	down: autoDraw = True
135.7569 	EXP 	center: autoDraw = True
135.7569 	EXP 	left: autoDraw = True
135.7569 	EXP 	right: autoDraw = True
135.7569 	EXP 	up: autoDraw = True
135.7569 	EXP 	down: autoDraw = True
135.7742 	EXP 	center: autoDraw = True
135.7742 	EXP 	left: autoDraw = True
135.7742 	EXP 	right: autoDraw = True
135.7742 	EXP 	up: autoDraw = True
135.7742 	EXP 	down: autoDraw = True
135.7910 	EXP 	center: autoDraw = True
135.7910 	EXP 	left: autoDraw = True
135.7910 	EXP 	right: autoDraw = True
135.7910 	EXP 	up: autoDraw = True
135.7910 	EXP 	down: autoDraw = True
135.8078 	EXP 	center: autoDraw = True
135.8078 	EXP 	left: autoDraw = True
135.8078 	EXP 	right: autoDraw = True
135.8078 	EXP 	up: autoDraw = True
135.8078 	EXP 	down: autoDraw = True
135.8242 	EXP 	center: autoDraw = True
135.8242 	EXP 	left: autoDraw = True
135.8242 	EXP 	right: autoDraw = True
135.8242 	EXP 	up: autoDraw = True
135.8242 	EXP 	down: autoDraw = True
135.8411 	EXP 	center: autoDraw = True
135.8411 	EXP 	left: autoDraw = True
135.8411 	EXP 	right: autoDraw = True
135.8411 	EXP 	up: autoDraw = True
135.8411 	EXP 	down: autoDraw = True
135.8578 	EXP 	center: autoDraw = True
135.8578 	EXP 	left: autoDraw = True
135.8578 	EXP 	right: autoDraw = True
135.8578 	EXP 	up: autoDraw = True
135.8578 	EXP 	down: autoDraw = True
135.8742 	EXP 	center: autoDraw = True
135.8742 	EXP 	left: autoDraw = True
135.8742 	EXP 	right: autoDraw = True
135.8742 	EXP 	up: autoDraw = True
135.8742 	EXP 	down: autoDraw = True
135.8910 	EXP 	center: autoDraw = True
135.8910 	EXP 	left: autoDraw = True
135.8910 	EXP 	right: autoDraw = True
135.8910 	EXP 	up: autoDraw = True
135.8910 	EXP 	down: autoDraw = True
135.9075 	EXP 	center: autoDraw = True
135.9075 	EXP 	left: autoDraw = True
135.9075 	EXP 	right: autoDraw = True
135.9075 	EXP 	up: autoDraw = True
135.9075 	EXP 	down: autoDraw = True
135.9244 	EXP 	center: autoDraw = True
135.9244 	EXP 	left: autoDraw = True
135.9244 	EXP 	right: autoDraw = True
135.9244 	EXP 	up: autoDraw = True
135.9244 	EXP 	down: autoDraw = True
135.9410 	EXP 	center: autoDraw = True
135.9410 	EXP 	left: autoDraw = True
135.9410 	EXP 	right: autoDraw = True
135.9410 	EXP 	up: autoDraw = True
135.9410 	EXP 	down: autoDraw = True
135.9578 	EXP 	center: autoDraw = True
135.9578 	EXP 	left: autoDraw = True
135.9578 	EXP 	right: autoDraw = True
135.9578 	EXP 	up: autoDraw = True
135.9578 	EXP 	down: autoDraw = True
135.9742 	EXP 	center: autoDraw = True
135.9742 	EXP 	left: autoDraw = True
135.9742 	EXP 	right: autoDraw = True
135.9742 	EXP 	up: autoDraw = True
135.9742 	EXP 	down: autoDraw = True
135.9910 	EXP 	center: autoDraw = True
135.9910 	EXP 	left: autoDraw = True
135.9910 	EXP 	right: autoDraw = True
135.9910 	EXP 	up: autoDraw = True
135.9910 	EXP 	down: autoDraw = True
136.0077 	EXP 	center: autoDraw = True
136.0077 	EXP 	left: autoDraw = True
136.0077 	EXP 	right: autoDraw = True
136.0077 	EXP 	up: autoDraw = True
136.0077 	EXP 	down: autoDraw = True
136.0239 	EXP 	center: autoDraw = True
136.0239 	EXP 	left: autoDraw = True
136.0239 	EXP 	right: autoDraw = True
136.0239 	EXP 	up: autoDraw = True
136.0239 	EXP 	down: autoDraw = True
136.0409 	EXP 	center: autoDraw = True
136.0409 	EXP 	left: autoDraw = True
136.0409 	EXP 	right: autoDraw = True
136.0409 	EXP 	up: autoDraw = True
136.0409 	EXP 	down: autoDraw = True
136.0576 	EXP 	center: autoDraw = True
136.0576 	EXP 	left: autoDraw = True
136.0576 	EXP 	right: autoDraw = True
136.0576 	EXP 	up: autoDraw = True
136.0576 	EXP 	down: autoDraw = True
136.0743 	EXP 	center: autoDraw = True
136.0743 	EXP 	left: autoDraw = True
136.0743 	EXP 	right: autoDraw = True
136.0743 	EXP 	up: autoDraw = True
136.0743 	EXP 	down: autoDraw = True
136.0910 	EXP 	center: autoDraw = True
136.0910 	EXP 	left: autoDraw = True
136.0910 	EXP 	right: autoDraw = True
136.0910 	EXP 	up: autoDraw = True
136.0910 	EXP 	down: autoDraw = True
136.1075 	EXP 	center: autoDraw = True
136.1075 	EXP 	left: autoDraw = True
136.1075 	EXP 	right: autoDraw = True
136.1075 	EXP 	up: autoDraw = True
136.1075 	EXP 	down: autoDraw = True
136.1242 	EXP 	center: autoDraw = True
136.1242 	EXP 	left: autoDraw = True
136.1242 	EXP 	right: autoDraw = True
136.1242 	EXP 	up: autoDraw = True
136.1242 	EXP 	down: autoDraw = True
136.1412 	EXP 	center: autoDraw = True
136.1412 	EXP 	left: autoDraw = True
136.1412 	EXP 	right: autoDraw = True
136.1412 	EXP 	up: autoDraw = True
136.1412 	EXP 	down: autoDraw = True
136.1575 	EXP 	center: autoDraw = True
136.1575 	EXP 	left: autoDraw = True
136.1575 	EXP 	right: autoDraw = True
136.1575 	EXP 	up: autoDraw = True
136.1575 	EXP 	down: autoDraw = True
136.1743 	EXP 	center: autoDraw = True
136.1743 	EXP 	left: autoDraw = True
136.1743 	EXP 	right: autoDraw = True
136.1743 	EXP 	up: autoDraw = True
136.1743 	EXP 	down: autoDraw = True
136.1911 	EXP 	center: autoDraw = True
136.1911 	EXP 	left: autoDraw = True
136.1911 	EXP 	right: autoDraw = True
136.1911 	EXP 	up: autoDraw = True
136.1911 	EXP 	down: autoDraw = True
136.2079 	EXP 	center: autoDraw = True
136.2079 	EXP 	left: autoDraw = True
136.2079 	EXP 	right: autoDraw = True
136.2079 	EXP 	up: autoDraw = True
136.2079 	EXP 	down: autoDraw = True
136.2242 	EXP 	center: autoDraw = True
136.2242 	EXP 	left: autoDraw = True
136.2242 	EXP 	right: autoDraw = True
136.2242 	EXP 	up: autoDraw = True
136.2242 	EXP 	down: autoDraw = True
136.2402 	EXP 	center: autoDraw = True
136.2402 	EXP 	left: autoDraw = True
136.2402 	EXP 	right: autoDraw = True
136.2402 	EXP 	up: autoDraw = True
136.2402 	EXP 	down: autoDraw = True
136.2574 	EXP 	center: autoDraw = True
136.2574 	EXP 	left: autoDraw = True
136.2574 	EXP 	right: autoDraw = True
136.2574 	EXP 	up: autoDraw = True
136.2574 	EXP 	down: autoDraw = True
136.2744 	EXP 	center: autoDraw = True
136.2744 	EXP 	left: autoDraw = True
136.2744 	EXP 	right: autoDraw = True
136.2744 	EXP 	up: autoDraw = True
136.2744 	EXP 	down: autoDraw = True
136.2909 	EXP 	center: autoDraw = True
136.2909 	EXP 	left: autoDraw = True
136.2909 	EXP 	right: autoDraw = True
136.2909 	EXP 	up: autoDraw = True
136.2909 	EXP 	down: autoDraw = True
136.3076 	EXP 	center: autoDraw = True
136.3076 	EXP 	left: autoDraw = True
136.3076 	EXP 	right: autoDraw = True
136.3076 	EXP 	up: autoDraw = True
136.3076 	EXP 	down: autoDraw = True
136.3244 	EXP 	center: autoDraw = True
136.3244 	EXP 	left: autoDraw = True
136.3244 	EXP 	right: autoDraw = True
136.3244 	EXP 	up: autoDraw = True
136.3244 	EXP 	down: autoDraw = True
136.3411 	EXP 	center: autoDraw = True
136.3411 	EXP 	left: autoDraw = True
136.3411 	EXP 	right: autoDraw = True
136.3411 	EXP 	up: autoDraw = True
136.3411 	EXP 	down: autoDraw = True
136.3575 	EXP 	center: autoDraw = True
136.3575 	EXP 	left: autoDraw = True
136.3575 	EXP 	right: autoDraw = True
136.3575 	EXP 	up: autoDraw = True
136.3575 	EXP 	down: autoDraw = True
136.3742 	EXP 	center: autoDraw = True
136.3742 	EXP 	left: autoDraw = True
136.3742 	EXP 	right: autoDraw = True
136.3742 	EXP 	up: autoDraw = True
136.3742 	EXP 	down: autoDraw = True
136.3908 	EXP 	center: autoDraw = True
136.3908 	EXP 	left: autoDraw = True
136.3908 	EXP 	right: autoDraw = True
136.3908 	EXP 	up: autoDraw = True
136.3908 	EXP 	down: autoDraw = True
136.4070 	EXP 	center: autoDraw = True
136.4070 	EXP 	left: autoDraw = True
136.4070 	EXP 	right: autoDraw = True
136.4070 	EXP 	up: autoDraw = True
136.4070 	EXP 	down: autoDraw = True
136.4242 	EXP 	center: autoDraw = True
136.4242 	EXP 	left: autoDraw = True
136.4242 	EXP 	right: autoDraw = True
136.4242 	EXP 	up: autoDraw = True
136.4242 	EXP 	down: autoDraw = True
136.4410 	EXP 	center: autoDraw = True
136.4410 	EXP 	left: autoDraw = True
136.4410 	EXP 	right: autoDraw = True
136.4410 	EXP 	up: autoDraw = True
136.4410 	EXP 	down: autoDraw = True
136.4578 	EXP 	center: autoDraw = True
136.4578 	EXP 	left: autoDraw = True
136.4578 	EXP 	right: autoDraw = True
136.4578 	EXP 	up: autoDraw = True
136.4578 	EXP 	down: autoDraw = True
136.4741 	EXP 	center: autoDraw = True
136.4741 	EXP 	left: autoDraw = True
136.4741 	EXP 	right: autoDraw = True
136.4741 	EXP 	up: autoDraw = True
136.4741 	EXP 	down: autoDraw = True
136.4909 	EXP 	center: autoDraw = True
136.4909 	EXP 	left: autoDraw = True
136.4909 	EXP 	right: autoDraw = True
136.4909 	EXP 	up: autoDraw = True
136.4909 	EXP 	down: autoDraw = True
136.5076 	EXP 	center: autoDraw = True
136.5076 	EXP 	left: autoDraw = True
136.5076 	EXP 	right: autoDraw = True
136.5076 	EXP 	up: autoDraw = True
136.5076 	EXP 	down: autoDraw = True
136.5242 	EXP 	center: autoDraw = True
136.5242 	EXP 	left: autoDraw = True
136.5242 	EXP 	right: autoDraw = True
136.5242 	EXP 	up: autoDraw = True
136.5242 	EXP 	down: autoDraw = True
136.5409 	EXP 	center: autoDraw = True
136.5409 	EXP 	left: autoDraw = True
136.5409 	EXP 	right: autoDraw = True
136.5409 	EXP 	up: autoDraw = True
136.5409 	EXP 	down: autoDraw = True
136.5577 	EXP 	center: autoDraw = True
136.5577 	EXP 	left: autoDraw = True
136.5577 	EXP 	right: autoDraw = True
136.5577 	EXP 	up: autoDraw = True
136.5577 	EXP 	down: autoDraw = True
136.5744 	EXP 	center: autoDraw = True
136.5744 	EXP 	left: autoDraw = True
136.5744 	EXP 	right: autoDraw = True
136.5744 	EXP 	up: autoDraw = True
136.5744 	EXP 	down: autoDraw = True
136.5908 	EXP 	center: autoDraw = True
136.5908 	EXP 	left: autoDraw = True
136.5908 	EXP 	right: autoDraw = True
136.5908 	EXP 	up: autoDraw = True
136.5908 	EXP 	down: autoDraw = True
136.6076 	EXP 	center: autoDraw = True
136.6076 	EXP 	left: autoDraw = True
136.6076 	EXP 	right: autoDraw = True
136.6076 	EXP 	up: autoDraw = True
136.6076 	EXP 	down: autoDraw = True
136.6244 	EXP 	center: autoDraw = True
136.6244 	EXP 	left: autoDraw = True
136.6244 	EXP 	right: autoDraw = True
136.6244 	EXP 	up: autoDraw = True
136.6244 	EXP 	down: autoDraw = True
136.6406 	EXP 	center: autoDraw = True
136.6406 	EXP 	left: autoDraw = True
136.6406 	EXP 	right: autoDraw = True
136.6406 	EXP 	up: autoDraw = True
136.6406 	EXP 	down: autoDraw = True
136.6575 	EXP 	center: autoDraw = True
136.6575 	EXP 	left: autoDraw = True
136.6575 	EXP 	right: autoDraw = True
136.6575 	EXP 	up: autoDraw = True
136.6575 	EXP 	down: autoDraw = True
136.6739 	EXP 	center: autoDraw = True
136.6739 	EXP 	left: autoDraw = True
136.6739 	EXP 	right: autoDraw = True
136.6739 	EXP 	up: autoDraw = True
136.6739 	EXP 	down: autoDraw = True
136.6910 	EXP 	center: autoDraw = True
136.6910 	EXP 	left: autoDraw = True
136.6910 	EXP 	right: autoDraw = True
136.6910 	EXP 	up: autoDraw = True
136.6910 	EXP 	down: autoDraw = True
136.7078 	EXP 	center: autoDraw = True
136.7078 	EXP 	left: autoDraw = True
136.7078 	EXP 	right: autoDraw = True
136.7078 	EXP 	up: autoDraw = True
136.7078 	EXP 	down: autoDraw = True
136.7241 	EXP 	center: autoDraw = True
136.7241 	EXP 	left: autoDraw = True
136.7241 	EXP 	right: autoDraw = True
136.7241 	EXP 	up: autoDraw = True
136.7241 	EXP 	down: autoDraw = True
136.7409 	EXP 	center: autoDraw = True
136.7409 	EXP 	left: autoDraw = True
136.7409 	EXP 	right: autoDraw = True
136.7409 	EXP 	up: autoDraw = True
136.7409 	EXP 	down: autoDraw = True
136.7578 	EXP 	center: autoDraw = True
136.7578 	EXP 	left: autoDraw = True
136.7578 	EXP 	right: autoDraw = True
136.7578 	EXP 	up: autoDraw = True
136.7578 	EXP 	down: autoDraw = True
136.7742 	EXP 	center: autoDraw = True
136.7742 	EXP 	left: autoDraw = True
136.7742 	EXP 	right: autoDraw = True
136.7742 	EXP 	up: autoDraw = True
136.7742 	EXP 	down: autoDraw = True
136.7901 	EXP 	center: autoDraw = True
136.7901 	EXP 	left: autoDraw = True
136.7901 	EXP 	right: autoDraw = True
136.7901 	EXP 	up: autoDraw = True
136.7901 	EXP 	down: autoDraw = True
136.8075 	EXP 	center: autoDraw = True
136.8075 	EXP 	left: autoDraw = True
136.8075 	EXP 	right: autoDraw = True
136.8075 	EXP 	up: autoDraw = True
136.8075 	EXP 	down: autoDraw = True
136.8242 	EXP 	center: autoDraw = True
136.8242 	EXP 	left: autoDraw = True
136.8242 	EXP 	right: autoDraw = True
136.8242 	EXP 	up: autoDraw = True
136.8242 	EXP 	down: autoDraw = True
136.8409 	EXP 	center: autoDraw = True
136.8409 	EXP 	left: autoDraw = True
136.8409 	EXP 	right: autoDraw = True
136.8409 	EXP 	up: autoDraw = True
136.8409 	EXP 	down: autoDraw = True
136.8576 	EXP 	center: autoDraw = True
136.8576 	EXP 	left: autoDraw = True
136.8576 	EXP 	right: autoDraw = True
136.8576 	EXP 	up: autoDraw = True
136.8576 	EXP 	down: autoDraw = True
136.8745 	EXP 	center: autoDraw = True
136.8745 	EXP 	left: autoDraw = True
136.8745 	EXP 	right: autoDraw = True
136.8745 	EXP 	up: autoDraw = True
136.8745 	EXP 	down: autoDraw = True
136.8908 	EXP 	center: autoDraw = True
136.8908 	EXP 	left: autoDraw = True
136.8908 	EXP 	right: autoDraw = True
136.8908 	EXP 	up: autoDraw = True
136.8908 	EXP 	down: autoDraw = True
136.9075 	EXP 	center: autoDraw = True
136.9075 	EXP 	left: autoDraw = True
136.9075 	EXP 	right: autoDraw = True
136.9075 	EXP 	up: autoDraw = True
136.9075 	EXP 	down: autoDraw = True
136.9242 	EXP 	center: autoDraw = True
136.9242 	EXP 	left: autoDraw = True
136.9242 	EXP 	right: autoDraw = True
136.9242 	EXP 	up: autoDraw = True
136.9242 	EXP 	down: autoDraw = True
136.9408 	EXP 	center: autoDraw = True
136.9408 	EXP 	left: autoDraw = True
136.9408 	EXP 	right: autoDraw = True
136.9408 	EXP 	up: autoDraw = True
136.9408 	EXP 	down: autoDraw = True
136.9570 	EXP 	center: autoDraw = True
136.9570 	EXP 	left: autoDraw = True
136.9570 	EXP 	right: autoDraw = True
136.9570 	EXP 	up: autoDraw = True
136.9570 	EXP 	down: autoDraw = True
136.9741 	EXP 	center: autoDraw = True
136.9741 	EXP 	left: autoDraw = True
136.9741 	EXP 	right: autoDraw = True
136.9741 	EXP 	up: autoDraw = True
136.9741 	EXP 	down: autoDraw = True
136.9909 	EXP 	center: autoDraw = True
136.9909 	EXP 	left: autoDraw = True
136.9909 	EXP 	right: autoDraw = True
136.9909 	EXP 	up: autoDraw = True
136.9909 	EXP 	down: autoDraw = True
137.0076 	EXP 	center: autoDraw = True
137.0076 	EXP 	left: autoDraw = True
137.0076 	EXP 	right: autoDraw = True
137.0076 	EXP 	up: autoDraw = True
137.0076 	EXP 	down: autoDraw = True
137.0238 	EXP 	center: autoDraw = True
137.0238 	EXP 	left: autoDraw = True
137.0238 	EXP 	right: autoDraw = True
137.0238 	EXP 	up: autoDraw = True
137.0238 	EXP 	down: autoDraw = True
137.0407 	EXP 	center: autoDraw = True
137.0407 	EXP 	left: autoDraw = True
137.0407 	EXP 	right: autoDraw = True
137.0407 	EXP 	up: autoDraw = True
137.0407 	EXP 	down: autoDraw = True
137.0571 	EXP 	center: autoDraw = True
137.0571 	EXP 	left: autoDraw = True
137.0571 	EXP 	right: autoDraw = True
137.0571 	EXP 	up: autoDraw = True
137.0571 	EXP 	down: autoDraw = True
137.0741 	EXP 	center: autoDraw = True
137.0741 	EXP 	left: autoDraw = True
137.0741 	EXP 	right: autoDraw = True
137.0741 	EXP 	up: autoDraw = True
137.0741 	EXP 	down: autoDraw = True
137.0909 	EXP 	center: autoDraw = True
137.0909 	EXP 	left: autoDraw = True
137.0909 	EXP 	right: autoDraw = True
137.0909 	EXP 	up: autoDraw = True
137.0909 	EXP 	down: autoDraw = True
137.1077 	EXP 	center: autoDraw = True
137.1077 	EXP 	left: autoDraw = True
137.1077 	EXP 	right: autoDraw = True
137.1077 	EXP 	up: autoDraw = True
137.1077 	EXP 	down: autoDraw = True
137.1242 	EXP 	center: autoDraw = True
137.1242 	EXP 	left: autoDraw = True
137.1242 	EXP 	right: autoDraw = True
137.1242 	EXP 	up: autoDraw = True
137.1242 	EXP 	down: autoDraw = True
137.1411 	EXP 	center: autoDraw = True
137.1411 	EXP 	left: autoDraw = True
137.1411 	EXP 	right: autoDraw = True
137.1411 	EXP 	up: autoDraw = True
137.1411 	EXP 	down: autoDraw = True
137.1574 	EXP 	center: autoDraw = True
137.1574 	EXP 	left: autoDraw = True
137.1574 	EXP 	right: autoDraw = True
137.1574 	EXP 	up: autoDraw = True
137.1574 	EXP 	down: autoDraw = True
137.1743 	EXP 	center: autoDraw = True
137.1743 	EXP 	left: autoDraw = True
137.1743 	EXP 	right: autoDraw = True
137.1743 	EXP 	up: autoDraw = True
137.1743 	EXP 	down: autoDraw = True
137.1910 	EXP 	center: autoDraw = True
137.1910 	EXP 	left: autoDraw = True
137.1910 	EXP 	right: autoDraw = True
137.1910 	EXP 	up: autoDraw = True
137.1910 	EXP 	down: autoDraw = True
137.2078 	EXP 	center: autoDraw = True
137.2078 	EXP 	left: autoDraw = True
137.2078 	EXP 	right: autoDraw = True
137.2078 	EXP 	up: autoDraw = True
137.2078 	EXP 	down: autoDraw = True
137.2243 	EXP 	center: autoDraw = True
137.2243 	EXP 	left: autoDraw = True
137.2243 	EXP 	right: autoDraw = True
137.2243 	EXP 	up: autoDraw = True
137.2243 	EXP 	down: autoDraw = True
137.2411 	EXP 	center: autoDraw = True
137.2411 	EXP 	left: autoDraw = True
137.2411 	EXP 	right: autoDraw = True
137.2411 	EXP 	up: autoDraw = True
137.2411 	EXP 	down: autoDraw = True
137.2575 	EXP 	center: autoDraw = True
137.2575 	EXP 	left: autoDraw = True
137.2575 	EXP 	right: autoDraw = True
137.2575 	EXP 	up: autoDraw = True
137.2575 	EXP 	down: autoDraw = True
137.2743 	EXP 	center: autoDraw = True
137.2743 	EXP 	left: autoDraw = True
137.2743 	EXP 	right: autoDraw = True
137.2743 	EXP 	up: autoDraw = True
137.2743 	EXP 	down: autoDraw = True
137.2905 	EXP 	center: autoDraw = True
137.2905 	EXP 	left: autoDraw = True
137.2905 	EXP 	right: autoDraw = True
137.2905 	EXP 	up: autoDraw = True
137.2905 	EXP 	down: autoDraw = True
137.3075 	EXP 	center: autoDraw = True
137.3075 	EXP 	left: autoDraw = True
137.3075 	EXP 	right: autoDraw = True
137.3075 	EXP 	up: autoDraw = True
137.3075 	EXP 	down: autoDraw = True
137.3242 	EXP 	center: autoDraw = True
137.3242 	EXP 	left: autoDraw = True
137.3242 	EXP 	right: autoDraw = True
137.3242 	EXP 	up: autoDraw = True
137.3242 	EXP 	down: autoDraw = True
137.3409 	EXP 	center: autoDraw = True
137.3409 	EXP 	left: autoDraw = True
137.3409 	EXP 	right: autoDraw = True
137.3409 	EXP 	up: autoDraw = True
137.3409 	EXP 	down: autoDraw = True
137.3578 	EXP 	center: autoDraw = True
137.3578 	EXP 	left: autoDraw = True
137.3578 	EXP 	right: autoDraw = True
137.3578 	EXP 	up: autoDraw = True
137.3578 	EXP 	down: autoDraw = True
137.3741 	EXP 	center: autoDraw = True
137.3741 	EXP 	left: autoDraw = True
137.3741 	EXP 	right: autoDraw = True
137.3741 	EXP 	up: autoDraw = True
137.3741 	EXP 	down: autoDraw = True
137.3909 	EXP 	center: autoDraw = True
137.3909 	EXP 	left: autoDraw = True
137.3909 	EXP 	right: autoDraw = True
137.3909 	EXP 	up: autoDraw = True
137.3909 	EXP 	down: autoDraw = True
137.4074 	EXP 	center: autoDraw = True
137.4074 	EXP 	left: autoDraw = True
137.4074 	EXP 	right: autoDraw = True
137.4074 	EXP 	up: autoDraw = True
137.4074 	EXP 	down: autoDraw = True
137.4243 	EXP 	center: autoDraw = True
137.4243 	EXP 	left: autoDraw = True
137.4243 	EXP 	right: autoDraw = True
137.4243 	EXP 	up: autoDraw = True
137.4243 	EXP 	down: autoDraw = True
137.4403 	EXP 	center: autoDraw = True
137.4403 	EXP 	left: autoDraw = True
137.4403 	EXP 	right: autoDraw = True
137.4403 	EXP 	up: autoDraw = True
137.4403 	EXP 	down: autoDraw = True
137.4575 	EXP 	center: autoDraw = True
137.4575 	EXP 	left: autoDraw = True
137.4575 	EXP 	right: autoDraw = True
137.4575 	EXP 	up: autoDraw = True
137.4575 	EXP 	down: autoDraw = True
137.4744 	EXP 	center: autoDraw = True
137.4744 	EXP 	left: autoDraw = True
137.4744 	EXP 	right: autoDraw = True
137.4744 	EXP 	up: autoDraw = True
137.4744 	EXP 	down: autoDraw = True
137.4908 	EXP 	center: autoDraw = True
137.4908 	EXP 	left: autoDraw = True
137.4908 	EXP 	right: autoDraw = True
137.4908 	EXP 	up: autoDraw = True
137.4908 	EXP 	down: autoDraw = True
137.5076 	EXP 	center: autoDraw = True
137.5076 	EXP 	left: autoDraw = True
137.5076 	EXP 	right: autoDraw = True
137.5076 	EXP 	up: autoDraw = True
137.5076 	EXP 	down: autoDraw = True
137.5245 	EXP 	center: autoDraw = True
137.5245 	EXP 	left: autoDraw = True
137.5245 	EXP 	right: autoDraw = True
137.5245 	EXP 	up: autoDraw = True
137.5245 	EXP 	down: autoDraw = True
137.5407 	EXP 	center: autoDraw = True
137.5407 	EXP 	left: autoDraw = True
137.5407 	EXP 	right: autoDraw = True
137.5407 	EXP 	up: autoDraw = True
137.5407 	EXP 	down: autoDraw = True
137.5576 	EXP 	center: autoDraw = True
137.5576 	EXP 	left: autoDraw = True
137.5576 	EXP 	right: autoDraw = True
137.5576 	EXP 	up: autoDraw = True
137.5576 	EXP 	down: autoDraw = True
137.5744 	EXP 	center: autoDraw = True
137.5744 	EXP 	left: autoDraw = True
137.5744 	EXP 	right: autoDraw = True
137.5744 	EXP 	up: autoDraw = True
137.5744 	EXP 	down: autoDraw = True
137.5908 	EXP 	center: autoDraw = True
137.5908 	EXP 	left: autoDraw = True
137.5908 	EXP 	right: autoDraw = True
137.5908 	EXP 	up: autoDraw = True
137.5908 	EXP 	down: autoDraw = True
137.6076 	EXP 	center: autoDraw = True
137.6076 	EXP 	left: autoDraw = True
137.6076 	EXP 	right: autoDraw = True
137.6076 	EXP 	up: autoDraw = True
137.6076 	EXP 	down: autoDraw = True
137.6243 	EXP 	center: autoDraw = True
137.6243 	EXP 	left: autoDraw = True
137.6243 	EXP 	right: autoDraw = True
137.6243 	EXP 	up: autoDraw = True
137.6243 	EXP 	down: autoDraw = True
137.6411 	EXP 	center: autoDraw = True
137.6411 	EXP 	left: autoDraw = True
137.6411 	EXP 	right: autoDraw = True
137.6411 	EXP 	up: autoDraw = True
137.6411 	EXP 	down: autoDraw = True
137.6412 	EXP 	Sound  started
137.6450 	DATA 	sope | frame count: 660
137.6576 	EXP 	center: autoDraw = True
137.6576 	EXP 	left: autoDraw = True
137.6576 	EXP 	right: autoDraw = True
137.6576 	EXP 	up: autoDraw = True
137.6576 	EXP 	down: autoDraw = True
137.6737 	EXP 	center: autoDraw = True
137.6737 	EXP 	left: autoDraw = True
137.6737 	EXP 	right: autoDraw = True
137.6737 	EXP 	up: autoDraw = True
137.6737 	EXP 	down: autoDraw = True
137.6907 	EXP 	center: autoDraw = True
137.6907 	EXP 	left: autoDraw = True
137.6907 	EXP 	right: autoDraw = True
137.6907 	EXP 	up: autoDraw = True
137.6907 	EXP 	down: autoDraw = True
137.7073 	EXP 	center: autoDraw = True
137.7073 	EXP 	left: autoDraw = True
137.7073 	EXP 	right: autoDraw = True
137.7073 	EXP 	up: autoDraw = True
137.7073 	EXP 	down: autoDraw = True
137.7241 	EXP 	center: autoDraw = True
137.7241 	EXP 	left: autoDraw = True
137.7241 	EXP 	right: autoDraw = True
137.7241 	EXP 	up: autoDraw = True
137.7241 	EXP 	down: autoDraw = True
137.7408 	EXP 	center: autoDraw = True
137.7408 	EXP 	left: autoDraw = True
137.7408 	EXP 	right: autoDraw = True
137.7408 	EXP 	up: autoDraw = True
137.7408 	EXP 	down: autoDraw = True
137.7575 	EXP 	center: autoDraw = True
137.7575 	EXP 	left: autoDraw = True
137.7575 	EXP 	right: autoDraw = True
137.7575 	EXP 	up: autoDraw = True
137.7575 	EXP 	down: autoDraw = True
137.7744 	EXP 	center: autoDraw = True
137.7744 	EXP 	left: autoDraw = True
137.7744 	EXP 	right: autoDraw = True
137.7744 	EXP 	up: autoDraw = True
137.7744 	EXP 	down: autoDraw = True
137.7909 	EXP 	center: autoDraw = True
137.7909 	EXP 	left: autoDraw = True
137.7909 	EXP 	right: autoDraw = True
137.7909 	EXP 	up: autoDraw = True
137.7909 	EXP 	down: autoDraw = True
137.8075 	EXP 	center: autoDraw = True
137.8075 	EXP 	left: autoDraw = True
137.8075 	EXP 	right: autoDraw = True
137.8075 	EXP 	up: autoDraw = True
137.8075 	EXP 	down: autoDraw = True
137.8234 	EXP 	center: autoDraw = True
137.8234 	EXP 	left: autoDraw = True
137.8234 	EXP 	right: autoDraw = True
137.8234 	EXP 	up: autoDraw = True
137.8234 	EXP 	down: autoDraw = True
137.8408 	EXP 	center: autoDraw = True
137.8408 	EXP 	left: autoDraw = True
137.8408 	EXP 	right: autoDraw = True
137.8408 	EXP 	up: autoDraw = True
137.8408 	EXP 	down: autoDraw = True
137.8576 	EXP 	center: autoDraw = True
137.8576 	EXP 	left: autoDraw = True
137.8576 	EXP 	right: autoDraw = True
137.8576 	EXP 	up: autoDraw = True
137.8576 	EXP 	down: autoDraw = True
137.8743 	EXP 	center: autoDraw = True
137.8743 	EXP 	left: autoDraw = True
137.8743 	EXP 	right: autoDraw = True
137.8743 	EXP 	up: autoDraw = True
137.8743 	EXP 	down: autoDraw = True
137.8907 	EXP 	center: autoDraw = True
137.8907 	EXP 	left: autoDraw = True
137.8907 	EXP 	right: autoDraw = True
137.8907 	EXP 	up: autoDraw = True
137.8907 	EXP 	down: autoDraw = True
137.9076 	EXP 	center: autoDraw = True
137.9076 	EXP 	left: autoDraw = True
137.9076 	EXP 	right: autoDraw = True
137.9076 	EXP 	up: autoDraw = True
137.9076 	EXP 	down: autoDraw = True
137.9244 	EXP 	center: autoDraw = True
137.9244 	EXP 	left: autoDraw = True
137.9244 	EXP 	right: autoDraw = True
137.9244 	EXP 	up: autoDraw = True
137.9244 	EXP 	down: autoDraw = True
137.9407 	EXP 	center: autoDraw = True
137.9407 	EXP 	left: autoDraw = True
137.9407 	EXP 	right: autoDraw = True
137.9407 	EXP 	up: autoDraw = True
137.9407 	EXP 	down: autoDraw = True
137.9576 	EXP 	center: autoDraw = True
137.9576 	EXP 	left: autoDraw = True
137.9576 	EXP 	right: autoDraw = True
137.9576 	EXP 	up: autoDraw = True
137.9576 	EXP 	down: autoDraw = True
137.9743 	EXP 	center: autoDraw = True
137.9743 	EXP 	left: autoDraw = True
137.9743 	EXP 	right: autoDraw = True
137.9743 	EXP 	up: autoDraw = True
137.9743 	EXP 	down: autoDraw = True
137.9907 	EXP 	center: autoDraw = True
137.9907 	EXP 	left: autoDraw = True
137.9907 	EXP 	right: autoDraw = True
137.9907 	EXP 	up: autoDraw = True
137.9907 	EXP 	down: autoDraw = True
138.0075 	EXP 	center: autoDraw = True
138.0075 	EXP 	left: autoDraw = True
138.0075 	EXP 	right: autoDraw = True
138.0075 	EXP 	up: autoDraw = True
138.0075 	EXP 	down: autoDraw = True
138.0244 	EXP 	center: autoDraw = True
138.0244 	EXP 	left: autoDraw = True
138.0244 	EXP 	right: autoDraw = True
138.0244 	EXP 	up: autoDraw = True
138.0244 	EXP 	down: autoDraw = True
138.0407 	EXP 	center: autoDraw = True
138.0407 	EXP 	left: autoDraw = True
138.0407 	EXP 	right: autoDraw = True
138.0407 	EXP 	up: autoDraw = True
138.0407 	EXP 	down: autoDraw = True
138.0575 	EXP 	center: autoDraw = True
138.0575 	EXP 	left: autoDraw = True
138.0575 	EXP 	right: autoDraw = True
138.0575 	EXP 	up: autoDraw = True
138.0575 	EXP 	down: autoDraw = True
138.0742 	EXP 	center: autoDraw = True
138.0742 	EXP 	left: autoDraw = True
138.0742 	EXP 	right: autoDraw = True
138.0742 	EXP 	up: autoDraw = True
138.0742 	EXP 	down: autoDraw = True
138.0904 	EXP 	center: autoDraw = True
138.0904 	EXP 	left: autoDraw = True
138.0904 	EXP 	right: autoDraw = True
138.0904 	EXP 	up: autoDraw = True
138.0904 	EXP 	down: autoDraw = True
138.1074 	EXP 	center: autoDraw = True
138.1074 	EXP 	left: autoDraw = True
138.1074 	EXP 	right: autoDraw = True
138.1074 	EXP 	up: autoDraw = True
138.1074 	EXP 	down: autoDraw = True
138.1243 	EXP 	center: autoDraw = True
138.1243 	EXP 	left: autoDraw = True
138.1243 	EXP 	right: autoDraw = True
138.1243 	EXP 	up: autoDraw = True
138.1243 	EXP 	down: autoDraw = True
138.1410 	EXP 	center: autoDraw = True
138.1410 	EXP 	left: autoDraw = True
138.1410 	EXP 	right: autoDraw = True
138.1410 	EXP 	up: autoDraw = True
138.1410 	EXP 	down: autoDraw = True
138.1411 	DATA 	wsqS
138.1574 	EXP 	center: autoDraw = True
138.1574 	EXP 	left: autoDraw = True
138.1574 	EXP 	right: autoDraw = True
138.1574 	EXP 	up: autoDraw = True
138.1574 	EXP 	down: autoDraw = True
138.1574 	EXP 	whitesquare: autoDraw = True
138.1742 	EXP 	center: autoDraw = True
138.1742 	EXP 	left: autoDraw = True
138.1742 	EXP 	right: autoDraw = True
138.1742 	EXP 	up: autoDraw = True
138.1742 	EXP 	down: autoDraw = True
138.1742 	EXP 	whitesquare: autoDraw = False
138.1910 	EXP 	center: autoDraw = True
138.1910 	EXP 	left: autoDraw = True
138.1910 	EXP 	right: autoDraw = True
138.1910 	EXP 	up: autoDraw = True
138.1910 	EXP 	down: autoDraw = True
138.2077 	EXP 	center: autoDraw = True
138.2077 	EXP 	left: autoDraw = True
138.2077 	EXP 	right: autoDraw = True
138.2077 	EXP 	up: autoDraw = True
138.2077 	EXP 	down: autoDraw = True
138.2240 	EXP 	center: autoDraw = True
138.2240 	EXP 	left: autoDraw = True
138.2240 	EXP 	right: autoDraw = True
138.2240 	EXP 	up: autoDraw = True
138.2240 	EXP 	down: autoDraw = True
138.2409 	EXP 	center: autoDraw = True
138.2409 	EXP 	left: autoDraw = True
138.2409 	EXP 	right: autoDraw = True
138.2409 	EXP 	up: autoDraw = True
138.2409 	EXP 	down: autoDraw = True
138.2574 	EXP 	center: autoDraw = True
138.2574 	EXP 	left: autoDraw = True
138.2574 	EXP 	right: autoDraw = True
138.2574 	EXP 	up: autoDraw = True
138.2574 	EXP 	down: autoDraw = True
138.2741 	EXP 	center: autoDraw = True
138.2741 	EXP 	left: autoDraw = True
138.2741 	EXP 	right: autoDraw = True
138.2741 	EXP 	up: autoDraw = True
138.2741 	EXP 	down: autoDraw = True
138.2910 	EXP 	center: autoDraw = True
138.2910 	EXP 	left: autoDraw = True
138.2910 	EXP 	right: autoDraw = True
138.2910 	EXP 	up: autoDraw = True
138.2910 	EXP 	down: autoDraw = True
138.3073 	EXP 	center: autoDraw = True
138.3073 	EXP 	left: autoDraw = True
138.3073 	EXP 	right: autoDraw = True
138.3073 	EXP 	up: autoDraw = True
138.3073 	EXP 	down: autoDraw = True
138.3243 	EXP 	center: autoDraw = True
138.3243 	EXP 	left: autoDraw = True
138.3243 	EXP 	right: autoDraw = True
138.3243 	EXP 	up: autoDraw = True
138.3243 	EXP 	down: autoDraw = True
138.3407 	EXP 	center: autoDraw = True
138.3407 	EXP 	left: autoDraw = True
138.3407 	EXP 	right: autoDraw = True
138.3407 	EXP 	up: autoDraw = True
138.3407 	EXP 	down: autoDraw = True
138.3576 	EXP 	center: autoDraw = True
138.3576 	EXP 	left: autoDraw = True
138.3576 	EXP 	right: autoDraw = True
138.3576 	EXP 	up: autoDraw = True
138.3576 	EXP 	down: autoDraw = True
138.3740 	EXP 	center: autoDraw = True
138.3740 	EXP 	left: autoDraw = True
138.3740 	EXP 	right: autoDraw = True
138.3740 	EXP 	up: autoDraw = True
138.3740 	EXP 	down: autoDraw = True
138.3902 	EXP 	center: autoDraw = True
138.3902 	EXP 	left: autoDraw = True
138.3902 	EXP 	right: autoDraw = True
138.3902 	EXP 	up: autoDraw = True
138.3902 	EXP 	down: autoDraw = True
138.4074 	EXP 	center: autoDraw = True
138.4074 	EXP 	left: autoDraw = True
138.4074 	EXP 	right: autoDraw = True
138.4074 	EXP 	up: autoDraw = True
138.4074 	EXP 	down: autoDraw = True
138.4242 	EXP 	center: autoDraw = True
138.4242 	EXP 	left: autoDraw = True
138.4242 	EXP 	right: autoDraw = True
138.4242 	EXP 	up: autoDraw = True
138.4242 	EXP 	down: autoDraw = True
138.4407 	EXP 	center: autoDraw = True
138.4407 	EXP 	left: autoDraw = True
138.4407 	EXP 	right: autoDraw = True
138.4407 	EXP 	up: autoDraw = True
138.4407 	EXP 	down: autoDraw = True
138.4574 	EXP 	center: autoDraw = True
138.4574 	EXP 	left: autoDraw = True
138.4574 	EXP 	right: autoDraw = True
138.4574 	EXP 	up: autoDraw = True
138.4574 	EXP 	down: autoDraw = True
138.4735 	EXP 	center: autoDraw = True
138.4735 	EXP 	left: autoDraw = True
138.4735 	EXP 	right: autoDraw = True
138.4735 	EXP 	up: autoDraw = True
138.4735 	EXP 	down: autoDraw = True
138.4907 	EXP 	center: autoDraw = True
138.4907 	EXP 	left: autoDraw = True
138.4907 	EXP 	right: autoDraw = True
138.4907 	EXP 	up: autoDraw = True
138.4907 	EXP 	down: autoDraw = True
138.5075 	EXP 	center: autoDraw = True
138.5075 	EXP 	left: autoDraw = True
138.5075 	EXP 	right: autoDraw = True
138.5075 	EXP 	up: autoDraw = True
138.5075 	EXP 	down: autoDraw = True
138.5243 	EXP 	center: autoDraw = True
138.5243 	EXP 	left: autoDraw = True
138.5243 	EXP 	right: autoDraw = True
138.5243 	EXP 	up: autoDraw = True
138.5243 	EXP 	down: autoDraw = True
138.5406 	EXP 	center: autoDraw = True
138.5406 	EXP 	left: autoDraw = True
138.5406 	EXP 	right: autoDraw = True
138.5406 	EXP 	up: autoDraw = True
138.5406 	EXP 	down: autoDraw = True
138.5575 	EXP 	center: autoDraw = True
138.5575 	EXP 	left: autoDraw = True
138.5575 	EXP 	right: autoDraw = True
138.5575 	EXP 	up: autoDraw = True
138.5575 	EXP 	down: autoDraw = True
138.5742 	EXP 	center: autoDraw = True
138.5742 	EXP 	left: autoDraw = True
138.5742 	EXP 	right: autoDraw = True
138.5742 	EXP 	up: autoDraw = True
138.5742 	EXP 	down: autoDraw = True
138.5908 	EXP 	center: autoDraw = True
138.5908 	EXP 	left: autoDraw = True
138.5908 	EXP 	right: autoDraw = True
138.5908 	EXP 	up: autoDraw = True
138.5908 	EXP 	down: autoDraw = True
138.6075 	EXP 	center: autoDraw = True
138.6075 	EXP 	left: autoDraw = True
138.6075 	EXP 	right: autoDraw = True
138.6075 	EXP 	up: autoDraw = True
138.6075 	EXP 	down: autoDraw = True
138.6242 	EXP 	center: autoDraw = True
138.6242 	EXP 	left: autoDraw = True
138.6242 	EXP 	right: autoDraw = True
138.6242 	EXP 	up: autoDraw = True
138.6242 	EXP 	down: autoDraw = True
138.6410 	EXP 	center: autoDraw = True
138.6410 	EXP 	left: autoDraw = True
138.6410 	EXP 	right: autoDraw = True
138.6410 	EXP 	up: autoDraw = True
138.6410 	EXP 	down: autoDraw = True
138.6573 	EXP 	center: autoDraw = True
138.6573 	EXP 	left: autoDraw = True
138.6573 	EXP 	right: autoDraw = True
138.6573 	EXP 	up: autoDraw = True
138.6573 	EXP 	down: autoDraw = True
138.6741 	EXP 	center: autoDraw = True
138.6741 	EXP 	left: autoDraw = True
138.6741 	EXP 	right: autoDraw = True
138.6741 	EXP 	up: autoDraw = True
138.6741 	EXP 	down: autoDraw = True
138.6909 	EXP 	center: autoDraw = True
138.6909 	EXP 	left: autoDraw = True
138.6909 	EXP 	right: autoDraw = True
138.6909 	EXP 	up: autoDraw = True
138.6909 	EXP 	down: autoDraw = True
138.7070 	EXP 	center: autoDraw = True
138.7070 	EXP 	left: autoDraw = True
138.7070 	EXP 	right: autoDraw = True
138.7070 	EXP 	up: autoDraw = True
138.7070 	EXP 	down: autoDraw = True
138.7240 	EXP 	center: autoDraw = True
138.7240 	EXP 	left: autoDraw = True
138.7240 	EXP 	right: autoDraw = True
138.7240 	EXP 	up: autoDraw = True
138.7240 	EXP 	down: autoDraw = True
138.7406 	EXP 	center: autoDraw = True
138.7406 	EXP 	left: autoDraw = True
138.7406 	EXP 	right: autoDraw = True
138.7406 	EXP 	up: autoDraw = True
138.7406 	EXP 	down: autoDraw = True
138.7574 	EXP 	center: autoDraw = True
138.7574 	EXP 	left: autoDraw = True
138.7574 	EXP 	right: autoDraw = True
138.7574 	EXP 	up: autoDraw = True
138.7574 	EXP 	down: autoDraw = True
138.7742 	EXP 	center: autoDraw = True
138.7742 	EXP 	left: autoDraw = True
138.7742 	EXP 	right: autoDraw = True
138.7742 	EXP 	up: autoDraw = True
138.7742 	EXP 	down: autoDraw = True
138.7909 	EXP 	center: autoDraw = True
138.7909 	EXP 	left: autoDraw = True
138.7909 	EXP 	right: autoDraw = True
138.7909 	EXP 	up: autoDraw = True
138.7909 	EXP 	down: autoDraw = True
138.8073 	EXP 	center: autoDraw = True
138.8073 	EXP 	left: autoDraw = True
138.8073 	EXP 	right: autoDraw = True
138.8073 	EXP 	up: autoDraw = True
138.8073 	EXP 	down: autoDraw = True
138.8243 	EXP 	center: autoDraw = True
138.8243 	EXP 	left: autoDraw = True
138.8243 	EXP 	right: autoDraw = True
138.8243 	EXP 	up: autoDraw = True
138.8243 	EXP 	down: autoDraw = True
138.8407 	EXP 	center: autoDraw = True
138.8407 	EXP 	left: autoDraw = True
138.8407 	EXP 	right: autoDraw = True
138.8407 	EXP 	up: autoDraw = True
138.8407 	EXP 	down: autoDraw = True
138.8567 	EXP 	center: autoDraw = True
138.8567 	EXP 	left: autoDraw = True
138.8567 	EXP 	right: autoDraw = True
138.8567 	EXP 	up: autoDraw = True
138.8567 	EXP 	down: autoDraw = True
138.8740 	EXP 	center: autoDraw = True
138.8740 	EXP 	left: autoDraw = True
138.8740 	EXP 	right: autoDraw = True
138.8740 	EXP 	up: autoDraw = True
138.8740 	EXP 	down: autoDraw = True
138.8908 	EXP 	center: autoDraw = True
138.8908 	EXP 	left: autoDraw = True
138.8908 	EXP 	right: autoDraw = True
138.8908 	EXP 	up: autoDraw = True
138.8908 	EXP 	down: autoDraw = True
138.9067 	EXP 	center: autoDraw = True
138.9067 	EXP 	left: autoDraw = True
138.9067 	EXP 	right: autoDraw = True
138.9067 	EXP 	up: autoDraw = True
138.9067 	EXP 	down: autoDraw = True
138.9241 	EXP 	center: autoDraw = True
138.9241 	EXP 	left: autoDraw = True
138.9241 	EXP 	right: autoDraw = True
138.9241 	EXP 	up: autoDraw = True
138.9241 	EXP 	down: autoDraw = True
138.9410 	EXP 	center: autoDraw = True
138.9410 	EXP 	left: autoDraw = True
138.9410 	EXP 	right: autoDraw = True
138.9410 	EXP 	up: autoDraw = True
138.9410 	EXP 	down: autoDraw = True
138.9573 	EXP 	center: autoDraw = True
138.9573 	EXP 	left: autoDraw = True
138.9573 	EXP 	right: autoDraw = True
138.9573 	EXP 	up: autoDraw = True
138.9573 	EXP 	down: autoDraw = True
138.9740 	EXP 	center: autoDraw = True
138.9740 	EXP 	left: autoDraw = True
138.9740 	EXP 	right: autoDraw = True
138.9740 	EXP 	up: autoDraw = True
138.9740 	EXP 	down: autoDraw = True
138.9907 	EXP 	center: autoDraw = True
138.9907 	EXP 	left: autoDraw = True
138.9907 	EXP 	right: autoDraw = True
138.9907 	EXP 	up: autoDraw = True
138.9907 	EXP 	down: autoDraw = True
139.0076 	EXP 	center: autoDraw = True
139.0076 	EXP 	left: autoDraw = True
139.0076 	EXP 	right: autoDraw = True
139.0076 	EXP 	up: autoDraw = True
139.0076 	EXP 	down: autoDraw = True
139.0240 	EXP 	center: autoDraw = True
139.0240 	EXP 	left: autoDraw = True
139.0240 	EXP 	right: autoDraw = True
139.0240 	EXP 	up: autoDraw = True
139.0240 	EXP 	down: autoDraw = True
139.0407 	EXP 	center: autoDraw = True
139.0407 	EXP 	left: autoDraw = True
139.0407 	EXP 	right: autoDraw = True
139.0407 	EXP 	up: autoDraw = True
139.0407 	EXP 	down: autoDraw = True
139.0575 	EXP 	center: autoDraw = True
139.0575 	EXP 	left: autoDraw = True
139.0575 	EXP 	right: autoDraw = True
139.0575 	EXP 	up: autoDraw = True
139.0575 	EXP 	down: autoDraw = True
139.0740 	EXP 	center: autoDraw = True
139.0740 	EXP 	left: autoDraw = True
139.0740 	EXP 	right: autoDraw = True
139.0740 	EXP 	up: autoDraw = True
139.0740 	EXP 	down: autoDraw = True
139.0910 	EXP 	center: autoDraw = True
139.0910 	EXP 	left: autoDraw = True
139.0910 	EXP 	right: autoDraw = True
139.0910 	EXP 	up: autoDraw = True
139.0910 	EXP 	down: autoDraw = True
139.1073 	EXP 	center: autoDraw = True
139.1073 	EXP 	left: autoDraw = True
139.1073 	EXP 	right: autoDraw = True
139.1073 	EXP 	up: autoDraw = True
139.1073 	EXP 	down: autoDraw = True
139.1237 	EXP 	center: autoDraw = True
139.1237 	EXP 	left: autoDraw = True
139.1237 	EXP 	right: autoDraw = True
139.1237 	EXP 	up: autoDraw = True
139.1237 	EXP 	down: autoDraw = True
139.1406 	EXP 	center: autoDraw = True
139.1406 	EXP 	left: autoDraw = True
139.1406 	EXP 	right: autoDraw = True
139.1406 	EXP 	up: autoDraw = True
139.1406 	EXP 	down: autoDraw = True
139.1575 	EXP 	center: autoDraw = True
139.1575 	EXP 	left: autoDraw = True
139.1575 	EXP 	right: autoDraw = True
139.1575 	EXP 	up: autoDraw = True
139.1575 	EXP 	down: autoDraw = True
139.1742 	EXP 	center: autoDraw = True
139.1742 	EXP 	left: autoDraw = True
139.1742 	EXP 	right: autoDraw = True
139.1742 	EXP 	up: autoDraw = True
139.1742 	EXP 	down: autoDraw = True
139.1910 	EXP 	center: autoDraw = True
139.1910 	EXP 	left: autoDraw = True
139.1910 	EXP 	right: autoDraw = True
139.1910 	EXP 	up: autoDraw = True
139.1910 	EXP 	down: autoDraw = True
139.2073 	EXP 	center: autoDraw = True
139.2073 	EXP 	left: autoDraw = True
139.2073 	EXP 	right: autoDraw = True
139.2073 	EXP 	up: autoDraw = True
139.2073 	EXP 	down: autoDraw = True
139.2242 	EXP 	center: autoDraw = True
139.2242 	EXP 	left: autoDraw = True
139.2242 	EXP 	right: autoDraw = True
139.2242 	EXP 	up: autoDraw = True
139.2242 	EXP 	down: autoDraw = True
139.2399 	EXP 	center: autoDraw = True
139.2399 	EXP 	left: autoDraw = True
139.2399 	EXP 	right: autoDraw = True
139.2399 	EXP 	up: autoDraw = True
139.2399 	EXP 	down: autoDraw = True
139.2576 	EXP 	center: autoDraw = True
139.2576 	EXP 	left: autoDraw = True
139.2576 	EXP 	right: autoDraw = True
139.2576 	EXP 	up: autoDraw = True
139.2576 	EXP 	down: autoDraw = True
139.2741 	EXP 	center: autoDraw = True
139.2741 	EXP 	left: autoDraw = True
139.2741 	EXP 	right: autoDraw = True
139.2741 	EXP 	up: autoDraw = True
139.2741 	EXP 	down: autoDraw = True
139.2909 	EXP 	center: autoDraw = True
139.2909 	EXP 	left: autoDraw = True
139.2909 	EXP 	right: autoDraw = True
139.2909 	EXP 	up: autoDraw = True
139.2909 	EXP 	down: autoDraw = True
139.3073 	EXP 	center: autoDraw = True
139.3073 	EXP 	left: autoDraw = True
139.3073 	EXP 	right: autoDraw = True
139.3073 	EXP 	up: autoDraw = True
139.3073 	EXP 	down: autoDraw = True
139.3241 	EXP 	center: autoDraw = True
139.3241 	EXP 	left: autoDraw = True
139.3241 	EXP 	right: autoDraw = True
139.3241 	EXP 	up: autoDraw = True
139.3241 	EXP 	down: autoDraw = True
139.3408 	EXP 	center: autoDraw = True
139.3408 	EXP 	left: autoDraw = True
139.3408 	EXP 	right: autoDraw = True
139.3408 	EXP 	up: autoDraw = True
139.3408 	EXP 	down: autoDraw = True
139.3568 	EXP 	center: autoDraw = True
139.3568 	EXP 	left: autoDraw = True
139.3568 	EXP 	right: autoDraw = True
139.3568 	EXP 	up: autoDraw = True
139.3568 	EXP 	down: autoDraw = True
139.3742 	EXP 	center: autoDraw = True
139.3742 	EXP 	left: autoDraw = True
139.3742 	EXP 	right: autoDraw = True
139.3742 	EXP 	up: autoDraw = True
139.3742 	EXP 	down: autoDraw = True
139.3908 	EXP 	center: autoDraw = True
139.3908 	EXP 	left: autoDraw = True
139.3908 	EXP 	right: autoDraw = True
139.3908 	EXP 	up: autoDraw = True
139.3908 	EXP 	down: autoDraw = True
139.4075 	EXP 	center: autoDraw = True
139.4075 	EXP 	left: autoDraw = True
139.4075 	EXP 	right: autoDraw = True
139.4075 	EXP 	up: autoDraw = True
139.4075 	EXP 	down: autoDraw = True
139.4239 	EXP 	center: autoDraw = True
139.4239 	EXP 	left: autoDraw = True
139.4239 	EXP 	right: autoDraw = True
139.4239 	EXP 	up: autoDraw = True
139.4239 	EXP 	down: autoDraw = True
139.4407 	EXP 	center: autoDraw = True
139.4407 	EXP 	left: autoDraw = True
139.4407 	EXP 	right: autoDraw = True
139.4407 	EXP 	up: autoDraw = True
139.4407 	EXP 	down: autoDraw = True
139.4575 	EXP 	center: autoDraw = True
139.4575 	EXP 	left: autoDraw = True
139.4575 	EXP 	right: autoDraw = True
139.4575 	EXP 	up: autoDraw = True
139.4575 	EXP 	down: autoDraw = True
139.4740 	EXP 	center: autoDraw = True
139.4740 	EXP 	left: autoDraw = True
139.4740 	EXP 	right: autoDraw = True
139.4740 	EXP 	up: autoDraw = True
139.4740 	EXP 	down: autoDraw = True
139.4907 	EXP 	center: autoDraw = True
139.4907 	EXP 	left: autoDraw = True
139.4907 	EXP 	right: autoDraw = True
139.4907 	EXP 	up: autoDraw = True
139.4907 	EXP 	down: autoDraw = True
139.5068 	EXP 	center: autoDraw = True
139.5068 	EXP 	left: autoDraw = True
139.5068 	EXP 	right: autoDraw = True
139.5068 	EXP 	up: autoDraw = True
139.5068 	EXP 	down: autoDraw = True
139.5240 	EXP 	center: autoDraw = True
139.5240 	EXP 	left: autoDraw = True
139.5240 	EXP 	right: autoDraw = True
139.5240 	EXP 	up: autoDraw = True
139.5240 	EXP 	down: autoDraw = True
139.5409 	EXP 	center: autoDraw = True
139.5409 	EXP 	left: autoDraw = True
139.5409 	EXP 	right: autoDraw = True
139.5409 	EXP 	up: autoDraw = True
139.5409 	EXP 	down: autoDraw = True
139.5573 	EXP 	center: autoDraw = True
139.5573 	EXP 	left: autoDraw = True
139.5573 	EXP 	right: autoDraw = True
139.5573 	EXP 	up: autoDraw = True
139.5573 	EXP 	down: autoDraw = True
139.5741 	EXP 	center: autoDraw = True
139.5741 	EXP 	left: autoDraw = True
139.5741 	EXP 	right: autoDraw = True
139.5741 	EXP 	up: autoDraw = True
139.5741 	EXP 	down: autoDraw = True
139.5907 	EXP 	center: autoDraw = True
139.5907 	EXP 	left: autoDraw = True
139.5907 	EXP 	right: autoDraw = True
139.5907 	EXP 	up: autoDraw = True
139.5907 	EXP 	down: autoDraw = True
139.6074 	EXP 	center: autoDraw = True
139.6074 	EXP 	left: autoDraw = True
139.6074 	EXP 	right: autoDraw = True
139.6074 	EXP 	up: autoDraw = True
139.6074 	EXP 	down: autoDraw = True
139.6242 	EXP 	center: autoDraw = True
139.6242 	EXP 	left: autoDraw = True
139.6242 	EXP 	right: autoDraw = True
139.6242 	EXP 	up: autoDraw = True
139.6242 	EXP 	down: autoDraw = True
139.6406 	EXP 	center: autoDraw = True
139.6406 	EXP 	left: autoDraw = True
139.6406 	EXP 	right: autoDraw = True
139.6406 	EXP 	up: autoDraw = True
139.6406 	EXP 	down: autoDraw = True
139.6575 	EXP 	center: autoDraw = True
139.6575 	EXP 	left: autoDraw = True
139.6575 	EXP 	right: autoDraw = True
139.6575 	EXP 	up: autoDraw = True
139.6575 	EXP 	down: autoDraw = True
139.6742 	EXP 	center: autoDraw = True
139.6742 	EXP 	left: autoDraw = True
139.6742 	EXP 	right: autoDraw = True
139.6742 	EXP 	up: autoDraw = True
139.6742 	EXP 	down: autoDraw = True
139.6903 	EXP 	center: autoDraw = True
139.6903 	EXP 	left: autoDraw = True
139.6903 	EXP 	right: autoDraw = True
139.6903 	EXP 	up: autoDraw = True
139.6903 	EXP 	down: autoDraw = True
139.7074 	EXP 	center: autoDraw = True
139.7074 	EXP 	left: autoDraw = True
139.7074 	EXP 	right: autoDraw = True
139.7074 	EXP 	up: autoDraw = True
139.7074 	EXP 	down: autoDraw = True
139.7242 	EXP 	center: autoDraw = True
139.7242 	EXP 	left: autoDraw = True
139.7242 	EXP 	right: autoDraw = True
139.7242 	EXP 	up: autoDraw = True
139.7242 	EXP 	down: autoDraw = True
139.7402 	EXP 	center: autoDraw = True
139.7402 	EXP 	left: autoDraw = True
139.7402 	EXP 	right: autoDraw = True
139.7402 	EXP 	up: autoDraw = True
139.7402 	EXP 	down: autoDraw = True
139.7573 	EXP 	center: autoDraw = True
139.7573 	EXP 	left: autoDraw = True
139.7573 	EXP 	right: autoDraw = True
139.7573 	EXP 	up: autoDraw = True
139.7573 	EXP 	down: autoDraw = True
139.7737 	EXP 	center: autoDraw = True
139.7737 	EXP 	left: autoDraw = True
139.7737 	EXP 	right: autoDraw = True
139.7737 	EXP 	up: autoDraw = True
139.7737 	EXP 	down: autoDraw = True
139.7907 	EXP 	center: autoDraw = True
139.7907 	EXP 	left: autoDraw = True
139.7907 	EXP 	right: autoDraw = True
139.7907 	EXP 	up: autoDraw = True
139.7907 	EXP 	down: autoDraw = True
139.8075 	EXP 	center: autoDraw = True
139.8075 	EXP 	left: autoDraw = True
139.8075 	EXP 	right: autoDraw = True
139.8075 	EXP 	up: autoDraw = True
139.8075 	EXP 	down: autoDraw = True
139.8239 	EXP 	center: autoDraw = True
139.8239 	EXP 	left: autoDraw = True
139.8239 	EXP 	right: autoDraw = True
139.8239 	EXP 	up: autoDraw = True
139.8239 	EXP 	down: autoDraw = True
139.8406 	EXP 	center: autoDraw = True
139.8406 	EXP 	left: autoDraw = True
139.8406 	EXP 	right: autoDraw = True
139.8406 	EXP 	up: autoDraw = True
139.8406 	EXP 	down: autoDraw = True
139.8575 	EXP 	center: autoDraw = True
139.8575 	EXP 	left: autoDraw = True
139.8575 	EXP 	right: autoDraw = True
139.8575 	EXP 	up: autoDraw = True
139.8575 	EXP 	down: autoDraw = True
139.8738 	EXP 	center: autoDraw = True
139.8738 	EXP 	left: autoDraw = True
139.8738 	EXP 	right: autoDraw = True
139.8738 	EXP 	up: autoDraw = True
139.8738 	EXP 	down: autoDraw = True
139.8900 	EXP 	center: autoDraw = True
139.8900 	EXP 	left: autoDraw = True
139.8900 	EXP 	right: autoDraw = True
139.8900 	EXP 	up: autoDraw = True
139.8900 	EXP 	down: autoDraw = True
139.9072 	EXP 	center: autoDraw = True
139.9072 	EXP 	left: autoDraw = True
139.9072 	EXP 	right: autoDraw = True
139.9072 	EXP 	up: autoDraw = True
139.9072 	EXP 	down: autoDraw = True
139.9240 	EXP 	center: autoDraw = True
139.9240 	EXP 	left: autoDraw = True
139.9240 	EXP 	right: autoDraw = True
139.9240 	EXP 	up: autoDraw = True
139.9240 	EXP 	down: autoDraw = True
139.9408 	EXP 	center: autoDraw = True
139.9408 	EXP 	left: autoDraw = True
139.9408 	EXP 	right: autoDraw = True
139.9408 	EXP 	up: autoDraw = True
139.9408 	EXP 	down: autoDraw = True
139.9575 	EXP 	center: autoDraw = True
139.9575 	EXP 	left: autoDraw = True
139.9575 	EXP 	right: autoDraw = True
139.9575 	EXP 	up: autoDraw = True
139.9575 	EXP 	down: autoDraw = True
139.9739 	EXP 	center: autoDraw = True
139.9739 	EXP 	left: autoDraw = True
139.9739 	EXP 	right: autoDraw = True
139.9739 	EXP 	up: autoDraw = True
139.9739 	EXP 	down: autoDraw = True
139.9906 	EXP 	center: autoDraw = True
139.9906 	EXP 	left: autoDraw = True
139.9906 	EXP 	right: autoDraw = True
139.9906 	EXP 	up: autoDraw = True
139.9906 	EXP 	down: autoDraw = True
140.0075 	EXP 	center: autoDraw = True
140.0075 	EXP 	left: autoDraw = True
140.0075 	EXP 	right: autoDraw = True
140.0075 	EXP 	up: autoDraw = True
140.0075 	EXP 	down: autoDraw = True
140.0239 	EXP 	center: autoDraw = True
140.0239 	EXP 	left: autoDraw = True
140.0239 	EXP 	right: autoDraw = True
140.0239 	EXP 	up: autoDraw = True
140.0239 	EXP 	down: autoDraw = True
140.0406 	EXP 	center: autoDraw = True
140.0406 	EXP 	left: autoDraw = True
140.0406 	EXP 	right: autoDraw = True
140.0406 	EXP 	up: autoDraw = True
140.0406 	EXP 	down: autoDraw = True
140.0573 	EXP 	center: autoDraw = True
140.0573 	EXP 	left: autoDraw = True
140.0573 	EXP 	right: autoDraw = True
140.0573 	EXP 	up: autoDraw = True
140.0573 	EXP 	down: autoDraw = True
140.0739 	EXP 	center: autoDraw = True
140.0739 	EXP 	left: autoDraw = True
140.0739 	EXP 	right: autoDraw = True
140.0739 	EXP 	up: autoDraw = True
140.0739 	EXP 	down: autoDraw = True
140.0907 	EXP 	center: autoDraw = True
140.0907 	EXP 	left: autoDraw = True
140.0907 	EXP 	right: autoDraw = True
140.0907 	EXP 	up: autoDraw = True
140.0907 	EXP 	down: autoDraw = True
140.1065 	EXP 	center: autoDraw = True
140.1065 	EXP 	left: autoDraw = True
140.1065 	EXP 	right: autoDraw = True
140.1065 	EXP 	up: autoDraw = True
140.1065 	EXP 	down: autoDraw = True
140.1239 	EXP 	center: autoDraw = True
140.1239 	EXP 	left: autoDraw = True
140.1239 	EXP 	right: autoDraw = True
140.1239 	EXP 	up: autoDraw = True
140.1239 	EXP 	down: autoDraw = True
140.1406 	EXP 	center: autoDraw = True
140.1406 	EXP 	left: autoDraw = True
140.1406 	EXP 	right: autoDraw = True
140.1406 	EXP 	up: autoDraw = True
140.1406 	EXP 	down: autoDraw = True
140.1569 	EXP 	center: autoDraw = True
140.1569 	EXP 	left: autoDraw = True
140.1569 	EXP 	right: autoDraw = True
140.1569 	EXP 	up: autoDraw = True
140.1569 	EXP 	down: autoDraw = True
140.1739 	EXP 	center: autoDraw = True
140.1739 	EXP 	left: autoDraw = True
140.1739 	EXP 	right: autoDraw = True
140.1739 	EXP 	up: autoDraw = True
140.1739 	EXP 	down: autoDraw = True
140.1907 	EXP 	center: autoDraw = True
140.1907 	EXP 	left: autoDraw = True
140.1907 	EXP 	right: autoDraw = True
140.1907 	EXP 	up: autoDraw = True
140.1907 	EXP 	down: autoDraw = True
140.2076 	EXP 	center: autoDraw = True
140.2076 	EXP 	left: autoDraw = True
140.2076 	EXP 	right: autoDraw = True
140.2076 	EXP 	up: autoDraw = True
140.2076 	EXP 	down: autoDraw = True
140.2239 	EXP 	center: autoDraw = True
140.2239 	EXP 	left: autoDraw = True
140.2239 	EXP 	right: autoDraw = True
140.2239 	EXP 	up: autoDraw = True
140.2239 	EXP 	down: autoDraw = True
140.2408 	EXP 	center: autoDraw = True
140.2408 	EXP 	left: autoDraw = True
140.2408 	EXP 	right: autoDraw = True
140.2408 	EXP 	up: autoDraw = True
140.2408 	EXP 	down: autoDraw = True
140.2572 	EXP 	center: autoDraw = True
140.2572 	EXP 	left: autoDraw = True
140.2572 	EXP 	right: autoDraw = True
140.2572 	EXP 	up: autoDraw = True
140.2572 	EXP 	down: autoDraw = True
140.2743 	EXP 	center: autoDraw = True
140.2743 	EXP 	left: autoDraw = True
140.2743 	EXP 	right: autoDraw = True
140.2743 	EXP 	up: autoDraw = True
140.2743 	EXP 	down: autoDraw = True
140.2905 	EXP 	center: autoDraw = True
140.2905 	EXP 	left: autoDraw = True
140.2905 	EXP 	right: autoDraw = True
140.2905 	EXP 	up: autoDraw = True
140.2905 	EXP 	down: autoDraw = True
140.3074 	EXP 	center: autoDraw = True
140.3074 	EXP 	left: autoDraw = True
140.3074 	EXP 	right: autoDraw = True
140.3074 	EXP 	up: autoDraw = True
140.3074 	EXP 	down: autoDraw = True
140.3241 	EXP 	center: autoDraw = True
140.3241 	EXP 	left: autoDraw = True
140.3241 	EXP 	right: autoDraw = True
140.3241 	EXP 	up: autoDraw = True
140.3241 	EXP 	down: autoDraw = True
140.3405 	EXP 	center: autoDraw = True
140.3405 	EXP 	left: autoDraw = True
140.3405 	EXP 	right: autoDraw = True
140.3405 	EXP 	up: autoDraw = True
140.3405 	EXP 	down: autoDraw = True
140.3574 	EXP 	center: autoDraw = True
140.3574 	EXP 	left: autoDraw = True
140.3574 	EXP 	right: autoDraw = True
140.3574 	EXP 	up: autoDraw = True
140.3574 	EXP 	down: autoDraw = True
140.3738 	EXP 	center: autoDraw = True
140.3738 	EXP 	left: autoDraw = True
140.3738 	EXP 	right: autoDraw = True
140.3738 	EXP 	up: autoDraw = True
140.3738 	EXP 	down: autoDraw = True
140.3907 	EXP 	center: autoDraw = True
140.3907 	EXP 	left: autoDraw = True
140.3907 	EXP 	right: autoDraw = True
140.3907 	EXP 	up: autoDraw = True
140.3907 	EXP 	down: autoDraw = True
140.4075 	EXP 	center: autoDraw = True
140.4075 	EXP 	left: autoDraw = True
140.4075 	EXP 	right: autoDraw = True
140.4075 	EXP 	up: autoDraw = True
140.4075 	EXP 	down: autoDraw = True
140.4240 	EXP 	center: autoDraw = True
140.4240 	EXP 	left: autoDraw = True
140.4240 	EXP 	right: autoDraw = True
140.4240 	EXP 	up: autoDraw = True
140.4240 	EXP 	down: autoDraw = True
140.4409 	EXP 	center: autoDraw = True
140.4409 	EXP 	left: autoDraw = True
140.4409 	EXP 	right: autoDraw = True
140.4409 	EXP 	up: autoDraw = True
140.4409 	EXP 	down: autoDraw = True
140.4572 	EXP 	center: autoDraw = True
140.4572 	EXP 	left: autoDraw = True
140.4572 	EXP 	right: autoDraw = True
140.4572 	EXP 	up: autoDraw = True
140.4572 	EXP 	down: autoDraw = True
140.4741 	EXP 	center: autoDraw = True
140.4741 	EXP 	left: autoDraw = True
140.4741 	EXP 	right: autoDraw = True
140.4741 	EXP 	up: autoDraw = True
140.4741 	EXP 	down: autoDraw = True
140.4909 	EXP 	center: autoDraw = True
140.4909 	EXP 	left: autoDraw = True
140.4909 	EXP 	right: autoDraw = True
140.4909 	EXP 	up: autoDraw = True
140.4909 	EXP 	down: autoDraw = True
140.5072 	EXP 	center: autoDraw = True
140.5072 	EXP 	left: autoDraw = True
140.5072 	EXP 	right: autoDraw = True
140.5072 	EXP 	up: autoDraw = True
140.5072 	EXP 	down: autoDraw = True
140.5241 	EXP 	center: autoDraw = True
140.5241 	EXP 	left: autoDraw = True
140.5241 	EXP 	right: autoDraw = True
140.5241 	EXP 	up: autoDraw = True
140.5241 	EXP 	down: autoDraw = True
140.5405 	EXP 	center: autoDraw = True
140.5405 	EXP 	left: autoDraw = True
140.5405 	EXP 	right: autoDraw = True
140.5405 	EXP 	up: autoDraw = True
140.5405 	EXP 	down: autoDraw = True
140.5573 	EXP 	center: autoDraw = True
140.5573 	EXP 	left: autoDraw = True
140.5573 	EXP 	right: autoDraw = True
140.5573 	EXP 	up: autoDraw = True
140.5573 	EXP 	down: autoDraw = True
140.5742 	EXP 	center: autoDraw = True
140.5742 	EXP 	left: autoDraw = True
140.5742 	EXP 	right: autoDraw = True
140.5742 	EXP 	up: autoDraw = True
140.5742 	EXP 	down: autoDraw = True
140.5905 	EXP 	center: autoDraw = True
140.5905 	EXP 	left: autoDraw = True
140.5905 	EXP 	right: autoDraw = True
140.5905 	EXP 	up: autoDraw = True
140.5905 	EXP 	down: autoDraw = True
140.6073 	EXP 	center: autoDraw = True
140.6073 	EXP 	left: autoDraw = True
140.6073 	EXP 	right: autoDraw = True
140.6073 	EXP 	up: autoDraw = True
140.6073 	EXP 	down: autoDraw = True
140.6239 	EXP 	center: autoDraw = True
140.6239 	EXP 	left: autoDraw = True
140.6239 	EXP 	right: autoDraw = True
140.6239 	EXP 	up: autoDraw = True
140.6239 	EXP 	down: autoDraw = True
140.6407 	EXP 	center: autoDraw = True
140.6407 	EXP 	left: autoDraw = True
140.6407 	EXP 	right: autoDraw = True
140.6407 	EXP 	up: autoDraw = True
140.6407 	EXP 	down: autoDraw = True
140.6574 	EXP 	center: autoDraw = True
140.6574 	EXP 	left: autoDraw = True
140.6574 	EXP 	right: autoDraw = True
140.6574 	EXP 	up: autoDraw = True
140.6574 	EXP 	down: autoDraw = True
140.6740 	EXP 	center: autoDraw = True
140.6740 	EXP 	left: autoDraw = True
140.6740 	EXP 	right: autoDraw = True
140.6740 	EXP 	up: autoDraw = True
140.6740 	EXP 	down: autoDraw = True
140.6740 	EXP 	center: autoDraw = False
140.6740 	EXP 	left: autoDraw = False
140.6740 	EXP 	right: autoDraw = False
140.6740 	EXP 	up: autoDraw = False
140.6740 	EXP 	down: autoDraw = False
140.6906 	EXP 	center: autoDraw = True
140.6906 	EXP 	left: autoDraw = True
140.6906 	EXP 	right: autoDraw = True
140.6906 	EXP 	up: autoDraw = True
140.6906 	EXP 	down: autoDraw = True
140.6906 	EXP 	center: autoDraw = False
140.6906 	EXP 	left: autoDraw = False
140.6906 	EXP 	right: autoDraw = False
140.6906 	EXP 	up: autoDraw = False
140.6906 	EXP 	down: autoDraw = False
140.7072 	EXP 	center: autoDraw = True
140.7072 	EXP 	left: autoDraw = True
140.7072 	EXP 	right: autoDraw = True
140.7072 	EXP 	up: autoDraw = True
140.7072 	EXP 	down: autoDraw = True
140.7072 	EXP 	center: autoDraw = False
140.7072 	EXP 	left: autoDraw = False
140.7072 	EXP 	right: autoDraw = False
140.7072 	EXP 	up: autoDraw = False
140.7072 	EXP 	down: autoDraw = False
140.7239 	EXP 	center: autoDraw = True
140.7239 	EXP 	left: autoDraw = True
140.7239 	EXP 	right: autoDraw = True
140.7239 	EXP 	up: autoDraw = True
140.7239 	EXP 	down: autoDraw = True
140.7239 	EXP 	center: autoDraw = False
140.7239 	EXP 	left: autoDraw = False
140.7239 	EXP 	right: autoDraw = False
140.7239 	EXP 	up: autoDraw = False
140.7239 	EXP 	down: autoDraw = False
140.7406 	EXP 	center: autoDraw = True
140.7406 	EXP 	left: autoDraw = True
140.7406 	EXP 	right: autoDraw = True
140.7406 	EXP 	up: autoDraw = True
140.7406 	EXP 	down: autoDraw = True
140.7406 	EXP 	center: autoDraw = False
140.7406 	EXP 	left: autoDraw = False
140.7406 	EXP 	right: autoDraw = False
140.7406 	EXP 	up: autoDraw = False
140.7406 	EXP 	down: autoDraw = False
140.7572 	EXP 	center: autoDraw = True
140.7572 	EXP 	left: autoDraw = True
140.7572 	EXP 	right: autoDraw = True
140.7572 	EXP 	up: autoDraw = True
140.7572 	EXP 	down: autoDraw = True
140.7572 	EXP 	center: autoDraw = False
140.7572 	EXP 	left: autoDraw = False
140.7572 	EXP 	right: autoDraw = False
140.7572 	EXP 	up: autoDraw = False
140.7572 	EXP 	down: autoDraw = False
140.7740 	EXP 	center: autoDraw = True
140.7740 	EXP 	left: autoDraw = True
140.7740 	EXP 	right: autoDraw = True
140.7740 	EXP 	up: autoDraw = True
140.7740 	EXP 	down: autoDraw = True
140.7740 	EXP 	center: autoDraw = False
140.7740 	EXP 	left: autoDraw = False
140.7740 	EXP 	right: autoDraw = False
140.7740 	EXP 	up: autoDraw = False
140.7740 	EXP 	down: autoDraw = False
140.7905 	EXP 	center: autoDraw = True
140.7905 	EXP 	left: autoDraw = True
140.7905 	EXP 	right: autoDraw = True
140.7905 	EXP 	up: autoDraw = True
140.7905 	EXP 	down: autoDraw = True
140.7905 	EXP 	center: autoDraw = False
140.7905 	EXP 	left: autoDraw = False
140.7905 	EXP 	right: autoDraw = False
140.7905 	EXP 	up: autoDraw = False
140.7905 	EXP 	down: autoDraw = False
140.8071 	EXP 	center: autoDraw = True
140.8071 	EXP 	left: autoDraw = True
140.8071 	EXP 	right: autoDraw = True
140.8071 	EXP 	up: autoDraw = True
140.8071 	EXP 	down: autoDraw = True
140.8071 	EXP 	center: autoDraw = False
140.8071 	EXP 	left: autoDraw = False
140.8071 	EXP 	right: autoDraw = False
140.8071 	EXP 	up: autoDraw = False
140.8071 	EXP 	down: autoDraw = False
140.8111 	DATA 	oc_E | frame count: 850
140.8145 	EXP 	Set  sound=./sound/blink_speak.wav
140.8298 	DATA 	bliS | frame count: -1
140.8398 	EXP 	center: autoDraw = True
140.8398 	EXP 	left: autoDraw = True
140.8398 	EXP 	right: autoDraw = True
140.8398 	EXP 	up: autoDraw = True
140.8398 	EXP 	down: autoDraw = True
140.8398 	EXP 	center: autoDraw = False
140.8398 	EXP 	left: autoDraw = False
140.8398 	EXP 	right: autoDraw = False
140.8398 	EXP 	up: autoDraw = False
140.8398 	EXP 	down: autoDraw = False
140.8572 	EXP 	center: autoDraw = True
140.8572 	EXP 	left: autoDraw = True
140.8572 	EXP 	right: autoDraw = True
140.8572 	EXP 	up: autoDraw = True
140.8572 	EXP 	down: autoDraw = True
140.8739 	EXP 	center: autoDraw = True
140.8739 	EXP 	left: autoDraw = True
140.8739 	EXP 	right: autoDraw = True
140.8739 	EXP 	up: autoDraw = True
140.8739 	EXP 	down: autoDraw = True
140.8908 	EXP 	center: autoDraw = True
140.8908 	EXP 	left: autoDraw = True
140.8908 	EXP 	right: autoDraw = True
140.8908 	EXP 	up: autoDraw = True
140.8908 	EXP 	down: autoDraw = True
140.9071 	EXP 	center: autoDraw = True
140.9071 	EXP 	left: autoDraw = True
140.9071 	EXP 	right: autoDraw = True
140.9071 	EXP 	up: autoDraw = True
140.9071 	EXP 	down: autoDraw = True
140.9233 	EXP 	center: autoDraw = True
140.9233 	EXP 	left: autoDraw = True
140.9233 	EXP 	right: autoDraw = True
140.9233 	EXP 	up: autoDraw = True
140.9233 	EXP 	down: autoDraw = True
140.9405 	EXP 	center: autoDraw = True
140.9405 	EXP 	left: autoDraw = True
140.9405 	EXP 	right: autoDraw = True
140.9405 	EXP 	up: autoDraw = True
140.9405 	EXP 	down: autoDraw = True
140.9573 	EXP 	center: autoDraw = True
140.9573 	EXP 	left: autoDraw = True
140.9573 	EXP 	right: autoDraw = True
140.9573 	EXP 	up: autoDraw = True
140.9573 	EXP 	down: autoDraw = True
140.9740 	EXP 	center: autoDraw = True
140.9740 	EXP 	left: autoDraw = True
140.9740 	EXP 	right: autoDraw = True
140.9740 	EXP 	up: autoDraw = True
140.9740 	EXP 	down: autoDraw = True
140.9905 	EXP 	center: autoDraw = True
140.9905 	EXP 	left: autoDraw = True
140.9905 	EXP 	right: autoDraw = True
140.9905 	EXP 	up: autoDraw = True
140.9905 	EXP 	down: autoDraw = True
141.0073 	EXP 	center: autoDraw = True
141.0073 	EXP 	left: autoDraw = True
141.0073 	EXP 	right: autoDraw = True
141.0073 	EXP 	up: autoDraw = True
141.0073 	EXP 	down: autoDraw = True
141.0242 	EXP 	center: autoDraw = True
141.0242 	EXP 	left: autoDraw = True
141.0242 	EXP 	right: autoDraw = True
141.0242 	EXP 	up: autoDraw = True
141.0242 	EXP 	down: autoDraw = True
141.0405 	EXP 	center: autoDraw = True
141.0405 	EXP 	left: autoDraw = True
141.0405 	EXP 	right: autoDraw = True
141.0405 	EXP 	up: autoDraw = True
141.0405 	EXP 	down: autoDraw = True
141.0573 	EXP 	center: autoDraw = True
141.0573 	EXP 	left: autoDraw = True
141.0573 	EXP 	right: autoDraw = True
141.0573 	EXP 	up: autoDraw = True
141.0573 	EXP 	down: autoDraw = True
141.0740 	EXP 	center: autoDraw = True
141.0740 	EXP 	left: autoDraw = True
141.0740 	EXP 	right: autoDraw = True
141.0740 	EXP 	up: autoDraw = True
141.0740 	EXP 	down: autoDraw = True
141.0908 	EXP 	center: autoDraw = True
141.0908 	EXP 	left: autoDraw = True
141.0908 	EXP 	right: autoDraw = True
141.0908 	EXP 	up: autoDraw = True
141.0908 	EXP 	down: autoDraw = True
141.1071 	EXP 	center: autoDraw = True
141.1071 	EXP 	left: autoDraw = True
141.1071 	EXP 	right: autoDraw = True
141.1071 	EXP 	up: autoDraw = True
141.1071 	EXP 	down: autoDraw = True
141.1240 	EXP 	center: autoDraw = True
141.1240 	EXP 	left: autoDraw = True
141.1240 	EXP 	right: autoDraw = True
141.1240 	EXP 	up: autoDraw = True
141.1240 	EXP 	down: autoDraw = True
141.1405 	EXP 	center: autoDraw = True
141.1405 	EXP 	left: autoDraw = True
141.1405 	EXP 	right: autoDraw = True
141.1405 	EXP 	up: autoDraw = True
141.1405 	EXP 	down: autoDraw = True
141.1573 	EXP 	center: autoDraw = True
141.1573 	EXP 	left: autoDraw = True
141.1573 	EXP 	right: autoDraw = True
141.1573 	EXP 	up: autoDraw = True
141.1573 	EXP 	down: autoDraw = True
141.1741 	EXP 	center: autoDraw = True
141.1741 	EXP 	left: autoDraw = True
141.1741 	EXP 	right: autoDraw = True
141.1741 	EXP 	up: autoDraw = True
141.1741 	EXP 	down: autoDraw = True
141.1902 	EXP 	center: autoDraw = True
141.1902 	EXP 	left: autoDraw = True
141.1902 	EXP 	right: autoDraw = True
141.1902 	EXP 	up: autoDraw = True
141.1902 	EXP 	down: autoDraw = True
141.2072 	EXP 	center: autoDraw = True
141.2072 	EXP 	left: autoDraw = True
141.2072 	EXP 	right: autoDraw = True
141.2072 	EXP 	up: autoDraw = True
141.2072 	EXP 	down: autoDraw = True
141.2241 	EXP 	center: autoDraw = True
141.2241 	EXP 	left: autoDraw = True
141.2241 	EXP 	right: autoDraw = True
141.2241 	EXP 	up: autoDraw = True
141.2241 	EXP 	down: autoDraw = True
141.2404 	EXP 	center: autoDraw = True
141.2404 	EXP 	left: autoDraw = True
141.2404 	EXP 	right: autoDraw = True
141.2404 	EXP 	up: autoDraw = True
141.2404 	EXP 	down: autoDraw = True
141.2574 	EXP 	center: autoDraw = True
141.2574 	EXP 	left: autoDraw = True
141.2574 	EXP 	right: autoDraw = True
141.2574 	EXP 	up: autoDraw = True
141.2574 	EXP 	down: autoDraw = True
141.2738 	EXP 	center: autoDraw = True
141.2738 	EXP 	left: autoDraw = True
141.2738 	EXP 	right: autoDraw = True
141.2738 	EXP 	up: autoDraw = True
141.2738 	EXP 	down: autoDraw = True
141.2906 	EXP 	center: autoDraw = True
141.2906 	EXP 	left: autoDraw = True
141.2906 	EXP 	right: autoDraw = True
141.2906 	EXP 	up: autoDraw = True
141.2906 	EXP 	down: autoDraw = True
141.3074 	EXP 	center: autoDraw = True
141.3074 	EXP 	left: autoDraw = True
141.3074 	EXP 	right: autoDraw = True
141.3074 	EXP 	up: autoDraw = True
141.3074 	EXP 	down: autoDraw = True
141.3237 	EXP 	center: autoDraw = True
141.3237 	EXP 	left: autoDraw = True
141.3237 	EXP 	right: autoDraw = True
141.3237 	EXP 	up: autoDraw = True
141.3237 	EXP 	down: autoDraw = True
141.3405 	EXP 	center: autoDraw = True
141.3405 	EXP 	left: autoDraw = True
141.3405 	EXP 	right: autoDraw = True
141.3405 	EXP 	up: autoDraw = True
141.3405 	EXP 	down: autoDraw = True
141.3573 	EXP 	center: autoDraw = True
141.3573 	EXP 	left: autoDraw = True
141.3573 	EXP 	right: autoDraw = True
141.3573 	EXP 	up: autoDraw = True
141.3573 	EXP 	down: autoDraw = True
141.3740 	EXP 	center: autoDraw = True
141.3740 	EXP 	left: autoDraw = True
141.3740 	EXP 	right: autoDraw = True
141.3740 	EXP 	up: autoDraw = True
141.3740 	EXP 	down: autoDraw = True
141.3905 	EXP 	center: autoDraw = True
141.3905 	EXP 	left: autoDraw = True
141.3905 	EXP 	right: autoDraw = True
141.3905 	EXP 	up: autoDraw = True
141.3905 	EXP 	down: autoDraw = True
141.4073 	EXP 	center: autoDraw = True
141.4073 	EXP 	left: autoDraw = True
141.4073 	EXP 	right: autoDraw = True
141.4073 	EXP 	up: autoDraw = True
141.4073 	EXP 	down: autoDraw = True
141.4237 	EXP 	center: autoDraw = True
141.4237 	EXP 	left: autoDraw = True
141.4237 	EXP 	right: autoDraw = True
141.4237 	EXP 	up: autoDraw = True
141.4237 	EXP 	down: autoDraw = True
141.4404 	EXP 	center: autoDraw = True
141.4404 	EXP 	left: autoDraw = True
141.4404 	EXP 	right: autoDraw = True
141.4404 	EXP 	up: autoDraw = True
141.4404 	EXP 	down: autoDraw = True
141.4573 	EXP 	center: autoDraw = True
141.4573 	EXP 	left: autoDraw = True
141.4573 	EXP 	right: autoDraw = True
141.4573 	EXP 	up: autoDraw = True
141.4573 	EXP 	down: autoDraw = True
141.4740 	EXP 	center: autoDraw = True
141.4740 	EXP 	left: autoDraw = True
141.4740 	EXP 	right: autoDraw = True
141.4740 	EXP 	up: autoDraw = True
141.4740 	EXP 	down: autoDraw = True
141.4905 	EXP 	center: autoDraw = True
141.4905 	EXP 	left: autoDraw = True
141.4905 	EXP 	right: autoDraw = True
141.4905 	EXP 	up: autoDraw = True
141.4905 	EXP 	down: autoDraw = True
141.5072 	EXP 	center: autoDraw = True
141.5072 	EXP 	left: autoDraw = True
141.5072 	EXP 	right: autoDraw = True
141.5072 	EXP 	up: autoDraw = True
141.5072 	EXP 	down: autoDraw = True
141.5239 	EXP 	center: autoDraw = True
141.5239 	EXP 	left: autoDraw = True
141.5239 	EXP 	right: autoDraw = True
141.5239 	EXP 	up: autoDraw = True
141.5239 	EXP 	down: autoDraw = True
141.5404 	EXP 	center: autoDraw = True
141.5404 	EXP 	left: autoDraw = True
141.5404 	EXP 	right: autoDraw = True
141.5404 	EXP 	up: autoDraw = True
141.5404 	EXP 	down: autoDraw = True
141.5571 	EXP 	center: autoDraw = True
141.5571 	EXP 	left: autoDraw = True
141.5571 	EXP 	right: autoDraw = True
141.5571 	EXP 	up: autoDraw = True
141.5571 	EXP 	down: autoDraw = True
141.5734 	EXP 	center: autoDraw = True
141.5734 	EXP 	left: autoDraw = True
141.5734 	EXP 	right: autoDraw = True
141.5734 	EXP 	up: autoDraw = True
141.5734 	EXP 	down: autoDraw = True
141.5908 	EXP 	center: autoDraw = True
141.5908 	EXP 	left: autoDraw = True
141.5908 	EXP 	right: autoDraw = True
141.5908 	EXP 	up: autoDraw = True
141.5908 	EXP 	down: autoDraw = True
141.6071 	EXP 	center: autoDraw = True
141.6071 	EXP 	left: autoDraw = True
141.6071 	EXP 	right: autoDraw = True
141.6071 	EXP 	up: autoDraw = True
141.6071 	EXP 	down: autoDraw = True
141.6239 	EXP 	center: autoDraw = True
141.6239 	EXP 	left: autoDraw = True
141.6239 	EXP 	right: autoDraw = True
141.6239 	EXP 	up: autoDraw = True
141.6239 	EXP 	down: autoDraw = True
141.6408 	EXP 	center: autoDraw = True
141.6408 	EXP 	left: autoDraw = True
141.6408 	EXP 	right: autoDraw = True
141.6408 	EXP 	up: autoDraw = True
141.6408 	EXP 	down: autoDraw = True
141.6573 	EXP 	center: autoDraw = True
141.6573 	EXP 	left: autoDraw = True
141.6573 	EXP 	right: autoDraw = True
141.6573 	EXP 	up: autoDraw = True
141.6573 	EXP 	down: autoDraw = True
141.6732 	EXP 	center: autoDraw = True
141.6732 	EXP 	left: autoDraw = True
141.6732 	EXP 	right: autoDraw = True
141.6732 	EXP 	up: autoDraw = True
141.6732 	EXP 	down: autoDraw = True
141.6906 	EXP 	center: autoDraw = True
141.6906 	EXP 	left: autoDraw = True
141.6906 	EXP 	right: autoDraw = True
141.6906 	EXP 	up: autoDraw = True
141.6906 	EXP 	down: autoDraw = True
141.7073 	EXP 	center: autoDraw = True
141.7073 	EXP 	left: autoDraw = True
141.7073 	EXP 	right: autoDraw = True
141.7073 	EXP 	up: autoDraw = True
141.7073 	EXP 	down: autoDraw = True
141.7238 	EXP 	center: autoDraw = True
141.7238 	EXP 	left: autoDraw = True
141.7238 	EXP 	right: autoDraw = True
141.7238 	EXP 	up: autoDraw = True
141.7238 	EXP 	down: autoDraw = True
141.7406 	EXP 	center: autoDraw = True
141.7406 	EXP 	left: autoDraw = True
141.7406 	EXP 	right: autoDraw = True
141.7406 	EXP 	up: autoDraw = True
141.7406 	EXP 	down: autoDraw = True
141.7574 	EXP 	center: autoDraw = True
141.7574 	EXP 	left: autoDraw = True
141.7574 	EXP 	right: autoDraw = True
141.7574 	EXP 	up: autoDraw = True
141.7574 	EXP 	down: autoDraw = True
141.7737 	EXP 	center: autoDraw = True
141.7737 	EXP 	left: autoDraw = True
141.7737 	EXP 	right: autoDraw = True
141.7737 	EXP 	up: autoDraw = True
141.7737 	EXP 	down: autoDraw = True
141.7906 	EXP 	center: autoDraw = True
141.7906 	EXP 	left: autoDraw = True
141.7906 	EXP 	right: autoDraw = True
141.7906 	EXP 	up: autoDraw = True
141.7906 	EXP 	down: autoDraw = True
141.8067 	EXP 	center: autoDraw = True
141.8067 	EXP 	left: autoDraw = True
141.8067 	EXP 	right: autoDraw = True
141.8067 	EXP 	up: autoDraw = True
141.8067 	EXP 	down: autoDraw = True
141.8238 	EXP 	center: autoDraw = True
141.8238 	EXP 	left: autoDraw = True
141.8238 	EXP 	right: autoDraw = True
141.8238 	EXP 	up: autoDraw = True
141.8238 	EXP 	down: autoDraw = True
141.8404 	EXP 	center: autoDraw = True
141.8404 	EXP 	left: autoDraw = True
141.8404 	EXP 	right: autoDraw = True
141.8404 	EXP 	up: autoDraw = True
141.8404 	EXP 	down: autoDraw = True
141.8571 	EXP 	center: autoDraw = True
141.8571 	EXP 	left: autoDraw = True
141.8571 	EXP 	right: autoDraw = True
141.8571 	EXP 	up: autoDraw = True
141.8571 	EXP 	down: autoDraw = True
141.8739 	EXP 	center: autoDraw = True
141.8739 	EXP 	left: autoDraw = True
141.8739 	EXP 	right: autoDraw = True
141.8739 	EXP 	up: autoDraw = True
141.8739 	EXP 	down: autoDraw = True
141.8904 	EXP 	center: autoDraw = True
141.8904 	EXP 	left: autoDraw = True
141.8904 	EXP 	right: autoDraw = True
141.8904 	EXP 	up: autoDraw = True
141.8904 	EXP 	down: autoDraw = True
141.9074 	EXP 	center: autoDraw = True
141.9074 	EXP 	left: autoDraw = True
141.9074 	EXP 	right: autoDraw = True
141.9074 	EXP 	up: autoDraw = True
141.9074 	EXP 	down: autoDraw = True
141.9237 	EXP 	center: autoDraw = True
141.9237 	EXP 	left: autoDraw = True
141.9237 	EXP 	right: autoDraw = True
141.9237 	EXP 	up: autoDraw = True
141.9237 	EXP 	down: autoDraw = True
141.9405 	EXP 	center: autoDraw = True
141.9405 	EXP 	left: autoDraw = True
141.9405 	EXP 	right: autoDraw = True
141.9405 	EXP 	up: autoDraw = True
141.9405 	EXP 	down: autoDraw = True
141.9565 	EXP 	center: autoDraw = True
141.9565 	EXP 	left: autoDraw = True
141.9565 	EXP 	right: autoDraw = True
141.9565 	EXP 	up: autoDraw = True
141.9565 	EXP 	down: autoDraw = True
141.9733 	EXP 	center: autoDraw = True
141.9733 	EXP 	left: autoDraw = True
141.9733 	EXP 	right: autoDraw = True
141.9733 	EXP 	up: autoDraw = True
141.9733 	EXP 	down: autoDraw = True
141.9905 	EXP 	center: autoDraw = True
141.9905 	EXP 	left: autoDraw = True
141.9905 	EXP 	right: autoDraw = True
141.9905 	EXP 	up: autoDraw = True
141.9905 	EXP 	down: autoDraw = True
142.0074 	EXP 	center: autoDraw = True
142.0074 	EXP 	left: autoDraw = True
142.0074 	EXP 	right: autoDraw = True
142.0074 	EXP 	up: autoDraw = True
142.0074 	EXP 	down: autoDraw = True
142.0237 	EXP 	center: autoDraw = True
142.0237 	EXP 	left: autoDraw = True
142.0237 	EXP 	right: autoDraw = True
142.0237 	EXP 	up: autoDraw = True
142.0237 	EXP 	down: autoDraw = True
142.0407 	EXP 	center: autoDraw = True
142.0407 	EXP 	left: autoDraw = True
142.0407 	EXP 	right: autoDraw = True
142.0407 	EXP 	up: autoDraw = True
142.0407 	EXP 	down: autoDraw = True
142.0571 	EXP 	center: autoDraw = True
142.0571 	EXP 	left: autoDraw = True
142.0571 	EXP 	right: autoDraw = True
142.0571 	EXP 	up: autoDraw = True
142.0571 	EXP 	down: autoDraw = True
142.0740 	EXP 	center: autoDraw = True
142.0740 	EXP 	left: autoDraw = True
142.0740 	EXP 	right: autoDraw = True
142.0740 	EXP 	up: autoDraw = True
142.0740 	EXP 	down: autoDraw = True
142.0904 	EXP 	center: autoDraw = True
142.0904 	EXP 	left: autoDraw = True
142.0904 	EXP 	right: autoDraw = True
142.0904 	EXP 	up: autoDraw = True
142.0904 	EXP 	down: autoDraw = True
142.1072 	EXP 	center: autoDraw = True
142.1072 	EXP 	left: autoDraw = True
142.1072 	EXP 	right: autoDraw = True
142.1072 	EXP 	up: autoDraw = True
142.1072 	EXP 	down: autoDraw = True
142.1240 	EXP 	center: autoDraw = True
142.1240 	EXP 	left: autoDraw = True
142.1240 	EXP 	right: autoDraw = True
142.1240 	EXP 	up: autoDraw = True
142.1240 	EXP 	down: autoDraw = True
142.1404 	EXP 	center: autoDraw = True
142.1404 	EXP 	left: autoDraw = True
142.1404 	EXP 	right: autoDraw = True
142.1404 	EXP 	up: autoDraw = True
142.1404 	EXP 	down: autoDraw = True
142.1572 	EXP 	center: autoDraw = True
142.1572 	EXP 	left: autoDraw = True
142.1572 	EXP 	right: autoDraw = True
142.1572 	EXP 	up: autoDraw = True
142.1572 	EXP 	down: autoDraw = True
142.1730 	EXP 	center: autoDraw = True
142.1730 	EXP 	left: autoDraw = True
142.1730 	EXP 	right: autoDraw = True
142.1730 	EXP 	up: autoDraw = True
142.1730 	EXP 	down: autoDraw = True
142.1901 	EXP 	center: autoDraw = True
142.1901 	EXP 	left: autoDraw = True
142.1901 	EXP 	right: autoDraw = True
142.1901 	EXP 	up: autoDraw = True
142.1901 	EXP 	down: autoDraw = True
142.2070 	EXP 	center: autoDraw = True
142.2070 	EXP 	left: autoDraw = True
142.2070 	EXP 	right: autoDraw = True
142.2070 	EXP 	up: autoDraw = True
142.2070 	EXP 	down: autoDraw = True
142.2235 	EXP 	center: autoDraw = True
142.2235 	EXP 	left: autoDraw = True
142.2235 	EXP 	right: autoDraw = True
142.2235 	EXP 	up: autoDraw = True
142.2235 	EXP 	down: autoDraw = True
142.2404 	EXP 	center: autoDraw = True
142.2404 	EXP 	left: autoDraw = True
142.2404 	EXP 	right: autoDraw = True
142.2404 	EXP 	up: autoDraw = True
142.2404 	EXP 	down: autoDraw = True
142.2571 	EXP 	center: autoDraw = True
142.2571 	EXP 	left: autoDraw = True
142.2571 	EXP 	right: autoDraw = True
142.2571 	EXP 	up: autoDraw = True
142.2571 	EXP 	down: autoDraw = True
142.2739 	EXP 	center: autoDraw = True
142.2739 	EXP 	left: autoDraw = True
142.2739 	EXP 	right: autoDraw = True
142.2739 	EXP 	up: autoDraw = True
142.2739 	EXP 	down: autoDraw = True
142.2904 	EXP 	center: autoDraw = True
142.2904 	EXP 	left: autoDraw = True
142.2904 	EXP 	right: autoDraw = True
142.2904 	EXP 	up: autoDraw = True
142.2904 	EXP 	down: autoDraw = True
142.3072 	EXP 	center: autoDraw = True
142.3072 	EXP 	left: autoDraw = True
142.3072 	EXP 	right: autoDraw = True
142.3072 	EXP 	up: autoDraw = True
142.3072 	EXP 	down: autoDraw = True
142.3240 	EXP 	center: autoDraw = True
142.3240 	EXP 	left: autoDraw = True
142.3240 	EXP 	right: autoDraw = True
142.3240 	EXP 	up: autoDraw = True
142.3240 	EXP 	down: autoDraw = True
142.3396 	EXP 	center: autoDraw = True
142.3396 	EXP 	left: autoDraw = True
142.3396 	EXP 	right: autoDraw = True
142.3396 	EXP 	up: autoDraw = True
142.3396 	EXP 	down: autoDraw = True
142.3570 	EXP 	center: autoDraw = True
142.3570 	EXP 	left: autoDraw = True
142.3570 	EXP 	right: autoDraw = True
142.3570 	EXP 	up: autoDraw = True
142.3570 	EXP 	down: autoDraw = True
142.3739 	EXP 	center: autoDraw = True
142.3739 	EXP 	left: autoDraw = True
142.3739 	EXP 	right: autoDraw = True
142.3739 	EXP 	up: autoDraw = True
142.3739 	EXP 	down: autoDraw = True
142.3907 	EXP 	center: autoDraw = True
142.3907 	EXP 	left: autoDraw = True
142.3907 	EXP 	right: autoDraw = True
142.3907 	EXP 	up: autoDraw = True
142.3907 	EXP 	down: autoDraw = True
142.4074 	EXP 	center: autoDraw = True
142.4074 	EXP 	left: autoDraw = True
142.4074 	EXP 	right: autoDraw = True
142.4074 	EXP 	up: autoDraw = True
142.4074 	EXP 	down: autoDraw = True
142.4237 	EXP 	center: autoDraw = True
142.4237 	EXP 	left: autoDraw = True
142.4237 	EXP 	right: autoDraw = True
142.4237 	EXP 	up: autoDraw = True
142.4237 	EXP 	down: autoDraw = True
142.4405 	EXP 	center: autoDraw = True
142.4405 	EXP 	left: autoDraw = True
142.4405 	EXP 	right: autoDraw = True
142.4405 	EXP 	up: autoDraw = True
142.4405 	EXP 	down: autoDraw = True
142.4566 	EXP 	center: autoDraw = True
142.4566 	EXP 	left: autoDraw = True
142.4566 	EXP 	right: autoDraw = True
142.4566 	EXP 	up: autoDraw = True
142.4566 	EXP 	down: autoDraw = True
142.4737 	EXP 	center: autoDraw = True
142.4737 	EXP 	left: autoDraw = True
142.4737 	EXP 	right: autoDraw = True
142.4737 	EXP 	up: autoDraw = True
142.4737 	EXP 	down: autoDraw = True
142.4905 	EXP 	center: autoDraw = True
142.4905 	EXP 	left: autoDraw = True
142.4905 	EXP 	right: autoDraw = True
142.4905 	EXP 	up: autoDraw = True
142.4905 	EXP 	down: autoDraw = True
142.5073 	EXP 	center: autoDraw = True
142.5073 	EXP 	left: autoDraw = True
142.5073 	EXP 	right: autoDraw = True
142.5073 	EXP 	up: autoDraw = True
142.5073 	EXP 	down: autoDraw = True
142.5237 	EXP 	center: autoDraw = True
142.5237 	EXP 	left: autoDraw = True
142.5237 	EXP 	right: autoDraw = True
142.5237 	EXP 	up: autoDraw = True
142.5237 	EXP 	down: autoDraw = True
142.5405 	EXP 	center: autoDraw = True
142.5405 	EXP 	left: autoDraw = True
142.5405 	EXP 	right: autoDraw = True
142.5405 	EXP 	up: autoDraw = True
142.5405 	EXP 	down: autoDraw = True
142.5574 	EXP 	center: autoDraw = True
142.5574 	EXP 	left: autoDraw = True
142.5574 	EXP 	right: autoDraw = True
142.5574 	EXP 	up: autoDraw = True
142.5574 	EXP 	down: autoDraw = True
142.5737 	EXP 	center: autoDraw = True
142.5737 	EXP 	left: autoDraw = True
142.5737 	EXP 	right: autoDraw = True
142.5737 	EXP 	up: autoDraw = True
142.5737 	EXP 	down: autoDraw = True
142.5906 	EXP 	center: autoDraw = True
142.5906 	EXP 	left: autoDraw = True
142.5906 	EXP 	right: autoDraw = True
142.5906 	EXP 	up: autoDraw = True
142.5906 	EXP 	down: autoDraw = True
142.6070 	EXP 	center: autoDraw = True
142.6070 	EXP 	left: autoDraw = True
142.6070 	EXP 	right: autoDraw = True
142.6070 	EXP 	up: autoDraw = True
142.6070 	EXP 	down: autoDraw = True
142.6239 	EXP 	center: autoDraw = True
142.6239 	EXP 	left: autoDraw = True
142.6239 	EXP 	right: autoDraw = True
142.6239 	EXP 	up: autoDraw = True
142.6239 	EXP 	down: autoDraw = True
142.6407 	EXP 	center: autoDraw = True
142.6407 	EXP 	left: autoDraw = True
142.6407 	EXP 	right: autoDraw = True
142.6407 	EXP 	up: autoDraw = True
142.6407 	EXP 	down: autoDraw = True
142.6571 	EXP 	center: autoDraw = True
142.6571 	EXP 	left: autoDraw = True
142.6571 	EXP 	right: autoDraw = True
142.6571 	EXP 	up: autoDraw = True
142.6571 	EXP 	down: autoDraw = True
142.6739 	EXP 	center: autoDraw = True
142.6739 	EXP 	left: autoDraw = True
142.6739 	EXP 	right: autoDraw = True
142.6739 	EXP 	up: autoDraw = True
142.6739 	EXP 	down: autoDraw = True
142.6903 	EXP 	center: autoDraw = True
142.6903 	EXP 	left: autoDraw = True
142.6903 	EXP 	right: autoDraw = True
142.6903 	EXP 	up: autoDraw = True
142.6903 	EXP 	down: autoDraw = True
142.7072 	EXP 	center: autoDraw = True
142.7072 	EXP 	left: autoDraw = True
142.7072 	EXP 	right: autoDraw = True
142.7072 	EXP 	up: autoDraw = True
142.7072 	EXP 	down: autoDraw = True
142.7240 	EXP 	center: autoDraw = True
142.7240 	EXP 	left: autoDraw = True
142.7240 	EXP 	right: autoDraw = True
142.7240 	EXP 	up: autoDraw = True
142.7240 	EXP 	down: autoDraw = True
142.7404 	EXP 	center: autoDraw = True
142.7404 	EXP 	left: autoDraw = True
142.7404 	EXP 	right: autoDraw = True
142.7404 	EXP 	up: autoDraw = True
142.7404 	EXP 	down: autoDraw = True
142.7572 	EXP 	center: autoDraw = True
142.7572 	EXP 	left: autoDraw = True
142.7572 	EXP 	right: autoDraw = True
142.7572 	EXP 	up: autoDraw = True
142.7572 	EXP 	down: autoDraw = True
142.7739 	EXP 	center: autoDraw = True
142.7739 	EXP 	left: autoDraw = True
142.7739 	EXP 	right: autoDraw = True
142.7739 	EXP 	up: autoDraw = True
142.7739 	EXP 	down: autoDraw = True
142.7904 	EXP 	center: autoDraw = True
142.7904 	EXP 	left: autoDraw = True
142.7904 	EXP 	right: autoDraw = True
142.7904 	EXP 	up: autoDraw = True
142.7904 	EXP 	down: autoDraw = True
142.8072 	EXP 	center: autoDraw = True
142.8072 	EXP 	left: autoDraw = True
142.8072 	EXP 	right: autoDraw = True
142.8072 	EXP 	up: autoDraw = True
142.8072 	EXP 	down: autoDraw = True
142.8240 	EXP 	center: autoDraw = True
142.8240 	EXP 	left: autoDraw = True
142.8240 	EXP 	right: autoDraw = True
142.8240 	EXP 	up: autoDraw = True
142.8240 	EXP 	down: autoDraw = True
142.8242 	EXP 	Sound  started
142.8276 	DATA 	sbli | frame count: 120
142.8403 	EXP 	center: autoDraw = True
142.8403 	EXP 	left: autoDraw = True
142.8403 	EXP 	right: autoDraw = True
142.8403 	EXP 	up: autoDraw = True
142.8403 	EXP 	down: autoDraw = True
142.8570 	EXP 	center: autoDraw = True
142.8570 	EXP 	left: autoDraw = True
142.8570 	EXP 	right: autoDraw = True
142.8570 	EXP 	up: autoDraw = True
142.8570 	EXP 	down: autoDraw = True
142.8737 	EXP 	center: autoDraw = True
142.8737 	EXP 	left: autoDraw = True
142.8737 	EXP 	right: autoDraw = True
142.8737 	EXP 	up: autoDraw = True
142.8737 	EXP 	down: autoDraw = True
142.8906 	EXP 	center: autoDraw = True
142.8906 	EXP 	left: autoDraw = True
142.8906 	EXP 	right: autoDraw = True
142.8906 	EXP 	up: autoDraw = True
142.8906 	EXP 	down: autoDraw = True
142.9070 	EXP 	center: autoDraw = True
142.9070 	EXP 	left: autoDraw = True
142.9070 	EXP 	right: autoDraw = True
142.9070 	EXP 	up: autoDraw = True
142.9070 	EXP 	down: autoDraw = True
142.9238 	EXP 	center: autoDraw = True
142.9238 	EXP 	left: autoDraw = True
142.9238 	EXP 	right: autoDraw = True
142.9238 	EXP 	up: autoDraw = True
142.9238 	EXP 	down: autoDraw = True
142.9407 	EXP 	center: autoDraw = True
142.9407 	EXP 	left: autoDraw = True
142.9407 	EXP 	right: autoDraw = True
142.9407 	EXP 	up: autoDraw = True
142.9407 	EXP 	down: autoDraw = True
142.9570 	EXP 	center: autoDraw = True
142.9570 	EXP 	left: autoDraw = True
142.9570 	EXP 	right: autoDraw = True
142.9570 	EXP 	up: autoDraw = True
142.9570 	EXP 	down: autoDraw = True
142.9738 	EXP 	center: autoDraw = True
142.9738 	EXP 	left: autoDraw = True
142.9738 	EXP 	right: autoDraw = True
142.9738 	EXP 	up: autoDraw = True
142.9738 	EXP 	down: autoDraw = True
142.9898 	EXP 	center: autoDraw = True
142.9898 	EXP 	left: autoDraw = True
142.9898 	EXP 	right: autoDraw = True
142.9898 	EXP 	up: autoDraw = True
142.9898 	EXP 	down: autoDraw = True
143.0071 	EXP 	center: autoDraw = True
143.0071 	EXP 	left: autoDraw = True
143.0071 	EXP 	right: autoDraw = True
143.0071 	EXP 	up: autoDraw = True
143.0071 	EXP 	down: autoDraw = True
143.0239 	EXP 	center: autoDraw = True
143.0239 	EXP 	left: autoDraw = True
143.0239 	EXP 	right: autoDraw = True
143.0239 	EXP 	up: autoDraw = True
143.0239 	EXP 	down: autoDraw = True
143.0403 	EXP 	center: autoDraw = True
143.0403 	EXP 	left: autoDraw = True
143.0403 	EXP 	right: autoDraw = True
143.0403 	EXP 	up: autoDraw = True
143.0403 	EXP 	down: autoDraw = True
143.0570 	EXP 	center: autoDraw = True
143.0570 	EXP 	left: autoDraw = True
143.0570 	EXP 	right: autoDraw = True
143.0570 	EXP 	up: autoDraw = True
143.0570 	EXP 	down: autoDraw = True
143.0739 	EXP 	center: autoDraw = True
143.0739 	EXP 	left: autoDraw = True
143.0739 	EXP 	right: autoDraw = True
143.0739 	EXP 	up: autoDraw = True
143.0739 	EXP 	down: autoDraw = True
143.0903 	EXP 	center: autoDraw = True
143.0903 	EXP 	left: autoDraw = True
143.0903 	EXP 	right: autoDraw = True
143.0903 	EXP 	up: autoDraw = True
143.0903 	EXP 	down: autoDraw = True
143.1071 	EXP 	center: autoDraw = True
143.1071 	EXP 	left: autoDraw = True
143.1071 	EXP 	right: autoDraw = True
143.1071 	EXP 	up: autoDraw = True
143.1071 	EXP 	down: autoDraw = True
143.1239 	EXP 	center: autoDraw = True
143.1239 	EXP 	left: autoDraw = True
143.1239 	EXP 	right: autoDraw = True
143.1239 	EXP 	up: autoDraw = True
143.1239 	EXP 	down: autoDraw = True
143.1404 	EXP 	center: autoDraw = True
143.1404 	EXP 	left: autoDraw = True
143.1404 	EXP 	right: autoDraw = True
143.1404 	EXP 	up: autoDraw = True
143.1404 	EXP 	down: autoDraw = True
143.1572 	EXP 	center: autoDraw = True
143.1572 	EXP 	left: autoDraw = True
143.1572 	EXP 	right: autoDraw = True
143.1572 	EXP 	up: autoDraw = True
143.1572 	EXP 	down: autoDraw = True
143.1574 	DATA 	wsqS
143.1736 	EXP 	center: autoDraw = True
143.1736 	EXP 	left: autoDraw = True
143.1736 	EXP 	right: autoDraw = True
143.1736 	EXP 	up: autoDraw = True
143.1736 	EXP 	down: autoDraw = True
143.1736 	EXP 	whitesquare: autoDraw = True
143.1904 	EXP 	center: autoDraw = True
143.1904 	EXP 	left: autoDraw = True
143.1904 	EXP 	right: autoDraw = True
143.1904 	EXP 	up: autoDraw = True
143.1904 	EXP 	down: autoDraw = True
143.1904 	EXP 	whitesquare: autoDraw = False
143.2072 	EXP 	center: autoDraw = True
143.2072 	EXP 	left: autoDraw = True
143.2072 	EXP 	right: autoDraw = True
143.2072 	EXP 	up: autoDraw = True
143.2072 	EXP 	down: autoDraw = True
143.2234 	EXP 	center: autoDraw = True
143.2234 	EXP 	left: autoDraw = True
143.2234 	EXP 	right: autoDraw = True
143.2234 	EXP 	up: autoDraw = True
143.2234 	EXP 	down: autoDraw = True
143.2403 	EXP 	center: autoDraw = True
143.2403 	EXP 	left: autoDraw = True
143.2403 	EXP 	right: autoDraw = True
143.2403 	EXP 	up: autoDraw = True
143.2403 	EXP 	down: autoDraw = True
143.2568 	EXP 	center: autoDraw = True
143.2568 	EXP 	left: autoDraw = True
143.2568 	EXP 	right: autoDraw = True
143.2568 	EXP 	up: autoDraw = True
143.2568 	EXP 	down: autoDraw = True
143.2737 	EXP 	center: autoDraw = True
143.2737 	EXP 	left: autoDraw = True
143.2737 	EXP 	right: autoDraw = True
143.2737 	EXP 	up: autoDraw = True
143.2737 	EXP 	down: autoDraw = True
143.2905 	EXP 	center: autoDraw = True
143.2905 	EXP 	left: autoDraw = True
143.2905 	EXP 	right: autoDraw = True
143.2905 	EXP 	up: autoDraw = True
143.2905 	EXP 	down: autoDraw = True
143.3069 	EXP 	center: autoDraw = True
143.3069 	EXP 	left: autoDraw = True
143.3069 	EXP 	right: autoDraw = True
143.3069 	EXP 	up: autoDraw = True
143.3069 	EXP 	down: autoDraw = True
143.3238 	EXP 	center: autoDraw = True
143.3238 	EXP 	left: autoDraw = True
143.3238 	EXP 	right: autoDraw = True
143.3238 	EXP 	up: autoDraw = True
143.3238 	EXP 	down: autoDraw = True
143.3402 	EXP 	center: autoDraw = True
143.3402 	EXP 	left: autoDraw = True
143.3402 	EXP 	right: autoDraw = True
143.3402 	EXP 	up: autoDraw = True
143.3402 	EXP 	down: autoDraw = True
143.3570 	EXP 	center: autoDraw = True
143.3570 	EXP 	left: autoDraw = True
143.3570 	EXP 	right: autoDraw = True
143.3570 	EXP 	up: autoDraw = True
143.3570 	EXP 	down: autoDraw = True
143.3729 	EXP 	center: autoDraw = True
143.3729 	EXP 	left: autoDraw = True
143.3729 	EXP 	right: autoDraw = True
143.3729 	EXP 	up: autoDraw = True
143.3729 	EXP 	down: autoDraw = True
143.3903 	EXP 	center: autoDraw = True
143.3903 	EXP 	left: autoDraw = True
143.3903 	EXP 	right: autoDraw = True
143.3903 	EXP 	up: autoDraw = True
143.3903 	EXP 	down: autoDraw = True
143.4067 	EXP 	center: autoDraw = True
143.4067 	EXP 	left: autoDraw = True
143.4067 	EXP 	right: autoDraw = True
143.4067 	EXP 	up: autoDraw = True
143.4067 	EXP 	down: autoDraw = True
143.4235 	EXP 	center: autoDraw = True
143.4235 	EXP 	left: autoDraw = True
143.4235 	EXP 	right: autoDraw = True
143.4235 	EXP 	up: autoDraw = True
143.4235 	EXP 	down: autoDraw = True
143.4403 	EXP 	center: autoDraw = True
143.4403 	EXP 	left: autoDraw = True
143.4403 	EXP 	right: autoDraw = True
143.4403 	EXP 	up: autoDraw = True
143.4403 	EXP 	down: autoDraw = True
143.4572 	EXP 	center: autoDraw = True
143.4572 	EXP 	left: autoDraw = True
143.4572 	EXP 	right: autoDraw = True
143.4572 	EXP 	up: autoDraw = True
143.4572 	EXP 	down: autoDraw = True
143.4736 	EXP 	center: autoDraw = True
143.4736 	EXP 	left: autoDraw = True
143.4736 	EXP 	right: autoDraw = True
143.4736 	EXP 	up: autoDraw = True
143.4736 	EXP 	down: autoDraw = True
143.4905 	EXP 	center: autoDraw = True
143.4905 	EXP 	left: autoDraw = True
143.4905 	EXP 	right: autoDraw = True
143.4905 	EXP 	up: autoDraw = True
143.4905 	EXP 	down: autoDraw = True
143.5072 	EXP 	center: autoDraw = True
143.5072 	EXP 	left: autoDraw = True
143.5072 	EXP 	right: autoDraw = True
143.5072 	EXP 	up: autoDraw = True
143.5072 	EXP 	down: autoDraw = True
143.5236 	EXP 	center: autoDraw = True
143.5236 	EXP 	left: autoDraw = True
143.5236 	EXP 	right: autoDraw = True
143.5236 	EXP 	up: autoDraw = True
143.5236 	EXP 	down: autoDraw = True
143.5404 	EXP 	center: autoDraw = True
143.5404 	EXP 	left: autoDraw = True
143.5404 	EXP 	right: autoDraw = True
143.5404 	EXP 	up: autoDraw = True
143.5404 	EXP 	down: autoDraw = True
143.5572 	EXP 	center: autoDraw = True
143.5572 	EXP 	left: autoDraw = True
143.5572 	EXP 	right: autoDraw = True
143.5572 	EXP 	up: autoDraw = True
143.5572 	EXP 	down: autoDraw = True
143.5736 	EXP 	center: autoDraw = True
143.5736 	EXP 	left: autoDraw = True
143.5736 	EXP 	right: autoDraw = True
143.5736 	EXP 	up: autoDraw = True
143.5736 	EXP 	down: autoDraw = True
143.5904 	EXP 	center: autoDraw = True
143.5904 	EXP 	left: autoDraw = True
143.5904 	EXP 	right: autoDraw = True
143.5904 	EXP 	up: autoDraw = True
143.5904 	EXP 	down: autoDraw = True
143.6069 	EXP 	center: autoDraw = True
143.6069 	EXP 	left: autoDraw = True
143.6069 	EXP 	right: autoDraw = True
143.6069 	EXP 	up: autoDraw = True
143.6069 	EXP 	down: autoDraw = True
143.6237 	EXP 	center: autoDraw = True
143.6237 	EXP 	left: autoDraw = True
143.6237 	EXP 	right: autoDraw = True
143.6237 	EXP 	up: autoDraw = True
143.6237 	EXP 	down: autoDraw = True
143.6400 	EXP 	center: autoDraw = True
143.6400 	EXP 	left: autoDraw = True
143.6400 	EXP 	right: autoDraw = True
143.6400 	EXP 	up: autoDraw = True
143.6400 	EXP 	down: autoDraw = True
143.6571 	EXP 	center: autoDraw = True
143.6571 	EXP 	left: autoDraw = True
143.6571 	EXP 	right: autoDraw = True
143.6571 	EXP 	up: autoDraw = True
143.6571 	EXP 	down: autoDraw = True
143.6737 	EXP 	center: autoDraw = True
143.6737 	EXP 	left: autoDraw = True
143.6737 	EXP 	right: autoDraw = True
143.6737 	EXP 	up: autoDraw = True
143.6737 	EXP 	down: autoDraw = True
143.6905 	EXP 	center: autoDraw = True
143.6905 	EXP 	left: autoDraw = True
143.6905 	EXP 	right: autoDraw = True
143.6905 	EXP 	up: autoDraw = True
143.6905 	EXP 	down: autoDraw = True
143.7069 	EXP 	center: autoDraw = True
143.7069 	EXP 	left: autoDraw = True
143.7069 	EXP 	right: autoDraw = True
143.7069 	EXP 	up: autoDraw = True
143.7069 	EXP 	down: autoDraw = True
143.7238 	EXP 	center: autoDraw = True
143.7238 	EXP 	left: autoDraw = True
143.7238 	EXP 	right: autoDraw = True
143.7238 	EXP 	up: autoDraw = True
143.7238 	EXP 	down: autoDraw = True
143.7402 	EXP 	center: autoDraw = True
143.7402 	EXP 	left: autoDraw = True
143.7402 	EXP 	right: autoDraw = True
143.7402 	EXP 	up: autoDraw = True
143.7402 	EXP 	down: autoDraw = True
143.7572 	EXP 	center: autoDraw = True
143.7572 	EXP 	left: autoDraw = True
143.7572 	EXP 	right: autoDraw = True
143.7572 	EXP 	up: autoDraw = True
143.7572 	EXP 	down: autoDraw = True
143.7736 	EXP 	center: autoDraw = True
143.7736 	EXP 	left: autoDraw = True
143.7736 	EXP 	right: autoDraw = True
143.7736 	EXP 	up: autoDraw = True
143.7736 	EXP 	down: autoDraw = True
143.7903 	EXP 	center: autoDraw = True
143.7903 	EXP 	left: autoDraw = True
143.7903 	EXP 	right: autoDraw = True
143.7903 	EXP 	up: autoDraw = True
143.7903 	EXP 	down: autoDraw = True
143.8070 	EXP 	center: autoDraw = True
143.8070 	EXP 	left: autoDraw = True
143.8070 	EXP 	right: autoDraw = True
143.8070 	EXP 	up: autoDraw = True
143.8070 	EXP 	down: autoDraw = True
143.8238 	EXP 	center: autoDraw = True
143.8238 	EXP 	left: autoDraw = True
143.8238 	EXP 	right: autoDraw = True
143.8238 	EXP 	up: autoDraw = True
143.8238 	EXP 	down: autoDraw = True
143.8404 	EXP 	center: autoDraw = True
143.8404 	EXP 	left: autoDraw = True
143.8404 	EXP 	right: autoDraw = True
143.8404 	EXP 	up: autoDraw = True
143.8404 	EXP 	down: autoDraw = True
143.8572 	EXP 	center: autoDraw = True
143.8572 	EXP 	left: autoDraw = True
143.8572 	EXP 	right: autoDraw = True
143.8572 	EXP 	up: autoDraw = True
143.8572 	EXP 	down: autoDraw = True
143.8733 	EXP 	center: autoDraw = True
143.8733 	EXP 	left: autoDraw = True
143.8733 	EXP 	right: autoDraw = True
143.8733 	EXP 	up: autoDraw = True
143.8733 	EXP 	down: autoDraw = True
143.8902 	EXP 	center: autoDraw = True
143.8902 	EXP 	left: autoDraw = True
143.8902 	EXP 	right: autoDraw = True
143.8902 	EXP 	up: autoDraw = True
143.8902 	EXP 	down: autoDraw = True
143.9072 	EXP 	center: autoDraw = True
143.9072 	EXP 	left: autoDraw = True
143.9072 	EXP 	right: autoDraw = True
143.9072 	EXP 	up: autoDraw = True
143.9072 	EXP 	down: autoDraw = True
143.9239 	EXP 	center: autoDraw = True
143.9239 	EXP 	left: autoDraw = True
143.9239 	EXP 	right: autoDraw = True
143.9239 	EXP 	up: autoDraw = True
143.9239 	EXP 	down: autoDraw = True
143.9402 	EXP 	center: autoDraw = True
143.9402 	EXP 	left: autoDraw = True
143.9402 	EXP 	right: autoDraw = True
143.9402 	EXP 	up: autoDraw = True
143.9402 	EXP 	down: autoDraw = True
143.9570 	EXP 	center: autoDraw = True
143.9570 	EXP 	left: autoDraw = True
143.9570 	EXP 	right: autoDraw = True
143.9570 	EXP 	up: autoDraw = True
143.9570 	EXP 	down: autoDraw = True
143.9728 	EXP 	center: autoDraw = True
143.9728 	EXP 	left: autoDraw = True
143.9728 	EXP 	right: autoDraw = True
143.9728 	EXP 	up: autoDraw = True
143.9728 	EXP 	down: autoDraw = True
143.9903 	EXP 	center: autoDraw = True
143.9903 	EXP 	left: autoDraw = True
143.9903 	EXP 	right: autoDraw = True
143.9903 	EXP 	up: autoDraw = True
143.9903 	EXP 	down: autoDraw = True
144.0071 	EXP 	center: autoDraw = True
144.0071 	EXP 	left: autoDraw = True
144.0071 	EXP 	right: autoDraw = True
144.0071 	EXP 	up: autoDraw = True
144.0071 	EXP 	down: autoDraw = True
144.0230 	EXP 	center: autoDraw = True
144.0230 	EXP 	left: autoDraw = True
144.0230 	EXP 	right: autoDraw = True
144.0230 	EXP 	up: autoDraw = True
144.0230 	EXP 	down: autoDraw = True
144.0403 	EXP 	center: autoDraw = True
144.0403 	EXP 	left: autoDraw = True
144.0403 	EXP 	right: autoDraw = True
144.0403 	EXP 	up: autoDraw = True
144.0403 	EXP 	down: autoDraw = True
144.0571 	EXP 	center: autoDraw = True
144.0571 	EXP 	left: autoDraw = True
144.0571 	EXP 	right: autoDraw = True
144.0571 	EXP 	up: autoDraw = True
144.0571 	EXP 	down: autoDraw = True
144.0736 	EXP 	center: autoDraw = True
144.0736 	EXP 	left: autoDraw = True
144.0736 	EXP 	right: autoDraw = True
144.0736 	EXP 	up: autoDraw = True
144.0736 	EXP 	down: autoDraw = True
144.0904 	EXP 	center: autoDraw = True
144.0904 	EXP 	left: autoDraw = True
144.0904 	EXP 	right: autoDraw = True
144.0904 	EXP 	up: autoDraw = True
144.0904 	EXP 	down: autoDraw = True
144.1069 	EXP 	center: autoDraw = True
144.1069 	EXP 	left: autoDraw = True
144.1069 	EXP 	right: autoDraw = True
144.1069 	EXP 	up: autoDraw = True
144.1069 	EXP 	down: autoDraw = True
144.1231 	EXP 	center: autoDraw = True
144.1231 	EXP 	left: autoDraw = True
144.1231 	EXP 	right: autoDraw = True
144.1231 	EXP 	up: autoDraw = True
144.1231 	EXP 	down: autoDraw = True
144.1403 	EXP 	center: autoDraw = True
144.1403 	EXP 	left: autoDraw = True
144.1403 	EXP 	right: autoDraw = True
144.1403 	EXP 	up: autoDraw = True
144.1403 	EXP 	down: autoDraw = True
144.1572 	EXP 	center: autoDraw = True
144.1572 	EXP 	left: autoDraw = True
144.1572 	EXP 	right: autoDraw = True
144.1572 	EXP 	up: autoDraw = True
144.1572 	EXP 	down: autoDraw = True
144.1737 	EXP 	center: autoDraw = True
144.1737 	EXP 	left: autoDraw = True
144.1737 	EXP 	right: autoDraw = True
144.1737 	EXP 	up: autoDraw = True
144.1737 	EXP 	down: autoDraw = True
144.1904 	EXP 	center: autoDraw = True
144.1904 	EXP 	left: autoDraw = True
144.1904 	EXP 	right: autoDraw = True
144.1904 	EXP 	up: autoDraw = True
144.1904 	EXP 	down: autoDraw = True
144.2073 	EXP 	center: autoDraw = True
144.2073 	EXP 	left: autoDraw = True
144.2073 	EXP 	right: autoDraw = True
144.2073 	EXP 	up: autoDraw = True
144.2073 	EXP 	down: autoDraw = True
144.2235 	EXP 	center: autoDraw = True
144.2235 	EXP 	left: autoDraw = True
144.2235 	EXP 	right: autoDraw = True
144.2235 	EXP 	up: autoDraw = True
144.2235 	EXP 	down: autoDraw = True
144.2403 	EXP 	center: autoDraw = True
144.2403 	EXP 	left: autoDraw = True
144.2403 	EXP 	right: autoDraw = True
144.2403 	EXP 	up: autoDraw = True
144.2403 	EXP 	down: autoDraw = True
144.2564 	EXP 	center: autoDraw = True
144.2564 	EXP 	left: autoDraw = True
144.2564 	EXP 	right: autoDraw = True
144.2564 	EXP 	up: autoDraw = True
144.2564 	EXP 	down: autoDraw = True
144.2736 	EXP 	center: autoDraw = True
144.2736 	EXP 	left: autoDraw = True
144.2736 	EXP 	right: autoDraw = True
144.2736 	EXP 	up: autoDraw = True
144.2736 	EXP 	down: autoDraw = True
144.2900 	EXP 	center: autoDraw = True
144.2900 	EXP 	left: autoDraw = True
144.2900 	EXP 	right: autoDraw = True
144.2900 	EXP 	up: autoDraw = True
144.2900 	EXP 	down: autoDraw = True
144.3071 	EXP 	center: autoDraw = True
144.3071 	EXP 	left: autoDraw = True
144.3071 	EXP 	right: autoDraw = True
144.3071 	EXP 	up: autoDraw = True
144.3071 	EXP 	down: autoDraw = True
144.3235 	EXP 	center: autoDraw = True
144.3235 	EXP 	left: autoDraw = True
144.3235 	EXP 	right: autoDraw = True
144.3235 	EXP 	up: autoDraw = True
144.3235 	EXP 	down: autoDraw = True
144.3402 	EXP 	center: autoDraw = True
144.3402 	EXP 	left: autoDraw = True
144.3402 	EXP 	right: autoDraw = True
144.3402 	EXP 	up: autoDraw = True
144.3402 	EXP 	down: autoDraw = True
144.3570 	EXP 	center: autoDraw = True
144.3570 	EXP 	left: autoDraw = True
144.3570 	EXP 	right: autoDraw = True
144.3570 	EXP 	up: autoDraw = True
144.3570 	EXP 	down: autoDraw = True
144.3735 	EXP 	center: autoDraw = True
144.3735 	EXP 	left: autoDraw = True
144.3735 	EXP 	right: autoDraw = True
144.3735 	EXP 	up: autoDraw = True
144.3735 	EXP 	down: autoDraw = True
144.3904 	EXP 	center: autoDraw = True
144.3904 	EXP 	left: autoDraw = True
144.3904 	EXP 	right: autoDraw = True
144.3904 	EXP 	up: autoDraw = True
144.3904 	EXP 	down: autoDraw = True
144.4062 	EXP 	center: autoDraw = True
144.4062 	EXP 	left: autoDraw = True
144.4062 	EXP 	right: autoDraw = True
144.4062 	EXP 	up: autoDraw = True
144.4062 	EXP 	down: autoDraw = True
144.4235 	EXP 	center: autoDraw = True
144.4235 	EXP 	left: autoDraw = True
144.4235 	EXP 	right: autoDraw = True
144.4235 	EXP 	up: autoDraw = True
144.4235 	EXP 	down: autoDraw = True
144.4403 	EXP 	center: autoDraw = True
144.4403 	EXP 	left: autoDraw = True
144.4403 	EXP 	right: autoDraw = True
144.4403 	EXP 	up: autoDraw = True
144.4403 	EXP 	down: autoDraw = True
144.4570 	EXP 	center: autoDraw = True
144.4570 	EXP 	left: autoDraw = True
144.4570 	EXP 	right: autoDraw = True
144.4570 	EXP 	up: autoDraw = True
144.4570 	EXP 	down: autoDraw = True
144.4740 	EXP 	center: autoDraw = True
144.4740 	EXP 	left: autoDraw = True
144.4740 	EXP 	right: autoDraw = True
144.4740 	EXP 	up: autoDraw = True
144.4740 	EXP 	down: autoDraw = True
144.4902 	EXP 	center: autoDraw = True
144.4902 	EXP 	left: autoDraw = True
144.4902 	EXP 	right: autoDraw = True
144.4902 	EXP 	up: autoDraw = True
144.4902 	EXP 	down: autoDraw = True
144.5071 	EXP 	center: autoDraw = True
144.5071 	EXP 	left: autoDraw = True
144.5071 	EXP 	right: autoDraw = True
144.5071 	EXP 	up: autoDraw = True
144.5071 	EXP 	down: autoDraw = True
144.5235 	EXP 	center: autoDraw = True
144.5235 	EXP 	left: autoDraw = True
144.5235 	EXP 	right: autoDraw = True
144.5235 	EXP 	up: autoDraw = True
144.5235 	EXP 	down: autoDraw = True
144.5402 	EXP 	center: autoDraw = True
144.5402 	EXP 	left: autoDraw = True
144.5402 	EXP 	right: autoDraw = True
144.5402 	EXP 	up: autoDraw = True
144.5402 	EXP 	down: autoDraw = True
144.5571 	EXP 	center: autoDraw = True
144.5571 	EXP 	left: autoDraw = True
144.5571 	EXP 	right: autoDraw = True
144.5571 	EXP 	up: autoDraw = True
144.5571 	EXP 	down: autoDraw = True
144.5735 	EXP 	center: autoDraw = True
144.5735 	EXP 	left: autoDraw = True
144.5735 	EXP 	right: autoDraw = True
144.5735 	EXP 	up: autoDraw = True
144.5735 	EXP 	down: autoDraw = True
144.5905 	EXP 	center: autoDraw = True
144.5905 	EXP 	left: autoDraw = True
144.5905 	EXP 	right: autoDraw = True
144.5905 	EXP 	up: autoDraw = True
144.5905 	EXP 	down: autoDraw = True
144.6069 	EXP 	center: autoDraw = True
144.6069 	EXP 	left: autoDraw = True
144.6069 	EXP 	right: autoDraw = True
144.6069 	EXP 	up: autoDraw = True
144.6069 	EXP 	down: autoDraw = True
144.6237 	EXP 	center: autoDraw = True
144.6237 	EXP 	left: autoDraw = True
144.6237 	EXP 	right: autoDraw = True
144.6237 	EXP 	up: autoDraw = True
144.6237 	EXP 	down: autoDraw = True
144.6403 	EXP 	center: autoDraw = True
144.6403 	EXP 	left: autoDraw = True
144.6403 	EXP 	right: autoDraw = True
144.6403 	EXP 	up: autoDraw = True
144.6403 	EXP 	down: autoDraw = True
144.6572 	EXP 	center: autoDraw = True
144.6572 	EXP 	left: autoDraw = True
144.6572 	EXP 	right: autoDraw = True
144.6572 	EXP 	up: autoDraw = True
144.6572 	EXP 	down: autoDraw = True
144.6735 	EXP 	center: autoDraw = True
144.6735 	EXP 	left: autoDraw = True
144.6735 	EXP 	right: autoDraw = True
144.6735 	EXP 	up: autoDraw = True
144.6735 	EXP 	down: autoDraw = True
144.6902 	EXP 	center: autoDraw = True
144.6902 	EXP 	left: autoDraw = True
144.6902 	EXP 	right: autoDraw = True
144.6902 	EXP 	up: autoDraw = True
144.6902 	EXP 	down: autoDraw = True
144.7071 	EXP 	center: autoDraw = True
144.7071 	EXP 	left: autoDraw = True
144.7071 	EXP 	right: autoDraw = True
144.7071 	EXP 	up: autoDraw = True
144.7071 	EXP 	down: autoDraw = True
144.7235 	EXP 	center: autoDraw = True
144.7235 	EXP 	left: autoDraw = True
144.7235 	EXP 	right: autoDraw = True
144.7235 	EXP 	up: autoDraw = True
144.7235 	EXP 	down: autoDraw = True
144.7404 	EXP 	center: autoDraw = True
144.7404 	EXP 	left: autoDraw = True
144.7404 	EXP 	right: autoDraw = True
144.7404 	EXP 	up: autoDraw = True
144.7404 	EXP 	down: autoDraw = True
144.7568 	EXP 	center: autoDraw = True
144.7568 	EXP 	left: autoDraw = True
144.7568 	EXP 	right: autoDraw = True
144.7568 	EXP 	up: autoDraw = True
144.7568 	EXP 	down: autoDraw = True
144.7735 	EXP 	center: autoDraw = True
144.7735 	EXP 	left: autoDraw = True
144.7735 	EXP 	right: autoDraw = True
144.7735 	EXP 	up: autoDraw = True
144.7735 	EXP 	down: autoDraw = True
144.7905 	EXP 	center: autoDraw = True
144.7905 	EXP 	left: autoDraw = True
144.7905 	EXP 	right: autoDraw = True
144.7905 	EXP 	up: autoDraw = True
144.7905 	EXP 	down: autoDraw = True
144.8069 	EXP 	center: autoDraw = True
144.8069 	EXP 	left: autoDraw = True
144.8069 	EXP 	right: autoDraw = True
144.8069 	EXP 	up: autoDraw = True
144.8069 	EXP 	down: autoDraw = True
144.8238 	EXP 	center: autoDraw = True
144.8238 	EXP 	left: autoDraw = True
144.8238 	EXP 	right: autoDraw = True
144.8238 	EXP 	up: autoDraw = True
144.8238 	EXP 	down: autoDraw = True
144.8402 	EXP 	center: autoDraw = True
144.8402 	EXP 	left: autoDraw = True
144.8402 	EXP 	right: autoDraw = True
144.8402 	EXP 	up: autoDraw = True
144.8402 	EXP 	down: autoDraw = True
144.8570 	EXP 	center: autoDraw = True
144.8570 	EXP 	left: autoDraw = True
144.8570 	EXP 	right: autoDraw = True
144.8570 	EXP 	up: autoDraw = True
144.8570 	EXP 	down: autoDraw = True
144.8735 	EXP 	center: autoDraw = True
144.8735 	EXP 	left: autoDraw = True
144.8735 	EXP 	right: autoDraw = True
144.8735 	EXP 	up: autoDraw = True
144.8735 	EXP 	down: autoDraw = True
144.8903 	EXP 	center: autoDraw = True
144.8903 	EXP 	left: autoDraw = True
144.8903 	EXP 	right: autoDraw = True
144.8903 	EXP 	up: autoDraw = True
144.8903 	EXP 	down: autoDraw = True
144.9065 	EXP 	center: autoDraw = True
144.9065 	EXP 	left: autoDraw = True
144.9065 	EXP 	right: autoDraw = True
144.9065 	EXP 	up: autoDraw = True
144.9065 	EXP 	down: autoDraw = True
144.9235 	EXP 	center: autoDraw = True
144.9235 	EXP 	left: autoDraw = True
144.9235 	EXP 	right: autoDraw = True
144.9235 	EXP 	up: autoDraw = True
144.9235 	EXP 	down: autoDraw = True
144.9402 	EXP 	center: autoDraw = True
144.9402 	EXP 	left: autoDraw = True
144.9402 	EXP 	right: autoDraw = True
144.9402 	EXP 	up: autoDraw = True
144.9402 	EXP 	down: autoDraw = True
144.9571 	EXP 	center: autoDraw = True
144.9571 	EXP 	left: autoDraw = True
144.9571 	EXP 	right: autoDraw = True
144.9571 	EXP 	up: autoDraw = True
144.9571 	EXP 	down: autoDraw = True
144.9730 	EXP 	center: autoDraw = True
144.9730 	EXP 	left: autoDraw = True
144.9730 	EXP 	right: autoDraw = True
144.9730 	EXP 	up: autoDraw = True
144.9730 	EXP 	down: autoDraw = True
144.9902 	EXP 	center: autoDraw = True
144.9902 	EXP 	left: autoDraw = True
144.9902 	EXP 	right: autoDraw = True
144.9902 	EXP 	up: autoDraw = True
144.9902 	EXP 	down: autoDraw = True
145.0069 	EXP 	center: autoDraw = True
145.0069 	EXP 	left: autoDraw = True
145.0069 	EXP 	right: autoDraw = True
145.0069 	EXP 	up: autoDraw = True
145.0069 	EXP 	down: autoDraw = True
145.0235 	EXP 	center: autoDraw = True
145.0235 	EXP 	left: autoDraw = True
145.0235 	EXP 	right: autoDraw = True
145.0235 	EXP 	up: autoDraw = True
145.0235 	EXP 	down: autoDraw = True
145.0404 	EXP 	center: autoDraw = True
145.0404 	EXP 	left: autoDraw = True
145.0404 	EXP 	right: autoDraw = True
145.0404 	EXP 	up: autoDraw = True
145.0404 	EXP 	down: autoDraw = True
145.0569 	EXP 	center: autoDraw = True
145.0569 	EXP 	left: autoDraw = True
145.0569 	EXP 	right: autoDraw = True
145.0569 	EXP 	up: autoDraw = True
145.0569 	EXP 	down: autoDraw = True
145.0739 	EXP 	center: autoDraw = True
145.0739 	EXP 	left: autoDraw = True
145.0739 	EXP 	right: autoDraw = True
145.0739 	EXP 	up: autoDraw = True
145.0739 	EXP 	down: autoDraw = True
145.0903 	EXP 	center: autoDraw = True
145.0903 	EXP 	left: autoDraw = True
145.0903 	EXP 	right: autoDraw = True
145.0903 	EXP 	up: autoDraw = True
145.0903 	EXP 	down: autoDraw = True
145.1071 	EXP 	center: autoDraw = True
145.1071 	EXP 	left: autoDraw = True
145.1071 	EXP 	right: autoDraw = True
145.1071 	EXP 	up: autoDraw = True
145.1071 	EXP 	down: autoDraw = True
145.1234 	EXP 	center: autoDraw = True
145.1234 	EXP 	left: autoDraw = True
145.1234 	EXP 	right: autoDraw = True
145.1234 	EXP 	up: autoDraw = True
145.1234 	EXP 	down: autoDraw = True
145.1404 	EXP 	center: autoDraw = True
145.1404 	EXP 	left: autoDraw = True
145.1404 	EXP 	right: autoDraw = True
145.1404 	EXP 	up: autoDraw = True
145.1404 	EXP 	down: autoDraw = True
145.1569 	EXP 	center: autoDraw = True
145.1569 	EXP 	left: autoDraw = True
145.1569 	EXP 	right: autoDraw = True
145.1569 	EXP 	up: autoDraw = True
145.1569 	EXP 	down: autoDraw = True
145.1736 	EXP 	center: autoDraw = True
145.1736 	EXP 	left: autoDraw = True
145.1736 	EXP 	right: autoDraw = True
145.1736 	EXP 	up: autoDraw = True
145.1736 	EXP 	down: autoDraw = True
145.1904 	EXP 	center: autoDraw = True
145.1904 	EXP 	left: autoDraw = True
145.1904 	EXP 	right: autoDraw = True
145.1904 	EXP 	up: autoDraw = True
145.1904 	EXP 	down: autoDraw = True
145.2068 	EXP 	center: autoDraw = True
145.2068 	EXP 	left: autoDraw = True
145.2068 	EXP 	right: autoDraw = True
145.2068 	EXP 	up: autoDraw = True
145.2068 	EXP 	down: autoDraw = True
145.2236 	EXP 	center: autoDraw = True
145.2236 	EXP 	left: autoDraw = True
145.2236 	EXP 	right: autoDraw = True
145.2236 	EXP 	up: autoDraw = True
145.2236 	EXP 	down: autoDraw = True
145.2406 	EXP 	center: autoDraw = True
145.2406 	EXP 	left: autoDraw = True
145.2406 	EXP 	right: autoDraw = True
145.2406 	EXP 	up: autoDraw = True
145.2406 	EXP 	down: autoDraw = True
145.2568 	EXP 	center: autoDraw = True
145.2568 	EXP 	left: autoDraw = True
145.2568 	EXP 	right: autoDraw = True
145.2568 	EXP 	up: autoDraw = True
145.2568 	EXP 	down: autoDraw = True
145.2730 	EXP 	center: autoDraw = True
145.2730 	EXP 	left: autoDraw = True
145.2730 	EXP 	right: autoDraw = True
145.2730 	EXP 	up: autoDraw = True
145.2730 	EXP 	down: autoDraw = True
145.2901 	EXP 	center: autoDraw = True
145.2901 	EXP 	left: autoDraw = True
145.2901 	EXP 	right: autoDraw = True
145.2901 	EXP 	up: autoDraw = True
145.2901 	EXP 	down: autoDraw = True
145.3069 	EXP 	center: autoDraw = True
145.3069 	EXP 	left: autoDraw = True
145.3069 	EXP 	right: autoDraw = True
145.3069 	EXP 	up: autoDraw = True
145.3069 	EXP 	down: autoDraw = True
145.3233 	EXP 	center: autoDraw = True
145.3233 	EXP 	left: autoDraw = True
145.3233 	EXP 	right: autoDraw = True
145.3233 	EXP 	up: autoDraw = True
145.3233 	EXP 	down: autoDraw = True
145.3401 	EXP 	center: autoDraw = True
145.3401 	EXP 	left: autoDraw = True
145.3401 	EXP 	right: autoDraw = True
145.3401 	EXP 	up: autoDraw = True
145.3401 	EXP 	down: autoDraw = True
145.3568 	EXP 	center: autoDraw = True
145.3568 	EXP 	left: autoDraw = True
145.3568 	EXP 	right: autoDraw = True
145.3568 	EXP 	up: autoDraw = True
145.3568 	EXP 	down: autoDraw = True
145.3736 	EXP 	center: autoDraw = True
145.3736 	EXP 	left: autoDraw = True
145.3736 	EXP 	right: autoDraw = True
145.3736 	EXP 	up: autoDraw = True
145.3736 	EXP 	down: autoDraw = True
145.3905 	EXP 	center: autoDraw = True
145.3905 	EXP 	left: autoDraw = True
145.3905 	EXP 	right: autoDraw = True
145.3905 	EXP 	up: autoDraw = True
145.3905 	EXP 	down: autoDraw = True
145.4067 	EXP 	center: autoDraw = True
145.4067 	EXP 	left: autoDraw = True
145.4067 	EXP 	right: autoDraw = True
145.4067 	EXP 	up: autoDraw = True
145.4067 	EXP 	down: autoDraw = True
145.4235 	EXP 	center: autoDraw = True
145.4235 	EXP 	left: autoDraw = True
145.4235 	EXP 	right: autoDraw = True
145.4235 	EXP 	up: autoDraw = True
145.4235 	EXP 	down: autoDraw = True
145.4395 	EXP 	center: autoDraw = True
145.4395 	EXP 	left: autoDraw = True
145.4395 	EXP 	right: autoDraw = True
145.4395 	EXP 	up: autoDraw = True
145.4395 	EXP 	down: autoDraw = True
145.4567 	EXP 	center: autoDraw = True
145.4567 	EXP 	left: autoDraw = True
145.4567 	EXP 	right: autoDraw = True
145.4567 	EXP 	up: autoDraw = True
145.4567 	EXP 	down: autoDraw = True
145.4736 	EXP 	center: autoDraw = True
145.4736 	EXP 	left: autoDraw = True
145.4736 	EXP 	right: autoDraw = True
145.4736 	EXP 	up: autoDraw = True
145.4736 	EXP 	down: autoDraw = True
145.4903 	EXP 	center: autoDraw = True
145.4903 	EXP 	left: autoDraw = True
145.4903 	EXP 	right: autoDraw = True
145.4903 	EXP 	up: autoDraw = True
145.4903 	EXP 	down: autoDraw = True
145.5068 	EXP 	center: autoDraw = True
145.5068 	EXP 	left: autoDraw = True
145.5068 	EXP 	right: autoDraw = True
145.5068 	EXP 	up: autoDraw = True
145.5068 	EXP 	down: autoDraw = True
145.5238 	EXP 	center: autoDraw = True
145.5238 	EXP 	left: autoDraw = True
145.5238 	EXP 	right: autoDraw = True
145.5238 	EXP 	up: autoDraw = True
145.5238 	EXP 	down: autoDraw = True
145.5402 	EXP 	center: autoDraw = True
145.5402 	EXP 	left: autoDraw = True
145.5402 	EXP 	right: autoDraw = True
145.5402 	EXP 	up: autoDraw = True
145.5402 	EXP 	down: autoDraw = True
145.5563 	EXP 	center: autoDraw = True
145.5563 	EXP 	left: autoDraw = True
145.5563 	EXP 	right: autoDraw = True
145.5563 	EXP 	up: autoDraw = True
145.5563 	EXP 	down: autoDraw = True
145.5734 	EXP 	center: autoDraw = True
145.5734 	EXP 	left: autoDraw = True
145.5734 	EXP 	right: autoDraw = True
145.5734 	EXP 	up: autoDraw = True
145.5734 	EXP 	down: autoDraw = True
145.5900 	EXP 	center: autoDraw = True
145.5900 	EXP 	left: autoDraw = True
145.5900 	EXP 	right: autoDraw = True
145.5900 	EXP 	up: autoDraw = True
145.5900 	EXP 	down: autoDraw = True
145.6069 	EXP 	center: autoDraw = True
145.6069 	EXP 	left: autoDraw = True
145.6069 	EXP 	right: autoDraw = True
145.6069 	EXP 	up: autoDraw = True
145.6069 	EXP 	down: autoDraw = True
145.6237 	EXP 	center: autoDraw = True
145.6237 	EXP 	left: autoDraw = True
145.6237 	EXP 	right: autoDraw = True
145.6237 	EXP 	up: autoDraw = True
145.6237 	EXP 	down: autoDraw = True
145.6402 	EXP 	center: autoDraw = True
145.6402 	EXP 	left: autoDraw = True
145.6402 	EXP 	right: autoDraw = True
145.6402 	EXP 	up: autoDraw = True
145.6402 	EXP 	down: autoDraw = True
145.6568 	EXP 	center: autoDraw = True
145.6568 	EXP 	left: autoDraw = True
145.6568 	EXP 	right: autoDraw = True
145.6568 	EXP 	up: autoDraw = True
145.6568 	EXP 	down: autoDraw = True
145.6735 	EXP 	center: autoDraw = True
145.6735 	EXP 	left: autoDraw = True
145.6735 	EXP 	right: autoDraw = True
145.6735 	EXP 	up: autoDraw = True
145.6735 	EXP 	down: autoDraw = True
145.6903 	EXP 	center: autoDraw = True
145.6903 	EXP 	left: autoDraw = True
145.6903 	EXP 	right: autoDraw = True
145.6903 	EXP 	up: autoDraw = True
145.6903 	EXP 	down: autoDraw = True
145.7064 	EXP 	center: autoDraw = True
145.7064 	EXP 	left: autoDraw = True
145.7064 	EXP 	right: autoDraw = True
145.7064 	EXP 	up: autoDraw = True
145.7064 	EXP 	down: autoDraw = True
145.7234 	EXP 	center: autoDraw = True
145.7234 	EXP 	left: autoDraw = True
145.7234 	EXP 	right: autoDraw = True
145.7234 	EXP 	up: autoDraw = True
145.7234 	EXP 	down: autoDraw = True
145.7403 	EXP 	center: autoDraw = True
145.7403 	EXP 	left: autoDraw = True
145.7403 	EXP 	right: autoDraw = True
145.7403 	EXP 	up: autoDraw = True
145.7403 	EXP 	down: autoDraw = True
145.7569 	EXP 	center: autoDraw = True
145.7569 	EXP 	left: autoDraw = True
145.7569 	EXP 	right: autoDraw = True
145.7569 	EXP 	up: autoDraw = True
145.7569 	EXP 	down: autoDraw = True
145.7737 	EXP 	center: autoDraw = True
145.7737 	EXP 	left: autoDraw = True
145.7737 	EXP 	right: autoDraw = True
145.7737 	EXP 	up: autoDraw = True
145.7737 	EXP 	down: autoDraw = True
145.7901 	EXP 	center: autoDraw = True
145.7901 	EXP 	left: autoDraw = True
145.7901 	EXP 	right: autoDraw = True
145.7901 	EXP 	up: autoDraw = True
145.7901 	EXP 	down: autoDraw = True
145.8069 	EXP 	center: autoDraw = True
145.8069 	EXP 	left: autoDraw = True
145.8069 	EXP 	right: autoDraw = True
145.8069 	EXP 	up: autoDraw = True
145.8069 	EXP 	down: autoDraw = True
145.8237 	EXP 	center: autoDraw = True
145.8237 	EXP 	left: autoDraw = True
145.8237 	EXP 	right: autoDraw = True
145.8237 	EXP 	up: autoDraw = True
145.8237 	EXP 	down: autoDraw = True
145.8239 	EXP 	Sound  started
145.8273 	DATA 	sbli | frame count: 300
145.8400 	EXP 	center: autoDraw = True
145.8400 	EXP 	left: autoDraw = True
145.8400 	EXP 	right: autoDraw = True
145.8400 	EXP 	up: autoDraw = True
145.8400 	EXP 	down: autoDraw = True
145.8569 	EXP 	center: autoDraw = True
145.8569 	EXP 	left: autoDraw = True
145.8569 	EXP 	right: autoDraw = True
145.8569 	EXP 	up: autoDraw = True
145.8569 	EXP 	down: autoDraw = True
145.8736 	EXP 	center: autoDraw = True
145.8736 	EXP 	left: autoDraw = True
145.8736 	EXP 	right: autoDraw = True
145.8736 	EXP 	up: autoDraw = True
145.8736 	EXP 	down: autoDraw = True
145.8904 	EXP 	center: autoDraw = True
145.8904 	EXP 	left: autoDraw = True
145.8904 	EXP 	right: autoDraw = True
145.8904 	EXP 	up: autoDraw = True
145.8904 	EXP 	down: autoDraw = True
145.9067 	EXP 	center: autoDraw = True
145.9067 	EXP 	left: autoDraw = True
145.9067 	EXP 	right: autoDraw = True
145.9067 	EXP 	up: autoDraw = True
145.9067 	EXP 	down: autoDraw = True
145.9235 	EXP 	center: autoDraw = True
145.9235 	EXP 	left: autoDraw = True
145.9235 	EXP 	right: autoDraw = True
145.9235 	EXP 	up: autoDraw = True
145.9235 	EXP 	down: autoDraw = True
145.9405 	EXP 	center: autoDraw = True
145.9405 	EXP 	left: autoDraw = True
145.9405 	EXP 	right: autoDraw = True
145.9405 	EXP 	up: autoDraw = True
145.9405 	EXP 	down: autoDraw = True
145.9566 	EXP 	center: autoDraw = True
145.9566 	EXP 	left: autoDraw = True
145.9566 	EXP 	right: autoDraw = True
145.9566 	EXP 	up: autoDraw = True
145.9566 	EXP 	down: autoDraw = True
145.9733 	EXP 	center: autoDraw = True
145.9733 	EXP 	left: autoDraw = True
145.9733 	EXP 	right: autoDraw = True
145.9733 	EXP 	up: autoDraw = True
145.9733 	EXP 	down: autoDraw = True
145.9902 	EXP 	center: autoDraw = True
145.9902 	EXP 	left: autoDraw = True
145.9902 	EXP 	right: autoDraw = True
145.9902 	EXP 	up: autoDraw = True
145.9902 	EXP 	down: autoDraw = True
146.0070 	EXP 	center: autoDraw = True
146.0070 	EXP 	left: autoDraw = True
146.0070 	EXP 	right: autoDraw = True
146.0070 	EXP 	up: autoDraw = True
146.0070 	EXP 	down: autoDraw = True
146.0234 	EXP 	center: autoDraw = True
146.0234 	EXP 	left: autoDraw = True
146.0234 	EXP 	right: autoDraw = True
146.0234 	EXP 	up: autoDraw = True
146.0234 	EXP 	down: autoDraw = True
146.0402 	EXP 	center: autoDraw = True
146.0402 	EXP 	left: autoDraw = True
146.0402 	EXP 	right: autoDraw = True
146.0402 	EXP 	up: autoDraw = True
146.0402 	EXP 	down: autoDraw = True
146.0567 	EXP 	center: autoDraw = True
146.0567 	EXP 	left: autoDraw = True
146.0567 	EXP 	right: autoDraw = True
146.0567 	EXP 	up: autoDraw = True
146.0567 	EXP 	down: autoDraw = True
146.0735 	EXP 	center: autoDraw = True
146.0735 	EXP 	left: autoDraw = True
146.0735 	EXP 	right: autoDraw = True
146.0735 	EXP 	up: autoDraw = True
146.0735 	EXP 	down: autoDraw = True
146.0896 	EXP 	center: autoDraw = True
146.0896 	EXP 	left: autoDraw = True
146.0896 	EXP 	right: autoDraw = True
146.0896 	EXP 	up: autoDraw = True
146.0896 	EXP 	down: autoDraw = True
146.1068 	EXP 	center: autoDraw = True
146.1068 	EXP 	left: autoDraw = True
146.1068 	EXP 	right: autoDraw = True
146.1068 	EXP 	up: autoDraw = True
146.1068 	EXP 	down: autoDraw = True
146.1236 	EXP 	center: autoDraw = True
146.1236 	EXP 	left: autoDraw = True
146.1236 	EXP 	right: autoDraw = True
146.1236 	EXP 	up: autoDraw = True
146.1236 	EXP 	down: autoDraw = True
146.1404 	EXP 	center: autoDraw = True
146.1404 	EXP 	left: autoDraw = True
146.1404 	EXP 	right: autoDraw = True
146.1404 	EXP 	up: autoDraw = True
146.1404 	EXP 	down: autoDraw = True
146.1567 	EXP 	center: autoDraw = True
146.1567 	EXP 	left: autoDraw = True
146.1567 	EXP 	right: autoDraw = True
146.1567 	EXP 	up: autoDraw = True
146.1567 	EXP 	down: autoDraw = True
146.1569 	DATA 	wsqS
146.1736 	EXP 	center: autoDraw = True
146.1736 	EXP 	left: autoDraw = True
146.1736 	EXP 	right: autoDraw = True
146.1736 	EXP 	up: autoDraw = True
146.1736 	EXP 	down: autoDraw = True
146.1736 	EXP 	whitesquare: autoDraw = True
146.1902 	EXP 	center: autoDraw = True
146.1902 	EXP 	left: autoDraw = True
146.1902 	EXP 	right: autoDraw = True
146.1902 	EXP 	up: autoDraw = True
146.1902 	EXP 	down: autoDraw = True
146.1902 	EXP 	whitesquare: autoDraw = False
146.2070 	EXP 	center: autoDraw = True
146.2070 	EXP 	left: autoDraw = True
146.2070 	EXP 	right: autoDraw = True
146.2070 	EXP 	up: autoDraw = True
146.2070 	EXP 	down: autoDraw = True
146.2236 	EXP 	center: autoDraw = True
146.2236 	EXP 	left: autoDraw = True
146.2236 	EXP 	right: autoDraw = True
146.2236 	EXP 	up: autoDraw = True
146.2236 	EXP 	down: autoDraw = True
146.2403 	EXP 	center: autoDraw = True
146.2403 	EXP 	left: autoDraw = True
146.2403 	EXP 	right: autoDraw = True
146.2403 	EXP 	up: autoDraw = True
146.2403 	EXP 	down: autoDraw = True
146.2568 	EXP 	center: autoDraw = True
146.2568 	EXP 	left: autoDraw = True
146.2568 	EXP 	right: autoDraw = True
146.2568 	EXP 	up: autoDraw = True
146.2568 	EXP 	down: autoDraw = True
146.2731 	EXP 	center: autoDraw = True
146.2731 	EXP 	left: autoDraw = True
146.2731 	EXP 	right: autoDraw = True
146.2731 	EXP 	up: autoDraw = True
146.2731 	EXP 	down: autoDraw = True
146.2902 	EXP 	center: autoDraw = True
146.2902 	EXP 	left: autoDraw = True
146.2902 	EXP 	right: autoDraw = True
146.2902 	EXP 	up: autoDraw = True
146.2902 	EXP 	down: autoDraw = True
146.3071 	EXP 	center: autoDraw = True
146.3071 	EXP 	left: autoDraw = True
146.3071 	EXP 	right: autoDraw = True
146.3071 	EXP 	up: autoDraw = True
146.3071 	EXP 	down: autoDraw = True
146.3234 	EXP 	center: autoDraw = True
146.3234 	EXP 	left: autoDraw = True
146.3234 	EXP 	right: autoDraw = True
146.3234 	EXP 	up: autoDraw = True
146.3234 	EXP 	down: autoDraw = True
146.3403 	EXP 	center: autoDraw = True
146.3403 	EXP 	left: autoDraw = True
146.3403 	EXP 	right: autoDraw = True
146.3403 	EXP 	up: autoDraw = True
146.3403 	EXP 	down: autoDraw = True
146.3564 	EXP 	center: autoDraw = True
146.3564 	EXP 	left: autoDraw = True
146.3564 	EXP 	right: autoDraw = True
146.3564 	EXP 	up: autoDraw = True
146.3564 	EXP 	down: autoDraw = True
146.3733 	EXP 	center: autoDraw = True
146.3733 	EXP 	left: autoDraw = True
146.3733 	EXP 	right: autoDraw = True
146.3733 	EXP 	up: autoDraw = True
146.3733 	EXP 	down: autoDraw = True
146.3902 	EXP 	center: autoDraw = True
146.3902 	EXP 	left: autoDraw = True
146.3902 	EXP 	right: autoDraw = True
146.3902 	EXP 	up: autoDraw = True
146.3902 	EXP 	down: autoDraw = True
146.4070 	EXP 	center: autoDraw = True
146.4070 	EXP 	left: autoDraw = True
146.4070 	EXP 	right: autoDraw = True
146.4070 	EXP 	up: autoDraw = True
146.4070 	EXP 	down: autoDraw = True
146.4237 	EXP 	center: autoDraw = True
146.4237 	EXP 	left: autoDraw = True
146.4237 	EXP 	right: autoDraw = True
146.4237 	EXP 	up: autoDraw = True
146.4237 	EXP 	down: autoDraw = True
146.4401 	EXP 	center: autoDraw = True
146.4401 	EXP 	left: autoDraw = True
146.4401 	EXP 	right: autoDraw = True
146.4401 	EXP 	up: autoDraw = True
146.4401 	EXP 	down: autoDraw = True
146.4568 	EXP 	center: autoDraw = True
146.4568 	EXP 	left: autoDraw = True
146.4568 	EXP 	right: autoDraw = True
146.4568 	EXP 	up: autoDraw = True
146.4568 	EXP 	down: autoDraw = True
146.4726 	EXP 	center: autoDraw = True
146.4726 	EXP 	left: autoDraw = True
146.4726 	EXP 	right: autoDraw = True
146.4726 	EXP 	up: autoDraw = True
146.4726 	EXP 	down: autoDraw = True
146.4896 	EXP 	center: autoDraw = True
146.4896 	EXP 	left: autoDraw = True
146.4896 	EXP 	right: autoDraw = True
146.4896 	EXP 	up: autoDraw = True
146.4896 	EXP 	down: autoDraw = True
146.5067 	EXP 	center: autoDraw = True
146.5067 	EXP 	left: autoDraw = True
146.5067 	EXP 	right: autoDraw = True
146.5067 	EXP 	up: autoDraw = True
146.5067 	EXP 	down: autoDraw = True
146.5235 	EXP 	center: autoDraw = True
146.5235 	EXP 	left: autoDraw = True
146.5235 	EXP 	right: autoDraw = True
146.5235 	EXP 	up: autoDraw = True
146.5235 	EXP 	down: autoDraw = True
146.5402 	EXP 	center: autoDraw = True
146.5402 	EXP 	left: autoDraw = True
146.5402 	EXP 	right: autoDraw = True
146.5402 	EXP 	up: autoDraw = True
146.5402 	EXP 	down: autoDraw = True
146.5570 	EXP 	center: autoDraw = True
146.5570 	EXP 	left: autoDraw = True
146.5570 	EXP 	right: autoDraw = True
146.5570 	EXP 	up: autoDraw = True
146.5570 	EXP 	down: autoDraw = True
146.5731 	EXP 	center: autoDraw = True
146.5731 	EXP 	left: autoDraw = True
146.5731 	EXP 	right: autoDraw = True
146.5731 	EXP 	up: autoDraw = True
146.5731 	EXP 	down: autoDraw = True
146.5900 	EXP 	center: autoDraw = True
146.5900 	EXP 	left: autoDraw = True
146.5900 	EXP 	right: autoDraw = True
146.5900 	EXP 	up: autoDraw = True
146.5900 	EXP 	down: autoDraw = True
146.6067 	EXP 	center: autoDraw = True
146.6067 	EXP 	left: autoDraw = True
146.6067 	EXP 	right: autoDraw = True
146.6067 	EXP 	up: autoDraw = True
146.6067 	EXP 	down: autoDraw = True
146.6235 	EXP 	center: autoDraw = True
146.6235 	EXP 	left: autoDraw = True
146.6235 	EXP 	right: autoDraw = True
146.6235 	EXP 	up: autoDraw = True
146.6235 	EXP 	down: autoDraw = True
146.6404 	EXP 	center: autoDraw = True
146.6404 	EXP 	left: autoDraw = True
146.6404 	EXP 	right: autoDraw = True
146.6404 	EXP 	up: autoDraw = True
146.6404 	EXP 	down: autoDraw = True
146.6564 	EXP 	center: autoDraw = True
146.6564 	EXP 	left: autoDraw = True
146.6564 	EXP 	right: autoDraw = True
146.6564 	EXP 	up: autoDraw = True
146.6564 	EXP 	down: autoDraw = True
146.6734 	EXP 	center: autoDraw = True
146.6734 	EXP 	left: autoDraw = True
146.6734 	EXP 	right: autoDraw = True
146.6734 	EXP 	up: autoDraw = True
146.6734 	EXP 	down: autoDraw = True
146.6902 	EXP 	center: autoDraw = True
146.6902 	EXP 	left: autoDraw = True
146.6902 	EXP 	right: autoDraw = True
146.6902 	EXP 	up: autoDraw = True
146.6902 	EXP 	down: autoDraw = True
146.7063 	EXP 	center: autoDraw = True
146.7063 	EXP 	left: autoDraw = True
146.7063 	EXP 	right: autoDraw = True
146.7063 	EXP 	up: autoDraw = True
146.7063 	EXP 	down: autoDraw = True
146.7233 	EXP 	center: autoDraw = True
146.7233 	EXP 	left: autoDraw = True
146.7233 	EXP 	right: autoDraw = True
146.7233 	EXP 	up: autoDraw = True
146.7233 	EXP 	down: autoDraw = True
146.7398 	EXP 	center: autoDraw = True
146.7398 	EXP 	left: autoDraw = True
146.7398 	EXP 	right: autoDraw = True
146.7398 	EXP 	up: autoDraw = True
146.7398 	EXP 	down: autoDraw = True
146.7566 	EXP 	center: autoDraw = True
146.7566 	EXP 	left: autoDraw = True
146.7566 	EXP 	right: autoDraw = True
146.7566 	EXP 	up: autoDraw = True
146.7566 	EXP 	down: autoDraw = True
146.7734 	EXP 	center: autoDraw = True
146.7734 	EXP 	left: autoDraw = True
146.7734 	EXP 	right: autoDraw = True
146.7734 	EXP 	up: autoDraw = True
146.7734 	EXP 	down: autoDraw = True
146.7902 	EXP 	center: autoDraw = True
146.7902 	EXP 	left: autoDraw = True
146.7902 	EXP 	right: autoDraw = True
146.7902 	EXP 	up: autoDraw = True
146.7902 	EXP 	down: autoDraw = True
146.8070 	EXP 	center: autoDraw = True
146.8070 	EXP 	left: autoDraw = True
146.8070 	EXP 	right: autoDraw = True
146.8070 	EXP 	up: autoDraw = True
146.8070 	EXP 	down: autoDraw = True
146.8230 	EXP 	center: autoDraw = True
146.8230 	EXP 	left: autoDraw = True
146.8230 	EXP 	right: autoDraw = True
146.8230 	EXP 	up: autoDraw = True
146.8230 	EXP 	down: autoDraw = True
146.8399 	EXP 	center: autoDraw = True
146.8399 	EXP 	left: autoDraw = True
146.8399 	EXP 	right: autoDraw = True
146.8399 	EXP 	up: autoDraw = True
146.8399 	EXP 	down: autoDraw = True
146.8569 	EXP 	center: autoDraw = True
146.8569 	EXP 	left: autoDraw = True
146.8569 	EXP 	right: autoDraw = True
146.8569 	EXP 	up: autoDraw = True
146.8569 	EXP 	down: autoDraw = True
146.8730 	EXP 	center: autoDraw = True
146.8730 	EXP 	left: autoDraw = True
146.8730 	EXP 	right: autoDraw = True
146.8730 	EXP 	up: autoDraw = True
146.8730 	EXP 	down: autoDraw = True
146.8902 	EXP 	center: autoDraw = True
146.8902 	EXP 	left: autoDraw = True
146.8902 	EXP 	right: autoDraw = True
146.8902 	EXP 	up: autoDraw = True
146.8902 	EXP 	down: autoDraw = True
146.9069 	EXP 	center: autoDraw = True
146.9069 	EXP 	left: autoDraw = True
146.9069 	EXP 	right: autoDraw = True
146.9069 	EXP 	up: autoDraw = True
146.9069 	EXP 	down: autoDraw = True
146.9230 	EXP 	center: autoDraw = True
146.9230 	EXP 	left: autoDraw = True
146.9230 	EXP 	right: autoDraw = True
146.9230 	EXP 	up: autoDraw = True
146.9230 	EXP 	down: autoDraw = True
146.9401 	EXP 	center: autoDraw = True
146.9401 	EXP 	left: autoDraw = True
146.9401 	EXP 	right: autoDraw = True
146.9401 	EXP 	up: autoDraw = True
146.9401 	EXP 	down: autoDraw = True
146.9568 	EXP 	center: autoDraw = True
146.9568 	EXP 	left: autoDraw = True
146.9568 	EXP 	right: autoDraw = True
146.9568 	EXP 	up: autoDraw = True
146.9568 	EXP 	down: autoDraw = True
146.9736 	EXP 	center: autoDraw = True
146.9736 	EXP 	left: autoDraw = True
146.9736 	EXP 	right: autoDraw = True
146.9736 	EXP 	up: autoDraw = True
146.9736 	EXP 	down: autoDraw = True
146.9896 	EXP 	center: autoDraw = True
146.9896 	EXP 	left: autoDraw = True
146.9896 	EXP 	right: autoDraw = True
146.9896 	EXP 	up: autoDraw = True
146.9896 	EXP 	down: autoDraw = True
147.0067 	EXP 	center: autoDraw = True
147.0067 	EXP 	left: autoDraw = True
147.0067 	EXP 	right: autoDraw = True
147.0067 	EXP 	up: autoDraw = True
147.0067 	EXP 	down: autoDraw = True
147.0234 	EXP 	center: autoDraw = True
147.0234 	EXP 	left: autoDraw = True
147.0234 	EXP 	right: autoDraw = True
147.0234 	EXP 	up: autoDraw = True
147.0234 	EXP 	down: autoDraw = True
147.0401 	EXP 	center: autoDraw = True
147.0401 	EXP 	left: autoDraw = True
147.0401 	EXP 	right: autoDraw = True
147.0401 	EXP 	up: autoDraw = True
147.0401 	EXP 	down: autoDraw = True
147.0569 	EXP 	center: autoDraw = True
147.0569 	EXP 	left: autoDraw = True
147.0569 	EXP 	right: autoDraw = True
147.0569 	EXP 	up: autoDraw = True
147.0569 	EXP 	down: autoDraw = True
147.0736 	EXP 	center: autoDraw = True
147.0736 	EXP 	left: autoDraw = True
147.0736 	EXP 	right: autoDraw = True
147.0736 	EXP 	up: autoDraw = True
147.0736 	EXP 	down: autoDraw = True
147.0897 	EXP 	center: autoDraw = True
147.0897 	EXP 	left: autoDraw = True
147.0897 	EXP 	right: autoDraw = True
147.0897 	EXP 	up: autoDraw = True
147.0897 	EXP 	down: autoDraw = True
147.1068 	EXP 	center: autoDraw = True
147.1068 	EXP 	left: autoDraw = True
147.1068 	EXP 	right: autoDraw = True
147.1068 	EXP 	up: autoDraw = True
147.1068 	EXP 	down: autoDraw = True
147.1228 	EXP 	center: autoDraw = True
147.1228 	EXP 	left: autoDraw = True
147.1228 	EXP 	right: autoDraw = True
147.1228 	EXP 	up: autoDraw = True
147.1228 	EXP 	down: autoDraw = True
147.1398 	EXP 	center: autoDraw = True
147.1398 	EXP 	left: autoDraw = True
147.1398 	EXP 	right: autoDraw = True
147.1398 	EXP 	up: autoDraw = True
147.1398 	EXP 	down: autoDraw = True
147.1566 	EXP 	center: autoDraw = True
147.1566 	EXP 	left: autoDraw = True
147.1566 	EXP 	right: autoDraw = True
147.1566 	EXP 	up: autoDraw = True
147.1566 	EXP 	down: autoDraw = True
147.1733 	EXP 	center: autoDraw = True
147.1733 	EXP 	left: autoDraw = True
147.1733 	EXP 	right: autoDraw = True
147.1733 	EXP 	up: autoDraw = True
147.1733 	EXP 	down: autoDraw = True
147.1899 	EXP 	center: autoDraw = True
147.1899 	EXP 	left: autoDraw = True
147.1899 	EXP 	right: autoDraw = True
147.1899 	EXP 	up: autoDraw = True
147.1899 	EXP 	down: autoDraw = True
147.2068 	EXP 	center: autoDraw = True
147.2068 	EXP 	left: autoDraw = True
147.2068 	EXP 	right: autoDraw = True
147.2068 	EXP 	up: autoDraw = True
147.2068 	EXP 	down: autoDraw = True
147.2235 	EXP 	center: autoDraw = True
147.2235 	EXP 	left: autoDraw = True
147.2235 	EXP 	right: autoDraw = True
147.2235 	EXP 	up: autoDraw = True
147.2235 	EXP 	down: autoDraw = True
147.2402 	EXP 	center: autoDraw = True
147.2402 	EXP 	left: autoDraw = True
147.2402 	EXP 	right: autoDraw = True
147.2402 	EXP 	up: autoDraw = True
147.2402 	EXP 	down: autoDraw = True
147.2570 	EXP 	center: autoDraw = True
147.2570 	EXP 	left: autoDraw = True
147.2570 	EXP 	right: autoDraw = True
147.2570 	EXP 	up: autoDraw = True
147.2570 	EXP 	down: autoDraw = True
147.2732 	EXP 	center: autoDraw = True
147.2732 	EXP 	left: autoDraw = True
147.2732 	EXP 	right: autoDraw = True
147.2732 	EXP 	up: autoDraw = True
147.2732 	EXP 	down: autoDraw = True
147.2899 	EXP 	center: autoDraw = True
147.2899 	EXP 	left: autoDraw = True
147.2899 	EXP 	right: autoDraw = True
147.2899 	EXP 	up: autoDraw = True
147.2899 	EXP 	down: autoDraw = True
147.3067 	EXP 	center: autoDraw = True
147.3067 	EXP 	left: autoDraw = True
147.3067 	EXP 	right: autoDraw = True
147.3067 	EXP 	up: autoDraw = True
147.3067 	EXP 	down: autoDraw = True
147.3233 	EXP 	center: autoDraw = True
147.3233 	EXP 	left: autoDraw = True
147.3233 	EXP 	right: autoDraw = True
147.3233 	EXP 	up: autoDraw = True
147.3233 	EXP 	down: autoDraw = True
147.3400 	EXP 	center: autoDraw = True
147.3400 	EXP 	left: autoDraw = True
147.3400 	EXP 	right: autoDraw = True
147.3400 	EXP 	up: autoDraw = True
147.3400 	EXP 	down: autoDraw = True
147.3566 	EXP 	center: autoDraw = True
147.3566 	EXP 	left: autoDraw = True
147.3566 	EXP 	right: autoDraw = True
147.3566 	EXP 	up: autoDraw = True
147.3566 	EXP 	down: autoDraw = True
147.3734 	EXP 	center: autoDraw = True
147.3734 	EXP 	left: autoDraw = True
147.3734 	EXP 	right: autoDraw = True
147.3734 	EXP 	up: autoDraw = True
147.3734 	EXP 	down: autoDraw = True
147.3899 	EXP 	center: autoDraw = True
147.3899 	EXP 	left: autoDraw = True
147.3899 	EXP 	right: autoDraw = True
147.3899 	EXP 	up: autoDraw = True
147.3899 	EXP 	down: autoDraw = True
147.4066 	EXP 	center: autoDraw = True
147.4066 	EXP 	left: autoDraw = True
147.4066 	EXP 	right: autoDraw = True
147.4066 	EXP 	up: autoDraw = True
147.4066 	EXP 	down: autoDraw = True
147.4233 	EXP 	center: autoDraw = True
147.4233 	EXP 	left: autoDraw = True
147.4233 	EXP 	right: autoDraw = True
147.4233 	EXP 	up: autoDraw = True
147.4233 	EXP 	down: autoDraw = True
147.4399 	EXP 	center: autoDraw = True
147.4399 	EXP 	left: autoDraw = True
147.4399 	EXP 	right: autoDraw = True
147.4399 	EXP 	up: autoDraw = True
147.4399 	EXP 	down: autoDraw = True
147.4566 	EXP 	center: autoDraw = True
147.4566 	EXP 	left: autoDraw = True
147.4566 	EXP 	right: autoDraw = True
147.4566 	EXP 	up: autoDraw = True
147.4566 	EXP 	down: autoDraw = True
147.4733 	EXP 	center: autoDraw = True
147.4733 	EXP 	left: autoDraw = True
147.4733 	EXP 	right: autoDraw = True
147.4733 	EXP 	up: autoDraw = True
147.4733 	EXP 	down: autoDraw = True
147.4900 	EXP 	center: autoDraw = True
147.4900 	EXP 	left: autoDraw = True
147.4900 	EXP 	right: autoDraw = True
147.4900 	EXP 	up: autoDraw = True
147.4900 	EXP 	down: autoDraw = True
147.5066 	EXP 	center: autoDraw = True
147.5066 	EXP 	left: autoDraw = True
147.5066 	EXP 	right: autoDraw = True
147.5066 	EXP 	up: autoDraw = True
147.5066 	EXP 	down: autoDraw = True
147.5233 	EXP 	center: autoDraw = True
147.5233 	EXP 	left: autoDraw = True
147.5233 	EXP 	right: autoDraw = True
147.5233 	EXP 	up: autoDraw = True
147.5233 	EXP 	down: autoDraw = True
147.5400 	EXP 	center: autoDraw = True
147.5400 	EXP 	left: autoDraw = True
147.5400 	EXP 	right: autoDraw = True
147.5400 	EXP 	up: autoDraw = True
147.5400 	EXP 	down: autoDraw = True
147.5566 	EXP 	center: autoDraw = True
147.5566 	EXP 	left: autoDraw = True
147.5566 	EXP 	right: autoDraw = True
147.5566 	EXP 	up: autoDraw = True
147.5566 	EXP 	down: autoDraw = True
147.5734 	EXP 	center: autoDraw = True
147.5734 	EXP 	left: autoDraw = True
147.5734 	EXP 	right: autoDraw = True
147.5734 	EXP 	up: autoDraw = True
147.5734 	EXP 	down: autoDraw = True
147.5900 	EXP 	center: autoDraw = True
147.5900 	EXP 	left: autoDraw = True
147.5900 	EXP 	right: autoDraw = True
147.5900 	EXP 	up: autoDraw = True
147.5900 	EXP 	down: autoDraw = True
147.6067 	EXP 	center: autoDraw = True
147.6067 	EXP 	left: autoDraw = True
147.6067 	EXP 	right: autoDraw = True
147.6067 	EXP 	up: autoDraw = True
147.6067 	EXP 	down: autoDraw = True
147.6233 	EXP 	center: autoDraw = True
147.6233 	EXP 	left: autoDraw = True
147.6233 	EXP 	right: autoDraw = True
147.6233 	EXP 	up: autoDraw = True
147.6233 	EXP 	down: autoDraw = True
147.6400 	EXP 	center: autoDraw = True
147.6400 	EXP 	left: autoDraw = True
147.6400 	EXP 	right: autoDraw = True
147.6400 	EXP 	up: autoDraw = True
147.6400 	EXP 	down: autoDraw = True
147.6567 	EXP 	center: autoDraw = True
147.6567 	EXP 	left: autoDraw = True
147.6567 	EXP 	right: autoDraw = True
147.6567 	EXP 	up: autoDraw = True
147.6567 	EXP 	down: autoDraw = True
147.6734 	EXP 	center: autoDraw = True
147.6734 	EXP 	left: autoDraw = True
147.6734 	EXP 	right: autoDraw = True
147.6734 	EXP 	up: autoDraw = True
147.6734 	EXP 	down: autoDraw = True
147.6901 	EXP 	center: autoDraw = True
147.6901 	EXP 	left: autoDraw = True
147.6901 	EXP 	right: autoDraw = True
147.6901 	EXP 	up: autoDraw = True
147.6901 	EXP 	down: autoDraw = True
147.7069 	EXP 	center: autoDraw = True
147.7069 	EXP 	left: autoDraw = True
147.7069 	EXP 	right: autoDraw = True
147.7069 	EXP 	up: autoDraw = True
147.7069 	EXP 	down: autoDraw = True
147.7233 	EXP 	center: autoDraw = True
147.7233 	EXP 	left: autoDraw = True
147.7233 	EXP 	right: autoDraw = True
147.7233 	EXP 	up: autoDraw = True
147.7233 	EXP 	down: autoDraw = True
147.7403 	EXP 	center: autoDraw = True
147.7403 	EXP 	left: autoDraw = True
147.7403 	EXP 	right: autoDraw = True
147.7403 	EXP 	up: autoDraw = True
147.7403 	EXP 	down: autoDraw = True
147.7567 	EXP 	center: autoDraw = True
147.7567 	EXP 	left: autoDraw = True
147.7567 	EXP 	right: autoDraw = True
147.7567 	EXP 	up: autoDraw = True
147.7567 	EXP 	down: autoDraw = True
147.7730 	EXP 	center: autoDraw = True
147.7730 	EXP 	left: autoDraw = True
147.7730 	EXP 	right: autoDraw = True
147.7730 	EXP 	up: autoDraw = True
147.7730 	EXP 	down: autoDraw = True
147.7899 	EXP 	center: autoDraw = True
147.7899 	EXP 	left: autoDraw = True
147.7899 	EXP 	right: autoDraw = True
147.7899 	EXP 	up: autoDraw = True
147.7899 	EXP 	down: autoDraw = True
147.8069 	EXP 	center: autoDraw = True
147.8069 	EXP 	left: autoDraw = True
147.8069 	EXP 	right: autoDraw = True
147.8069 	EXP 	up: autoDraw = True
147.8069 	EXP 	down: autoDraw = True
147.8233 	EXP 	center: autoDraw = True
147.8233 	EXP 	left: autoDraw = True
147.8233 	EXP 	right: autoDraw = True
147.8233 	EXP 	up: autoDraw = True
147.8233 	EXP 	down: autoDraw = True
147.8404 	EXP 	center: autoDraw = True
147.8404 	EXP 	left: autoDraw = True
147.8404 	EXP 	right: autoDraw = True
147.8404 	EXP 	up: autoDraw = True
147.8404 	EXP 	down: autoDraw = True
147.8566 	EXP 	center: autoDraw = True
147.8566 	EXP 	left: autoDraw = True
147.8566 	EXP 	right: autoDraw = True
147.8566 	EXP 	up: autoDraw = True
147.8566 	EXP 	down: autoDraw = True
147.8734 	EXP 	center: autoDraw = True
147.8734 	EXP 	left: autoDraw = True
147.8734 	EXP 	right: autoDraw = True
147.8734 	EXP 	up: autoDraw = True
147.8734 	EXP 	down: autoDraw = True
147.8901 	EXP 	center: autoDraw = True
147.8901 	EXP 	left: autoDraw = True
147.8901 	EXP 	right: autoDraw = True
147.8901 	EXP 	up: autoDraw = True
147.8901 	EXP 	down: autoDraw = True
147.9068 	EXP 	center: autoDraw = True
147.9068 	EXP 	left: autoDraw = True
147.9068 	EXP 	right: autoDraw = True
147.9068 	EXP 	up: autoDraw = True
147.9068 	EXP 	down: autoDraw = True
147.9235 	EXP 	center: autoDraw = True
147.9235 	EXP 	left: autoDraw = True
147.9235 	EXP 	right: autoDraw = True
147.9235 	EXP 	up: autoDraw = True
147.9235 	EXP 	down: autoDraw = True
147.9399 	EXP 	center: autoDraw = True
147.9399 	EXP 	left: autoDraw = True
147.9399 	EXP 	right: autoDraw = True
147.9399 	EXP 	up: autoDraw = True
147.9399 	EXP 	down: autoDraw = True
147.9568 	EXP 	center: autoDraw = True
147.9568 	EXP 	left: autoDraw = True
147.9568 	EXP 	right: autoDraw = True
147.9568 	EXP 	up: autoDraw = True
147.9568 	EXP 	down: autoDraw = True
147.9732 	EXP 	center: autoDraw = True
147.9732 	EXP 	left: autoDraw = True
147.9732 	EXP 	right: autoDraw = True
147.9732 	EXP 	up: autoDraw = True
147.9732 	EXP 	down: autoDraw = True
147.9901 	EXP 	center: autoDraw = True
147.9901 	EXP 	left: autoDraw = True
147.9901 	EXP 	right: autoDraw = True
147.9901 	EXP 	up: autoDraw = True
147.9901 	EXP 	down: autoDraw = True
148.0063 	EXP 	center: autoDraw = True
148.0063 	EXP 	left: autoDraw = True
148.0063 	EXP 	right: autoDraw = True
148.0063 	EXP 	up: autoDraw = True
148.0063 	EXP 	down: autoDraw = True
148.0232 	EXP 	center: autoDraw = True
148.0232 	EXP 	left: autoDraw = True
148.0232 	EXP 	right: autoDraw = True
148.0232 	EXP 	up: autoDraw = True
148.0232 	EXP 	down: autoDraw = True
148.0399 	EXP 	center: autoDraw = True
148.0399 	EXP 	left: autoDraw = True
148.0399 	EXP 	right: autoDraw = True
148.0399 	EXP 	up: autoDraw = True
148.0399 	EXP 	down: autoDraw = True
148.0569 	EXP 	center: autoDraw = True
148.0569 	EXP 	left: autoDraw = True
148.0569 	EXP 	right: autoDraw = True
148.0569 	EXP 	up: autoDraw = True
148.0569 	EXP 	down: autoDraw = True
148.0734 	EXP 	center: autoDraw = True
148.0734 	EXP 	left: autoDraw = True
148.0734 	EXP 	right: autoDraw = True
148.0734 	EXP 	up: autoDraw = True
148.0734 	EXP 	down: autoDraw = True
148.0902 	EXP 	center: autoDraw = True
148.0902 	EXP 	left: autoDraw = True
148.0902 	EXP 	right: autoDraw = True
148.0902 	EXP 	up: autoDraw = True
148.0902 	EXP 	down: autoDraw = True
148.1066 	EXP 	center: autoDraw = True
148.1066 	EXP 	left: autoDraw = True
148.1066 	EXP 	right: autoDraw = True
148.1066 	EXP 	up: autoDraw = True
148.1066 	EXP 	down: autoDraw = True
148.1236 	EXP 	center: autoDraw = True
148.1236 	EXP 	left: autoDraw = True
148.1236 	EXP 	right: autoDraw = True
148.1236 	EXP 	up: autoDraw = True
148.1236 	EXP 	down: autoDraw = True
148.1399 	EXP 	center: autoDraw = True
148.1399 	EXP 	left: autoDraw = True
148.1399 	EXP 	right: autoDraw = True
148.1399 	EXP 	up: autoDraw = True
148.1399 	EXP 	down: autoDraw = True
148.1569 	EXP 	center: autoDraw = True
148.1569 	EXP 	left: autoDraw = True
148.1569 	EXP 	right: autoDraw = True
148.1569 	EXP 	up: autoDraw = True
148.1569 	EXP 	down: autoDraw = True
148.1732 	EXP 	center: autoDraw = True
148.1732 	EXP 	left: autoDraw = True
148.1732 	EXP 	right: autoDraw = True
148.1732 	EXP 	up: autoDraw = True
148.1732 	EXP 	down: autoDraw = True
148.1903 	EXP 	center: autoDraw = True
148.1903 	EXP 	left: autoDraw = True
148.1903 	EXP 	right: autoDraw = True
148.1903 	EXP 	up: autoDraw = True
148.1903 	EXP 	down: autoDraw = True
148.2066 	EXP 	center: autoDraw = True
148.2066 	EXP 	left: autoDraw = True
148.2066 	EXP 	right: autoDraw = True
148.2066 	EXP 	up: autoDraw = True
148.2066 	EXP 	down: autoDraw = True
148.2225 	EXP 	center: autoDraw = True
148.2225 	EXP 	left: autoDraw = True
148.2225 	EXP 	right: autoDraw = True
148.2225 	EXP 	up: autoDraw = True
148.2225 	EXP 	down: autoDraw = True
148.2400 	EXP 	center: autoDraw = True
148.2400 	EXP 	left: autoDraw = True
148.2400 	EXP 	right: autoDraw = True
148.2400 	EXP 	up: autoDraw = True
148.2400 	EXP 	down: autoDraw = True
148.2558 	EXP 	center: autoDraw = True
148.2558 	EXP 	left: autoDraw = True
148.2558 	EXP 	right: autoDraw = True
148.2558 	EXP 	up: autoDraw = True
148.2558 	EXP 	down: autoDraw = True
148.2726 	EXP 	center: autoDraw = True
148.2726 	EXP 	left: autoDraw = True
148.2726 	EXP 	right: autoDraw = True
148.2726 	EXP 	up: autoDraw = True
148.2726 	EXP 	down: autoDraw = True
148.2899 	EXP 	center: autoDraw = True
148.2899 	EXP 	left: autoDraw = True
148.2899 	EXP 	right: autoDraw = True
148.2899 	EXP 	up: autoDraw = True
148.2899 	EXP 	down: autoDraw = True
148.3058 	EXP 	center: autoDraw = True
148.3058 	EXP 	left: autoDraw = True
148.3058 	EXP 	right: autoDraw = True
148.3058 	EXP 	up: autoDraw = True
148.3058 	EXP 	down: autoDraw = True
148.3232 	EXP 	center: autoDraw = True
148.3232 	EXP 	left: autoDraw = True
148.3232 	EXP 	right: autoDraw = True
148.3232 	EXP 	up: autoDraw = True
148.3232 	EXP 	down: autoDraw = True
148.3391 	EXP 	center: autoDraw = True
148.3391 	EXP 	left: autoDraw = True
148.3391 	EXP 	right: autoDraw = True
148.3391 	EXP 	up: autoDraw = True
148.3391 	EXP 	down: autoDraw = True
148.3566 	EXP 	center: autoDraw = True
148.3566 	EXP 	left: autoDraw = True
148.3566 	EXP 	right: autoDraw = True
148.3566 	EXP 	up: autoDraw = True
148.3566 	EXP 	down: autoDraw = True
148.3725 	EXP 	center: autoDraw = True
148.3725 	EXP 	left: autoDraw = True
148.3725 	EXP 	right: autoDraw = True
148.3725 	EXP 	up: autoDraw = True
148.3725 	EXP 	down: autoDraw = True
148.3895 	EXP 	center: autoDraw = True
148.3895 	EXP 	left: autoDraw = True
148.3895 	EXP 	right: autoDraw = True
148.3895 	EXP 	up: autoDraw = True
148.3895 	EXP 	down: autoDraw = True
148.4066 	EXP 	center: autoDraw = True
148.4066 	EXP 	left: autoDraw = True
148.4066 	EXP 	right: autoDraw = True
148.4066 	EXP 	up: autoDraw = True
148.4066 	EXP 	down: autoDraw = True
148.4230 	EXP 	center: autoDraw = True
148.4230 	EXP 	left: autoDraw = True
148.4230 	EXP 	right: autoDraw = True
148.4230 	EXP 	up: autoDraw = True
148.4230 	EXP 	down: autoDraw = True
148.4400 	EXP 	center: autoDraw = True
148.4400 	EXP 	left: autoDraw = True
148.4400 	EXP 	right: autoDraw = True
148.4400 	EXP 	up: autoDraw = True
148.4400 	EXP 	down: autoDraw = True
148.4560 	EXP 	center: autoDraw = True
148.4560 	EXP 	left: autoDraw = True
148.4560 	EXP 	right: autoDraw = True
148.4560 	EXP 	up: autoDraw = True
148.4560 	EXP 	down: autoDraw = True
148.4731 	EXP 	center: autoDraw = True
148.4731 	EXP 	left: autoDraw = True
148.4731 	EXP 	right: autoDraw = True
148.4731 	EXP 	up: autoDraw = True
148.4731 	EXP 	down: autoDraw = True
148.4900 	EXP 	center: autoDraw = True
148.4900 	EXP 	left: autoDraw = True
148.4900 	EXP 	right: autoDraw = True
148.4900 	EXP 	up: autoDraw = True
148.4900 	EXP 	down: autoDraw = True
148.5059 	EXP 	center: autoDraw = True
148.5059 	EXP 	left: autoDraw = True
148.5059 	EXP 	right: autoDraw = True
148.5059 	EXP 	up: autoDraw = True
148.5059 	EXP 	down: autoDraw = True
148.5232 	EXP 	center: autoDraw = True
148.5232 	EXP 	left: autoDraw = True
148.5232 	EXP 	right: autoDraw = True
148.5232 	EXP 	up: autoDraw = True
148.5232 	EXP 	down: autoDraw = True
148.5401 	EXP 	center: autoDraw = True
148.5401 	EXP 	left: autoDraw = True
148.5401 	EXP 	right: autoDraw = True
148.5401 	EXP 	up: autoDraw = True
148.5401 	EXP 	down: autoDraw = True
148.5566 	EXP 	center: autoDraw = True
148.5566 	EXP 	left: autoDraw = True
148.5566 	EXP 	right: autoDraw = True
148.5566 	EXP 	up: autoDraw = True
148.5566 	EXP 	down: autoDraw = True
148.5726 	EXP 	center: autoDraw = True
148.5726 	EXP 	left: autoDraw = True
148.5726 	EXP 	right: autoDraw = True
148.5726 	EXP 	up: autoDraw = True
148.5726 	EXP 	down: autoDraw = True
148.5899 	EXP 	center: autoDraw = True
148.5899 	EXP 	left: autoDraw = True
148.5899 	EXP 	right: autoDraw = True
148.5899 	EXP 	up: autoDraw = True
148.5899 	EXP 	down: autoDraw = True
148.6060 	EXP 	center: autoDraw = True
148.6060 	EXP 	left: autoDraw = True
148.6060 	EXP 	right: autoDraw = True
148.6060 	EXP 	up: autoDraw = True
148.6060 	EXP 	down: autoDraw = True
148.6232 	EXP 	center: autoDraw = True
148.6232 	EXP 	left: autoDraw = True
148.6232 	EXP 	right: autoDraw = True
148.6232 	EXP 	up: autoDraw = True
148.6232 	EXP 	down: autoDraw = True
148.6392 	EXP 	center: autoDraw = True
148.6392 	EXP 	left: autoDraw = True
148.6392 	EXP 	right: autoDraw = True
148.6392 	EXP 	up: autoDraw = True
148.6392 	EXP 	down: autoDraw = True
148.6565 	EXP 	center: autoDraw = True
148.6565 	EXP 	left: autoDraw = True
148.6565 	EXP 	right: autoDraw = True
148.6565 	EXP 	up: autoDraw = True
148.6565 	EXP 	down: autoDraw = True
148.6727 	EXP 	center: autoDraw = True
148.6727 	EXP 	left: autoDraw = True
148.6727 	EXP 	right: autoDraw = True
148.6727 	EXP 	up: autoDraw = True
148.6727 	EXP 	down: autoDraw = True
148.6899 	EXP 	center: autoDraw = True
148.6899 	EXP 	left: autoDraw = True
148.6899 	EXP 	right: autoDraw = True
148.6899 	EXP 	up: autoDraw = True
148.6899 	EXP 	down: autoDraw = True
148.7060 	EXP 	center: autoDraw = True
148.7060 	EXP 	left: autoDraw = True
148.7060 	EXP 	right: autoDraw = True
148.7060 	EXP 	up: autoDraw = True
148.7060 	EXP 	down: autoDraw = True
148.7232 	EXP 	center: autoDraw = True
148.7232 	EXP 	left: autoDraw = True
148.7232 	EXP 	right: autoDraw = True
148.7232 	EXP 	up: autoDraw = True
148.7232 	EXP 	down: autoDraw = True
148.7400 	EXP 	center: autoDraw = True
148.7400 	EXP 	left: autoDraw = True
148.7400 	EXP 	right: autoDraw = True
148.7400 	EXP 	up: autoDraw = True
148.7400 	EXP 	down: autoDraw = True
148.7559 	EXP 	center: autoDraw = True
148.7559 	EXP 	left: autoDraw = True
148.7559 	EXP 	right: autoDraw = True
148.7559 	EXP 	up: autoDraw = True
148.7559 	EXP 	down: autoDraw = True
148.7731 	EXP 	center: autoDraw = True
148.7731 	EXP 	left: autoDraw = True
148.7731 	EXP 	right: autoDraw = True
148.7731 	EXP 	up: autoDraw = True
148.7731 	EXP 	down: autoDraw = True
148.7901 	EXP 	center: autoDraw = True
148.7901 	EXP 	left: autoDraw = True
148.7901 	EXP 	right: autoDraw = True
148.7901 	EXP 	up: autoDraw = True
148.7901 	EXP 	down: autoDraw = True
148.8061 	EXP 	center: autoDraw = True
148.8061 	EXP 	left: autoDraw = True
148.8061 	EXP 	right: autoDraw = True
148.8061 	EXP 	up: autoDraw = True
148.8061 	EXP 	down: autoDraw = True
148.8232 	EXP 	center: autoDraw = True
148.8232 	EXP 	left: autoDraw = True
148.8232 	EXP 	right: autoDraw = True
148.8232 	EXP 	up: autoDraw = True
148.8232 	EXP 	down: autoDraw = True
148.8234 	EXP 	Sound  started
148.8268 	DATA 	sbli | frame count: 480
148.8399 	EXP 	center: autoDraw = True
148.8399 	EXP 	left: autoDraw = True
148.8399 	EXP 	right: autoDraw = True
148.8399 	EXP 	up: autoDraw = True
148.8399 	EXP 	down: autoDraw = True
148.8561 	EXP 	center: autoDraw = True
148.8561 	EXP 	left: autoDraw = True
148.8561 	EXP 	right: autoDraw = True
148.8561 	EXP 	up: autoDraw = True
148.8561 	EXP 	down: autoDraw = True
148.8733 	EXP 	center: autoDraw = True
148.8733 	EXP 	left: autoDraw = True
148.8733 	EXP 	right: autoDraw = True
148.8733 	EXP 	up: autoDraw = True
148.8733 	EXP 	down: autoDraw = True
148.8898 	EXP 	center: autoDraw = True
148.8898 	EXP 	left: autoDraw = True
148.8898 	EXP 	right: autoDraw = True
148.8898 	EXP 	up: autoDraw = True
148.8898 	EXP 	down: autoDraw = True
148.9061 	EXP 	center: autoDraw = True
148.9061 	EXP 	left: autoDraw = True
148.9061 	EXP 	right: autoDraw = True
148.9061 	EXP 	up: autoDraw = True
148.9061 	EXP 	down: autoDraw = True
148.9232 	EXP 	center: autoDraw = True
148.9232 	EXP 	left: autoDraw = True
148.9232 	EXP 	right: autoDraw = True
148.9232 	EXP 	up: autoDraw = True
148.9232 	EXP 	down: autoDraw = True
148.9394 	EXP 	center: autoDraw = True
148.9394 	EXP 	left: autoDraw = True
148.9394 	EXP 	right: autoDraw = True
148.9394 	EXP 	up: autoDraw = True
148.9394 	EXP 	down: autoDraw = True
148.9566 	EXP 	center: autoDraw = True
148.9566 	EXP 	left: autoDraw = True
148.9566 	EXP 	right: autoDraw = True
148.9566 	EXP 	up: autoDraw = True
148.9566 	EXP 	down: autoDraw = True
148.9728 	EXP 	center: autoDraw = True
148.9728 	EXP 	left: autoDraw = True
148.9728 	EXP 	right: autoDraw = True
148.9728 	EXP 	up: autoDraw = True
148.9728 	EXP 	down: autoDraw = True
148.9900 	EXP 	center: autoDraw = True
148.9900 	EXP 	left: autoDraw = True
148.9900 	EXP 	right: autoDraw = True
148.9900 	EXP 	up: autoDraw = True
148.9900 	EXP 	down: autoDraw = True
149.0061 	EXP 	center: autoDraw = True
149.0061 	EXP 	left: autoDraw = True
149.0061 	EXP 	right: autoDraw = True
149.0061 	EXP 	up: autoDraw = True
149.0061 	EXP 	down: autoDraw = True
149.0232 	EXP 	center: autoDraw = True
149.0232 	EXP 	left: autoDraw = True
149.0232 	EXP 	right: autoDraw = True
149.0232 	EXP 	up: autoDraw = True
149.0232 	EXP 	down: autoDraw = True
149.0395 	EXP 	center: autoDraw = True
149.0395 	EXP 	left: autoDraw = True
149.0395 	EXP 	right: autoDraw = True
149.0395 	EXP 	up: autoDraw = True
149.0395 	EXP 	down: autoDraw = True
149.0565 	EXP 	center: autoDraw = True
149.0565 	EXP 	left: autoDraw = True
149.0565 	EXP 	right: autoDraw = True
149.0565 	EXP 	up: autoDraw = True
149.0565 	EXP 	down: autoDraw = True
149.0733 	EXP 	center: autoDraw = True
149.0733 	EXP 	left: autoDraw = True
149.0733 	EXP 	right: autoDraw = True
149.0733 	EXP 	up: autoDraw = True
149.0733 	EXP 	down: autoDraw = True
149.0894 	EXP 	center: autoDraw = True
149.0894 	EXP 	left: autoDraw = True
149.0894 	EXP 	right: autoDraw = True
149.0894 	EXP 	up: autoDraw = True
149.0894 	EXP 	down: autoDraw = True
149.1066 	EXP 	center: autoDraw = True
149.1066 	EXP 	left: autoDraw = True
149.1066 	EXP 	right: autoDraw = True
149.1066 	EXP 	up: autoDraw = True
149.1066 	EXP 	down: autoDraw = True
149.1234 	EXP 	center: autoDraw = True
149.1234 	EXP 	left: autoDraw = True
149.1234 	EXP 	right: autoDraw = True
149.1234 	EXP 	up: autoDraw = True
149.1234 	EXP 	down: autoDraw = True
149.1396 	EXP 	center: autoDraw = True
149.1396 	EXP 	left: autoDraw = True
149.1396 	EXP 	right: autoDraw = True
149.1396 	EXP 	up: autoDraw = True
149.1396 	EXP 	down: autoDraw = True
149.1566 	EXP 	center: autoDraw = True
149.1566 	EXP 	left: autoDraw = True
149.1566 	EXP 	right: autoDraw = True
149.1566 	EXP 	up: autoDraw = True
149.1566 	EXP 	down: autoDraw = True
149.1568 	DATA 	wsqS
149.1729 	EXP 	center: autoDraw = True
149.1729 	EXP 	left: autoDraw = True
149.1729 	EXP 	right: autoDraw = True
149.1729 	EXP 	up: autoDraw = True
149.1729 	EXP 	down: autoDraw = True
149.1729 	EXP 	whitesquare: autoDraw = True
149.1894 	EXP 	center: autoDraw = True
149.1894 	EXP 	left: autoDraw = True
149.1894 	EXP 	right: autoDraw = True
149.1894 	EXP 	up: autoDraw = True
149.1894 	EXP 	down: autoDraw = True
149.1894 	EXP 	whitesquare: autoDraw = False
149.2065 	EXP 	center: autoDraw = True
149.2065 	EXP 	left: autoDraw = True
149.2065 	EXP 	right: autoDraw = True
149.2065 	EXP 	up: autoDraw = True
149.2065 	EXP 	down: autoDraw = True
149.2229 	EXP 	center: autoDraw = True
149.2229 	EXP 	left: autoDraw = True
149.2229 	EXP 	right: autoDraw = True
149.2229 	EXP 	up: autoDraw = True
149.2229 	EXP 	down: autoDraw = True
149.2398 	EXP 	center: autoDraw = True
149.2398 	EXP 	left: autoDraw = True
149.2398 	EXP 	right: autoDraw = True
149.2398 	EXP 	up: autoDraw = True
149.2398 	EXP 	down: autoDraw = True
149.2562 	EXP 	center: autoDraw = True
149.2562 	EXP 	left: autoDraw = True
149.2562 	EXP 	right: autoDraw = True
149.2562 	EXP 	up: autoDraw = True
149.2562 	EXP 	down: autoDraw = True
149.2729 	EXP 	center: autoDraw = True
149.2729 	EXP 	left: autoDraw = True
149.2729 	EXP 	right: autoDraw = True
149.2729 	EXP 	up: autoDraw = True
149.2729 	EXP 	down: autoDraw = True
149.2897 	EXP 	center: autoDraw = True
149.2897 	EXP 	left: autoDraw = True
149.2897 	EXP 	right: autoDraw = True
149.2897 	EXP 	up: autoDraw = True
149.2897 	EXP 	down: autoDraw = True
149.3065 	EXP 	center: autoDraw = True
149.3065 	EXP 	left: autoDraw = True
149.3065 	EXP 	right: autoDraw = True
149.3065 	EXP 	up: autoDraw = True
149.3065 	EXP 	down: autoDraw = True
149.3230 	EXP 	center: autoDraw = True
149.3230 	EXP 	left: autoDraw = True
149.3230 	EXP 	right: autoDraw = True
149.3230 	EXP 	up: autoDraw = True
149.3230 	EXP 	down: autoDraw = True
149.3400 	EXP 	center: autoDraw = True
149.3400 	EXP 	left: autoDraw = True
149.3400 	EXP 	right: autoDraw = True
149.3400 	EXP 	up: autoDraw = True
149.3400 	EXP 	down: autoDraw = True
149.3562 	EXP 	center: autoDraw = True
149.3562 	EXP 	left: autoDraw = True
149.3562 	EXP 	right: autoDraw = True
149.3562 	EXP 	up: autoDraw = True
149.3562 	EXP 	down: autoDraw = True
149.3731 	EXP 	center: autoDraw = True
149.3731 	EXP 	left: autoDraw = True
149.3731 	EXP 	right: autoDraw = True
149.3731 	EXP 	up: autoDraw = True
149.3731 	EXP 	down: autoDraw = True
149.3897 	EXP 	center: autoDraw = True
149.3897 	EXP 	left: autoDraw = True
149.3897 	EXP 	right: autoDraw = True
149.3897 	EXP 	up: autoDraw = True
149.3897 	EXP 	down: autoDraw = True
149.4064 	EXP 	center: autoDraw = True
149.4064 	EXP 	left: autoDraw = True
149.4064 	EXP 	right: autoDraw = True
149.4064 	EXP 	up: autoDraw = True
149.4064 	EXP 	down: autoDraw = True
149.4231 	EXP 	center: autoDraw = True
149.4231 	EXP 	left: autoDraw = True
149.4231 	EXP 	right: autoDraw = True
149.4231 	EXP 	up: autoDraw = True
149.4231 	EXP 	down: autoDraw = True
149.4401 	EXP 	center: autoDraw = True
149.4401 	EXP 	left: autoDraw = True
149.4401 	EXP 	right: autoDraw = True
149.4401 	EXP 	up: autoDraw = True
149.4401 	EXP 	down: autoDraw = True
149.4564 	EXP 	center: autoDraw = True
149.4564 	EXP 	left: autoDraw = True
149.4564 	EXP 	right: autoDraw = True
149.4564 	EXP 	up: autoDraw = True
149.4564 	EXP 	down: autoDraw = True
149.4730 	EXP 	center: autoDraw = True
149.4730 	EXP 	left: autoDraw = True
149.4730 	EXP 	right: autoDraw = True
149.4730 	EXP 	up: autoDraw = True
149.4730 	EXP 	down: autoDraw = True
149.4901 	EXP 	center: autoDraw = True
149.4901 	EXP 	left: autoDraw = True
149.4901 	EXP 	right: autoDraw = True
149.4901 	EXP 	up: autoDraw = True
149.4901 	EXP 	down: autoDraw = True
149.5065 	EXP 	center: autoDraw = True
149.5065 	EXP 	left: autoDraw = True
149.5065 	EXP 	right: autoDraw = True
149.5065 	EXP 	up: autoDraw = True
149.5065 	EXP 	down: autoDraw = True
149.5231 	EXP 	center: autoDraw = True
149.5231 	EXP 	left: autoDraw = True
149.5231 	EXP 	right: autoDraw = True
149.5231 	EXP 	up: autoDraw = True
149.5231 	EXP 	down: autoDraw = True
149.5397 	EXP 	center: autoDraw = True
149.5397 	EXP 	left: autoDraw = True
149.5397 	EXP 	right: autoDraw = True
149.5397 	EXP 	up: autoDraw = True
149.5397 	EXP 	down: autoDraw = True
149.5564 	EXP 	center: autoDraw = True
149.5564 	EXP 	left: autoDraw = True
149.5564 	EXP 	right: autoDraw = True
149.5564 	EXP 	up: autoDraw = True
149.5564 	EXP 	down: autoDraw = True
149.5725 	EXP 	center: autoDraw = True
149.5725 	EXP 	left: autoDraw = True
149.5725 	EXP 	right: autoDraw = True
149.5725 	EXP 	up: autoDraw = True
149.5725 	EXP 	down: autoDraw = True
149.5897 	EXP 	center: autoDraw = True
149.5897 	EXP 	left: autoDraw = True
149.5897 	EXP 	right: autoDraw = True
149.5897 	EXP 	up: autoDraw = True
149.5897 	EXP 	down: autoDraw = True
149.6066 	EXP 	center: autoDraw = True
149.6066 	EXP 	left: autoDraw = True
149.6066 	EXP 	right: autoDraw = True
149.6066 	EXP 	up: autoDraw = True
149.6066 	EXP 	down: autoDraw = True
149.6231 	EXP 	center: autoDraw = True
149.6231 	EXP 	left: autoDraw = True
149.6231 	EXP 	right: autoDraw = True
149.6231 	EXP 	up: autoDraw = True
149.6231 	EXP 	down: autoDraw = True
149.6400 	EXP 	center: autoDraw = True
149.6400 	EXP 	left: autoDraw = True
149.6400 	EXP 	right: autoDraw = True
149.6400 	EXP 	up: autoDraw = True
149.6400 	EXP 	down: autoDraw = True
149.6565 	EXP 	center: autoDraw = True
149.6565 	EXP 	left: autoDraw = True
149.6565 	EXP 	right: autoDraw = True
149.6565 	EXP 	up: autoDraw = True
149.6565 	EXP 	down: autoDraw = True
149.6731 	EXP 	center: autoDraw = True
149.6731 	EXP 	left: autoDraw = True
149.6731 	EXP 	right: autoDraw = True
149.6731 	EXP 	up: autoDraw = True
149.6731 	EXP 	down: autoDraw = True
149.6898 	EXP 	center: autoDraw = True
149.6898 	EXP 	left: autoDraw = True
149.6898 	EXP 	right: autoDraw = True
149.6898 	EXP 	up: autoDraw = True
149.6898 	EXP 	down: autoDraw = True
149.7065 	EXP 	center: autoDraw = True
149.7065 	EXP 	left: autoDraw = True
149.7065 	EXP 	right: autoDraw = True
149.7065 	EXP 	up: autoDraw = True
149.7065 	EXP 	down: autoDraw = True
149.7232 	EXP 	center: autoDraw = True
149.7232 	EXP 	left: autoDraw = True
149.7232 	EXP 	right: autoDraw = True
149.7232 	EXP 	up: autoDraw = True
149.7232 	EXP 	down: autoDraw = True
149.7398 	EXP 	center: autoDraw = True
149.7398 	EXP 	left: autoDraw = True
149.7398 	EXP 	right: autoDraw = True
149.7398 	EXP 	up: autoDraw = True
149.7398 	EXP 	down: autoDraw = True
149.7566 	EXP 	center: autoDraw = True
149.7566 	EXP 	left: autoDraw = True
149.7566 	EXP 	right: autoDraw = True
149.7566 	EXP 	up: autoDraw = True
149.7566 	EXP 	down: autoDraw = True
149.7731 	EXP 	center: autoDraw = True
149.7731 	EXP 	left: autoDraw = True
149.7731 	EXP 	right: autoDraw = True
149.7731 	EXP 	up: autoDraw = True
149.7731 	EXP 	down: autoDraw = True
149.7899 	EXP 	center: autoDraw = True
149.7899 	EXP 	left: autoDraw = True
149.7899 	EXP 	right: autoDraw = True
149.7899 	EXP 	up: autoDraw = True
149.7899 	EXP 	down: autoDraw = True
149.8065 	EXP 	center: autoDraw = True
149.8065 	EXP 	left: autoDraw = True
149.8065 	EXP 	right: autoDraw = True
149.8065 	EXP 	up: autoDraw = True
149.8065 	EXP 	down: autoDraw = True
149.8231 	EXP 	center: autoDraw = True
149.8231 	EXP 	left: autoDraw = True
149.8231 	EXP 	right: autoDraw = True
149.8231 	EXP 	up: autoDraw = True
149.8231 	EXP 	down: autoDraw = True
149.8395 	EXP 	center: autoDraw = True
149.8395 	EXP 	left: autoDraw = True
149.8395 	EXP 	right: autoDraw = True
149.8395 	EXP 	up: autoDraw = True
149.8395 	EXP 	down: autoDraw = True
149.8564 	EXP 	center: autoDraw = True
149.8564 	EXP 	left: autoDraw = True
149.8564 	EXP 	right: autoDraw = True
149.8564 	EXP 	up: autoDraw = True
149.8564 	EXP 	down: autoDraw = True
149.8733 	EXP 	center: autoDraw = True
149.8733 	EXP 	left: autoDraw = True
149.8733 	EXP 	right: autoDraw = True
149.8733 	EXP 	up: autoDraw = True
149.8733 	EXP 	down: autoDraw = True
149.8899 	EXP 	center: autoDraw = True
149.8899 	EXP 	left: autoDraw = True
149.8899 	EXP 	right: autoDraw = True
149.8899 	EXP 	up: autoDraw = True
149.8899 	EXP 	down: autoDraw = True
149.9066 	EXP 	center: autoDraw = True
149.9066 	EXP 	left: autoDraw = True
149.9066 	EXP 	right: autoDraw = True
149.9066 	EXP 	up: autoDraw = True
149.9066 	EXP 	down: autoDraw = True
149.9231 	EXP 	center: autoDraw = True
149.9231 	EXP 	left: autoDraw = True
149.9231 	EXP 	right: autoDraw = True
149.9231 	EXP 	up: autoDraw = True
149.9231 	EXP 	down: autoDraw = True
149.9399 	EXP 	center: autoDraw = True
149.9399 	EXP 	left: autoDraw = True
149.9399 	EXP 	right: autoDraw = True
149.9399 	EXP 	up: autoDraw = True
149.9399 	EXP 	down: autoDraw = True
149.9558 	EXP 	center: autoDraw = True
149.9558 	EXP 	left: autoDraw = True
149.9558 	EXP 	right: autoDraw = True
149.9558 	EXP 	up: autoDraw = True
149.9558 	EXP 	down: autoDraw = True
149.9732 	EXP 	center: autoDraw = True
149.9732 	EXP 	left: autoDraw = True
149.9732 	EXP 	right: autoDraw = True
149.9732 	EXP 	up: autoDraw = True
149.9732 	EXP 	down: autoDraw = True
149.9901 	EXP 	center: autoDraw = True
149.9901 	EXP 	left: autoDraw = True
149.9901 	EXP 	right: autoDraw = True
149.9901 	EXP 	up: autoDraw = True
149.9901 	EXP 	down: autoDraw = True
150.0064 	EXP 	center: autoDraw = True
150.0064 	EXP 	left: autoDraw = True
150.0064 	EXP 	right: autoDraw = True
150.0064 	EXP 	up: autoDraw = True
150.0064 	EXP 	down: autoDraw = True
150.0232 	EXP 	center: autoDraw = True
150.0232 	EXP 	left: autoDraw = True
150.0232 	EXP 	right: autoDraw = True
150.0232 	EXP 	up: autoDraw = True
150.0232 	EXP 	down: autoDraw = True
150.0400 	EXP 	center: autoDraw = True
150.0400 	EXP 	left: autoDraw = True
150.0400 	EXP 	right: autoDraw = True
150.0400 	EXP 	up: autoDraw = True
150.0400 	EXP 	down: autoDraw = True
150.0567 	EXP 	center: autoDraw = True
150.0567 	EXP 	left: autoDraw = True
150.0567 	EXP 	right: autoDraw = True
150.0567 	EXP 	up: autoDraw = True
150.0567 	EXP 	down: autoDraw = True
150.0729 	EXP 	center: autoDraw = True
150.0729 	EXP 	left: autoDraw = True
150.0729 	EXP 	right: autoDraw = True
150.0729 	EXP 	up: autoDraw = True
150.0729 	EXP 	down: autoDraw = True
150.0899 	EXP 	center: autoDraw = True
150.0899 	EXP 	left: autoDraw = True
150.0899 	EXP 	right: autoDraw = True
150.0899 	EXP 	up: autoDraw = True
150.0899 	EXP 	down: autoDraw = True
150.1066 	EXP 	center: autoDraw = True
150.1066 	EXP 	left: autoDraw = True
150.1066 	EXP 	right: autoDraw = True
150.1066 	EXP 	up: autoDraw = True
150.1066 	EXP 	down: autoDraw = True
150.1233 	EXP 	center: autoDraw = True
150.1233 	EXP 	left: autoDraw = True
150.1233 	EXP 	right: autoDraw = True
150.1233 	EXP 	up: autoDraw = True
150.1233 	EXP 	down: autoDraw = True
150.1400 	EXP 	center: autoDraw = True
150.1400 	EXP 	left: autoDraw = True
150.1400 	EXP 	right: autoDraw = True
150.1400 	EXP 	up: autoDraw = True
150.1400 	EXP 	down: autoDraw = True
150.1567 	EXP 	center: autoDraw = True
150.1567 	EXP 	left: autoDraw = True
150.1567 	EXP 	right: autoDraw = True
150.1567 	EXP 	up: autoDraw = True
150.1567 	EXP 	down: autoDraw = True
150.1731 	EXP 	center: autoDraw = True
150.1731 	EXP 	left: autoDraw = True
150.1731 	EXP 	right: autoDraw = True
150.1731 	EXP 	up: autoDraw = True
150.1731 	EXP 	down: autoDraw = True
150.1898 	EXP 	center: autoDraw = True
150.1898 	EXP 	left: autoDraw = True
150.1898 	EXP 	right: autoDraw = True
150.1898 	EXP 	up: autoDraw = True
150.1898 	EXP 	down: autoDraw = True
150.2067 	EXP 	center: autoDraw = True
150.2067 	EXP 	left: autoDraw = True
150.2067 	EXP 	right: autoDraw = True
150.2067 	EXP 	up: autoDraw = True
150.2067 	EXP 	down: autoDraw = True
150.2231 	EXP 	center: autoDraw = True
150.2231 	EXP 	left: autoDraw = True
150.2231 	EXP 	right: autoDraw = True
150.2231 	EXP 	up: autoDraw = True
150.2231 	EXP 	down: autoDraw = True
150.2399 	EXP 	center: autoDraw = True
150.2399 	EXP 	left: autoDraw = True
150.2399 	EXP 	right: autoDraw = True
150.2399 	EXP 	up: autoDraw = True
150.2399 	EXP 	down: autoDraw = True
150.2567 	EXP 	center: autoDraw = True
150.2567 	EXP 	left: autoDraw = True
150.2567 	EXP 	right: autoDraw = True
150.2567 	EXP 	up: autoDraw = True
150.2567 	EXP 	down: autoDraw = True
150.2730 	EXP 	center: autoDraw = True
150.2730 	EXP 	left: autoDraw = True
150.2730 	EXP 	right: autoDraw = True
150.2730 	EXP 	up: autoDraw = True
150.2730 	EXP 	down: autoDraw = True
150.2898 	EXP 	center: autoDraw = True
150.2898 	EXP 	left: autoDraw = True
150.2898 	EXP 	right: autoDraw = True
150.2898 	EXP 	up: autoDraw = True
150.2898 	EXP 	down: autoDraw = True
150.3065 	EXP 	center: autoDraw = True
150.3065 	EXP 	left: autoDraw = True
150.3065 	EXP 	right: autoDraw = True
150.3065 	EXP 	up: autoDraw = True
150.3065 	EXP 	down: autoDraw = True
150.3232 	EXP 	center: autoDraw = True
150.3232 	EXP 	left: autoDraw = True
150.3232 	EXP 	right: autoDraw = True
150.3232 	EXP 	up: autoDraw = True
150.3232 	EXP 	down: autoDraw = True
150.3400 	EXP 	center: autoDraw = True
150.3400 	EXP 	left: autoDraw = True
150.3400 	EXP 	right: autoDraw = True
150.3400 	EXP 	up: autoDraw = True
150.3400 	EXP 	down: autoDraw = True
150.3564 	EXP 	center: autoDraw = True
150.3564 	EXP 	left: autoDraw = True
150.3564 	EXP 	right: autoDraw = True
150.3564 	EXP 	up: autoDraw = True
150.3564 	EXP 	down: autoDraw = True
150.3734 	EXP 	center: autoDraw = True
150.3734 	EXP 	left: autoDraw = True
150.3734 	EXP 	right: autoDraw = True
150.3734 	EXP 	up: autoDraw = True
150.3734 	EXP 	down: autoDraw = True
150.3897 	EXP 	center: autoDraw = True
150.3897 	EXP 	left: autoDraw = True
150.3897 	EXP 	right: autoDraw = True
150.3897 	EXP 	up: autoDraw = True
150.3897 	EXP 	down: autoDraw = True
150.4065 	EXP 	center: autoDraw = True
150.4065 	EXP 	left: autoDraw = True
150.4065 	EXP 	right: autoDraw = True
150.4065 	EXP 	up: autoDraw = True
150.4065 	EXP 	down: autoDraw = True
150.4234 	EXP 	center: autoDraw = True
150.4234 	EXP 	left: autoDraw = True
150.4234 	EXP 	right: autoDraw = True
150.4234 	EXP 	up: autoDraw = True
150.4234 	EXP 	down: autoDraw = True
150.4397 	EXP 	center: autoDraw = True
150.4397 	EXP 	left: autoDraw = True
150.4397 	EXP 	right: autoDraw = True
150.4397 	EXP 	up: autoDraw = True
150.4397 	EXP 	down: autoDraw = True
150.4565 	EXP 	center: autoDraw = True
150.4565 	EXP 	left: autoDraw = True
150.4565 	EXP 	right: autoDraw = True
150.4565 	EXP 	up: autoDraw = True
150.4565 	EXP 	down: autoDraw = True
150.4732 	EXP 	center: autoDraw = True
150.4732 	EXP 	left: autoDraw = True
150.4732 	EXP 	right: autoDraw = True
150.4732 	EXP 	up: autoDraw = True
150.4732 	EXP 	down: autoDraw = True
150.4895 	EXP 	center: autoDraw = True
150.4895 	EXP 	left: autoDraw = True
150.4895 	EXP 	right: autoDraw = True
150.4895 	EXP 	up: autoDraw = True
150.4895 	EXP 	down: autoDraw = True
150.5065 	EXP 	center: autoDraw = True
150.5065 	EXP 	left: autoDraw = True
150.5065 	EXP 	right: autoDraw = True
150.5065 	EXP 	up: autoDraw = True
150.5065 	EXP 	down: autoDraw = True
150.5233 	EXP 	center: autoDraw = True
150.5233 	EXP 	left: autoDraw = True
150.5233 	EXP 	right: autoDraw = True
150.5233 	EXP 	up: autoDraw = True
150.5233 	EXP 	down: autoDraw = True
150.5397 	EXP 	center: autoDraw = True
150.5397 	EXP 	left: autoDraw = True
150.5397 	EXP 	right: autoDraw = True
150.5397 	EXP 	up: autoDraw = True
150.5397 	EXP 	down: autoDraw = True
150.5564 	EXP 	center: autoDraw = True
150.5564 	EXP 	left: autoDraw = True
150.5564 	EXP 	right: autoDraw = True
150.5564 	EXP 	up: autoDraw = True
150.5564 	EXP 	down: autoDraw = True
150.5733 	EXP 	center: autoDraw = True
150.5733 	EXP 	left: autoDraw = True
150.5733 	EXP 	right: autoDraw = True
150.5733 	EXP 	up: autoDraw = True
150.5733 	EXP 	down: autoDraw = True
150.5900 	EXP 	center: autoDraw = True
150.5900 	EXP 	left: autoDraw = True
150.5900 	EXP 	right: autoDraw = True
150.5900 	EXP 	up: autoDraw = True
150.5900 	EXP 	down: autoDraw = True
150.6057 	EXP 	center: autoDraw = True
150.6057 	EXP 	left: autoDraw = True
150.6057 	EXP 	right: autoDraw = True
150.6057 	EXP 	up: autoDraw = True
150.6057 	EXP 	down: autoDraw = True
150.6230 	EXP 	center: autoDraw = True
150.6230 	EXP 	left: autoDraw = True
150.6230 	EXP 	right: autoDraw = True
150.6230 	EXP 	up: autoDraw = True
150.6230 	EXP 	down: autoDraw = True
150.6398 	EXP 	center: autoDraw = True
150.6398 	EXP 	left: autoDraw = True
150.6398 	EXP 	right: autoDraw = True
150.6398 	EXP 	up: autoDraw = True
150.6398 	EXP 	down: autoDraw = True
150.6565 	EXP 	center: autoDraw = True
150.6565 	EXP 	left: autoDraw = True
150.6565 	EXP 	right: autoDraw = True
150.6565 	EXP 	up: autoDraw = True
150.6565 	EXP 	down: autoDraw = True
150.6732 	EXP 	center: autoDraw = True
150.6732 	EXP 	left: autoDraw = True
150.6732 	EXP 	right: autoDraw = True
150.6732 	EXP 	up: autoDraw = True
150.6732 	EXP 	down: autoDraw = True
150.6899 	EXP 	center: autoDraw = True
150.6899 	EXP 	left: autoDraw = True
150.6899 	EXP 	right: autoDraw = True
150.6899 	EXP 	up: autoDraw = True
150.6899 	EXP 	down: autoDraw = True
150.7068 	EXP 	center: autoDraw = True
150.7068 	EXP 	left: autoDraw = True
150.7068 	EXP 	right: autoDraw = True
150.7068 	EXP 	up: autoDraw = True
150.7068 	EXP 	down: autoDraw = True
150.7231 	EXP 	center: autoDraw = True
150.7231 	EXP 	left: autoDraw = True
150.7231 	EXP 	right: autoDraw = True
150.7231 	EXP 	up: autoDraw = True
150.7231 	EXP 	down: autoDraw = True
150.7398 	EXP 	center: autoDraw = True
150.7398 	EXP 	left: autoDraw = True
150.7398 	EXP 	right: autoDraw = True
150.7398 	EXP 	up: autoDraw = True
150.7398 	EXP 	down: autoDraw = True
150.7566 	EXP 	center: autoDraw = True
150.7566 	EXP 	left: autoDraw = True
150.7566 	EXP 	right: autoDraw = True
150.7566 	EXP 	up: autoDraw = True
150.7566 	EXP 	down: autoDraw = True
150.7733 	EXP 	center: autoDraw = True
150.7733 	EXP 	left: autoDraw = True
150.7733 	EXP 	right: autoDraw = True
150.7733 	EXP 	up: autoDraw = True
150.7733 	EXP 	down: autoDraw = True
150.7899 	EXP 	center: autoDraw = True
150.7899 	EXP 	left: autoDraw = True
150.7899 	EXP 	right: autoDraw = True
150.7899 	EXP 	up: autoDraw = True
150.7899 	EXP 	down: autoDraw = True
150.8066 	EXP 	center: autoDraw = True
150.8066 	EXP 	left: autoDraw = True
150.8066 	EXP 	right: autoDraw = True
150.8066 	EXP 	up: autoDraw = True
150.8066 	EXP 	down: autoDraw = True
150.8231 	EXP 	center: autoDraw = True
150.8231 	EXP 	left: autoDraw = True
150.8231 	EXP 	right: autoDraw = True
150.8231 	EXP 	up: autoDraw = True
150.8231 	EXP 	down: autoDraw = True
150.8400 	EXP 	center: autoDraw = True
150.8400 	EXP 	left: autoDraw = True
150.8400 	EXP 	right: autoDraw = True
150.8400 	EXP 	up: autoDraw = True
150.8400 	EXP 	down: autoDraw = True
150.8564 	EXP 	center: autoDraw = True
150.8564 	EXP 	left: autoDraw = True
150.8564 	EXP 	right: autoDraw = True
150.8564 	EXP 	up: autoDraw = True
150.8564 	EXP 	down: autoDraw = True
150.8728 	EXP 	center: autoDraw = True
150.8728 	EXP 	left: autoDraw = True
150.8728 	EXP 	right: autoDraw = True
150.8728 	EXP 	up: autoDraw = True
150.8728 	EXP 	down: autoDraw = True
150.8898 	EXP 	center: autoDraw = True
150.8898 	EXP 	left: autoDraw = True
150.8898 	EXP 	right: autoDraw = True
150.8898 	EXP 	up: autoDraw = True
150.8898 	EXP 	down: autoDraw = True
150.9065 	EXP 	center: autoDraw = True
150.9065 	EXP 	left: autoDraw = True
150.9065 	EXP 	right: autoDraw = True
150.9065 	EXP 	up: autoDraw = True
150.9065 	EXP 	down: autoDraw = True
150.9232 	EXP 	center: autoDraw = True
150.9232 	EXP 	left: autoDraw = True
150.9232 	EXP 	right: autoDraw = True
150.9232 	EXP 	up: autoDraw = True
150.9232 	EXP 	down: autoDraw = True
150.9399 	EXP 	center: autoDraw = True
150.9399 	EXP 	left: autoDraw = True
150.9399 	EXP 	right: autoDraw = True
150.9399 	EXP 	up: autoDraw = True
150.9399 	EXP 	down: autoDraw = True
150.9563 	EXP 	center: autoDraw = True
150.9563 	EXP 	left: autoDraw = True
150.9563 	EXP 	right: autoDraw = True
150.9563 	EXP 	up: autoDraw = True
150.9563 	EXP 	down: autoDraw = True
150.9734 	EXP 	center: autoDraw = True
150.9734 	EXP 	left: autoDraw = True
150.9734 	EXP 	right: autoDraw = True
150.9734 	EXP 	up: autoDraw = True
150.9734 	EXP 	down: autoDraw = True
150.9901 	EXP 	center: autoDraw = True
150.9901 	EXP 	left: autoDraw = True
150.9901 	EXP 	right: autoDraw = True
150.9901 	EXP 	up: autoDraw = True
150.9901 	EXP 	down: autoDraw = True
151.0064 	EXP 	center: autoDraw = True
151.0064 	EXP 	left: autoDraw = True
151.0064 	EXP 	right: autoDraw = True
151.0064 	EXP 	up: autoDraw = True
151.0064 	EXP 	down: autoDraw = True
151.0231 	EXP 	center: autoDraw = True
151.0231 	EXP 	left: autoDraw = True
151.0231 	EXP 	right: autoDraw = True
151.0231 	EXP 	up: autoDraw = True
151.0231 	EXP 	down: autoDraw = True
151.0398 	EXP 	center: autoDraw = True
151.0398 	EXP 	left: autoDraw = True
151.0398 	EXP 	right: autoDraw = True
151.0398 	EXP 	up: autoDraw = True
151.0398 	EXP 	down: autoDraw = True
151.0566 	EXP 	center: autoDraw = True
151.0566 	EXP 	left: autoDraw = True
151.0566 	EXP 	right: autoDraw = True
151.0566 	EXP 	up: autoDraw = True
151.0566 	EXP 	down: autoDraw = True
151.0730 	EXP 	center: autoDraw = True
151.0730 	EXP 	left: autoDraw = True
151.0730 	EXP 	right: autoDraw = True
151.0730 	EXP 	up: autoDraw = True
151.0730 	EXP 	down: autoDraw = True
151.0898 	EXP 	center: autoDraw = True
151.0898 	EXP 	left: autoDraw = True
151.0898 	EXP 	right: autoDraw = True
151.0898 	EXP 	up: autoDraw = True
151.0898 	EXP 	down: autoDraw = True
151.1066 	EXP 	center: autoDraw = True
151.1066 	EXP 	left: autoDraw = True
151.1066 	EXP 	right: autoDraw = True
151.1066 	EXP 	up: autoDraw = True
151.1066 	EXP 	down: autoDraw = True
151.1235 	EXP 	center: autoDraw = True
151.1235 	EXP 	left: autoDraw = True
151.1235 	EXP 	right: autoDraw = True
151.1235 	EXP 	up: autoDraw = True
151.1235 	EXP 	down: autoDraw = True
151.1398 	EXP 	center: autoDraw = True
151.1398 	EXP 	left: autoDraw = True
151.1398 	EXP 	right: autoDraw = True
151.1398 	EXP 	up: autoDraw = True
151.1398 	EXP 	down: autoDraw = True
151.1565 	EXP 	center: autoDraw = True
151.1565 	EXP 	left: autoDraw = True
151.1565 	EXP 	right: autoDraw = True
151.1565 	EXP 	up: autoDraw = True
151.1565 	EXP 	down: autoDraw = True
151.1732 	EXP 	center: autoDraw = True
151.1732 	EXP 	left: autoDraw = True
151.1732 	EXP 	right: autoDraw = True
151.1732 	EXP 	up: autoDraw = True
151.1732 	EXP 	down: autoDraw = True
151.1899 	EXP 	center: autoDraw = True
151.1899 	EXP 	left: autoDraw = True
151.1899 	EXP 	right: autoDraw = True
151.1899 	EXP 	up: autoDraw = True
151.1899 	EXP 	down: autoDraw = True
151.2064 	EXP 	center: autoDraw = True
151.2064 	EXP 	left: autoDraw = True
151.2064 	EXP 	right: autoDraw = True
151.2064 	EXP 	up: autoDraw = True
151.2064 	EXP 	down: autoDraw = True
151.2231 	EXP 	center: autoDraw = True
151.2231 	EXP 	left: autoDraw = True
151.2231 	EXP 	right: autoDraw = True
151.2231 	EXP 	up: autoDraw = True
151.2231 	EXP 	down: autoDraw = True
151.2399 	EXP 	center: autoDraw = True
151.2399 	EXP 	left: autoDraw = True
151.2399 	EXP 	right: autoDraw = True
151.2399 	EXP 	up: autoDraw = True
151.2399 	EXP 	down: autoDraw = True
151.2560 	EXP 	center: autoDraw = True
151.2560 	EXP 	left: autoDraw = True
151.2560 	EXP 	right: autoDraw = True
151.2560 	EXP 	up: autoDraw = True
151.2560 	EXP 	down: autoDraw = True
151.2731 	EXP 	center: autoDraw = True
151.2731 	EXP 	left: autoDraw = True
151.2731 	EXP 	right: autoDraw = True
151.2731 	EXP 	up: autoDraw = True
151.2731 	EXP 	down: autoDraw = True
151.2896 	EXP 	center: autoDraw = True
151.2896 	EXP 	left: autoDraw = True
151.2896 	EXP 	right: autoDraw = True
151.2896 	EXP 	up: autoDraw = True
151.2896 	EXP 	down: autoDraw = True
151.3064 	EXP 	center: autoDraw = True
151.3064 	EXP 	left: autoDraw = True
151.3064 	EXP 	right: autoDraw = True
151.3064 	EXP 	up: autoDraw = True
151.3064 	EXP 	down: autoDraw = True
151.3230 	EXP 	center: autoDraw = True
151.3230 	EXP 	left: autoDraw = True
151.3230 	EXP 	right: autoDraw = True
151.3230 	EXP 	up: autoDraw = True
151.3230 	EXP 	down: autoDraw = True
151.3399 	EXP 	center: autoDraw = True
151.3399 	EXP 	left: autoDraw = True
151.3399 	EXP 	right: autoDraw = True
151.3399 	EXP 	up: autoDraw = True
151.3399 	EXP 	down: autoDraw = True
151.3566 	EXP 	center: autoDraw = True
151.3566 	EXP 	left: autoDraw = True
151.3566 	EXP 	right: autoDraw = True
151.3566 	EXP 	up: autoDraw = True
151.3566 	EXP 	down: autoDraw = True
151.3731 	EXP 	center: autoDraw = True
151.3731 	EXP 	left: autoDraw = True
151.3731 	EXP 	right: autoDraw = True
151.3731 	EXP 	up: autoDraw = True
151.3731 	EXP 	down: autoDraw = True
151.3899 	EXP 	center: autoDraw = True
151.3899 	EXP 	left: autoDraw = True
151.3899 	EXP 	right: autoDraw = True
151.3899 	EXP 	up: autoDraw = True
151.3899 	EXP 	down: autoDraw = True
151.4064 	EXP 	center: autoDraw = True
151.4064 	EXP 	left: autoDraw = True
151.4064 	EXP 	right: autoDraw = True
151.4064 	EXP 	up: autoDraw = True
151.4064 	EXP 	down: autoDraw = True
151.4232 	EXP 	center: autoDraw = True
151.4232 	EXP 	left: autoDraw = True
151.4232 	EXP 	right: autoDraw = True
151.4232 	EXP 	up: autoDraw = True
151.4232 	EXP 	down: autoDraw = True
151.4401 	EXP 	center: autoDraw = True
151.4401 	EXP 	left: autoDraw = True
151.4401 	EXP 	right: autoDraw = True
151.4401 	EXP 	up: autoDraw = True
151.4401 	EXP 	down: autoDraw = True
151.4562 	EXP 	center: autoDraw = True
151.4562 	EXP 	left: autoDraw = True
151.4562 	EXP 	right: autoDraw = True
151.4562 	EXP 	up: autoDraw = True
151.4562 	EXP 	down: autoDraw = True
151.4730 	EXP 	center: autoDraw = True
151.4730 	EXP 	left: autoDraw = True
151.4730 	EXP 	right: autoDraw = True
151.4730 	EXP 	up: autoDraw = True
151.4730 	EXP 	down: autoDraw = True
151.4898 	EXP 	center: autoDraw = True
151.4898 	EXP 	left: autoDraw = True
151.4898 	EXP 	right: autoDraw = True
151.4898 	EXP 	up: autoDraw = True
151.4898 	EXP 	down: autoDraw = True
151.5066 	EXP 	center: autoDraw = True
151.5066 	EXP 	left: autoDraw = True
151.5066 	EXP 	right: autoDraw = True
151.5066 	EXP 	up: autoDraw = True
151.5066 	EXP 	down: autoDraw = True
151.5229 	EXP 	center: autoDraw = True
151.5229 	EXP 	left: autoDraw = True
151.5229 	EXP 	right: autoDraw = True
151.5229 	EXP 	up: autoDraw = True
151.5229 	EXP 	down: autoDraw = True
151.5398 	EXP 	center: autoDraw = True
151.5398 	EXP 	left: autoDraw = True
151.5398 	EXP 	right: autoDraw = True
151.5398 	EXP 	up: autoDraw = True
151.5398 	EXP 	down: autoDraw = True
151.5566 	EXP 	center: autoDraw = True
151.5566 	EXP 	left: autoDraw = True
151.5566 	EXP 	right: autoDraw = True
151.5566 	EXP 	up: autoDraw = True
151.5566 	EXP 	down: autoDraw = True
151.5733 	EXP 	center: autoDraw = True
151.5733 	EXP 	left: autoDraw = True
151.5733 	EXP 	right: autoDraw = True
151.5733 	EXP 	up: autoDraw = True
151.5733 	EXP 	down: autoDraw = True
151.5896 	EXP 	center: autoDraw = True
151.5896 	EXP 	left: autoDraw = True
151.5896 	EXP 	right: autoDraw = True
151.5896 	EXP 	up: autoDraw = True
151.5896 	EXP 	down: autoDraw = True
151.6067 	EXP 	center: autoDraw = True
151.6067 	EXP 	left: autoDraw = True
151.6067 	EXP 	right: autoDraw = True
151.6067 	EXP 	up: autoDraw = True
151.6067 	EXP 	down: autoDraw = True
151.6230 	EXP 	center: autoDraw = True
151.6230 	EXP 	left: autoDraw = True
151.6230 	EXP 	right: autoDraw = True
151.6230 	EXP 	up: autoDraw = True
151.6230 	EXP 	down: autoDraw = True
151.6391 	EXP 	center: autoDraw = True
151.6391 	EXP 	left: autoDraw = True
151.6391 	EXP 	right: autoDraw = True
151.6391 	EXP 	up: autoDraw = True
151.6391 	EXP 	down: autoDraw = True
151.6563 	EXP 	center: autoDraw = True
151.6563 	EXP 	left: autoDraw = True
151.6563 	EXP 	right: autoDraw = True
151.6563 	EXP 	up: autoDraw = True
151.6563 	EXP 	down: autoDraw = True
151.6731 	EXP 	center: autoDraw = True
151.6731 	EXP 	left: autoDraw = True
151.6731 	EXP 	right: autoDraw = True
151.6731 	EXP 	up: autoDraw = True
151.6731 	EXP 	down: autoDraw = True
151.6900 	EXP 	center: autoDraw = True
151.6900 	EXP 	left: autoDraw = True
151.6900 	EXP 	right: autoDraw = True
151.6900 	EXP 	up: autoDraw = True
151.6900 	EXP 	down: autoDraw = True
151.7063 	EXP 	center: autoDraw = True
151.7063 	EXP 	left: autoDraw = True
151.7063 	EXP 	right: autoDraw = True
151.7063 	EXP 	up: autoDraw = True
151.7063 	EXP 	down: autoDraw = True
151.7232 	EXP 	center: autoDraw = True
151.7232 	EXP 	left: autoDraw = True
151.7232 	EXP 	right: autoDraw = True
151.7232 	EXP 	up: autoDraw = True
151.7232 	EXP 	down: autoDraw = True
151.7398 	EXP 	center: autoDraw = True
151.7398 	EXP 	left: autoDraw = True
151.7398 	EXP 	right: autoDraw = True
151.7398 	EXP 	up: autoDraw = True
151.7398 	EXP 	down: autoDraw = True
151.7565 	EXP 	center: autoDraw = True
151.7565 	EXP 	left: autoDraw = True
151.7565 	EXP 	right: autoDraw = True
151.7565 	EXP 	up: autoDraw = True
151.7565 	EXP 	down: autoDraw = True
151.7731 	EXP 	center: autoDraw = True
151.7731 	EXP 	left: autoDraw = True
151.7731 	EXP 	right: autoDraw = True
151.7731 	EXP 	up: autoDraw = True
151.7731 	EXP 	down: autoDraw = True
151.7896 	EXP 	center: autoDraw = True
151.7896 	EXP 	left: autoDraw = True
151.7896 	EXP 	right: autoDraw = True
151.7896 	EXP 	up: autoDraw = True
151.7896 	EXP 	down: autoDraw = True
151.8064 	EXP 	center: autoDraw = True
151.8064 	EXP 	left: autoDraw = True
151.8064 	EXP 	right: autoDraw = True
151.8064 	EXP 	up: autoDraw = True
151.8064 	EXP 	down: autoDraw = True
151.8233 	EXP 	center: autoDraw = True
151.8233 	EXP 	left: autoDraw = True
151.8233 	EXP 	right: autoDraw = True
151.8233 	EXP 	up: autoDraw = True
151.8233 	EXP 	down: autoDraw = True
151.8234 	EXP 	Sound  started
151.8267 	DATA 	sbli | frame count: 660
151.8396 	EXP 	center: autoDraw = True
151.8396 	EXP 	left: autoDraw = True
151.8396 	EXP 	right: autoDraw = True
151.8396 	EXP 	up: autoDraw = True
151.8396 	EXP 	down: autoDraw = True
151.8563 	EXP 	center: autoDraw = True
151.8563 	EXP 	left: autoDraw = True
151.8563 	EXP 	right: autoDraw = True
151.8563 	EXP 	up: autoDraw = True
151.8563 	EXP 	down: autoDraw = True
151.8732 	EXP 	center: autoDraw = True
151.8732 	EXP 	left: autoDraw = True
151.8732 	EXP 	right: autoDraw = True
151.8732 	EXP 	up: autoDraw = True
151.8732 	EXP 	down: autoDraw = True
151.8896 	EXP 	center: autoDraw = True
151.8896 	EXP 	left: autoDraw = True
151.8896 	EXP 	right: autoDraw = True
151.8896 	EXP 	up: autoDraw = True
151.8896 	EXP 	down: autoDraw = True
151.9061 	EXP 	center: autoDraw = True
151.9061 	EXP 	left: autoDraw = True
151.9061 	EXP 	right: autoDraw = True
151.9061 	EXP 	up: autoDraw = True
151.9061 	EXP 	down: autoDraw = True
151.9231 	EXP 	center: autoDraw = True
151.9231 	EXP 	left: autoDraw = True
151.9231 	EXP 	right: autoDraw = True
151.9231 	EXP 	up: autoDraw = True
151.9231 	EXP 	down: autoDraw = True
151.9399 	EXP 	center: autoDraw = True
151.9399 	EXP 	left: autoDraw = True
151.9399 	EXP 	right: autoDraw = True
151.9399 	EXP 	up: autoDraw = True
151.9399 	EXP 	down: autoDraw = True
151.9563 	EXP 	center: autoDraw = True
151.9563 	EXP 	left: autoDraw = True
151.9563 	EXP 	right: autoDraw = True
151.9563 	EXP 	up: autoDraw = True
151.9563 	EXP 	down: autoDraw = True
151.9731 	EXP 	center: autoDraw = True
151.9731 	EXP 	left: autoDraw = True
151.9731 	EXP 	right: autoDraw = True
151.9731 	EXP 	up: autoDraw = True
151.9731 	EXP 	down: autoDraw = True
151.9896 	EXP 	center: autoDraw = True
151.9896 	EXP 	left: autoDraw = True
151.9896 	EXP 	right: autoDraw = True
151.9896 	EXP 	up: autoDraw = True
151.9896 	EXP 	down: autoDraw = True
152.0062 	EXP 	center: autoDraw = True
152.0062 	EXP 	left: autoDraw = True
152.0062 	EXP 	right: autoDraw = True
152.0062 	EXP 	up: autoDraw = True
152.0062 	EXP 	down: autoDraw = True
152.0232 	EXP 	center: autoDraw = True
152.0232 	EXP 	left: autoDraw = True
152.0232 	EXP 	right: autoDraw = True
152.0232 	EXP 	up: autoDraw = True
152.0232 	EXP 	down: autoDraw = True
152.0396 	EXP 	center: autoDraw = True
152.0396 	EXP 	left: autoDraw = True
152.0396 	EXP 	right: autoDraw = True
152.0396 	EXP 	up: autoDraw = True
152.0396 	EXP 	down: autoDraw = True
152.0564 	EXP 	center: autoDraw = True
152.0564 	EXP 	left: autoDraw = True
152.0564 	EXP 	right: autoDraw = True
152.0564 	EXP 	up: autoDraw = True
152.0564 	EXP 	down: autoDraw = True
152.0732 	EXP 	center: autoDraw = True
152.0732 	EXP 	left: autoDraw = True
152.0732 	EXP 	right: autoDraw = True
152.0732 	EXP 	up: autoDraw = True
152.0732 	EXP 	down: autoDraw = True
152.0896 	EXP 	center: autoDraw = True
152.0896 	EXP 	left: autoDraw = True
152.0896 	EXP 	right: autoDraw = True
152.0896 	EXP 	up: autoDraw = True
152.0896 	EXP 	down: autoDraw = True
152.1063 	EXP 	center: autoDraw = True
152.1063 	EXP 	left: autoDraw = True
152.1063 	EXP 	right: autoDraw = True
152.1063 	EXP 	up: autoDraw = True
152.1063 	EXP 	down: autoDraw = True
152.1231 	EXP 	center: autoDraw = True
152.1231 	EXP 	left: autoDraw = True
152.1231 	EXP 	right: autoDraw = True
152.1231 	EXP 	up: autoDraw = True
152.1231 	EXP 	down: autoDraw = True
152.1396 	EXP 	center: autoDraw = True
152.1396 	EXP 	left: autoDraw = True
152.1396 	EXP 	right: autoDraw = True
152.1396 	EXP 	up: autoDraw = True
152.1396 	EXP 	down: autoDraw = True
152.1563 	EXP 	center: autoDraw = True
152.1563 	EXP 	left: autoDraw = True
152.1563 	EXP 	right: autoDraw = True
152.1563 	EXP 	up: autoDraw = True
152.1563 	EXP 	down: autoDraw = True
152.1565 	DATA 	wsqS
152.1731 	EXP 	center: autoDraw = True
152.1731 	EXP 	left: autoDraw = True
152.1731 	EXP 	right: autoDraw = True
152.1731 	EXP 	up: autoDraw = True
152.1731 	EXP 	down: autoDraw = True
152.1731 	EXP 	whitesquare: autoDraw = True
152.1898 	EXP 	center: autoDraw = True
152.1898 	EXP 	left: autoDraw = True
152.1898 	EXP 	right: autoDraw = True
152.1898 	EXP 	up: autoDraw = True
152.1898 	EXP 	down: autoDraw = True
152.1898 	EXP 	whitesquare: autoDraw = False
152.2063 	EXP 	center: autoDraw = True
152.2063 	EXP 	left: autoDraw = True
152.2063 	EXP 	right: autoDraw = True
152.2063 	EXP 	up: autoDraw = True
152.2063 	EXP 	down: autoDraw = True
152.2230 	EXP 	center: autoDraw = True
152.2230 	EXP 	left: autoDraw = True
152.2230 	EXP 	right: autoDraw = True
152.2230 	EXP 	up: autoDraw = True
152.2230 	EXP 	down: autoDraw = True
152.2397 	EXP 	center: autoDraw = True
152.2397 	EXP 	left: autoDraw = True
152.2397 	EXP 	right: autoDraw = True
152.2397 	EXP 	up: autoDraw = True
152.2397 	EXP 	down: autoDraw = True
152.2563 	EXP 	center: autoDraw = True
152.2563 	EXP 	left: autoDraw = True
152.2563 	EXP 	right: autoDraw = True
152.2563 	EXP 	up: autoDraw = True
152.2563 	EXP 	down: autoDraw = True
152.2730 	EXP 	center: autoDraw = True
152.2730 	EXP 	left: autoDraw = True
152.2730 	EXP 	right: autoDraw = True
152.2730 	EXP 	up: autoDraw = True
152.2730 	EXP 	down: autoDraw = True
152.2891 	EXP 	center: autoDraw = True
152.2891 	EXP 	left: autoDraw = True
152.2891 	EXP 	right: autoDraw = True
152.2891 	EXP 	up: autoDraw = True
152.2891 	EXP 	down: autoDraw = True
152.3063 	EXP 	center: autoDraw = True
152.3063 	EXP 	left: autoDraw = True
152.3063 	EXP 	right: autoDraw = True
152.3063 	EXP 	up: autoDraw = True
152.3063 	EXP 	down: autoDraw = True
152.3230 	EXP 	center: autoDraw = True
152.3230 	EXP 	left: autoDraw = True
152.3230 	EXP 	right: autoDraw = True
152.3230 	EXP 	up: autoDraw = True
152.3230 	EXP 	down: autoDraw = True
152.3397 	EXP 	center: autoDraw = True
152.3397 	EXP 	left: autoDraw = True
152.3397 	EXP 	right: autoDraw = True
152.3397 	EXP 	up: autoDraw = True
152.3397 	EXP 	down: autoDraw = True
152.3564 	EXP 	center: autoDraw = True
152.3564 	EXP 	left: autoDraw = True
152.3564 	EXP 	right: autoDraw = True
152.3564 	EXP 	up: autoDraw = True
152.3564 	EXP 	down: autoDraw = True
152.3730 	EXP 	center: autoDraw = True
152.3730 	EXP 	left: autoDraw = True
152.3730 	EXP 	right: autoDraw = True
152.3730 	EXP 	up: autoDraw = True
152.3730 	EXP 	down: autoDraw = True
152.3897 	EXP 	center: autoDraw = True
152.3897 	EXP 	left: autoDraw = True
152.3897 	EXP 	right: autoDraw = True
152.3897 	EXP 	up: autoDraw = True
152.3897 	EXP 	down: autoDraw = True
152.4066 	EXP 	center: autoDraw = True
152.4066 	EXP 	left: autoDraw = True
152.4066 	EXP 	right: autoDraw = True
152.4066 	EXP 	up: autoDraw = True
152.4066 	EXP 	down: autoDraw = True
152.4230 	EXP 	center: autoDraw = True
152.4230 	EXP 	left: autoDraw = True
152.4230 	EXP 	right: autoDraw = True
152.4230 	EXP 	up: autoDraw = True
152.4230 	EXP 	down: autoDraw = True
152.4398 	EXP 	center: autoDraw = True
152.4398 	EXP 	left: autoDraw = True
152.4398 	EXP 	right: autoDraw = True
152.4398 	EXP 	up: autoDraw = True
152.4398 	EXP 	down: autoDraw = True
152.4565 	EXP 	center: autoDraw = True
152.4565 	EXP 	left: autoDraw = True
152.4565 	EXP 	right: autoDraw = True
152.4565 	EXP 	up: autoDraw = True
152.4565 	EXP 	down: autoDraw = True
152.4730 	EXP 	center: autoDraw = True
152.4730 	EXP 	left: autoDraw = True
152.4730 	EXP 	right: autoDraw = True
152.4730 	EXP 	up: autoDraw = True
152.4730 	EXP 	down: autoDraw = True
152.4898 	EXP 	center: autoDraw = True
152.4898 	EXP 	left: autoDraw = True
152.4898 	EXP 	right: autoDraw = True
152.4898 	EXP 	up: autoDraw = True
152.4898 	EXP 	down: autoDraw = True
152.5065 	EXP 	center: autoDraw = True
152.5065 	EXP 	left: autoDraw = True
152.5065 	EXP 	right: autoDraw = True
152.5065 	EXP 	up: autoDraw = True
152.5065 	EXP 	down: autoDraw = True
152.5228 	EXP 	center: autoDraw = True
152.5228 	EXP 	left: autoDraw = True
152.5228 	EXP 	right: autoDraw = True
152.5228 	EXP 	up: autoDraw = True
152.5228 	EXP 	down: autoDraw = True
152.5398 	EXP 	center: autoDraw = True
152.5398 	EXP 	left: autoDraw = True
152.5398 	EXP 	right: autoDraw = True
152.5398 	EXP 	up: autoDraw = True
152.5398 	EXP 	down: autoDraw = True
152.5561 	EXP 	center: autoDraw = True
152.5561 	EXP 	left: autoDraw = True
152.5561 	EXP 	right: autoDraw = True
152.5561 	EXP 	up: autoDraw = True
152.5561 	EXP 	down: autoDraw = True
152.5730 	EXP 	center: autoDraw = True
152.5730 	EXP 	left: autoDraw = True
152.5730 	EXP 	right: autoDraw = True
152.5730 	EXP 	up: autoDraw = True
152.5730 	EXP 	down: autoDraw = True
152.5897 	EXP 	center: autoDraw = True
152.5897 	EXP 	left: autoDraw = True
152.5897 	EXP 	right: autoDraw = True
152.5897 	EXP 	up: autoDraw = True
152.5897 	EXP 	down: autoDraw = True
152.6065 	EXP 	center: autoDraw = True
152.6065 	EXP 	left: autoDraw = True
152.6065 	EXP 	right: autoDraw = True
152.6065 	EXP 	up: autoDraw = True
152.6065 	EXP 	down: autoDraw = True
152.6229 	EXP 	center: autoDraw = True
152.6229 	EXP 	left: autoDraw = True
152.6229 	EXP 	right: autoDraw = True
152.6229 	EXP 	up: autoDraw = True
152.6229 	EXP 	down: autoDraw = True
152.6394 	EXP 	center: autoDraw = True
152.6394 	EXP 	left: autoDraw = True
152.6394 	EXP 	right: autoDraw = True
152.6394 	EXP 	up: autoDraw = True
152.6394 	EXP 	down: autoDraw = True
152.6565 	EXP 	center: autoDraw = True
152.6565 	EXP 	left: autoDraw = True
152.6565 	EXP 	right: autoDraw = True
152.6565 	EXP 	up: autoDraw = True
152.6565 	EXP 	down: autoDraw = True
152.6729 	EXP 	center: autoDraw = True
152.6729 	EXP 	left: autoDraw = True
152.6729 	EXP 	right: autoDraw = True
152.6729 	EXP 	up: autoDraw = True
152.6729 	EXP 	down: autoDraw = True
152.6896 	EXP 	center: autoDraw = True
152.6896 	EXP 	left: autoDraw = True
152.6896 	EXP 	right: autoDraw = True
152.6896 	EXP 	up: autoDraw = True
152.6896 	EXP 	down: autoDraw = True
152.7064 	EXP 	center: autoDraw = True
152.7064 	EXP 	left: autoDraw = True
152.7064 	EXP 	right: autoDraw = True
152.7064 	EXP 	up: autoDraw = True
152.7064 	EXP 	down: autoDraw = True
152.7229 	EXP 	center: autoDraw = True
152.7229 	EXP 	left: autoDraw = True
152.7229 	EXP 	right: autoDraw = True
152.7229 	EXP 	up: autoDraw = True
152.7229 	EXP 	down: autoDraw = True
152.7397 	EXP 	center: autoDraw = True
152.7397 	EXP 	left: autoDraw = True
152.7397 	EXP 	right: autoDraw = True
152.7397 	EXP 	up: autoDraw = True
152.7397 	EXP 	down: autoDraw = True
152.7565 	EXP 	center: autoDraw = True
152.7565 	EXP 	left: autoDraw = True
152.7565 	EXP 	right: autoDraw = True
152.7565 	EXP 	up: autoDraw = True
152.7565 	EXP 	down: autoDraw = True
152.7726 	EXP 	center: autoDraw = True
152.7726 	EXP 	left: autoDraw = True
152.7726 	EXP 	right: autoDraw = True
152.7726 	EXP 	up: autoDraw = True
152.7726 	EXP 	down: autoDraw = True
152.7897 	EXP 	center: autoDraw = True
152.7897 	EXP 	left: autoDraw = True
152.7897 	EXP 	right: autoDraw = True
152.7897 	EXP 	up: autoDraw = True
152.7897 	EXP 	down: autoDraw = True
152.8063 	EXP 	center: autoDraw = True
152.8063 	EXP 	left: autoDraw = True
152.8063 	EXP 	right: autoDraw = True
152.8063 	EXP 	up: autoDraw = True
152.8063 	EXP 	down: autoDraw = True
152.8229 	EXP 	center: autoDraw = True
152.8229 	EXP 	left: autoDraw = True
152.8229 	EXP 	right: autoDraw = True
152.8229 	EXP 	up: autoDraw = True
152.8229 	EXP 	down: autoDraw = True
152.8397 	EXP 	center: autoDraw = True
152.8397 	EXP 	left: autoDraw = True
152.8397 	EXP 	right: autoDraw = True
152.8397 	EXP 	up: autoDraw = True
152.8397 	EXP 	down: autoDraw = True
152.8565 	EXP 	center: autoDraw = True
152.8565 	EXP 	left: autoDraw = True
152.8565 	EXP 	right: autoDraw = True
152.8565 	EXP 	up: autoDraw = True
152.8565 	EXP 	down: autoDraw = True
152.8728 	EXP 	center: autoDraw = True
152.8728 	EXP 	left: autoDraw = True
152.8728 	EXP 	right: autoDraw = True
152.8728 	EXP 	up: autoDraw = True
152.8728 	EXP 	down: autoDraw = True
152.8896 	EXP 	center: autoDraw = True
152.8896 	EXP 	left: autoDraw = True
152.8896 	EXP 	right: autoDraw = True
152.8896 	EXP 	up: autoDraw = True
152.8896 	EXP 	down: autoDraw = True
152.9063 	EXP 	center: autoDraw = True
152.9063 	EXP 	left: autoDraw = True
152.9063 	EXP 	right: autoDraw = True
152.9063 	EXP 	up: autoDraw = True
152.9063 	EXP 	down: autoDraw = True
152.9230 	EXP 	center: autoDraw = True
152.9230 	EXP 	left: autoDraw = True
152.9230 	EXP 	right: autoDraw = True
152.9230 	EXP 	up: autoDraw = True
152.9230 	EXP 	down: autoDraw = True
152.9394 	EXP 	center: autoDraw = True
152.9394 	EXP 	left: autoDraw = True
152.9394 	EXP 	right: autoDraw = True
152.9394 	EXP 	up: autoDraw = True
152.9394 	EXP 	down: autoDraw = True
152.9562 	EXP 	center: autoDraw = True
152.9562 	EXP 	left: autoDraw = True
152.9562 	EXP 	right: autoDraw = True
152.9562 	EXP 	up: autoDraw = True
152.9562 	EXP 	down: autoDraw = True
152.9730 	EXP 	center: autoDraw = True
152.9730 	EXP 	left: autoDraw = True
152.9730 	EXP 	right: autoDraw = True
152.9730 	EXP 	up: autoDraw = True
152.9730 	EXP 	down: autoDraw = True
152.9897 	EXP 	center: autoDraw = True
152.9897 	EXP 	left: autoDraw = True
152.9897 	EXP 	right: autoDraw = True
152.9897 	EXP 	up: autoDraw = True
152.9897 	EXP 	down: autoDraw = True
153.0064 	EXP 	center: autoDraw = True
153.0064 	EXP 	left: autoDraw = True
153.0064 	EXP 	right: autoDraw = True
153.0064 	EXP 	up: autoDraw = True
153.0064 	EXP 	down: autoDraw = True
153.0229 	EXP 	center: autoDraw = True
153.0229 	EXP 	left: autoDraw = True
153.0229 	EXP 	right: autoDraw = True
153.0229 	EXP 	up: autoDraw = True
153.0229 	EXP 	down: autoDraw = True
153.0396 	EXP 	center: autoDraw = True
153.0396 	EXP 	left: autoDraw = True
153.0396 	EXP 	right: autoDraw = True
153.0396 	EXP 	up: autoDraw = True
153.0396 	EXP 	down: autoDraw = True
153.0565 	EXP 	center: autoDraw = True
153.0565 	EXP 	left: autoDraw = True
153.0565 	EXP 	right: autoDraw = True
153.0565 	EXP 	up: autoDraw = True
153.0565 	EXP 	down: autoDraw = True
153.0729 	EXP 	center: autoDraw = True
153.0729 	EXP 	left: autoDraw = True
153.0729 	EXP 	right: autoDraw = True
153.0729 	EXP 	up: autoDraw = True
153.0729 	EXP 	down: autoDraw = True
153.0897 	EXP 	center: autoDraw = True
153.0897 	EXP 	left: autoDraw = True
153.0897 	EXP 	right: autoDraw = True
153.0897 	EXP 	up: autoDraw = True
153.0897 	EXP 	down: autoDraw = True
153.1064 	EXP 	center: autoDraw = True
153.1064 	EXP 	left: autoDraw = True
153.1064 	EXP 	right: autoDraw = True
153.1064 	EXP 	up: autoDraw = True
153.1064 	EXP 	down: autoDraw = True
153.1232 	EXP 	center: autoDraw = True
153.1232 	EXP 	left: autoDraw = True
153.1232 	EXP 	right: autoDraw = True
153.1232 	EXP 	up: autoDraw = True
153.1232 	EXP 	down: autoDraw = True
153.1395 	EXP 	center: autoDraw = True
153.1395 	EXP 	left: autoDraw = True
153.1395 	EXP 	right: autoDraw = True
153.1395 	EXP 	up: autoDraw = True
153.1395 	EXP 	down: autoDraw = True
153.1562 	EXP 	center: autoDraw = True
153.1562 	EXP 	left: autoDraw = True
153.1562 	EXP 	right: autoDraw = True
153.1562 	EXP 	up: autoDraw = True
153.1562 	EXP 	down: autoDraw = True
153.1731 	EXP 	center: autoDraw = True
153.1731 	EXP 	left: autoDraw = True
153.1731 	EXP 	right: autoDraw = True
153.1731 	EXP 	up: autoDraw = True
153.1731 	EXP 	down: autoDraw = True
153.1895 	EXP 	center: autoDraw = True
153.1895 	EXP 	left: autoDraw = True
153.1895 	EXP 	right: autoDraw = True
153.1895 	EXP 	up: autoDraw = True
153.1895 	EXP 	down: autoDraw = True
153.2063 	EXP 	center: autoDraw = True
153.2063 	EXP 	left: autoDraw = True
153.2063 	EXP 	right: autoDraw = True
153.2063 	EXP 	up: autoDraw = True
153.2063 	EXP 	down: autoDraw = True
153.2230 	EXP 	center: autoDraw = True
153.2230 	EXP 	left: autoDraw = True
153.2230 	EXP 	right: autoDraw = True
153.2230 	EXP 	up: autoDraw = True
153.2230 	EXP 	down: autoDraw = True
153.2398 	EXP 	center: autoDraw = True
153.2398 	EXP 	left: autoDraw = True
153.2398 	EXP 	right: autoDraw = True
153.2398 	EXP 	up: autoDraw = True
153.2398 	EXP 	down: autoDraw = True
153.2561 	EXP 	center: autoDraw = True
153.2561 	EXP 	left: autoDraw = True
153.2561 	EXP 	right: autoDraw = True
153.2561 	EXP 	up: autoDraw = True
153.2561 	EXP 	down: autoDraw = True
153.2729 	EXP 	center: autoDraw = True
153.2729 	EXP 	left: autoDraw = True
153.2729 	EXP 	right: autoDraw = True
153.2729 	EXP 	up: autoDraw = True
153.2729 	EXP 	down: autoDraw = True
153.2895 	EXP 	center: autoDraw = True
153.2895 	EXP 	left: autoDraw = True
153.2895 	EXP 	right: autoDraw = True
153.2895 	EXP 	up: autoDraw = True
153.2895 	EXP 	down: autoDraw = True
153.3063 	EXP 	center: autoDraw = True
153.3063 	EXP 	left: autoDraw = True
153.3063 	EXP 	right: autoDraw = True
153.3063 	EXP 	up: autoDraw = True
153.3063 	EXP 	down: autoDraw = True
153.3224 	EXP 	center: autoDraw = True
153.3224 	EXP 	left: autoDraw = True
153.3224 	EXP 	right: autoDraw = True
153.3224 	EXP 	up: autoDraw = True
153.3224 	EXP 	down: autoDraw = True
153.3395 	EXP 	center: autoDraw = True
153.3395 	EXP 	left: autoDraw = True
153.3395 	EXP 	right: autoDraw = True
153.3395 	EXP 	up: autoDraw = True
153.3395 	EXP 	down: autoDraw = True
153.3565 	EXP 	center: autoDraw = True
153.3565 	EXP 	left: autoDraw = True
153.3565 	EXP 	right: autoDraw = True
153.3565 	EXP 	up: autoDraw = True
153.3565 	EXP 	down: autoDraw = True
153.3728 	EXP 	center: autoDraw = True
153.3728 	EXP 	left: autoDraw = True
153.3728 	EXP 	right: autoDraw = True
153.3728 	EXP 	up: autoDraw = True
153.3728 	EXP 	down: autoDraw = True
153.3896 	EXP 	center: autoDraw = True
153.3896 	EXP 	left: autoDraw = True
153.3896 	EXP 	right: autoDraw = True
153.3896 	EXP 	up: autoDraw = True
153.3896 	EXP 	down: autoDraw = True
153.4063 	EXP 	center: autoDraw = True
153.4063 	EXP 	left: autoDraw = True
153.4063 	EXP 	right: autoDraw = True
153.4063 	EXP 	up: autoDraw = True
153.4063 	EXP 	down: autoDraw = True
153.4230 	EXP 	center: autoDraw = True
153.4230 	EXP 	left: autoDraw = True
153.4230 	EXP 	right: autoDraw = True
153.4230 	EXP 	up: autoDraw = True
153.4230 	EXP 	down: autoDraw = True
153.4396 	EXP 	center: autoDraw = True
153.4396 	EXP 	left: autoDraw = True
153.4396 	EXP 	right: autoDraw = True
153.4396 	EXP 	up: autoDraw = True
153.4396 	EXP 	down: autoDraw = True
153.4563 	EXP 	center: autoDraw = True
153.4563 	EXP 	left: autoDraw = True
153.4563 	EXP 	right: autoDraw = True
153.4563 	EXP 	up: autoDraw = True
153.4563 	EXP 	down: autoDraw = True
153.4730 	EXP 	center: autoDraw = True
153.4730 	EXP 	left: autoDraw = True
153.4730 	EXP 	right: autoDraw = True
153.4730 	EXP 	up: autoDraw = True
153.4730 	EXP 	down: autoDraw = True
153.4897 	EXP 	center: autoDraw = True
153.4897 	EXP 	left: autoDraw = True
153.4897 	EXP 	right: autoDraw = True
153.4897 	EXP 	up: autoDraw = True
153.4897 	EXP 	down: autoDraw = True
153.5064 	EXP 	center: autoDraw = True
153.5064 	EXP 	left: autoDraw = True
153.5064 	EXP 	right: autoDraw = True
153.5064 	EXP 	up: autoDraw = True
153.5064 	EXP 	down: autoDraw = True
153.5228 	EXP 	center: autoDraw = True
153.5228 	EXP 	left: autoDraw = True
153.5228 	EXP 	right: autoDraw = True
153.5228 	EXP 	up: autoDraw = True
153.5228 	EXP 	down: autoDraw = True
153.5395 	EXP 	center: autoDraw = True
153.5395 	EXP 	left: autoDraw = True
153.5395 	EXP 	right: autoDraw = True
153.5395 	EXP 	up: autoDraw = True
153.5395 	EXP 	down: autoDraw = True
153.5563 	EXP 	center: autoDraw = True
153.5563 	EXP 	left: autoDraw = True
153.5563 	EXP 	right: autoDraw = True
153.5563 	EXP 	up: autoDraw = True
153.5563 	EXP 	down: autoDraw = True
153.5730 	EXP 	center: autoDraw = True
153.5730 	EXP 	left: autoDraw = True
153.5730 	EXP 	right: autoDraw = True
153.5730 	EXP 	up: autoDraw = True
153.5730 	EXP 	down: autoDraw = True
153.5893 	EXP 	center: autoDraw = True
153.5893 	EXP 	left: autoDraw = True
153.5893 	EXP 	right: autoDraw = True
153.5893 	EXP 	up: autoDraw = True
153.5893 	EXP 	down: autoDraw = True
153.6063 	EXP 	center: autoDraw = True
153.6063 	EXP 	left: autoDraw = True
153.6063 	EXP 	right: autoDraw = True
153.6063 	EXP 	up: autoDraw = True
153.6063 	EXP 	down: autoDraw = True
153.6231 	EXP 	center: autoDraw = True
153.6231 	EXP 	left: autoDraw = True
153.6231 	EXP 	right: autoDraw = True
153.6231 	EXP 	up: autoDraw = True
153.6231 	EXP 	down: autoDraw = True
153.6395 	EXP 	center: autoDraw = True
153.6395 	EXP 	left: autoDraw = True
153.6395 	EXP 	right: autoDraw = True
153.6395 	EXP 	up: autoDraw = True
153.6395 	EXP 	down: autoDraw = True
153.6562 	EXP 	center: autoDraw = True
153.6562 	EXP 	left: autoDraw = True
153.6562 	EXP 	right: autoDraw = True
153.6562 	EXP 	up: autoDraw = True
153.6562 	EXP 	down: autoDraw = True
153.6731 	EXP 	center: autoDraw = True
153.6731 	EXP 	left: autoDraw = True
153.6731 	EXP 	right: autoDraw = True
153.6731 	EXP 	up: autoDraw = True
153.6731 	EXP 	down: autoDraw = True
153.6895 	EXP 	center: autoDraw = True
153.6895 	EXP 	left: autoDraw = True
153.6895 	EXP 	right: autoDraw = True
153.6895 	EXP 	up: autoDraw = True
153.6895 	EXP 	down: autoDraw = True
153.7056 	EXP 	center: autoDraw = True
153.7056 	EXP 	left: autoDraw = True
153.7056 	EXP 	right: autoDraw = True
153.7056 	EXP 	up: autoDraw = True
153.7056 	EXP 	down: autoDraw = True
153.7227 	EXP 	center: autoDraw = True
153.7227 	EXP 	left: autoDraw = True
153.7227 	EXP 	right: autoDraw = True
153.7227 	EXP 	up: autoDraw = True
153.7227 	EXP 	down: autoDraw = True
153.7396 	EXP 	center: autoDraw = True
153.7396 	EXP 	left: autoDraw = True
153.7396 	EXP 	right: autoDraw = True
153.7396 	EXP 	up: autoDraw = True
153.7396 	EXP 	down: autoDraw = True
153.7563 	EXP 	center: autoDraw = True
153.7563 	EXP 	left: autoDraw = True
153.7563 	EXP 	right: autoDraw = True
153.7563 	EXP 	up: autoDraw = True
153.7563 	EXP 	down: autoDraw = True
153.7730 	EXP 	center: autoDraw = True
153.7730 	EXP 	left: autoDraw = True
153.7730 	EXP 	right: autoDraw = True
153.7730 	EXP 	up: autoDraw = True
153.7730 	EXP 	down: autoDraw = True
153.7895 	EXP 	center: autoDraw = True
153.7895 	EXP 	left: autoDraw = True
153.7895 	EXP 	right: autoDraw = True
153.7895 	EXP 	up: autoDraw = True
153.7895 	EXP 	down: autoDraw = True
153.8062 	EXP 	center: autoDraw = True
153.8062 	EXP 	left: autoDraw = True
153.8062 	EXP 	right: autoDraw = True
153.8062 	EXP 	up: autoDraw = True
153.8062 	EXP 	down: autoDraw = True
153.8229 	EXP 	center: autoDraw = True
153.8229 	EXP 	left: autoDraw = True
153.8229 	EXP 	right: autoDraw = True
153.8229 	EXP 	up: autoDraw = True
153.8229 	EXP 	down: autoDraw = True
153.8397 	EXP 	center: autoDraw = True
153.8397 	EXP 	left: autoDraw = True
153.8397 	EXP 	right: autoDraw = True
153.8397 	EXP 	up: autoDraw = True
153.8397 	EXP 	down: autoDraw = True
153.8562 	EXP 	center: autoDraw = True
153.8562 	EXP 	left: autoDraw = True
153.8562 	EXP 	right: autoDraw = True
153.8562 	EXP 	up: autoDraw = True
153.8562 	EXP 	down: autoDraw = True
153.8731 	EXP 	center: autoDraw = True
153.8731 	EXP 	left: autoDraw = True
153.8731 	EXP 	right: autoDraw = True
153.8731 	EXP 	up: autoDraw = True
153.8731 	EXP 	down: autoDraw = True
153.8894 	EXP 	center: autoDraw = True
153.8894 	EXP 	left: autoDraw = True
153.8894 	EXP 	right: autoDraw = True
153.8894 	EXP 	up: autoDraw = True
153.8894 	EXP 	down: autoDraw = True
153.9063 	EXP 	center: autoDraw = True
153.9063 	EXP 	left: autoDraw = True
153.9063 	EXP 	right: autoDraw = True
153.9063 	EXP 	up: autoDraw = True
153.9063 	EXP 	down: autoDraw = True
153.9229 	EXP 	center: autoDraw = True
153.9229 	EXP 	left: autoDraw = True
153.9229 	EXP 	right: autoDraw = True
153.9229 	EXP 	up: autoDraw = True
153.9229 	EXP 	down: autoDraw = True
153.9391 	EXP 	center: autoDraw = True
153.9391 	EXP 	left: autoDraw = True
153.9391 	EXP 	right: autoDraw = True
153.9391 	EXP 	up: autoDraw = True
153.9391 	EXP 	down: autoDraw = True
153.9561 	EXP 	center: autoDraw = True
153.9561 	EXP 	left: autoDraw = True
153.9561 	EXP 	right: autoDraw = True
153.9561 	EXP 	up: autoDraw = True
153.9561 	EXP 	down: autoDraw = True
153.9725 	EXP 	center: autoDraw = True
153.9725 	EXP 	left: autoDraw = True
153.9725 	EXP 	right: autoDraw = True
153.9725 	EXP 	up: autoDraw = True
153.9725 	EXP 	down: autoDraw = True
153.9895 	EXP 	center: autoDraw = True
153.9895 	EXP 	left: autoDraw = True
153.9895 	EXP 	right: autoDraw = True
153.9895 	EXP 	up: autoDraw = True
153.9895 	EXP 	down: autoDraw = True
154.0063 	EXP 	center: autoDraw = True
154.0063 	EXP 	left: autoDraw = True
154.0063 	EXP 	right: autoDraw = True
154.0063 	EXP 	up: autoDraw = True
154.0063 	EXP 	down: autoDraw = True
154.0228 	EXP 	center: autoDraw = True
154.0228 	EXP 	left: autoDraw = True
154.0228 	EXP 	right: autoDraw = True
154.0228 	EXP 	up: autoDraw = True
154.0228 	EXP 	down: autoDraw = True
154.0395 	EXP 	center: autoDraw = True
154.0395 	EXP 	left: autoDraw = True
154.0395 	EXP 	right: autoDraw = True
154.0395 	EXP 	up: autoDraw = True
154.0395 	EXP 	down: autoDraw = True
154.0563 	EXP 	center: autoDraw = True
154.0563 	EXP 	left: autoDraw = True
154.0563 	EXP 	right: autoDraw = True
154.0563 	EXP 	up: autoDraw = True
154.0563 	EXP 	down: autoDraw = True
154.0730 	EXP 	center: autoDraw = True
154.0730 	EXP 	left: autoDraw = True
154.0730 	EXP 	right: autoDraw = True
154.0730 	EXP 	up: autoDraw = True
154.0730 	EXP 	down: autoDraw = True
154.0897 	EXP 	center: autoDraw = True
154.0897 	EXP 	left: autoDraw = True
154.0897 	EXP 	right: autoDraw = True
154.0897 	EXP 	up: autoDraw = True
154.0897 	EXP 	down: autoDraw = True
154.1062 	EXP 	center: autoDraw = True
154.1062 	EXP 	left: autoDraw = True
154.1062 	EXP 	right: autoDraw = True
154.1062 	EXP 	up: autoDraw = True
154.1062 	EXP 	down: autoDraw = True
154.1230 	EXP 	center: autoDraw = True
154.1230 	EXP 	left: autoDraw = True
154.1230 	EXP 	right: autoDraw = True
154.1230 	EXP 	up: autoDraw = True
154.1230 	EXP 	down: autoDraw = True
154.1397 	EXP 	center: autoDraw = True
154.1397 	EXP 	left: autoDraw = True
154.1397 	EXP 	right: autoDraw = True
154.1397 	EXP 	up: autoDraw = True
154.1397 	EXP 	down: autoDraw = True
154.1561 	EXP 	center: autoDraw = True
154.1561 	EXP 	left: autoDraw = True
154.1561 	EXP 	right: autoDraw = True
154.1561 	EXP 	up: autoDraw = True
154.1561 	EXP 	down: autoDraw = True
154.1730 	EXP 	center: autoDraw = True
154.1730 	EXP 	left: autoDraw = True
154.1730 	EXP 	right: autoDraw = True
154.1730 	EXP 	up: autoDraw = True
154.1730 	EXP 	down: autoDraw = True
154.1894 	EXP 	center: autoDraw = True
154.1894 	EXP 	left: autoDraw = True
154.1894 	EXP 	right: autoDraw = True
154.1894 	EXP 	up: autoDraw = True
154.1894 	EXP 	down: autoDraw = True
154.2063 	EXP 	center: autoDraw = True
154.2063 	EXP 	left: autoDraw = True
154.2063 	EXP 	right: autoDraw = True
154.2063 	EXP 	up: autoDraw = True
154.2063 	EXP 	down: autoDraw = True
154.2230 	EXP 	center: autoDraw = True
154.2230 	EXP 	left: autoDraw = True
154.2230 	EXP 	right: autoDraw = True
154.2230 	EXP 	up: autoDraw = True
154.2230 	EXP 	down: autoDraw = True
154.2396 	EXP 	center: autoDraw = True
154.2396 	EXP 	left: autoDraw = True
154.2396 	EXP 	right: autoDraw = True
154.2396 	EXP 	up: autoDraw = True
154.2396 	EXP 	down: autoDraw = True
154.2564 	EXP 	center: autoDraw = True
154.2564 	EXP 	left: autoDraw = True
154.2564 	EXP 	right: autoDraw = True
154.2564 	EXP 	up: autoDraw = True
154.2564 	EXP 	down: autoDraw = True
154.2729 	EXP 	center: autoDraw = True
154.2729 	EXP 	left: autoDraw = True
154.2729 	EXP 	right: autoDraw = True
154.2729 	EXP 	up: autoDraw = True
154.2729 	EXP 	down: autoDraw = True
154.2896 	EXP 	center: autoDraw = True
154.2896 	EXP 	left: autoDraw = True
154.2896 	EXP 	right: autoDraw = True
154.2896 	EXP 	up: autoDraw = True
154.2896 	EXP 	down: autoDraw = True
154.3062 	EXP 	center: autoDraw = True
154.3062 	EXP 	left: autoDraw = True
154.3062 	EXP 	right: autoDraw = True
154.3062 	EXP 	up: autoDraw = True
154.3062 	EXP 	down: autoDraw = True
154.3227 	EXP 	center: autoDraw = True
154.3227 	EXP 	left: autoDraw = True
154.3227 	EXP 	right: autoDraw = True
154.3227 	EXP 	up: autoDraw = True
154.3227 	EXP 	down: autoDraw = True
154.3395 	EXP 	center: autoDraw = True
154.3395 	EXP 	left: autoDraw = True
154.3395 	EXP 	right: autoDraw = True
154.3395 	EXP 	up: autoDraw = True
154.3395 	EXP 	down: autoDraw = True
154.3557 	EXP 	center: autoDraw = True
154.3557 	EXP 	left: autoDraw = True
154.3557 	EXP 	right: autoDraw = True
154.3557 	EXP 	up: autoDraw = True
154.3557 	EXP 	down: autoDraw = True
154.3727 	EXP 	center: autoDraw = True
154.3727 	EXP 	left: autoDraw = True
154.3727 	EXP 	right: autoDraw = True
154.3727 	EXP 	up: autoDraw = True
154.3727 	EXP 	down: autoDraw = True
154.3895 	EXP 	center: autoDraw = True
154.3895 	EXP 	left: autoDraw = True
154.3895 	EXP 	right: autoDraw = True
154.3895 	EXP 	up: autoDraw = True
154.3895 	EXP 	down: autoDraw = True
154.4062 	EXP 	center: autoDraw = True
154.4062 	EXP 	left: autoDraw = True
154.4062 	EXP 	right: autoDraw = True
154.4062 	EXP 	up: autoDraw = True
154.4062 	EXP 	down: autoDraw = True
154.4230 	EXP 	center: autoDraw = True
154.4230 	EXP 	left: autoDraw = True
154.4230 	EXP 	right: autoDraw = True
154.4230 	EXP 	up: autoDraw = True
154.4230 	EXP 	down: autoDraw = True
154.4395 	EXP 	center: autoDraw = True
154.4395 	EXP 	left: autoDraw = True
154.4395 	EXP 	right: autoDraw = True
154.4395 	EXP 	up: autoDraw = True
154.4395 	EXP 	down: autoDraw = True
154.4564 	EXP 	center: autoDraw = True
154.4564 	EXP 	left: autoDraw = True
154.4564 	EXP 	right: autoDraw = True
154.4564 	EXP 	up: autoDraw = True
154.4564 	EXP 	down: autoDraw = True
154.4729 	EXP 	center: autoDraw = True
154.4729 	EXP 	left: autoDraw = True
154.4729 	EXP 	right: autoDraw = True
154.4729 	EXP 	up: autoDraw = True
154.4729 	EXP 	down: autoDraw = True
154.4897 	EXP 	center: autoDraw = True
154.4897 	EXP 	left: autoDraw = True
154.4897 	EXP 	right: autoDraw = True
154.4897 	EXP 	up: autoDraw = True
154.4897 	EXP 	down: autoDraw = True
154.5061 	EXP 	center: autoDraw = True
154.5061 	EXP 	left: autoDraw = True
154.5061 	EXP 	right: autoDraw = True
154.5061 	EXP 	up: autoDraw = True
154.5061 	EXP 	down: autoDraw = True
154.5229 	EXP 	center: autoDraw = True
154.5229 	EXP 	left: autoDraw = True
154.5229 	EXP 	right: autoDraw = True
154.5229 	EXP 	up: autoDraw = True
154.5229 	EXP 	down: autoDraw = True
154.5397 	EXP 	center: autoDraw = True
154.5397 	EXP 	left: autoDraw = True
154.5397 	EXP 	right: autoDraw = True
154.5397 	EXP 	up: autoDraw = True
154.5397 	EXP 	down: autoDraw = True
154.5561 	EXP 	center: autoDraw = True
154.5561 	EXP 	left: autoDraw = True
154.5561 	EXP 	right: autoDraw = True
154.5561 	EXP 	up: autoDraw = True
154.5561 	EXP 	down: autoDraw = True
154.5729 	EXP 	center: autoDraw = True
154.5729 	EXP 	left: autoDraw = True
154.5729 	EXP 	right: autoDraw = True
154.5729 	EXP 	up: autoDraw = True
154.5729 	EXP 	down: autoDraw = True
154.5893 	EXP 	center: autoDraw = True
154.5893 	EXP 	left: autoDraw = True
154.5893 	EXP 	right: autoDraw = True
154.5893 	EXP 	up: autoDraw = True
154.5893 	EXP 	down: autoDraw = True
154.6063 	EXP 	center: autoDraw = True
154.6063 	EXP 	left: autoDraw = True
154.6063 	EXP 	right: autoDraw = True
154.6063 	EXP 	up: autoDraw = True
154.6063 	EXP 	down: autoDraw = True
154.6227 	EXP 	center: autoDraw = True
154.6227 	EXP 	left: autoDraw = True
154.6227 	EXP 	right: autoDraw = True
154.6227 	EXP 	up: autoDraw = True
154.6227 	EXP 	down: autoDraw = True
154.6395 	EXP 	center: autoDraw = True
154.6395 	EXP 	left: autoDraw = True
154.6395 	EXP 	right: autoDraw = True
154.6395 	EXP 	up: autoDraw = True
154.6395 	EXP 	down: autoDraw = True
154.6562 	EXP 	center: autoDraw = True
154.6562 	EXP 	left: autoDraw = True
154.6562 	EXP 	right: autoDraw = True
154.6562 	EXP 	up: autoDraw = True
154.6562 	EXP 	down: autoDraw = True
154.6731 	EXP 	center: autoDraw = True
154.6731 	EXP 	left: autoDraw = True
154.6731 	EXP 	right: autoDraw = True
154.6731 	EXP 	up: autoDraw = True
154.6731 	EXP 	down: autoDraw = True
154.6895 	EXP 	center: autoDraw = True
154.6895 	EXP 	left: autoDraw = True
154.6895 	EXP 	right: autoDraw = True
154.6895 	EXP 	up: autoDraw = True
154.6895 	EXP 	down: autoDraw = True
154.7061 	EXP 	center: autoDraw = True
154.7061 	EXP 	left: autoDraw = True
154.7061 	EXP 	right: autoDraw = True
154.7061 	EXP 	up: autoDraw = True
154.7061 	EXP 	down: autoDraw = True
154.7229 	EXP 	center: autoDraw = True
154.7229 	EXP 	left: autoDraw = True
154.7229 	EXP 	right: autoDraw = True
154.7229 	EXP 	up: autoDraw = True
154.7229 	EXP 	down: autoDraw = True
154.7389 	EXP 	center: autoDraw = True
154.7389 	EXP 	left: autoDraw = True
154.7389 	EXP 	right: autoDraw = True
154.7389 	EXP 	up: autoDraw = True
154.7389 	EXP 	down: autoDraw = True
154.7562 	EXP 	center: autoDraw = True
154.7562 	EXP 	left: autoDraw = True
154.7562 	EXP 	right: autoDraw = True
154.7562 	EXP 	up: autoDraw = True
154.7562 	EXP 	down: autoDraw = True
154.7731 	EXP 	center: autoDraw = True
154.7731 	EXP 	left: autoDraw = True
154.7731 	EXP 	right: autoDraw = True
154.7731 	EXP 	up: autoDraw = True
154.7731 	EXP 	down: autoDraw = True
154.7894 	EXP 	center: autoDraw = True
154.7894 	EXP 	left: autoDraw = True
154.7894 	EXP 	right: autoDraw = True
154.7894 	EXP 	up: autoDraw = True
154.7894 	EXP 	down: autoDraw = True
154.8063 	EXP 	center: autoDraw = True
154.8063 	EXP 	left: autoDraw = True
154.8063 	EXP 	right: autoDraw = True
154.8063 	EXP 	up: autoDraw = True
154.8063 	EXP 	down: autoDraw = True
154.8227 	EXP 	center: autoDraw = True
154.8227 	EXP 	left: autoDraw = True
154.8227 	EXP 	right: autoDraw = True
154.8227 	EXP 	up: autoDraw = True
154.8227 	EXP 	down: autoDraw = True
154.8396 	EXP 	center: autoDraw = True
154.8396 	EXP 	left: autoDraw = True
154.8396 	EXP 	right: autoDraw = True
154.8396 	EXP 	up: autoDraw = True
154.8396 	EXP 	down: autoDraw = True
154.8561 	EXP 	center: autoDraw = True
154.8561 	EXP 	left: autoDraw = True
154.8561 	EXP 	right: autoDraw = True
154.8561 	EXP 	up: autoDraw = True
154.8561 	EXP 	down: autoDraw = True
154.8561 	EXP 	center: autoDraw = False
154.8561 	EXP 	left: autoDraw = False
154.8561 	EXP 	right: autoDraw = False
154.8561 	EXP 	up: autoDraw = False
154.8561 	EXP 	down: autoDraw = False
154.8726 	EXP 	center: autoDraw = True
154.8726 	EXP 	left: autoDraw = True
154.8726 	EXP 	right: autoDraw = True
154.8726 	EXP 	up: autoDraw = True
154.8726 	EXP 	down: autoDraw = True
154.8726 	EXP 	center: autoDraw = False
154.8726 	EXP 	left: autoDraw = False
154.8726 	EXP 	right: autoDraw = False
154.8726 	EXP 	up: autoDraw = False
154.8726 	EXP 	down: autoDraw = False
154.8895 	EXP 	center: autoDraw = True
154.8895 	EXP 	left: autoDraw = True
154.8895 	EXP 	right: autoDraw = True
154.8895 	EXP 	up: autoDraw = True
154.8895 	EXP 	down: autoDraw = True
154.8895 	EXP 	center: autoDraw = False
154.8895 	EXP 	left: autoDraw = False
154.8895 	EXP 	right: autoDraw = False
154.8895 	EXP 	up: autoDraw = False
154.8895 	EXP 	down: autoDraw = False
154.9063 	EXP 	center: autoDraw = True
154.9063 	EXP 	left: autoDraw = True
154.9063 	EXP 	right: autoDraw = True
154.9063 	EXP 	up: autoDraw = True
154.9063 	EXP 	down: autoDraw = True
154.9063 	EXP 	center: autoDraw = False
154.9063 	EXP 	left: autoDraw = False
154.9063 	EXP 	right: autoDraw = False
154.9063 	EXP 	up: autoDraw = False
154.9063 	EXP 	down: autoDraw = False
154.9229 	EXP 	center: autoDraw = True
154.9229 	EXP 	left: autoDraw = True
154.9229 	EXP 	right: autoDraw = True
154.9229 	EXP 	up: autoDraw = True
154.9229 	EXP 	down: autoDraw = True
154.9229 	EXP 	center: autoDraw = False
154.9229 	EXP 	left: autoDraw = False
154.9229 	EXP 	right: autoDraw = False
154.9229 	EXP 	up: autoDraw = False
154.9229 	EXP 	down: autoDraw = False
154.9395 	EXP 	center: autoDraw = True
154.9395 	EXP 	left: autoDraw = True
154.9395 	EXP 	right: autoDraw = True
154.9395 	EXP 	up: autoDraw = True
154.9395 	EXP 	down: autoDraw = True
154.9395 	EXP 	center: autoDraw = False
154.9395 	EXP 	left: autoDraw = False
154.9395 	EXP 	right: autoDraw = False
154.9395 	EXP 	up: autoDraw = False
154.9395 	EXP 	down: autoDraw = False
154.9561 	EXP 	center: autoDraw = True
154.9561 	EXP 	left: autoDraw = True
154.9561 	EXP 	right: autoDraw = True
154.9561 	EXP 	up: autoDraw = True
154.9561 	EXP 	down: autoDraw = True
154.9561 	EXP 	center: autoDraw = False
154.9561 	EXP 	left: autoDraw = False
154.9561 	EXP 	right: autoDraw = False
154.9561 	EXP 	up: autoDraw = False
154.9561 	EXP 	down: autoDraw = False
154.9726 	EXP 	center: autoDraw = True
154.9726 	EXP 	left: autoDraw = True
154.9726 	EXP 	right: autoDraw = True
154.9726 	EXP 	up: autoDraw = True
154.9726 	EXP 	down: autoDraw = True
154.9726 	EXP 	center: autoDraw = False
154.9726 	EXP 	left: autoDraw = False
154.9726 	EXP 	right: autoDraw = False
154.9726 	EXP 	up: autoDraw = False
154.9726 	EXP 	down: autoDraw = False
154.9896 	EXP 	center: autoDraw = True
154.9896 	EXP 	left: autoDraw = True
154.9896 	EXP 	right: autoDraw = True
154.9896 	EXP 	up: autoDraw = True
154.9896 	EXP 	down: autoDraw = True
154.9896 	EXP 	center: autoDraw = False
154.9896 	EXP 	left: autoDraw = False
154.9896 	EXP 	right: autoDraw = False
154.9896 	EXP 	up: autoDraw = False
154.9896 	EXP 	down: autoDraw = False
154.9936 	DATA 	bliE | frame count: 850
154.9974 	EXP 	Set  sound=./sound/blink_speak.wav
155.0084 	DATA 	bliS | frame count: -1
155.0226 	EXP 	center: autoDraw = True
155.0226 	EXP 	left: autoDraw = True
155.0226 	EXP 	right: autoDraw = True
155.0226 	EXP 	up: autoDraw = True
155.0226 	EXP 	down: autoDraw = True
155.0226 	EXP 	center: autoDraw = False
155.0226 	EXP 	left: autoDraw = False
155.0226 	EXP 	right: autoDraw = False
155.0226 	EXP 	up: autoDraw = False
155.0226 	EXP 	down: autoDraw = False
155.0395 	EXP 	center: autoDraw = True
155.0395 	EXP 	left: autoDraw = True
155.0395 	EXP 	right: autoDraw = True
155.0395 	EXP 	up: autoDraw = True
155.0395 	EXP 	down: autoDraw = True
155.0563 	EXP 	center: autoDraw = True
155.0563 	EXP 	left: autoDraw = True
155.0563 	EXP 	right: autoDraw = True
155.0563 	EXP 	up: autoDraw = True
155.0563 	EXP 	down: autoDraw = True
155.0727 	EXP 	center: autoDraw = True
155.0727 	EXP 	left: autoDraw = True
155.0727 	EXP 	right: autoDraw = True
155.0727 	EXP 	up: autoDraw = True
155.0727 	EXP 	down: autoDraw = True
155.0896 	EXP 	center: autoDraw = True
155.0896 	EXP 	left: autoDraw = True
155.0896 	EXP 	right: autoDraw = True
155.0896 	EXP 	up: autoDraw = True
155.0896 	EXP 	down: autoDraw = True
155.1060 	EXP 	center: autoDraw = True
155.1060 	EXP 	left: autoDraw = True
155.1060 	EXP 	right: autoDraw = True
155.1060 	EXP 	up: autoDraw = True
155.1060 	EXP 	down: autoDraw = True
155.1220 	EXP 	center: autoDraw = True
155.1220 	EXP 	left: autoDraw = True
155.1220 	EXP 	right: autoDraw = True
155.1220 	EXP 	up: autoDraw = True
155.1220 	EXP 	down: autoDraw = True
155.1393 	EXP 	center: autoDraw = True
155.1393 	EXP 	left: autoDraw = True
155.1393 	EXP 	right: autoDraw = True
155.1393 	EXP 	up: autoDraw = True
155.1393 	EXP 	down: autoDraw = True
155.1563 	EXP 	center: autoDraw = True
155.1563 	EXP 	left: autoDraw = True
155.1563 	EXP 	right: autoDraw = True
155.1563 	EXP 	up: autoDraw = True
155.1563 	EXP 	down: autoDraw = True
155.1727 	EXP 	center: autoDraw = True
155.1727 	EXP 	left: autoDraw = True
155.1727 	EXP 	right: autoDraw = True
155.1727 	EXP 	up: autoDraw = True
155.1727 	EXP 	down: autoDraw = True
155.1895 	EXP 	center: autoDraw = True
155.1895 	EXP 	left: autoDraw = True
155.1895 	EXP 	right: autoDraw = True
155.1895 	EXP 	up: autoDraw = True
155.1895 	EXP 	down: autoDraw = True
155.2061 	EXP 	center: autoDraw = True
155.2061 	EXP 	left: autoDraw = True
155.2061 	EXP 	right: autoDraw = True
155.2061 	EXP 	up: autoDraw = True
155.2061 	EXP 	down: autoDraw = True
155.2229 	EXP 	center: autoDraw = True
155.2229 	EXP 	left: autoDraw = True
155.2229 	EXP 	right: autoDraw = True
155.2229 	EXP 	up: autoDraw = True
155.2229 	EXP 	down: autoDraw = True
155.2393 	EXP 	center: autoDraw = True
155.2393 	EXP 	left: autoDraw = True
155.2393 	EXP 	right: autoDraw = True
155.2393 	EXP 	up: autoDraw = True
155.2393 	EXP 	down: autoDraw = True
155.2561 	EXP 	center: autoDraw = True
155.2561 	EXP 	left: autoDraw = True
155.2561 	EXP 	right: autoDraw = True
155.2561 	EXP 	up: autoDraw = True
155.2561 	EXP 	down: autoDraw = True
155.2728 	EXP 	center: autoDraw = True
155.2728 	EXP 	left: autoDraw = True
155.2728 	EXP 	right: autoDraw = True
155.2728 	EXP 	up: autoDraw = True
155.2728 	EXP 	down: autoDraw = True
155.2896 	EXP 	center: autoDraw = True
155.2896 	EXP 	left: autoDraw = True
155.2896 	EXP 	right: autoDraw = True
155.2896 	EXP 	up: autoDraw = True
155.2896 	EXP 	down: autoDraw = True
155.3061 	EXP 	center: autoDraw = True
155.3061 	EXP 	left: autoDraw = True
155.3061 	EXP 	right: autoDraw = True
155.3061 	EXP 	up: autoDraw = True
155.3061 	EXP 	down: autoDraw = True
155.3229 	EXP 	center: autoDraw = True
155.3229 	EXP 	left: autoDraw = True
155.3229 	EXP 	right: autoDraw = True
155.3229 	EXP 	up: autoDraw = True
155.3229 	EXP 	down: autoDraw = True
155.3395 	EXP 	center: autoDraw = True
155.3395 	EXP 	left: autoDraw = True
155.3395 	EXP 	right: autoDraw = True
155.3395 	EXP 	up: autoDraw = True
155.3395 	EXP 	down: autoDraw = True
155.3560 	EXP 	center: autoDraw = True
155.3560 	EXP 	left: autoDraw = True
155.3560 	EXP 	right: autoDraw = True
155.3560 	EXP 	up: autoDraw = True
155.3560 	EXP 	down: autoDraw = True
155.3728 	EXP 	center: autoDraw = True
155.3728 	EXP 	left: autoDraw = True
155.3728 	EXP 	right: autoDraw = True
155.3728 	EXP 	up: autoDraw = True
155.3728 	EXP 	down: autoDraw = True
155.3890 	EXP 	center: autoDraw = True
155.3890 	EXP 	left: autoDraw = True
155.3890 	EXP 	right: autoDraw = True
155.3890 	EXP 	up: autoDraw = True
155.3890 	EXP 	down: autoDraw = True
155.4060 	EXP 	center: autoDraw = True
155.4060 	EXP 	left: autoDraw = True
155.4060 	EXP 	right: autoDraw = True
155.4060 	EXP 	up: autoDraw = True
155.4060 	EXP 	down: autoDraw = True
155.4229 	EXP 	center: autoDraw = True
155.4229 	EXP 	left: autoDraw = True
155.4229 	EXP 	right: autoDraw = True
155.4229 	EXP 	up: autoDraw = True
155.4229 	EXP 	down: autoDraw = True
155.4393 	EXP 	center: autoDraw = True
155.4393 	EXP 	left: autoDraw = True
155.4393 	EXP 	right: autoDraw = True
155.4393 	EXP 	up: autoDraw = True
155.4393 	EXP 	down: autoDraw = True
155.4561 	EXP 	center: autoDraw = True
155.4561 	EXP 	left: autoDraw = True
155.4561 	EXP 	right: autoDraw = True
155.4561 	EXP 	up: autoDraw = True
155.4561 	EXP 	down: autoDraw = True
155.4727 	EXP 	center: autoDraw = True
155.4727 	EXP 	left: autoDraw = True
155.4727 	EXP 	right: autoDraw = True
155.4727 	EXP 	up: autoDraw = True
155.4727 	EXP 	down: autoDraw = True
155.4897 	EXP 	center: autoDraw = True
155.4897 	EXP 	left: autoDraw = True
155.4897 	EXP 	right: autoDraw = True
155.4897 	EXP 	up: autoDraw = True
155.4897 	EXP 	down: autoDraw = True
155.5062 	EXP 	center: autoDraw = True
155.5062 	EXP 	left: autoDraw = True
155.5062 	EXP 	right: autoDraw = True
155.5062 	EXP 	up: autoDraw = True
155.5062 	EXP 	down: autoDraw = True
155.5229 	EXP 	center: autoDraw = True
155.5229 	EXP 	left: autoDraw = True
155.5229 	EXP 	right: autoDraw = True
155.5229 	EXP 	up: autoDraw = True
155.5229 	EXP 	down: autoDraw = True
155.5394 	EXP 	center: autoDraw = True
155.5394 	EXP 	left: autoDraw = True
155.5394 	EXP 	right: autoDraw = True
155.5394 	EXP 	up: autoDraw = True
155.5394 	EXP 	down: autoDraw = True
155.5561 	EXP 	center: autoDraw = True
155.5561 	EXP 	left: autoDraw = True
155.5561 	EXP 	right: autoDraw = True
155.5561 	EXP 	up: autoDraw = True
155.5561 	EXP 	down: autoDraw = True
155.5729 	EXP 	center: autoDraw = True
155.5729 	EXP 	left: autoDraw = True
155.5729 	EXP 	right: autoDraw = True
155.5729 	EXP 	up: autoDraw = True
155.5729 	EXP 	down: autoDraw = True
155.5895 	EXP 	center: autoDraw = True
155.5895 	EXP 	left: autoDraw = True
155.5895 	EXP 	right: autoDraw = True
155.5895 	EXP 	up: autoDraw = True
155.5895 	EXP 	down: autoDraw = True
155.6062 	EXP 	center: autoDraw = True
155.6062 	EXP 	left: autoDraw = True
155.6062 	EXP 	right: autoDraw = True
155.6062 	EXP 	up: autoDraw = True
155.6062 	EXP 	down: autoDraw = True
155.6224 	EXP 	center: autoDraw = True
155.6224 	EXP 	left: autoDraw = True
155.6224 	EXP 	right: autoDraw = True
155.6224 	EXP 	up: autoDraw = True
155.6224 	EXP 	down: autoDraw = True
155.6394 	EXP 	center: autoDraw = True
155.6394 	EXP 	left: autoDraw = True
155.6394 	EXP 	right: autoDraw = True
155.6394 	EXP 	up: autoDraw = True
155.6394 	EXP 	down: autoDraw = True
155.6560 	EXP 	center: autoDraw = True
155.6560 	EXP 	left: autoDraw = True
155.6560 	EXP 	right: autoDraw = True
155.6560 	EXP 	up: autoDraw = True
155.6560 	EXP 	down: autoDraw = True
155.6728 	EXP 	center: autoDraw = True
155.6728 	EXP 	left: autoDraw = True
155.6728 	EXP 	right: autoDraw = True
155.6728 	EXP 	up: autoDraw = True
155.6728 	EXP 	down: autoDraw = True
155.6894 	EXP 	center: autoDraw = True
155.6894 	EXP 	left: autoDraw = True
155.6894 	EXP 	right: autoDraw = True
155.6894 	EXP 	up: autoDraw = True
155.6894 	EXP 	down: autoDraw = True
155.7061 	EXP 	center: autoDraw = True
155.7061 	EXP 	left: autoDraw = True
155.7061 	EXP 	right: autoDraw = True
155.7061 	EXP 	up: autoDraw = True
155.7061 	EXP 	down: autoDraw = True
155.7229 	EXP 	center: autoDraw = True
155.7229 	EXP 	left: autoDraw = True
155.7229 	EXP 	right: autoDraw = True
155.7229 	EXP 	up: autoDraw = True
155.7229 	EXP 	down: autoDraw = True
155.7393 	EXP 	center: autoDraw = True
155.7393 	EXP 	left: autoDraw = True
155.7393 	EXP 	right: autoDraw = True
155.7393 	EXP 	up: autoDraw = True
155.7393 	EXP 	down: autoDraw = True
155.7562 	EXP 	center: autoDraw = True
155.7562 	EXP 	left: autoDraw = True
155.7562 	EXP 	right: autoDraw = True
155.7562 	EXP 	up: autoDraw = True
155.7562 	EXP 	down: autoDraw = True
155.7721 	EXP 	center: autoDraw = True
155.7721 	EXP 	left: autoDraw = True
155.7721 	EXP 	right: autoDraw = True
155.7721 	EXP 	up: autoDraw = True
155.7721 	EXP 	down: autoDraw = True
155.7893 	EXP 	center: autoDraw = True
155.7893 	EXP 	left: autoDraw = True
155.7893 	EXP 	right: autoDraw = True
155.7893 	EXP 	up: autoDraw = True
155.7893 	EXP 	down: autoDraw = True
155.8062 	EXP 	center: autoDraw = True
155.8062 	EXP 	left: autoDraw = True
155.8062 	EXP 	right: autoDraw = True
155.8062 	EXP 	up: autoDraw = True
155.8062 	EXP 	down: autoDraw = True
155.8226 	EXP 	center: autoDraw = True
155.8226 	EXP 	left: autoDraw = True
155.8226 	EXP 	right: autoDraw = True
155.8226 	EXP 	up: autoDraw = True
155.8226 	EXP 	down: autoDraw = True
155.8395 	EXP 	center: autoDraw = True
155.8395 	EXP 	left: autoDraw = True
155.8395 	EXP 	right: autoDraw = True
155.8395 	EXP 	up: autoDraw = True
155.8395 	EXP 	down: autoDraw = True
155.8559 	EXP 	center: autoDraw = True
155.8559 	EXP 	left: autoDraw = True
155.8559 	EXP 	right: autoDraw = True
155.8559 	EXP 	up: autoDraw = True
155.8559 	EXP 	down: autoDraw = True
155.8727 	EXP 	center: autoDraw = True
155.8727 	EXP 	left: autoDraw = True
155.8727 	EXP 	right: autoDraw = True
155.8727 	EXP 	up: autoDraw = True
155.8727 	EXP 	down: autoDraw = True
155.8896 	EXP 	center: autoDraw = True
155.8896 	EXP 	left: autoDraw = True
155.8896 	EXP 	right: autoDraw = True
155.8896 	EXP 	up: autoDraw = True
155.8896 	EXP 	down: autoDraw = True
155.9060 	EXP 	center: autoDraw = True
155.9060 	EXP 	left: autoDraw = True
155.9060 	EXP 	right: autoDraw = True
155.9060 	EXP 	up: autoDraw = True
155.9060 	EXP 	down: autoDraw = True
155.9227 	EXP 	center: autoDraw = True
155.9227 	EXP 	left: autoDraw = True
155.9227 	EXP 	right: autoDraw = True
155.9227 	EXP 	up: autoDraw = True
155.9227 	EXP 	down: autoDraw = True
155.9394 	EXP 	center: autoDraw = True
155.9394 	EXP 	left: autoDraw = True
155.9394 	EXP 	right: autoDraw = True
155.9394 	EXP 	up: autoDraw = True
155.9394 	EXP 	down: autoDraw = True
155.9562 	EXP 	center: autoDraw = True
155.9562 	EXP 	left: autoDraw = True
155.9562 	EXP 	right: autoDraw = True
155.9562 	EXP 	up: autoDraw = True
155.9562 	EXP 	down: autoDraw = True
155.9726 	EXP 	center: autoDraw = True
155.9726 	EXP 	left: autoDraw = True
155.9726 	EXP 	right: autoDraw = True
155.9726 	EXP 	up: autoDraw = True
155.9726 	EXP 	down: autoDraw = True
155.9894 	EXP 	center: autoDraw = True
155.9894 	EXP 	left: autoDraw = True
155.9894 	EXP 	right: autoDraw = True
155.9894 	EXP 	up: autoDraw = True
155.9894 	EXP 	down: autoDraw = True
156.0062 	EXP 	center: autoDraw = True
156.0062 	EXP 	left: autoDraw = True
156.0062 	EXP 	right: autoDraw = True
156.0062 	EXP 	up: autoDraw = True
156.0062 	EXP 	down: autoDraw = True
156.0226 	EXP 	center: autoDraw = True
156.0226 	EXP 	left: autoDraw = True
156.0226 	EXP 	right: autoDraw = True
156.0226 	EXP 	up: autoDraw = True
156.0226 	EXP 	down: autoDraw = True
156.0391 	EXP 	center: autoDraw = True
156.0391 	EXP 	left: autoDraw = True
156.0391 	EXP 	right: autoDraw = True
156.0391 	EXP 	up: autoDraw = True
156.0391 	EXP 	down: autoDraw = True
156.0562 	EXP 	center: autoDraw = True
156.0562 	EXP 	left: autoDraw = True
156.0562 	EXP 	right: autoDraw = True
156.0562 	EXP 	up: autoDraw = True
156.0562 	EXP 	down: autoDraw = True
156.0725 	EXP 	center: autoDraw = True
156.0725 	EXP 	left: autoDraw = True
156.0725 	EXP 	right: autoDraw = True
156.0725 	EXP 	up: autoDraw = True
156.0725 	EXP 	down: autoDraw = True
156.0894 	EXP 	center: autoDraw = True
156.0894 	EXP 	left: autoDraw = True
156.0894 	EXP 	right: autoDraw = True
156.0894 	EXP 	up: autoDraw = True
156.0894 	EXP 	down: autoDraw = True
156.1061 	EXP 	center: autoDraw = True
156.1061 	EXP 	left: autoDraw = True
156.1061 	EXP 	right: autoDraw = True
156.1061 	EXP 	up: autoDraw = True
156.1061 	EXP 	down: autoDraw = True
156.1226 	EXP 	center: autoDraw = True
156.1226 	EXP 	left: autoDraw = True
156.1226 	EXP 	right: autoDraw = True
156.1226 	EXP 	up: autoDraw = True
156.1226 	EXP 	down: autoDraw = True
156.1395 	EXP 	center: autoDraw = True
156.1395 	EXP 	left: autoDraw = True
156.1395 	EXP 	right: autoDraw = True
156.1395 	EXP 	up: autoDraw = True
156.1395 	EXP 	down: autoDraw = True
156.1565 	EXP 	center: autoDraw = True
156.1565 	EXP 	left: autoDraw = True
156.1565 	EXP 	right: autoDraw = True
156.1565 	EXP 	up: autoDraw = True
156.1565 	EXP 	down: autoDraw = True
156.1726 	EXP 	center: autoDraw = True
156.1726 	EXP 	left: autoDraw = True
156.1726 	EXP 	right: autoDraw = True
156.1726 	EXP 	up: autoDraw = True
156.1726 	EXP 	down: autoDraw = True
156.1894 	EXP 	center: autoDraw = True
156.1894 	EXP 	left: autoDraw = True
156.1894 	EXP 	right: autoDraw = True
156.1894 	EXP 	up: autoDraw = True
156.1894 	EXP 	down: autoDraw = True
156.2062 	EXP 	center: autoDraw = True
156.2062 	EXP 	left: autoDraw = True
156.2062 	EXP 	right: autoDraw = True
156.2062 	EXP 	up: autoDraw = True
156.2062 	EXP 	down: autoDraw = True
156.2226 	EXP 	center: autoDraw = True
156.2226 	EXP 	left: autoDraw = True
156.2226 	EXP 	right: autoDraw = True
156.2226 	EXP 	up: autoDraw = True
156.2226 	EXP 	down: autoDraw = True
156.2395 	EXP 	center: autoDraw = True
156.2395 	EXP 	left: autoDraw = True
156.2395 	EXP 	right: autoDraw = True
156.2395 	EXP 	up: autoDraw = True
156.2395 	EXP 	down: autoDraw = True
156.2562 	EXP 	center: autoDraw = True
156.2562 	EXP 	left: autoDraw = True
156.2562 	EXP 	right: autoDraw = True
156.2562 	EXP 	up: autoDraw = True
156.2562 	EXP 	down: autoDraw = True
156.2725 	EXP 	center: autoDraw = True
156.2725 	EXP 	left: autoDraw = True
156.2725 	EXP 	right: autoDraw = True
156.2725 	EXP 	up: autoDraw = True
156.2725 	EXP 	down: autoDraw = True
156.2896 	EXP 	center: autoDraw = True
156.2896 	EXP 	left: autoDraw = True
156.2896 	EXP 	right: autoDraw = True
156.2896 	EXP 	up: autoDraw = True
156.2896 	EXP 	down: autoDraw = True
156.3060 	EXP 	center: autoDraw = True
156.3060 	EXP 	left: autoDraw = True
156.3060 	EXP 	right: autoDraw = True
156.3060 	EXP 	up: autoDraw = True
156.3060 	EXP 	down: autoDraw = True
156.3227 	EXP 	center: autoDraw = True
156.3227 	EXP 	left: autoDraw = True
156.3227 	EXP 	right: autoDraw = True
156.3227 	EXP 	up: autoDraw = True
156.3227 	EXP 	down: autoDraw = True
156.3395 	EXP 	center: autoDraw = True
156.3395 	EXP 	left: autoDraw = True
156.3395 	EXP 	right: autoDraw = True
156.3395 	EXP 	up: autoDraw = True
156.3395 	EXP 	down: autoDraw = True
156.3562 	EXP 	center: autoDraw = True
156.3562 	EXP 	left: autoDraw = True
156.3562 	EXP 	right: autoDraw = True
156.3562 	EXP 	up: autoDraw = True
156.3562 	EXP 	down: autoDraw = True
156.3727 	EXP 	center: autoDraw = True
156.3727 	EXP 	left: autoDraw = True
156.3727 	EXP 	right: autoDraw = True
156.3727 	EXP 	up: autoDraw = True
156.3727 	EXP 	down: autoDraw = True
156.3894 	EXP 	center: autoDraw = True
156.3894 	EXP 	left: autoDraw = True
156.3894 	EXP 	right: autoDraw = True
156.3894 	EXP 	up: autoDraw = True
156.3894 	EXP 	down: autoDraw = True
156.4060 	EXP 	center: autoDraw = True
156.4060 	EXP 	left: autoDraw = True
156.4060 	EXP 	right: autoDraw = True
156.4060 	EXP 	up: autoDraw = True
156.4060 	EXP 	down: autoDraw = True
156.4222 	EXP 	center: autoDraw = True
156.4222 	EXP 	left: autoDraw = True
156.4222 	EXP 	right: autoDraw = True
156.4222 	EXP 	up: autoDraw = True
156.4222 	EXP 	down: autoDraw = True
156.4392 	EXP 	center: autoDraw = True
156.4392 	EXP 	left: autoDraw = True
156.4392 	EXP 	right: autoDraw = True
156.4392 	EXP 	up: autoDraw = True
156.4392 	EXP 	down: autoDraw = True
156.4563 	EXP 	center: autoDraw = True
156.4563 	EXP 	left: autoDraw = True
156.4563 	EXP 	right: autoDraw = True
156.4563 	EXP 	up: autoDraw = True
156.4563 	EXP 	down: autoDraw = True
156.4727 	EXP 	center: autoDraw = True
156.4727 	EXP 	left: autoDraw = True
156.4727 	EXP 	right: autoDraw = True
156.4727 	EXP 	up: autoDraw = True
156.4727 	EXP 	down: autoDraw = True
156.4896 	EXP 	center: autoDraw = True
156.4896 	EXP 	left: autoDraw = True
156.4896 	EXP 	right: autoDraw = True
156.4896 	EXP 	up: autoDraw = True
156.4896 	EXP 	down: autoDraw = True
156.5059 	EXP 	center: autoDraw = True
156.5059 	EXP 	left: autoDraw = True
156.5059 	EXP 	right: autoDraw = True
156.5059 	EXP 	up: autoDraw = True
156.5059 	EXP 	down: autoDraw = True
156.5226 	EXP 	center: autoDraw = True
156.5226 	EXP 	left: autoDraw = True
156.5226 	EXP 	right: autoDraw = True
156.5226 	EXP 	up: autoDraw = True
156.5226 	EXP 	down: autoDraw = True
156.5395 	EXP 	center: autoDraw = True
156.5395 	EXP 	left: autoDraw = True
156.5395 	EXP 	right: autoDraw = True
156.5395 	EXP 	up: autoDraw = True
156.5395 	EXP 	down: autoDraw = True
156.5559 	EXP 	center: autoDraw = True
156.5559 	EXP 	left: autoDraw = True
156.5559 	EXP 	right: autoDraw = True
156.5559 	EXP 	up: autoDraw = True
156.5559 	EXP 	down: autoDraw = True
156.5726 	EXP 	center: autoDraw = True
156.5726 	EXP 	left: autoDraw = True
156.5726 	EXP 	right: autoDraw = True
156.5726 	EXP 	up: autoDraw = True
156.5726 	EXP 	down: autoDraw = True
156.5894 	EXP 	center: autoDraw = True
156.5894 	EXP 	left: autoDraw = True
156.5894 	EXP 	right: autoDraw = True
156.5894 	EXP 	up: autoDraw = True
156.5894 	EXP 	down: autoDraw = True
156.6061 	EXP 	center: autoDraw = True
156.6061 	EXP 	left: autoDraw = True
156.6061 	EXP 	right: autoDraw = True
156.6061 	EXP 	up: autoDraw = True
156.6061 	EXP 	down: autoDraw = True
156.6229 	EXP 	center: autoDraw = True
156.6229 	EXP 	left: autoDraw = True
156.6229 	EXP 	right: autoDraw = True
156.6229 	EXP 	up: autoDraw = True
156.6229 	EXP 	down: autoDraw = True
156.6392 	EXP 	center: autoDraw = True
156.6392 	EXP 	left: autoDraw = True
156.6392 	EXP 	right: autoDraw = True
156.6392 	EXP 	up: autoDraw = True
156.6392 	EXP 	down: autoDraw = True
156.6562 	EXP 	center: autoDraw = True
156.6562 	EXP 	left: autoDraw = True
156.6562 	EXP 	right: autoDraw = True
156.6562 	EXP 	up: autoDraw = True
156.6562 	EXP 	down: autoDraw = True
156.6726 	EXP 	center: autoDraw = True
156.6726 	EXP 	left: autoDraw = True
156.6726 	EXP 	right: autoDraw = True
156.6726 	EXP 	up: autoDraw = True
156.6726 	EXP 	down: autoDraw = True
156.6892 	EXP 	center: autoDraw = True
156.6892 	EXP 	left: autoDraw = True
156.6892 	EXP 	right: autoDraw = True
156.6892 	EXP 	up: autoDraw = True
156.6892 	EXP 	down: autoDraw = True
156.7060 	EXP 	center: autoDraw = True
156.7060 	EXP 	left: autoDraw = True
156.7060 	EXP 	right: autoDraw = True
156.7060 	EXP 	up: autoDraw = True
156.7060 	EXP 	down: autoDraw = True
156.7229 	EXP 	center: autoDraw = True
156.7229 	EXP 	left: autoDraw = True
156.7229 	EXP 	right: autoDraw = True
156.7229 	EXP 	up: autoDraw = True
156.7229 	EXP 	down: autoDraw = True
156.7392 	EXP 	center: autoDraw = True
156.7392 	EXP 	left: autoDraw = True
156.7392 	EXP 	right: autoDraw = True
156.7392 	EXP 	up: autoDraw = True
156.7392 	EXP 	down: autoDraw = True
156.7561 	EXP 	center: autoDraw = True
156.7561 	EXP 	left: autoDraw = True
156.7561 	EXP 	right: autoDraw = True
156.7561 	EXP 	up: autoDraw = True
156.7561 	EXP 	down: autoDraw = True
156.7726 	EXP 	center: autoDraw = True
156.7726 	EXP 	left: autoDraw = True
156.7726 	EXP 	right: autoDraw = True
156.7726 	EXP 	up: autoDraw = True
156.7726 	EXP 	down: autoDraw = True
156.7893 	EXP 	center: autoDraw = True
156.7893 	EXP 	left: autoDraw = True
156.7893 	EXP 	right: autoDraw = True
156.7893 	EXP 	up: autoDraw = True
156.7893 	EXP 	down: autoDraw = True
156.8054 	EXP 	center: autoDraw = True
156.8054 	EXP 	left: autoDraw = True
156.8054 	EXP 	right: autoDraw = True
156.8054 	EXP 	up: autoDraw = True
156.8054 	EXP 	down: autoDraw = True
156.8226 	EXP 	center: autoDraw = True
156.8226 	EXP 	left: autoDraw = True
156.8226 	EXP 	right: autoDraw = True
156.8226 	EXP 	up: autoDraw = True
156.8226 	EXP 	down: autoDraw = True
156.8395 	EXP 	center: autoDraw = True
156.8395 	EXP 	left: autoDraw = True
156.8395 	EXP 	right: autoDraw = True
156.8395 	EXP 	up: autoDraw = True
156.8395 	EXP 	down: autoDraw = True
156.8562 	EXP 	center: autoDraw = True
156.8562 	EXP 	left: autoDraw = True
156.8562 	EXP 	right: autoDraw = True
156.8562 	EXP 	up: autoDraw = True
156.8562 	EXP 	down: autoDraw = True
156.8726 	EXP 	center: autoDraw = True
156.8726 	EXP 	left: autoDraw = True
156.8726 	EXP 	right: autoDraw = True
156.8726 	EXP 	up: autoDraw = True
156.8726 	EXP 	down: autoDraw = True
156.8894 	EXP 	center: autoDraw = True
156.8894 	EXP 	left: autoDraw = True
156.8894 	EXP 	right: autoDraw = True
156.8894 	EXP 	up: autoDraw = True
156.8894 	EXP 	down: autoDraw = True
156.9062 	EXP 	center: autoDraw = True
156.9062 	EXP 	left: autoDraw = True
156.9062 	EXP 	right: autoDraw = True
156.9062 	EXP 	up: autoDraw = True
156.9062 	EXP 	down: autoDraw = True
156.9227 	EXP 	center: autoDraw = True
156.9227 	EXP 	left: autoDraw = True
156.9227 	EXP 	right: autoDraw = True
156.9227 	EXP 	up: autoDraw = True
156.9227 	EXP 	down: autoDraw = True
156.9394 	EXP 	center: autoDraw = True
156.9394 	EXP 	left: autoDraw = True
156.9394 	EXP 	right: autoDraw = True
156.9394 	EXP 	up: autoDraw = True
156.9394 	EXP 	down: autoDraw = True
156.9561 	EXP 	center: autoDraw = True
156.9561 	EXP 	left: autoDraw = True
156.9561 	EXP 	right: autoDraw = True
156.9561 	EXP 	up: autoDraw = True
156.9561 	EXP 	down: autoDraw = True
156.9728 	EXP 	center: autoDraw = True
156.9728 	EXP 	left: autoDraw = True
156.9728 	EXP 	right: autoDraw = True
156.9728 	EXP 	up: autoDraw = True
156.9728 	EXP 	down: autoDraw = True
156.9892 	EXP 	center: autoDraw = True
156.9892 	EXP 	left: autoDraw = True
156.9892 	EXP 	right: autoDraw = True
156.9892 	EXP 	up: autoDraw = True
156.9892 	EXP 	down: autoDraw = True
157.0060 	EXP 	center: autoDraw = True
157.0060 	EXP 	left: autoDraw = True
157.0060 	EXP 	right: autoDraw = True
157.0060 	EXP 	up: autoDraw = True
157.0060 	EXP 	down: autoDraw = True
157.0061 	EXP 	Sound  started
157.0096 	DATA 	sbli | frame count: 120
157.0226 	EXP 	center: autoDraw = True
157.0226 	EXP 	left: autoDraw = True
157.0226 	EXP 	right: autoDraw = True
157.0226 	EXP 	up: autoDraw = True
157.0226 	EXP 	down: autoDraw = True
157.0395 	EXP 	center: autoDraw = True
157.0395 	EXP 	left: autoDraw = True
157.0395 	EXP 	right: autoDraw = True
157.0395 	EXP 	up: autoDraw = True
157.0395 	EXP 	down: autoDraw = True
157.0558 	EXP 	center: autoDraw = True
157.0558 	EXP 	left: autoDraw = True
157.0558 	EXP 	right: autoDraw = True
157.0558 	EXP 	up: autoDraw = True
157.0558 	EXP 	down: autoDraw = True
157.0723 	EXP 	center: autoDraw = True
157.0723 	EXP 	left: autoDraw = True
157.0723 	EXP 	right: autoDraw = True
157.0723 	EXP 	up: autoDraw = True
157.0723 	EXP 	down: autoDraw = True
157.0893 	EXP 	center: autoDraw = True
157.0893 	EXP 	left: autoDraw = True
157.0893 	EXP 	right: autoDraw = True
157.0893 	EXP 	up: autoDraw = True
157.0893 	EXP 	down: autoDraw = True
157.1060 	EXP 	center: autoDraw = True
157.1060 	EXP 	left: autoDraw = True
157.1060 	EXP 	right: autoDraw = True
157.1060 	EXP 	up: autoDraw = True
157.1060 	EXP 	down: autoDraw = True
157.1227 	EXP 	center: autoDraw = True
157.1227 	EXP 	left: autoDraw = True
157.1227 	EXP 	right: autoDraw = True
157.1227 	EXP 	up: autoDraw = True
157.1227 	EXP 	down: autoDraw = True
157.1395 	EXP 	center: autoDraw = True
157.1395 	EXP 	left: autoDraw = True
157.1395 	EXP 	right: autoDraw = True
157.1395 	EXP 	up: autoDraw = True
157.1395 	EXP 	down: autoDraw = True
157.1559 	EXP 	center: autoDraw = True
157.1559 	EXP 	left: autoDraw = True
157.1559 	EXP 	right: autoDraw = True
157.1559 	EXP 	up: autoDraw = True
157.1559 	EXP 	down: autoDraw = True
157.1727 	EXP 	center: autoDraw = True
157.1727 	EXP 	left: autoDraw = True
157.1727 	EXP 	right: autoDraw = True
157.1727 	EXP 	up: autoDraw = True
157.1727 	EXP 	down: autoDraw = True
157.1886 	EXP 	center: autoDraw = True
157.1886 	EXP 	left: autoDraw = True
157.1886 	EXP 	right: autoDraw = True
157.1886 	EXP 	up: autoDraw = True
157.1886 	EXP 	down: autoDraw = True
157.2058 	EXP 	center: autoDraw = True
157.2058 	EXP 	left: autoDraw = True
157.2058 	EXP 	right: autoDraw = True
157.2058 	EXP 	up: autoDraw = True
157.2058 	EXP 	down: autoDraw = True
157.2226 	EXP 	center: autoDraw = True
157.2226 	EXP 	left: autoDraw = True
157.2226 	EXP 	right: autoDraw = True
157.2226 	EXP 	up: autoDraw = True
157.2226 	EXP 	down: autoDraw = True
157.2393 	EXP 	center: autoDraw = True
157.2393 	EXP 	left: autoDraw = True
157.2393 	EXP 	right: autoDraw = True
157.2393 	EXP 	up: autoDraw = True
157.2393 	EXP 	down: autoDraw = True
157.2561 	EXP 	center: autoDraw = True
157.2561 	EXP 	left: autoDraw = True
157.2561 	EXP 	right: autoDraw = True
157.2561 	EXP 	up: autoDraw = True
157.2561 	EXP 	down: autoDraw = True
157.2726 	EXP 	center: autoDraw = True
157.2726 	EXP 	left: autoDraw = True
157.2726 	EXP 	right: autoDraw = True
157.2726 	EXP 	up: autoDraw = True
157.2726 	EXP 	down: autoDraw = True
157.2893 	EXP 	center: autoDraw = True
157.2893 	EXP 	left: autoDraw = True
157.2893 	EXP 	right: autoDraw = True
157.2893 	EXP 	up: autoDraw = True
157.2893 	EXP 	down: autoDraw = True
157.3061 	EXP 	center: autoDraw = True
157.3061 	EXP 	left: autoDraw = True
157.3061 	EXP 	right: autoDraw = True
157.3061 	EXP 	up: autoDraw = True
157.3061 	EXP 	down: autoDraw = True
157.3228 	EXP 	center: autoDraw = True
157.3228 	EXP 	left: autoDraw = True
157.3228 	EXP 	right: autoDraw = True
157.3228 	EXP 	up: autoDraw = True
157.3228 	EXP 	down: autoDraw = True
157.3392 	EXP 	center: autoDraw = True
157.3392 	EXP 	left: autoDraw = True
157.3392 	EXP 	right: autoDraw = True
157.3392 	EXP 	up: autoDraw = True
157.3392 	EXP 	down: autoDraw = True
157.3394 	DATA 	wsqS
157.3561 	EXP 	center: autoDraw = True
157.3561 	EXP 	left: autoDraw = True
157.3561 	EXP 	right: autoDraw = True
157.3561 	EXP 	up: autoDraw = True
157.3561 	EXP 	down: autoDraw = True
157.3561 	EXP 	whitesquare: autoDraw = True
157.3725 	EXP 	center: autoDraw = True
157.3725 	EXP 	left: autoDraw = True
157.3725 	EXP 	right: autoDraw = True
157.3725 	EXP 	up: autoDraw = True
157.3725 	EXP 	down: autoDraw = True
157.3725 	EXP 	whitesquare: autoDraw = False
157.3893 	EXP 	center: autoDraw = True
157.3893 	EXP 	left: autoDraw = True
157.3893 	EXP 	right: autoDraw = True
157.3893 	EXP 	up: autoDraw = True
157.3893 	EXP 	down: autoDraw = True
157.4060 	EXP 	center: autoDraw = True
157.4060 	EXP 	left: autoDraw = True
157.4060 	EXP 	right: autoDraw = True
157.4060 	EXP 	up: autoDraw = True
157.4060 	EXP 	down: autoDraw = True
157.4226 	EXP 	center: autoDraw = True
157.4226 	EXP 	left: autoDraw = True
157.4226 	EXP 	right: autoDraw = True
157.4226 	EXP 	up: autoDraw = True
157.4226 	EXP 	down: autoDraw = True
157.4393 	EXP 	center: autoDraw = True
157.4393 	EXP 	left: autoDraw = True
157.4393 	EXP 	right: autoDraw = True
157.4393 	EXP 	up: autoDraw = True
157.4393 	EXP 	down: autoDraw = True
157.4556 	EXP 	center: autoDraw = True
157.4556 	EXP 	left: autoDraw = True
157.4556 	EXP 	right: autoDraw = True
157.4556 	EXP 	up: autoDraw = True
157.4556 	EXP 	down: autoDraw = True
157.4725 	EXP 	center: autoDraw = True
157.4725 	EXP 	left: autoDraw = True
157.4725 	EXP 	right: autoDraw = True
157.4725 	EXP 	up: autoDraw = True
157.4725 	EXP 	down: autoDraw = True
157.4895 	EXP 	center: autoDraw = True
157.4895 	EXP 	left: autoDraw = True
157.4895 	EXP 	right: autoDraw = True
157.4895 	EXP 	up: autoDraw = True
157.4895 	EXP 	down: autoDraw = True
157.5058 	EXP 	center: autoDraw = True
157.5058 	EXP 	left: autoDraw = True
157.5058 	EXP 	right: autoDraw = True
157.5058 	EXP 	up: autoDraw = True
157.5058 	EXP 	down: autoDraw = True
157.5226 	EXP 	center: autoDraw = True
157.5226 	EXP 	left: autoDraw = True
157.5226 	EXP 	right: autoDraw = True
157.5226 	EXP 	up: autoDraw = True
157.5226 	EXP 	down: autoDraw = True
157.5396 	EXP 	center: autoDraw = True
157.5396 	EXP 	left: autoDraw = True
157.5396 	EXP 	right: autoDraw = True
157.5396 	EXP 	up: autoDraw = True
157.5396 	EXP 	down: autoDraw = True
157.5558 	EXP 	center: autoDraw = True
157.5558 	EXP 	left: autoDraw = True
157.5558 	EXP 	right: autoDraw = True
157.5558 	EXP 	up: autoDraw = True
157.5558 	EXP 	down: autoDraw = True
157.5727 	EXP 	center: autoDraw = True
157.5727 	EXP 	left: autoDraw = True
157.5727 	EXP 	right: autoDraw = True
157.5727 	EXP 	up: autoDraw = True
157.5727 	EXP 	down: autoDraw = True
157.5895 	EXP 	center: autoDraw = True
157.5895 	EXP 	left: autoDraw = True
157.5895 	EXP 	right: autoDraw = True
157.5895 	EXP 	up: autoDraw = True
157.5895 	EXP 	down: autoDraw = True
157.6060 	EXP 	center: autoDraw = True
157.6060 	EXP 	left: autoDraw = True
157.6060 	EXP 	right: autoDraw = True
157.6060 	EXP 	up: autoDraw = True
157.6060 	EXP 	down: autoDraw = True
157.6228 	EXP 	center: autoDraw = True
157.6228 	EXP 	left: autoDraw = True
157.6228 	EXP 	right: autoDraw = True
157.6228 	EXP 	up: autoDraw = True
157.6228 	EXP 	down: autoDraw = True
157.6392 	EXP 	center: autoDraw = True
157.6392 	EXP 	left: autoDraw = True
157.6392 	EXP 	right: autoDraw = True
157.6392 	EXP 	up: autoDraw = True
157.6392 	EXP 	down: autoDraw = True
157.6562 	EXP 	center: autoDraw = True
157.6562 	EXP 	left: autoDraw = True
157.6562 	EXP 	right: autoDraw = True
157.6562 	EXP 	up: autoDraw = True
157.6562 	EXP 	down: autoDraw = True
157.6725 	EXP 	center: autoDraw = True
157.6725 	EXP 	left: autoDraw = True
157.6725 	EXP 	right: autoDraw = True
157.6725 	EXP 	up: autoDraw = True
157.6725 	EXP 	down: autoDraw = True
157.6893 	EXP 	center: autoDraw = True
157.6893 	EXP 	left: autoDraw = True
157.6893 	EXP 	right: autoDraw = True
157.6893 	EXP 	up: autoDraw = True
157.6893 	EXP 	down: autoDraw = True
157.7060 	EXP 	center: autoDraw = True
157.7060 	EXP 	left: autoDraw = True
157.7060 	EXP 	right: autoDraw = True
157.7060 	EXP 	up: autoDraw = True
157.7060 	EXP 	down: autoDraw = True
157.7225 	EXP 	center: autoDraw = True
157.7225 	EXP 	left: autoDraw = True
157.7225 	EXP 	right: autoDraw = True
157.7225 	EXP 	up: autoDraw = True
157.7225 	EXP 	down: autoDraw = True
157.7387 	EXP 	center: autoDraw = True
157.7387 	EXP 	left: autoDraw = True
157.7387 	EXP 	right: autoDraw = True
157.7387 	EXP 	up: autoDraw = True
157.7387 	EXP 	down: autoDraw = True
157.7559 	EXP 	center: autoDraw = True
157.7559 	EXP 	left: autoDraw = True
157.7559 	EXP 	right: autoDraw = True
157.7559 	EXP 	up: autoDraw = True
157.7559 	EXP 	down: autoDraw = True
157.7726 	EXP 	center: autoDraw = True
157.7726 	EXP 	left: autoDraw = True
157.7726 	EXP 	right: autoDraw = True
157.7726 	EXP 	up: autoDraw = True
157.7726 	EXP 	down: autoDraw = True
157.7894 	EXP 	center: autoDraw = True
157.7894 	EXP 	left: autoDraw = True
157.7894 	EXP 	right: autoDraw = True
157.7894 	EXP 	up: autoDraw = True
157.7894 	EXP 	down: autoDraw = True
157.8058 	EXP 	center: autoDraw = True
157.8058 	EXP 	left: autoDraw = True
157.8058 	EXP 	right: autoDraw = True
157.8058 	EXP 	up: autoDraw = True
157.8058 	EXP 	down: autoDraw = True
157.8226 	EXP 	center: autoDraw = True
157.8226 	EXP 	left: autoDraw = True
157.8226 	EXP 	right: autoDraw = True
157.8226 	EXP 	up: autoDraw = True
157.8226 	EXP 	down: autoDraw = True
157.8386 	EXP 	center: autoDraw = True
157.8386 	EXP 	left: autoDraw = True
157.8386 	EXP 	right: autoDraw = True
157.8386 	EXP 	up: autoDraw = True
157.8386 	EXP 	down: autoDraw = True
157.8558 	EXP 	center: autoDraw = True
157.8558 	EXP 	left: autoDraw = True
157.8558 	EXP 	right: autoDraw = True
157.8558 	EXP 	up: autoDraw = True
157.8558 	EXP 	down: autoDraw = True
157.8727 	EXP 	center: autoDraw = True
157.8727 	EXP 	left: autoDraw = True
157.8727 	EXP 	right: autoDraw = True
157.8727 	EXP 	up: autoDraw = True
157.8727 	EXP 	down: autoDraw = True
157.8894 	EXP 	center: autoDraw = True
157.8894 	EXP 	left: autoDraw = True
157.8894 	EXP 	right: autoDraw = True
157.8894 	EXP 	up: autoDraw = True
157.8894 	EXP 	down: autoDraw = True
157.9060 	EXP 	center: autoDraw = True
157.9060 	EXP 	left: autoDraw = True
157.9060 	EXP 	right: autoDraw = True
157.9060 	EXP 	up: autoDraw = True
157.9060 	EXP 	down: autoDraw = True
157.9229 	EXP 	center: autoDraw = True
157.9229 	EXP 	left: autoDraw = True
157.9229 	EXP 	right: autoDraw = True
157.9229 	EXP 	up: autoDraw = True
157.9229 	EXP 	down: autoDraw = True
157.9392 	EXP 	center: autoDraw = True
157.9392 	EXP 	left: autoDraw = True
157.9392 	EXP 	right: autoDraw = True
157.9392 	EXP 	up: autoDraw = True
157.9392 	EXP 	down: autoDraw = True
157.9560 	EXP 	center: autoDraw = True
157.9560 	EXP 	left: autoDraw = True
157.9560 	EXP 	right: autoDraw = True
157.9560 	EXP 	up: autoDraw = True
157.9560 	EXP 	down: autoDraw = True
157.9726 	EXP 	center: autoDraw = True
157.9726 	EXP 	left: autoDraw = True
157.9726 	EXP 	right: autoDraw = True
157.9726 	EXP 	up: autoDraw = True
157.9726 	EXP 	down: autoDraw = True
157.9894 	EXP 	center: autoDraw = True
157.9894 	EXP 	left: autoDraw = True
157.9894 	EXP 	right: autoDraw = True
157.9894 	EXP 	up: autoDraw = True
157.9894 	EXP 	down: autoDraw = True
158.0058 	EXP 	center: autoDraw = True
158.0058 	EXP 	left: autoDraw = True
158.0058 	EXP 	right: autoDraw = True
158.0058 	EXP 	up: autoDraw = True
158.0058 	EXP 	down: autoDraw = True
158.0226 	EXP 	center: autoDraw = True
158.0226 	EXP 	left: autoDraw = True
158.0226 	EXP 	right: autoDraw = True
158.0226 	EXP 	up: autoDraw = True
158.0226 	EXP 	down: autoDraw = True
158.0393 	EXP 	center: autoDraw = True
158.0393 	EXP 	left: autoDraw = True
158.0393 	EXP 	right: autoDraw = True
158.0393 	EXP 	up: autoDraw = True
158.0393 	EXP 	down: autoDraw = True
158.0561 	EXP 	center: autoDraw = True
158.0561 	EXP 	left: autoDraw = True
158.0561 	EXP 	right: autoDraw = True
158.0561 	EXP 	up: autoDraw = True
158.0561 	EXP 	down: autoDraw = True
158.0725 	EXP 	center: autoDraw = True
158.0725 	EXP 	left: autoDraw = True
158.0725 	EXP 	right: autoDraw = True
158.0725 	EXP 	up: autoDraw = True
158.0725 	EXP 	down: autoDraw = True
158.0893 	EXP 	center: autoDraw = True
158.0893 	EXP 	left: autoDraw = True
158.0893 	EXP 	right: autoDraw = True
158.0893 	EXP 	up: autoDraw = True
158.0893 	EXP 	down: autoDraw = True
158.1057 	EXP 	center: autoDraw = True
158.1057 	EXP 	left: autoDraw = True
158.1057 	EXP 	right: autoDraw = True
158.1057 	EXP 	up: autoDraw = True
158.1057 	EXP 	down: autoDraw = True
158.1226 	EXP 	center: autoDraw = True
158.1226 	EXP 	left: autoDraw = True
158.1226 	EXP 	right: autoDraw = True
158.1226 	EXP 	up: autoDraw = True
158.1226 	EXP 	down: autoDraw = True
158.1393 	EXP 	center: autoDraw = True
158.1393 	EXP 	left: autoDraw = True
158.1393 	EXP 	right: autoDraw = True
158.1393 	EXP 	up: autoDraw = True
158.1393 	EXP 	down: autoDraw = True
158.1560 	EXP 	center: autoDraw = True
158.1560 	EXP 	left: autoDraw = True
158.1560 	EXP 	right: autoDraw = True
158.1560 	EXP 	up: autoDraw = True
158.1560 	EXP 	down: autoDraw = True
158.1726 	EXP 	center: autoDraw = True
158.1726 	EXP 	left: autoDraw = True
158.1726 	EXP 	right: autoDraw = True
158.1726 	EXP 	up: autoDraw = True
158.1726 	EXP 	down: autoDraw = True
158.1891 	EXP 	center: autoDraw = True
158.1891 	EXP 	left: autoDraw = True
158.1891 	EXP 	right: autoDraw = True
158.1891 	EXP 	up: autoDraw = True
158.1891 	EXP 	down: autoDraw = True
158.2058 	EXP 	center: autoDraw = True
158.2058 	EXP 	left: autoDraw = True
158.2058 	EXP 	right: autoDraw = True
158.2058 	EXP 	up: autoDraw = True
158.2058 	EXP 	down: autoDraw = True
158.2217 	EXP 	center: autoDraw = True
158.2217 	EXP 	left: autoDraw = True
158.2217 	EXP 	right: autoDraw = True
158.2217 	EXP 	up: autoDraw = True
158.2217 	EXP 	down: autoDraw = True
158.2391 	EXP 	center: autoDraw = True
158.2391 	EXP 	left: autoDraw = True
158.2391 	EXP 	right: autoDraw = True
158.2391 	EXP 	up: autoDraw = True
158.2391 	EXP 	down: autoDraw = True
158.2559 	EXP 	center: autoDraw = True
158.2559 	EXP 	left: autoDraw = True
158.2559 	EXP 	right: autoDraw = True
158.2559 	EXP 	up: autoDraw = True
158.2559 	EXP 	down: autoDraw = True
158.2727 	EXP 	center: autoDraw = True
158.2727 	EXP 	left: autoDraw = True
158.2727 	EXP 	right: autoDraw = True
158.2727 	EXP 	up: autoDraw = True
158.2727 	EXP 	down: autoDraw = True
158.2892 	EXP 	center: autoDraw = True
158.2892 	EXP 	left: autoDraw = True
158.2892 	EXP 	right: autoDraw = True
158.2892 	EXP 	up: autoDraw = True
158.2892 	EXP 	down: autoDraw = True
158.3060 	EXP 	center: autoDraw = True
158.3060 	EXP 	left: autoDraw = True
158.3060 	EXP 	right: autoDraw = True
158.3060 	EXP 	up: autoDraw = True
158.3060 	EXP 	down: autoDraw = True
158.3229 	EXP 	center: autoDraw = True
158.3229 	EXP 	left: autoDraw = True
158.3229 	EXP 	right: autoDraw = True
158.3229 	EXP 	up: autoDraw = True
158.3229 	EXP 	down: autoDraw = True
158.3391 	EXP 	center: autoDraw = True
158.3391 	EXP 	left: autoDraw = True
158.3391 	EXP 	right: autoDraw = True
158.3391 	EXP 	up: autoDraw = True
158.3391 	EXP 	down: autoDraw = True
158.3558 	EXP 	center: autoDraw = True
158.3558 	EXP 	left: autoDraw = True
158.3558 	EXP 	right: autoDraw = True
158.3558 	EXP 	up: autoDraw = True
158.3558 	EXP 	down: autoDraw = True
158.3724 	EXP 	center: autoDraw = True
158.3724 	EXP 	left: autoDraw = True
158.3724 	EXP 	right: autoDraw = True
158.3724 	EXP 	up: autoDraw = True
158.3724 	EXP 	down: autoDraw = True
158.3892 	EXP 	center: autoDraw = True
158.3892 	EXP 	left: autoDraw = True
158.3892 	EXP 	right: autoDraw = True
158.3892 	EXP 	up: autoDraw = True
158.3892 	EXP 	down: autoDraw = True
158.4060 	EXP 	center: autoDraw = True
158.4060 	EXP 	left: autoDraw = True
158.4060 	EXP 	right: autoDraw = True
158.4060 	EXP 	up: autoDraw = True
158.4060 	EXP 	down: autoDraw = True
158.4229 	EXP 	center: autoDraw = True
158.4229 	EXP 	left: autoDraw = True
158.4229 	EXP 	right: autoDraw = True
158.4229 	EXP 	up: autoDraw = True
158.4229 	EXP 	down: autoDraw = True
158.4391 	EXP 	center: autoDraw = True
158.4391 	EXP 	left: autoDraw = True
158.4391 	EXP 	right: autoDraw = True
158.4391 	EXP 	up: autoDraw = True
158.4391 	EXP 	down: autoDraw = True
158.4559 	EXP 	center: autoDraw = True
158.4559 	EXP 	left: autoDraw = True
158.4559 	EXP 	right: autoDraw = True
158.4559 	EXP 	up: autoDraw = True
158.4559 	EXP 	down: autoDraw = True
158.4726 	EXP 	center: autoDraw = True
158.4726 	EXP 	left: autoDraw = True
158.4726 	EXP 	right: autoDraw = True
158.4726 	EXP 	up: autoDraw = True
158.4726 	EXP 	down: autoDraw = True
158.4886 	EXP 	center: autoDraw = True
158.4886 	EXP 	left: autoDraw = True
158.4886 	EXP 	right: autoDraw = True
158.4886 	EXP 	up: autoDraw = True
158.4886 	EXP 	down: autoDraw = True
158.5057 	EXP 	center: autoDraw = True
158.5057 	EXP 	left: autoDraw = True
158.5057 	EXP 	right: autoDraw = True
158.5057 	EXP 	up: autoDraw = True
158.5057 	EXP 	down: autoDraw = True
158.5226 	EXP 	center: autoDraw = True
158.5226 	EXP 	left: autoDraw = True
158.5226 	EXP 	right: autoDraw = True
158.5226 	EXP 	up: autoDraw = True
158.5226 	EXP 	down: autoDraw = True
158.5393 	EXP 	center: autoDraw = True
158.5393 	EXP 	left: autoDraw = True
158.5393 	EXP 	right: autoDraw = True
158.5393 	EXP 	up: autoDraw = True
158.5393 	EXP 	down: autoDraw = True
158.5560 	EXP 	center: autoDraw = True
158.5560 	EXP 	left: autoDraw = True
158.5560 	EXP 	right: autoDraw = True
158.5560 	EXP 	up: autoDraw = True
158.5560 	EXP 	down: autoDraw = True
158.5724 	EXP 	center: autoDraw = True
158.5724 	EXP 	left: autoDraw = True
158.5724 	EXP 	right: autoDraw = True
158.5724 	EXP 	up: autoDraw = True
158.5724 	EXP 	down: autoDraw = True
158.5891 	EXP 	center: autoDraw = True
158.5891 	EXP 	left: autoDraw = True
158.5891 	EXP 	right: autoDraw = True
158.5891 	EXP 	up: autoDraw = True
158.5891 	EXP 	down: autoDraw = True
158.6060 	EXP 	center: autoDraw = True
158.6060 	EXP 	left: autoDraw = True
158.6060 	EXP 	right: autoDraw = True
158.6060 	EXP 	up: autoDraw = True
158.6060 	EXP 	down: autoDraw = True
158.6225 	EXP 	center: autoDraw = True
158.6225 	EXP 	left: autoDraw = True
158.6225 	EXP 	right: autoDraw = True
158.6225 	EXP 	up: autoDraw = True
158.6225 	EXP 	down: autoDraw = True
158.6393 	EXP 	center: autoDraw = True
158.6393 	EXP 	left: autoDraw = True
158.6393 	EXP 	right: autoDraw = True
158.6393 	EXP 	up: autoDraw = True
158.6393 	EXP 	down: autoDraw = True
158.6560 	EXP 	center: autoDraw = True
158.6560 	EXP 	left: autoDraw = True
158.6560 	EXP 	right: autoDraw = True
158.6560 	EXP 	up: autoDraw = True
158.6560 	EXP 	down: autoDraw = True
158.6728 	EXP 	center: autoDraw = True
158.6728 	EXP 	left: autoDraw = True
158.6728 	EXP 	right: autoDraw = True
158.6728 	EXP 	up: autoDraw = True
158.6728 	EXP 	down: autoDraw = True
158.6891 	EXP 	center: autoDraw = True
158.6891 	EXP 	left: autoDraw = True
158.6891 	EXP 	right: autoDraw = True
158.6891 	EXP 	up: autoDraw = True
158.6891 	EXP 	down: autoDraw = True
158.7058 	EXP 	center: autoDraw = True
158.7058 	EXP 	left: autoDraw = True
158.7058 	EXP 	right: autoDraw = True
158.7058 	EXP 	up: autoDraw = True
158.7058 	EXP 	down: autoDraw = True
158.7227 	EXP 	center: autoDraw = True
158.7227 	EXP 	left: autoDraw = True
158.7227 	EXP 	right: autoDraw = True
158.7227 	EXP 	up: autoDraw = True
158.7227 	EXP 	down: autoDraw = True
158.7391 	EXP 	center: autoDraw = True
158.7391 	EXP 	left: autoDraw = True
158.7391 	EXP 	right: autoDraw = True
158.7391 	EXP 	up: autoDraw = True
158.7391 	EXP 	down: autoDraw = True
158.7557 	EXP 	center: autoDraw = True
158.7557 	EXP 	left: autoDraw = True
158.7557 	EXP 	right: autoDraw = True
158.7557 	EXP 	up: autoDraw = True
158.7557 	EXP 	down: autoDraw = True
158.7724 	EXP 	center: autoDraw = True
158.7724 	EXP 	left: autoDraw = True
158.7724 	EXP 	right: autoDraw = True
158.7724 	EXP 	up: autoDraw = True
158.7724 	EXP 	down: autoDraw = True
158.7891 	EXP 	center: autoDraw = True
158.7891 	EXP 	left: autoDraw = True
158.7891 	EXP 	right: autoDraw = True
158.7891 	EXP 	up: autoDraw = True
158.7891 	EXP 	down: autoDraw = True
158.8060 	EXP 	center: autoDraw = True
158.8060 	EXP 	left: autoDraw = True
158.8060 	EXP 	right: autoDraw = True
158.8060 	EXP 	up: autoDraw = True
158.8060 	EXP 	down: autoDraw = True
158.8224 	EXP 	center: autoDraw = True
158.8224 	EXP 	left: autoDraw = True
158.8224 	EXP 	right: autoDraw = True
158.8224 	EXP 	up: autoDraw = True
158.8224 	EXP 	down: autoDraw = True
158.8394 	EXP 	center: autoDraw = True
158.8394 	EXP 	left: autoDraw = True
158.8394 	EXP 	right: autoDraw = True
158.8394 	EXP 	up: autoDraw = True
158.8394 	EXP 	down: autoDraw = True
158.8557 	EXP 	center: autoDraw = True
158.8557 	EXP 	left: autoDraw = True
158.8557 	EXP 	right: autoDraw = True
158.8557 	EXP 	up: autoDraw = True
158.8557 	EXP 	down: autoDraw = True
158.8721 	EXP 	center: autoDraw = True
158.8721 	EXP 	left: autoDraw = True
158.8721 	EXP 	right: autoDraw = True
158.8721 	EXP 	up: autoDraw = True
158.8721 	EXP 	down: autoDraw = True
158.8890 	EXP 	center: autoDraw = True
158.8890 	EXP 	left: autoDraw = True
158.8890 	EXP 	right: autoDraw = True
158.8890 	EXP 	up: autoDraw = True
158.8890 	EXP 	down: autoDraw = True
158.9059 	EXP 	center: autoDraw = True
158.9059 	EXP 	left: autoDraw = True
158.9059 	EXP 	right: autoDraw = True
158.9059 	EXP 	up: autoDraw = True
158.9059 	EXP 	down: autoDraw = True
158.9227 	EXP 	center: autoDraw = True
158.9227 	EXP 	left: autoDraw = True
158.9227 	EXP 	right: autoDraw = True
158.9227 	EXP 	up: autoDraw = True
158.9227 	EXP 	down: autoDraw = True
158.9391 	EXP 	center: autoDraw = True
158.9391 	EXP 	left: autoDraw = True
158.9391 	EXP 	right: autoDraw = True
158.9391 	EXP 	up: autoDraw = True
158.9391 	EXP 	down: autoDraw = True
158.9559 	EXP 	center: autoDraw = True
158.9559 	EXP 	left: autoDraw = True
158.9559 	EXP 	right: autoDraw = True
158.9559 	EXP 	up: autoDraw = True
158.9559 	EXP 	down: autoDraw = True
158.9725 	EXP 	center: autoDraw = True
158.9725 	EXP 	left: autoDraw = True
158.9725 	EXP 	right: autoDraw = True
158.9725 	EXP 	up: autoDraw = True
158.9725 	EXP 	down: autoDraw = True
158.9893 	EXP 	center: autoDraw = True
158.9893 	EXP 	left: autoDraw = True
158.9893 	EXP 	right: autoDraw = True
158.9893 	EXP 	up: autoDraw = True
158.9893 	EXP 	down: autoDraw = True
159.0057 	EXP 	center: autoDraw = True
159.0057 	EXP 	left: autoDraw = True
159.0057 	EXP 	right: autoDraw = True
159.0057 	EXP 	up: autoDraw = True
159.0057 	EXP 	down: autoDraw = True
159.0226 	EXP 	center: autoDraw = True
159.0226 	EXP 	left: autoDraw = True
159.0226 	EXP 	right: autoDraw = True
159.0226 	EXP 	up: autoDraw = True
159.0226 	EXP 	down: autoDraw = True
159.0393 	EXP 	center: autoDraw = True
159.0393 	EXP 	left: autoDraw = True
159.0393 	EXP 	right: autoDraw = True
159.0393 	EXP 	up: autoDraw = True
159.0393 	EXP 	down: autoDraw = True
159.0557 	EXP 	center: autoDraw = True
159.0557 	EXP 	left: autoDraw = True
159.0557 	EXP 	right: autoDraw = True
159.0557 	EXP 	up: autoDraw = True
159.0557 	EXP 	down: autoDraw = True
159.0725 	EXP 	center: autoDraw = True
159.0725 	EXP 	left: autoDraw = True
159.0725 	EXP 	right: autoDraw = True
159.0725 	EXP 	up: autoDraw = True
159.0725 	EXP 	down: autoDraw = True
159.0893 	EXP 	center: autoDraw = True
159.0893 	EXP 	left: autoDraw = True
159.0893 	EXP 	right: autoDraw = True
159.0893 	EXP 	up: autoDraw = True
159.0893 	EXP 	down: autoDraw = True
159.1055 	EXP 	center: autoDraw = True
159.1055 	EXP 	left: autoDraw = True
159.1055 	EXP 	right: autoDraw = True
159.1055 	EXP 	up: autoDraw = True
159.1055 	EXP 	down: autoDraw = True
159.1225 	EXP 	center: autoDraw = True
159.1225 	EXP 	left: autoDraw = True
159.1225 	EXP 	right: autoDraw = True
159.1225 	EXP 	up: autoDraw = True
159.1225 	EXP 	down: autoDraw = True
159.1389 	EXP 	center: autoDraw = True
159.1389 	EXP 	left: autoDraw = True
159.1389 	EXP 	right: autoDraw = True
159.1389 	EXP 	up: autoDraw = True
159.1389 	EXP 	down: autoDraw = True
159.1559 	EXP 	center: autoDraw = True
159.1559 	EXP 	left: autoDraw = True
159.1559 	EXP 	right: autoDraw = True
159.1559 	EXP 	up: autoDraw = True
159.1559 	EXP 	down: autoDraw = True
159.1726 	EXP 	center: autoDraw = True
159.1726 	EXP 	left: autoDraw = True
159.1726 	EXP 	right: autoDraw = True
159.1726 	EXP 	up: autoDraw = True
159.1726 	EXP 	down: autoDraw = True
159.1890 	EXP 	center: autoDraw = True
159.1890 	EXP 	left: autoDraw = True
159.1890 	EXP 	right: autoDraw = True
159.1890 	EXP 	up: autoDraw = True
159.1890 	EXP 	down: autoDraw = True
159.2059 	EXP 	center: autoDraw = True
159.2059 	EXP 	left: autoDraw = True
159.2059 	EXP 	right: autoDraw = True
159.2059 	EXP 	up: autoDraw = True
159.2059 	EXP 	down: autoDraw = True
159.2225 	EXP 	center: autoDraw = True
159.2225 	EXP 	left: autoDraw = True
159.2225 	EXP 	right: autoDraw = True
159.2225 	EXP 	up: autoDraw = True
159.2225 	EXP 	down: autoDraw = True
159.2392 	EXP 	center: autoDraw = True
159.2392 	EXP 	left: autoDraw = True
159.2392 	EXP 	right: autoDraw = True
159.2392 	EXP 	up: autoDraw = True
159.2392 	EXP 	down: autoDraw = True
159.2550 	EXP 	center: autoDraw = True
159.2550 	EXP 	left: autoDraw = True
159.2550 	EXP 	right: autoDraw = True
159.2550 	EXP 	up: autoDraw = True
159.2550 	EXP 	down: autoDraw = True
159.2724 	EXP 	center: autoDraw = True
159.2724 	EXP 	left: autoDraw = True
159.2724 	EXP 	right: autoDraw = True
159.2724 	EXP 	up: autoDraw = True
159.2724 	EXP 	down: autoDraw = True
159.2892 	EXP 	center: autoDraw = True
159.2892 	EXP 	left: autoDraw = True
159.2892 	EXP 	right: autoDraw = True
159.2892 	EXP 	up: autoDraw = True
159.2892 	EXP 	down: autoDraw = True
159.3059 	EXP 	center: autoDraw = True
159.3059 	EXP 	left: autoDraw = True
159.3059 	EXP 	right: autoDraw = True
159.3059 	EXP 	up: autoDraw = True
159.3059 	EXP 	down: autoDraw = True
159.3227 	EXP 	center: autoDraw = True
159.3227 	EXP 	left: autoDraw = True
159.3227 	EXP 	right: autoDraw = True
159.3227 	EXP 	up: autoDraw = True
159.3227 	EXP 	down: autoDraw = True
159.3391 	EXP 	center: autoDraw = True
159.3391 	EXP 	left: autoDraw = True
159.3391 	EXP 	right: autoDraw = True
159.3391 	EXP 	up: autoDraw = True
159.3391 	EXP 	down: autoDraw = True
159.3558 	EXP 	center: autoDraw = True
159.3558 	EXP 	left: autoDraw = True
159.3558 	EXP 	right: autoDraw = True
159.3558 	EXP 	up: autoDraw = True
159.3558 	EXP 	down: autoDraw = True
159.3725 	EXP 	center: autoDraw = True
159.3725 	EXP 	left: autoDraw = True
159.3725 	EXP 	right: autoDraw = True
159.3725 	EXP 	up: autoDraw = True
159.3725 	EXP 	down: autoDraw = True
159.3893 	EXP 	center: autoDraw = True
159.3893 	EXP 	left: autoDraw = True
159.3893 	EXP 	right: autoDraw = True
159.3893 	EXP 	up: autoDraw = True
159.3893 	EXP 	down: autoDraw = True
159.4057 	EXP 	center: autoDraw = True
159.4057 	EXP 	left: autoDraw = True
159.4057 	EXP 	right: autoDraw = True
159.4057 	EXP 	up: autoDraw = True
159.4057 	EXP 	down: autoDraw = True
159.4225 	EXP 	center: autoDraw = True
159.4225 	EXP 	left: autoDraw = True
159.4225 	EXP 	right: autoDraw = True
159.4225 	EXP 	up: autoDraw = True
159.4225 	EXP 	down: autoDraw = True
159.4393 	EXP 	center: autoDraw = True
159.4393 	EXP 	left: autoDraw = True
159.4393 	EXP 	right: autoDraw = True
159.4393 	EXP 	up: autoDraw = True
159.4393 	EXP 	down: autoDraw = True
159.4557 	EXP 	center: autoDraw = True
159.4557 	EXP 	left: autoDraw = True
159.4557 	EXP 	right: autoDraw = True
159.4557 	EXP 	up: autoDraw = True
159.4557 	EXP 	down: autoDraw = True
159.4724 	EXP 	center: autoDraw = True
159.4724 	EXP 	left: autoDraw = True
159.4724 	EXP 	right: autoDraw = True
159.4724 	EXP 	up: autoDraw = True
159.4724 	EXP 	down: autoDraw = True
159.4893 	EXP 	center: autoDraw = True
159.4893 	EXP 	left: autoDraw = True
159.4893 	EXP 	right: autoDraw = True
159.4893 	EXP 	up: autoDraw = True
159.4893 	EXP 	down: autoDraw = True
159.5057 	EXP 	center: autoDraw = True
159.5057 	EXP 	left: autoDraw = True
159.5057 	EXP 	right: autoDraw = True
159.5057 	EXP 	up: autoDraw = True
159.5057 	EXP 	down: autoDraw = True
159.5221 	EXP 	center: autoDraw = True
159.5221 	EXP 	left: autoDraw = True
159.5221 	EXP 	right: autoDraw = True
159.5221 	EXP 	up: autoDraw = True
159.5221 	EXP 	down: autoDraw = True
159.5390 	EXP 	center: autoDraw = True
159.5390 	EXP 	left: autoDraw = True
159.5390 	EXP 	right: autoDraw = True
159.5390 	EXP 	up: autoDraw = True
159.5390 	EXP 	down: autoDraw = True
159.5557 	EXP 	center: autoDraw = True
159.5557 	EXP 	left: autoDraw = True
159.5557 	EXP 	right: autoDraw = True
159.5557 	EXP 	up: autoDraw = True
159.5557 	EXP 	down: autoDraw = True
159.5724 	EXP 	center: autoDraw = True
159.5724 	EXP 	left: autoDraw = True
159.5724 	EXP 	right: autoDraw = True
159.5724 	EXP 	up: autoDraw = True
159.5724 	EXP 	down: autoDraw = True
159.5892 	EXP 	center: autoDraw = True
159.5892 	EXP 	left: autoDraw = True
159.5892 	EXP 	right: autoDraw = True
159.5892 	EXP 	up: autoDraw = True
159.5892 	EXP 	down: autoDraw = True
159.6061 	EXP 	center: autoDraw = True
159.6061 	EXP 	left: autoDraw = True
159.6061 	EXP 	right: autoDraw = True
159.6061 	EXP 	up: autoDraw = True
159.6061 	EXP 	down: autoDraw = True
159.6223 	EXP 	center: autoDraw = True
159.6223 	EXP 	left: autoDraw = True
159.6223 	EXP 	right: autoDraw = True
159.6223 	EXP 	up: autoDraw = True
159.6223 	EXP 	down: autoDraw = True
159.6393 	EXP 	center: autoDraw = True
159.6393 	EXP 	left: autoDraw = True
159.6393 	EXP 	right: autoDraw = True
159.6393 	EXP 	up: autoDraw = True
159.6393 	EXP 	down: autoDraw = True
159.6557 	EXP 	center: autoDraw = True
159.6557 	EXP 	left: autoDraw = True
159.6557 	EXP 	right: autoDraw = True
159.6557 	EXP 	up: autoDraw = True
159.6557 	EXP 	down: autoDraw = True
159.6726 	EXP 	center: autoDraw = True
159.6726 	EXP 	left: autoDraw = True
159.6726 	EXP 	right: autoDraw = True
159.6726 	EXP 	up: autoDraw = True
159.6726 	EXP 	down: autoDraw = True
159.6890 	EXP 	center: autoDraw = True
159.6890 	EXP 	left: autoDraw = True
159.6890 	EXP 	right: autoDraw = True
159.6890 	EXP 	up: autoDraw = True
159.6890 	EXP 	down: autoDraw = True
159.7057 	EXP 	center: autoDraw = True
159.7057 	EXP 	left: autoDraw = True
159.7057 	EXP 	right: autoDraw = True
159.7057 	EXP 	up: autoDraw = True
159.7057 	EXP 	down: autoDraw = True
159.7225 	EXP 	center: autoDraw = True
159.7225 	EXP 	left: autoDraw = True
159.7225 	EXP 	right: autoDraw = True
159.7225 	EXP 	up: autoDraw = True
159.7225 	EXP 	down: autoDraw = True
159.7393 	EXP 	center: autoDraw = True
159.7393 	EXP 	left: autoDraw = True
159.7393 	EXP 	right: autoDraw = True
159.7393 	EXP 	up: autoDraw = True
159.7393 	EXP 	down: autoDraw = True
159.7555 	EXP 	center: autoDraw = True
159.7555 	EXP 	left: autoDraw = True
159.7555 	EXP 	right: autoDraw = True
159.7555 	EXP 	up: autoDraw = True
159.7555 	EXP 	down: autoDraw = True
159.7725 	EXP 	center: autoDraw = True
159.7725 	EXP 	left: autoDraw = True
159.7725 	EXP 	right: autoDraw = True
159.7725 	EXP 	up: autoDraw = True
159.7725 	EXP 	down: autoDraw = True
159.7892 	EXP 	center: autoDraw = True
159.7892 	EXP 	left: autoDraw = True
159.7892 	EXP 	right: autoDraw = True
159.7892 	EXP 	up: autoDraw = True
159.7892 	EXP 	down: autoDraw = True
159.8059 	EXP 	center: autoDraw = True
159.8059 	EXP 	left: autoDraw = True
159.8059 	EXP 	right: autoDraw = True
159.8059 	EXP 	up: autoDraw = True
159.8059 	EXP 	down: autoDraw = True
159.8223 	EXP 	center: autoDraw = True
159.8223 	EXP 	left: autoDraw = True
159.8223 	EXP 	right: autoDraw = True
159.8223 	EXP 	up: autoDraw = True
159.8223 	EXP 	down: autoDraw = True
159.8392 	EXP 	center: autoDraw = True
159.8392 	EXP 	left: autoDraw = True
159.8392 	EXP 	right: autoDraw = True
159.8392 	EXP 	up: autoDraw = True
159.8392 	EXP 	down: autoDraw = True
159.8561 	EXP 	center: autoDraw = True
159.8561 	EXP 	left: autoDraw = True
159.8561 	EXP 	right: autoDraw = True
159.8561 	EXP 	up: autoDraw = True
159.8561 	EXP 	down: autoDraw = True
159.8723 	EXP 	center: autoDraw = True
159.8723 	EXP 	left: autoDraw = True
159.8723 	EXP 	right: autoDraw = True
159.8723 	EXP 	up: autoDraw = True
159.8723 	EXP 	down: autoDraw = True
159.8891 	EXP 	center: autoDraw = True
159.8891 	EXP 	left: autoDraw = True
159.8891 	EXP 	right: autoDraw = True
159.8891 	EXP 	up: autoDraw = True
159.8891 	EXP 	down: autoDraw = True
159.9052 	EXP 	center: autoDraw = True
159.9052 	EXP 	left: autoDraw = True
159.9052 	EXP 	right: autoDraw = True
159.9052 	EXP 	up: autoDraw = True
159.9052 	EXP 	down: autoDraw = True
159.9223 	EXP 	center: autoDraw = True
159.9223 	EXP 	left: autoDraw = True
159.9223 	EXP 	right: autoDraw = True
159.9223 	EXP 	up: autoDraw = True
159.9223 	EXP 	down: autoDraw = True
159.9390 	EXP 	center: autoDraw = True
159.9390 	EXP 	left: autoDraw = True
159.9390 	EXP 	right: autoDraw = True
159.9390 	EXP 	up: autoDraw = True
159.9390 	EXP 	down: autoDraw = True
159.9558 	EXP 	center: autoDraw = True
159.9558 	EXP 	left: autoDraw = True
159.9558 	EXP 	right: autoDraw = True
159.9558 	EXP 	up: autoDraw = True
159.9558 	EXP 	down: autoDraw = True
159.9727 	EXP 	center: autoDraw = True
159.9727 	EXP 	left: autoDraw = True
159.9727 	EXP 	right: autoDraw = True
159.9727 	EXP 	up: autoDraw = True
159.9727 	EXP 	down: autoDraw = True
159.9890 	EXP 	center: autoDraw = True
159.9890 	EXP 	left: autoDraw = True
159.9890 	EXP 	right: autoDraw = True
159.9890 	EXP 	up: autoDraw = True
159.9890 	EXP 	down: autoDraw = True
160.0058 	EXP 	center: autoDraw = True
160.0058 	EXP 	left: autoDraw = True
160.0058 	EXP 	right: autoDraw = True
160.0058 	EXP 	up: autoDraw = True
160.0058 	EXP 	down: autoDraw = True
160.0060 	EXP 	Sound  started
160.0097 	DATA 	sbli | frame count: 300
160.0223 	EXP 	center: autoDraw = True
160.0223 	EXP 	left: autoDraw = True
160.0223 	EXP 	right: autoDraw = True
160.0223 	EXP 	up: autoDraw = True
160.0223 	EXP 	down: autoDraw = True
160.0392 	EXP 	center: autoDraw = True
160.0392 	EXP 	left: autoDraw = True
160.0392 	EXP 	right: autoDraw = True
160.0392 	EXP 	up: autoDraw = True
160.0392 	EXP 	down: autoDraw = True
160.0550 	EXP 	center: autoDraw = True
160.0550 	EXP 	left: autoDraw = True
160.0550 	EXP 	right: autoDraw = True
160.0550 	EXP 	up: autoDraw = True
160.0550 	EXP 	down: autoDraw = True
160.0723 	EXP 	center: autoDraw = True
160.0723 	EXP 	left: autoDraw = True
160.0723 	EXP 	right: autoDraw = True
160.0723 	EXP 	up: autoDraw = True
160.0723 	EXP 	down: autoDraw = True
160.0892 	EXP 	center: autoDraw = True
160.0892 	EXP 	left: autoDraw = True
160.0892 	EXP 	right: autoDraw = True
160.0892 	EXP 	up: autoDraw = True
160.0892 	EXP 	down: autoDraw = True
160.1060 	EXP 	center: autoDraw = True
160.1060 	EXP 	left: autoDraw = True
160.1060 	EXP 	right: autoDraw = True
160.1060 	EXP 	up: autoDraw = True
160.1060 	EXP 	down: autoDraw = True
160.1219 	EXP 	center: autoDraw = True
160.1219 	EXP 	left: autoDraw = True
160.1219 	EXP 	right: autoDraw = True
160.1219 	EXP 	up: autoDraw = True
160.1219 	EXP 	down: autoDraw = True
160.1389 	EXP 	center: autoDraw = True
160.1389 	EXP 	left: autoDraw = True
160.1389 	EXP 	right: autoDraw = True
160.1389 	EXP 	up: autoDraw = True
160.1389 	EXP 	down: autoDraw = True
160.1557 	EXP 	center: autoDraw = True
160.1557 	EXP 	left: autoDraw = True
160.1557 	EXP 	right: autoDraw = True
160.1557 	EXP 	up: autoDraw = True
160.1557 	EXP 	down: autoDraw = True
160.1722 	EXP 	center: autoDraw = True
160.1722 	EXP 	left: autoDraw = True
160.1722 	EXP 	right: autoDraw = True
160.1722 	EXP 	up: autoDraw = True
160.1722 	EXP 	down: autoDraw = True
160.1890 	EXP 	center: autoDraw = True
160.1890 	EXP 	left: autoDraw = True
160.1890 	EXP 	right: autoDraw = True
160.1890 	EXP 	up: autoDraw = True
160.1890 	EXP 	down: autoDraw = True
160.2057 	EXP 	center: autoDraw = True
160.2057 	EXP 	left: autoDraw = True
160.2057 	EXP 	right: autoDraw = True
160.2057 	EXP 	up: autoDraw = True
160.2057 	EXP 	down: autoDraw = True
160.2225 	EXP 	center: autoDraw = True
160.2225 	EXP 	left: autoDraw = True
160.2225 	EXP 	right: autoDraw = True
160.2225 	EXP 	up: autoDraw = True
160.2225 	EXP 	down: autoDraw = True
160.2389 	EXP 	center: autoDraw = True
160.2389 	EXP 	left: autoDraw = True
160.2389 	EXP 	right: autoDraw = True
160.2389 	EXP 	up: autoDraw = True
160.2389 	EXP 	down: autoDraw = True
160.2559 	EXP 	center: autoDraw = True
160.2559 	EXP 	left: autoDraw = True
160.2559 	EXP 	right: autoDraw = True
160.2559 	EXP 	up: autoDraw = True
160.2559 	EXP 	down: autoDraw = True
160.2723 	EXP 	center: autoDraw = True
160.2723 	EXP 	left: autoDraw = True
160.2723 	EXP 	right: autoDraw = True
160.2723 	EXP 	up: autoDraw = True
160.2723 	EXP 	down: autoDraw = True
160.2884 	EXP 	center: autoDraw = True
160.2884 	EXP 	left: autoDraw = True
160.2884 	EXP 	right: autoDraw = True
160.2884 	EXP 	up: autoDraw = True
160.2884 	EXP 	down: autoDraw = True
160.3056 	EXP 	center: autoDraw = True
160.3056 	EXP 	left: autoDraw = True
160.3056 	EXP 	right: autoDraw = True
160.3056 	EXP 	up: autoDraw = True
160.3056 	EXP 	down: autoDraw = True
160.3225 	EXP 	center: autoDraw = True
160.3225 	EXP 	left: autoDraw = True
160.3225 	EXP 	right: autoDraw = True
160.3225 	EXP 	up: autoDraw = True
160.3225 	EXP 	down: autoDraw = True
160.3392 	EXP 	center: autoDraw = True
160.3392 	EXP 	left: autoDraw = True
160.3392 	EXP 	right: autoDraw = True
160.3392 	EXP 	up: autoDraw = True
160.3392 	EXP 	down: autoDraw = True
160.3394 	DATA 	wsqS
160.3556 	EXP 	center: autoDraw = True
160.3556 	EXP 	left: autoDraw = True
160.3556 	EXP 	right: autoDraw = True
160.3556 	EXP 	up: autoDraw = True
160.3556 	EXP 	down: autoDraw = True
160.3556 	EXP 	whitesquare: autoDraw = True
160.3726 	EXP 	center: autoDraw = True
160.3726 	EXP 	left: autoDraw = True
160.3726 	EXP 	right: autoDraw = True
160.3726 	EXP 	up: autoDraw = True
160.3726 	EXP 	down: autoDraw = True
160.3726 	EXP 	whitesquare: autoDraw = False
160.3889 	EXP 	center: autoDraw = True
160.3889 	EXP 	left: autoDraw = True
160.3889 	EXP 	right: autoDraw = True
160.3889 	EXP 	up: autoDraw = True
160.3889 	EXP 	down: autoDraw = True
160.4057 	EXP 	center: autoDraw = True
160.4057 	EXP 	left: autoDraw = True
160.4057 	EXP 	right: autoDraw = True
160.4057 	EXP 	up: autoDraw = True
160.4057 	EXP 	down: autoDraw = True
160.4223 	EXP 	center: autoDraw = True
160.4223 	EXP 	left: autoDraw = True
160.4223 	EXP 	right: autoDraw = True
160.4223 	EXP 	up: autoDraw = True
160.4223 	EXP 	down: autoDraw = True
160.4389 	EXP 	center: autoDraw = True
160.4389 	EXP 	left: autoDraw = True
160.4389 	EXP 	right: autoDraw = True
160.4389 	EXP 	up: autoDraw = True
160.4389 	EXP 	down: autoDraw = True
160.4557 	EXP 	center: autoDraw = True
160.4557 	EXP 	left: autoDraw = True
160.4557 	EXP 	right: autoDraw = True
160.4557 	EXP 	up: autoDraw = True
160.4557 	EXP 	down: autoDraw = True
160.4725 	EXP 	center: autoDraw = True
160.4725 	EXP 	left: autoDraw = True
160.4725 	EXP 	right: autoDraw = True
160.4725 	EXP 	up: autoDraw = True
160.4725 	EXP 	down: autoDraw = True
160.4889 	EXP 	center: autoDraw = True
160.4889 	EXP 	left: autoDraw = True
160.4889 	EXP 	right: autoDraw = True
160.4889 	EXP 	up: autoDraw = True
160.4889 	EXP 	down: autoDraw = True
160.5058 	EXP 	center: autoDraw = True
160.5058 	EXP 	left: autoDraw = True
160.5058 	EXP 	right: autoDraw = True
160.5058 	EXP 	up: autoDraw = True
160.5058 	EXP 	down: autoDraw = True
160.5221 	EXP 	center: autoDraw = True
160.5221 	EXP 	left: autoDraw = True
160.5221 	EXP 	right: autoDraw = True
160.5221 	EXP 	up: autoDraw = True
160.5221 	EXP 	down: autoDraw = True
160.5391 	EXP 	center: autoDraw = True
160.5391 	EXP 	left: autoDraw = True
160.5391 	EXP 	right: autoDraw = True
160.5391 	EXP 	up: autoDraw = True
160.5391 	EXP 	down: autoDraw = True
160.5552 	EXP 	center: autoDraw = True
160.5552 	EXP 	left: autoDraw = True
160.5552 	EXP 	right: autoDraw = True
160.5552 	EXP 	up: autoDraw = True
160.5552 	EXP 	down: autoDraw = True
160.5722 	EXP 	center: autoDraw = True
160.5722 	EXP 	left: autoDraw = True
160.5722 	EXP 	right: autoDraw = True
160.5722 	EXP 	up: autoDraw = True
160.5722 	EXP 	down: autoDraw = True
160.5890 	EXP 	center: autoDraw = True
160.5890 	EXP 	left: autoDraw = True
160.5890 	EXP 	right: autoDraw = True
160.5890 	EXP 	up: autoDraw = True
160.5890 	EXP 	down: autoDraw = True
160.6058 	EXP 	center: autoDraw = True
160.6058 	EXP 	left: autoDraw = True
160.6058 	EXP 	right: autoDraw = True
160.6058 	EXP 	up: autoDraw = True
160.6058 	EXP 	down: autoDraw = True
160.6224 	EXP 	center: autoDraw = True
160.6224 	EXP 	left: autoDraw = True
160.6224 	EXP 	right: autoDraw = True
160.6224 	EXP 	up: autoDraw = True
160.6224 	EXP 	down: autoDraw = True
160.6389 	EXP 	center: autoDraw = True
160.6389 	EXP 	left: autoDraw = True
160.6389 	EXP 	right: autoDraw = True
160.6389 	EXP 	up: autoDraw = True
160.6389 	EXP 	down: autoDraw = True
160.6556 	EXP 	center: autoDraw = True
160.6556 	EXP 	left: autoDraw = True
160.6556 	EXP 	right: autoDraw = True
160.6556 	EXP 	up: autoDraw = True
160.6556 	EXP 	down: autoDraw = True
160.6727 	EXP 	center: autoDraw = True
160.6727 	EXP 	left: autoDraw = True
160.6727 	EXP 	right: autoDraw = True
160.6727 	EXP 	up: autoDraw = True
160.6727 	EXP 	down: autoDraw = True
160.6889 	EXP 	center: autoDraw = True
160.6889 	EXP 	left: autoDraw = True
160.6889 	EXP 	right: autoDraw = True
160.6889 	EXP 	up: autoDraw = True
160.6889 	EXP 	down: autoDraw = True
160.7057 	EXP 	center: autoDraw = True
160.7057 	EXP 	left: autoDraw = True
160.7057 	EXP 	right: autoDraw = True
160.7057 	EXP 	up: autoDraw = True
160.7057 	EXP 	down: autoDraw = True
160.7224 	EXP 	center: autoDraw = True
160.7224 	EXP 	left: autoDraw = True
160.7224 	EXP 	right: autoDraw = True
160.7224 	EXP 	up: autoDraw = True
160.7224 	EXP 	down: autoDraw = True
160.7393 	EXP 	center: autoDraw = True
160.7393 	EXP 	left: autoDraw = True
160.7393 	EXP 	right: autoDraw = True
160.7393 	EXP 	up: autoDraw = True
160.7393 	EXP 	down: autoDraw = True
160.7554 	EXP 	center: autoDraw = True
160.7554 	EXP 	left: autoDraw = True
160.7554 	EXP 	right: autoDraw = True
160.7554 	EXP 	up: autoDraw = True
160.7554 	EXP 	down: autoDraw = True
160.7724 	EXP 	center: autoDraw = True
160.7724 	EXP 	left: autoDraw = True
160.7724 	EXP 	right: autoDraw = True
160.7724 	EXP 	up: autoDraw = True
160.7724 	EXP 	down: autoDraw = True
160.7893 	EXP 	center: autoDraw = True
160.7893 	EXP 	left: autoDraw = True
160.7893 	EXP 	right: autoDraw = True
160.7893 	EXP 	up: autoDraw = True
160.7893 	EXP 	down: autoDraw = True
160.8056 	EXP 	center: autoDraw = True
160.8056 	EXP 	left: autoDraw = True
160.8056 	EXP 	right: autoDraw = True
160.8056 	EXP 	up: autoDraw = True
160.8056 	EXP 	down: autoDraw = True
160.8222 	EXP 	center: autoDraw = True
160.8222 	EXP 	left: autoDraw = True
160.8222 	EXP 	right: autoDraw = True
160.8222 	EXP 	up: autoDraw = True
160.8222 	EXP 	down: autoDraw = True
160.8390 	EXP 	center: autoDraw = True
160.8390 	EXP 	left: autoDraw = True
160.8390 	EXP 	right: autoDraw = True
160.8390 	EXP 	up: autoDraw = True
160.8390 	EXP 	down: autoDraw = True
160.8557 	EXP 	center: autoDraw = True
160.8557 	EXP 	left: autoDraw = True
160.8557 	EXP 	right: autoDraw = True
160.8557 	EXP 	up: autoDraw = True
160.8557 	EXP 	down: autoDraw = True
160.8726 	EXP 	center: autoDraw = True
160.8726 	EXP 	left: autoDraw = True
160.8726 	EXP 	right: autoDraw = True
160.8726 	EXP 	up: autoDraw = True
160.8726 	EXP 	down: autoDraw = True
160.8889 	EXP 	center: autoDraw = True
160.8889 	EXP 	left: autoDraw = True
160.8889 	EXP 	right: autoDraw = True
160.8889 	EXP 	up: autoDraw = True
160.8889 	EXP 	down: autoDraw = True
160.9058 	EXP 	center: autoDraw = True
160.9058 	EXP 	left: autoDraw = True
160.9058 	EXP 	right: autoDraw = True
160.9058 	EXP 	up: autoDraw = True
160.9058 	EXP 	down: autoDraw = True
160.9225 	EXP 	center: autoDraw = True
160.9225 	EXP 	left: autoDraw = True
160.9225 	EXP 	right: autoDraw = True
160.9225 	EXP 	up: autoDraw = True
160.9225 	EXP 	down: autoDraw = True
160.9389 	EXP 	center: autoDraw = True
160.9389 	EXP 	left: autoDraw = True
160.9389 	EXP 	right: autoDraw = True
160.9389 	EXP 	up: autoDraw = True
160.9389 	EXP 	down: autoDraw = True
160.9556 	EXP 	center: autoDraw = True
160.9556 	EXP 	left: autoDraw = True
160.9556 	EXP 	right: autoDraw = True
160.9556 	EXP 	up: autoDraw = True
160.9556 	EXP 	down: autoDraw = True
160.9725 	EXP 	center: autoDraw = True
160.9725 	EXP 	left: autoDraw = True
160.9725 	EXP 	right: autoDraw = True
160.9725 	EXP 	up: autoDraw = True
160.9725 	EXP 	down: autoDraw = True
160.9889 	EXP 	center: autoDraw = True
160.9889 	EXP 	left: autoDraw = True
160.9889 	EXP 	right: autoDraw = True
160.9889 	EXP 	up: autoDraw = True
160.9889 	EXP 	down: autoDraw = True
161.0059 	EXP 	center: autoDraw = True
161.0059 	EXP 	left: autoDraw = True
161.0059 	EXP 	right: autoDraw = True
161.0059 	EXP 	up: autoDraw = True
161.0059 	EXP 	down: autoDraw = True
161.0222 	EXP 	center: autoDraw = True
161.0222 	EXP 	left: autoDraw = True
161.0222 	EXP 	right: autoDraw = True
161.0222 	EXP 	up: autoDraw = True
161.0222 	EXP 	down: autoDraw = True
161.0389 	EXP 	center: autoDraw = True
161.0389 	EXP 	left: autoDraw = True
161.0389 	EXP 	right: autoDraw = True
161.0389 	EXP 	up: autoDraw = True
161.0389 	EXP 	down: autoDraw = True
161.0557 	EXP 	center: autoDraw = True
161.0557 	EXP 	left: autoDraw = True
161.0557 	EXP 	right: autoDraw = True
161.0557 	EXP 	up: autoDraw = True
161.0557 	EXP 	down: autoDraw = True
161.0725 	EXP 	center: autoDraw = True
161.0725 	EXP 	left: autoDraw = True
161.0725 	EXP 	right: autoDraw = True
161.0725 	EXP 	up: autoDraw = True
161.0725 	EXP 	down: autoDraw = True
161.0891 	EXP 	center: autoDraw = True
161.0891 	EXP 	left: autoDraw = True
161.0891 	EXP 	right: autoDraw = True
161.0891 	EXP 	up: autoDraw = True
161.0891 	EXP 	down: autoDraw = True
161.1058 	EXP 	center: autoDraw = True
161.1058 	EXP 	left: autoDraw = True
161.1058 	EXP 	right: autoDraw = True
161.1058 	EXP 	up: autoDraw = True
161.1058 	EXP 	down: autoDraw = True
161.1226 	EXP 	center: autoDraw = True
161.1226 	EXP 	left: autoDraw = True
161.1226 	EXP 	right: autoDraw = True
161.1226 	EXP 	up: autoDraw = True
161.1226 	EXP 	down: autoDraw = True
161.1389 	EXP 	center: autoDraw = True
161.1389 	EXP 	left: autoDraw = True
161.1389 	EXP 	right: autoDraw = True
161.1389 	EXP 	up: autoDraw = True
161.1389 	EXP 	down: autoDraw = True
161.1557 	EXP 	center: autoDraw = True
161.1557 	EXP 	left: autoDraw = True
161.1557 	EXP 	right: autoDraw = True
161.1557 	EXP 	up: autoDraw = True
161.1557 	EXP 	down: autoDraw = True
161.1725 	EXP 	center: autoDraw = True
161.1725 	EXP 	left: autoDraw = True
161.1725 	EXP 	right: autoDraw = True
161.1725 	EXP 	up: autoDraw = True
161.1725 	EXP 	down: autoDraw = True
161.1892 	EXP 	center: autoDraw = True
161.1892 	EXP 	left: autoDraw = True
161.1892 	EXP 	right: autoDraw = True
161.1892 	EXP 	up: autoDraw = True
161.1892 	EXP 	down: autoDraw = True
161.2052 	EXP 	center: autoDraw = True
161.2052 	EXP 	left: autoDraw = True
161.2052 	EXP 	right: autoDraw = True
161.2052 	EXP 	up: autoDraw = True
161.2052 	EXP 	down: autoDraw = True
161.2221 	EXP 	center: autoDraw = True
161.2221 	EXP 	left: autoDraw = True
161.2221 	EXP 	right: autoDraw = True
161.2221 	EXP 	up: autoDraw = True
161.2221 	EXP 	down: autoDraw = True
161.2389 	EXP 	center: autoDraw = True
161.2389 	EXP 	left: autoDraw = True
161.2389 	EXP 	right: autoDraw = True
161.2389 	EXP 	up: autoDraw = True
161.2389 	EXP 	down: autoDraw = True
161.2557 	EXP 	center: autoDraw = True
161.2557 	EXP 	left: autoDraw = True
161.2557 	EXP 	right: autoDraw = True
161.2557 	EXP 	up: autoDraw = True
161.2557 	EXP 	down: autoDraw = True
161.2725 	EXP 	center: autoDraw = True
161.2725 	EXP 	left: autoDraw = True
161.2725 	EXP 	right: autoDraw = True
161.2725 	EXP 	up: autoDraw = True
161.2725 	EXP 	down: autoDraw = True
161.2889 	EXP 	center: autoDraw = True
161.2889 	EXP 	left: autoDraw = True
161.2889 	EXP 	right: autoDraw = True
161.2889 	EXP 	up: autoDraw = True
161.2889 	EXP 	down: autoDraw = True
161.3056 	EXP 	center: autoDraw = True
161.3056 	EXP 	left: autoDraw = True
161.3056 	EXP 	right: autoDraw = True
161.3056 	EXP 	up: autoDraw = True
161.3056 	EXP 	down: autoDraw = True
161.3215 	EXP 	center: autoDraw = True
161.3215 	EXP 	left: autoDraw = True
161.3215 	EXP 	right: autoDraw = True
161.3215 	EXP 	up: autoDraw = True
161.3215 	EXP 	down: autoDraw = True
161.3389 	EXP 	center: autoDraw = True
161.3389 	EXP 	left: autoDraw = True
161.3389 	EXP 	right: autoDraw = True
161.3389 	EXP 	up: autoDraw = True
161.3389 	EXP 	down: autoDraw = True
161.3556 	EXP 	center: autoDraw = True
161.3556 	EXP 	left: autoDraw = True
161.3556 	EXP 	right: autoDraw = True
161.3556 	EXP 	up: autoDraw = True
161.3556 	EXP 	down: autoDraw = True
161.3724 	EXP 	center: autoDraw = True
161.3724 	EXP 	left: autoDraw = True
161.3724 	EXP 	right: autoDraw = True
161.3724 	EXP 	up: autoDraw = True
161.3724 	EXP 	down: autoDraw = True
161.3892 	EXP 	center: autoDraw = True
161.3892 	EXP 	left: autoDraw = True
161.3892 	EXP 	right: autoDraw = True
161.3892 	EXP 	up: autoDraw = True
161.3892 	EXP 	down: autoDraw = True
161.4055 	EXP 	center: autoDraw = True
161.4055 	EXP 	left: autoDraw = True
161.4055 	EXP 	right: autoDraw = True
161.4055 	EXP 	up: autoDraw = True
161.4055 	EXP 	down: autoDraw = True
161.4225 	EXP 	center: autoDraw = True
161.4225 	EXP 	left: autoDraw = True
161.4225 	EXP 	right: autoDraw = True
161.4225 	EXP 	up: autoDraw = True
161.4225 	EXP 	down: autoDraw = True
161.4387 	EXP 	center: autoDraw = True
161.4387 	EXP 	left: autoDraw = True
161.4387 	EXP 	right: autoDraw = True
161.4387 	EXP 	up: autoDraw = True
161.4387 	EXP 	down: autoDraw = True
161.4558 	EXP 	center: autoDraw = True
161.4558 	EXP 	left: autoDraw = True
161.4558 	EXP 	right: autoDraw = True
161.4558 	EXP 	up: autoDraw = True
161.4558 	EXP 	down: autoDraw = True
161.4724 	EXP 	center: autoDraw = True
161.4724 	EXP 	left: autoDraw = True
161.4724 	EXP 	right: autoDraw = True
161.4724 	EXP 	up: autoDraw = True
161.4724 	EXP 	down: autoDraw = True
161.4892 	EXP 	center: autoDraw = True
161.4892 	EXP 	left: autoDraw = True
161.4892 	EXP 	right: autoDraw = True
161.4892 	EXP 	up: autoDraw = True
161.4892 	EXP 	down: autoDraw = True
161.5056 	EXP 	center: autoDraw = True
161.5056 	EXP 	left: autoDraw = True
161.5056 	EXP 	right: autoDraw = True
161.5056 	EXP 	up: autoDraw = True
161.5056 	EXP 	down: autoDraw = True
161.5225 	EXP 	center: autoDraw = True
161.5225 	EXP 	left: autoDraw = True
161.5225 	EXP 	right: autoDraw = True
161.5225 	EXP 	up: autoDraw = True
161.5225 	EXP 	down: autoDraw = True
161.5389 	EXP 	center: autoDraw = True
161.5389 	EXP 	left: autoDraw = True
161.5389 	EXP 	right: autoDraw = True
161.5389 	EXP 	up: autoDraw = True
161.5389 	EXP 	down: autoDraw = True
161.5559 	EXP 	center: autoDraw = True
161.5559 	EXP 	left: autoDraw = True
161.5559 	EXP 	right: autoDraw = True
161.5559 	EXP 	up: autoDraw = True
161.5559 	EXP 	down: autoDraw = True
161.5722 	EXP 	center: autoDraw = True
161.5722 	EXP 	left: autoDraw = True
161.5722 	EXP 	right: autoDraw = True
161.5722 	EXP 	up: autoDraw = True
161.5722 	EXP 	down: autoDraw = True
161.5886 	EXP 	center: autoDraw = True
161.5886 	EXP 	left: autoDraw = True
161.5886 	EXP 	right: autoDraw = True
161.5886 	EXP 	up: autoDraw = True
161.5886 	EXP 	down: autoDraw = True
161.6056 	EXP 	center: autoDraw = True
161.6056 	EXP 	left: autoDraw = True
161.6056 	EXP 	right: autoDraw = True
161.6056 	EXP 	up: autoDraw = True
161.6056 	EXP 	down: autoDraw = True
161.6227 	EXP 	center: autoDraw = True
161.6227 	EXP 	left: autoDraw = True
161.6227 	EXP 	right: autoDraw = True
161.6227 	EXP 	up: autoDraw = True
161.6227 	EXP 	down: autoDraw = True
161.6388 	EXP 	center: autoDraw = True
161.6388 	EXP 	left: autoDraw = True
161.6388 	EXP 	right: autoDraw = True
161.6388 	EXP 	up: autoDraw = True
161.6388 	EXP 	down: autoDraw = True
161.6556 	EXP 	center: autoDraw = True
161.6556 	EXP 	left: autoDraw = True
161.6556 	EXP 	right: autoDraw = True
161.6556 	EXP 	up: autoDraw = True
161.6556 	EXP 	down: autoDraw = True
161.6726 	EXP 	center: autoDraw = True
161.6726 	EXP 	left: autoDraw = True
161.6726 	EXP 	right: autoDraw = True
161.6726 	EXP 	up: autoDraw = True
161.6726 	EXP 	down: autoDraw = True
161.6888 	EXP 	center: autoDraw = True
161.6888 	EXP 	left: autoDraw = True
161.6888 	EXP 	right: autoDraw = True
161.6888 	EXP 	up: autoDraw = True
161.6888 	EXP 	down: autoDraw = True
161.7058 	EXP 	center: autoDraw = True
161.7058 	EXP 	left: autoDraw = True
161.7058 	EXP 	right: autoDraw = True
161.7058 	EXP 	up: autoDraw = True
161.7058 	EXP 	down: autoDraw = True
161.7222 	EXP 	center: autoDraw = True
161.7222 	EXP 	left: autoDraw = True
161.7222 	EXP 	right: autoDraw = True
161.7222 	EXP 	up: autoDraw = True
161.7222 	EXP 	down: autoDraw = True
161.7390 	EXP 	center: autoDraw = True
161.7390 	EXP 	left: autoDraw = True
161.7390 	EXP 	right: autoDraw = True
161.7390 	EXP 	up: autoDraw = True
161.7390 	EXP 	down: autoDraw = True
161.7558 	EXP 	center: autoDraw = True
161.7558 	EXP 	left: autoDraw = True
161.7558 	EXP 	right: autoDraw = True
161.7558 	EXP 	up: autoDraw = True
161.7558 	EXP 	down: autoDraw = True
161.7722 	EXP 	center: autoDraw = True
161.7722 	EXP 	left: autoDraw = True
161.7722 	EXP 	right: autoDraw = True
161.7722 	EXP 	up: autoDraw = True
161.7722 	EXP 	down: autoDraw = True
161.7891 	EXP 	center: autoDraw = True
161.7891 	EXP 	left: autoDraw = True
161.7891 	EXP 	right: autoDraw = True
161.7891 	EXP 	up: autoDraw = True
161.7891 	EXP 	down: autoDraw = True
161.8058 	EXP 	center: autoDraw = True
161.8058 	EXP 	left: autoDraw = True
161.8058 	EXP 	right: autoDraw = True
161.8058 	EXP 	up: autoDraw = True
161.8058 	EXP 	down: autoDraw = True
161.8220 	EXP 	center: autoDraw = True
161.8220 	EXP 	left: autoDraw = True
161.8220 	EXP 	right: autoDraw = True
161.8220 	EXP 	up: autoDraw = True
161.8220 	EXP 	down: autoDraw = True
161.8390 	EXP 	center: autoDraw = True
161.8390 	EXP 	left: autoDraw = True
161.8390 	EXP 	right: autoDraw = True
161.8390 	EXP 	up: autoDraw = True
161.8390 	EXP 	down: autoDraw = True
161.8556 	EXP 	center: autoDraw = True
161.8556 	EXP 	left: autoDraw = True
161.8556 	EXP 	right: autoDraw = True
161.8556 	EXP 	up: autoDraw = True
161.8556 	EXP 	down: autoDraw = True
161.8725 	EXP 	center: autoDraw = True
161.8725 	EXP 	left: autoDraw = True
161.8725 	EXP 	right: autoDraw = True
161.8725 	EXP 	up: autoDraw = True
161.8725 	EXP 	down: autoDraw = True
161.8889 	EXP 	center: autoDraw = True
161.8889 	EXP 	left: autoDraw = True
161.8889 	EXP 	right: autoDraw = True
161.8889 	EXP 	up: autoDraw = True
161.8889 	EXP 	down: autoDraw = True
161.9057 	EXP 	center: autoDraw = True
161.9057 	EXP 	left: autoDraw = True
161.9057 	EXP 	right: autoDraw = True
161.9057 	EXP 	up: autoDraw = True
161.9057 	EXP 	down: autoDraw = True
161.9225 	EXP 	center: autoDraw = True
161.9225 	EXP 	left: autoDraw = True
161.9225 	EXP 	right: autoDraw = True
161.9225 	EXP 	up: autoDraw = True
161.9225 	EXP 	down: autoDraw = True
161.9389 	EXP 	center: autoDraw = True
161.9389 	EXP 	left: autoDraw = True
161.9389 	EXP 	right: autoDraw = True
161.9389 	EXP 	up: autoDraw = True
161.9389 	EXP 	down: autoDraw = True
161.9557 	EXP 	center: autoDraw = True
161.9557 	EXP 	left: autoDraw = True
161.9557 	EXP 	right: autoDraw = True
161.9557 	EXP 	up: autoDraw = True
161.9557 	EXP 	down: autoDraw = True
161.9718 	EXP 	center: autoDraw = True
161.9718 	EXP 	left: autoDraw = True
161.9718 	EXP 	right: autoDraw = True
161.9718 	EXP 	up: autoDraw = True
161.9718 	EXP 	down: autoDraw = True
161.9888 	EXP 	center: autoDraw = True
161.9888 	EXP 	left: autoDraw = True
161.9888 	EXP 	right: autoDraw = True
161.9888 	EXP 	up: autoDraw = True
161.9888 	EXP 	down: autoDraw = True
162.0057 	EXP 	center: autoDraw = True
162.0057 	EXP 	left: autoDraw = True
162.0057 	EXP 	right: autoDraw = True
162.0057 	EXP 	up: autoDraw = True
162.0057 	EXP 	down: autoDraw = True
162.0223 	EXP 	center: autoDraw = True
162.0223 	EXP 	left: autoDraw = True
162.0223 	EXP 	right: autoDraw = True
162.0223 	EXP 	up: autoDraw = True
162.0223 	EXP 	down: autoDraw = True
162.0391 	EXP 	center: autoDraw = True
162.0391 	EXP 	left: autoDraw = True
162.0391 	EXP 	right: autoDraw = True
162.0391 	EXP 	up: autoDraw = True
162.0391 	EXP 	down: autoDraw = True
162.0555 	EXP 	center: autoDraw = True
162.0555 	EXP 	left: autoDraw = True
162.0555 	EXP 	right: autoDraw = True
162.0555 	EXP 	up: autoDraw = True
162.0555 	EXP 	down: autoDraw = True
162.0723 	EXP 	center: autoDraw = True
162.0723 	EXP 	left: autoDraw = True
162.0723 	EXP 	right: autoDraw = True
162.0723 	EXP 	up: autoDraw = True
162.0723 	EXP 	down: autoDraw = True
162.0891 	EXP 	center: autoDraw = True
162.0891 	EXP 	left: autoDraw = True
162.0891 	EXP 	right: autoDraw = True
162.0891 	EXP 	up: autoDraw = True
162.0891 	EXP 	down: autoDraw = True
162.1054 	EXP 	center: autoDraw = True
162.1054 	EXP 	left: autoDraw = True
162.1054 	EXP 	right: autoDraw = True
162.1054 	EXP 	up: autoDraw = True
162.1054 	EXP 	down: autoDraw = True
162.1222 	EXP 	center: autoDraw = True
162.1222 	EXP 	left: autoDraw = True
162.1222 	EXP 	right: autoDraw = True
162.1222 	EXP 	up: autoDraw = True
162.1222 	EXP 	down: autoDraw = True
162.1389 	EXP 	center: autoDraw = True
162.1389 	EXP 	left: autoDraw = True
162.1389 	EXP 	right: autoDraw = True
162.1389 	EXP 	up: autoDraw = True
162.1389 	EXP 	down: autoDraw = True
162.1558 	EXP 	center: autoDraw = True
162.1558 	EXP 	left: autoDraw = True
162.1558 	EXP 	right: autoDraw = True
162.1558 	EXP 	up: autoDraw = True
162.1558 	EXP 	down: autoDraw = True
162.1722 	EXP 	center: autoDraw = True
162.1722 	EXP 	left: autoDraw = True
162.1722 	EXP 	right: autoDraw = True
162.1722 	EXP 	up: autoDraw = True
162.1722 	EXP 	down: autoDraw = True
162.1889 	EXP 	center: autoDraw = True
162.1889 	EXP 	left: autoDraw = True
162.1889 	EXP 	right: autoDraw = True
162.1889 	EXP 	up: autoDraw = True
162.1889 	EXP 	down: autoDraw = True
162.2058 	EXP 	center: autoDraw = True
162.2058 	EXP 	left: autoDraw = True
162.2058 	EXP 	right: autoDraw = True
162.2058 	EXP 	up: autoDraw = True
162.2058 	EXP 	down: autoDraw = True
162.2222 	EXP 	center: autoDraw = True
162.2222 	EXP 	left: autoDraw = True
162.2222 	EXP 	right: autoDraw = True
162.2222 	EXP 	up: autoDraw = True
162.2222 	EXP 	down: autoDraw = True
162.2387 	EXP 	center: autoDraw = True
162.2387 	EXP 	left: autoDraw = True
162.2387 	EXP 	right: autoDraw = True
162.2387 	EXP 	up: autoDraw = True
162.2387 	EXP 	down: autoDraw = True
162.2555 	EXP 	center: autoDraw = True
162.2555 	EXP 	left: autoDraw = True
162.2555 	EXP 	right: autoDraw = True
162.2555 	EXP 	up: autoDraw = True
162.2555 	EXP 	down: autoDraw = True
162.2723 	EXP 	center: autoDraw = True
162.2723 	EXP 	left: autoDraw = True
162.2723 	EXP 	right: autoDraw = True
162.2723 	EXP 	up: autoDraw = True
162.2723 	EXP 	down: autoDraw = True
162.2890 	EXP 	center: autoDraw = True
162.2890 	EXP 	left: autoDraw = True
162.2890 	EXP 	right: autoDraw = True
162.2890 	EXP 	up: autoDraw = True
162.2890 	EXP 	down: autoDraw = True
162.3058 	EXP 	center: autoDraw = True
162.3058 	EXP 	left: autoDraw = True
162.3058 	EXP 	right: autoDraw = True
162.3058 	EXP 	up: autoDraw = True
162.3058 	EXP 	down: autoDraw = True
162.3222 	EXP 	center: autoDraw = True
162.3222 	EXP 	left: autoDraw = True
162.3222 	EXP 	right: autoDraw = True
162.3222 	EXP 	up: autoDraw = True
162.3222 	EXP 	down: autoDraw = True
162.3390 	EXP 	center: autoDraw = True
162.3390 	EXP 	left: autoDraw = True
162.3390 	EXP 	right: autoDraw = True
162.3390 	EXP 	up: autoDraw = True
162.3390 	EXP 	down: autoDraw = True
162.3549 	EXP 	center: autoDraw = True
162.3549 	EXP 	left: autoDraw = True
162.3549 	EXP 	right: autoDraw = True
162.3549 	EXP 	up: autoDraw = True
162.3549 	EXP 	down: autoDraw = True
162.3722 	EXP 	center: autoDraw = True
162.3722 	EXP 	left: autoDraw = True
162.3722 	EXP 	right: autoDraw = True
162.3722 	EXP 	up: autoDraw = True
162.3722 	EXP 	down: autoDraw = True
162.3891 	EXP 	center: autoDraw = True
162.3891 	EXP 	left: autoDraw = True
162.3891 	EXP 	right: autoDraw = True
162.3891 	EXP 	up: autoDraw = True
162.3891 	EXP 	down: autoDraw = True
162.4055 	EXP 	center: autoDraw = True
162.4055 	EXP 	left: autoDraw = True
162.4055 	EXP 	right: autoDraw = True
162.4055 	EXP 	up: autoDraw = True
162.4055 	EXP 	down: autoDraw = True
162.4223 	EXP 	center: autoDraw = True
162.4223 	EXP 	left: autoDraw = True
162.4223 	EXP 	right: autoDraw = True
162.4223 	EXP 	up: autoDraw = True
162.4223 	EXP 	down: autoDraw = True
162.4388 	EXP 	center: autoDraw = True
162.4388 	EXP 	left: autoDraw = True
162.4388 	EXP 	right: autoDraw = True
162.4388 	EXP 	up: autoDraw = True
162.4388 	EXP 	down: autoDraw = True
162.4556 	EXP 	center: autoDraw = True
162.4556 	EXP 	left: autoDraw = True
162.4556 	EXP 	right: autoDraw = True
162.4556 	EXP 	up: autoDraw = True
162.4556 	EXP 	down: autoDraw = True
162.4724 	EXP 	center: autoDraw = True
162.4724 	EXP 	left: autoDraw = True
162.4724 	EXP 	right: autoDraw = True
162.4724 	EXP 	up: autoDraw = True
162.4724 	EXP 	down: autoDraw = True
162.4888 	EXP 	center: autoDraw = True
162.4888 	EXP 	left: autoDraw = True
162.4888 	EXP 	right: autoDraw = True
162.4888 	EXP 	up: autoDraw = True
162.4888 	EXP 	down: autoDraw = True
162.5057 	EXP 	center: autoDraw = True
162.5057 	EXP 	left: autoDraw = True
162.5057 	EXP 	right: autoDraw = True
162.5057 	EXP 	up: autoDraw = True
162.5057 	EXP 	down: autoDraw = True
162.5224 	EXP 	center: autoDraw = True
162.5224 	EXP 	left: autoDraw = True
162.5224 	EXP 	right: autoDraw = True
162.5224 	EXP 	up: autoDraw = True
162.5224 	EXP 	down: autoDraw = True
162.5388 	EXP 	center: autoDraw = True
162.5388 	EXP 	left: autoDraw = True
162.5388 	EXP 	right: autoDraw = True
162.5388 	EXP 	up: autoDraw = True
162.5388 	EXP 	down: autoDraw = True
162.5558 	EXP 	center: autoDraw = True
162.5558 	EXP 	left: autoDraw = True
162.5558 	EXP 	right: autoDraw = True
162.5558 	EXP 	up: autoDraw = True
162.5558 	EXP 	down: autoDraw = True
162.5721 	EXP 	center: autoDraw = True
162.5721 	EXP 	left: autoDraw = True
162.5721 	EXP 	right: autoDraw = True
162.5721 	EXP 	up: autoDraw = True
162.5721 	EXP 	down: autoDraw = True
162.5890 	EXP 	center: autoDraw = True
162.5890 	EXP 	left: autoDraw = True
162.5890 	EXP 	right: autoDraw = True
162.5890 	EXP 	up: autoDraw = True
162.5890 	EXP 	down: autoDraw = True
162.6057 	EXP 	center: autoDraw = True
162.6057 	EXP 	left: autoDraw = True
162.6057 	EXP 	right: autoDraw = True
162.6057 	EXP 	up: autoDraw = True
162.6057 	EXP 	down: autoDraw = True
162.6222 	EXP 	center: autoDraw = True
162.6222 	EXP 	left: autoDraw = True
162.6222 	EXP 	right: autoDraw = True
162.6222 	EXP 	up: autoDraw = True
162.6222 	EXP 	down: autoDraw = True
162.6390 	EXP 	center: autoDraw = True
162.6390 	EXP 	left: autoDraw = True
162.6390 	EXP 	right: autoDraw = True
162.6390 	EXP 	up: autoDraw = True
162.6390 	EXP 	down: autoDraw = True
162.6558 	EXP 	center: autoDraw = True
162.6558 	EXP 	left: autoDraw = True
162.6558 	EXP 	right: autoDraw = True
162.6558 	EXP 	up: autoDraw = True
162.6558 	EXP 	down: autoDraw = True
162.6721 	EXP 	center: autoDraw = True
162.6721 	EXP 	left: autoDraw = True
162.6721 	EXP 	right: autoDraw = True
162.6721 	EXP 	up: autoDraw = True
162.6721 	EXP 	down: autoDraw = True
162.6889 	EXP 	center: autoDraw = True
162.6889 	EXP 	left: autoDraw = True
162.6889 	EXP 	right: autoDraw = True
162.6889 	EXP 	up: autoDraw = True
162.6889 	EXP 	down: autoDraw = True
162.7058 	EXP 	center: autoDraw = True
162.7058 	EXP 	left: autoDraw = True
162.7058 	EXP 	right: autoDraw = True
162.7058 	EXP 	up: autoDraw = True
162.7058 	EXP 	down: autoDraw = True
162.7221 	EXP 	center: autoDraw = True
162.7221 	EXP 	left: autoDraw = True
162.7221 	EXP 	right: autoDraw = True
162.7221 	EXP 	up: autoDraw = True
162.7221 	EXP 	down: autoDraw = True
162.7390 	EXP 	center: autoDraw = True
162.7390 	EXP 	left: autoDraw = True
162.7390 	EXP 	right: autoDraw = True
162.7390 	EXP 	up: autoDraw = True
162.7390 	EXP 	down: autoDraw = True
162.7554 	EXP 	center: autoDraw = True
162.7554 	EXP 	left: autoDraw = True
162.7554 	EXP 	right: autoDraw = True
162.7554 	EXP 	up: autoDraw = True
162.7554 	EXP 	down: autoDraw = True
162.7721 	EXP 	center: autoDraw = True
162.7721 	EXP 	left: autoDraw = True
162.7721 	EXP 	right: autoDraw = True
162.7721 	EXP 	up: autoDraw = True
162.7721 	EXP 	down: autoDraw = True
162.7888 	EXP 	center: autoDraw = True
162.7888 	EXP 	left: autoDraw = True
162.7888 	EXP 	right: autoDraw = True
162.7888 	EXP 	up: autoDraw = True
162.7888 	EXP 	down: autoDraw = True
162.8055 	EXP 	center: autoDraw = True
162.8055 	EXP 	left: autoDraw = True
162.8055 	EXP 	right: autoDraw = True
162.8055 	EXP 	up: autoDraw = True
162.8055 	EXP 	down: autoDraw = True
162.8225 	EXP 	center: autoDraw = True
162.8225 	EXP 	left: autoDraw = True
162.8225 	EXP 	right: autoDraw = True
162.8225 	EXP 	up: autoDraw = True
162.8225 	EXP 	down: autoDraw = True
162.8388 	EXP 	center: autoDraw = True
162.8388 	EXP 	left: autoDraw = True
162.8388 	EXP 	right: autoDraw = True
162.8388 	EXP 	up: autoDraw = True
162.8388 	EXP 	down: autoDraw = True
162.8557 	EXP 	center: autoDraw = True
162.8557 	EXP 	left: autoDraw = True
162.8557 	EXP 	right: autoDraw = True
162.8557 	EXP 	up: autoDraw = True
162.8557 	EXP 	down: autoDraw = True
162.8723 	EXP 	center: autoDraw = True
162.8723 	EXP 	left: autoDraw = True
162.8723 	EXP 	right: autoDraw = True
162.8723 	EXP 	up: autoDraw = True
162.8723 	EXP 	down: autoDraw = True
162.8888 	EXP 	center: autoDraw = True
162.8888 	EXP 	left: autoDraw = True
162.8888 	EXP 	right: autoDraw = True
162.8888 	EXP 	up: autoDraw = True
162.8888 	EXP 	down: autoDraw = True
162.9056 	EXP 	center: autoDraw = True
162.9056 	EXP 	left: autoDraw = True
162.9056 	EXP 	right: autoDraw = True
162.9056 	EXP 	up: autoDraw = True
162.9056 	EXP 	down: autoDraw = True
162.9224 	EXP 	center: autoDraw = True
162.9224 	EXP 	left: autoDraw = True
162.9224 	EXP 	right: autoDraw = True
162.9224 	EXP 	up: autoDraw = True
162.9224 	EXP 	down: autoDraw = True
162.9388 	EXP 	center: autoDraw = True
162.9388 	EXP 	left: autoDraw = True
162.9388 	EXP 	right: autoDraw = True
162.9388 	EXP 	up: autoDraw = True
162.9388 	EXP 	down: autoDraw = True
162.9555 	EXP 	center: autoDraw = True
162.9555 	EXP 	left: autoDraw = True
162.9555 	EXP 	right: autoDraw = True
162.9555 	EXP 	up: autoDraw = True
162.9555 	EXP 	down: autoDraw = True
162.9724 	EXP 	center: autoDraw = True
162.9724 	EXP 	left: autoDraw = True
162.9724 	EXP 	right: autoDraw = True
162.9724 	EXP 	up: autoDraw = True
162.9724 	EXP 	down: autoDraw = True
162.9888 	EXP 	center: autoDraw = True
162.9888 	EXP 	left: autoDraw = True
162.9888 	EXP 	right: autoDraw = True
162.9888 	EXP 	up: autoDraw = True
162.9888 	EXP 	down: autoDraw = True
163.0049 	EXP 	center: autoDraw = True
163.0049 	EXP 	left: autoDraw = True
163.0049 	EXP 	right: autoDraw = True
163.0049 	EXP 	up: autoDraw = True
163.0049 	EXP 	down: autoDraw = True
163.0050 	EXP 	Sound  started
163.0083 	DATA 	sbli | frame count: 480
163.0221 	EXP 	center: autoDraw = True
163.0221 	EXP 	left: autoDraw = True
163.0221 	EXP 	right: autoDraw = True
163.0221 	EXP 	up: autoDraw = True
163.0221 	EXP 	down: autoDraw = True
163.0389 	EXP 	center: autoDraw = True
163.0389 	EXP 	left: autoDraw = True
163.0389 	EXP 	right: autoDraw = True
163.0389 	EXP 	up: autoDraw = True
163.0389 	EXP 	down: autoDraw = True
163.0558 	EXP 	center: autoDraw = True
163.0558 	EXP 	left: autoDraw = True
163.0558 	EXP 	right: autoDraw = True
163.0558 	EXP 	up: autoDraw = True
163.0558 	EXP 	down: autoDraw = True
163.0720 	EXP 	center: autoDraw = True
163.0720 	EXP 	left: autoDraw = True
163.0720 	EXP 	right: autoDraw = True
163.0720 	EXP 	up: autoDraw = True
163.0720 	EXP 	down: autoDraw = True
163.0889 	EXP 	center: autoDraw = True
163.0889 	EXP 	left: autoDraw = True
163.0889 	EXP 	right: autoDraw = True
163.0889 	EXP 	up: autoDraw = True
163.0889 	EXP 	down: autoDraw = True
163.1057 	EXP 	center: autoDraw = True
163.1057 	EXP 	left: autoDraw = True
163.1057 	EXP 	right: autoDraw = True
163.1057 	EXP 	up: autoDraw = True
163.1057 	EXP 	down: autoDraw = True
163.1222 	EXP 	center: autoDraw = True
163.1222 	EXP 	left: autoDraw = True
163.1222 	EXP 	right: autoDraw = True
163.1222 	EXP 	up: autoDraw = True
163.1222 	EXP 	down: autoDraw = True
163.1390 	EXP 	center: autoDraw = True
163.1390 	EXP 	left: autoDraw = True
163.1390 	EXP 	right: autoDraw = True
163.1390 	EXP 	up: autoDraw = True
163.1390 	EXP 	down: autoDraw = True
163.1556 	EXP 	center: autoDraw = True
163.1556 	EXP 	left: autoDraw = True
163.1556 	EXP 	right: autoDraw = True
163.1556 	EXP 	up: autoDraw = True
163.1556 	EXP 	down: autoDraw = True
163.1724 	EXP 	center: autoDraw = True
163.1724 	EXP 	left: autoDraw = True
163.1724 	EXP 	right: autoDraw = True
163.1724 	EXP 	up: autoDraw = True
163.1724 	EXP 	down: autoDraw = True
163.1888 	EXP 	center: autoDraw = True
163.1888 	EXP 	left: autoDraw = True
163.1888 	EXP 	right: autoDraw = True
163.1888 	EXP 	up: autoDraw = True
163.1888 	EXP 	down: autoDraw = True
163.2056 	EXP 	center: autoDraw = True
163.2056 	EXP 	left: autoDraw = True
163.2056 	EXP 	right: autoDraw = True
163.2056 	EXP 	up: autoDraw = True
163.2056 	EXP 	down: autoDraw = True
163.2224 	EXP 	center: autoDraw = True
163.2224 	EXP 	left: autoDraw = True
163.2224 	EXP 	right: autoDraw = True
163.2224 	EXP 	up: autoDraw = True
163.2224 	EXP 	down: autoDraw = True
163.2386 	EXP 	center: autoDraw = True
163.2386 	EXP 	left: autoDraw = True
163.2386 	EXP 	right: autoDraw = True
163.2386 	EXP 	up: autoDraw = True
163.2386 	EXP 	down: autoDraw = True
163.2555 	EXP 	center: autoDraw = True
163.2555 	EXP 	left: autoDraw = True
163.2555 	EXP 	right: autoDraw = True
163.2555 	EXP 	up: autoDraw = True
163.2555 	EXP 	down: autoDraw = True
163.2721 	EXP 	center: autoDraw = True
163.2721 	EXP 	left: autoDraw = True
163.2721 	EXP 	right: autoDraw = True
163.2721 	EXP 	up: autoDraw = True
163.2721 	EXP 	down: autoDraw = True
163.2888 	EXP 	center: autoDraw = True
163.2888 	EXP 	left: autoDraw = True
163.2888 	EXP 	right: autoDraw = True
163.2888 	EXP 	up: autoDraw = True
163.2888 	EXP 	down: autoDraw = True
163.3055 	EXP 	center: autoDraw = True
163.3055 	EXP 	left: autoDraw = True
163.3055 	EXP 	right: autoDraw = True
163.3055 	EXP 	up: autoDraw = True
163.3055 	EXP 	down: autoDraw = True
163.3223 	EXP 	center: autoDraw = True
163.3223 	EXP 	left: autoDraw = True
163.3223 	EXP 	right: autoDraw = True
163.3223 	EXP 	up: autoDraw = True
163.3223 	EXP 	down: autoDraw = True
163.3387 	EXP 	center: autoDraw = True
163.3387 	EXP 	left: autoDraw = True
163.3387 	EXP 	right: autoDraw = True
163.3387 	EXP 	up: autoDraw = True
163.3387 	EXP 	down: autoDraw = True
163.3389 	DATA 	wsqS
163.3558 	EXP 	center: autoDraw = True
163.3558 	EXP 	left: autoDraw = True
163.3558 	EXP 	right: autoDraw = True
163.3558 	EXP 	up: autoDraw = True
163.3558 	EXP 	down: autoDraw = True
163.3558 	EXP 	whitesquare: autoDraw = True
163.3721 	EXP 	center: autoDraw = True
163.3721 	EXP 	left: autoDraw = True
163.3721 	EXP 	right: autoDraw = True
163.3721 	EXP 	up: autoDraw = True
163.3721 	EXP 	down: autoDraw = True
163.3721 	EXP 	whitesquare: autoDraw = False
163.3882 	EXP 	center: autoDraw = True
163.3882 	EXP 	left: autoDraw = True
163.3882 	EXP 	right: autoDraw = True
163.3882 	EXP 	up: autoDraw = True
163.3882 	EXP 	down: autoDraw = True
163.4054 	EXP 	center: autoDraw = True
163.4054 	EXP 	left: autoDraw = True
163.4054 	EXP 	right: autoDraw = True
163.4054 	EXP 	up: autoDraw = True
163.4054 	EXP 	down: autoDraw = True
163.4223 	EXP 	center: autoDraw = True
163.4223 	EXP 	left: autoDraw = True
163.4223 	EXP 	right: autoDraw = True
163.4223 	EXP 	up: autoDraw = True
163.4223 	EXP 	down: autoDraw = True
163.4387 	EXP 	center: autoDraw = True
163.4387 	EXP 	left: autoDraw = True
163.4387 	EXP 	right: autoDraw = True
163.4387 	EXP 	up: autoDraw = True
163.4387 	EXP 	down: autoDraw = True
163.4555 	EXP 	center: autoDraw = True
163.4555 	EXP 	left: autoDraw = True
163.4555 	EXP 	right: autoDraw = True
163.4555 	EXP 	up: autoDraw = True
163.4555 	EXP 	down: autoDraw = True
163.4724 	EXP 	center: autoDraw = True
163.4724 	EXP 	left: autoDraw = True
163.4724 	EXP 	right: autoDraw = True
163.4724 	EXP 	up: autoDraw = True
163.4724 	EXP 	down: autoDraw = True
163.4887 	EXP 	center: autoDraw = True
163.4887 	EXP 	left: autoDraw = True
163.4887 	EXP 	right: autoDraw = True
163.4887 	EXP 	up: autoDraw = True
163.4887 	EXP 	down: autoDraw = True
163.5056 	EXP 	center: autoDraw = True
163.5056 	EXP 	left: autoDraw = True
163.5056 	EXP 	right: autoDraw = True
163.5056 	EXP 	up: autoDraw = True
163.5056 	EXP 	down: autoDraw = True
163.5220 	EXP 	center: autoDraw = True
163.5220 	EXP 	left: autoDraw = True
163.5220 	EXP 	right: autoDraw = True
163.5220 	EXP 	up: autoDraw = True
163.5220 	EXP 	down: autoDraw = True
163.5387 	EXP 	center: autoDraw = True
163.5387 	EXP 	left: autoDraw = True
163.5387 	EXP 	right: autoDraw = True
163.5387 	EXP 	up: autoDraw = True
163.5387 	EXP 	down: autoDraw = True
163.5555 	EXP 	center: autoDraw = True
163.5555 	EXP 	left: autoDraw = True
163.5555 	EXP 	right: autoDraw = True
163.5555 	EXP 	up: autoDraw = True
163.5555 	EXP 	down: autoDraw = True
163.5724 	EXP 	center: autoDraw = True
163.5724 	EXP 	left: autoDraw = True
163.5724 	EXP 	right: autoDraw = True
163.5724 	EXP 	up: autoDraw = True
163.5724 	EXP 	down: autoDraw = True
163.5888 	EXP 	center: autoDraw = True
163.5888 	EXP 	left: autoDraw = True
163.5888 	EXP 	right: autoDraw = True
163.5888 	EXP 	up: autoDraw = True
163.5888 	EXP 	down: autoDraw = True
163.6055 	EXP 	center: autoDraw = True
163.6055 	EXP 	left: autoDraw = True
163.6055 	EXP 	right: autoDraw = True
163.6055 	EXP 	up: autoDraw = True
163.6055 	EXP 	down: autoDraw = True
163.6222 	EXP 	center: autoDraw = True
163.6222 	EXP 	left: autoDraw = True
163.6222 	EXP 	right: autoDraw = True
163.6222 	EXP 	up: autoDraw = True
163.6222 	EXP 	down: autoDraw = True
163.6389 	EXP 	center: autoDraw = True
163.6389 	EXP 	left: autoDraw = True
163.6389 	EXP 	right: autoDraw = True
163.6389 	EXP 	up: autoDraw = True
163.6389 	EXP 	down: autoDraw = True
163.6550 	EXP 	center: autoDraw = True
163.6550 	EXP 	left: autoDraw = True
163.6550 	EXP 	right: autoDraw = True
163.6550 	EXP 	up: autoDraw = True
163.6550 	EXP 	down: autoDraw = True
163.6720 	EXP 	center: autoDraw = True
163.6720 	EXP 	left: autoDraw = True
163.6720 	EXP 	right: autoDraw = True
163.6720 	EXP 	up: autoDraw = True
163.6720 	EXP 	down: autoDraw = True
163.6889 	EXP 	center: autoDraw = True
163.6889 	EXP 	left: autoDraw = True
163.6889 	EXP 	right: autoDraw = True
163.6889 	EXP 	up: autoDraw = True
163.6889 	EXP 	down: autoDraw = True
163.7057 	EXP 	center: autoDraw = True
163.7057 	EXP 	left: autoDraw = True
163.7057 	EXP 	right: autoDraw = True
163.7057 	EXP 	up: autoDraw = True
163.7057 	EXP 	down: autoDraw = True
163.7221 	EXP 	center: autoDraw = True
163.7221 	EXP 	left: autoDraw = True
163.7221 	EXP 	right: autoDraw = True
163.7221 	EXP 	up: autoDraw = True
163.7221 	EXP 	down: autoDraw = True
163.7387 	EXP 	center: autoDraw = True
163.7387 	EXP 	left: autoDraw = True
163.7387 	EXP 	right: autoDraw = True
163.7387 	EXP 	up: autoDraw = True
163.7387 	EXP 	down: autoDraw = True
163.7554 	EXP 	center: autoDraw = True
163.7554 	EXP 	left: autoDraw = True
163.7554 	EXP 	right: autoDraw = True
163.7554 	EXP 	up: autoDraw = True
163.7554 	EXP 	down: autoDraw = True
163.7725 	EXP 	center: autoDraw = True
163.7725 	EXP 	left: autoDraw = True
163.7725 	EXP 	right: autoDraw = True
163.7725 	EXP 	up: autoDraw = True
163.7725 	EXP 	down: autoDraw = True
163.7887 	EXP 	center: autoDraw = True
163.7887 	EXP 	left: autoDraw = True
163.7887 	EXP 	right: autoDraw = True
163.7887 	EXP 	up: autoDraw = True
163.7887 	EXP 	down: autoDraw = True
163.8054 	EXP 	center: autoDraw = True
163.8054 	EXP 	left: autoDraw = True
163.8054 	EXP 	right: autoDraw = True
163.8054 	EXP 	up: autoDraw = True
163.8054 	EXP 	down: autoDraw = True
163.8222 	EXP 	center: autoDraw = True
163.8222 	EXP 	left: autoDraw = True
163.8222 	EXP 	right: autoDraw = True
163.8222 	EXP 	up: autoDraw = True
163.8222 	EXP 	down: autoDraw = True
163.8389 	EXP 	center: autoDraw = True
163.8389 	EXP 	left: autoDraw = True
163.8389 	EXP 	right: autoDraw = True
163.8389 	EXP 	up: autoDraw = True
163.8389 	EXP 	down: autoDraw = True
163.8553 	EXP 	center: autoDraw = True
163.8553 	EXP 	left: autoDraw = True
163.8553 	EXP 	right: autoDraw = True
163.8553 	EXP 	up: autoDraw = True
163.8553 	EXP 	down: autoDraw = True
163.8721 	EXP 	center: autoDraw = True
163.8721 	EXP 	left: autoDraw = True
163.8721 	EXP 	right: autoDraw = True
163.8721 	EXP 	up: autoDraw = True
163.8721 	EXP 	down: autoDraw = True
163.8890 	EXP 	center: autoDraw = True
163.8890 	EXP 	left: autoDraw = True
163.8890 	EXP 	right: autoDraw = True
163.8890 	EXP 	up: autoDraw = True
163.8890 	EXP 	down: autoDraw = True
163.9054 	EXP 	center: autoDraw = True
163.9054 	EXP 	left: autoDraw = True
163.9054 	EXP 	right: autoDraw = True
163.9054 	EXP 	up: autoDraw = True
163.9054 	EXP 	down: autoDraw = True
163.9221 	EXP 	center: autoDraw = True
163.9221 	EXP 	left: autoDraw = True
163.9221 	EXP 	right: autoDraw = True
163.9221 	EXP 	up: autoDraw = True
163.9221 	EXP 	down: autoDraw = True
163.9389 	EXP 	center: autoDraw = True
163.9389 	EXP 	left: autoDraw = True
163.9389 	EXP 	right: autoDraw = True
163.9389 	EXP 	up: autoDraw = True
163.9389 	EXP 	down: autoDraw = True
163.9554 	EXP 	center: autoDraw = True
163.9554 	EXP 	left: autoDraw = True
163.9554 	EXP 	right: autoDraw = True
163.9554 	EXP 	up: autoDraw = True
163.9554 	EXP 	down: autoDraw = True
163.9722 	EXP 	center: autoDraw = True
163.9722 	EXP 	left: autoDraw = True
163.9722 	EXP 	right: autoDraw = True
163.9722 	EXP 	up: autoDraw = True
163.9722 	EXP 	down: autoDraw = True
163.9890 	EXP 	center: autoDraw = True
163.9890 	EXP 	left: autoDraw = True
163.9890 	EXP 	right: autoDraw = True
163.9890 	EXP 	up: autoDraw = True
163.9890 	EXP 	down: autoDraw = True
164.0054 	EXP 	center: autoDraw = True
164.0054 	EXP 	left: autoDraw = True
164.0054 	EXP 	right: autoDraw = True
164.0054 	EXP 	up: autoDraw = True
164.0054 	EXP 	down: autoDraw = True
164.0222 	EXP 	center: autoDraw = True
164.0222 	EXP 	left: autoDraw = True
164.0222 	EXP 	right: autoDraw = True
164.0222 	EXP 	up: autoDraw = True
164.0222 	EXP 	down: autoDraw = True
164.0382 	EXP 	center: autoDraw = True
164.0382 	EXP 	left: autoDraw = True
164.0382 	EXP 	right: autoDraw = True
164.0382 	EXP 	up: autoDraw = True
164.0382 	EXP 	down: autoDraw = True
164.0553 	EXP 	center: autoDraw = True
164.0553 	EXP 	left: autoDraw = True
164.0553 	EXP 	right: autoDraw = True
164.0553 	EXP 	up: autoDraw = True
164.0553 	EXP 	down: autoDraw = True
164.0723 	EXP 	center: autoDraw = True
164.0723 	EXP 	left: autoDraw = True
164.0723 	EXP 	right: autoDraw = True
164.0723 	EXP 	up: autoDraw = True
164.0723 	EXP 	down: autoDraw = True
164.0883 	EXP 	center: autoDraw = True
164.0883 	EXP 	left: autoDraw = True
164.0883 	EXP 	right: autoDraw = True
164.0883 	EXP 	up: autoDraw = True
164.0883 	EXP 	down: autoDraw = True
164.1053 	EXP 	center: autoDraw = True
164.1053 	EXP 	left: autoDraw = True
164.1053 	EXP 	right: autoDraw = True
164.1053 	EXP 	up: autoDraw = True
164.1053 	EXP 	down: autoDraw = True
164.1222 	EXP 	center: autoDraw = True
164.1222 	EXP 	left: autoDraw = True
164.1222 	EXP 	right: autoDraw = True
164.1222 	EXP 	up: autoDraw = True
164.1222 	EXP 	down: autoDraw = True
164.1388 	EXP 	center: autoDraw = True
164.1388 	EXP 	left: autoDraw = True
164.1388 	EXP 	right: autoDraw = True
164.1388 	EXP 	up: autoDraw = True
164.1388 	EXP 	down: autoDraw = True
164.1556 	EXP 	center: autoDraw = True
164.1556 	EXP 	left: autoDraw = True
164.1556 	EXP 	right: autoDraw = True
164.1556 	EXP 	up: autoDraw = True
164.1556 	EXP 	down: autoDraw = True
164.1720 	EXP 	center: autoDraw = True
164.1720 	EXP 	left: autoDraw = True
164.1720 	EXP 	right: autoDraw = True
164.1720 	EXP 	up: autoDraw = True
164.1720 	EXP 	down: autoDraw = True
164.1890 	EXP 	center: autoDraw = True
164.1890 	EXP 	left: autoDraw = True
164.1890 	EXP 	right: autoDraw = True
164.1890 	EXP 	up: autoDraw = True
164.1890 	EXP 	down: autoDraw = True
164.2052 	EXP 	center: autoDraw = True
164.2052 	EXP 	left: autoDraw = True
164.2052 	EXP 	right: autoDraw = True
164.2052 	EXP 	up: autoDraw = True
164.2052 	EXP 	down: autoDraw = True
164.2223 	EXP 	center: autoDraw = True
164.2223 	EXP 	left: autoDraw = True
164.2223 	EXP 	right: autoDraw = True
164.2223 	EXP 	up: autoDraw = True
164.2223 	EXP 	down: autoDraw = True
164.2386 	EXP 	center: autoDraw = True
164.2386 	EXP 	left: autoDraw = True
164.2386 	EXP 	right: autoDraw = True
164.2386 	EXP 	up: autoDraw = True
164.2386 	EXP 	down: autoDraw = True
164.2555 	EXP 	center: autoDraw = True
164.2555 	EXP 	left: autoDraw = True
164.2555 	EXP 	right: autoDraw = True
164.2555 	EXP 	up: autoDraw = True
164.2555 	EXP 	down: autoDraw = True
164.2722 	EXP 	center: autoDraw = True
164.2722 	EXP 	left: autoDraw = True
164.2722 	EXP 	right: autoDraw = True
164.2722 	EXP 	up: autoDraw = True
164.2722 	EXP 	down: autoDraw = True
164.2886 	EXP 	center: autoDraw = True
164.2886 	EXP 	left: autoDraw = True
164.2886 	EXP 	right: autoDraw = True
164.2886 	EXP 	up: autoDraw = True
164.2886 	EXP 	down: autoDraw = True
164.3053 	EXP 	center: autoDraw = True
164.3053 	EXP 	left: autoDraw = True
164.3053 	EXP 	right: autoDraw = True
164.3053 	EXP 	up: autoDraw = True
164.3053 	EXP 	down: autoDraw = True
164.3220 	EXP 	center: autoDraw = True
164.3220 	EXP 	left: autoDraw = True
164.3220 	EXP 	right: autoDraw = True
164.3220 	EXP 	up: autoDraw = True
164.3220 	EXP 	down: autoDraw = True
164.3388 	EXP 	center: autoDraw = True
164.3388 	EXP 	left: autoDraw = True
164.3388 	EXP 	right: autoDraw = True
164.3388 	EXP 	up: autoDraw = True
164.3388 	EXP 	down: autoDraw = True
164.3556 	EXP 	center: autoDraw = True
164.3556 	EXP 	left: autoDraw = True
164.3556 	EXP 	right: autoDraw = True
164.3556 	EXP 	up: autoDraw = True
164.3556 	EXP 	down: autoDraw = True
164.3720 	EXP 	center: autoDraw = True
164.3720 	EXP 	left: autoDraw = True
164.3720 	EXP 	right: autoDraw = True
164.3720 	EXP 	up: autoDraw = True
164.3720 	EXP 	down: autoDraw = True
164.3889 	EXP 	center: autoDraw = True
164.3889 	EXP 	left: autoDraw = True
164.3889 	EXP 	right: autoDraw = True
164.3889 	EXP 	up: autoDraw = True
164.3889 	EXP 	down: autoDraw = True
164.4053 	EXP 	center: autoDraw = True
164.4053 	EXP 	left: autoDraw = True
164.4053 	EXP 	right: autoDraw = True
164.4053 	EXP 	up: autoDraw = True
164.4053 	EXP 	down: autoDraw = True
164.4215 	EXP 	center: autoDraw = True
164.4215 	EXP 	left: autoDraw = True
164.4215 	EXP 	right: autoDraw = True
164.4215 	EXP 	up: autoDraw = True
164.4215 	EXP 	down: autoDraw = True
164.4388 	EXP 	center: autoDraw = True
164.4388 	EXP 	left: autoDraw = True
164.4388 	EXP 	right: autoDraw = True
164.4388 	EXP 	up: autoDraw = True
164.4388 	EXP 	down: autoDraw = True
164.4557 	EXP 	center: autoDraw = True
164.4557 	EXP 	left: autoDraw = True
164.4557 	EXP 	right: autoDraw = True
164.4557 	EXP 	up: autoDraw = True
164.4557 	EXP 	down: autoDraw = True
164.4719 	EXP 	center: autoDraw = True
164.4719 	EXP 	left: autoDraw = True
164.4719 	EXP 	right: autoDraw = True
164.4719 	EXP 	up: autoDraw = True
164.4719 	EXP 	down: autoDraw = True
164.4887 	EXP 	center: autoDraw = True
164.4887 	EXP 	left: autoDraw = True
164.4887 	EXP 	right: autoDraw = True
164.4887 	EXP 	up: autoDraw = True
164.4887 	EXP 	down: autoDraw = True
164.5056 	EXP 	center: autoDraw = True
164.5056 	EXP 	left: autoDraw = True
164.5056 	EXP 	right: autoDraw = True
164.5056 	EXP 	up: autoDraw = True
164.5056 	EXP 	down: autoDraw = True
164.5222 	EXP 	center: autoDraw = True
164.5222 	EXP 	left: autoDraw = True
164.5222 	EXP 	right: autoDraw = True
164.5222 	EXP 	up: autoDraw = True
164.5222 	EXP 	down: autoDraw = True
164.5386 	EXP 	center: autoDraw = True
164.5386 	EXP 	left: autoDraw = True
164.5386 	EXP 	right: autoDraw = True
164.5386 	EXP 	up: autoDraw = True
164.5386 	EXP 	down: autoDraw = True
164.5554 	EXP 	center: autoDraw = True
164.5554 	EXP 	left: autoDraw = True
164.5554 	EXP 	right: autoDraw = True
164.5554 	EXP 	up: autoDraw = True
164.5554 	EXP 	down: autoDraw = True
164.5720 	EXP 	center: autoDraw = True
164.5720 	EXP 	left: autoDraw = True
164.5720 	EXP 	right: autoDraw = True
164.5720 	EXP 	up: autoDraw = True
164.5720 	EXP 	down: autoDraw = True
164.5888 	EXP 	center: autoDraw = True
164.5888 	EXP 	left: autoDraw = True
164.5888 	EXP 	right: autoDraw = True
164.5888 	EXP 	up: autoDraw = True
164.5888 	EXP 	down: autoDraw = True
164.6055 	EXP 	center: autoDraw = True
164.6055 	EXP 	left: autoDraw = True
164.6055 	EXP 	right: autoDraw = True
164.6055 	EXP 	up: autoDraw = True
164.6055 	EXP 	down: autoDraw = True
164.6219 	EXP 	center: autoDraw = True
164.6219 	EXP 	left: autoDraw = True
164.6219 	EXP 	right: autoDraw = True
164.6219 	EXP 	up: autoDraw = True
164.6219 	EXP 	down: autoDraw = True
164.6386 	EXP 	center: autoDraw = True
164.6386 	EXP 	left: autoDraw = True
164.6386 	EXP 	right: autoDraw = True
164.6386 	EXP 	up: autoDraw = True
164.6386 	EXP 	down: autoDraw = True
164.6554 	EXP 	center: autoDraw = True
164.6554 	EXP 	left: autoDraw = True
164.6554 	EXP 	right: autoDraw = True
164.6554 	EXP 	up: autoDraw = True
164.6554 	EXP 	down: autoDraw = True
164.6722 	EXP 	center: autoDraw = True
164.6722 	EXP 	left: autoDraw = True
164.6722 	EXP 	right: autoDraw = True
164.6722 	EXP 	up: autoDraw = True
164.6722 	EXP 	down: autoDraw = True
164.6886 	EXP 	center: autoDraw = True
164.6886 	EXP 	left: autoDraw = True
164.6886 	EXP 	right: autoDraw = True
164.6886 	EXP 	up: autoDraw = True
164.6886 	EXP 	down: autoDraw = True
164.7054 	EXP 	center: autoDraw = True
164.7054 	EXP 	left: autoDraw = True
164.7054 	EXP 	right: autoDraw = True
164.7054 	EXP 	up: autoDraw = True
164.7054 	EXP 	down: autoDraw = True
164.7222 	EXP 	center: autoDraw = True
164.7222 	EXP 	left: autoDraw = True
164.7222 	EXP 	right: autoDraw = True
164.7222 	EXP 	up: autoDraw = True
164.7222 	EXP 	down: autoDraw = True
164.7385 	EXP 	center: autoDraw = True
164.7385 	EXP 	left: autoDraw = True
164.7385 	EXP 	right: autoDraw = True
164.7385 	EXP 	up: autoDraw = True
164.7385 	EXP 	down: autoDraw = True
164.7555 	EXP 	center: autoDraw = True
164.7555 	EXP 	left: autoDraw = True
164.7555 	EXP 	right: autoDraw = True
164.7555 	EXP 	up: autoDraw = True
164.7555 	EXP 	down: autoDraw = True
164.7718 	EXP 	center: autoDraw = True
164.7718 	EXP 	left: autoDraw = True
164.7718 	EXP 	right: autoDraw = True
164.7718 	EXP 	up: autoDraw = True
164.7718 	EXP 	down: autoDraw = True
164.7886 	EXP 	center: autoDraw = True
164.7886 	EXP 	left: autoDraw = True
164.7886 	EXP 	right: autoDraw = True
164.7886 	EXP 	up: autoDraw = True
164.7886 	EXP 	down: autoDraw = True
164.8056 	EXP 	center: autoDraw = True
164.8056 	EXP 	left: autoDraw = True
164.8056 	EXP 	right: autoDraw = True
164.8056 	EXP 	up: autoDraw = True
164.8056 	EXP 	down: autoDraw = True
164.8219 	EXP 	center: autoDraw = True
164.8219 	EXP 	left: autoDraw = True
164.8219 	EXP 	right: autoDraw = True
164.8219 	EXP 	up: autoDraw = True
164.8219 	EXP 	down: autoDraw = True
164.8389 	EXP 	center: autoDraw = True
164.8389 	EXP 	left: autoDraw = True
164.8389 	EXP 	right: autoDraw = True
164.8389 	EXP 	up: autoDraw = True
164.8389 	EXP 	down: autoDraw = True
164.8552 	EXP 	center: autoDraw = True
164.8552 	EXP 	left: autoDraw = True
164.8552 	EXP 	right: autoDraw = True
164.8552 	EXP 	up: autoDraw = True
164.8552 	EXP 	down: autoDraw = True
164.8720 	EXP 	center: autoDraw = True
164.8720 	EXP 	left: autoDraw = True
164.8720 	EXP 	right: autoDraw = True
164.8720 	EXP 	up: autoDraw = True
164.8720 	EXP 	down: autoDraw = True
164.8886 	EXP 	center: autoDraw = True
164.8886 	EXP 	left: autoDraw = True
164.8886 	EXP 	right: autoDraw = True
164.8886 	EXP 	up: autoDraw = True
164.8886 	EXP 	down: autoDraw = True
164.9054 	EXP 	center: autoDraw = True
164.9054 	EXP 	left: autoDraw = True
164.9054 	EXP 	right: autoDraw = True
164.9054 	EXP 	up: autoDraw = True
164.9054 	EXP 	down: autoDraw = True
164.9217 	EXP 	center: autoDraw = True
164.9217 	EXP 	left: autoDraw = True
164.9217 	EXP 	right: autoDraw = True
164.9217 	EXP 	up: autoDraw = True
164.9217 	EXP 	down: autoDraw = True
164.9387 	EXP 	center: autoDraw = True
164.9387 	EXP 	left: autoDraw = True
164.9387 	EXP 	right: autoDraw = True
164.9387 	EXP 	up: autoDraw = True
164.9387 	EXP 	down: autoDraw = True
164.9554 	EXP 	center: autoDraw = True
164.9554 	EXP 	left: autoDraw = True
164.9554 	EXP 	right: autoDraw = True
164.9554 	EXP 	up: autoDraw = True
164.9554 	EXP 	down: autoDraw = True
164.9721 	EXP 	center: autoDraw = True
164.9721 	EXP 	left: autoDraw = True
164.9721 	EXP 	right: autoDraw = True
164.9721 	EXP 	up: autoDraw = True
164.9721 	EXP 	down: autoDraw = True
164.9888 	EXP 	center: autoDraw = True
164.9888 	EXP 	left: autoDraw = True
164.9888 	EXP 	right: autoDraw = True
164.9888 	EXP 	up: autoDraw = True
164.9888 	EXP 	down: autoDraw = True
165.0054 	EXP 	center: autoDraw = True
165.0054 	EXP 	left: autoDraw = True
165.0054 	EXP 	right: autoDraw = True
165.0054 	EXP 	up: autoDraw = True
165.0054 	EXP 	down: autoDraw = True
165.0221 	EXP 	center: autoDraw = True
165.0221 	EXP 	left: autoDraw = True
165.0221 	EXP 	right: autoDraw = True
165.0221 	EXP 	up: autoDraw = True
165.0221 	EXP 	down: autoDraw = True
165.0386 	EXP 	center: autoDraw = True
165.0386 	EXP 	left: autoDraw = True
165.0386 	EXP 	right: autoDraw = True
165.0386 	EXP 	up: autoDraw = True
165.0386 	EXP 	down: autoDraw = True
165.0554 	EXP 	center: autoDraw = True
165.0554 	EXP 	left: autoDraw = True
165.0554 	EXP 	right: autoDraw = True
165.0554 	EXP 	up: autoDraw = True
165.0554 	EXP 	down: autoDraw = True
165.0716 	EXP 	center: autoDraw = True
165.0716 	EXP 	left: autoDraw = True
165.0716 	EXP 	right: autoDraw = True
165.0716 	EXP 	up: autoDraw = True
165.0716 	EXP 	down: autoDraw = True
165.0885 	EXP 	center: autoDraw = True
165.0885 	EXP 	left: autoDraw = True
165.0885 	EXP 	right: autoDraw = True
165.0885 	EXP 	up: autoDraw = True
165.0885 	EXP 	down: autoDraw = True
165.1054 	EXP 	center: autoDraw = True
165.1054 	EXP 	left: autoDraw = True
165.1054 	EXP 	right: autoDraw = True
165.1054 	EXP 	up: autoDraw = True
165.1054 	EXP 	down: autoDraw = True
165.1222 	EXP 	center: autoDraw = True
165.1222 	EXP 	left: autoDraw = True
165.1222 	EXP 	right: autoDraw = True
165.1222 	EXP 	up: autoDraw = True
165.1222 	EXP 	down: autoDraw = True
165.1386 	EXP 	center: autoDraw = True
165.1386 	EXP 	left: autoDraw = True
165.1386 	EXP 	right: autoDraw = True
165.1386 	EXP 	up: autoDraw = True
165.1386 	EXP 	down: autoDraw = True
165.1555 	EXP 	center: autoDraw = True
165.1555 	EXP 	left: autoDraw = True
165.1555 	EXP 	right: autoDraw = True
165.1555 	EXP 	up: autoDraw = True
165.1555 	EXP 	down: autoDraw = True
165.1721 	EXP 	center: autoDraw = True
165.1721 	EXP 	left: autoDraw = True
165.1721 	EXP 	right: autoDraw = True
165.1721 	EXP 	up: autoDraw = True
165.1721 	EXP 	down: autoDraw = True
165.1888 	EXP 	center: autoDraw = True
165.1888 	EXP 	left: autoDraw = True
165.1888 	EXP 	right: autoDraw = True
165.1888 	EXP 	up: autoDraw = True
165.1888 	EXP 	down: autoDraw = True
165.2052 	EXP 	center: autoDraw = True
165.2052 	EXP 	left: autoDraw = True
165.2052 	EXP 	right: autoDraw = True
165.2052 	EXP 	up: autoDraw = True
165.2052 	EXP 	down: autoDraw = True
165.2221 	EXP 	center: autoDraw = True
165.2221 	EXP 	left: autoDraw = True
165.2221 	EXP 	right: autoDraw = True
165.2221 	EXP 	up: autoDraw = True
165.2221 	EXP 	down: autoDraw = True
165.2386 	EXP 	center: autoDraw = True
165.2386 	EXP 	left: autoDraw = True
165.2386 	EXP 	right: autoDraw = True
165.2386 	EXP 	up: autoDraw = True
165.2386 	EXP 	down: autoDraw = True
165.2553 	EXP 	center: autoDraw = True
165.2553 	EXP 	left: autoDraw = True
165.2553 	EXP 	right: autoDraw = True
165.2553 	EXP 	up: autoDraw = True
165.2553 	EXP 	down: autoDraw = True
165.2723 	EXP 	center: autoDraw = True
165.2723 	EXP 	left: autoDraw = True
165.2723 	EXP 	right: autoDraw = True
165.2723 	EXP 	up: autoDraw = True
165.2723 	EXP 	down: autoDraw = True
165.2885 	EXP 	center: autoDraw = True
165.2885 	EXP 	left: autoDraw = True
165.2885 	EXP 	right: autoDraw = True
165.2885 	EXP 	up: autoDraw = True
165.2885 	EXP 	down: autoDraw = True
165.3054 	EXP 	center: autoDraw = True
165.3054 	EXP 	left: autoDraw = True
165.3054 	EXP 	right: autoDraw = True
165.3054 	EXP 	up: autoDraw = True
165.3054 	EXP 	down: autoDraw = True
165.3221 	EXP 	center: autoDraw = True
165.3221 	EXP 	left: autoDraw = True
165.3221 	EXP 	right: autoDraw = True
165.3221 	EXP 	up: autoDraw = True
165.3221 	EXP 	down: autoDraw = True
165.3385 	EXP 	center: autoDraw = True
165.3385 	EXP 	left: autoDraw = True
165.3385 	EXP 	right: autoDraw = True
165.3385 	EXP 	up: autoDraw = True
165.3385 	EXP 	down: autoDraw = True
165.3554 	EXP 	center: autoDraw = True
165.3554 	EXP 	left: autoDraw = True
165.3554 	EXP 	right: autoDraw = True
165.3554 	EXP 	up: autoDraw = True
165.3554 	EXP 	down: autoDraw = True
165.3722 	EXP 	center: autoDraw = True
165.3722 	EXP 	left: autoDraw = True
165.3722 	EXP 	right: autoDraw = True
165.3722 	EXP 	up: autoDraw = True
165.3722 	EXP 	down: autoDraw = True
165.3886 	EXP 	center: autoDraw = True
165.3886 	EXP 	left: autoDraw = True
165.3886 	EXP 	right: autoDraw = True
165.3886 	EXP 	up: autoDraw = True
165.3886 	EXP 	down: autoDraw = True
165.4055 	EXP 	center: autoDraw = True
165.4055 	EXP 	left: autoDraw = True
165.4055 	EXP 	right: autoDraw = True
165.4055 	EXP 	up: autoDraw = True
165.4055 	EXP 	down: autoDraw = True
165.4218 	EXP 	center: autoDraw = True
165.4218 	EXP 	left: autoDraw = True
165.4218 	EXP 	right: autoDraw = True
165.4218 	EXP 	up: autoDraw = True
165.4218 	EXP 	down: autoDraw = True
165.4386 	EXP 	center: autoDraw = True
165.4386 	EXP 	left: autoDraw = True
165.4386 	EXP 	right: autoDraw = True
165.4386 	EXP 	up: autoDraw = True
165.4386 	EXP 	down: autoDraw = True
165.4546 	EXP 	center: autoDraw = True
165.4546 	EXP 	left: autoDraw = True
165.4546 	EXP 	right: autoDraw = True
165.4546 	EXP 	up: autoDraw = True
165.4546 	EXP 	down: autoDraw = True
165.4719 	EXP 	center: autoDraw = True
165.4719 	EXP 	left: autoDraw = True
165.4719 	EXP 	right: autoDraw = True
165.4719 	EXP 	up: autoDraw = True
165.4719 	EXP 	down: autoDraw = True
165.4888 	EXP 	center: autoDraw = True
165.4888 	EXP 	left: autoDraw = True
165.4888 	EXP 	right: autoDraw = True
165.4888 	EXP 	up: autoDraw = True
165.4888 	EXP 	down: autoDraw = True
165.5052 	EXP 	center: autoDraw = True
165.5052 	EXP 	left: autoDraw = True
165.5052 	EXP 	right: autoDraw = True
165.5052 	EXP 	up: autoDraw = True
165.5052 	EXP 	down: autoDraw = True
165.5220 	EXP 	center: autoDraw = True
165.5220 	EXP 	left: autoDraw = True
165.5220 	EXP 	right: autoDraw = True
165.5220 	EXP 	up: autoDraw = True
165.5220 	EXP 	down: autoDraw = True
165.5389 	EXP 	center: autoDraw = True
165.5389 	EXP 	left: autoDraw = True
165.5389 	EXP 	right: autoDraw = True
165.5389 	EXP 	up: autoDraw = True
165.5389 	EXP 	down: autoDraw = True
165.5552 	EXP 	center: autoDraw = True
165.5552 	EXP 	left: autoDraw = True
165.5552 	EXP 	right: autoDraw = True
165.5552 	EXP 	up: autoDraw = True
165.5552 	EXP 	down: autoDraw = True
165.5720 	EXP 	center: autoDraw = True
165.5720 	EXP 	left: autoDraw = True
165.5720 	EXP 	right: autoDraw = True
165.5720 	EXP 	up: autoDraw = True
165.5720 	EXP 	down: autoDraw = True
165.5888 	EXP 	center: autoDraw = True
165.5888 	EXP 	left: autoDraw = True
165.5888 	EXP 	right: autoDraw = True
165.5888 	EXP 	up: autoDraw = True
165.5888 	EXP 	down: autoDraw = True
165.6052 	EXP 	center: autoDraw = True
165.6052 	EXP 	left: autoDraw = True
165.6052 	EXP 	right: autoDraw = True
165.6052 	EXP 	up: autoDraw = True
165.6052 	EXP 	down: autoDraw = True
165.6220 	EXP 	center: autoDraw = True
165.6220 	EXP 	left: autoDraw = True
165.6220 	EXP 	right: autoDraw = True
165.6220 	EXP 	up: autoDraw = True
165.6220 	EXP 	down: autoDraw = True
165.6388 	EXP 	center: autoDraw = True
165.6388 	EXP 	left: autoDraw = True
165.6388 	EXP 	right: autoDraw = True
165.6388 	EXP 	up: autoDraw = True
165.6388 	EXP 	down: autoDraw = True
165.6552 	EXP 	center: autoDraw = True
165.6552 	EXP 	left: autoDraw = True
165.6552 	EXP 	right: autoDraw = True
165.6552 	EXP 	up: autoDraw = True
165.6552 	EXP 	down: autoDraw = True
165.6720 	EXP 	center: autoDraw = True
165.6720 	EXP 	left: autoDraw = True
165.6720 	EXP 	right: autoDraw = True
165.6720 	EXP 	up: autoDraw = True
165.6720 	EXP 	down: autoDraw = True
165.6883 	EXP 	center: autoDraw = True
165.6883 	EXP 	left: autoDraw = True
165.6883 	EXP 	right: autoDraw = True
165.6883 	EXP 	up: autoDraw = True
165.6883 	EXP 	down: autoDraw = True
165.7054 	EXP 	center: autoDraw = True
165.7054 	EXP 	left: autoDraw = True
165.7054 	EXP 	right: autoDraw = True
165.7054 	EXP 	up: autoDraw = True
165.7054 	EXP 	down: autoDraw = True
165.7218 	EXP 	center: autoDraw = True
165.7218 	EXP 	left: autoDraw = True
165.7218 	EXP 	right: autoDraw = True
165.7218 	EXP 	up: autoDraw = True
165.7218 	EXP 	down: autoDraw = True
165.7386 	EXP 	center: autoDraw = True
165.7386 	EXP 	left: autoDraw = True
165.7386 	EXP 	right: autoDraw = True
165.7386 	EXP 	up: autoDraw = True
165.7386 	EXP 	down: autoDraw = True
165.7553 	EXP 	center: autoDraw = True
165.7553 	EXP 	left: autoDraw = True
165.7553 	EXP 	right: autoDraw = True
165.7553 	EXP 	up: autoDraw = True
165.7553 	EXP 	down: autoDraw = True
165.7721 	EXP 	center: autoDraw = True
165.7721 	EXP 	left: autoDraw = True
165.7721 	EXP 	right: autoDraw = True
165.7721 	EXP 	up: autoDraw = True
165.7721 	EXP 	down: autoDraw = True
165.7885 	EXP 	center: autoDraw = True
165.7885 	EXP 	left: autoDraw = True
165.7885 	EXP 	right: autoDraw = True
165.7885 	EXP 	up: autoDraw = True
165.7885 	EXP 	down: autoDraw = True
165.8053 	EXP 	center: autoDraw = True
165.8053 	EXP 	left: autoDraw = True
165.8053 	EXP 	right: autoDraw = True
165.8053 	EXP 	up: autoDraw = True
165.8053 	EXP 	down: autoDraw = True
165.8221 	EXP 	center: autoDraw = True
165.8221 	EXP 	left: autoDraw = True
165.8221 	EXP 	right: autoDraw = True
165.8221 	EXP 	up: autoDraw = True
165.8221 	EXP 	down: autoDraw = True
165.8378 	EXP 	center: autoDraw = True
165.8378 	EXP 	left: autoDraw = True
165.8378 	EXP 	right: autoDraw = True
165.8378 	EXP 	up: autoDraw = True
165.8378 	EXP 	down: autoDraw = True
165.8552 	EXP 	center: autoDraw = True
165.8552 	EXP 	left: autoDraw = True
165.8552 	EXP 	right: autoDraw = True
165.8552 	EXP 	up: autoDraw = True
165.8552 	EXP 	down: autoDraw = True
165.8719 	EXP 	center: autoDraw = True
165.8719 	EXP 	left: autoDraw = True
165.8719 	EXP 	right: autoDraw = True
165.8719 	EXP 	up: autoDraw = True
165.8719 	EXP 	down: autoDraw = True
165.8886 	EXP 	center: autoDraw = True
165.8886 	EXP 	left: autoDraw = True
165.8886 	EXP 	right: autoDraw = True
165.8886 	EXP 	up: autoDraw = True
165.8886 	EXP 	down: autoDraw = True
165.9054 	EXP 	center: autoDraw = True
165.9054 	EXP 	left: autoDraw = True
165.9054 	EXP 	right: autoDraw = True
165.9054 	EXP 	up: autoDraw = True
165.9054 	EXP 	down: autoDraw = True
165.9219 	EXP 	center: autoDraw = True
165.9219 	EXP 	left: autoDraw = True
165.9219 	EXP 	right: autoDraw = True
165.9219 	EXP 	up: autoDraw = True
165.9219 	EXP 	down: autoDraw = True
165.9387 	EXP 	center: autoDraw = True
165.9387 	EXP 	left: autoDraw = True
165.9387 	EXP 	right: autoDraw = True
165.9387 	EXP 	up: autoDraw = True
165.9387 	EXP 	down: autoDraw = True
165.9554 	EXP 	center: autoDraw = True
165.9554 	EXP 	left: autoDraw = True
165.9554 	EXP 	right: autoDraw = True
165.9554 	EXP 	up: autoDraw = True
165.9554 	EXP 	down: autoDraw = True
165.9719 	EXP 	center: autoDraw = True
165.9719 	EXP 	left: autoDraw = True
165.9719 	EXP 	right: autoDraw = True
165.9719 	EXP 	up: autoDraw = True
165.9719 	EXP 	down: autoDraw = True
165.9886 	EXP 	center: autoDraw = True
165.9886 	EXP 	left: autoDraw = True
165.9886 	EXP 	right: autoDraw = True
165.9886 	EXP 	up: autoDraw = True
165.9886 	EXP 	down: autoDraw = True
166.0054 	EXP 	center: autoDraw = True
166.0054 	EXP 	left: autoDraw = True
166.0054 	EXP 	right: autoDraw = True
166.0054 	EXP 	up: autoDraw = True
166.0054 	EXP 	down: autoDraw = True
166.0056 	EXP 	Sound  started
166.0090 	DATA 	sbli | frame count: 660
166.0219 	EXP 	center: autoDraw = True
166.0219 	EXP 	left: autoDraw = True
166.0219 	EXP 	right: autoDraw = True
166.0219 	EXP 	up: autoDraw = True
166.0219 	EXP 	down: autoDraw = True
166.0387 	EXP 	center: autoDraw = True
166.0387 	EXP 	left: autoDraw = True
166.0387 	EXP 	right: autoDraw = True
166.0387 	EXP 	up: autoDraw = True
166.0387 	EXP 	down: autoDraw = True
166.0554 	EXP 	center: autoDraw = True
166.0554 	EXP 	left: autoDraw = True
166.0554 	EXP 	right: autoDraw = True
166.0554 	EXP 	up: autoDraw = True
166.0554 	EXP 	down: autoDraw = True
166.0719 	EXP 	center: autoDraw = True
166.0719 	EXP 	left: autoDraw = True
166.0719 	EXP 	right: autoDraw = True
166.0719 	EXP 	up: autoDraw = True
166.0719 	EXP 	down: autoDraw = True
166.0886 	EXP 	center: autoDraw = True
166.0886 	EXP 	left: autoDraw = True
166.0886 	EXP 	right: autoDraw = True
166.0886 	EXP 	up: autoDraw = True
166.0886 	EXP 	down: autoDraw = True
166.1048 	EXP 	center: autoDraw = True
166.1048 	EXP 	left: autoDraw = True
166.1048 	EXP 	right: autoDraw = True
166.1048 	EXP 	up: autoDraw = True
166.1048 	EXP 	down: autoDraw = True
166.1217 	EXP 	center: autoDraw = True
166.1217 	EXP 	left: autoDraw = True
166.1217 	EXP 	right: autoDraw = True
166.1217 	EXP 	up: autoDraw = True
166.1217 	EXP 	down: autoDraw = True
166.1385 	EXP 	center: autoDraw = True
166.1385 	EXP 	left: autoDraw = True
166.1385 	EXP 	right: autoDraw = True
166.1385 	EXP 	up: autoDraw = True
166.1385 	EXP 	down: autoDraw = True
166.1554 	EXP 	center: autoDraw = True
166.1554 	EXP 	left: autoDraw = True
166.1554 	EXP 	right: autoDraw = True
166.1554 	EXP 	up: autoDraw = True
166.1554 	EXP 	down: autoDraw = True
166.1721 	EXP 	center: autoDraw = True
166.1721 	EXP 	left: autoDraw = True
166.1721 	EXP 	right: autoDraw = True
166.1721 	EXP 	up: autoDraw = True
166.1721 	EXP 	down: autoDraw = True
166.1885 	EXP 	center: autoDraw = True
166.1885 	EXP 	left: autoDraw = True
166.1885 	EXP 	right: autoDraw = True
166.1885 	EXP 	up: autoDraw = True
166.1885 	EXP 	down: autoDraw = True
166.2052 	EXP 	center: autoDraw = True
166.2052 	EXP 	left: autoDraw = True
166.2052 	EXP 	right: autoDraw = True
166.2052 	EXP 	up: autoDraw = True
166.2052 	EXP 	down: autoDraw = True
166.2222 	EXP 	center: autoDraw = True
166.2222 	EXP 	left: autoDraw = True
166.2222 	EXP 	right: autoDraw = True
166.2222 	EXP 	up: autoDraw = True
166.2222 	EXP 	down: autoDraw = True
166.2382 	EXP 	center: autoDraw = True
166.2382 	EXP 	left: autoDraw = True
166.2382 	EXP 	right: autoDraw = True
166.2382 	EXP 	up: autoDraw = True
166.2382 	EXP 	down: autoDraw = True
166.2551 	EXP 	center: autoDraw = True
166.2551 	EXP 	left: autoDraw = True
166.2551 	EXP 	right: autoDraw = True
166.2551 	EXP 	up: autoDraw = True
166.2551 	EXP 	down: autoDraw = True
166.2719 	EXP 	center: autoDraw = True
166.2719 	EXP 	left: autoDraw = True
166.2719 	EXP 	right: autoDraw = True
166.2719 	EXP 	up: autoDraw = True
166.2719 	EXP 	down: autoDraw = True
166.2886 	EXP 	center: autoDraw = True
166.2886 	EXP 	left: autoDraw = True
166.2886 	EXP 	right: autoDraw = True
166.2886 	EXP 	up: autoDraw = True
166.2886 	EXP 	down: autoDraw = True
166.3055 	EXP 	center: autoDraw = True
166.3055 	EXP 	left: autoDraw = True
166.3055 	EXP 	right: autoDraw = True
166.3055 	EXP 	up: autoDraw = True
166.3055 	EXP 	down: autoDraw = True
166.3218 	EXP 	center: autoDraw = True
166.3218 	EXP 	left: autoDraw = True
166.3218 	EXP 	right: autoDraw = True
166.3218 	EXP 	up: autoDraw = True
166.3218 	EXP 	down: autoDraw = True
166.3387 	EXP 	center: autoDraw = True
166.3387 	EXP 	left: autoDraw = True
166.3387 	EXP 	right: autoDraw = True
166.3387 	EXP 	up: autoDraw = True
166.3387 	EXP 	down: autoDraw = True
166.3388 	DATA 	wsqS
166.3551 	EXP 	center: autoDraw = True
166.3551 	EXP 	left: autoDraw = True
166.3551 	EXP 	right: autoDraw = True
166.3551 	EXP 	up: autoDraw = True
166.3551 	EXP 	down: autoDraw = True
166.3551 	EXP 	whitesquare: autoDraw = True
166.3718 	EXP 	center: autoDraw = True
166.3718 	EXP 	left: autoDraw = True
166.3718 	EXP 	right: autoDraw = True
166.3718 	EXP 	up: autoDraw = True
166.3718 	EXP 	down: autoDraw = True
166.3718 	EXP 	whitesquare: autoDraw = False
166.3886 	EXP 	center: autoDraw = True
166.3886 	EXP 	left: autoDraw = True
166.3886 	EXP 	right: autoDraw = True
166.3886 	EXP 	up: autoDraw = True
166.3886 	EXP 	down: autoDraw = True
166.4053 	EXP 	center: autoDraw = True
166.4053 	EXP 	left: autoDraw = True
166.4053 	EXP 	right: autoDraw = True
166.4053 	EXP 	up: autoDraw = True
166.4053 	EXP 	down: autoDraw = True
166.4219 	EXP 	center: autoDraw = True
166.4219 	EXP 	left: autoDraw = True
166.4219 	EXP 	right: autoDraw = True
166.4219 	EXP 	up: autoDraw = True
166.4219 	EXP 	down: autoDraw = True
166.4387 	EXP 	center: autoDraw = True
166.4387 	EXP 	left: autoDraw = True
166.4387 	EXP 	right: autoDraw = True
166.4387 	EXP 	up: autoDraw = True
166.4387 	EXP 	down: autoDraw = True
166.4552 	EXP 	center: autoDraw = True
166.4552 	EXP 	left: autoDraw = True
166.4552 	EXP 	right: autoDraw = True
166.4552 	EXP 	up: autoDraw = True
166.4552 	EXP 	down: autoDraw = True
166.4719 	EXP 	center: autoDraw = True
166.4719 	EXP 	left: autoDraw = True
166.4719 	EXP 	right: autoDraw = True
166.4719 	EXP 	up: autoDraw = True
166.4719 	EXP 	down: autoDraw = True
166.4878 	EXP 	center: autoDraw = True
166.4878 	EXP 	left: autoDraw = True
166.4878 	EXP 	right: autoDraw = True
166.4878 	EXP 	up: autoDraw = True
166.4878 	EXP 	down: autoDraw = True
166.5051 	EXP 	center: autoDraw = True
166.5051 	EXP 	left: autoDraw = True
166.5051 	EXP 	right: autoDraw = True
166.5051 	EXP 	up: autoDraw = True
166.5051 	EXP 	down: autoDraw = True
166.5221 	EXP 	center: autoDraw = True
166.5221 	EXP 	left: autoDraw = True
166.5221 	EXP 	right: autoDraw = True
166.5221 	EXP 	up: autoDraw = True
166.5221 	EXP 	down: autoDraw = True
166.5386 	EXP 	center: autoDraw = True
166.5386 	EXP 	left: autoDraw = True
166.5386 	EXP 	right: autoDraw = True
166.5386 	EXP 	up: autoDraw = True
166.5386 	EXP 	down: autoDraw = True
166.5554 	EXP 	center: autoDraw = True
166.5554 	EXP 	left: autoDraw = True
166.5554 	EXP 	right: autoDraw = True
166.5554 	EXP 	up: autoDraw = True
166.5554 	EXP 	down: autoDraw = True
166.5718 	EXP 	center: autoDraw = True
166.5718 	EXP 	left: autoDraw = True
166.5718 	EXP 	right: autoDraw = True
166.5718 	EXP 	up: autoDraw = True
166.5718 	EXP 	down: autoDraw = True
166.5886 	EXP 	center: autoDraw = True
166.5886 	EXP 	left: autoDraw = True
166.5886 	EXP 	right: autoDraw = True
166.5886 	EXP 	up: autoDraw = True
166.5886 	EXP 	down: autoDraw = True
166.6053 	EXP 	center: autoDraw = True
166.6053 	EXP 	left: autoDraw = True
166.6053 	EXP 	right: autoDraw = True
166.6053 	EXP 	up: autoDraw = True
166.6053 	EXP 	down: autoDraw = True
166.6220 	EXP 	center: autoDraw = True
166.6220 	EXP 	left: autoDraw = True
166.6220 	EXP 	right: autoDraw = True
166.6220 	EXP 	up: autoDraw = True
166.6220 	EXP 	down: autoDraw = True
166.6388 	EXP 	center: autoDraw = True
166.6388 	EXP 	left: autoDraw = True
166.6388 	EXP 	right: autoDraw = True
166.6388 	EXP 	up: autoDraw = True
166.6388 	EXP 	down: autoDraw = True
166.6551 	EXP 	center: autoDraw = True
166.6551 	EXP 	left: autoDraw = True
166.6551 	EXP 	right: autoDraw = True
166.6551 	EXP 	up: autoDraw = True
166.6551 	EXP 	down: autoDraw = True
166.6719 	EXP 	center: autoDraw = True
166.6719 	EXP 	left: autoDraw = True
166.6719 	EXP 	right: autoDraw = True
166.6719 	EXP 	up: autoDraw = True
166.6719 	EXP 	down: autoDraw = True
166.6886 	EXP 	center: autoDraw = True
166.6886 	EXP 	left: autoDraw = True
166.6886 	EXP 	right: autoDraw = True
166.6886 	EXP 	up: autoDraw = True
166.6886 	EXP 	down: autoDraw = True
166.7054 	EXP 	center: autoDraw = True
166.7054 	EXP 	left: autoDraw = True
166.7054 	EXP 	right: autoDraw = True
166.7054 	EXP 	up: autoDraw = True
166.7054 	EXP 	down: autoDraw = True
166.7217 	EXP 	center: autoDraw = True
166.7217 	EXP 	left: autoDraw = True
166.7217 	EXP 	right: autoDraw = True
166.7217 	EXP 	up: autoDraw = True
166.7217 	EXP 	down: autoDraw = True
166.7386 	EXP 	center: autoDraw = True
166.7386 	EXP 	left: autoDraw = True
166.7386 	EXP 	right: autoDraw = True
166.7386 	EXP 	up: autoDraw = True
166.7386 	EXP 	down: autoDraw = True
166.7549 	EXP 	center: autoDraw = True
166.7549 	EXP 	left: autoDraw = True
166.7549 	EXP 	right: autoDraw = True
166.7549 	EXP 	up: autoDraw = True
166.7549 	EXP 	down: autoDraw = True
166.7717 	EXP 	center: autoDraw = True
166.7717 	EXP 	left: autoDraw = True
166.7717 	EXP 	right: autoDraw = True
166.7717 	EXP 	up: autoDraw = True
166.7717 	EXP 	down: autoDraw = True
166.7885 	EXP 	center: autoDraw = True
166.7885 	EXP 	left: autoDraw = True
166.7885 	EXP 	right: autoDraw = True
166.7885 	EXP 	up: autoDraw = True
166.7885 	EXP 	down: autoDraw = True
166.8052 	EXP 	center: autoDraw = True
166.8052 	EXP 	left: autoDraw = True
166.8052 	EXP 	right: autoDraw = True
166.8052 	EXP 	up: autoDraw = True
166.8052 	EXP 	down: autoDraw = True
166.8221 	EXP 	center: autoDraw = True
166.8221 	EXP 	left: autoDraw = True
166.8221 	EXP 	right: autoDraw = True
166.8221 	EXP 	up: autoDraw = True
166.8221 	EXP 	down: autoDraw = True
166.8385 	EXP 	center: autoDraw = True
166.8385 	EXP 	left: autoDraw = True
166.8385 	EXP 	right: autoDraw = True
166.8385 	EXP 	up: autoDraw = True
166.8385 	EXP 	down: autoDraw = True
166.8553 	EXP 	center: autoDraw = True
166.8553 	EXP 	left: autoDraw = True
166.8553 	EXP 	right: autoDraw = True
166.8553 	EXP 	up: autoDraw = True
166.8553 	EXP 	down: autoDraw = True
166.8712 	EXP 	center: autoDraw = True
166.8712 	EXP 	left: autoDraw = True
166.8712 	EXP 	right: autoDraw = True
166.8712 	EXP 	up: autoDraw = True
166.8712 	EXP 	down: autoDraw = True
166.8884 	EXP 	center: autoDraw = True
166.8884 	EXP 	left: autoDraw = True
166.8884 	EXP 	right: autoDraw = True
166.8884 	EXP 	up: autoDraw = True
166.8884 	EXP 	down: autoDraw = True
166.9053 	EXP 	center: autoDraw = True
166.9053 	EXP 	left: autoDraw = True
166.9053 	EXP 	right: autoDraw = True
166.9053 	EXP 	up: autoDraw = True
166.9053 	EXP 	down: autoDraw = True
166.9219 	EXP 	center: autoDraw = True
166.9219 	EXP 	left: autoDraw = True
166.9219 	EXP 	right: autoDraw = True
166.9219 	EXP 	up: autoDraw = True
166.9219 	EXP 	down: autoDraw = True
166.9386 	EXP 	center: autoDraw = True
166.9386 	EXP 	left: autoDraw = True
166.9386 	EXP 	right: autoDraw = True
166.9386 	EXP 	up: autoDraw = True
166.9386 	EXP 	down: autoDraw = True
166.9549 	EXP 	center: autoDraw = True
166.9549 	EXP 	left: autoDraw = True
166.9549 	EXP 	right: autoDraw = True
166.9549 	EXP 	up: autoDraw = True
166.9549 	EXP 	down: autoDraw = True
166.9719 	EXP 	center: autoDraw = True
166.9719 	EXP 	left: autoDraw = True
166.9719 	EXP 	right: autoDraw = True
166.9719 	EXP 	up: autoDraw = True
166.9719 	EXP 	down: autoDraw = True
166.9884 	EXP 	center: autoDraw = True
166.9884 	EXP 	left: autoDraw = True
166.9884 	EXP 	right: autoDraw = True
166.9884 	EXP 	up: autoDraw = True
166.9884 	EXP 	down: autoDraw = True
167.0052 	EXP 	center: autoDraw = True
167.0052 	EXP 	left: autoDraw = True
167.0052 	EXP 	right: autoDraw = True
167.0052 	EXP 	up: autoDraw = True
167.0052 	EXP 	down: autoDraw = True
167.0220 	EXP 	center: autoDraw = True
167.0220 	EXP 	left: autoDraw = True
167.0220 	EXP 	right: autoDraw = True
167.0220 	EXP 	up: autoDraw = True
167.0220 	EXP 	down: autoDraw = True
167.0387 	EXP 	center: autoDraw = True
167.0387 	EXP 	left: autoDraw = True
167.0387 	EXP 	right: autoDraw = True
167.0387 	EXP 	up: autoDraw = True
167.0387 	EXP 	down: autoDraw = True
167.0554 	EXP 	center: autoDraw = True
167.0554 	EXP 	left: autoDraw = True
167.0554 	EXP 	right: autoDraw = True
167.0554 	EXP 	up: autoDraw = True
167.0554 	EXP 	down: autoDraw = True
167.0718 	EXP 	center: autoDraw = True
167.0718 	EXP 	left: autoDraw = True
167.0718 	EXP 	right: autoDraw = True
167.0718 	EXP 	up: autoDraw = True
167.0718 	EXP 	down: autoDraw = True
167.0887 	EXP 	center: autoDraw = True
167.0887 	EXP 	left: autoDraw = True
167.0887 	EXP 	right: autoDraw = True
167.0887 	EXP 	up: autoDraw = True
167.0887 	EXP 	down: autoDraw = True
167.1051 	EXP 	center: autoDraw = True
167.1051 	EXP 	left: autoDraw = True
167.1051 	EXP 	right: autoDraw = True
167.1051 	EXP 	up: autoDraw = True
167.1051 	EXP 	down: autoDraw = True
167.1219 	EXP 	center: autoDraw = True
167.1219 	EXP 	left: autoDraw = True
167.1219 	EXP 	right: autoDraw = True
167.1219 	EXP 	up: autoDraw = True
167.1219 	EXP 	down: autoDraw = True
167.1381 	EXP 	center: autoDraw = True
167.1381 	EXP 	left: autoDraw = True
167.1381 	EXP 	right: autoDraw = True
167.1381 	EXP 	up: autoDraw = True
167.1381 	EXP 	down: autoDraw = True
167.1551 	EXP 	center: autoDraw = True
167.1551 	EXP 	left: autoDraw = True
167.1551 	EXP 	right: autoDraw = True
167.1551 	EXP 	up: autoDraw = True
167.1551 	EXP 	down: autoDraw = True
167.1720 	EXP 	center: autoDraw = True
167.1720 	EXP 	left: autoDraw = True
167.1720 	EXP 	right: autoDraw = True
167.1720 	EXP 	up: autoDraw = True
167.1720 	EXP 	down: autoDraw = True
167.1884 	EXP 	center: autoDraw = True
167.1884 	EXP 	left: autoDraw = True
167.1884 	EXP 	right: autoDraw = True
167.1884 	EXP 	up: autoDraw = True
167.1884 	EXP 	down: autoDraw = True
167.2052 	EXP 	center: autoDraw = True
167.2052 	EXP 	left: autoDraw = True
167.2052 	EXP 	right: autoDraw = True
167.2052 	EXP 	up: autoDraw = True
167.2052 	EXP 	down: autoDraw = True
167.2220 	EXP 	center: autoDraw = True
167.2220 	EXP 	left: autoDraw = True
167.2220 	EXP 	right: autoDraw = True
167.2220 	EXP 	up: autoDraw = True
167.2220 	EXP 	down: autoDraw = True
167.2384 	EXP 	center: autoDraw = True
167.2384 	EXP 	left: autoDraw = True
167.2384 	EXP 	right: autoDraw = True
167.2384 	EXP 	up: autoDraw = True
167.2384 	EXP 	down: autoDraw = True
167.2553 	EXP 	center: autoDraw = True
167.2553 	EXP 	left: autoDraw = True
167.2553 	EXP 	right: autoDraw = True
167.2553 	EXP 	up: autoDraw = True
167.2553 	EXP 	down: autoDraw = True
167.2717 	EXP 	center: autoDraw = True
167.2717 	EXP 	left: autoDraw = True
167.2717 	EXP 	right: autoDraw = True
167.2717 	EXP 	up: autoDraw = True
167.2717 	EXP 	down: autoDraw = True
167.2886 	EXP 	center: autoDraw = True
167.2886 	EXP 	left: autoDraw = True
167.2886 	EXP 	right: autoDraw = True
167.2886 	EXP 	up: autoDraw = True
167.2886 	EXP 	down: autoDraw = True
167.3054 	EXP 	center: autoDraw = True
167.3054 	EXP 	left: autoDraw = True
167.3054 	EXP 	right: autoDraw = True
167.3054 	EXP 	up: autoDraw = True
167.3054 	EXP 	down: autoDraw = True
167.3217 	EXP 	center: autoDraw = True
167.3217 	EXP 	left: autoDraw = True
167.3217 	EXP 	right: autoDraw = True
167.3217 	EXP 	up: autoDraw = True
167.3217 	EXP 	down: autoDraw = True
167.3386 	EXP 	center: autoDraw = True
167.3386 	EXP 	left: autoDraw = True
167.3386 	EXP 	right: autoDraw = True
167.3386 	EXP 	up: autoDraw = True
167.3386 	EXP 	down: autoDraw = True
167.3553 	EXP 	center: autoDraw = True
167.3553 	EXP 	left: autoDraw = True
167.3553 	EXP 	right: autoDraw = True
167.3553 	EXP 	up: autoDraw = True
167.3553 	EXP 	down: autoDraw = True
167.3715 	EXP 	center: autoDraw = True
167.3715 	EXP 	left: autoDraw = True
167.3715 	EXP 	right: autoDraw = True
167.3715 	EXP 	up: autoDraw = True
167.3715 	EXP 	down: autoDraw = True
167.3885 	EXP 	center: autoDraw = True
167.3885 	EXP 	left: autoDraw = True
167.3885 	EXP 	right: autoDraw = True
167.3885 	EXP 	up: autoDraw = True
167.3885 	EXP 	down: autoDraw = True
167.4051 	EXP 	center: autoDraw = True
167.4051 	EXP 	left: autoDraw = True
167.4051 	EXP 	right: autoDraw = True
167.4051 	EXP 	up: autoDraw = True
167.4051 	EXP 	down: autoDraw = True
167.4218 	EXP 	center: autoDraw = True
167.4218 	EXP 	left: autoDraw = True
167.4218 	EXP 	right: autoDraw = True
167.4218 	EXP 	up: autoDraw = True
167.4218 	EXP 	down: autoDraw = True
167.4385 	EXP 	center: autoDraw = True
167.4385 	EXP 	left: autoDraw = True
167.4385 	EXP 	right: autoDraw = True
167.4385 	EXP 	up: autoDraw = True
167.4385 	EXP 	down: autoDraw = True
167.4554 	EXP 	center: autoDraw = True
167.4554 	EXP 	left: autoDraw = True
167.4554 	EXP 	right: autoDraw = True
167.4554 	EXP 	up: autoDraw = True
167.4554 	EXP 	down: autoDraw = True
167.4714 	EXP 	center: autoDraw = True
167.4714 	EXP 	left: autoDraw = True
167.4714 	EXP 	right: autoDraw = True
167.4714 	EXP 	up: autoDraw = True
167.4714 	EXP 	down: autoDraw = True
167.4885 	EXP 	center: autoDraw = True
167.4885 	EXP 	left: autoDraw = True
167.4885 	EXP 	right: autoDraw = True
167.4885 	EXP 	up: autoDraw = True
167.4885 	EXP 	down: autoDraw = True
167.5053 	EXP 	center: autoDraw = True
167.5053 	EXP 	left: autoDraw = True
167.5053 	EXP 	right: autoDraw = True
167.5053 	EXP 	up: autoDraw = True
167.5053 	EXP 	down: autoDraw = True
167.5218 	EXP 	center: autoDraw = True
167.5218 	EXP 	left: autoDraw = True
167.5218 	EXP 	right: autoDraw = True
167.5218 	EXP 	up: autoDraw = True
167.5218 	EXP 	down: autoDraw = True
167.5386 	EXP 	center: autoDraw = True
167.5386 	EXP 	left: autoDraw = True
167.5386 	EXP 	right: autoDraw = True
167.5386 	EXP 	up: autoDraw = True
167.5386 	EXP 	down: autoDraw = True
167.5552 	EXP 	center: autoDraw = True
167.5552 	EXP 	left: autoDraw = True
167.5552 	EXP 	right: autoDraw = True
167.5552 	EXP 	up: autoDraw = True
167.5552 	EXP 	down: autoDraw = True
167.5720 	EXP 	center: autoDraw = True
167.5720 	EXP 	left: autoDraw = True
167.5720 	EXP 	right: autoDraw = True
167.5720 	EXP 	up: autoDraw = True
167.5720 	EXP 	down: autoDraw = True
167.5886 	EXP 	center: autoDraw = True
167.5886 	EXP 	left: autoDraw = True
167.5886 	EXP 	right: autoDraw = True
167.5886 	EXP 	up: autoDraw = True
167.5886 	EXP 	down: autoDraw = True
167.6050 	EXP 	center: autoDraw = True
167.6050 	EXP 	left: autoDraw = True
167.6050 	EXP 	right: autoDraw = True
167.6050 	EXP 	up: autoDraw = True
167.6050 	EXP 	down: autoDraw = True
167.6218 	EXP 	center: autoDraw = True
167.6218 	EXP 	left: autoDraw = True
167.6218 	EXP 	right: autoDraw = True
167.6218 	EXP 	up: autoDraw = True
167.6218 	EXP 	down: autoDraw = True
167.6385 	EXP 	center: autoDraw = True
167.6385 	EXP 	left: autoDraw = True
167.6385 	EXP 	right: autoDraw = True
167.6385 	EXP 	up: autoDraw = True
167.6385 	EXP 	down: autoDraw = True
167.6552 	EXP 	center: autoDraw = True
167.6552 	EXP 	left: autoDraw = True
167.6552 	EXP 	right: autoDraw = True
167.6552 	EXP 	up: autoDraw = True
167.6552 	EXP 	down: autoDraw = True
167.6718 	EXP 	center: autoDraw = True
167.6718 	EXP 	left: autoDraw = True
167.6718 	EXP 	right: autoDraw = True
167.6718 	EXP 	up: autoDraw = True
167.6718 	EXP 	down: autoDraw = True
167.6885 	EXP 	center: autoDraw = True
167.6885 	EXP 	left: autoDraw = True
167.6885 	EXP 	right: autoDraw = True
167.6885 	EXP 	up: autoDraw = True
167.6885 	EXP 	down: autoDraw = True
167.7052 	EXP 	center: autoDraw = True
167.7052 	EXP 	left: autoDraw = True
167.7052 	EXP 	right: autoDraw = True
167.7052 	EXP 	up: autoDraw = True
167.7052 	EXP 	down: autoDraw = True
167.7221 	EXP 	center: autoDraw = True
167.7221 	EXP 	left: autoDraw = True
167.7221 	EXP 	right: autoDraw = True
167.7221 	EXP 	up: autoDraw = True
167.7221 	EXP 	down: autoDraw = True
167.7383 	EXP 	center: autoDraw = True
167.7383 	EXP 	left: autoDraw = True
167.7383 	EXP 	right: autoDraw = True
167.7383 	EXP 	up: autoDraw = True
167.7383 	EXP 	down: autoDraw = True
167.7552 	EXP 	center: autoDraw = True
167.7552 	EXP 	left: autoDraw = True
167.7552 	EXP 	right: autoDraw = True
167.7552 	EXP 	up: autoDraw = True
167.7552 	EXP 	down: autoDraw = True
167.7719 	EXP 	center: autoDraw = True
167.7719 	EXP 	left: autoDraw = True
167.7719 	EXP 	right: autoDraw = True
167.7719 	EXP 	up: autoDraw = True
167.7719 	EXP 	down: autoDraw = True
167.7882 	EXP 	center: autoDraw = True
167.7882 	EXP 	left: autoDraw = True
167.7882 	EXP 	right: autoDraw = True
167.7882 	EXP 	up: autoDraw = True
167.7882 	EXP 	down: autoDraw = True
167.8052 	EXP 	center: autoDraw = True
167.8052 	EXP 	left: autoDraw = True
167.8052 	EXP 	right: autoDraw = True
167.8052 	EXP 	up: autoDraw = True
167.8052 	EXP 	down: autoDraw = True
167.8219 	EXP 	center: autoDraw = True
167.8219 	EXP 	left: autoDraw = True
167.8219 	EXP 	right: autoDraw = True
167.8219 	EXP 	up: autoDraw = True
167.8219 	EXP 	down: autoDraw = True
167.8383 	EXP 	center: autoDraw = True
167.8383 	EXP 	left: autoDraw = True
167.8383 	EXP 	right: autoDraw = True
167.8383 	EXP 	up: autoDraw = True
167.8383 	EXP 	down: autoDraw = True
167.8554 	EXP 	center: autoDraw = True
167.8554 	EXP 	left: autoDraw = True
167.8554 	EXP 	right: autoDraw = True
167.8554 	EXP 	up: autoDraw = True
167.8554 	EXP 	down: autoDraw = True
167.8716 	EXP 	center: autoDraw = True
167.8716 	EXP 	left: autoDraw = True
167.8716 	EXP 	right: autoDraw = True
167.8716 	EXP 	up: autoDraw = True
167.8716 	EXP 	down: autoDraw = True
167.8879 	EXP 	center: autoDraw = True
167.8879 	EXP 	left: autoDraw = True
167.8879 	EXP 	right: autoDraw = True
167.8879 	EXP 	up: autoDraw = True
167.8879 	EXP 	down: autoDraw = True
167.9054 	EXP 	center: autoDraw = True
167.9054 	EXP 	left: autoDraw = True
167.9054 	EXP 	right: autoDraw = True
167.9054 	EXP 	up: autoDraw = True
167.9054 	EXP 	down: autoDraw = True
167.9217 	EXP 	center: autoDraw = True
167.9217 	EXP 	left: autoDraw = True
167.9217 	EXP 	right: autoDraw = True
167.9217 	EXP 	up: autoDraw = True
167.9217 	EXP 	down: autoDraw = True
167.9386 	EXP 	center: autoDraw = True
167.9386 	EXP 	left: autoDraw = True
167.9386 	EXP 	right: autoDraw = True
167.9386 	EXP 	up: autoDraw = True
167.9386 	EXP 	down: autoDraw = True
167.9550 	EXP 	center: autoDraw = True
167.9550 	EXP 	left: autoDraw = True
167.9550 	EXP 	right: autoDraw = True
167.9550 	EXP 	up: autoDraw = True
167.9550 	EXP 	down: autoDraw = True
167.9717 	EXP 	center: autoDraw = True
167.9717 	EXP 	left: autoDraw = True
167.9717 	EXP 	right: autoDraw = True
167.9717 	EXP 	up: autoDraw = True
167.9717 	EXP 	down: autoDraw = True
167.9886 	EXP 	center: autoDraw = True
167.9886 	EXP 	left: autoDraw = True
167.9886 	EXP 	right: autoDraw = True
167.9886 	EXP 	up: autoDraw = True
167.9886 	EXP 	down: autoDraw = True
168.0050 	EXP 	center: autoDraw = True
168.0050 	EXP 	left: autoDraw = True
168.0050 	EXP 	right: autoDraw = True
168.0050 	EXP 	up: autoDraw = True
168.0050 	EXP 	down: autoDraw = True
168.0217 	EXP 	center: autoDraw = True
168.0217 	EXP 	left: autoDraw = True
168.0217 	EXP 	right: autoDraw = True
168.0217 	EXP 	up: autoDraw = True
168.0217 	EXP 	down: autoDraw = True
168.0384 	EXP 	center: autoDraw = True
168.0384 	EXP 	left: autoDraw = True
168.0384 	EXP 	right: autoDraw = True
168.0384 	EXP 	up: autoDraw = True
168.0384 	EXP 	down: autoDraw = True
168.0551 	EXP 	center: autoDraw = True
168.0551 	EXP 	left: autoDraw = True
168.0551 	EXP 	right: autoDraw = True
168.0551 	EXP 	up: autoDraw = True
168.0551 	EXP 	down: autoDraw = True
168.0720 	EXP 	center: autoDraw = True
168.0720 	EXP 	left: autoDraw = True
168.0720 	EXP 	right: autoDraw = True
168.0720 	EXP 	up: autoDraw = True
168.0720 	EXP 	down: autoDraw = True
168.0884 	EXP 	center: autoDraw = True
168.0884 	EXP 	left: autoDraw = True
168.0884 	EXP 	right: autoDraw = True
168.0884 	EXP 	up: autoDraw = True
168.0884 	EXP 	down: autoDraw = True
168.1052 	EXP 	center: autoDraw = True
168.1052 	EXP 	left: autoDraw = True
168.1052 	EXP 	right: autoDraw = True
168.1052 	EXP 	up: autoDraw = True
168.1052 	EXP 	down: autoDraw = True
168.1219 	EXP 	center: autoDraw = True
168.1219 	EXP 	left: autoDraw = True
168.1219 	EXP 	right: autoDraw = True
168.1219 	EXP 	up: autoDraw = True
168.1219 	EXP 	down: autoDraw = True
168.1384 	EXP 	center: autoDraw = True
168.1384 	EXP 	left: autoDraw = True
168.1384 	EXP 	right: autoDraw = True
168.1384 	EXP 	up: autoDraw = True
168.1384 	EXP 	down: autoDraw = True
168.1551 	EXP 	center: autoDraw = True
168.1551 	EXP 	left: autoDraw = True
168.1551 	EXP 	right: autoDraw = True
168.1551 	EXP 	up: autoDraw = True
168.1551 	EXP 	down: autoDraw = True
168.1712 	EXP 	center: autoDraw = True
168.1712 	EXP 	left: autoDraw = True
168.1712 	EXP 	right: autoDraw = True
168.1712 	EXP 	up: autoDraw = True
168.1712 	EXP 	down: autoDraw = True
168.1883 	EXP 	center: autoDraw = True
168.1883 	EXP 	left: autoDraw = True
168.1883 	EXP 	right: autoDraw = True
168.1883 	EXP 	up: autoDraw = True
168.1883 	EXP 	down: autoDraw = True
168.2052 	EXP 	center: autoDraw = True
168.2052 	EXP 	left: autoDraw = True
168.2052 	EXP 	right: autoDraw = True
168.2052 	EXP 	up: autoDraw = True
168.2052 	EXP 	down: autoDraw = True
168.2221 	EXP 	center: autoDraw = True
168.2221 	EXP 	left: autoDraw = True
168.2221 	EXP 	right: autoDraw = True
168.2221 	EXP 	up: autoDraw = True
168.2221 	EXP 	down: autoDraw = True
168.2384 	EXP 	center: autoDraw = True
168.2384 	EXP 	left: autoDraw = True
168.2384 	EXP 	right: autoDraw = True
168.2384 	EXP 	up: autoDraw = True
168.2384 	EXP 	down: autoDraw = True
168.2553 	EXP 	center: autoDraw = True
168.2553 	EXP 	left: autoDraw = True
168.2553 	EXP 	right: autoDraw = True
168.2553 	EXP 	up: autoDraw = True
168.2553 	EXP 	down: autoDraw = True
168.2717 	EXP 	center: autoDraw = True
168.2717 	EXP 	left: autoDraw = True
168.2717 	EXP 	right: autoDraw = True
168.2717 	EXP 	up: autoDraw = True
168.2717 	EXP 	down: autoDraw = True
168.2887 	EXP 	center: autoDraw = True
168.2887 	EXP 	left: autoDraw = True
168.2887 	EXP 	right: autoDraw = True
168.2887 	EXP 	up: autoDraw = True
168.2887 	EXP 	down: autoDraw = True
168.3050 	EXP 	center: autoDraw = True
168.3050 	EXP 	left: autoDraw = True
168.3050 	EXP 	right: autoDraw = True
168.3050 	EXP 	up: autoDraw = True
168.3050 	EXP 	down: autoDraw = True
168.3218 	EXP 	center: autoDraw = True
168.3218 	EXP 	left: autoDraw = True
168.3218 	EXP 	right: autoDraw = True
168.3218 	EXP 	up: autoDraw = True
168.3218 	EXP 	down: autoDraw = True
168.3386 	EXP 	center: autoDraw = True
168.3386 	EXP 	left: autoDraw = True
168.3386 	EXP 	right: autoDraw = True
168.3386 	EXP 	up: autoDraw = True
168.3386 	EXP 	down: autoDraw = True
168.3550 	EXP 	center: autoDraw = True
168.3550 	EXP 	left: autoDraw = True
168.3550 	EXP 	right: autoDraw = True
168.3550 	EXP 	up: autoDraw = True
168.3550 	EXP 	down: autoDraw = True
168.3711 	EXP 	center: autoDraw = True
168.3711 	EXP 	left: autoDraw = True
168.3711 	EXP 	right: autoDraw = True
168.3711 	EXP 	up: autoDraw = True
168.3711 	EXP 	down: autoDraw = True
168.3883 	EXP 	center: autoDraw = True
168.3883 	EXP 	left: autoDraw = True
168.3883 	EXP 	right: autoDraw = True
168.3883 	EXP 	up: autoDraw = True
168.3883 	EXP 	down: autoDraw = True
168.4051 	EXP 	center: autoDraw = True
168.4051 	EXP 	left: autoDraw = True
168.4051 	EXP 	right: autoDraw = True
168.4051 	EXP 	up: autoDraw = True
168.4051 	EXP 	down: autoDraw = True
168.4218 	EXP 	center: autoDraw = True
168.4218 	EXP 	left: autoDraw = True
168.4218 	EXP 	right: autoDraw = True
168.4218 	EXP 	up: autoDraw = True
168.4218 	EXP 	down: autoDraw = True
168.4383 	EXP 	center: autoDraw = True
168.4383 	EXP 	left: autoDraw = True
168.4383 	EXP 	right: autoDraw = True
168.4383 	EXP 	up: autoDraw = True
168.4383 	EXP 	down: autoDraw = True
168.4551 	EXP 	center: autoDraw = True
168.4551 	EXP 	left: autoDraw = True
168.4551 	EXP 	right: autoDraw = True
168.4551 	EXP 	up: autoDraw = True
168.4551 	EXP 	down: autoDraw = True
168.4719 	EXP 	center: autoDraw = True
168.4719 	EXP 	left: autoDraw = True
168.4719 	EXP 	right: autoDraw = True
168.4719 	EXP 	up: autoDraw = True
168.4719 	EXP 	down: autoDraw = True
168.4887 	EXP 	center: autoDraw = True
168.4887 	EXP 	left: autoDraw = True
168.4887 	EXP 	right: autoDraw = True
168.4887 	EXP 	up: autoDraw = True
168.4887 	EXP 	down: autoDraw = True
168.5050 	EXP 	center: autoDraw = True
168.5050 	EXP 	left: autoDraw = True
168.5050 	EXP 	right: autoDraw = True
168.5050 	EXP 	up: autoDraw = True
168.5050 	EXP 	down: autoDraw = True
168.5219 	EXP 	center: autoDraw = True
168.5219 	EXP 	left: autoDraw = True
168.5219 	EXP 	right: autoDraw = True
168.5219 	EXP 	up: autoDraw = True
168.5219 	EXP 	down: autoDraw = True
168.5382 	EXP 	center: autoDraw = True
168.5382 	EXP 	left: autoDraw = True
168.5382 	EXP 	right: autoDraw = True
168.5382 	EXP 	up: autoDraw = True
168.5382 	EXP 	down: autoDraw = True
168.5545 	EXP 	center: autoDraw = True
168.5545 	EXP 	left: autoDraw = True
168.5545 	EXP 	right: autoDraw = True
168.5545 	EXP 	up: autoDraw = True
168.5545 	EXP 	down: autoDraw = True
168.5716 	EXP 	center: autoDraw = True
168.5716 	EXP 	left: autoDraw = True
168.5716 	EXP 	right: autoDraw = True
168.5716 	EXP 	up: autoDraw = True
168.5716 	EXP 	down: autoDraw = True
168.5885 	EXP 	center: autoDraw = True
168.5885 	EXP 	left: autoDraw = True
168.5885 	EXP 	right: autoDraw = True
168.5885 	EXP 	up: autoDraw = True
168.5885 	EXP 	down: autoDraw = True
168.6052 	EXP 	center: autoDraw = True
168.6052 	EXP 	left: autoDraw = True
168.6052 	EXP 	right: autoDraw = True
168.6052 	EXP 	up: autoDraw = True
168.6052 	EXP 	down: autoDraw = True
168.6216 	EXP 	center: autoDraw = True
168.6216 	EXP 	left: autoDraw = True
168.6216 	EXP 	right: autoDraw = True
168.6216 	EXP 	up: autoDraw = True
168.6216 	EXP 	down: autoDraw = True
168.6386 	EXP 	center: autoDraw = True
168.6386 	EXP 	left: autoDraw = True
168.6386 	EXP 	right: autoDraw = True
168.6386 	EXP 	up: autoDraw = True
168.6386 	EXP 	down: autoDraw = True
168.6550 	EXP 	center: autoDraw = True
168.6550 	EXP 	left: autoDraw = True
168.6550 	EXP 	right: autoDraw = True
168.6550 	EXP 	up: autoDraw = True
168.6550 	EXP 	down: autoDraw = True
168.6717 	EXP 	center: autoDraw = True
168.6717 	EXP 	left: autoDraw = True
168.6717 	EXP 	right: autoDraw = True
168.6717 	EXP 	up: autoDraw = True
168.6717 	EXP 	down: autoDraw = True
168.6885 	EXP 	center: autoDraw = True
168.6885 	EXP 	left: autoDraw = True
168.6885 	EXP 	right: autoDraw = True
168.6885 	EXP 	up: autoDraw = True
168.6885 	EXP 	down: autoDraw = True
168.7053 	EXP 	center: autoDraw = True
168.7053 	EXP 	left: autoDraw = True
168.7053 	EXP 	right: autoDraw = True
168.7053 	EXP 	up: autoDraw = True
168.7053 	EXP 	down: autoDraw = True
168.7216 	EXP 	center: autoDraw = True
168.7216 	EXP 	left: autoDraw = True
168.7216 	EXP 	right: autoDraw = True
168.7216 	EXP 	up: autoDraw = True
168.7216 	EXP 	down: autoDraw = True
168.7384 	EXP 	center: autoDraw = True
168.7384 	EXP 	left: autoDraw = True
168.7384 	EXP 	right: autoDraw = True
168.7384 	EXP 	up: autoDraw = True
168.7384 	EXP 	down: autoDraw = True
168.7552 	EXP 	center: autoDraw = True
168.7552 	EXP 	left: autoDraw = True
168.7552 	EXP 	right: autoDraw = True
168.7552 	EXP 	up: autoDraw = True
168.7552 	EXP 	down: autoDraw = True
168.7716 	EXP 	center: autoDraw = True
168.7716 	EXP 	left: autoDraw = True
168.7716 	EXP 	right: autoDraw = True
168.7716 	EXP 	up: autoDraw = True
168.7716 	EXP 	down: autoDraw = True
168.7886 	EXP 	center: autoDraw = True
168.7886 	EXP 	left: autoDraw = True
168.7886 	EXP 	right: autoDraw = True
168.7886 	EXP 	up: autoDraw = True
168.7886 	EXP 	down: autoDraw = True
168.8051 	EXP 	center: autoDraw = True
168.8051 	EXP 	left: autoDraw = True
168.8051 	EXP 	right: autoDraw = True
168.8051 	EXP 	up: autoDraw = True
168.8051 	EXP 	down: autoDraw = True
168.8214 	EXP 	center: autoDraw = True
168.8214 	EXP 	left: autoDraw = True
168.8214 	EXP 	right: autoDraw = True
168.8214 	EXP 	up: autoDraw = True
168.8214 	EXP 	down: autoDraw = True
168.8384 	EXP 	center: autoDraw = True
168.8384 	EXP 	left: autoDraw = True
168.8384 	EXP 	right: autoDraw = True
168.8384 	EXP 	up: autoDraw = True
168.8384 	EXP 	down: autoDraw = True
168.8552 	EXP 	center: autoDraw = True
168.8552 	EXP 	left: autoDraw = True
168.8552 	EXP 	right: autoDraw = True
168.8552 	EXP 	up: autoDraw = True
168.8552 	EXP 	down: autoDraw = True
168.8716 	EXP 	center: autoDraw = True
168.8716 	EXP 	left: autoDraw = True
168.8716 	EXP 	right: autoDraw = True
168.8716 	EXP 	up: autoDraw = True
168.8716 	EXP 	down: autoDraw = True
168.8886 	EXP 	center: autoDraw = True
168.8886 	EXP 	left: autoDraw = True
168.8886 	EXP 	right: autoDraw = True
168.8886 	EXP 	up: autoDraw = True
168.8886 	EXP 	down: autoDraw = True
168.9050 	EXP 	center: autoDraw = True
168.9050 	EXP 	left: autoDraw = True
168.9050 	EXP 	right: autoDraw = True
168.9050 	EXP 	up: autoDraw = True
168.9050 	EXP 	down: autoDraw = True
168.9218 	EXP 	center: autoDraw = True
168.9218 	EXP 	left: autoDraw = True
168.9218 	EXP 	right: autoDraw = True
168.9218 	EXP 	up: autoDraw = True
168.9218 	EXP 	down: autoDraw = True
168.9376 	EXP 	center: autoDraw = True
168.9376 	EXP 	left: autoDraw = True
168.9376 	EXP 	right: autoDraw = True
168.9376 	EXP 	up: autoDraw = True
168.9376 	EXP 	down: autoDraw = True
168.9549 	EXP 	center: autoDraw = True
168.9549 	EXP 	left: autoDraw = True
168.9549 	EXP 	right: autoDraw = True
168.9549 	EXP 	up: autoDraw = True
168.9549 	EXP 	down: autoDraw = True
168.9717 	EXP 	center: autoDraw = True
168.9717 	EXP 	left: autoDraw = True
168.9717 	EXP 	right: autoDraw = True
168.9717 	EXP 	up: autoDraw = True
168.9717 	EXP 	down: autoDraw = True
168.9885 	EXP 	center: autoDraw = True
168.9885 	EXP 	left: autoDraw = True
168.9885 	EXP 	right: autoDraw = True
168.9885 	EXP 	up: autoDraw = True
168.9885 	EXP 	down: autoDraw = True
169.0052 	EXP 	center: autoDraw = True
169.0052 	EXP 	left: autoDraw = True
169.0052 	EXP 	right: autoDraw = True
169.0052 	EXP 	up: autoDraw = True
169.0052 	EXP 	down: autoDraw = True
169.0216 	EXP 	center: autoDraw = True
169.0216 	EXP 	left: autoDraw = True
169.0216 	EXP 	right: autoDraw = True
169.0216 	EXP 	up: autoDraw = True
169.0216 	EXP 	down: autoDraw = True
169.0382 	EXP 	center: autoDraw = True
169.0382 	EXP 	left: autoDraw = True
169.0382 	EXP 	right: autoDraw = True
169.0382 	EXP 	up: autoDraw = True
169.0382 	EXP 	down: autoDraw = True
169.0382 	EXP 	center: autoDraw = False
169.0382 	EXP 	left: autoDraw = False
169.0382 	EXP 	right: autoDraw = False
169.0382 	EXP 	up: autoDraw = False
169.0382 	EXP 	down: autoDraw = False
169.0550 	EXP 	center: autoDraw = True
169.0550 	EXP 	left: autoDraw = True
169.0550 	EXP 	right: autoDraw = True
169.0550 	EXP 	up: autoDraw = True
169.0550 	EXP 	down: autoDraw = True
169.0550 	EXP 	center: autoDraw = False
169.0550 	EXP 	left: autoDraw = False
169.0550 	EXP 	right: autoDraw = False
169.0550 	EXP 	up: autoDraw = False
169.0550 	EXP 	down: autoDraw = False
169.0716 	EXP 	center: autoDraw = True
169.0716 	EXP 	left: autoDraw = True
169.0716 	EXP 	right: autoDraw = True
169.0716 	EXP 	up: autoDraw = True
169.0716 	EXP 	down: autoDraw = True
169.0716 	EXP 	center: autoDraw = False
169.0716 	EXP 	left: autoDraw = False
169.0716 	EXP 	right: autoDraw = False
169.0716 	EXP 	up: autoDraw = False
169.0716 	EXP 	down: autoDraw = False
169.0882 	EXP 	center: autoDraw = True
169.0882 	EXP 	left: autoDraw = True
169.0882 	EXP 	right: autoDraw = True
169.0882 	EXP 	up: autoDraw = True
169.0882 	EXP 	down: autoDraw = True
169.0882 	EXP 	center: autoDraw = False
169.0882 	EXP 	left: autoDraw = False
169.0882 	EXP 	right: autoDraw = False
169.0882 	EXP 	up: autoDraw = False
169.0882 	EXP 	down: autoDraw = False
169.1049 	EXP 	center: autoDraw = True
169.1049 	EXP 	left: autoDraw = True
169.1049 	EXP 	right: autoDraw = True
169.1049 	EXP 	up: autoDraw = True
169.1049 	EXP 	down: autoDraw = True
169.1049 	EXP 	center: autoDraw = False
169.1049 	EXP 	left: autoDraw = False
169.1049 	EXP 	right: autoDraw = False
169.1049 	EXP 	up: autoDraw = False
169.1049 	EXP 	down: autoDraw = False
169.1215 	EXP 	center: autoDraw = True
169.1215 	EXP 	left: autoDraw = True
169.1215 	EXP 	right: autoDraw = True
169.1215 	EXP 	up: autoDraw = True
169.1215 	EXP 	down: autoDraw = True
169.1215 	EXP 	center: autoDraw = False
169.1215 	EXP 	left: autoDraw = False
169.1215 	EXP 	right: autoDraw = False
169.1215 	EXP 	up: autoDraw = False
169.1215 	EXP 	down: autoDraw = False
169.1383 	EXP 	center: autoDraw = True
169.1383 	EXP 	left: autoDraw = True
169.1383 	EXP 	right: autoDraw = True
169.1383 	EXP 	up: autoDraw = True
169.1383 	EXP 	down: autoDraw = True
169.1383 	EXP 	center: autoDraw = False
169.1383 	EXP 	left: autoDraw = False
169.1383 	EXP 	right: autoDraw = False
169.1383 	EXP 	up: autoDraw = False
169.1383 	EXP 	down: autoDraw = False
169.1549 	EXP 	center: autoDraw = True
169.1549 	EXP 	left: autoDraw = True
169.1549 	EXP 	right: autoDraw = True
169.1549 	EXP 	up: autoDraw = True
169.1549 	EXP 	down: autoDraw = True
169.1549 	EXP 	center: autoDraw = False
169.1549 	EXP 	left: autoDraw = False
169.1549 	EXP 	right: autoDraw = False
169.1549 	EXP 	up: autoDraw = False
169.1549 	EXP 	down: autoDraw = False
169.1715 	EXP 	center: autoDraw = True
169.1715 	EXP 	left: autoDraw = True
169.1715 	EXP 	right: autoDraw = True
169.1715 	EXP 	up: autoDraw = True
169.1715 	EXP 	down: autoDraw = True
169.1715 	EXP 	center: autoDraw = False
169.1715 	EXP 	left: autoDraw = False
169.1715 	EXP 	right: autoDraw = False
169.1715 	EXP 	up: autoDraw = False
169.1715 	EXP 	down: autoDraw = False
169.1784 	DATA 	bliE | frame count: 850
169.1882 	EXP 	center: autoDraw = True
169.1882 	EXP 	left: autoDraw = True
169.1882 	EXP 	right: autoDraw = True
169.1882 	EXP 	up: autoDraw = True
169.1882 	EXP 	down: autoDraw = True
169.1882 	EXP 	center: autoDraw = False
169.1882 	EXP 	left: autoDraw = False
169.1882 	EXP 	right: autoDraw = False
169.1882 	EXP 	up: autoDraw = False
169.1882 	EXP 	down: autoDraw = False
169.1882 	EXP 	esc: autoDraw = True
170.1838 	DATA 	endE | frame count: 60
170.9988 	EXP 	window1: mouseVisible = True
